--------- beginning of main
07-15 05:12:14.464  5646  5674 I vision.svplaye:   at boolean retrofit2.Reflection$Android24.isDefaultMethod(java.lang.reflect.Method) (Reflection.java:76)
07-15 05:12:14.464  5646  5674 I vision.svplaye:   at java.lang.Object retrofit2.Retrofit$1.invoke(java.lang.Object, java.lang.reflect.Method, java.lang.Object[]) (Retrofit.java:175)
07-15 05:12:14.464  5646  5674 I vision.svplaye:   at java.lang.Object java.lang.reflect.Proxy.invoke(java.lang.reflect.Proxy, java.lang.reflect.Method, java.lang.Object[]) (Proxy.java:1006)
07-15 05:12:14.464  5646  5674 I vision.svplaye:   at java.lang.Object com.smartvision.svplayer.data.diagnostics.DeviceDiagnosticsApiService.upsert(com.smartvision.svplayer.data.diagnostics.DeviceDiagnosticsRequest, kotlin.coroutines.Continuation) ((null):-1)
07-15 05:12:14.464  5646  5674 I vision.svplaye:   at java.lang.Object com.smartvision.svplayer.data.diagnostics.DeviceDiagnosticsReporter.report(java.lang.String, java.util.Map, kotlin.coroutines.Continuation) (DeviceDiagnosticsReporter.kt:45)
07-15 05:12:14.464  5646  5674 I vision.svplaye:   at java.lang.Object com.smartvision.svplayer.data.diagnostics.DeviceDiagnosticsReporter.access$report(com.smartvision.svplayer.data.diagnostics.DeviceDiagnosticsReporter, java.lang.String, java.util.Map, kotlin.coroutines.Continuation) (DeviceDiagnosticsReporter.kt:14)
07-15 05:12:14.464  5646  5674 I vision.svplaye:   at java.lang.Object com.smartvision.svplayer.data.diagnostics.DeviceDiagnosticsReporter$report$1.invokeSuspend(java.lang.Object) (DeviceDiagnosticsReporter.kt:-1)
07-15 05:12:14.464  5646  5674 I vision.svplaye:   at void kotlin.coroutines.jvm.internal.BaseContinuationImpl.resumeWith(java.lang.Object) (ContinuationImpl.kt:33)
07-15 05:12:14.464  5646  5674 I vision.svplaye:   at void kotlinx.coroutines.UndispatchedCoroutine.afterResume(java.lang.Object) (CoroutineContext.kt:266)
07-15 05:12:14.464  5646  5674 I vision.svplaye:   at void kotlinx.coroutines.AbstractCoroutine.resumeWith(java.lang.Object) (AbstractCoroutine.kt:101)
07-15 05:12:14.464  5646  5674 I vision.svplaye:   at void kotlin.coroutines.jvm.internal.BaseContinuationImpl.resumeWith(java.lang.Object) (ContinuationImpl.kt:46)
07-15 05:12:14.464  5646  5674 I vision.svplaye:   at void kotlinx.coroutines.DispatchedTask.run() (DispatchedTask.kt:100)
07-15 05:12:14.465  5646  5674 I vision.svplaye:   at void kotlinx.coroutines.internal.LimitedDispatcher$Worker.run() (LimitedDispatcher.kt:124)
07-15 05:12:14.465  5646  5674 I vision.svplaye:   at void kotlinx.coroutines.scheduling.TaskImpl.run() (Tasks.kt:89)
07-15 05:12:14.465  5646  5674 I vision.svplaye:   at void kotlinx.coroutines.scheduling.CoroutineScheduler.runSafely(kotlinx.coroutines.scheduling.Task) (CoroutineScheduler.kt:586)
07-15 05:12:14.465  5646  5674 I vision.svplaye:   at void kotlinx.coroutines.scheduling.CoroutineScheduler$Worker.executeTask(kotlinx.coroutines.scheduling.Task) (CoroutineScheduler.kt:820)
07-15 05:12:14.465  5646  5674 I vision.svplaye:   at void kotlinx.coroutines.scheduling.CoroutineScheduler$Worker.runWorker() (CoroutineScheduler.kt:717)
07-15 05:12:14.465  5646  5674 I vision.svplaye:   at void kotlinx.coroutines.scheduling.CoroutineScheduler$Worker.run() (CoroutineScheduler.kt:704)
07-15 05:12:14.465  5646  5674 I vision.svplaye: Caused by: java.lang.ClassNotFoundException: Didn't find class "java.lang.ClassValue" on path: DexPathList[[zip file "/data/app/com.smartvision.svplayer-m5AdElA8J1grfH2wgCVAOg==/base.apk"],nativeLibraryDirectories=[/data/app/com.smartvision.svplayer-m5AdElA8J1grfH2wgCVAOg==/lib/arm, /data/app/com.smartvision.svplayer-m5AdElA8J1grfH2wgCVAOg==/base.apk!/lib/armeabi-v7a, /system/lib]]
07-15 05:12:14.465  5646  5674 I vision.svplaye:   at java.lang.Class dalvik.system.BaseDexClassLoader.findClass(java.lang.String) (BaseDexClassLoader.java:134)
07-15 05:12:14.465  5646  5674 I vision.svplaye:   at java.lang.Class java.lang.ClassLoader.loadClass(java.lang.String, boolean) (ClassLoader.java:379)
07-15 05:12:14.468  5646  5674 I vision.svplaye:   at java.lang.Class java.lang.ClassLoader.loadClass(java.lang.String) (ClassLoader.java:312)
07-15 05:12:14.468  5646  5674 I vision.svplaye:   at boolean okio.NioSystemFileSystem$$ExternalSyntheticApiModelOutline0.m(java.lang.reflect.Method) (D8$$SyntheticClass:0)
07-15 05:12:14.468  5646  5674 I vision.svplaye:   at boolean retrofit2.Reflection$Android24.isDefaultMethod(java.lang.reflect.Method) (Reflection.java:76)
07-15 05:12:14.468  5646  5674 I vision.svplaye:   at java.lang.Object retrofit2.Retrofit$1.invoke(java.lang.Object, java.lang.reflect.Method, java.lang.Object[]) (Retrofit.java:175)
07-15 05:12:14.468  5646  5674 I vision.svplaye:   at java.lang.Object java.lang.reflect.Proxy.invoke(java.lang.reflect.Proxy, java.lang.reflect.Method, java.lang.Object[]) (Proxy.java:1006)
07-15 05:12:14.468  5646  5674 I vision.svplaye:   at java.lang.Object com.smartvision.svplayer.data.diagnostics.DeviceDiagnosticsApiService.upsert(com.smartvision.svplayer.data.diagnostics.DeviceDiagnosticsRequest, kotlin.coroutines.Continuation) ((null):-1)
07-15 05:12:14.468  5646  5674 I vision.svplaye:   at java.lang.Object com.smartvision.svplayer.data.diagnostics.DeviceDiagnosticsReporter.report(java.lang.String, java.util.Map, kotlin.coroutines.Continuation) (DeviceDiagnosticsReporter.kt:45)
07-15 05:12:14.468  5646  5674 I vision.svplaye:   at java.lang.Object com.smartvision.svplayer.data.diagnostics.DeviceDiagnosticsReporter.access$report(com.smartvision.svplayer.data.diagnostics.DeviceDiagnosticsReporter, java.lang.String, java.util.Map, kotlin.coroutines.Continuation) (DeviceDiagnosticsReporter.kt:14)
07-15 05:12:14.468  5646  5674 I vision.svplaye:   at java.lang.Object com.smartvision.svplayer.data.diagnostics.DeviceDiagnosticsReporter$report$1.invokeSuspend(java.lang.Object) (DeviceDiagnosticsReporter.kt:-1)
07-15 05:12:14.468  5646  5674 I vision.svplaye:   at void kotlin.coroutines.jvm.internal.BaseContinuationImpl.resumeWith(java.lang.Object) (ContinuationImpl.kt:33)
07-15 05:12:14.468  5646  5674 I vision.svplaye:   at void kotlinx.coroutines.UndispatchedCoroutine.afterResume(java.lang.Object) (CoroutineContext.kt:266)
07-15 05:12:14.468  5646  5674 I vision.svplaye:   at void kotlinx.coroutines.AbstractCoroutine.resumeWith(java.lang.Object) (AbstractCoroutine.kt:101)
07-15 05:12:14.468  5646  5674 I vision.svplaye:   at void kotlin.coroutines.jvm.internal.BaseContinuationImpl.resumeWith(java.lang.Object) (ContinuationImpl.kt:46)
07-15 05:12:14.468  5646  5674 I vision.svplaye:   at void kotlinx.coroutines.DispatchedTask.run() (DispatchedTask.kt:100)
07-15 05:12:14.468  5646  5674 I vision.svplaye:   at void kotlinx.coroutines.internal.LimitedDispatcher$Worker.run() (LimitedDispatcher.kt:124)
07-15 05:12:14.468  5646  5674 I vision.svplaye:   at void kotlinx.coroutines.scheduling.TaskImpl.run() (Tasks.kt:89)
07-15 05:12:14.468  5646  5674 I vision.svplaye:   at void kotlinx.coroutines.scheduling.CoroutineScheduler.runSafely(kotlinx.coroutines.scheduling.Task) (CoroutineScheduler.kt:586)
07-15 05:12:14.468  5646  5674 I vision.svplaye:   at void kotlinx.coroutines.scheduling.CoroutineScheduler$Worker.executeTask(kotlinx.coroutines.scheduling.Task) (CoroutineScheduler.kt:820)
07-15 05:12:14.468  5646  5674 I vision.svplaye:   at void kotlinx.coroutines.scheduling.CoroutineScheduler$Worker.runWorker() (CoroutineScheduler.kt:717)
07-15 05:12:14.468  5646  5674 I vision.svplaye:   at void kotlinx.coroutines.scheduling.CoroutineScheduler$Worker.run() (CoroutineScheduler.kt:704)
07-15 05:12:14.468  5646  5674 I vision.svplaye: 
07-15 05:12:14.469  5646  5674 I vision.svplaye: Rejecting re-init on previously-failed class java.lang.Class<kotlinx.coroutines.internal.ClassValueCtorCache$cache$1>: java.lang.NoClassDefFoundError: Failed resolution of: Ljava/lang/ClassValue;
07-15 05:12:14.469  5646  5674 I vision.svplaye:   at boolean okio.NioSystemFileSystem$$ExternalSyntheticApiModelOutline0.m(java.lang.reflect.Method) (D8$$SyntheticClass:0)
07-15 05:12:14.469  5646  5674 I vision.svplaye:   at boolean retrofit2.Reflection$Android24.isDefaultMethod(java.lang.reflect.Method) (Reflection.java:76)
07-15 05:12:14.469  5646  5674 I vision.svplaye:   at java.lang.Object retrofit2.Retrofit$1.invoke(java.lang.Object, java.lang.reflect.Method, java.lang.Object[]) (Retrofit.java:175)
07-15 05:12:14.469  5646  5674 I vision.svplaye:   at java.lang.Object java.lang.reflect.Proxy.invoke(java.lang.reflect.Proxy, java.lang.reflect.Method, java.lang.Object[]) (Proxy.java:1006)
07-15 05:12:14.469  5646  5674 I vision.svplaye:   at java.lang.Object com.smartvision.svplayer.data.diagnostics.DeviceDiagnosticsApiService.upsert(com.smartvision.svplayer.data.diagnostics.DeviceDiagnosticsRequest, kotlin.coroutines.Continuation) ((null):-1)
07-15 05:12:14.469  5646  5674 I vision.svplaye:   at java.lang.Object com.smartvision.svplayer.data.diagnostics.DeviceDiagnosticsReporter.report(java.lang.String, java.util.Map, kotlin.coroutines.Continuation) (DeviceDiagnosticsReporter.kt:45)
07-15 05:12:14.469  5646  5674 I vision.svplaye:   at java.lang.Object com.smartvision.svplayer.data.diagnostics.DeviceDiagnosticsReporter.access$report(com.smartvision.svplayer.data.diagnostics.DeviceDiagnosticsReporter, java.lang.String, java.util.Map, kotlin.coroutines.Continuation) (DeviceDiagnosticsReporter.kt:14)
07-15 05:12:14.469  5646  5674 I vision.svplaye:   at java.lang.Object com.smartvision.svplayer.data.diagnostics.DeviceDiagnosticsReporter$report$1.invokeSuspend(java.lang.Object) (DeviceDiagnosticsReporter.kt:-1)
07-15 05:12:14.469  5646  5674 I vision.svplaye:   at void kotlin.coroutines.jvm.internal.BaseContinuationImpl.resumeWith(java.lang.Object) (ContinuationImpl.kt:33)
07-15 05:12:14.469  5646  5674 I vision.svplaye:   at void kotlinx.coroutines.UndispatchedCoroutine.afterResume(java.lang.Object) (CoroutineContext.kt:266)
07-15 05:12:14.469  5646  5674 I vision.svplaye:   at void kotlinx.coroutines.AbstractCoroutine.resumeWith(java.lang.Object) (AbstractCoroutine.kt:101)
07-15 05:12:14.469  5646  5674 I vision.svplaye:   at void kotlin.coroutines.jvm.internal.BaseContinuationImpl.resumeWith(java.lang.Object) (ContinuationImpl.kt:46)
07-15 05:12:14.469  5646  5674 I vision.svplaye:   at void kotlinx.coroutines.DispatchedTask.run() (DispatchedTask.kt:100)
07-15 05:12:14.469  5646  5674 I vision.svplaye:   at void kotlinx.coroutines.internal.LimitedDispatcher$Worker.run() (LimitedDispatcher.kt:124)
07-15 05:12:14.469  5646  5674 I vision.svplaye:   at void kotlinx.coroutines.scheduling.TaskImpl.run() (Tasks.kt:89)
07-15 05:12:14.469  5646  5674 I vision.svplaye:   at void kotlinx.coroutines.scheduling.CoroutineScheduler.runSafely(kotlinx.coroutines.scheduling.Task) (CoroutineScheduler.kt:586)
07-15 05:12:14.469  5646  5674 I vision.svplaye:   at void kotlinx.coroutines.scheduling.CoroutineScheduler$Worker.executeTask(kotlinx.coroutines.scheduling.Task) (CoroutineScheduler.kt:820)
07-15 05:12:14.469  5646  5674 I vision.svplaye:   at void kotlinx.coroutines.scheduling.CoroutineScheduler$Worker.runWorker() (CoroutineScheduler.kt:717)
07-15 05:12:14.469  5646  5674 I vision.svplaye:   at void kotlinx.coroutines.scheduling.CoroutineScheduler$Worker.run() (CoroutineScheduler.kt:704)
07-15 05:12:14.469  5646  5674 I vision.svplaye: Caused by: java.lang.ClassNotFoundException: Didn't find class "java.lang.ClassValue" on path: DexPathList[[zip file "/data/app/com.smartvision.svplayer-m5AdElA8J1grfH2wgCVAOg==/base.apk"],nativeLibraryDirectories=[/data/app/com.smartvision.svplayer-m5AdElA8J1grfH2wgCVAOg==/lib/arm, /data/app/com.smartvision.svplayer-m5AdElA8J1grfH2wgCVAOg==/base.apk!/lib/armeabi-v7a, /system/lib]]
07-15 05:12:14.469  5646  5674 I vision.svplaye:   at java.lang.Class dalvik.system.BaseDexClassLoader.findClass(java.lang.String) (BaseDexClassLoader.java:134)
07-15 05:12:14.469  5646  5674 I vision.svplaye:   at java.lang.Class java.lang.ClassLoader.loadClass(java.lang.String, boolean) (ClassLoader.java:379)
07-15 05:12:14.469  5646  5674 I vision.svplaye:   at java.lang.Class java.lang.ClassLoader.loadClass(java.lang.String) (ClassLoader.java:312)
07-15 05:12:14.469  5646  5674 I vision.svplaye:   at boolean okio.NioSystemFileSystem$$ExternalSyntheticApiModelOutline0.m(java.lang.reflect.Method) (D8$$SyntheticClass:0)
07-15 05:12:14.469  5646  5674 I vision.svplaye:   at boolean retrofit2.Reflection$Android24.isDefaultMethod(java.lang.reflect.Method) (Reflection.java:76)
07-15 05:12:14.469  5646  5674 I vision.svplaye:   at java.lang.Object retrofit2.Retrofit$1.invoke(java.lang.Object, java.lang.reflect.Method, java.lang.Object[]) (Retrofit.java:175)
07-15 05:12:14.469  5646  5674 I vision.svplaye:   at java.lang.Object java.lang.reflect.Proxy.invoke(java.lang.reflect.Proxy, java.lang.reflect.Method, java.lang.Object[]) (Proxy.java:1006)
07-15 05:12:14.469  5646  5674 I vision.svplaye:   at java.lang.Object com.smartvision.svplayer.data.diagnostics.DeviceDiagnosticsApiService.upsert(com.smartvision.svplayer.data.diagnostics.DeviceDiagnosticsRequest, kotlin.coroutines.Continuation) ((null):-1)
07-15 05:12:14.469  5646  5674 I vision.svplaye:   at java.lang.Object com.smartvision.svplayer.data.diagnostics.DeviceDiagnosticsReporter.report(java.lang.String, java.util.Map, kotlin.coroutines.Continuation) (DeviceDiagnosticsReporter.kt:45)
07-15 05:12:14.469  5646  5674 I vision.svplaye:   at java.lang.Object com.smartvision.svplayer.data.diagnostics.DeviceDiagnosticsReporter.access$report(com.smartvision.svplayer.data.diagnostics.DeviceDiagnosticsReporter, java.lang.String, java.util.Map, kotlin.coroutines.Continuation) (DeviceDiagnosticsReporter.kt:14)
07-15 05:12:14.470  5646  5674 I vision.svplaye:   at java.lang.Object com.smartvision.svplayer.data.diagnostics.DeviceDiagnosticsReporter$report$1.invokeSuspend(java.lang.Object) (DeviceDiagnosticsReporter.kt:-1)
07-15 05:12:14.470  5646  5674 I vision.svplaye:   at void kotlin.coroutines.jvm.internal.BaseContinuationImpl.resumeWith(java.lang.Object) (ContinuationImpl.kt:33)
07-15 05:12:14.470  5646  5674 I vision.svplaye:   at void kotlinx.coroutines.UndispatchedCoroutine.afterResume(java.lang.Object) (CoroutineContext.kt:266)
07-15 05:12:14.470  5646  5674 I vision.svplaye:   at void kotlinx.coroutines.AbstractCoroutine.resumeWith(java.lang.Object) (AbstractCoroutine.kt:101)
07-15 05:12:14.470  5646  5674 I vision.svplaye:   at void kotlin.coroutines.jvm.internal.BaseContinuationImpl.resumeWith(java.lang.Object) (ContinuationImpl.kt:46)
07-15 05:12:14.470  5646  5674 I vision.svplaye:   at void kotlinx.coroutines.DispatchedTask.run() (DispatchedTask.kt:100)
07-15 05:12:14.470  5646  5674 I vision.svplaye:   at void kotlinx.coroutines.internal.LimitedDispatcher$Worker.run() (LimitedDispatcher.kt:124)
07-15 05:12:14.470  5646  5674 I vision.svplaye:   at void kotlinx.coroutines.scheduling.TaskImpl.run() (Tasks.kt:89)
07-15 05:12:14.470  5646  5674 I vision.svplaye:   at void kotlinx.coroutines.scheduling.CoroutineScheduler.runSafely(kotlinx.coroutines.scheduling.Task) (CoroutineScheduler.kt:586)
07-15 05:12:14.470  5646  5674 I vision.svplaye:   at void kotlinx.coroutines.scheduling.CoroutineScheduler$Worker.executeTask(kotlinx.coroutines.scheduling.Task) (CoroutineScheduler.kt:820)
07-15 05:12:14.470  5646  5674 I vision.svplaye:   at void kotlinx.coroutines.scheduling.CoroutineScheduler$Worker.runWorker() (CoroutineScheduler.kt:717)
07-15 05:12:14.470  5646  5674 I vision.svplaye:   at void kotlinx.coroutines.scheduling.CoroutineScheduler$Worker.run() (CoroutineScheduler.kt:704)
07-15 05:12:14.470  5646  5674 I vision.svplaye: 
07-15 05:12:14.470  5646  5674 I vision.svplaye: Rejecting re-init on previously-failed class java.lang.Class<kotlinx.coroutines.internal.ClassValueCtorCache$cache$1>: java.lang.NoClassDefFoundError: Failed resolution of: Ljava/lang/ClassValue;
07-15 05:12:14.470  5646  5674 I vision.svplaye:   at boolean okio.NioSystemFileSystem$$ExternalSyntheticApiModelOutline0.m(java.lang.reflect.Method) (D8$$SyntheticClass:0)
07-15 05:12:14.470  5646  5674 I vision.svplaye:   at boolean retrofit2.Reflection$Android24.isDefaultMethod(java.lang.reflect.Method) (Reflection.java:76)
07-15 05:12:14.470  5646  5674 I vision.svplaye:   at java.lang.Object retrofit2.Retrofit$1.invoke(java.lang.Object, java.lang.reflect.Method, java.lang.Object[]) (Retrofit.java:175)
07-15 05:12:14.470  5646  5674 I vision.svplaye:   at java.lang.Object java.lang.reflect.Proxy.invoke(java.lang.reflect.Proxy, java.lang.reflect.Method, java.lang.Object[]) (Proxy.java:1006)
07-15 05:12:14.470  5646  5674 I vision.svplaye:   at java.lang.Object com.smartvision.svplayer.data.diagnostics.DeviceDiagnosticsApiService.upsert(com.smartvision.svplayer.data.diagnostics.DeviceDiagnosticsRequest, kotlin.coroutines.Continuation) ((null):-1)
07-15 05:12:14.470  5646  5674 I vision.svplaye:   at java.lang.Object com.smartvision.svplayer.data.diagnostics.DeviceDiagnosticsReporter.report(java.lang.String, java.util.Map, kotlin.coroutines.Continuation) (DeviceDiagnosticsReporter.kt:45)
07-15 05:12:14.470  5646  5674 I vision.svplaye:   at java.lang.Object com.smartvision.svplayer.data.diagnostics.DeviceDiagnosticsReporter.access$report(com.smartvision.svplayer.data.diagnostics.DeviceDiagnosticsReporter, java.lang.String, java.util.Map, kotlin.coroutines.Continuation) (DeviceDiagnosticsReporter.kt:14)
07-15 05:12:14.470  5646  5674 I vision.svplaye:   at java.lang.Object com.smartvision.svplayer.data.diagnostics.DeviceDiagnosticsReporter$report$1.invokeSuspend(java.lang.Object) (DeviceDiagnosticsReporter.kt:-1)
07-15 05:12:14.470  5646  5674 I vision.svplaye:   at void kotlin.coroutines.jvm.internal.BaseContinuationImpl.resumeWith(java.lang.Object) (ContinuationImpl.kt:33)
07-15 05:12:14.470  5646  5674 I vision.svplaye:   at void kotlinx.coroutines.UndispatchedCoroutine.afterResume(java.lang.Object) (CoroutineContext.kt:266)
07-15 05:12:14.470  5646  5674 I vision.svplaye:   at void kotlinx.coroutines.AbstractCoroutine.resumeWith(java.lang.Object) (AbstractCoroutine.kt:101)
07-15 05:12:14.470  5646  5674 I vision.svplaye:   at void kotlin.coroutines.jvm.internal.BaseContinuationImpl.resumeWith(java.lang.Object) (ContinuationImpl.kt:46)
07-15 05:12:14.470  5646  5674 I vision.svplaye:   at void kotlinx.coroutines.DispatchedTask.run() (DispatchedTask.kt:100)
07-15 05:12:14.470  5646  5674 I vision.svplaye:   at void kotlinx.coroutines.internal.LimitedDispatcher$Worker.run() (LimitedDispatcher.kt:124)
07-15 05:12:14.470  5646  5674 I vision.svplaye:   at void kotlinx.coroutines.scheduling.TaskImpl.run() (Tasks.kt:89)
07-15 05:12:14.470  5646  5674 I vision.svplaye:   at void kotlinx.coroutines.scheduling.CoroutineScheduler.runSafely(kotlinx.coroutines.scheduling.Task) (CoroutineScheduler.kt:586)
07-15 05:12:14.470  5646  5674 I vision.svplaye:   at void kotlinx.coroutines.scheduling.CoroutineScheduler$Worker.executeTask(kotlinx.coroutines.scheduling.Task) (CoroutineScheduler.kt:820)
07-15 05:12:14.470  5646  5674 I vision.svplaye:   at void kotlinx.coroutines.scheduling.CoroutineScheduler$Worker.runWorker() (CoroutineScheduler.kt:717)
07-15 05:12:14.470  5646  5674 I vision.svplaye:   at void kotlinx.coroutines.scheduling.CoroutineScheduler$Worker.run() (CoroutineScheduler.kt:704)
07-15 05:12:14.470  5646  5674 I vision.svplaye: Caused by: java.lang.ClassNotFoundException: Didn't find class "java.lang.ClassValue" on path: DexPathList[[zip file "/data/app/com.smartvision.svplayer-m5AdElA8J1grfH2wgCVAOg==/base.apk"],nativeLibraryDirectories=[/data/app/com.smartvision.svplayer-m5AdElA8J1grfH2wgCVAOg==/lib/arm, /data/app/com.smartvision.svplayer-m5AdElA8J1grfH2wgCVAOg==/base.apk!/lib/armeabi-v7a, /system/lib]]
07-15 05:12:14.470  5646  5674 I vision.svplaye:   at java.lang.Class dalvik.system.BaseDexClassLoader.findClass(java.lang.String) (BaseDexClassLoader.java:134)
07-15 05:12:14.470  5646  5674 I vision.svplaye:   at java.lang.Class java.lang.ClassLoader.loadClass(java.lang.String, boolean) (ClassLoader.java:379)
07-15 05:12:14.470  5646  5674 I vision.svplaye:   at java.lang.Class java.lang.ClassLoader.loadClass(java.lang.String) (ClassLoader.java:312)
07-15 05:12:14.470  5646  5674 I vision.svplaye:   at boolean okio.NioSystemFileSystem$$ExternalSyntheticApiModelOutline0.m(java.lang.reflect.Method) (D8$$SyntheticClass:0)
07-15 05:12:14.471  5646  5674 I vision.svplaye:   at boolean retrofit2.Reflection$Android24.isDefaultMethod(java.lang.reflect.Method) (Reflection.java:76)
07-15 05:12:14.471  5646  5674 I vision.svplaye:   at java.lang.Object retrofit2.Retrofit$1.invoke(java.lang.Object, java.lang.reflect.Method, java.lang.Object[]) (Retrofit.java:175)
07-15 05:12:14.471  5646  5674 I vision.svplaye:   at java.lang.Object java.lang.reflect.Proxy.invoke(java.lang.reflect.Proxy, java.lang.reflect.Method, java.lang.Object[]) (Proxy.java:1006)
07-15 05:12:14.471  5646  5674 I vision.svplaye:   at java.lang.Object com.smartvision.svplayer.data.diagnostics.DeviceDiagnosticsApiService.upsert(com.smartvision.svplayer.data.diagnostics.DeviceDiagnosticsRequest, kotlin.coroutines.Continuation) ((null):-1)
07-15 05:12:14.471  5646  5674 I vision.svplaye:   at java.lang.Object com.smartvision.svplayer.data.diagnostics.DeviceDiagnosticsReporter.report(java.lang.String, java.util.Map, kotlin.coroutines.Continuation) (DeviceDiagnosticsReporter.kt:45)
07-15 05:12:14.471  5646  5674 I vision.svplaye:   at java.lang.Object com.smartvision.svplayer.data.diagnostics.DeviceDiagnosticsReporter.access$report(com.smartvision.svplayer.data.diagnostics.DeviceDiagnosticsReporter, java.lang.String, java.util.Map, kotlin.coroutines.Continuation) (DeviceDiagnosticsReporter.kt:14)
07-15 05:12:14.471  5646  5674 I vision.svplaye:   at java.lang.Object com.smartvision.svplayer.data.diagnostics.DeviceDiagnosticsReporter$report$1.invokeSuspend(java.lang.Object) (DeviceDiagnosticsReporter.kt:-1)
07-15 05:12:14.471  5646  5674 I vision.svplaye:   at void kotlin.coroutines.jvm.internal.BaseContinuationImpl.resumeWith(java.lang.Object) (ContinuationImpl.kt:33)
07-15 05:12:14.471  5646  5674 I vision.svplaye:   at void kotlinx.coroutines.UndispatchedCoroutine.afterResume(java.lang.Object) (CoroutineContext.kt:266)
07-15 05:12:14.471  5646  5674 I vision.svplaye:   at void kotlinx.coroutines.AbstractCoroutine.resumeWith(java.lang.Object) (AbstractCoroutine.kt:101)
07-15 05:12:14.471  5646  5674 I vision.svplaye:   at void kotlin.coroutines.jvm.internal.BaseContinuationImpl.resumeWith(java.lang.Object) (ContinuationImpl.kt:46)
07-15 05:12:14.471  5646  5674 I vision.svplaye:   at void kotlinx.coroutines.DispatchedTask.run() (DispatchedTask.kt:100)
07-15 05:12:14.471  5646  5674 I vision.svplaye:   at void kotlinx.coroutines.internal.LimitedDispatcher$Worker.run() (LimitedDispatcher.kt:124)
07-15 05:12:14.471  5646  5674 I vision.svplaye:   at void kotlinx.coroutines.scheduling.TaskImpl.run() (Tasks.kt:89)
07-15 05:12:14.471  5646  5674 I vision.svplaye:   at void kotlinx.coroutines.scheduling.CoroutineScheduler.runSafely(kotlinx.coroutines.scheduling.Task) (CoroutineScheduler.kt:586)
07-15 05:12:14.471  5646  5674 I vision.svplaye:   at void kotlinx.coroutines.scheduling.CoroutineScheduler$Worker.executeTask(kotlinx.coroutines.scheduling.Task) (CoroutineScheduler.kt:820)
07-15 05:12:14.471  5646  5674 I vision.svplaye:   at void kotlinx.coroutines.scheduling.CoroutineScheduler$Worker.runWorker() (CoroutineScheduler.kt:717)
07-15 05:12:14.471  5646  5674 I vision.svplaye:   at void kotlinx.coroutines.scheduling.CoroutineScheduler$Worker.run() (CoroutineScheduler.kt:704)
07-15 05:12:14.471  5646  5674 I vision.svplaye: 
07-15 05:12:14.529  5646  5646 I SVStartup: startup stage: Initializing
07-15 05:12:14.530  5646  5646 I SVStartup: startup stage: CheckingActivation
07-15 05:12:14.533  5646  5646 I SVStartup: startup stage: PreparingHome
07-15 05:12:14.534  5646  5646 I SVStartup: startup stage: Starting
07-15 05:12:14.543  5646  5646 I SVStartup: startup complete: rendering AppNavigation
07-15 05:12:14.667  5646  5691 E System  : TRACE Starting certificate trust
07-15 05:12:14.667  5646  5692 E System  : TRACE Starting certificate trust
07-15 05:12:14.923  5646  5656 I vision.svplaye: NativeAlloc concurrent copying GC freed 39521(1780KB) AllocSpace objects, 1(20KB) LOS objects, 49% free, 3MB/6MB, paused 266us total 110.620ms
07-15 05:12:15.429  5646  5667 I OpenGLRenderer: Davey! duration=1067ms; Flags=1, IntendedVsync=31179256137841, Vsync=31179422971341, OldestInputEvent=9223372036854775807, NewestInputEvent=0, HandleInputStart=31179426749704, AnimationStart=31179426754088, PerformTraversalsStart=31179609679165, DrawStart=31180229786627, SyncQueued=31180315959473, SyncStart=31180316034627, IssueDrawCommandsStart=31180316403165, SwapBuffers=31180318163165, FrameCompleted=31180323567012, DequeueBufferDuration=321000, QueueBufferDuration=4015000, 
07-15 05:12:15.449  5646  5646 I SVStartup: state localReady=true checking=false activated=true playableSource=true route=home
07-15 05:12:15.514  5646  5646 I Choreographer: Skipped 57 frames!  The application may be doing too much work on its main thread.
07-15 05:12:15.560  5646  5667 I OpenGLRenderer: Davey! duration=997ms; Flags=0, IntendedVsync=31179456342848, Vsync=31180407293798, OldestInputEvent=9223372036854775807, NewestInputEvent=0, HandleInputStart=31180408187473, AnimationStart=31180408220473, PerformTraversalsStart=31180450881012, DrawStart=31180451059704, SyncQueued=31180451127396, SyncStart=31180451231627, IssueDrawCommandsStart=31180451397473, SwapBuffers=31180452903858, FrameCompleted=31180454011012, DequeueBufferDuration=383000, QueueBufferDuration=266000, 
07-15 05:12:16.030  5646  5646 I SmartVisionAds: Passage en FREE_WITH_ADS
07-15 05:12:16.030  5646  5646 I SmartVisionAds: Statut monetisation actuel: FREE_WITH_ADS
07-15 05:12:16.434  5646  5651 I vision.svplaye: JIT allocated 70KB for stack maps of void com.smartvision.svplayer.ui.navigation.AppNavigationKt.AppNavigation(androidx.navigation.NavHostController, androidx.compose.runtime.Composer, int, int)
07-15 05:12:16.441  5646  5651 I vision.svplaye: Compiler allocated 6MB to compile void com.smartvision.svplayer.ui.navigation.AppNavigationKt.AppNavigation(androidx.navigation.NavHostController, androidx.compose.runtime.Composer, int, int)
07-15 05:12:30.187  5646  5661 I WM-WorkerWrapper: Worker result SUCCESS for Work [ id=945aa9bd-6404-47f2-92d6-8d96004d02e3, tags={ com.smartvision.svplayer.startup.PlaylistSyncWorker } ]
07-15 05:12:55.635  5646  5646 I Choreographer: Skipped 31 frames!  The application may be doing too much work on its main thread.
07-15 05:12:55.825  5646  5667 I OpenGLRenderer: Davey! duration=720ms; Flags=1, IntendedVsync=31219997322361, Vsync=31220514506211, OldestInputEvent=9223372036854775807, NewestInputEvent=0, HandleInputStart=31220529432476, AnimationStart=31220529466552, PerformTraversalsStart=31220542808476, DrawStart=31220556469937, SyncQueued=31220646832014, SyncStart=31220648162014, IssueDrawCommandsStart=31220648392014, SwapBuffers=31220718125937, FrameCompleted=31220719094476, DequeueBufferDuration=0, QueueBufferDuration=348000, 
07-15 05:13:01.593  5646  5900 W AmazonKeyEventLogging: remote_perf key event latency detected [Source: ViewRootImpl, KeyCode: KEYCODE_XXXX, IsDown: 0, Repeat: 0, EventTime: 31225029, Latency: 1457, DeviceId: 5, AppPackage: com.smartvision.svplayer]
07-15 05:13:01.601  5646  5646 I Choreographer: Skipped 86 frames!  The application may be doing too much work on its main thread.
07-15 05:13:01.973  5646  5667 I OpenGLRenderer: Davey! duration=1813ms; Flags=0, IntendedVsync=31225052398736, Vsync=31226487166836, OldestInputEvent=9223372036854775807, NewestInputEvent=0, HandleInputStart=31226495610014, AnimationStart=31226495642937, PerformTraversalsStart=31226736264476, DrawStart=31226736369476, SyncQueued=31226766094476, SyncStart=31226766823553, IssueDrawCommandsStart=31226767051784, SwapBuffers=31226865777399, FrameCompleted=31226866961937, DequeueBufferDuration=0, QueueBufferDuration=527000, 
07-15 05:13:02.266  5646  5651 I vision.svplaye: Compiler allocated 5MB to compile void com.smartvision.svplayer.ui.home.HomeScreenKt.HomeScreen(java.lang.String, java.util.List, kotlin.jvm.functions.Function1, kotlin.jvm.functions.Function0, kotlin.jvm.functions.Function0, kotlin.jvm.functions.Function0, kotlin.jvm.functions.Function0, kotlin.jvm.functions.Function0, boolean, boolean, int, com.smartvision.svplayer.ui.i18n.SmartVisionStrings, boolean, boolean, kotlin.jvm.functions.Function0, kotlin.jvm.functions.Function1, androidx.compose.ui.Modifier, int, com.smartvision.svplayer.ui.home.HomeHeaderFocusTarget, androidx.compose.runtime.Composer, int, int, int)
07-15 05:13:03.640  5646  5646 I Choreographer: Skipped 103 frames!  The application may be doing too much work on its main thread.
07-15 05:13:03.650  5646  5667 I OpenGLRenderer: Davey! duration=2016ms; Flags=0, IntendedVsync=31226527395036, Vsync=31226760961936, OldestInputEvent=9223372036854775807, NewestInputEvent=0, HandleInputStart=31226767541553, AnimationStart=31226767565630, PerformTraversalsStart=31227604156937, DrawStart=31227604318399, SyncQueued=31228280736938, SyncStart=31228280856245, IssueDrawCommandsStart=31228281867553, SwapBuffers=31228542975322, FrameCompleted=31228544503168, DequeueBufferDuration=422000, QueueBufferDuration=540000, 
07-15 05:13:03.700  5646  5656 I vision.svplaye: Background concurrent copying GC freed 75601(3MB) AllocSpace objects, 1(24KB) LOS objects, 49% free, 6MB/12MB, paused 1.392ms total 260.435ms
07-15 05:13:03.717  5646  5667 I OpenGLRenderer: Davey! duration=1807ms; Flags=0, IntendedVsync=31226804209150, Vsync=31228522594200, OldestInputEvent=9223372036854775807, NewestInputEvent=0, HandleInputStart=31228534853168, AnimationStart=31228534889091, PerformTraversalsStart=31228585763707, DrawStart=31228586010630, SyncQueued=31228598919630, SyncStart=31228599032861, IssueDrawCommandsStart=31228599384553, SwapBuffers=31228609858938, FrameCompleted=31228611537707, DequeueBufferDuration=368000, QueueBufferDuration=851000, 
07-15 05:13:04.999  5646  5656 I vision.svplaye: Background concurrent copying GC freed 106444(4MB) AllocSpace objects, 0(0B) LOS objects, 40% free, 8MB/14MB, paused 271us total 135.793ms
07-15 05:13:05.481  5646  5656 I vision.svplaye: Background concurrent copying GC freed 95972(4MB) AllocSpace objects, 0(0B) LOS objects, 27% free, 16MB/22MB, paused 210us total 212.414ms
07-15 05:13:05.889  5646  5656 I vision.svplaye: Background concurrent copying GC freed 118505(7MB) AllocSpace objects, 0(0B) LOS objects, 23% free, 19MB/25MB, paused 227us total 308.612ms
07-15 05:13:05.892  5646  5654 W MediaPlayer-JNI: MediaPlayer finalized without being released
07-15 05:13:06.914  5646  5656 I vision.svplaye: Background concurrent copying GC freed 215281(8MB) AllocSpace objects, 1(20KB) LOS objects, 24% free, 18MB/24MB, paused 398us total 244.149ms
07-15 05:13:07.376  5646  5651 I vision.svplaye: JIT allocated 60KB for stack maps of void com.smartvision.svplayer.ui.home.HomeScreenKt.HomeScreen(java.lang.String, java.util.List, kotlin.jvm.functions.Function1, kotlin.jvm.functions.Function0, kotlin.jvm.functions.Function0, kotlin.jvm.functions.Function0, kotlin.jvm.functions.Function0, kotlin.jvm.functions.Function0, boolean, boolean, int, com.smartvision.svplayer.ui.i18n.SmartVisionStrings, boolean, boolean, kotlin.jvm.functions.Function0, kotlin.jvm.functions.Function1, androidx.compose.ui.Modifier, int, com.smartvision.svplayer.ui.home.HomeHeaderFocusTarget, androidx.compose.runtime.Composer, int, int, int)
07-15 05:13:07.382  5646  5651 I vision.svplaye: Compiler allocated 5MB to compile void com.smartvision.svplayer.ui.home.HomeScreenKt.HomeScreen(java.lang.String, java.util.List, kotlin.jvm.functions.Function1, kotlin.jvm.functions.Function0, kotlin.jvm.functions.Function0, kotlin.jvm.functions.Function0, kotlin.jvm.functions.Function0, kotlin.jvm.functions.Function0, boolean, boolean, int, com.smartvision.svplayer.ui.i18n.SmartVisionStrings, boolean, boolean, kotlin.jvm.functions.Function0, kotlin.jvm.functions.Function1, androidx.compose.ui.Modifier, int, com.smartvision.svplayer.ui.home.HomeHeaderFocusTarget, androidx.compose.runtime.Composer, int, int, int)
07-15 05:13:07.492  5646  5656 I vision.svplaye: NativeAlloc concurrent copying GC freed 69128(2MB) AllocSpace objects, 0(0B) LOS objects, 26% free, 16MB/22MB, paused 148us total 195.182ms
07-15 05:13:07.596  5646  5991 E System  : TRACE Starting certificate trust
07-15 05:13:07.685  5646  5656 I vision.svplaye: NativeAlloc concurrent copying GC freed 12872(586KB) AllocSpace objects, 0(0B) LOS objects, 25% free, 17MB/23MB, paused 425us total 191.279ms
07-15 05:13:07.900  5646  5656 I vision.svplaye: NativeAlloc concurrent copying GC freed 10691(627KB) AllocSpace objects, 4(80KB) LOS objects, 25% free, 17MB/23MB, paused 186us total 213.314ms
07-15 05:13:08.270  5646  5656 I vision.svplaye: NativeAlloc concurrent copying GC freed 2735(294KB) AllocSpace objects, 4(80KB) LOS objects, 24% free, 18MB/24MB, paused 209us total 353.699ms
07-15 05:13:08.568  5646  5656 I vision.svplaye: NativeAlloc concurrent copying GC freed 12184(1338KB) AllocSpace objects, 12(240KB) LOS objects, 24% free, 18MB/24MB, paused 193us total 293.606ms
07-15 05:13:08.785  5646  5646 I Choreographer: Skipped 99 frames!  The application may be doing too much work on its main thread.
07-15 05:13:08.818  5646  5667 I OpenGLRenderer: Davey! duration=1719ms; Flags=0, IntendedVsync=31231992725738, Vsync=31232009409088, OldestInputEvent=9223372036854775807, NewestInputEvent=0, HandleInputStart=31232010598322, AnimationStart=31232010629784, PerformTraversalsStart=31232101845553, DrawStart=31232102033015, SyncQueued=31233619073322, SyncStart=31233619171630, IssueDrawCommandsStart=31233620057169, SwapBuffers=31233711339015, FrameCompleted=31233712381707, DequeueBufferDuration=340000, QueueBufferDuration=420000, 
07-15 05:13:08.857  5646  5667 I OpenGLRenderer: Davey! duration=1714ms; Flags=0, IntendedVsync=31232026103393, Vsync=31233677755043, OldestInputEvent=9223372036854775807, NewestInputEvent=0, HandleInputStart=31233679157246, AnimationStart=31233679199707, PerformTraversalsStart=31233689669861, DrawStart=31233689896784, SyncQueued=31233701537169, SyncStart=31233712684784, IssueDrawCommandsStart=31233713253476, SwapBuffers=31233724998092, FrameCompleted=31233751589861, DequeueBufferDuration=284000, QueueBufferDuration=25975000, 
07-15 05:13:10.489  5646  5656 I vision.svplaye: Background concurrent copying GC freed 167008(6MB) AllocSpace objects, 13(264KB) LOS objects, 24% free, 18MB/24MB, paused 274us total 208.525ms
07-15 05:13:12.004  5646  5656 I vision.svplaye: Background concurrent copying GC freed 202479(6MB) AllocSpace objects, 0(0B) LOS objects, 24% free, 18MB/24MB, paused 198us total 197.211ms
07-15 05:13:13.525  5646  5656 I vision.svplaye: Background concurrent copying GC freed 196183(6MB) AllocSpace objects, 0(0B) LOS objects, 24% free, 18MB/24MB, paused 197us total 194.603ms
07-15 05:13:15.056  5646  5656 I vision.svplaye: Background concurrent copying GC freed 197619(6MB) AllocSpace objects, 0(0B) LOS objects, 24% free, 18MB/24MB, paused 180us total 201.241ms
07-15 05:13:16.571  5646  5656 I vision.svplaye: Background concurrent copying GC freed 197414(6MB) AllocSpace objects, 0(0B) LOS objects, 24% free, 18MB/24MB, paused 176us total 193.267ms
07-15 05:13:18.094  5646  5656 I vision.svplaye: Background concurrent copying GC freed 198110(6MB) AllocSpace objects, 0(0B) LOS objects, 24% free, 18MB/24MB, paused 166us total 193.601ms
07-15 05:13:19.625  5646  5656 I vision.svplaye: Background concurrent copying GC freed 197828(6MB) AllocSpace objects, 0(0B) LOS objects, 24% free, 18MB/24MB, paused 135us total 202.701ms
07-15 05:13:21.145  5646  5656 I vision.svplaye: Background concurrent copying GC freed 199188(6MB) AllocSpace objects, 0(0B) LOS objects, 24% free, 18MB/24MB, paused 230us total 191.809ms
07-15 05:13:22.673  5646  5656 I vision.svplaye: Background concurrent copying GC freed 198562(6MB) AllocSpace objects, 0(0B) LOS objects, 24% free, 18MB/24MB, paused 173us total 194.025ms
07-15 05:13:24.196  5646  5656 I vision.svplaye: Background concurrent copying GC freed 196973(6MB) AllocSpace objects, 0(0B) LOS objects, 24% free, 18MB/24MB, paused 176us total 193.105ms
07-15 05:13:25.720  5646  5656 I vision.svplaye: Background concurrent copying GC freed 198084(6MB) AllocSpace objects, 0(0B) LOS objects, 24% free, 18MB/24MB, paused 167us total 194.453ms
07-15 05:13:27.526  5646  5656 I vision.svplaye: Background concurrent copying GC freed 192512(6MB) AllocSpace objects, 0(0B) LOS objects, 24% free, 18MB/24MB, paused 223us total 193.201ms
07-15 05:13:28.534  5646  5656 I vision.svplaye: Background concurrent copying GC freed 205461(6MB) AllocSpace objects, 0(0B) LOS objects, 24% free, 18MB/24MB, paused 156us total 187.609ms
07-15 05:13:29.554  5646  5656 I vision.svplaye: Background concurrent copying GC freed 206719(6MB) AllocSpace objects, 0(0B) LOS objects, 24% free, 18MB/24MB, paused 186us total 188.047ms
07-15 05:13:30.620  5646  5656 I vision.svplaye: Background concurrent copying GC freed 203222(6MB) AllocSpace objects, 0(0B) LOS objects, 24% free, 18MB/24MB, paused 174us total 209.725ms
07-15 05:13:31.753  5646  5656 I vision.svplaye: Background concurrent copying GC freed 201204(6MB) AllocSpace objects, 0(0B) LOS objects, 24% free, 18MB/24MB, paused 192us total 220.996ms
07-15 05:13:32.913  5646  5656 I vision.svplaye: Background concurrent copying GC freed 208880(6MB) AllocSpace objects, 0(0B) LOS objects, 24% free, 18MB/24MB, paused 164us total 207.417ms
07-15 05:13:33.911  5646  5656 I vision.svplaye: Background concurrent copying GC freed 201203(6MB) AllocSpace objects, 0(0B) LOS objects, 24% free, 18MB/24MB, paused 168us total 186.733ms
07-15 05:13:34.898  5646  5656 I vision.svplaye: Background concurrent copying GC freed 206432(6MB) AllocSpace objects, 0(0B) LOS objects, 24% free, 18MB/24MB, paused 194us total 197.627ms
07-15 05:13:35.886  5646  5656 I vision.svplaye: Background concurrent copying GC freed 211394(6MB) AllocSpace objects, 0(0B) LOS objects, 24% free, 18MB/24MB, paused 167us total 198.262ms
07-15 05:13:36.861  5646  5656 I vision.svplaye: Background concurrent copying GC freed 212976(6MB) AllocSpace objects, 0(0B) LOS objects, 24% free, 18MB/24MB, paused 154us total 188.957ms
07-15 05:13:37.855  5646  5656 I vision.svplaye: Background concurrent copying GC freed 208349(6MB) AllocSpace objects, 0(0B) LOS objects, 24% free, 18MB/24MB, paused 143us total 189.581ms
07-15 05:13:38.833  5646  5656 I vision.svplaye: Background concurrent copying GC freed 207379(6MB) AllocSpace objects, 0(0B) LOS objects, 24% free, 18MB/24MB, paused 167us total 188.820ms
07-15 05:13:39.801  5646  5656 I vision.svplaye: Background concurrent copying GC freed 207696(6MB) AllocSpace objects, 0(0B) LOS objects, 24% free, 18MB/24MB, paused 228us total 187.352ms
07-15 05:13:40.776  5646  5656 I vision.svplaye: Background concurrent copying GC freed 209314(6MB) AllocSpace objects, 0(0B) LOS objects, 24% free, 18MB/24MB, paused 195us total 186.017ms
07-15 05:13:41.766  5646  5656 I vision.svplaye: Background concurrent copying GC freed 208073(6MB) AllocSpace objects, 0(0B) LOS objects, 24% free, 18MB/24MB, paused 146us total 193.095ms
07-15 05:13:42.750  5646  5656 I vision.svplaye: Background concurrent copying GC freed 208333(6MB) AllocSpace objects, 0(0B) LOS objects, 24% free, 18MB/24MB, paused 153us total 194.045ms
