07-17 10:16:41.156 24603 32141 I MediaCodecLogger: [ASAP] SW.audio.mp4a P3 - 40843699
07-17 10:16:41.159 24603 32141 I MediaCodecLogger: [ASAP] SW.audio.mp4a Got First Input Frame 40843702 pts:1000000009333
07-17 10:16:41.171 24603 32141 I MediaCodecLogger: updatePTSTime [SW.audio.mp4a] First PTS after Flush or reset = 1000000009333
07-17 10:16:41.172 24603 32141 I MediaCodecLogger: [ASAP] SW.audio.mp4a Got First Frame Ready 40843714(12)
07-17 10:16:41.187 24603 32128 I android.media.AudioTrack: AUDIOINFO: audio_input: format: 2 sample_rate: 48000 channels: 2 AudioAttributes: AudioAttributes: usage=USAGE_MEDIA content=CONTENT_TYPE_MUSIC flags=0x200 tags= bundle=null
07-17 10:16:41.203 24603 32133 W AHierarchicalStateMachine: Warning message AMessage(what = 'omxI') = {
07-17 10:16:41.203 24603 32133 W AHierarchicalStateMachine:   int32_t type = 0
07-17 10:16:41.203 24603 32133 W AHierarchicalStateMachine:   int32_t event = 3
07-17 10:16:41.203 24603 32133 W AHierarchicalStateMachine:   int32_t data1 = 1
07-17 10:16:41.203 24603 32133 W AHierarchicalStateMachine:   int32_t data2 = 117440527
07-17 10:16:41.203 24603 32133 W AHierarchicalStateMachine: } unhandled in root state.
07-17 10:16:41.217 24603 32133 W ACodec  : [OMX.MTK.VIDEO.DECODER.AVC] setting nBufferCountActual to 14 failed: -22
07-17 10:16:41.261 24603 32132 I MediaCodecLogger: updateFormatChanged width = 1280 height = 720
07-17 10:16:41.261 24603 32132 I MediaCodecLogger: updatePTSTime [HW.video.avc] First PTS after Flush or reset = 1000000000000
07-17 10:16:41.262 24603 32132 I MediaCodecLogger: [ASAP] HW.video.avc Got First Frame Ready 40843804(139)
07-17 10:16:41.267 24603 32132 I MediaCodecLogger: Rendering first frame after starting or flushing.
07-17 10:16:41.267 24603 32132 I MediaCodecLogger: [ASAP] HW.video.avc Got First Frame Render 40843810(145)
07-17 10:16:41.267 24603 32132 I MediaCodecLogger: App sets Timestamps for render in SurfaceFlinger
07-17 10:16:41.707 24603 24616 I vision.svplaye: Background concurrent copying GC freed 163815(5MB) AllocSpace objects, 3(76KB) LOS objects, 16% free, 31MB/37MB, paused 188us total 565.640ms
07-17 10:16:41.780 24603 32132 I MediaCodecLogger: 24603.HW.video.avc Resolution change from 0x0 to 1280x720 took = 11
07-17 10:16:43.247 24603 32132 I MediaCodecLogger: 24603.HW.video.avc Dropped 10 frames
07-17 10:16:43.393 24603 24616 I vision.svplaye: Background concurrent copying GC freed 233250(7MB) AllocSpace objects, 0(0B) LOS objects, 15% free, 31MB/37MB, paused 208us total 625.580ms
07-17 10:16:45.718 24603 24616 I vision.svplaye: Background concurrent copying GC freed 245622(7MB) AllocSpace objects, 0(0B) LOS objects, 15% free, 32MB/38MB, paused 1.168ms total 1.149s
07-17 10:16:46.129 24603 32132 I MediaCodecLogger: 24603.HW.video.avc.bitrateInKbps = 144
07-17 10:16:46.181 24603 32141 I MediaCodecLogger: 24603.SW.audio.mp4a.bitrateInKbps = 128
07-17 10:16:47.371 24603 24616 I vision.svplaye: Background concurrent copying GC freed 284288(8MB) AllocSpace objects, 0(0B) LOS objects, 16% free, 30MB/36MB, paused 191us total 380.838ms
07-17 10:16:48.726 24603 24616 I vision.svplaye: Background concurrent copying GC freed 225330(6MB) AllocSpace objects, 0(0B) LOS objects, 16% free, 30MB/36MB, paused 192us total 359.349ms
07-17 10:16:50.054 24603 24616 I vision.svplaye: Background concurrent copying GC freed 227169(6MB) AllocSpace objects, 0(0B) LOS objects, 16% free, 30MB/36MB, paused 180us total 391.616ms
07-17 10:16:51.163 24603 32132 I MediaCodecLogger: 24603.HW.video.avc.bitrateInKbps = 142
07-17 10:16:51.225 24603 32141 I MediaCodecLogger: 24603.SW.audio.mp4a.bitrateInKbps = 121
07-17 10:16:51.380 24603 24616 I vision.svplaye: Background concurrent copying GC freed 227204(6MB) AllocSpace objects, 0(0B) LOS objects, 16% free, 30MB/36MB, paused 194us total 382.884ms
07-17 10:16:52.725 24603 24616 I vision.svplaye: Background concurrent copying GC freed 225707(6MB) AllocSpace objects, 0(0B) LOS objects, 16% free, 30MB/36MB, paused 410us total 372.948ms
07-17 10:16:53.443 24603 32132 I MediaCodecLogger: 24603.HW.video.avc Dropped 20 frames
07-17 10:16:54.042 24603 24616 I vision.svplaye: Background concurrent copying GC freed 230195(7MB) AllocSpace objects, 0(0B) LOS objects, 16% free, 30MB/36MB, paused 457us total 348.705ms
07-17 10:16:54.449 24603 32132 I MediaCodecLogger: 24603.HW.video.avc Dropped 30 frames
07-17 10:16:55.331 24603 24616 I vision.svplaye: Background concurrent copying GC freed 226551(6MB) AllocSpace objects, 0(0B) LOS objects, 16% free, 30MB/36MB, paused 190us total 349.321ms
07-17 10:16:55.452 24603 32132 I MediaCodecLogger: 24603.HW.video.avc Dropped 40 frames
07-17 10:16:56.222 24603 32132 I MediaCodecLogger: 24603.HW.video.avc.bitrateInKbps = 105
07-17 10:16:56.262 24603 32141 I MediaCodecLogger: 24603.SW.audio.mp4a.bitrateInKbps = 120
07-17 10:16:56.431 24603 32132 I MediaCodecLogger: 24603.HW.video.avc Dropped 50 frames
07-17 10:16:56.692 24603 24616 I vision.svplaye: Background concurrent copying GC freed 223794(6MB) AllocSpace objects, 0(0B) LOS objects, 16% free, 30MB/36MB, paused 351us total 366.868ms
07-17 10:16:57.430 24603 32132 I MediaCodecLogger: 24603.HW.video.avc Dropped 60 frames
07-17 10:16:58.110 24603 24616 I vision.svplaye: Background concurrent copying GC freed 215519(6MB) AllocSpace objects, 1(20KB) LOS objects, 16% free, 30MB/36MB, paused 231us total 359.232ms
07-17 10:16:58.431 24603 32132 I MediaCodecLogger: 24603.HW.video.avc Dropped 70 frames
07-17 10:16:59.433 24603 32132 I MediaCodecLogger: 24603.HW.video.avc Dropped 80 frames
07-17 10:16:59.469 24603 24616 I vision.svplaye: Background concurrent copying GC freed 224088(6MB) AllocSpace objects, 0(0B) LOS objects, 16% free, 30MB/36MB, paused 184us total 379.903ms
07-17 10:17:00.843 24603 24616 I vision.svplaye: Background concurrent copying GC freed 222934(6MB) AllocSpace objects, 0(0B) LOS objects, 16% free, 30MB/36MB, paused 184us total 384.739ms
07-17 10:17:01.252 24603 32132 I MediaCodecLogger: 24603.HW.video.avc.bitrateInKbps = 141
07-17 10:17:01.292 24603 32141 I MediaCodecLogger: 24603.SW.audio.mp4a.bitrateInKbps = 121
07-17 10:17:02.188 24603 24616 I vision.svplaye: Background concurrent copying GC freed 221548(6MB) AllocSpace objects, 0(0B) LOS objects, 16% free, 30MB/36MB, paused 174us total 369.559ms
07-17 10:17:03.513 24603 24616 I vision.svplaye: Background concurrent copying GC freed 221601(6MB) AllocSpace objects, 0(0B) LOS objects, 16% free, 30MB/36MB, paused 204us total 354.230ms
07-17 10:17:04.841 24603 24616 I vision.svplaye: Background concurrent copying GC freed 224424(6MB) AllocSpace objects, 0(0B) LOS objects, 16% free, 30MB/36MB, paused 184us total 347.657ms
07-17 10:17:06.183 24603 24616 I vision.svplaye: Background concurrent copying GC freed 221179(6MB) AllocSpace objects, 0(0B) LOS objects, 16% free, 30MB/36MB, paused 202us total 355.245ms
07-17 10:17:06.262 24603 32132 I MediaCodecLogger: 24603.HW.video.avc.bitrateInKbps = 106
07-17 10:17:06.337 24603 32141 I MediaCodecLogger: 24603.SW.audio.mp4a.bitrateInKbps = 121
07-17 10:17:07.565 24603 24616 I vision.svplaye: Background concurrent copying GC freed 219645(6MB) AllocSpace objects, 0(0B) LOS objects, 16% free, 30MB/36MB, paused 192us total 372.026ms
07-17 10:17:08.911 24603 24616 I vision.svplaye: Background concurrent copying GC freed 222376(6MB) AllocSpace objects, 0(0B) LOS objects, 16% free, 31MB/37MB, paused 192us total 377.795ms
07-17 10:17:10.241 24603 32132 I MediaCodecLogger: 24603.HW.video.avc Dropped 90 frames
07-17 10:17:10.261 24603 24616 I vision.svplaye: Background concurrent copying GC freed 227029(7MB) AllocSpace objects, 0(0B) LOS objects, 16% free, 30MB/36MB, paused 189us total 376.207ms
07-17 10:17:11.242 24603 32132 I MediaCodecLogger: 24603.HW.video.avc Dropped 100 frames
07-17 10:17:11.273 24603 32132 I MediaCodecLogger: 24603.HW.video.avc.bitrateInKbps = 141
07-17 10:17:11.396 24603 32141 I MediaCodecLogger: 24603.SW.audio.mp4a.bitrateInKbps = 121
07-17 10:17:11.584 24603 24616 I vision.svplaye: Background concurrent copying GC freed 215960(6MB) AllocSpace objects, 0(0B) LOS objects, 16% free, 30MB/36MB, paused 568us total 363.236ms
07-17 10:17:12.251 24603 32132 I MediaCodecLogger: 24603.HW.video.avc Dropped 110 frames
07-17 10:17:12.937 24603 24616 I vision.svplaye: Background concurrent copying GC freed 224904(7MB) AllocSpace objects, 0(0B) LOS objects, 16% free, 31MB/37MB, paused 215us total 376.975ms
07-17 10:17:13.234 24603 32132 I MediaCodecLogger: 24603.HW.video.avc Dropped 120 frames
07-17 10:17:14.235 24603 32132 I MediaCodecLogger: 24603.HW.video.avc Dropped 130 frames
07-17 10:17:14.303 24603 24616 I vision.svplaye: Background concurrent copying GC freed 228755(7MB) AllocSpace objects, 0(0B) LOS objects, 16% free, 31MB/37MB, paused 209us total 393.933ms
07-17 10:17:15.231 24603 32132 I MediaCodecLogger: 24603.HW.video.avc Dropped 140 frames
07-17 10:17:15.646 24603 24616 I vision.svplaye: Background concurrent copying GC freed 229772(7MB) AllocSpace objects, 0(0B) LOS objects, 16% free, 30MB/36MB, paused 202us total 350.882ms
07-17 10:17:16.238 24603 32132 I MediaCodecLogger: 24603.HW.video.avc Dropped 150 frames
07-17 10:17:16.330 24603 32132 I MediaCodecLogger: 24603.HW.video.avc.bitrateInKbps = 107
07-17 10:17:16.442 24603 32141 I MediaCodecLogger: 24603.SW.audio.mp4a.bitrateInKbps = 120
07-17 10:17:16.976 24603 24616 I vision.svplaye: Background concurrent copying GC freed 223586(6MB) AllocSpace objects, 0(0B) LOS objects, 16% free, 30MB/36MB, paused 201us total 374.964ms
07-17 10:17:18.340 24603 24616 I vision.svplaye: Background concurrent copying GC freed 223687(6MB) AllocSpace objects, 0(0B) LOS objects, 16% free, 31MB/37MB, paused 186us total 370.016ms
07-17 10:17:19.676 24603 24616 I vision.svplaye: Background concurrent copying GC freed 226417(7MB) AllocSpace objects, 0(0B) LOS objects, 16% free, 30MB/36MB, paused 184us total 347.659ms
07-17 10:17:21.073 24603 24616 I vision.svplaye: Background concurrent copying GC freed 219017(6MB) AllocSpace objects, 0(0B) LOS objects, 16% free, 30MB/36MB, paused 198us total 373.809ms
07-17 10:17:21.343 24603 32132 I MediaCodecLogger: 24603.HW.video.avc.bitrateInKbps = 141
07-17 10:17:21.474 24603 32141 I MediaCodecLogger: 24603.SW.audio.mp4a.bitrateInKbps = 121
07-17 10:17:22.444 24603 24616 I vision.svplaye: Background concurrent copying GC freed 225459(7MB) AllocSpace objects, 0(0B) LOS objects, 16% free, 30MB/36MB, paused 192us total 369.097ms
07-17 10:17:23.808 24603 24616 I vision.svplaye: Background concurrent copying GC freed 224329(6MB) AllocSpace objects, 0(0B) LOS objects, 16% free, 30MB/36MB, paused 198us total 367.443ms
07-17 10:17:25.127 24603 24616 I vision.svplaye: Background concurrent copying GC freed 222192(6MB) AllocSpace objects, 0(0B) LOS objects, 16% free, 30MB/36MB, paused 205us total 366.532ms
07-17 10:17:26.372 24603 32132 I MediaCodecLogger: 24603.HW.video.avc.bitrateInKbps = 105
07-17 10:17:26.480 24603 24616 I vision.svplaye: Background concurrent copying GC freed 224829(6MB) AllocSpace objects, 0(0B) LOS objects, 16% free, 30MB/36MB, paused 293us total 379.342ms
07-17 10:17:26.502 24603 32141 I MediaCodecLogger: 24603.SW.audio.mp4a.bitrateInKbps = 121
07-17 10:17:26.847 24603 32132 I MediaCodecLogger: 24603.HW.video.avc Dropped 160 frames
07-17 10:17:27.844 24603 24616 I vision.svplaye: Background concurrent copying GC freed 222746(6MB) AllocSpace objects, 0(0B) LOS objects, 16% free, 31MB/37MB, paused 181us total 377.063ms
07-17 10:17:27.852 24603 32132 I MediaCodecLogger: 24603.HW.video.avc Dropped 170 frames
07-17 10:17:28.844 24603 32132 I MediaCodecLogger: 24603.HW.video.avc Dropped 180 frames
07-17 10:17:29.153 24603 24616 I vision.svplaye: Background concurrent copying GC freed 226271(7MB) AllocSpace objects, 0(0B) LOS objects, 16% free, 30MB/36MB, paused 174us total 365.549ms
07-17 10:17:29.829 24603 32132 I MediaCodecLogger: 24603.HW.video.avc Dropped 190 frames
07-17 10:17:30.446 24603 24616 I vision.svplaye: Background concurrent copying GC freed 222806(6MB) AllocSpace objects, 0(0B) LOS objects, 16% free, 30MB/36MB, paused 198us total 346.136ms
07-17 10:17:30.832 24603 32132 I MediaCodecLogger: 24603.HW.video.avc Dropped 200 frames
07-17 10:17:31.422 24603 32132 I MediaCodecLogger: 24603.HW.video.avc.bitrateInKbps = 142
07-17 10:17:31.547 24603 32141 I MediaCodecLogger: 24603.SW.audio.mp4a.bitrateInKbps = 122
07-17 10:17:31.779 24603 24616 I vision.svplaye: Background concurrent copying GC freed 220068(6MB) AllocSpace objects, 0(0B) LOS objects, 16% free, 31MB/37MB, paused 206us total 382.246ms
07-17 10:17:31.830 24603 32132 I MediaCodecLogger: 24603.HW.video.avc Dropped 210 frames
07-17 10:17:32.935 24603 32132 I MediaCodecLogger: 24603.HW.video.avc Dropped 220 frames
07-17 10:17:33.216 24603 24616 I vision.svplaye: Background concurrent copying GC freed 228828(7MB) AllocSpace objects, 0(0B) LOS objects, 16% free, 30MB/36MB, paused 182us total 433.919ms
07-17 10:17:34.708 24603 24616 I vision.svplaye: Background concurrent copying GC freed 219487(6MB) AllocSpace objects, 0(0B) LOS objects, 16% free, 30MB/36MB, paused 180us total 369.053ms
07-17 10:17:36.084 24603 24616 I vision.svplaye: Background concurrent copying GC freed 220383(6MB) AllocSpace objects, 0(0B) LOS objects, 16% free, 30MB/36MB, paused 189us total 368.391ms
07-17 10:17:36.441 24603 32132 I MediaCodecLogger: 24603.HW.video.avc.bitrateInKbps = 105
07-17 10:17:36.608 24603 32141 I MediaCodecLogger: 24603.SW.audio.mp4a.bitrateInKbps = 121
07-17 10:17:37.608 24603 24616 I vision.svplaye: Background concurrent copying GC freed 221663(6MB) AllocSpace objects, 0(0B) LOS objects, 16% free, 30MB/36MB, paused 189us total 412.197ms
07-17 10:17:37.714 24603 24603 I SVStartup: state localReady=true checking=false activated=true playableSource=true route=player/{channelId}
07-17 10:17:37.780 24603 24603 I ExoPlayerImpl: Init bd2de59 [AndroidXMedia3/1.6.1] [sheldonp, AFTSSS, Amazon, 28]
07-17 10:17:38.225 24603 24603 I SmartVisionAds: Statut monetisation actuel: FREE_WITH_ADS
07-17 10:17:38.438 24603 24603 I SmartVisionAds: Pub refusee: pubs desactivees
07-17 10:17:38.591 24603 32132 I MediaCodec: [OMX.MTK.VIDEO.DECODER.AVC] setting surface generation to 25193556
07-17 10:17:38.611 24603 24603 I ExoPlayerImpl: Release 4fc8d7a [AndroidXMedia3/1.6.1] [sheldonp, AFTSSS, Amazon, 28] [media3.common, media3.exoplayer, media3.decoder, media3.datasource, media3.ui, media3.extractor]
07-17 10:17:38.612 24603 32128 I MediaCodecLogger: Flushing: 24603.HW.video.avc.framerate = 50.000 fps
07-17 10:17:38.612 24603 32128 I MediaCodecLogger: 24603.HW.video.avc Dropped 220 frames
07-17 10:17:38.659 24603 32330 E libc    : Access denied finding property "media.metrics.enabled"
07-17 10:17:38.656 24603 24603 W ExoPlayer:Audio: type=1400 audit(0.0:592328): avc: denied { read } for name="u:object_r:media_prop:s0" dev="tmpfs" ino=169 scontext=u:r:untrusted_app:s0:c247,c256,c512,c768 tcontext=u:object_r:media_prop:s0 tclass=file permissive=0
07-17 10:17:38.666 24603 32332 I OMXClient: IOmx service obtained
07-17 10:17:38.673 24603 32331 I MediaCodec: [OMX.MTK.VIDEO.DECODER.AVC] setting surface generation to 25193557
07-17 10:17:38.673 24603 32331 I MediaCodecLogger: [ASAP] HW.video.avc P2 + 40901216
07-17 10:17:38.674 24603 32331 I MediaCodecLogger: HW.video.avc Adaptive Streaming max w:1280 h:720, screen size:FHD
07-17 10:17:38.675 24603 32332 I ACodec  : Call prepareForAdaptivePlayback. maxWidth 1280, maxHeight 720.
07-17 10:17:38.675 24603 32332 I ACodec  : [OMX.MTK.VIDEO.DECODER.AVC] prepareForAdaptivePlayback failed w/ err -1010
07-17 10:17:38.676 24603 32332 I ACodec  : codec does not support config priority (err -1010)
07-17 10:17:38.677 24603 32331 I MediaCodecLogger: [ASAP] HW.video.avc P2 - 40901220
07-17 10:17:38.678 24603 32326 I MediaCodecLogger: [ASAP] HW.video.avc P3 + 40901221
07-17 10:17:38.696 24603 24603 W ExoPlayer:Playb: type=1400 audit(0.0:592330): avc: denied { read } for name="u:object_r:media_prop:s0" dev="tmpfs" ino=169 scontext=u:r:untrusted_app:s0:c247,c256,c512,c768 tcontext=u:object_r:media_prop:s0 tclass=file permissive=0
07-17 10:17:38.697 24603 32128 I MediaCodecLogger: 24603.HW.video.avc.TotalVideoPlaybackTimeMs = 57420
07-17 10:17:38.697 24603 32128 I MediaCodecLogger: 24603.HW.video.avc.StreamAvgFramerate = 50.000
07-17 10:17:38.697 24603 32128 I MediaCodecLogger: 24603.HW.video.avc.videoResolution.HD = 57420
07-17 10:17:38.697 24603 32128 I MediaCodecLogger: 24603.HW.video.avc.StreamFramerate = 49.896
07-17 10:17:38.697 24603 32128 I MediaCodecLogger: 24603.HW.video.avc.AspectRatio = 1.778
07-17 10:17:38.697 24603 32128 I MediaCodecLogger: 24603.HW.video.avc.OneConsecutiveFramesDropped = 220
07-17 10:17:38.697 24603 32128 I MediaCodecLogger: 24603.HW.video.avc.TotalFramesDropped = 220
07-17 10:17:38.697 24603 32128 I MediaCodecLogger: 24603.HW.video.avc.MaxConsecutiveFramesDropped = 1
07-17 10:17:38.697 24603 32128 I MediaCodecLogger: 24603.HW.video.avc.ASAP-P5Ms = 145
07-17 10:17:38.698 24603 32128 I MediaCodecLogger: 24603.HW.video.avc.ASAP-P2Ms = 6
07-17 10:17:38.698 24603 32128 I MediaCodecLogger: 24603.HW.video.avc.ASAP-P3Ms = 25
07-17 10:17:38.698 24603 32128 I MediaCodecLogger: 24603.HW.video.avc.FirstFrameReadyMs = 139
07-17 10:17:38.698 24603 32128 I MediaCodecLogger: 24603.HW.video.avc.StreamAvgBitrateInKbps = 125
07-17 10:17:38.701 24603 32128 E libc    : Access denied finding property "media.metrics.enabled"
07-17 10:17:38.711 24603 32128 I MediaCodecLogger: 24603.SW.audio.mp4a.TotalAudioPlaybackTimeMs = 57642
07-17 10:17:38.711 24603 32128 I MediaCodecLogger: 24603.SW.audio.mp4a.StreamAvgBitrateInKbps = 122
07-17 10:17:38.712 24603 32128 E libc    : Access denied finding property "media.metrics.enabled"
07-17 10:17:38.728 24603 32332 W ACodec  : [OMX.MTK.VIDEO.DECODER.AVC] setting nBufferCountActual to 7 failed: -22
07-17 10:17:38.706 24603 24603 W ExoPlayer:Playb: type=1400 audit(0.0:592331): avc: denied { read } for name="u:object_r:media_prop:s0" dev="tmpfs" ino=169 scontext=u:r:untrusted_app:s0:c247,c256,c512,c768 tcontext=u:object_r:media_prop:s0 tclass=file permissive=0
07-17 10:17:38.730 24603 32331 I MediaCodecLogger: [ASAP] HW.video.avc P3 - 40901273
07-17 10:17:38.736 24603 32331 I MediaCodecLogger: [ASAP] HW.video.avc Got First Input Frame 40901279 pts:1000000000000
07-17 10:17:38.743 24603 32339 I OMXClient: IOmx service obtained
07-17 10:17:38.756 24603 32339 I MediaCodecLogger: [ASAP] SW.audio.mp4a P2 + 40901299
07-17 10:17:38.757 24603 32339 I ACodec  : codec does not support config priority (err -2147483648)
07-17 10:17:38.757 24603 32339 I ACodec  : codec does not support config operating rate (err -2147483648)
07-17 10:17:38.758 24603 32339 I MediaCodecLogger: [ASAP] SW.audio.mp4a P2 - 40901301
07-17 10:17:38.759 24603 32326 I MediaCodecLogger: [ASAP] SW.audio.mp4a P3 + 40901302
07-17 10:17:38.784 24603 32339 I MediaCodecLogger: [ASAP] SW.audio.mp4a P3 - 40901327
07-17 10:17:38.786 24603 32339 I MediaCodecLogger: [ASAP] SW.audio.mp4a Got First Input Frame 40901329 pts:1000000014666
07-17 10:17:38.789 24603 32332 W AHierarchicalStateMachine: Warning message AMessage(what = 'omxI') = {
07-17 10:17:38.789 24603 32332 W AHierarchicalStateMachine:   int32_t type = 0
07-17 10:17:38.789 24603 32332 W AHierarchicalStateMachine:   int32_t event = 3
07-17 10:17:38.789 24603 32332 W AHierarchicalStateMachine:   int32_t data1 = 1
07-17 10:17:38.789 24603 32332 W AHierarchicalStateMachine:   int32_t data2 = 117440527
07-17 10:17:38.789 24603 32332 W AHierarchicalStateMachine: } unhandled in root state.
07-17 10:17:38.796 24603 32332 W ACodec  : [OMX.MTK.VIDEO.DECODER.AVC] setting nBufferCountActual to 14 failed: -22
07-17 10:17:38.812 24603 32339 I MediaCodecLogger: updatePTSTime [SW.audio.mp4a] First PTS after Flush or reset = 1000000014666
07-17 10:17:38.812 24603 32339 I MediaCodecLogger: [ASAP] SW.audio.mp4a Got First Frame Ready 40901355(26)
07-17 10:17:38.833 24603 32326 I android.media.AudioTrack: AUDIOINFO: audio_input: format: 2 sample_rate: 48000 channels: 2 AudioAttributes: AudioAttributes: usage=USAGE_MEDIA content=CONTENT_TYPE_MUSIC flags=0x200 tags= bundle=null
07-17 10:17:38.856 24603 32331 I MediaCodecLogger: updateFormatChanged width = 1280 height = 720
07-17 10:17:38.857 24603 32331 I MediaCodecLogger: updatePTSTime [HW.video.avc] First PTS after Flush or reset = 1000000000000
07-17 10:17:38.857 24603 32331 I MediaCodecLogger: [ASAP] HW.video.avc Got First Frame Ready 40901400(121)
07-17 10:17:38.880 24603 32331 I MediaCodecLogger: Rendering first frame after starting or flushing.
07-17 10:17:38.880 24603 32331 I MediaCodecLogger: [ASAP] HW.video.avc Got First Frame Render 40901423(144)
07-17 10:17:38.880 24603 32331 I MediaCodecLogger: App sets Timestamps for render in SurfaceFlinger
07-17 10:17:39.370 24603 24616 I vision.svplaye: Background concurrent copying GC freed 142941(5MB) AllocSpace objects, 17(980KB) LOS objects, 16% free, 30MB/36MB, paused 190us total 334.596ms
07-17 10:17:39.401 24603 32331 I MediaCodecLogger: 24603.HW.video.avc Resolution change from 0x0 to 1280x720 took = 14
07-17 10:17:40.360 24603 32331 I MediaCodecLogger: 24603.HW.video.avc Dropped 10 frames
07-17 10:17:41.355 24603 32331 I MediaCodecLogger: 24603.HW.video.avc Dropped 20 frames
07-17 10:17:43.745 24603 32331 I MediaCodecLogger: 24603.HW.video.avc.bitrateInKbps = 143
07-17 10:17:43.788 24603 32339 I MediaCodecLogger: 24603.SW.audio.mp4a.bitrateInKbps = 128
