--------- beginning of main
07-21 20:11:57.355 15386 15415 I chatty  : uid=10247(com.smartvision.svplayer) Profile Saver expire 4 lines
07-21 20:12:03.291 15386 15403 I chatty  : uid=10247(com.smartvision.svplayer) HeapTaskDaemon expire 13 lines
07-21 20:12:16.371 15386 16020 I chatty  : uid=10247(com.smartvision.svplayer) AmazonKeyEventL expire 5 lines
07-21 20:12:26.381 15386 17471 I chatty  : uid=10247(com.smartvision.svplayer) expire 10 lines
07-21 20:12:26.467 15386 15403 I chatty  : uid=10247(com.smartvision.svplayer) HeapTaskDaemon expire 11 lines
07-21 20:12:36.482 15386 17482 I chatty  : uid=10247(com.smartvision.svplayer) expire 10 lines
07-21 20:12:46.086 15386 15403 I chatty  : uid=10247(com.smartvision.svplayer) HeapTaskDaemon expire 10 lines
07-21 20:13:02.166 15386 15403 I chatty  : uid=10247(com.smartvision.svplayer) HeapTaskDaemon expire 10 lines
07-21 20:13:16.911 15386 17471 I chatty  : uid=10247(com.smartvision.svplayer) expire 3 lines
07-21 20:13:18.122 15386 15403 I chatty  : uid=10247(com.smartvision.svplayer) HeapTaskDaemon expire 7 lines
07-21 20:13:26.918 15386 17482 I chatty  : uid=10247(com.smartvision.svplayer) expire 2 lines
07-21 20:13:31.104 15386 15403 I chatty  : uid=10247(com.smartvision.svplayer) HeapTaskDaemon expire 1 line
07-21 20:13:32.149 15386 17471 I chatty  : uid=10247(com.smartvision.svplayer) expire 1 line
07-21 20:13:32.644 15386 15403 I chatty  : uid=10247(com.smartvision.svplayer) HeapTaskDaemon expire 5 lines
07-21 20:13:37.039 15386 17482 I chatty  : uid=10247(com.smartvision.svplayer) expire 2 lines
07-21 20:13:37.192 15386 17471 I chatty  : uid=10247(com.smartvision.svplayer) expire 2 lines
07-21 20:13:40.622 15386 15403 I chatty  : uid=10247(com.smartvision.svplayer) HeapTaskDaemon expire 5 lines
07-21 20:13:47.103 15386 17482 I chatty  : uid=10247(com.smartvision.svplayer) expire 3 lines
07-21 20:13:47.263 15386 17471 I chatty  : uid=10247(com.smartvision.svplayer) expire 3 lines
07-21 20:13:48.498 15386 15403 I chatty  : uid=10247(com.smartvision.svplayer) HeapTaskDaemon expire 8 lines
07-21 20:14:01.041 15386 15403 I chatty  : uid=10247(com.smartvision.svplayer) HeapTaskDaemon expire 5 lines
07-21 20:14:02.174 15386 17482 I chatty  : uid=10247(com.smartvision.svplayer) expire 2 lines
07-21 20:14:02.428 15386 17471 I chatty  : uid=10247(com.smartvision.svplayer) expire 2 lines
07-21 20:14:08.952 15386 15403 I chatty  : uid=10247(com.smartvision.svplayer) HeapTaskDaemon expire 3 lines
07-21 20:14:12.300 15386 17482 I chatty  : uid=10247(com.smartvision.svplayer) expire 1 line
07-21 20:14:12.500 15386 17471 I chatty  : uid=10247(com.smartvision.svplayer) expire 1 line
07-21 20:14:13.979 15386 15403 I chatty  : uid=10247(com.smartvision.svplayer) HeapTaskDaemon expire 3 lines
07-21 20:14:17.351 15386 17482 I chatty  : uid=10247(com.smartvision.svplayer) expire 1 line
07-21 20:14:17.546 15386 17471 I chatty  : uid=10247(com.smartvision.svplayer) expire 1 line
07-21 20:14:18.971 15386 15403 I chatty  : uid=10247(com.smartvision.svplayer) HeapTaskDaemon expire 3 lines
07-21 20:14:22.408 15386 17482 I chatty  : uid=10247(com.smartvision.svplayer) expire 1 line
07-21 20:14:22.582 15386 17471 I chatty  : uid=10247(com.smartvision.svplayer) expire 1 line
07-21 20:14:23.818 15386 15403 I chatty  : uid=10247(com.smartvision.svplayer) HeapTaskDaemon expire 1 line
07-21 20:14:24.726 15386 15697 I chatty  : uid=10247(com.smartvision.svplayer) ExoPlayer:Playb expire 1 line
07-21 20:14:24.748 15386 15386 I chatty  : uid=10247(com.smartvision.svplayer) expire 2 lines
07-21 20:14:24.773 15386 17471 I chatty  : uid=10247(com.smartvision.svplayer) expire 1 line
07-21 20:14:24.794 15386 18967 I chatty  : uid=10247(com.smartvision.svplayer) expire 1 line
07-21 20:14:24.895 15386 15697 I chatty  : uid=10247(com.smartvision.svplayer) ExoPlayer:Playb expire 16 lines
07-21 20:14:24.893 15386 15386 I chatty  : uid=10247(com.smartvision.svplayer) expire 2 lines
07-21 20:14:24.917 15386 15697 I chatty  : uid=10247(com.smartvision.svplayer) ExoPlayer:Playb expire 3 lines
07-21 20:14:25.109 15386 15393 I chatty  : uid=10247(com.smartvision.svplayer) Jit thread pool expire 2 lines
07-21 20:14:25.350 15386 15403 I vision.svplaye: NativeAlloc concurrent copying GC freed 134570(4MB) AllocSpace objects, 266(17MB) LOS objects, 18% free, 26MB/32MB, paused 179us total 299.177ms
07-21 20:14:25.384 15386 15386 I Choreographer: Skipped 37 frames!  The application may be doing too much work on its main thread.
07-21 20:14:25.411 15386 15489 I OpenGLRenderer: Davey! duration=764ms; Flags=0, IntendedVsync=14022459731598, Vsync=14022559831698, OldestInputEvent=9223372036854775807, NewestInputEvent=0, HandleInputStart=14022565135911, AnimationStart=14022565167449, PerformTraversalsStart=14022978498988, DrawStart=14022978869065, SyncQueued=14023174995449, SyncStart=14023175100526, IssueDrawCommandsStart=14023176212141, SwapBuffers=14023222866757, FrameCompleted=14023223963911, DequeueBufferDuration=337000, QueueBufferDuration=453000, 
07-21 20:14:25.620 15386 15489 I OpenGLRenderer: Davey! duration=856ms; Flags=0, IntendedVsync=14022576465956, Vsync=14023193749906, OldestInputEvent=9223372036854775807, NewestInputEvent=0, HandleInputStart=14023198076911, AnimationStart=14023198111449, PerformTraversalsStart=14023386648680, DrawStart=14023386956449, SyncQueued=14023409863065, SyncStart=14023409997988, IssueDrawCommandsStart=14023411560680, SwapBuffers=14023432446680, FrameCompleted=14023433393142, DequeueBufferDuration=359000, QueueBufferDuration=344000, 
07-21 20:14:26.059 15386 15386 I SmartVisionAds: Statut monetisation actuel: FREE_WITH_ADS
07-21 20:14:26.821 15386 15403 I vision.svplaye: Background concurrent copying GC freed 122512(5MB) AllocSpace objects, 4(668KB) LOS objects, 17% free, 27MB/33MB, paused 204us total 336.811ms
07-21 20:14:28.149 15386 15403 I vision.svplaye: Background concurrent copying GC freed 247618(9MB) AllocSpace objects, 7(320KB) LOS objects, 18% free, 25MB/31MB, paused 490us total 445.692ms
07-21 20:14:29.872 15386 15403 I vision.svplaye: Background concurrent copying GC freed 226604(7MB) AllocSpace objects, 0(0B) LOS objects, 19% free, 24MB/30MB, paused 200us total 280.495ms
07-21 20:14:31.622 15386 15403 I vision.svplaye: Background concurrent copying GC freed 212189(6MB) AllocSpace objects, 0(0B) LOS objects, 19% free, 24MB/30MB, paused 197us total 280.960ms
07-21 20:14:33.369 15386 15403 I vision.svplaye: Background concurrent copying GC freed 215876(6MB) AllocSpace objects, 0(0B) LOS objects, 19% free, 24MB/30MB, paused 208us total 276.242ms
07-21 20:14:35.113 15386 15403 I vision.svplaye: Background concurrent copying GC freed 210809(6MB) AllocSpace objects, 0(0B) LOS objects, 19% free, 24MB/30MB, paused 236us total 269.115ms
07-21 20:14:36.856 15386 15403 I vision.svplaye: Background concurrent copying GC freed 213061(6MB) AllocSpace objects, 0(0B) LOS objects, 19% free, 24MB/30MB, paused 180us total 268.143ms
07-21 20:14:38.594 15386 15403 I vision.svplaye: Background concurrent copying GC freed 211590(6MB) AllocSpace objects, 0(0B) LOS objects, 19% free, 24MB/30MB, paused 199us total 269.975ms
07-21 20:14:40.348 15386 15403 I vision.svplaye: Background concurrent copying GC freed 209927(6MB) AllocSpace objects, 0(0B) LOS objects, 19% free, 24MB/30MB, paused 229us total 271.313ms
07-21 20:14:42.145 15386 15403 I vision.svplaye: Background concurrent copying GC freed 204258(6MB) AllocSpace objects, 1(20KB) LOS objects, 19% free, 24MB/30MB, paused 184us total 271.283ms
07-21 20:14:44.029 15386 15403 I vision.svplaye: Background concurrent copying GC freed 208024(6MB) AllocSpace objects, 0(0B) LOS objects, 19% free, 24MB/30MB, paused 210us total 269.482ms
07-21 20:14:45.854 15386 15403 I vision.svplaye: Background concurrent copying GC freed 201901(6MB) AllocSpace objects, 0(0B) LOS objects, 19% free, 24MB/30MB, paused 163us total 265.038ms
07-21 20:14:47.684 15386 15403 I vision.svplaye: Background concurrent copying GC freed 206483(6MB) AllocSpace objects, 0(0B) LOS objects, 19% free, 24MB/30MB, paused 200us total 284.291ms
07-21 20:14:49.542 15386 15403 I vision.svplaye: Background concurrent copying GC freed 209801(6MB) AllocSpace objects, 0(0B) LOS objects, 19% free, 24MB/30MB, paused 202us total 289.666ms
07-21 20:14:51.382 15386 15403 I vision.svplaye: Background concurrent copying GC freed 210723(6MB) AllocSpace objects, 0(0B) LOS objects, 19% free, 24MB/30MB, paused 172us total 281.179ms
07-21 20:14:53.195 15386 15403 I vision.svplaye: Background concurrent copying GC freed 208055(6MB) AllocSpace objects, 0(0B) LOS objects, 19% free, 24MB/30MB, paused 182us total 274.769ms
07-21 20:14:55.030 15386 15403 I vision.svplaye: Background concurrent copying GC freed 208277(6MB) AllocSpace objects, 0(0B) LOS objects, 19% free, 24MB/30MB, paused 194us total 277.466ms
07-21 20:14:56.852 15386 15403 I vision.svplaye: Background concurrent copying GC freed 209201(6MB) AllocSpace objects, 0(0B) LOS objects, 19% free, 24MB/30MB, paused 185us total 267.022ms
07-21 20:14:58.685 15386 15403 I vision.svplaye: Background concurrent copying GC freed 207120(6MB) AllocSpace objects, 0(0B) LOS objects, 19% free, 24MB/30MB, paused 192us total 274.522ms
07-21 20:15:00.514 15386 15403 I vision.svplaye: Background concurrent copying GC freed 209211(6MB) AllocSpace objects, 0(0B) LOS objects, 19% free, 24MB/30MB, paused 299us total 274.600ms
07-21 20:15:02.340 15386 15403 I vision.svplaye: Background concurrent copying GC freed 207962(6MB) AllocSpace objects, 0(0B) LOS objects, 19% free, 24MB/30MB, paused 181us total 275.239ms
07-21 20:15:04.168 15386 15403 I vision.svplaye: Background concurrent copying GC freed 207249(6MB) AllocSpace objects, 0(0B) LOS objects, 19% free, 24MB/30MB, paused 203us total 277.739ms
07-21 20:15:06.022 15386 15403 I vision.svplaye: Background concurrent copying GC freed 207896(6MB) AllocSpace objects, 0(0B) LOS objects, 19% free, 24MB/30MB, paused 202us total 269.658ms
07-21 20:15:07.852 15386 15403 I vision.svplaye: Background concurrent copying GC freed 207570(6MB) AllocSpace objects, 0(0B) LOS objects, 19% free, 24MB/30MB, paused 218us total 275.809ms
07-21 20:15:09.692 15386 15403 I vision.svplaye: Background concurrent copying GC freed 209589(6MB) AllocSpace objects, 0(0B) LOS objects, 19% free, 24MB/30MB, paused 301us total 276.542ms
07-21 20:15:11.557 15386 15403 I vision.svplaye: Background concurrent copying GC freed 202474(6MB) AllocSpace objects, 0(0B) LOS objects, 19% free, 24MB/30MB, paused 168us total 286.183ms
07-21 20:15:13.391 15386 15403 I vision.svplaye: Background concurrent copying GC freed 209355(6MB) AllocSpace objects, 0(0B) LOS objects, 19% free, 24MB/30MB, paused 201us total 281.648ms
07-21 20:15:14.382 15386 15386 I ExoPlayerImpl: Init f64367f [AndroidXMedia3/1.6.1] [sheldonp, AFTSSS, Amazon, 28]
07-21 20:15:14.535 15386 16020 W AmazonKeyEventLogging: remote_perf key event latency detected [Source: ViewRootImpl, KeyCode: KEYCODE_XXXX, IsDown: 0, Repeat: 0, EventTime: 14072111, Latency: 236, DeviceId: -1, AppPackage: com.smartvision.svplayer]
07-21 20:15:15.104 15386 15403 I vision.svplaye: Background concurrent copying GC freed 179517(5MB) AllocSpace objects, 4(96KB) LOS objects, 18% free, 26MB/32MB, paused 342us total 312.304ms
07-21 20:15:15.424 15386 19246 I OMXClient: IOmx service obtained
07-21 20:15:15.468 15386 19245 I MediaCodec: [OMX.MTK.VIDEO.DECODER.HEVC] setting surface generation to 15755270
07-21 20:15:15.468 15386 19245 I MediaCodecLogger: [ASAP] HW.video.hevc P2 + 14073281
07-21 20:15:15.469 15386 19245 I MediaCodecLogger: HW.video.hevc Adaptive Streaming max w:3840 h:2080, screen size:FHD
07-21 20:15:15.469 15386 19246 I ACodec  : Call prepareForAdaptivePlayback. maxWidth 3840, maxHeight 2080.
07-21 20:15:15.470 15386 19246 I ACodec  : [OMX.MTK.VIDEO.DECODER.HEVC] prepareForAdaptivePlayback failed w/ err -1010
07-21 20:15:15.471 15386 19246 E ACodec  : [OMX.MTK.VIDEO.DECODER.HEVC] configureCodec returning error -22
07-21 20:15:15.463 15386 15386 W MediaCodec_loop: type=1400 audit(0.0:1192): avc: denied { read } for name="u:object_r:media_prop:s0" dev="tmpfs" ino=12650 scontext=u:r:untrusted_app:s0:c247,c256,c512,c768 tcontext=u:object_r:media_prop:s0 tclass=file permissive=0
07-21 20:15:15.471 15386 19246 E ACodec  : signalError(omxError 0x80001001, internalError -22)
07-21 20:15:15.471 15386 19245 E MediaCodec: Codec reported err 0xffffffea, actionCode 0, while in state 3
07-21 20:15:15.471 15386 19245 I MediaCodecLogger: 15386.HW.video.hevc.DecoderErrorFatal = 1
07-21 20:15:15.471 15386 19245 I MediaCodecLogger: 15386.HW.video.hevc.ASAP-P2Ms = -14073281
07-21 20:15:15.471 15386 19245 I MediaCodecLogger: 15386.HW.video.hevc.ASAP-P3Ms = 0
07-21 20:15:15.471 15386 19245 I MediaCodecLogger: 15386.HW.video.hevc.FirstFrameReadyMs = 0
07-21 20:15:15.471 15386 19245 I MediaCodecLogger: 15386.HW.video.hevc..DecoderErrorFatal = 1
07-21 20:15:15.471 15386 19245 E libc    : Access denied finding property "media.metrics.enabled"
07-21 20:15:15.474 15386 19241 E MediaCodec: configure failed with err 0xffffffea, resetting...
07-21 20:15:15.493 15386 19246 I OMXClient: IOmx service obtained
07-21 20:15:15.537 15386 19241 E libc    : Access denied finding property "media.metrics.enabled"
07-21 20:15:15.533 15386 15386 W ExoPlayer:Playb: type=1400 audit(0.0:1194): avc: denied { read } for name="u:object_r:media_prop:s0" dev="tmpfs" ino=12650 scontext=u:r:untrusted_app:s0:c247,c256,c512,c768 tcontext=u:object_r:media_prop:s0 tclass=file permissive=0
07-21 20:15:15.546 15386 19241 W MediaCodecRenderer: Failed to initialize decoder: OMX.MTK.VIDEO.DECODER.HEVC
07-21 20:15:15.546 15386 19241 W MediaCodecRenderer:   java.lang.IllegalArgumentException
07-21 20:15:15.546 15386 19241 W MediaCodecRenderer:       at android.media.MediaCodec.native_configure(Native Method)
07-21 20:15:15.546 15386 19241 W MediaCodecRenderer:       at android.media.MediaCodec.configure(MediaCodec.java:1971)
07-21 20:15:15.546 15386 19241 W MediaCodecRenderer:       at android.media.MediaCodec.configure(MediaCodec.java:1900)
07-21 20:15:15.546 15386 19241 W MediaCodecRenderer:       at androidx.media3.exoplayer.mediacodec.SynchronousMediaCodecAdapter$Factory.createAdapter(SynchronousMediaCodecAdapter.java:60)
07-21 20:15:15.546 15386 19241 W MediaCodecRenderer:       at androidx.media3.exoplayer.mediacodec.DefaultMediaCodecAdapterFactory.createAdapter(DefaultMediaCodecAdapterFactory.java:165)
07-21 20:15:15.546 15386 19241 W MediaCodecRenderer:       at androidx.media3.exoplayer.mediacodec.MediaCodecRenderer.initCodec(MediaCodecRenderer.java:1233)
07-21 20:15:15.546 15386 19241 W MediaCodecRenderer:       at androidx.media3.exoplayer.mediacodec.MediaCodecRenderer.maybeInitCodecWithFallback(MediaCodecRenderer.java:1146)
07-21 20:15:15.546 15386 19241 W MediaCodecRenderer:       at androidx.media3.exoplayer.mediacodec.MediaCodecRenderer.maybeInitCodecOrBypass(MediaCodecRenderer.java:589)
07-21 20:15:15.546 15386 19241 W MediaCodecRenderer:       at androidx.media3.exoplayer.mediacodec.MediaCodecRenderer.onInputFormatChanged(MediaCodecRenderer.java:1601)
07-21 20:15:15.546 15386 19241 W MediaCodecRenderer:       at androidx.media3.exoplayer.video.MediaCodecVideoRenderer.onInputFormatChanged(MediaCodecVideoRenderer.java:1453)
07-21 20:15:15.546 15386 19241 W MediaCodecRenderer:       at androidx.media3.exoplayer.mediacodec.MediaCodecRenderer.readSourceOmittingSampleData(MediaCodecRenderer.java:1047)
07-21 20:15:15.546 15386 19241 W MediaCodecRenderer:       at androidx.media3.exoplayer.mediacodec.MediaCodecRenderer.render(MediaCodecRenderer.java:865)
07-21 20:15:15.546 15386 19241 W MediaCodecRenderer:       at androidx.media3.exoplayer.video.MediaCodecVideoRenderer.render(MediaCodecVideoRenderer.java:1281)
07-21 20:15:15.546 15386 19241 W MediaCodecRenderer:       at androidx.media3.exoplayer.RendererHolder.render(RendererHolder.java:381)
07-21 20:15:15.546 15386 19241 W MediaCodecRenderer:       at androidx.media3.exoplayer.ExoPlayerImplInternal.doSomeWork(ExoPlayerImplInternal.java:1328)
07-21 20:15:15.546 15386 19241 W MediaCodecRenderer:       at androidx.media3.exoplayer.ExoPlayerImplInternal.handleMessage(ExoPlayerImplInternal.java:646)
07-21 20:15:15.546 15386 19241 W MediaCodecRenderer:       at android.os.Handler.dispatchMessage(Handler.java:102)
07-21 20:15:15.546 15386 19241 W MediaCodecRenderer:       at android.os.Looper.loop(Looper.java:211)
07-21 20:15:15.546 15386 19241 W MediaCodecRenderer:       at android.os.HandlerThread.run(HandlerThread.java:65)
07-21 20:15:15.548 15386 19241 E MediaCodecVideoRenderer: Video codec error
07-21 20:15:15.548 15386 19241 E MediaCodecVideoRenderer:   androidx.media3.exoplayer.mediacodec.MediaCodecRenderer$DecoderInitializationException: Decoder init failed: OMX.MTK.VIDEO.DECODER.HEVC, Format(1, null, video/x-matroska, video/hevc, hvc1.2.4.L150.90, -1, und, [3840, 2080, -1.0, ColorInfo(BT709, Unset color range, SDR SMPTE 170M, false, NA, NA)], [-1, -1])
07-21 20:15:15.548 15386 19241 E MediaCodecVideoRenderer:       at androidx.media3.exoplayer.mediacodec.MediaCodecRenderer.maybeInitCodecWithFallback(MediaCodecRenderer.java:1153)
07-21 20:15:15.548 15386 19241 E MediaCodecVideoRenderer:       at androidx.media3.exoplayer.mediacodec.MediaCodecRenderer.maybeInitCodecOrBypass(MediaCodecRenderer.java:589)
07-21 20:15:15.548 15386 19241 E MediaCodecVideoRenderer:       at androidx.media3.exoplayer.mediacodec.MediaCodecRenderer.onInputFormatChanged(MediaCodecRenderer.java:1601)
07-21 20:15:15.548 15386 19241 E MediaCodecVideoRenderer:       at androidx.media3.exoplayer.video.MediaCodecVideoRenderer.onInputFormatChanged(MediaCodecVideoRenderer.java:1453)
07-21 20:15:15.548 15386 19241 E MediaCodecVideoRenderer:       at androidx.media3.exoplayer.mediacodec.MediaCodecRenderer.readSourceOmittingSampleData(MediaCodecRenderer.java:1047)
07-21 20:15:15.548 15386 19241 E MediaCodecVideoRenderer:       at androidx.media3.exoplayer.mediacodec.MediaCodecRenderer.render(MediaCodecRenderer.java:865)
07-21 20:15:15.548 15386 19241 E MediaCodecVideoRenderer:       at androidx.media3.exoplayer.video.MediaCodecVideoRenderer.render(MediaCodecVideoRenderer.java:1281)
07-21 20:15:15.548 15386 19241 E MediaCodecVideoRenderer:       at androidx.media3.exoplayer.RendererHolder.render(RendererHolder.java:381)
07-21 20:15:15.548 15386 19241 E MediaCodecVideoRenderer:       at androidx.media3.exoplayer.ExoPlayerImplInternal.doSomeWork(ExoPlayerImplInternal.java:1328)
07-21 20:15:15.548 15386 19241 E MediaCodecVideoRenderer:       at androidx.media3.exoplayer.ExoPlayerImplInternal.handleMessage(ExoPlayerImplInternal.java:646)
07-21 20:15:15.548 15386 19241 E MediaCodecVideoRenderer:       at android.os.Handler.dispatchMessage(Handler.java:102)
07-21 20:15:15.548 15386 19241 E MediaCodecVideoRenderer:       at android.os.Looper.loop(Looper.java:211)
07-21 20:15:15.548 15386 19241 E MediaCodecVideoRenderer:       at android.os.HandlerThread.run(HandlerThread.java:65)
07-21 20:15:15.548 15386 19241 E MediaCodecVideoRenderer:   Caused by: java.lang.IllegalArgumentException
07-21 20:15:15.548 15386 19241 E MediaCodecVideoRenderer:       at android.media.MediaCodec.native_configure(Native Method)
07-21 20:15:15.548 15386 19241 E MediaCodecVideoRenderer:       at android.media.MediaCodec.configure(MediaCodec.java:1971)
07-21 20:15:15.548 15386 19241 E MediaCodecVideoRenderer:       at android.media.MediaCodec.configure(MediaCodec.java:1900)
07-21 20:15:15.548 15386 19241 E MediaCodecVideoRenderer:       at androidx.media3.exoplayer.mediacodec.SynchronousMediaCodecAdapter$Factory.createAdapter(SynchronousMediaCodecAdapter.java:60)
07-21 20:15:15.548 15386 19241 E MediaCodecVideoRenderer:       at androidx.media3.exoplayer.mediacodec.DefaultMediaCodecAdapterFactory.createAdapter(DefaultMediaCodecAdapterFactory.java:165)
07-21 20:15:15.548 15386 19241 E MediaCodecVideoRenderer:       at androidx.media3.exoplayer.mediacodec.MediaCodecRenderer.initCodec(MediaCodecRenderer.java:1233)
07-21 20:15:15.548 15386 19241 E MediaCodecVideoRenderer:       at androidx.media3.exoplayer.mediacodec.MediaCodecRenderer.maybeInitCodecWithFallback(MediaCodecRenderer.java:1146)
07-21 20:15:15.548 15386 19241 E MediaCodecVideoRenderer:       ... 12 more
07-21 20:15:15.550 15386 19241 E ExoPlayerImplInternal: Playback error
07-21 20:15:15.550 15386 19241 E ExoPlayerImplInternal:   androidx.media3.exoplayer.ExoPlaybackException: MediaCodecVideoRenderer error, index=0, format=Format(1, null, video/x-matroska, video/hevc, hvc1.2.4.L150.90, -1, und, [3840, 2080, -1.0, ColorInfo(BT709, Unset color range, SDR SMPTE 170M, false, NA, NA)], [-1, -1]), format_supported=NO_EXCEEDS_CAPABILITIES
07-21 20:15:15.550 15386 19241 E ExoPlayerImplInternal:       at androidx.media3.exoplayer.ExoPlayerImplInternal.handleMessage(ExoPlayerImplInternal.java:745)
07-21 20:15:15.550 15386 19241 E ExoPlayerImplInternal:       at android.os.Handler.dispatchMessage(Handler.java:102)
07-21 20:15:15.550 15386 19241 E ExoPlayerImplInternal:       at android.os.Looper.loop(Looper.java:211)
07-21 20:15:15.550 15386 19241 E ExoPlayerImplInternal:       at android.os.HandlerThread.run(HandlerThread.java:65)
07-21 20:15:15.550 15386 19241 E ExoPlayerImplInternal:   Caused by: androidx.media3.exoplayer.mediacodec.MediaCodecRenderer$DecoderInitializationException: Decoder init failed: OMX.MTK.VIDEO.DECODER.HEVC, Format(1, null, video/x-matroska, video/hevc, hvc1.2.4.L150.90, -1, und, [3840, 2080, -1.0, ColorInfo(BT709, Unset color range, SDR SMPTE 170M, false, NA, NA)], [-1, -1])
07-21 20:15:15.550 15386 19241 E ExoPlayerImplInternal:       at androidx.media3.exoplayer.mediacodec.MediaCodecRenderer.maybeInitCodecWithFallback(MediaCodecRenderer.java:1153)
07-21 20:15:15.550 15386 19241 E ExoPlayerImplInternal:       at androidx.media3.exoplayer.mediacodec.MediaCodecRenderer.maybeInitCodecOrBypass(MediaCodecRenderer.java:589)
07-21 20:15:15.550 15386 19241 E ExoPlayerImplInternal:       at androidx.media3.exoplayer.mediacodec.MediaCodecRenderer.onInputFormatChanged(MediaCodecRenderer.java:1601)
07-21 20:15:15.550 15386 19241 E ExoPlayerImplInternal:       at androidx.media3.exoplayer.video.MediaCodecVideoRenderer.onInputFormatChanged(MediaCodecVideoRenderer.java:1453)
07-21 20:15:15.550 15386 19241 E ExoPlayerImplInternal:       at androidx.media3.exoplayer.mediacodec.MediaCodecRenderer.readSourceOmittingSampleData(MediaCodecRenderer.java:1047)
07-21 20:15:15.550 15386 19241 E ExoPlayerImplInternal:       at androidx.media3.exoplayer.mediacodec.MediaCodecRenderer.render(MediaCodecRenderer.java:865)
07-21 20:15:15.550 15386 19241 E ExoPlayerImplInternal:       at androidx.media3.exoplayer.video.MediaCodecVideoRenderer.render(MediaCodecVideoRenderer.java:1281)
07-21 20:15:15.550 15386 19241 E ExoPlayerImplInternal:       at androidx.media3.exoplayer.RendererHolder.render(RendererHolder.java:381)
07-21 20:15:15.550 15386 19241 E ExoPlayerImplInternal:       at androidx.media3.exoplayer.ExoPlayerImplInternal.doSomeWork(ExoPlayerImplInternal.java:1328)
07-21 20:15:15.550 15386 19241 E ExoPlayerImplInternal:       at androidx.media3.exoplayer.ExoPlayerImplInternal.handleMessage(ExoPlayerImplInternal.java:646)
07-21 20:15:15.550 15386 19241 E ExoPlayerImplInternal:       ... 3 more
07-21 20:15:15.550 15386 19241 E ExoPlayerImplInternal:   Caused by: java.lang.IllegalArgumentException
07-21 20:15:15.550 15386 19241 E ExoPlayerImplInternal:       at android.media.MediaCodec.native_configure(Native Method)
07-21 20:15:15.550 15386 19241 E ExoPlayerImplInternal:       at android.media.MediaCodec.configure(MediaCodec.java:1971)
07-21 20:15:15.550 15386 19241 E ExoPlayerImplInternal:       at android.media.MediaCodec.configure(MediaCodec.java:1900)
07-21 20:15:15.550 15386 19241 E ExoPlayerImplInternal:       at androidx.media3.exoplayer.mediacodec.SynchronousMediaCodecAdapter$Factory.createAdapter(SynchronousMediaCodecAdapter.java:60)
07-21 20:15:15.550 15386 19241 E ExoPlayerImplInternal:       at androidx.media3.exoplayer.mediacodec.DefaultMediaCodecAdapterFactory.createAdapter(DefaultMediaCodecAdapterFactory.java:165)
07-21 20:15:15.550 15386 19241 E ExoPlayerImplInternal:       at androidx.media3.exoplayer.mediacodec.MediaCodecRenderer.initCodec(MediaCodecRenderer.java:1233)
07-21 20:15:15.550 15386 19241 E ExoPlayerImplInternal:       at androidx.media3.exoplayer.mediacodec.MediaCodecRenderer.maybeInitCodecWithFallback(MediaCodecRenderer.java:1146)
07-21 20:15:15.550 15386 19241 E ExoPlayerImplInternal:       ... 12 more
07-21 20:15:16.128 15386 15403 I vision.svplaye: Background concurrent copying GC freed 156862(6MB) AllocSpace objects, 20(1016KB) LOS objects, 19% free, 25MB/31MB, paused 238us total 271.351ms
07-21 20:15:17.608 15386 15403 I vision.svplaye: Background concurrent copying GC freed 209263(6MB) AllocSpace objects, 0(0B) LOS objects, 19% free, 25MB/31MB, paused 227us total 279.033ms
07-21 20:15:19.116 15386 15403 I vision.svplaye: Background concurrent copying GC freed 203928(6MB) AllocSpace objects, 0(0B) LOS objects, 19% free, 25MB/31MB, paused 384us total 331.689ms
07-21 20:15:20.639 15386 15403 I vision.svplaye: Background concurrent copying GC freed 210833(6MB) AllocSpace objects, 0(0B) LOS objects, 19% free, 25MB/31MB, paused 215us total 299.885ms
07-21 20:15:22.075 15386 15403 I vision.svplaye: Background concurrent copying GC freed 210244(6MB) AllocSpace objects, 0(0B) LOS objects, 19% free, 25MB/31MB, paused 190us total 271.539ms
07-21 20:15:23.479 15386 15403 I vision.svplaye: Background concurrent copying GC freed 215071(6MB) AllocSpace objects, 0(0B) LOS objects, 19% free, 25MB/31MB, paused 231us total 265.927ms
07-21 20:15:24.897 15386 15403 I vision.svplaye: Background concurrent copying GC freed 214663(6MB) AllocSpace objects, 0(0B) LOS objects, 19% free, 25MB/31MB, paused 172us total 280.189ms
07-21 20:15:26.306 15386 15403 I vision.svplaye: Background concurrent copying GC freed 216659(6MB) AllocSpace objects, 0(0B) LOS objects, 19% free, 25MB/31MB, paused 223us total 267.831ms
07-21 20:15:27.736 15386 15403 I vision.svplaye: Background concurrent copying GC freed 213769(6MB) AllocSpace objects, 0(0B) LOS objects, 19% free, 25MB/31MB, paused 177us total 278.675ms
07-21 20:15:29.145 15386 15403 I vision.svplaye: Background concurrent copying GC freed 211873(6MB) AllocSpace objects, 0(0B) LOS objects, 19% free, 25MB/31MB, paused 160us total 292.682ms
07-21 20:15:30.572 15386 15403 I vision.svplaye: Background concurrent copying GC freed 218121(6MB) AllocSpace objects, 0(0B) LOS objects, 19% free, 25MB/31MB, paused 178us total 278.511ms
07-21 20:15:32.029 15386 15403 I vision.svplaye: Background concurrent copying GC freed 211290(6MB) AllocSpace objects, 0(0B) LOS objects, 19% free, 25MB/31MB, paused 303us total 282.446ms
07-21 20:15:33.510 15386 15403 I vision.svplaye: Background concurrent copying GC freed 206978(6MB) AllocSpace objects, 1(20KB) LOS objects, 19% free, 25MB/31MB, paused 134us total 276.520ms
07-21 20:15:34.995 15386 15403 I vision.svplaye: Background concurrent copying GC freed 209840(6MB) AllocSpace objects, 0(0B) LOS objects, 19% free, 25MB/31MB, paused 154us total 286.481ms
07-21 20:15:36.476 15386 15403 I vision.svplaye: Background concurrent copying GC freed 211744(6MB) AllocSpace objects, 0(0B) LOS objects, 19% free, 25MB/31MB, paused 239us total 276.235ms
07-21 20:15:37.954 15386 15403 I vision.svplaye: Background concurrent copying GC freed 209009(6MB) AllocSpace objects, 0(0B) LOS objects, 19% free, 25MB/31MB, paused 146us total 276.842ms
07-21 20:15:39.426 15386 15403 I vision.svplaye: Background concurrent copying GC freed 208742(6MB) AllocSpace objects, 0(0B) LOS objects, 19% free, 25MB/31MB, paused 148us total 274.560ms
07-21 20:15:40.897 15386 15403 I vision.svplaye: Background concurrent copying GC freed 211647(6MB) AllocSpace objects, 0(0B) LOS objects, 19% free, 25MB/31MB, paused 167us total 267.067ms
07-21 20:15:42.374 15386 15403 I vision.svplaye: Background concurrent copying GC freed 208828(6MB) AllocSpace objects, 0(0B) LOS objects, 19% free, 25MB/31MB, paused 214us total 279.115ms
07-21 20:15:43.866 15386 15403 I vision.svplaye: Background concurrent copying GC freed 209240(6MB) AllocSpace objects, 0(0B) LOS objects, 19% free, 25MB/31MB, paused 147us total 282.978ms
07-21 20:15:45.348 15386 15403 I vision.svplaye: Background concurrent copying GC freed 211481(6MB) AllocSpace objects, 0(0B) LOS objects, 19% free, 25MB/31MB, paused 169us total 275.955ms
07-21 20:15:46.835 15386 15403 I vision.svplaye: Background concurrent copying GC freed 209470(6MB) AllocSpace objects, 0(0B) LOS objects, 19% free, 25MB/31MB, paused 148us total 276.176ms
07-21 20:15:48.313 15386 15403 I vision.svplaye: Background concurrent copying GC freed 211437(6MB) AllocSpace objects, 0(0B) LOS objects, 19% free, 25MB/31MB, paused 221us total 270.864ms
07-21 20:15:49.803 15386 15403 I vision.svplaye: Background concurrent copying GC freed 209556(6MB) AllocSpace objects, 0(0B) LOS objects, 19% free, 25MB/31MB, paused 148us total 274.745ms
07-21 20:15:51.291 15386 15403 I vision.svplaye: Background concurrent copying GC freed 210554(6MB) AllocSpace objects, 0(0B) LOS objects, 19% free, 25MB/31MB, paused 175us total 281.404ms
07-21 20:15:52.780 15386 15403 I vision.svplaye: Background concurrent copying GC freed 210773(6MB) AllocSpace objects, 0(0B) LOS objects, 19% free, 25MB/31MB, paused 168us total 280.480ms
07-21 20:15:54.249 15386 15403 I vision.svplaye: Background concurrent copying GC freed 211463(6MB) AllocSpace objects, 0(0B) LOS objects, 19% free, 25MB/31MB, paused 148us total 265.571ms
07-21 20:15:55.739 15386 15403 I vision.svplaye: Background concurrent copying GC freed 209469(6MB) AllocSpace objects, 0(0B) LOS objects, 19% free, 25MB/31MB, paused 269us total 285.433ms
07-21 20:15:57.223 15386 15403 I vision.svplaye: Background concurrent copying GC freed 211328(6MB) AllocSpace objects, 0(0B) LOS objects, 19% free, 25MB/31MB, paused 233us total 276.582ms
07-21 20:15:58.703 15386 15403 I vision.svplaye: Background concurrent copying GC freed 209524(6MB) AllocSpace objects, 0(0B) LOS objects, 19% free, 25MB/31MB, paused 154us total 282.070ms
07-21 20:16:00.183 15386 15403 I vision.svplaye: Background concurrent copying GC freed 211450(6MB) AllocSpace objects, 0(0B) LOS objects, 19% free, 25MB/31MB, paused 142us total 278.708ms
07-21 20:16:01.674 15386 15403 I vision.svplaye: Background concurrent copying GC freed 207376(6MB) AllocSpace objects, 0(0B) LOS objects, 19% free, 25MB/31MB, paused 189us total 287.048ms
07-21 20:16:02.507 15386 15386 I SVStartup: state localReady=true checking=false activated=true playableSource=true route=movie_player/{movieId}
07-21 20:16:02.569 15386 15386 I ExoPlayerImpl: Init 36ed573 [AndroidXMedia3/1.6.1] [sheldonp, AFTSSS, Amazon, 28]
07-21 20:16:02.793 15386 15386 I ExoPlayerImpl: Release f64367f [AndroidXMedia3/1.6.1] [sheldonp, AFTSSS, Amazon, 28] [media3.common, media3.exoplayer, media3.decoder, media3.ui, media3.datasource, media3.extractor]
07-21 20:16:03.041 15386 15386 I SmartVisionAds: Statut monetisation actuel: FREE_WITH_ADS
07-21 20:16:03.121 15386 15386 I SmartVisionAds: Pub refusee: pubs desactivees
07-21 20:16:03.268 15386 15403 I vision.svplaye: Background concurrent copying GC freed 180243(5MB) AllocSpace objects, 6(312KB) LOS objects, 19% free, 25MB/31MB, paused 148us total 303.666ms
07-21 20:16:04.025 15386 19367 I OMXClient: IOmx service obtained
07-21 20:16:04.033 15386 19366 I MediaCodec: [OMX.MTK.VIDEO.DECODER.HEVC] setting surface generation to 15755271
07-21 20:16:04.037 15386 19366 I MediaCodecLogger: [ASAP] HW.video.hevc P2 + 14121850
07-21 20:16:04.037 15386 19366 I MediaCodecLogger: HW.video.hevc Adaptive Streaming max w:3840 h:2080, screen size:FHD
07-21 20:16:04.038 15386 19367 I ACodec  : Call prepareForAdaptivePlayback. maxWidth 3840, maxHeight 2080.
07-21 20:16:04.038 15386 19367 I ACodec  : [OMX.MTK.VIDEO.DECODER.HEVC] prepareForAdaptivePlayback failed w/ err -1010
07-21 20:16:04.039 15386 19367 E ACodec  : [OMX.MTK.VIDEO.DECODER.HEVC] configureCodec returning error -22
07-21 20:16:04.039 15386 19367 E ACodec  : signalError(omxError 0x80001001, internalError -22)
07-21 20:16:04.039 15386 19366 E MediaCodec: Codec reported err 0xffffffea, actionCode 0, while in state 3
07-21 20:16:04.039 15386 19366 I MediaCodecLogger: 15386.HW.video.hevc.DecoderErrorFatal = 1
07-21 20:16:04.039 15386 19366 I MediaCodecLogger: 15386.HW.video.hevc.ASAP-P2Ms = -14121850
07-21 20:16:04.039 15386 19366 I MediaCodecLogger: 15386.HW.video.hevc.ASAP-P3Ms = 0
07-21 20:16:04.039 15386 19366 I MediaCodecLogger: 15386.HW.video.hevc.FirstFrameReadyMs = 0
07-21 20:16:04.039 15386 19366 I MediaCodecLogger: 15386.HW.video.hevc..DecoderErrorFatal = 1
07-21 20:16:04.033 15386 15386 W MediaCodec_loop: type=1400 audit(0.0:1199): avc: denied { read } for name="u:object_r:media_prop:s0" dev="tmpfs" ino=12650 scontext=u:r:untrusted_app:s0:c247,c256,c512,c768 tcontext=u:object_r:media_prop:s0 tclass=file permissive=0
07-21 20:16:04.040 15386 19366 E libc    : Access denied finding property "media.metrics.enabled"
07-21 20:16:04.044 15386 19360 E MediaCodec: configure failed with err 0xffffffea, resetting...
07-21 20:16:04.061 15386 19367 I OMXClient: IOmx service obtained
07-21 20:16:04.088 15386 19360 E libc    : Access denied finding property "media.metrics.enabled"
07-21 20:16:04.083 15386 15386 W ExoPlayer:Playb: type=1400 audit(0.0:1201): avc: denied { read } for name="u:object_r:media_prop:s0" dev="tmpfs" ino=12650 scontext=u:r:untrusted_app:s0:c247,c256,c512,c768 tcontext=u:object_r:media_prop:s0 tclass=file permissive=0
07-21 20:16:04.091 15386 19360 W MediaCodecRenderer: Failed to initialize decoder: OMX.MTK.VIDEO.DECODER.HEVC
07-21 20:16:04.091 15386 19360 W MediaCodecRenderer:   java.lang.IllegalArgumentException
07-21 20:16:04.091 15386 19360 W MediaCodecRenderer:       at android.media.MediaCodec.native_configure(Native Method)
07-21 20:16:04.091 15386 19360 W MediaCodecRenderer:       at android.media.MediaCodec.configure(MediaCodec.java:1971)
07-21 20:16:04.091 15386 19360 W MediaCodecRenderer:       at android.media.MediaCodec.configure(MediaCodec.java:1900)
07-21 20:16:04.091 15386 19360 W MediaCodecRenderer:       at androidx.media3.exoplayer.mediacodec.SynchronousMediaCodecAdapter$Factory.createAdapter(SynchronousMediaCodecAdapter.java:60)
07-21 20:16:04.091 15386 19360 W MediaCodecRenderer:       at androidx.media3.exoplayer.mediacodec.DefaultMediaCodecAdapterFactory.createAdapter(DefaultMediaCodecAdapterFactory.java:165)
07-21 20:16:04.091 15386 19360 W MediaCodecRenderer:       at androidx.media3.exoplayer.mediacodec.MediaCodecRenderer.initCodec(MediaCodecRenderer.java:1233)
07-21 20:16:04.091 15386 19360 W MediaCodecRenderer:       at androidx.media3.exoplayer.mediacodec.MediaCodecRenderer.maybeInitCodecWithFallback(MediaCodecRenderer.java:1146)
07-21 20:16:04.091 15386 19360 W MediaCodecRenderer:       at androidx.media3.exoplayer.mediacodec.MediaCodecRenderer.maybeInitCodecOrBypass(MediaCodecRenderer.java:589)
07-21 20:16:04.091 15386 19360 W MediaCodecRenderer:       at androidx.media3.exoplayer.mediacodec.MediaCodecRenderer.onInputFormatChanged(MediaCodecRenderer.java:1601)
07-21 20:16:04.091 15386 19360 W MediaCodecRenderer:       at androidx.media3.exoplayer.video.MediaCodecVideoRenderer.onInputFormatChanged(MediaCodecVideoRenderer.java:1453)
07-21 20:16:04.091 15386 19360 W MediaCodecRenderer:       at androidx.media3.exoplayer.mediacodec.MediaCodecRenderer.readSourceOmittingSampleData(MediaCodecRenderer.java:1047)
07-21 20:16:04.091 15386 19360 W MediaCodecRenderer:       at androidx.media3.exoplayer.mediacodec.MediaCodecRenderer.render(MediaCodecRenderer.java:865)
07-21 20:16:04.091 15386 19360 W MediaCodecRenderer:       at androidx.media3.exoplayer.video.MediaCodecVideoRenderer.render(MediaCodecVideoRenderer.java:1281)
07-21 20:16:04.091 15386 19360 W MediaCodecRenderer:       at androidx.media3.exoplayer.RendererHolder.render(RendererHolder.java:381)
07-21 20:16:04.091 15386 19360 W MediaCodecRenderer:       at androidx.media3.exoplayer.ExoPlayerImplInternal.doSomeWork(ExoPlayerImplInternal.java:1328)
07-21 20:16:04.091 15386 19360 W MediaCodecRenderer:       at androidx.media3.exoplayer.ExoPlayerImplInternal.handleMessage(ExoPlayerImplInternal.java:646)
07-21 20:16:04.091 15386 19360 W MediaCodecRenderer:       at android.os.Handler.dispatchMessage(Handler.java:102)
07-21 20:16:04.091 15386 19360 W MediaCodecRenderer:       at android.os.Looper.loop(Looper.java:211)
07-21 20:16:04.091 15386 19360 W MediaCodecRenderer:       at android.os.HandlerThread.run(HandlerThread.java:65)
07-21 20:16:04.092 15386 19360 E MediaCodecVideoRenderer: Video codec error
07-21 20:16:04.092 15386 19360 E MediaCodecVideoRenderer:   androidx.media3.exoplayer.mediacodec.MediaCodecRenderer$DecoderInitializationException: Decoder init failed: OMX.MTK.VIDEO.DECODER.HEVC, Format(1, null, video/x-matroska, video/hevc, hvc1.2.4.L150.90, -1, und, [3840, 2080, -1.0, ColorInfo(BT709, Unset color range, SDR SMPTE 170M, false, NA, NA)], [-1, -1])
07-21 20:16:04.092 15386 19360 E MediaCodecVideoRenderer:       at androidx.media3.exoplayer.mediacodec.MediaCodecRenderer.maybeInitCodecWithFallback(MediaCodecRenderer.java:1153)
07-21 20:16:04.092 15386 19360 E MediaCodecVideoRenderer:       at androidx.media3.exoplayer.mediacodec.MediaCodecRenderer.maybeInitCodecOrBypass(MediaCodecRenderer.java:589)
07-21 20:16:04.092 15386 19360 E MediaCodecVideoRenderer:       at androidx.media3.exoplayer.mediacodec.MediaCodecRenderer.onInputFormatChanged(MediaCodecRenderer.java:1601)
07-21 20:16:04.092 15386 19360 E MediaCodecVideoRenderer:       at androidx.media3.exoplayer.video.MediaCodecVideoRenderer.onInputFormatChanged(MediaCodecVideoRenderer.java:1453)
07-21 20:16:04.092 15386 19360 E MediaCodecVideoRenderer:       at androidx.media3.exoplayer.mediacodec.MediaCodecRenderer.readSourceOmittingSampleData(MediaCodecRenderer.java:1047)
07-21 20:16:04.092 15386 19360 E MediaCodecVideoRenderer:       at androidx.media3.exoplayer.mediacodec.MediaCodecRenderer.render(MediaCodecRenderer.java:865)
07-21 20:16:04.092 15386 19360 E MediaCodecVideoRenderer:       at androidx.media3.exoplayer.video.MediaCodecVideoRenderer.render(MediaCodecVideoRenderer.java:1281)
07-21 20:16:04.092 15386 19360 E MediaCodecVideoRenderer:       at androidx.media3.exoplayer.RendererHolder.render(RendererHolder.java:381)
07-21 20:16:04.092 15386 19360 E MediaCodecVideoRenderer:       at androidx.media3.exoplayer.ExoPlayerImplInternal.doSomeWork(ExoPlayerImplInternal.java:1328)
07-21 20:16:04.092 15386 19360 E MediaCodecVideoRenderer:       at androidx.media3.exoplayer.ExoPlayerImplInternal.handleMessage(ExoPlayerImplInternal.java:646)
07-21 20:16:04.092 15386 19360 E MediaCodecVideoRenderer:       at android.os.Handler.dispatchMessage(Handler.java:102)
07-21 20:16:04.092 15386 19360 E MediaCodecVideoRenderer:       at android.os.Looper.loop(Looper.java:211)
07-21 20:16:04.092 15386 19360 E MediaCodecVideoRenderer:       at android.os.HandlerThread.run(HandlerThread.java:65)
07-21 20:16:04.092 15386 19360 E MediaCodecVideoRenderer:   Caused by: java.lang.IllegalArgumentException
07-21 20:16:04.092 15386 19360 E MediaCodecVideoRenderer:       at android.media.MediaCodec.native_configure(Native Method)
07-21 20:16:04.092 15386 19360 E MediaCodecVideoRenderer:       at android.media.MediaCodec.configure(MediaCodec.java:1971)
07-21 20:16:04.092 15386 19360 E MediaCodecVideoRenderer:       at android.media.MediaCodec.configure(MediaCodec.java:1900)
07-21 20:16:04.092 15386 19360 E MediaCodecVideoRenderer:       at androidx.media3.exoplayer.mediacodec.SynchronousMediaCodecAdapter$Factory.createAdapter(SynchronousMediaCodecAdapter.java:60)
07-21 20:16:04.092 15386 19360 E MediaCodecVideoRenderer:       at androidx.media3.exoplayer.mediacodec.DefaultMediaCodecAdapterFactory.createAdapter(DefaultMediaCodecAdapterFactory.java:165)
07-21 20:16:04.092 15386 19360 E MediaCodecVideoRenderer:       at androidx.media3.exoplayer.mediacodec.MediaCodecRenderer.initCodec(MediaCodecRenderer.java:1233)
07-21 20:16:04.092 15386 19360 E MediaCodecVideoRenderer:       at androidx.media3.exoplayer.mediacodec.MediaCodecRenderer.maybeInitCodecWithFallback(MediaCodecRenderer.java:1146)
07-21 20:16:04.092 15386 19360 E MediaCodecVideoRenderer:       ... 12 more
07-21 20:16:04.093 15386 19360 E ExoPlayerImplInternal: Playback error
07-21 20:16:04.093 15386 19360 E ExoPlayerImplInternal:   androidx.media3.exoplayer.ExoPlaybackException: MediaCodecVideoRenderer error, index=0, format=Format(1, null, video/x-matroska, video/hevc, hvc1.2.4.L150.90, -1, und, [3840, 2080, -1.0, ColorInfo(BT709, Unset color range, SDR SMPTE 170M, false, NA, NA)], [-1, -1]), format_supported=NO_EXCEEDS_CAPABILITIES
07-21 20:16:04.093 15386 19360 E ExoPlayerImplInternal:       at androidx.media3.exoplayer.ExoPlayerImplInternal.handleMessage(ExoPlayerImplInternal.java:745)
07-21 20:16:04.093 15386 19360 E ExoPlayerImplInternal:       at android.os.Handler.dispatchMessage(Handler.java:102)
07-21 20:16:04.093 15386 19360 E ExoPlayerImplInternal:       at android.os.Looper.loop(Looper.java:211)
07-21 20:16:04.093 15386 19360 E ExoPlayerImplInternal:       at android.os.HandlerThread.run(HandlerThread.java:65)
07-21 20:16:04.093 15386 19360 E ExoPlayerImplInternal:   Caused by: androidx.media3.exoplayer.mediacodec.MediaCodecRenderer$DecoderInitializationException: Decoder init failed: OMX.MTK.VIDEO.DECODER.HEVC, Format(1, null, video/x-matroska, video/hevc, hvc1.2.4.L150.90, -1, und, [3840, 2080, -1.0, ColorInfo(BT709, Unset color range, SDR SMPTE 170M, false, NA, NA)], [-1, -1])
07-21 20:16:04.093 15386 19360 E ExoPlayerImplInternal:       at androidx.media3.exoplayer.mediacodec.MediaCodecRenderer.maybeInitCodecWithFallback(MediaCodecRenderer.java:1153)
07-21 20:16:04.093 15386 19360 E ExoPlayerImplInternal:       at androidx.media3.exoplayer.mediacodec.MediaCodecRenderer.maybeInitCodecOrBypass(MediaCodecRenderer.java:589)
07-21 20:16:04.093 15386 19360 E ExoPlayerImplInternal:       at androidx.media3.exoplayer.mediacodec.MediaCodecRenderer.onInputFormatChanged(MediaCodecRenderer.java:1601)
07-21 20:16:04.093 15386 19360 E ExoPlayerImplInternal:       at androidx.media3.exoplayer.video.MediaCodecVideoRenderer.onInputFormatChanged(MediaCodecVideoRenderer.java:1453)
07-21 20:16:04.093 15386 19360 E ExoPlayerImplInternal:       at androidx.media3.exoplayer.mediacodec.MediaCodecRenderer.readSourceOmittingSampleData(MediaCodecRenderer.java:1047)
07-21 20:16:04.093 15386 19360 E ExoPlayerImplInternal:       at androidx.media3.exoplayer.mediacodec.MediaCodecRenderer.render(MediaCodecRenderer.java:865)
07-21 20:16:04.093 15386 19360 E ExoPlayerImplInternal:       at androidx.media3.exoplayer.video.MediaCodecVideoRenderer.render(MediaCodecVideoRenderer.java:1281)
07-21 20:16:04.093 15386 19360 E ExoPlayerImplInternal:       at androidx.media3.exoplayer.RendererHolder.render(RendererHolder.java:381)
07-21 20:16:04.093 15386 19360 E ExoPlayerImplInternal:       at androidx.media3.exoplayer.ExoPlayerImplInternal.doSomeWork(ExoPlayerImplInternal.java:1328)
07-21 20:16:04.093 15386 19360 E ExoPlayerImplInternal:       at androidx.media3.exoplayer.ExoPlayerImplInternal.handleMessage(ExoPlayerImplInternal.java:646)
07-21 20:16:04.093 15386 19360 E ExoPlayerImplInternal:       ... 3 more
07-21 20:16:04.093 15386 19360 E ExoPlayerImplInternal:   Caused by: java.lang.IllegalArgumentException
07-21 20:16:04.093 15386 19360 E ExoPlayerImplInternal:       at android.media.MediaCodec.native_configure(Native Method)
07-21 20:16:04.093 15386 19360 E ExoPlayerImplInternal:       at android.media.MediaCodec.configure(MediaCodec.java:1971)
07-21 20:16:04.093 15386 19360 E ExoPlayerImplInternal:       at android.media.MediaCodec.configure(MediaCodec.java:1900)
07-21 20:16:04.093 15386 19360 E ExoPlayerImplInternal:       at androidx.media3.exoplayer.mediacodec.SynchronousMediaCodecAdapter$Factory.createAdapter(SynchronousMediaCodecAdapter.java:60)
07-21 20:16:04.093 15386 19360 E ExoPlayerImplInternal:       at androidx.media3.exoplayer.mediacodec.DefaultMediaCodecAdapterFactory.createAdapter(DefaultMediaCodecAdapterFactory.java:165)
07-21 20:16:04.093 15386 19360 E ExoPlayerImplInternal:       at androidx.media3.exoplayer.mediacodec.MediaCodecRenderer.initCodec(MediaCodecRenderer.java:1233)
07-21 20:16:04.093 15386 19360 E ExoPlayerImplInternal:       at androidx.media3.exoplayer.mediacodec.MediaCodecRenderer.maybeInitCodecWithFallback(MediaCodecRenderer.java:1146)
07-21 20:16:04.093 15386 19360 E ExoPlayerImplInternal:       ... 12 more
07-21 20:16:08.668 15386 19360 E ExoPlayerImplInternal: Playback error
07-21 20:16:08.668 15386 19360 E ExoPlayerImplInternal:   androidx.media3.exoplayer.ExoPlaybackException: Source error
07-21 20:16:08.668 15386 19360 E ExoPlayerImplInternal:       at androidx.media3.exoplayer.ExoPlayerImplInternal.handleIoException(ExoPlayerImplInternal.java:864)
07-21 20:16:08.668 15386 19360 E ExoPlayerImplInternal:       at androidx.media3.exoplayer.ExoPlayerImplInternal.handleMessage(ExoPlayerImplInternal.java:836)
07-21 20:16:08.668 15386 19360 E ExoPlayerImplInternal:       at android.os.Handler.dispatchMessage(Handler.java:102)
07-21 20:16:08.668 15386 19360 E ExoPlayerImplInternal:       at android.os.Looper.loop(Looper.java:211)
07-21 20:16:08.668 15386 19360 E ExoPlayerImplInternal:       at android.os.HandlerThread.run(HandlerThread.java:65)
07-21 20:16:08.668 15386 19360 E ExoPlayerImplInternal:   Caused by: androidx.media3.datasource.HttpDataSource$InvalidResponseCodeException: Response code: 551
07-21 20:16:08.668 15386 19360 E ExoPlayerImplInternal:       at androidx.media3.datasource.DefaultHttpDataSource.open(DefaultHttpDataSource.java:401)
07-21 20:16:08.668 15386 19360 E ExoPlayerImplInternal:       at androidx.media3.datasource.DefaultDataSource.open(DefaultDataSource.java:275)
07-21 20:16:08.668 15386 19360 E ExoPlayerImplInternal:       at androidx.media3.datasource.StatsDataSource.open(StatsDataSource.java:88)
07-21 20:16:08.668 15386 19360 E ExoPlayerImplInternal:       at androidx.media3.exoplayer.source.ProgressiveMediaPeriod$ExtractingLoadable.load(ProgressiveMediaPeriod.java:1109)
07-21 20:16:08.668 15386 19360 E ExoPlayerImplInternal:       at androidx.media3.exoplayer.upstream.Loader$LoadTask.run(Loader.java:453)
07-21 20:16:08.668 15386 19360 E ExoPlayerImplInternal:       at java.util.concurrent.ThreadPoolExecutor.runWorker(ThreadPoolExecutor.java:1167)
07-21 20:16:08.668 15386 19360 E ExoPlayerImplInternal:       at java.util.concurrent.ThreadPoolExecutor$Worker.run(ThreadPoolExecutor.java:641)
07-21 20:16:08.668 15386 19360 E ExoPlayerImplInternal:       at java.lang.Thread.run(Thread.java:764)
07-21 20:16:17.394 15386 15403 I vision.svplaye: Background concurrent copying GC freed 121367(5MB) AllocSpace objects, 19(720KB) LOS objects, 19% free, 24MB/30MB, paused 245us total 279.936ms
07-21 20:16:18.573 15386 19360 E ExoPlayerImplInternal: Playback error
07-21 20:16:18.573 15386 19360 E ExoPlayerImplInternal:   androidx.media3.exoplayer.ExoPlaybackException: Source error
07-21 20:16:18.573 15386 19360 E ExoPlayerImplInternal:       at androidx.media3.exoplayer.ExoPlayerImplInternal.handleIoException(ExoPlayerImplInternal.java:864)
07-21 20:16:18.573 15386 19360 E ExoPlayerImplInternal:       at androidx.media3.exoplayer.ExoPlayerImplInternal.handleMessage(ExoPlayerImplInternal.java:836)
07-21 20:16:18.573 15386 19360 E ExoPlayerImplInternal:       at android.os.Handler.dispatchMessage(Handler.java:102)
07-21 20:16:18.573 15386 19360 E ExoPlayerImplInternal:       at android.os.Looper.loop(Looper.java:211)
07-21 20:16:18.573 15386 19360 E ExoPlayerImplInternal:       at android.os.HandlerThread.run(HandlerThread.java:65)
07-21 20:16:18.573 15386 19360 E ExoPlayerImplInternal:   Caused by: androidx.media3.datasource.HttpDataSource$InvalidResponseCodeException: Response code: 551
07-21 20:16:18.573 15386 19360 E ExoPlayerImplInternal:       at androidx.media3.datasource.DefaultHttpDataSource.open(DefaultHttpDataSource.java:401)
07-21 20:16:18.573 15386 19360 E ExoPlayerImplInternal:       at androidx.media3.datasource.DefaultDataSource.open(DefaultDataSource.java:275)
07-21 20:16:18.573 15386 19360 E ExoPlayerImplInternal:       at androidx.media3.datasource.StatsDataSource.open(StatsDataSource.java:88)
07-21 20:16:18.573 15386 19360 E ExoPlayerImplInternal:       at androidx.media3.exoplayer.source.ProgressiveMediaPeriod$ExtractingLoadable.load(ProgressiveMediaPeriod.java:1109)
07-21 20:16:18.573 15386 19360 E ExoPlayerImplInternal:       at androidx.media3.exoplayer.upstream.Loader$LoadTask.run(Loader.java:453)
07-21 20:16:18.573 15386 19360 E ExoPlayerImplInternal:       at java.util.concurrent.ThreadPoolExecutor.runWorker(ThreadPoolExecutor.java:1167)
07-21 20:16:18.573 15386 19360 E ExoPlayerImplInternal:       at java.util.concurrent.ThreadPoolExecutor$Worker.run(ThreadPoolExecutor.java:641)
07-21 20:16:18.573 15386 19360 E ExoPlayerImplInternal:       at java.lang.Thread.run(Thread.java:764)
07-21 20:16:56.394 15386 15403 I vision.svplaye: Background concurrent copying GC freed 140042(6MB) AllocSpace objects, 2(40KB) LOS objects, 20% free, 23MB/29MB, paused 248us total 292.257ms
