--------- beginning of main
07-17 05:08:42.888  7151  7720 I MediaCodecLogger: [ASAP] SW.audio.mp4a P2 - 22365431
07-17 05:08:42.889  7151  7709 I MediaCodecLogger: [ASAP] SW.audio.mp4a P3 + 22365431
07-17 05:08:42.894  7151  7720 I MediaCodecLogger: [ASAP] SW.audio.mp4a P3 - 22365437
07-17 05:08:42.917  7151  7712 W AHierarchicalStateMachine: Warning message AMessage(what = 'omxI') = {
07-17 05:08:42.917  7151  7712 W AHierarchicalStateMachine:   int32_t type = 0
07-17 05:08:42.917  7151  7712 W AHierarchicalStateMachine:   int32_t event = 3
07-17 05:08:42.917  7151  7712 W AHierarchicalStateMachine:   int32_t data1 = 1
07-17 05:08:42.917  7151  7712 W AHierarchicalStateMachine:   int32_t data2 = 117440527
07-17 05:08:42.917  7151  7712 W AHierarchicalStateMachine: } unhandled in root state.
07-17 05:08:42.921  7151  7712 W ACodec  : [OMX.MTK.VIDEO.DECODER.AVC] setting nBufferCountActual to 15 failed: -22
07-17 05:08:42.921  7151  7712 W ACodec  : [OMX.MTK.VIDEO.DECODER.AVC] setting nBufferCountActual to 14 failed: -22
07-17 05:08:42.924  7151  7712 W MapperHal: buffer descriptor with invalid usage bits 0x2000
07-17 05:08:42.929  7151  7712 W MapperHal: buffer descriptor with invalid usage bits 0x2000
07-17 05:08:43.079  7151  7711 I MediaCodecLogger: [ASAP] HW.video.avc Got First Input Frame 22365622 pts:1000769041666
07-17 05:08:43.079  7151  7712 W MapperHal: buffer descriptor with invalid usage bits 0x2000
07-17 05:08:43.097  7151  7712 I chatty  : uid=10247(com.smartvision.svplayer) JNISurfaceTextu identical 6 lines
07-17 05:08:43.100  7151  7712 W MapperHal: buffer descriptor with invalid usage bits 0x2000
07-17 05:08:43.107  7151  7711 I MediaCodecLogger: updateFormatChanged width = 1920 height = 852
07-17 05:08:43.109  7151  7711 I MediaCodecLogger: updatePTSTime [HW.video.avc] First PTS after Flush or reset = 1000769041666
07-17 05:08:43.109  7151  7711 I MediaCodecLogger: [ASAP] HW.video.avc Got First Frame Ready 22365652(30)
07-17 05:08:43.284  7151  7720 I MediaCodecLogger: [ASAP] SW.audio.mp4a Got First Input Frame 22365827 pts:1000770559333
07-17 05:08:43.291  7151  7720 I MediaCodecLogger: updatePTSTime [SW.audio.mp4a] First PTS after Flush or reset = 1000770559333
07-17 05:08:43.292  7151  7720 I MediaCodecLogger: [ASAP] SW.audio.mp4a Got First Frame Ready 22365834(7)
07-17 05:08:43.302  7151  7709 I android.media.AudioTrack: AUDIOINFO: audio_input: format: 2 sample_rate: 48000 channels: 2 AudioAttributes: AudioAttributes: usage=USAGE_MEDIA content=CONTENT_TYPE_MUSIC flags=0x200 tags= bundle=null
07-17 05:08:43.344  7151  7711 I MediaCodecLogger: Rendering first frame after starting or flushing.
07-17 05:08:43.344  7151  7711 I MediaCodecLogger: [ASAP] HW.video.avc Got First Frame Render 22365887(265)
07-17 05:08:43.345  7151  7711 I MediaCodecLogger: App sets Timestamps for render in SurfaceFlinger
07-17 05:08:43.346  7151  7712 E FrameEvents: updateAcquireFence: Did not find frame.
07-17 05:08:43.346  7151  7712 W MapperHal: buffer descriptor with invalid usage bits 0x2000
07-17 05:08:43.386  7151  7712 E FrameEvents: updateAcquireFence: Did not find frame.
07-17 05:08:43.506  7151  7151 W RenderThread: type=1400 audit(0.0:259814): avc: denied { open } for path="/dev/__properties__/u:object_r:vendor_default_prop:s0" dev="tmpfs" ino=355 scontext=u:r:untrusted_app:s0:c247,c256,c512,c768 tcontext=u:object_r:vendor_default_prop:s0 tclass=file permissive=0
07-17 05:08:43.506  7151  7151 I chatty  : uid=10247(com.smartvision.svplayer) identical 2 lines
07-17 05:08:43.506  7151  7151 W RenderThread: type=1400 audit(0.0:259817): avc: denied { open } for path="/dev/__properties__/u:object_r:vendor_default_prop:s0" dev="tmpfs" ino=355 scontext=u:r:untrusted_app:s0:c247,c256,c512,c768 tcontext=u:object_r:vendor_default_prop:s0 tclass=file permissive=0
07-17 05:08:43.512  7151  7175 E libc    : Access denied finding property "vendor.dpframework.log.enable"
07-17 05:08:43.514  7151  7175 I chatty  : uid=10247(com.smartvision.svplayer) RenderThread identical 16 lines
07-17 05:08:43.516  7151  7175 E libc    : Access denied finding property "vendor.dpframework.log.enable"
07-17 05:08:43.516  7151  7175 E libc    : Access denied finding property "vendor.dpframework.dumpbuffer.checksum"
07-17 05:08:43.516  7151  7175 E libc    : Access denied finding property "vendor.dpframework.dumpbuffer.enable"
07-17 05:08:43.518  7151  7712 E FrameEvents: updateAcquireFence: Did not find frame.
07-17 05:08:43.518  7151  7712 W MapperHal: buffer descriptor with invalid usage bits 0x2000
07-17 05:08:43.521  7151  7175 E libc    : Access denied finding property "vendor.dpframework.log.enable"
07-17 05:08:43.522  7151  7175 I chatty  : uid=10247(com.smartvision.svplayer) RenderThread identical 16 lines
07-17 05:08:43.525  7151  7175 E libc    : Access denied finding property "vendor.dpframework.log.enable"
07-17 05:08:43.525  7151  7175 E libc    : Access denied finding property "vendor.dpframework.dumpbuffer.checksum"
07-17 05:08:43.525  7151  7175 E libc    : Access denied finding property "vendor.dpframework.dumpbuffer.enable"
07-17 05:08:43.548  7151  7712 E FrameEvents: updateAcquireFence: Did not find frame.
07-17 05:08:43.599  7151  7712 I chatty  : uid=10247(com.smartvision.svplayer) JNISurfaceTextu identical 1 line
07-17 05:08:43.640  7151  7712 E FrameEvents: updateAcquireFence: Did not find frame.
07-17 05:08:43.640  7151  7175 E libc    : Access denied finding property "vendor.dpframework.log.enable"
07-17 05:08:43.642  7151  7175 I chatty  : uid=10247(com.smartvision.svplayer) RenderThread identical 16 lines
07-17 05:08:43.642  7151  7175 E libc    : Access denied finding property "vendor.dpframework.log.enable"
07-17 05:08:43.642  7151  7175 E libc    : Access denied finding property "vendor.dpframework.dumpbuffer.checksum"
07-17 05:08:43.642  7151  7175 E libc    : Access denied finding property "vendor.dpframework.dumpbuffer.enable"
07-17 05:08:43.694  7151  7712 E FrameEvents: updateAcquireFence: Did not find frame.
07-17 05:08:43.706  7151  7175 E libc    : Access denied finding property "vendor.dpframework.log.enable"
07-17 05:08:43.707  7151  7175 I chatty  : uid=10247(com.smartvision.svplayer) RenderThread identical 16 lines
07-17 05:08:43.707  7151  7175 E libc    : Access denied finding property "vendor.dpframework.log.enable"
07-17 05:08:43.708  7151  7175 E libc    : Access denied finding property "vendor.dpframework.dumpbuffer.checksum"
07-17 05:08:43.708  7151  7175 E libc    : Access denied finding property "vendor.dpframework.dumpbuffer.enable"
07-17 05:08:43.723  7151  7712 E FrameEvents: updateAcquireFence: Did not find frame.
07-17 05:08:43.772  7151  7712 I chatty  : uid=10247(com.smartvision.svplayer) JNISurfaceTextu identical 1 line
07-17 05:08:43.803  7151  7712 E FrameEvents: updateAcquireFence: Did not find frame.
07-17 05:08:43.836  7151  7175 E libc    : Access denied finding property "vendor.dpframework.log.enable"
07-17 05:08:43.837  7151  7175 I chatty  : uid=10247(com.smartvision.svplayer) RenderThread identical 16 lines
07-17 05:08:43.838  7151  7175 E libc    : Access denied finding property "vendor.dpframework.log.enable"
07-17 05:08:43.838  7151  7175 E libc    : Access denied finding property "vendor.dpframework.dumpbuffer.checksum"
07-17 05:08:43.838  7151  7175 E libc    : Access denied finding property "vendor.dpframework.dumpbuffer.enable"
07-17 05:08:43.853  7151  7712 E FrameEvents: updateAcquireFence: Did not find frame.
07-17 05:08:43.881  7151  7161 I vision.svplaye: Background concurrent copying GC freed 80820(2MB) AllocSpace objects, 1(68KB) LOS objects, 19% free, 24MB/30MB, paused 639us total 177.735ms
07-17 05:08:43.882  7151  7712 E FrameEvents: updateAcquireFence: Did not find frame.
07-17 05:08:43.905  7151  7711 I MediaCodecLogger: 7151.HW.video.avc Resolution change from 0x0 to 1920x852 took = 22
07-17 05:08:43.933  7151  7712 E FrameEvents: updateAcquireFence: Did not find frame.
07-17 05:08:43.956  7151  7151 W RenderThread: type=1400 audit(0.0:259914): avc: denied { open } for path="/dev/__properties__/u:object_r:vendor_default_prop:s0" dev="tmpfs" ino=355 scontext=u:r:untrusted_app:s0:c247,c256,c512,c768 tcontext=u:object_r:vendor_default_prop:s0 tclass=file permissive=0
07-17 05:08:43.966  7151  7175 E libc    : Access denied finding property "vendor.dpframework.log.enable"
07-17 05:08:43.956  7151  7151 W RenderThread: type=1400 audit(0.0:259915): avc: denied { open } for path="/dev/__properties__/u:object_r:vendor_default_prop:s0" dev="tmpfs" ino=355 scontext=u:r:untrusted_app:s0:c247,c256,c512,c768 tcontext=u:object_r:vendor_default_prop:s0 tclass=file permissive=0
07-17 05:08:43.966  7151  7175 E libc    : Access denied finding property "vendor.dpframework.log.enable"
07-17 05:08:43.966  7151  7175 I chatty  : uid=10247(com.smartvision.svplayer) RenderThread identical 1 line
07-17 05:08:43.966  7151  7175 E libc    : Access denied finding property "vendor.dpframework.log.enable"
07-17 05:08:43.956  7151  7151 W RenderThread: type=1400 audit(0.0:259916): avc: denied { open } for path="/dev/__properties__/u:object_r:vendor_default_prop:s0" dev="tmpfs" ino=355 scontext=u:r:untrusted_app:s0:c247,c256,c512,c768 tcontext=u:object_r:vendor_default_prop:s0 tclass=file permissive=0
07-17 05:08:43.966  7151  7175 E libc    : Access denied finding property "vendor.dpframework.log.enable"
07-17 05:08:43.966  7151  7175 I chatty  : uid=10247(com.smartvision.svplayer) RenderThread identical 3 lines
07-17 05:08:43.967  7151  7175 E libc    : Access denied finding property "vendor.dpframework.log.enable"
07-17 05:08:43.956  7151  7151 W RenderThread: type=1400 audit(0.0:259917): avc: denied { open } for path="/dev/__properties__/u:object_r:vendor_default_prop:s0" dev="tmpfs" ino=355 scontext=u:r:untrusted_app:s0:c247,c256,c512,c768 tcontext=u:object_r:vendor_default_prop:s0 tclass=file permissive=0
07-17 05:08:43.967  7151  7175 E libc    : Access denied finding property "vendor.dpframework.log.enable"
07-17 05:08:43.967  7151  7175 I chatty  : uid=10247(com.smartvision.svplayer) RenderThread identical 3 lines
07-17 05:08:43.967  7151  7175 E libc    : Access denied finding property "vendor.dpframework.log.enable"
07-17 05:08:43.956  7151  7151 W RenderThread: type=1400 audit(0.0:259918): avc: denied { open } for path="/dev/__properties__/u:object_r:vendor_default_prop:s0" dev="tmpfs" ino=355 scontext=u:r:untrusted_app:s0:c247,c256,c512,c768 tcontext=u:object_r:vendor_default_prop:s0 tclass=file permissive=0
07-17 05:08:43.967  7151  7175 E libc    : Access denied finding property "vendor.dpframework.log.enable"
07-17 05:08:43.967  7151  7175 I chatty  : uid=10247(com.smartvision.svplayer) RenderThread identical 2 lines
07-17 05:08:43.967  7151  7175 E libc    : Access denied finding property "vendor.dpframework.log.enable"
07-17 05:08:43.967  7151  7175 E libc    : Access denied finding property "vendor.dpframework.dumpbuffer.checksum"
07-17 05:08:43.967  7151  7175 E libc    : Access denied finding property "vendor.dpframework.dumpbuffer.enable"
07-17 05:08:43.973  7151  7712 E FrameEvents: updateAcquireFence: Did not find frame.
07-17 05:08:44.023  7151  7712 I chatty  : uid=10247(com.smartvision.svplayer) JNISurfaceTextu identical 1 line
07-17 05:08:44.054  7151  7712 E FrameEvents: updateAcquireFence: Did not find frame.
07-17 05:08:44.096  7151  7175 E libc    : Access denied finding property "vendor.dpframework.log.enable"
07-17 05:08:44.097  7151  7175 I chatty  : uid=10247(com.smartvision.svplayer) RenderThread identical 16 lines
07-17 05:08:44.097  7151  7175 E libc    : Access denied finding property "vendor.dpframework.log.enable"
07-17 05:08:44.097  7151  7175 E libc    : Access denied finding property "vendor.dpframework.dumpbuffer.checksum"
07-17 05:08:44.097  7151  7175 E libc    : Access denied finding property "vendor.dpframework.dumpbuffer.enable"
07-17 05:08:44.104  7151  7712 E FrameEvents: updateAcquireFence: Did not find frame.
07-17 05:08:44.134  7151  7712 I chatty  : uid=10247(com.smartvision.svplayer) JNISurfaceTextu identical 1 line
07-17 05:08:44.185  7151  7712 E FrameEvents: updateAcquireFence: Did not find frame.
07-17 05:08:44.217  7151  7712 E FrameEvents: updateAcquireFence: Did not find frame.
07-17 05:08:44.225  7151  7175 E libc    : Access denied finding property "vendor.dpframework.log.enable"
07-17 05:08:44.227  7151  7175 I chatty  : uid=10247(com.smartvision.svplayer) RenderThread identical 16 lines
07-17 05:08:44.227  7151  7175 E libc    : Access denied finding property "vendor.dpframework.log.enable"
07-17 05:08:44.227  7151  7175 E libc    : Access denied finding property "vendor.dpframework.dumpbuffer.checksum"
07-17 05:08:44.227  7151  7175 E libc    : Access denied finding property "vendor.dpframework.dumpbuffer.enable"
07-17 05:08:44.269  7151  7712 E FrameEvents: updateAcquireFence: Did not find frame.
07-17 05:08:44.350  7151  7712 I chatty  : uid=10247(com.smartvision.svplayer) JNISurfaceTextu identical 2 lines
07-17 05:08:44.390  7151  7712 E FrameEvents: updateAcquireFence: Did not find frame.
07-17 05:08:44.422  7151  7175 E libc    : Access denied finding property "vendor.dpframework.log.enable"
07-17 05:08:44.423  7151  7175 I chatty  : uid=10247(com.smartvision.svplayer) RenderThread identical 16 lines
07-17 05:08:44.423  7151  7175 E libc    : Access denied finding property "vendor.dpframework.log.enable"
07-17 05:08:44.423  7151  7175 E libc    : Access denied finding property "vendor.dpframework.dumpbuffer.checksum"
07-17 05:08:44.423  7151  7175 E libc    : Access denied finding property "vendor.dpframework.dumpbuffer.enable"
07-17 05:08:44.442  7151  7712 E FrameEvents: updateAcquireFence: Did not find frame.
07-17 05:08:44.473  7151  7712 I chatty  : uid=10247(com.smartvision.svplayer) JNISurfaceTextu identical 1 line
07-17 05:08:44.524  7151  7712 E FrameEvents: updateAcquireFence: Did not find frame.
07-17 05:08:44.552  7151  7175 E libc    : Access denied finding property "vendor.dpframework.log.enable"
07-17 05:08:44.553  7151  7175 I chatty  : uid=10247(com.smartvision.svplayer) RenderThread identical 16 lines
07-17 05:08:44.553  7151  7175 E libc    : Access denied finding property "vendor.dpframework.log.enable"
07-17 05:08:44.553  7151  7175 E libc    : Access denied finding property "vendor.dpframework.dumpbuffer.checksum"
07-17 05:08:44.553  7151  7175 E libc    : Access denied finding property "vendor.dpframework.dumpbuffer.enable"
07-17 05:08:44.555  7151  7712 E FrameEvents: updateAcquireFence: Did not find frame.
07-17 05:08:44.556  7151  7175 E libc    : Access denied finding property "vendor.dpframework.log.enable"
07-17 05:08:44.558  7151  7175 I chatty  : uid=10247(com.smartvision.svplayer) RenderThread identical 16 lines
07-17 05:08:44.558  7151  7175 E libc    : Access denied finding property "vendor.dpframework.log.enable"
07-17 05:08:44.558  7151  7175 E libc    : Access denied finding property "vendor.dpframework.dumpbuffer.checksum"
07-17 05:08:44.558  7151  7175 E libc    : Access denied finding property "vendor.dpframework.dumpbuffer.enable"
07-17 05:08:44.607  7151  7712 E FrameEvents: updateAcquireFence: Did not find frame.
07-17 05:08:44.644  7151  7712 E FrameEvents: updateAcquireFence: Did not find frame.
07-17 05:08:44.686  7151  7712 E FrameEvents: updateAcquireFence: Did not find frame.
07-17 05:08:44.705  7151  7175 E libc    : Access denied finding property "vendor.dpframework.log.enable"
07-17 05:08:44.707  7151  7175 I chatty  : uid=10247(com.smartvision.svplayer) RenderThread identical 16 lines
07-17 05:08:44.707  7151  7175 E libc    : Access denied finding property "vendor.dpframework.log.enable"
07-17 05:08:44.707  7151  7175 E libc    : Access denied finding property "vendor.dpframework.dumpbuffer.checksum"
07-17 05:08:44.707  7151  7175 E libc    : Access denied finding property "vendor.dpframework.dumpbuffer.enable"
07-17 05:08:44.719  7151  7712 E FrameEvents: updateAcquireFence: Did not find frame.
07-17 05:08:44.764  7151  7175 E libc    : Access denied finding property "vendor.dpframework.log.enable"
07-17 05:08:44.766  7151  7175 I chatty  : uid=10247(com.smartvision.svplayer) RenderThread identical 16 lines
07-17 05:08:44.766  7151  7175 E libc    : Access denied finding property "vendor.dpframework.log.enable"
07-17 05:08:44.766  7151  7175 E libc    : Access denied finding property "vendor.dpframework.dumpbuffer.checksum"
07-17 05:08:44.766  7151  7175 E libc    : Access denied finding property "vendor.dpframework.dumpbuffer.enable"
07-17 05:08:44.769  7151  7175 E libc    : Access denied finding property "vendor.dpframework.log.enable"
07-17 05:08:44.770  7151  7175 I chatty  : uid=10247(com.smartvision.svplayer) RenderThread identical 16 lines
07-17 05:08:44.771  7151  7175 E libc    : Access denied finding property "vendor.dpframework.log.enable"
07-17 05:08:44.771  7151  7175 E libc    : Access denied finding property "vendor.dpframework.dumpbuffer.checksum"
07-17 05:08:44.771  7151  7175 E libc    : Access denied finding property "vendor.dpframework.dumpbuffer.enable"
07-17 05:08:44.776  7151  7712 E FrameEvents: updateAcquireFence: Did not find frame.
07-17 05:08:44.824  7151  7712 E FrameEvents: updateAcquireFence: Did not find frame.
07-17 05:08:44.831  7151  7161 I vision.svplaye: Background concurrent copying GC freed 65275(2MB) AllocSpace objects, 0(0B) LOS objects, 16% free, 29MB/35MB, paused 196us total 247.468ms
07-17 05:08:44.832  7151  7175 E libc    : Access denied finding property "vendor.dpframework.log.enable"
07-17 05:08:44.834  7151  7175 I chatty  : uid=10247(com.smartvision.svplayer) RenderThread identical 16 lines
07-17 05:08:44.834  7151  7175 E libc    : Access denied finding property "vendor.dpframework.log.enable"
07-17 05:08:44.834  7151  7175 E libc    : Access denied finding property "vendor.dpframework.dumpbuffer.checksum"
07-17 05:08:44.834  7151  7175 E libc    : Access denied finding property "vendor.dpframework.dumpbuffer.enable"
07-17 05:08:44.853  7151  7712 E FrameEvents: updateAcquireFence: Did not find frame.
07-17 05:08:44.883  7151  7712 E FrameEvents: updateAcquireFence: Did not find frame.
07-17 05:08:44.895  7151  7175 E libc    : Access denied finding property "vendor.dpframework.log.enable"
07-17 05:08:44.898  7151  7175 I chatty  : uid=10247(com.smartvision.svplayer) RenderThread identical 16 lines
07-17 05:08:44.898  7151  7175 E libc    : Access denied finding property "vendor.dpframework.log.enable"
07-17 05:08:44.899  7151  7175 E libc    : Access denied finding property "vendor.dpframework.dumpbuffer.checksum"
07-17 05:08:44.899  7151  7175 E libc    : Access denied finding property "vendor.dpframework.dumpbuffer.enable"
07-17 05:08:44.934  7151  7712 E FrameEvents: updateAcquireFence: Did not find frame.
07-17 05:08:44.962  7151  7175 E libc    : Access denied finding property "vendor.dpframework.log.enable"
07-17 05:08:44.964  7151  7175 I chatty  : uid=10247(com.smartvision.svplayer) RenderThread identical 16 lines
07-17 05:08:44.964  7151  7175 E libc    : Access denied finding property "vendor.dpframework.log.enable"
07-17 05:08:44.964  7151  7175 E libc    : Access denied finding property "vendor.dpframework.dumpbuffer.checksum"
07-17 05:08:44.964  7151  7175 E libc    : Access denied finding property "vendor.dpframework.dumpbuffer.enable"
07-17 05:08:44.976  7151  7712 E FrameEvents: updateAcquireFence: Did not find frame.
07-17 05:08:45.015  7151  7712 E FrameEvents: updateAcquireFence: Did not find frame.
07-17 05:08:45.026  7151  7151 W RenderThread: type=1400 audit(0.0:260157): avc: denied { open } for path="/dev/__properties__/u:object_r:vendor_default_prop:s0" dev="tmpfs" ino=355 scontext=u:r:untrusted_app:s0:c247,c256,c512,c768 tcontext=u:object_r:vendor_default_prop:s0 tclass=file permissive=0
07-17 05:08:45.026  7151  7151 I chatty  : uid=10247(com.smartvision.svplayer) identical 3 lines
07-17 05:08:45.026  7151  7151 W RenderThread: type=1400 audit(0.0:260161): avc: denied { open } for path="/dev/__properties__/u:object_r:vendor_default_prop:s0" dev="tmpfs" ino=355 scontext=u:r:untrusted_app:s0:c247,c256,c512,c768 tcontext=u:object_r:vendor_default_prop:s0 tclass=file permissive=0
07-17 05:08:45.029  7151  7175 E libc    : Access denied finding property "vendor.dpframework.log.enable"
07-17 05:08:45.030  7151  7175 I chatty  : uid=10247(com.smartvision.svplayer) RenderThread identical 16 lines
07-17 05:08:45.031  7151  7175 E libc    : Access denied finding property "vendor.dpframework.log.enable"
07-17 05:08:45.032  7151  7175 E libc    : Access denied finding property "vendor.dpframework.dumpbuffer.checksum"
07-17 05:08:45.032  7151  7175 E libc    : Access denied finding property "vendor.dpframework.dumpbuffer.enable"
07-17 05:08:45.056  7151  7712 E FrameEvents: updateAcquireFence: Did not find frame.
07-17 05:08:45.093  7151  7175 E libc    : Access denied finding property "vendor.dpframework.log.enable"
07-17 05:08:45.095  7151  7175 I chatty  : uid=10247(com.smartvision.svplayer) RenderThread identical 16 lines
07-17 05:08:45.095  7151  7175 E libc    : Access denied finding property "vendor.dpframework.log.enable"
07-17 05:08:45.095  7151  7175 E libc    : Access denied finding property "vendor.dpframework.dumpbuffer.checksum"
07-17 05:08:45.095  7151  7175 E libc    : Access denied finding property "vendor.dpframework.dumpbuffer.enable"
07-17 05:08:45.108  7151  7712 E FrameEvents: updateAcquireFence: Did not find frame.
07-17 05:08:45.187  7151  7712 I chatty  : uid=10247(com.smartvision.svplayer) JNISurfaceTextu identical 2 lines
07-17 05:08:45.217  7151  7712 E FrameEvents: updateAcquireFence: Did not find frame.
07-17 05:08:45.227  7151  7175 E libc    : Access denied finding property "vendor.dpframework.log.enable"
07-17 05:08:45.228  7151  7175 I chatty  : uid=10247(com.smartvision.svplayer) RenderThread identical 16 lines
07-17 05:08:45.228  7151  7175 E libc    : Access denied finding property "vendor.dpframework.log.enable"
07-17 05:08:45.229  7151  7175 E libc    : Access denied finding property "vendor.dpframework.dumpbuffer.checksum"
07-17 05:08:45.229  7151  7175 E libc    : Access denied finding property "vendor.dpframework.dumpbuffer.enable"
07-17 05:08:45.267  7151  7712 E FrameEvents: updateAcquireFence: Did not find frame.
07-17 05:08:45.308  7151  7712 E FrameEvents: updateAcquireFence: Did not find frame.
07-17 05:08:45.358  7151  7712 E FrameEvents: updateAcquireFence: Did not find frame.
07-17 05:08:45.388  7151  7712 E FrameEvents: updateAcquireFence: Did not find frame.
07-17 05:08:45.428  7151  7175 E libc    : Access denied finding property "vendor.dpframework.log.enable"
07-17 05:08:45.430  7151  7175 I chatty  : uid=10247(com.smartvision.svplayer) RenderThread identical 16 lines
07-17 05:08:45.430  7151  7175 E libc    : Access denied finding property "vendor.dpframework.log.enable"
07-17 05:08:45.430  7151  7175 E libc    : Access denied finding property "vendor.dpframework.dumpbuffer.checksum"
07-17 05:08:45.430  7151  7175 E libc    : Access denied finding property "vendor.dpframework.dumpbuffer.enable"
07-17 05:08:45.439  7151  7712 E FrameEvents: updateAcquireFence: Did not find frame.
07-17 05:08:45.519  7151  7712 I chatty  : uid=10247(com.smartvision.svplayer) JNISurfaceTextu identical 2 lines
07-17 05:08:45.550  7151  7712 E FrameEvents: updateAcquireFence: Did not find frame.
07-17 05:08:45.562  7151  7175 E libc    : Access denied finding property "vendor.dpframework.log.enable"
07-17 05:08:45.565  7151  7175 I chatty  : uid=10247(com.smartvision.svplayer) RenderThread identical 16 lines
07-17 05:08:45.565  7151  7175 E libc    : Access denied finding property "vendor.dpframework.log.enable"
07-17 05:08:45.566  7151  7175 E libc    : Access denied finding property "vendor.dpframework.dumpbuffer.checksum"
07-17 05:08:45.566  7151  7175 E libc    : Access denied finding property "vendor.dpframework.dumpbuffer.enable"
07-17 05:08:45.568  7151  7161 I vision.svplaye: Background concurrent copying GC freed 53355(1970KB) AllocSpace objects, 0(0B) LOS objects, 14% free, 34MB/40MB, paused 454us total 158.509ms
07-17 05:08:45.602  7151  7712 E FrameEvents: updateAcquireFence: Did not find frame.
07-17 05:08:45.683  7151  7712 I chatty  : uid=10247(com.smartvision.svplayer) JNISurfaceTextu identical 2 lines
07-17 05:08:45.723  7151  7712 E FrameEvents: updateAcquireFence: Did not find frame.
07-17 05:08:45.762  7151  7175 E libc    : Access denied finding property "vendor.dpframework.log.enable"
07-17 05:08:45.764  7151  7175 I chatty  : uid=10247(com.smartvision.svplayer) RenderThread identical 16 lines
07-17 05:08:45.765  7151  7175 E libc    : Access denied finding property "vendor.dpframework.log.enable"
07-17 05:08:45.765  7151  7175 E libc    : Access denied finding property "vendor.dpframework.dumpbuffer.checksum"
07-17 05:08:45.765  7151  7175 E libc    : Access denied finding property "vendor.dpframework.dumpbuffer.enable"
07-17 05:08:45.776  7151  7712 E FrameEvents: updateAcquireFence: Did not find frame.
07-17 05:08:45.860  7151  7712 I chatty  : uid=10247(com.smartvision.svplayer) JNISurfaceTextu identical 2 lines
07-17 05:08:45.891  7151  7712 E FrameEvents: updateAcquireFence: Did not find frame.
07-17 05:08:45.893  7151  7175 E libc    : Access denied finding property "vendor.dpframework.log.enable"
07-17 05:08:45.895  7151  7175 I chatty  : uid=10247(com.smartvision.svplayer) RenderThread identical 16 lines
07-17 05:08:45.895  7151  7175 E libc    : Access denied finding property "vendor.dpframework.log.enable"
07-17 05:08:45.895  7151  7175 E libc    : Access denied finding property "vendor.dpframework.dumpbuffer.checksum"
07-17 05:08:45.895  7151  7175 E libc    : Access denied finding property "vendor.dpframework.dumpbuffer.enable"
07-17 05:08:45.942  7151  7712 E FrameEvents: updateAcquireFence: Did not find frame.
07-17 05:08:46.022  7151  7712 I chatty  : uid=10247(com.smartvision.svplayer) JNISurfaceTextu identical 2 lines
07-17 05:08:46.053  7151  7712 E FrameEvents: updateAcquireFence: Did not find frame.
07-17 05:08:46.086  7151  7151 W RenderThread: type=1400 audit(0.0:260297): avc: denied { open } for path="/dev/__properties__/u:object_r:vendor_default_prop:s0" dev="tmpfs" ino=355 scontext=u:r:untrusted_app:s0:c247,c256,c512,c768 tcontext=u:object_r:vendor_default_prop:s0 tclass=file permissive=0
07-17 05:08:46.086  7151  7151 I chatty  : uid=10247(com.smartvision.svplayer) identical 3 lines
07-17 05:08:46.086  7151  7151 W RenderThread: type=1400 audit(0.0:260301): avc: denied { open } for path="/dev/__properties__/u:object_r:vendor_default_prop:s0" dev="tmpfs" ino=355 scontext=u:r:untrusted_app:s0:c247,c256,c512,c768 tcontext=u:object_r:vendor_default_prop:s0 tclass=file permissive=0
07-17 05:08:46.094  7151  7175 E libc    : Access denied finding property "vendor.dpframework.log.enable"
07-17 05:08:46.096  7151  7175 I chatty  : uid=10247(com.smartvision.svplayer) RenderThread identical 16 lines
07-17 05:08:46.096  7151  7175 E libc    : Access denied finding property "vendor.dpframework.log.enable"
07-17 05:08:46.099  7151  7175 E libc    : Access denied finding property "vendor.dpframework.dumpbuffer.checksum"
07-17 05:08:46.099  7151  7175 E libc    : Access denied finding property "vendor.dpframework.dumpbuffer.enable"
07-17 05:08:46.103  7151  7712 E FrameEvents: updateAcquireFence: Did not find frame.
07-17 05:08:46.143  7151  7712 E FrameEvents: updateAcquireFence: Did not find frame.
07-17 05:08:46.186  7151  7712 I chatty  : uid=10247(com.smartvision.svplayer) JNISurfaceTextu identical 1 line
07-17 05:08:46.226  7151  7712 E FrameEvents: updateAcquireFence: Did not find frame.
07-17 05:08:46.228  7151  7175 E libc    : Access denied finding property "vendor.dpframework.log.enable"
07-17 05:08:46.230  7151  7175 I chatty  : uid=10247(com.smartvision.svplayer) RenderThread identical 16 lines
07-17 05:08:46.231  7151  7175 E libc    : Access denied finding property "vendor.dpframework.log.enable"
07-17 05:08:46.231  7151  7175 E libc    : Access denied finding property "vendor.dpframework.dumpbuffer.checksum"
07-17 05:08:46.232  7151  7175 E libc    : Access denied finding property "vendor.dpframework.dumpbuffer.enable"
07-17 05:08:46.276  7151  7712 E FrameEvents: updateAcquireFence: Did not find frame.
07-17 05:08:46.306  7151  7712 E FrameEvents: updateAcquireFence: Did not find frame.
07-17 05:08:46.334  7151  7161 I vision.svplaye: Background concurrent copying GC freed 52058(1807KB) AllocSpace objects, 3(48KB) LOS objects, 13% free, 38MB/44MB, paused 264us total 165.003ms
07-17 05:08:46.355  7151  7712 E FrameEvents: updateAcquireFence: Did not find frame.
07-17 05:08:46.387  7151  7712 E FrameEvents: updateAcquireFence: Did not find frame.
07-17 05:08:46.421  7151  7175 E libc    : Access denied finding property "vendor.dpframework.log.enable"
07-17 05:08:46.423  7151  7175 I chatty  : uid=10247(com.smartvision.svplayer) RenderThread identical 16 lines
07-17 05:08:46.423  7151  7175 E libc    : Access denied finding property "vendor.dpframework.log.enable"
07-17 05:08:46.423  7151  7175 E libc    : Access denied finding property "vendor.dpframework.dumpbuffer.checksum"
07-17 05:08:46.423  7151  7175 E libc    : Access denied finding property "vendor.dpframework.dumpbuffer.enable"
07-17 05:08:46.437  7151  7712 E FrameEvents: updateAcquireFence: Did not find frame.
07-17 05:08:46.476  7151  7712 I chatty  : uid=10247(com.smartvision.svplayer) JNISurfaceTextu identical 1 line
07-17 05:08:46.517  7151  7712 E FrameEvents: updateAcquireFence: Did not find frame.
07-17 05:08:46.550  7151  7175 E libc    : Access denied finding property "vendor.dpframework.log.enable"
07-17 05:08:46.551  7151  7175 I chatty  : uid=10247(com.smartvision.svplayer) RenderThread identical 16 lines
07-17 05:08:46.552  7151  7175 E libc    : Access denied finding property "vendor.dpframework.log.enable"
07-17 05:08:46.552  7151  7175 E libc    : Access denied finding property "vendor.dpframework.dumpbuffer.checksum"
07-17 05:08:46.552  7151  7175 E libc    : Access denied finding property "vendor.dpframework.dumpbuffer.enable"
07-17 05:08:46.559  7151  7712 E FrameEvents: updateAcquireFence: Did not find frame.
07-17 05:08:46.639  7151  7712 I chatty  : uid=10247(com.smartvision.svplayer) JNISurfaceTextu identical 2 lines
07-17 05:08:46.668  7151  7712 E FrameEvents: updateAcquireFence: Did not find frame.
07-17 05:08:46.679  7151  7175 E libc    : Access denied finding property "vendor.dpframework.log.enable"
07-17 05:08:46.681  7151  7175 I chatty  : uid=10247(com.smartvision.svplayer) RenderThread identical 16 lines
07-17 05:08:46.681  7151  7175 E libc    : Access denied finding property "vendor.dpframework.log.enable"
07-17 05:08:46.681  7151  7175 E libc    : Access denied finding property "vendor.dpframework.dumpbuffer.checksum"
07-17 05:08:46.681  7151  7175 E libc    : Access denied finding property "vendor.dpframework.dumpbuffer.enable"
07-17 05:08:46.720  7151  7712 E FrameEvents: updateAcquireFence: Did not find frame.
07-17 05:08:46.801  7151  7712 I chatty  : uid=10247(com.smartvision.svplayer) JNISurfaceTextu identical 2 lines
07-17 05:08:46.842  7151  7712 E FrameEvents: updateAcquireFence: Did not find frame.
07-17 05:08:46.871  7151  7175 E libc    : Access denied finding property "vendor.dpframework.log.enable"
07-17 05:08:46.873  7151  7175 I chatty  : uid=10247(com.smartvision.svplayer) RenderThread identical 16 lines
07-17 05:08:46.873  7151  7175 E libc    : Access denied finding property "vendor.dpframework.log.enable"
07-17 05:08:46.873  7151  7175 E libc    : Access denied finding property "vendor.dpframework.dumpbuffer.checksum"
07-17 05:08:46.873  7151  7175 E libc    : Access denied finding property "vendor.dpframework.dumpbuffer.enable"
07-17 05:08:46.894  7151  7712 E FrameEvents: updateAcquireFence: Did not find frame.
07-17 05:08:47.003  7151  7712 I chatty  : uid=10247(com.smartvision.svplayer) JNISurfaceTextu identical 3 lines
07-17 05:08:47.055  7151  7712 E FrameEvents: updateAcquireFence: Did not find frame.
07-17 05:08:47.064  7151  7175 E libc    : Access denied finding property "vendor.dpframework.log.enable"
07-17 05:08:47.065  7151  7175 I chatty  : uid=10247(com.smartvision.svplayer) RenderThread identical 16 lines
07-17 05:08:47.065  7151  7175 E libc    : Access denied finding property "vendor.dpframework.log.enable"
07-17 05:08:47.065  7151  7175 E libc    : Access denied finding property "vendor.dpframework.dumpbuffer.checksum"
07-17 05:08:47.065  7151  7175 E libc    : Access denied finding property "vendor.dpframework.dumpbuffer.enable"
07-17 05:08:47.086  7151  7712 E FrameEvents: updateAcquireFence: Did not find frame.
07-17 05:08:47.176  7151  7712 I chatty  : uid=10247(com.smartvision.svplayer) JNISurfaceTextu identical 2 lines
07-17 05:08:47.226  7151  7712 E FrameEvents: updateAcquireFence: Did not find frame.
07-17 05:08:47.256  7151  7175 E libc    : Access denied finding property "vendor.dpframework.log.enable"
07-17 05:08:47.246  7151  7151 W RenderThread: type=1400 audit(0.0:260437): avc: denied { open } for path="/dev/__properties__/u:object_r:vendor_default_prop:s0" dev="tmpfs" ino=355 scontext=u:r:untrusted_app:s0:c247,c256,c512,c768 tcontext=u:object_r:vendor_default_prop:s0 tclass=file permissive=0
07-17 05:08:47.256  7151  7175 E libc    : Access denied finding property "vendor.dpframework.log.enable"
07-17 05:08:47.256  7151  7175 I chatty  : uid=10247(com.smartvision.svplayer) RenderThread identical 3 lines
07-17 05:08:47.256  7151  7175 E libc    : Access denied finding property "vendor.dpframework.log.enable"
07-17 05:08:47.246  7151  7151 W RenderThread: type=1400 audit(0.0:260438): avc: denied { open } for path="/dev/__properties__/u:object_r:vendor_default_prop:s0" dev="tmpfs" ino=355 scontext=u:r:untrusted_app:s0:c247,c256,c512,c768 tcontext=u:object_r:vendor_default_prop:s0 tclass=file permissive=0
07-17 05:08:47.256  7151  7175 E libc    : Access denied finding property "vendor.dpframework.log.enable"
07-17 05:08:47.256  7151  7175 I chatty  : uid=10247(com.smartvision.svplayer) RenderThread identical 3 lines
07-17 05:08:47.257  7151  7175 E libc    : Access denied finding property "vendor.dpframework.log.enable"
07-17 05:08:47.246  7151  7151 W RenderThread: type=1400 audit(0.0:260439): avc: denied { open } for path="/dev/__properties__/u:object_r:vendor_default_prop:s0" dev="tmpfs" ino=355 scontext=u:r:untrusted_app:s0:c247,c256,c512,c768 tcontext=u:object_r:vendor_default_prop:s0 tclass=file permissive=0
07-17 05:08:47.257  7151  7175 E libc    : Access denied finding property "vendor.dpframework.log.enable"
07-17 05:08:47.257  7151  7175 I chatty  : uid=10247(com.smartvision.svplayer) RenderThread identical 2 lines
07-17 05:08:47.257  7151  7175 E libc    : Access denied finding property "vendor.dpframework.log.enable"
07-17 05:08:47.246  7151  7151 W RenderThread: type=1400 audit(0.0:260440): avc: denied { open } for path="/dev/__properties__/u:object_r:vendor_default_prop:s0" dev="tmpfs" ino=355 scontext=u:r:untrusted_app:s0:c247,c256,c512,c768 tcontext=u:object_r:vendor_default_prop:s0 tclass=file permissive=0
07-17 05:08:47.257  7151  7175 E libc    : Access denied finding property "vendor.dpframework.log.enable"
07-17 05:08:47.257  7151  7175 I chatty  : uid=10247(com.smartvision.svplayer) RenderThread identical 1 line
07-17 05:08:47.257  7151  7175 E libc    : Access denied finding property "vendor.dpframework.log.enable"
07-17 05:08:47.257  7151  7175 E libc    : Access denied finding property "vendor.dpframework.dumpbuffer.checksum"
07-17 05:08:47.246  7151  7151 W RenderThread: type=1400 audit(0.0:260441): avc: denied { open } for path="/dev/__properties__/u:object_r:vendor_default_prop:s0" dev="tmpfs" ino=355 scontext=u:r:untrusted_app:s0:c247,c256,c512,c768 tcontext=u:object_r:vendor_default_prop:s0 tclass=file permissive=0
07-17 05:08:47.257  7151  7175 E libc    : Access denied finding property "vendor.dpframework.dumpbuffer.enable"
07-17 05:08:47.258  7151  7712 E FrameEvents: updateAcquireFence: Did not find frame.
07-17 05:08:47.260  7151  7175 E libc    : Access denied finding property "vendor.dpframework.log.enable"
07-17 05:08:47.261  7151  7175 I chatty  : uid=10247(com.smartvision.svplayer) RenderThread identical 16 lines
07-17 05:08:47.262  7151  7175 E libc    : Access denied finding property "vendor.dpframework.log.enable"
07-17 05:08:47.262  7151  7175 E libc    : Access denied finding property "vendor.dpframework.dumpbuffer.checksum"
07-17 05:08:47.262  7151  7175 E libc    : Access denied finding property "vendor.dpframework.dumpbuffer.enable"
07-17 05:08:47.310  7151  7712 E FrameEvents: updateAcquireFence: Did not find frame.
07-17 05:08:47.340  7151  7712 E FrameEvents: updateAcquireFence: Did not find frame.
07-17 05:08:47.384  7151  7175 E libc    : Access denied finding property "vendor.dpframework.log.enable"
07-17 05:08:47.385  7151  7175 I chatty  : uid=10247(com.smartvision.svplayer) RenderThread identical 16 lines
07-17 05:08:47.385  7151  7175 E libc    : Access denied finding property "vendor.dpframework.log.enable"
07-17 05:08:47.385  7151  7175 E libc    : Access denied finding property "vendor.dpframework.dumpbuffer.checksum"
07-17 05:08:47.385  7151  7175 E libc    : Access denied finding property "vendor.dpframework.dumpbuffer.enable"
07-17 05:08:47.393  7151  7712 E FrameEvents: updateAcquireFence: Did not find frame.
07-17 05:08:47.422  7151  7712 E FrameEvents: updateAcquireFence: Did not find frame.
07-17 05:08:47.448  7151  7175 E libc    : Access denied finding property "vendor.dpframework.log.enable"
07-17 05:08:47.449  7151  7175 I chatty  : uid=10247(com.smartvision.svplayer) RenderThread identical 16 lines
07-17 05:08:47.450  7151  7175 E libc    : Access denied finding property "vendor.dpframework.log.enable"
07-17 05:08:47.450  7151  7175 E libc    : Access denied finding property "vendor.dpframework.dumpbuffer.checksum"
07-17 05:08:47.450  7151  7175 E libc    : Access denied finding property "vendor.dpframework.dumpbuffer.enable"
07-17 05:08:47.472  7151  7712 E FrameEvents: updateAcquireFence: Did not find frame.
07-17 05:08:47.502  7151  7712 E FrameEvents: updateAcquireFence: Did not find frame.
07-17 05:08:47.512  7151  7175 E libc    : Access denied finding property "vendor.dpframework.log.enable"
07-17 05:08:47.513  7151  7175 I chatty  : uid=10247(com.smartvision.svplayer) RenderThread identical 16 lines
07-17 05:08:47.513  7151  7175 E libc    : Access denied finding property "vendor.dpframework.log.enable"
07-17 05:08:47.514  7151  7175 E libc    : Access denied finding property "vendor.dpframework.dumpbuffer.checksum"
07-17 05:08:47.514  7151  7175 E libc    : Access denied finding property "vendor.dpframework.dumpbuffer.enable"
07-17 05:08:47.552  7151  7712 E FrameEvents: updateAcquireFence: Did not find frame.
07-17 05:08:47.593  7151  7712 E FrameEvents: updateAcquireFence: Did not find frame.
07-17 05:08:47.640  7151  7175 E libc    : Access denied finding property "vendor.dpframework.log.enable"
07-17 05:08:47.642  7151  7175 I chatty  : uid=10247(com.smartvision.svplayer) RenderThread identical 16 lines
07-17 05:08:47.642  7151  7175 E libc    : Access denied finding property "vendor.dpframework.log.enable"
07-17 05:08:47.642  7151  7175 E libc    : Access denied finding property "vendor.dpframework.dumpbuffer.checksum"
07-17 05:08:47.642  7151  7175 E libc    : Access denied finding property "vendor.dpframework.dumpbuffer.enable"
07-17 05:08:47.644  7151  7712 E FrameEvents: updateAcquireFence: Did not find frame.
07-17 05:08:47.645  7151  7175 E libc    : Access denied finding property "vendor.dpframework.log.enable"
07-17 05:08:47.646  7151  7175 I chatty  : uid=10247(com.smartvision.svplayer) RenderThread identical 16 lines
07-17 05:08:47.646  7151  7175 E libc    : Access denied finding property "vendor.dpframework.log.enable"
07-17 05:08:47.646  7151  7175 E libc    : Access denied finding property "vendor.dpframework.dumpbuffer.checksum"
07-17 05:08:47.646  7151  7175 E libc    : Access denied finding property "vendor.dpframework.dumpbuffer.enable"
07-17 05:08:47.674  7151  7712 E FrameEvents: updateAcquireFence: Did not find frame.
07-17 05:08:47.704  7151  7175 E libc    : Access denied finding property "vendor.dpframework.log.enable"
07-17 05:08:47.706  7151  7175 I chatty  : uid=10247(com.smartvision.svplayer) RenderThread identical 16 lines
07-17 05:08:47.706  7151  7175 E libc    : Access denied finding property "vendor.dpframework.log.enable"
07-17 05:08:47.706  7151  7175 E libc    : Access denied finding property "vendor.dpframework.dumpbuffer.checksum"
07-17 05:08:47.706  7151  7175 E libc    : Access denied finding property "vendor.dpframework.dumpbuffer.enable"
07-17 05:08:47.724  7151  7712 E FrameEvents: updateAcquireFence: Did not find frame.
07-17 05:08:47.754  7151  7712 E FrameEvents: updateAcquireFence: Did not find frame.
07-17 05:08:47.768  7151  7175 E libc    : Access denied finding property "vendor.dpframework.log.enable"
07-17 05:08:47.769  7151  7175 I chatty  : uid=10247(com.smartvision.svplayer) RenderThread identical 16 lines
07-17 05:08:47.770  7151  7175 E libc    : Access denied finding property "vendor.dpframework.log.enable"
07-17 05:08:47.770  7151  7175 E libc    : Access denied finding property "vendor.dpframework.dumpbuffer.checksum"
07-17 05:08:47.770  7151  7175 E libc    : Access denied finding property "vendor.dpframework.dumpbuffer.enable"
07-17 05:08:47.804  7151  7712 E FrameEvents: updateAcquireFence: Did not find frame.
07-17 05:08:47.832  7151  7175 E libc    : Access denied finding property "vendor.dpframework.log.enable"
07-17 05:08:47.835  7151  7175 I chatty  : uid=10247(com.smartvision.svplayer) RenderThread identical 16 lines
07-17 05:08:47.835  7151  7175 E libc    : Access denied finding property "vendor.dpframework.log.enable"
07-17 05:08:47.835  7151  7175 E libc    : Access denied finding property "vendor.dpframework.dumpbuffer.checksum"
07-17 05:08:47.835  7151  7175 E libc    : Access denied finding property "vendor.dpframework.dumpbuffer.enable"
07-17 05:08:47.845  7151  7712 E FrameEvents: updateAcquireFence: Did not find frame.
07-17 05:08:47.886  7151  7712 E FrameEvents: updateAcquireFence: Did not find frame.
07-17 05:08:47.896  7151  7175 E libc    : Access denied finding property "vendor.dpframework.log.enable"
07-17 05:08:47.897  7151  7175 I chatty  : uid=10247(com.smartvision.svplayer) RenderThread identical 16 lines
07-17 05:08:47.897  7151  7175 E libc    : Access denied finding property "vendor.dpframework.log.enable"
07-17 05:08:47.897  7151  7175 E libc    : Access denied finding property "vendor.dpframework.dumpbuffer.checksum"
07-17 05:08:47.898  7151  7175 E libc    : Access denied finding property "vendor.dpframework.dumpbuffer.enable"
07-17 05:08:47.926  7151  7712 E FrameEvents: updateAcquireFence: Did not find frame.
07-17 05:08:47.960  7151  7175 E libc    : Access denied finding property "vendor.dpframework.log.enable"
07-17 05:08:47.961  7151  7175 I chatty  : uid=10247(com.smartvision.svplayer) RenderThread identical 16 lines
07-17 05:08:47.961  7151  7175 E libc    : Access denied finding property "vendor.dpframework.log.enable"
07-17 05:08:47.961  7151  7175 E libc    : Access denied finding property "vendor.dpframework.dumpbuffer.checksum"
07-17 05:08:47.961  7151  7175 E libc    : Access denied finding property "vendor.dpframework.dumpbuffer.enable"
07-17 05:08:47.976  7151  7712 E FrameEvents: updateAcquireFence: Did not find frame.
07-17 05:08:48.006  7151  7712 E FrameEvents: updateAcquireFence: Did not find frame.
07-17 05:08:48.057  7151  7712 I chatty  : uid=10247(com.smartvision.svplayer) JNISurfaceTextu identical 1 line
07-17 05:08:48.089  7151  7712 E FrameEvents: updateAcquireFence: Did not find frame.
07-17 05:08:48.092  7151  7175 E libc    : Access denied finding property "vendor.dpframework.log.enable"
07-17 05:08:48.100  7151  7175 I chatty  : uid=10247(com.smartvision.svplayer) RenderThread identical 16 lines
07-17 05:08:48.101  7151  7175 E libc    : Access denied finding property "vendor.dpframework.log.enable"
07-17 05:08:48.101  7151  7175 E libc    : Access denied finding property "vendor.dpframework.dumpbuffer.checksum"
07-17 05:08:48.101  7151  7175 E libc    : Access denied finding property "vendor.dpframework.dumpbuffer.enable"
07-17 05:08:48.109  7151  7711 I MediaCodecLogger: 7151.HW.video.avc.bitrateInKbps = 5283
07-17 05:08:48.141  7151  7712 E FrameEvents: updateAcquireFence: Did not find frame.
07-17 05:08:48.171  7151  7712 E FrameEvents: updateAcquireFence: Did not find frame.
07-17 05:08:48.221  7151  7712 E FrameEvents: updateAcquireFence: Did not find frame.
07-17 05:08:48.261  7151  7712 E FrameEvents: updateAcquireFence: Did not find frame.
07-17 05:08:48.286  7151  7151 W RenderThread: type=1400 audit(0.0:260697): avc: denied { open } for path="/dev/__properties__/u:object_r:vendor_default_prop:s0" dev="tmpfs" ino=355 scontext=u:r:untrusted_app:s0:c247,c256,c512,c768 tcontext=u:object_r:vendor_default_prop:s0 tclass=file permissive=0
07-17 05:08:48.289  7151  7175 E libc    : Access denied finding property "vendor.dpframework.log.enable"
07-17 05:08:48.289  7151  7175 E libc    : Access denied finding property "vendor.dpframework.log.enable"
07-17 05:08:48.286  7151  7151 W RenderThread: type=1400 audit(0.0:260698): avc: denied { open } for path="/dev/__properties__/u:object_r:vendor_default_prop:s0" dev="tmpfs" ino=355 scontext=u:r:untrusted_app:s0:c247,c256,c512,c768 tcontext=u:object_r:vendor_default_prop:s0 tclass=file permissive=0
07-17 05:08:48.290  7151  7175 E libc    : Access denied finding property "vendor.dpframework.log.enable"
07-17 05:08:48.286  7151  7151 W RenderThread: type=1400 audit(0.0:260699): avc: denied { open } for path="/dev/__properties__/u:object_r:vendor_default_prop:s0" dev="tmpfs" ino=355 scontext=u:r:untrusted_app:s0:c247,c256,c512,c768 tcontext=u:object_r:vendor_default_prop:s0 tclass=file permissive=0
07-17 05:08:48.286  7151  7151 I chatty  : uid=10247(com.smartvision.svplayer) identical 1 line
07-17 05:08:48.286  7151  7151 W RenderThread: type=1400 audit(0.0:260701): avc: denied { open } for path="/dev/__properties__/u:object_r:vendor_default_prop:s0" dev="tmpfs" ino=355 scontext=u:r:untrusted_app:s0:c247,c256,c512,c768 tcontext=u:object_r:vendor_default_prop:s0 tclass=file permissive=0
07-17 05:08:48.290  7151  7175 E libc    : Access denied finding property "vendor.dpframework.log.enable"
07-17 05:08:48.290  7151  7175 I chatty  : uid=10247(com.smartvision.svplayer) RenderThread identical 13 lines
07-17 05:08:48.291  7151  7175 E libc    : Access denied finding property "vendor.dpframework.log.enable"
07-17 05:08:48.291  7151  7175 E libc    : Access denied finding property "vendor.dpframework.dumpbuffer.checksum"
07-17 05:08:48.291  7151  7175 E libc    : Access denied finding property "vendor.dpframework.dumpbuffer.enable"
07-17 05:08:48.303  7151  7720 I MediaCodecLogger: 7151.SW.audio.mp4a.bitrateInKbps = 138
07-17 05:08:48.313  7151  7712 E FrameEvents: updateAcquireFence: Did not find frame.
07-17 05:08:48.342  7151  7712 E FrameEvents: updateAcquireFence: Did not find frame.
07-17 05:08:48.367  7151  7161 I vision.svplaye: Background concurrent copying GC freed 145657(5MB) AllocSpace objects, 0(0B) LOS objects, 12% free, 40MB/46MB, paused 178us total 166.832ms
07-17 05:08:48.392  7151  7712 E FrameEvents: updateAcquireFence: Did not find frame.
07-17 05:08:48.420  7151  7175 E libc    : Access denied finding property "vendor.dpframework.log.enable"
07-17 05:08:48.421  7151  7175 I chatty  : uid=10247(com.smartvision.svplayer) RenderThread identical 16 lines
07-17 05:08:48.421  7151  7175 E libc    : Access denied finding property "vendor.dpframework.log.enable"
07-17 05:08:48.421  7151  7175 E libc    : Access denied finding property "vendor.dpframework.dumpbuffer.checksum"
07-17 05:08:48.421  7151  7175 E libc    : Access denied finding property "vendor.dpframework.dumpbuffer.enable"
07-17 05:08:48.423  7151  7712 E FrameEvents: updateAcquireFence: Did not find frame.
07-17 05:08:48.424  7151  7175 E libc    : Access denied finding property "vendor.dpframework.log.enable"
07-17 05:08:48.426  7151  7175 I chatty  : uid=10247(com.smartvision.svplayer) RenderThread identical 16 lines
07-17 05:08:48.426  7151  7175 E libc    : Access denied finding property "vendor.dpframework.log.enable"
07-17 05:08:48.426  7151  7175 E libc    : Access denied finding property "vendor.dpframework.dumpbuffer.checksum"
07-17 05:08:48.426  7151  7175 E libc    : Access denied finding property "vendor.dpframework.dumpbuffer.enable"
07-17 05:08:48.474  7151  7712 E FrameEvents: updateAcquireFence: Did not find frame.
07-17 05:08:48.503  7151  7712 E FrameEvents: updateAcquireFence: Did not find frame.
07-17 05:08:48.553  7151  7175 E libc    : Access denied finding property "vendor.dpframework.log.enable"
07-17 05:08:48.554  7151  7175 I chatty  : uid=10247(com.smartvision.svplayer) RenderThread identical 16 lines
07-17 05:08:48.555  7151  7175 E libc    : Access denied finding property "vendor.dpframework.log.enable"
07-17 05:08:48.555  7151  7175 E libc    : Access denied finding property "vendor.dpframework.dumpbuffer.checksum"
07-17 05:08:48.555  7151  7175 E libc    : Access denied finding property "vendor.dpframework.dumpbuffer.enable"
07-17 05:08:48.561  7151  7712 E FrameEvents: updateAcquireFence: Did not find frame.
07-17 05:08:48.587  7151  7712 E FrameEvents: updateAcquireFence: Did not find frame.
07-17 05:08:48.619  7151  7175 E libc    : Access denied finding property "vendor.dpframework.log.enable"
