--------- beginning of main
07-21 20:51:48.679 15386 22786 E CameraManagerGlobal: Camera service is unavailable
07-21 20:51:49.679 15386 22786 I CameraManagerGlobal: Connecting to camera service
07-21 20:51:49.680 15386 22786 E CameraManagerGlobal: Camera service is unavailable
07-21 20:51:49.779 15386 15403 I vision.svplaye: Background concurrent copying GC freed 213871(6MB) AllocSpace objects, 0(0B) LOS objects, 19% free, 24MB/30MB, paused 219us total 281.096ms
07-21 20:51:50.680 15386 22786 I CameraManagerGlobal: Connecting to camera service
07-21 20:51:50.680 15386 22786 E CameraManagerGlobal: Camera service is unavailable
07-21 20:51:51.681 15386 22786 I CameraManagerGlobal: Connecting to camera service
07-21 20:51:51.681 15386 22786 E CameraManagerGlobal: Camera service is unavailable
07-21 20:51:52.329 15386 15403 I vision.svplaye: Background concurrent copying GC freed 211239(6MB) AllocSpace objects, 0(0B) LOS objects, 19% free, 24MB/30MB, paused 326us total 296.626ms
07-21 20:51:52.681 15386 22786 I CameraManagerGlobal: Connecting to camera service
07-21 20:51:52.682 15386 22786 E CameraManagerGlobal: Camera service is unavailable
07-21 20:51:53.682 15386 22786 I CameraManagerGlobal: Connecting to camera service
07-21 20:51:53.682 15386 22786 E CameraManagerGlobal: Camera service is unavailable
07-21 20:51:54.683 15386 22786 I CameraManagerGlobal: Connecting to camera service
07-21 20:51:54.683 15386 22786 E CameraManagerGlobal: Camera service is unavailable
07-21 20:51:54.892 15386 15403 I vision.svplaye: Background concurrent copying GC freed 212683(6MB) AllocSpace objects, 0(0B) LOS objects, 19% free, 25MB/31MB, paused 192us total 309.758ms
07-21 20:51:55.683 15386 22786 I CameraManagerGlobal: Connecting to camera service
07-21 20:51:55.684 15386 22786 E CameraManagerGlobal: Camera service is unavailable
07-21 20:51:56.684 15386 22786 I CameraManagerGlobal: Connecting to camera service
07-21 20:51:56.684 15386 22786 E CameraManagerGlobal: Camera service is unavailable
07-21 20:51:57.436 15386 15403 I vision.svplaye: Background concurrent copying GC freed 214463(6MB) AllocSpace objects, 0(0B) LOS objects, 19% free, 24MB/30MB, paused 265us total 278.935ms
07-21 20:51:57.685 15386 22786 I CameraManagerGlobal: Connecting to camera service
07-21 20:51:57.685 15386 22786 E CameraManagerGlobal: Camera service is unavailable
07-21 20:51:58.685 15386 22786 I CameraManagerGlobal: Connecting to camera service
07-21 20:51:58.686 15386 22786 E CameraManagerGlobal: Camera service is unavailable
07-21 20:51:59.686 15386 22786 I CameraManagerGlobal: Connecting to camera service
07-21 20:51:59.687 15386 22786 E CameraManagerGlobal: Camera service is unavailable
07-21 20:52:00.004 15386 15403 I vision.svplaye: Background concurrent copying GC freed 211662(6MB) AllocSpace objects, 0(0B) LOS objects, 19% free, 25MB/31MB, paused 222us total 317.891ms
07-21 20:52:00.687 15386 22786 I CameraManagerGlobal: Connecting to camera service
07-21 20:52:00.688 15386 22786 E CameraManagerGlobal: Camera service is unavailable
07-21 20:52:01.688 15386 22786 I CameraManagerGlobal: Connecting to camera service
07-21 20:52:01.688 15386 22786 E CameraManagerGlobal: Camera service is unavailable
07-21 20:52:02.137 15386 15403 I vision.svplaye: Background concurrent copying GC freed 213201(6MB) AllocSpace objects, 0(0B) LOS objects, 19% free, 25MB/31MB, paused 189us total 295.225ms
07-21 20:52:02.689 15386 22786 I CameraManagerGlobal: Connecting to camera service
07-21 20:52:02.689 15386 22786 E CameraManagerGlobal: Camera service is unavailable
07-21 20:52:03.689 15386 22786 I CameraManagerGlobal: Connecting to camera service
07-21 20:52:03.690 15386 22786 E CameraManagerGlobal: Camera service is unavailable
07-21 20:52:04.115 15386 15403 I vision.svplaye: Background concurrent copying GC freed 218814(6MB) AllocSpace objects, 0(0B) LOS objects, 19% free, 24MB/30MB, paused 198us total 293.676ms
07-21 20:52:04.691 15386 22786 I CameraManagerGlobal: Connecting to camera service
07-21 20:52:04.691 15386 22786 E CameraManagerGlobal: Camera service is unavailable
07-21 20:52:05.667 15386 15415 I vision.svplaye: Waiting for a blocking GC ProfileSaver
07-21 20:52:05.691 15386 22786 I CameraManagerGlobal: Connecting to camera service
07-21 20:52:05.692 15386 22786 E CameraManagerGlobal: Camera service is unavailable
07-21 20:52:05.832 15386 15403 I vision.svplaye: Background concurrent copying GC freed 216520(6MB) AllocSpace objects, 0(0B) LOS objects, 19% free, 25MB/31MB, paused 205us total 281.343ms
07-21 20:52:05.835 15386 15415 I vision.svplaye: WaitForGcToComplete blocked ProfileSaver on HeapTrim for 168.864ms
07-21 20:52:06.692 15386 22786 I CameraManagerGlobal: Connecting to camera service
07-21 20:52:06.692 15386 22786 E CameraManagerGlobal: Camera service is unavailable
07-21 20:52:07.570 15386 15403 I vision.svplaye: Background concurrent copying GC freed 229286(6MB) AllocSpace objects, 0(0B) LOS objects, 19% free, 24MB/30MB, paused 213us total 277.862ms
07-21 20:52:07.693 15386 22786 I CameraManagerGlobal: Connecting to camera service
07-21 20:52:07.693 15386 22786 E CameraManagerGlobal: Camera service is unavailable
07-21 20:52:08.693 15386 22786 I CameraManagerGlobal: Connecting to camera service
07-21 20:52:08.694 15386 22786 E CameraManagerGlobal: Camera service is unavailable
07-21 20:52:09.270 15386 15403 I vision.svplaye: Background concurrent copying GC freed 220752(6MB) AllocSpace objects, 0(0B) LOS objects, 19% free, 24MB/30MB, paused 209us total 279.563ms
07-21 20:52:09.694 15386 22786 I CameraManagerGlobal: Connecting to camera service
07-21 20:52:09.694 15386 22786 E CameraManagerGlobal: Camera service is unavailable
07-21 20:52:10.695 15386 22786 I CameraManagerGlobal: Connecting to camera service
07-21 20:52:10.695 15386 22786 E CameraManagerGlobal: Camera service is unavailable
07-21 20:52:10.996 15386 15403 I vision.svplaye: Background concurrent copying GC freed 221779(6MB) AllocSpace objects, 0(0B) LOS objects, 19% free, 24MB/30MB, paused 225us total 267.964ms
07-21 20:52:11.695 15386 22786 I CameraManagerGlobal: Connecting to camera service
07-21 20:52:11.695 15386 22786 E CameraManagerGlobal: Camera service is unavailable
07-21 20:52:12.697 15386 22786 I CameraManagerGlobal: Connecting to camera service
07-21 20:52:12.697 15386 22786 E CameraManagerGlobal: Camera service is unavailable
07-21 20:52:12.987 15386 15403 I vision.svplaye: Background concurrent copying GC freed 219398(6MB) AllocSpace objects, 0(0B) LOS objects, 19% free, 24MB/30MB, paused 221us total 294.334ms
07-21 20:52:13.697 15386 22786 I CameraManagerGlobal: Connecting to camera service
07-21 20:52:13.698 15386 22786 E CameraManagerGlobal: Camera service is unavailable
07-21 20:52:14.698 15386 22786 I CameraManagerGlobal: Connecting to camera service
07-21 20:52:14.701 15386 22786 E CameraManagerGlobal: Camera service is unavailable
07-21 20:52:14.980 15386 15403 I vision.svplaye: Background concurrent copying GC freed 216073(6MB) AllocSpace objects, 0(0B) LOS objects, 19% free, 24MB/30MB, paused 208us total 282.109ms
07-21 20:52:15.701 15386 22786 I CameraManagerGlobal: Connecting to camera service
07-21 20:52:15.701 15386 22786 E CameraManagerGlobal: Camera service is unavailable
07-21 20:52:16.702 15386 22786 I CameraManagerGlobal: Connecting to camera service
07-21 20:52:16.702 15386 22786 E CameraManagerGlobal: Camera service is unavailable
07-21 20:52:16.811 15386 15403 I vision.svplaye: Background concurrent copying GC freed 214566(6MB) AllocSpace objects, 1(20KB) LOS objects, 19% free, 24MB/30MB, paused 191us total 282.965ms
07-21 20:52:17.702 15386 22786 I CameraManagerGlobal: Connecting to camera service
07-21 20:52:17.703 15386 22786 E CameraManagerGlobal: Camera service is unavailable
07-21 20:52:18.623 15386 15403 I vision.svplaye: Background concurrent copying GC freed 218188(6MB) AllocSpace objects, 0(0B) LOS objects, 19% free, 24MB/30MB, paused 198us total 283.601ms
07-21 20:52:18.703 15386 22786 I CameraManagerGlobal: Connecting to camera service
07-21 20:52:18.703 15386 22786 E CameraManagerGlobal: Camera service is unavailable
07-21 20:52:19.704 15386 22786 I CameraManagerGlobal: Connecting to camera service
07-21 20:52:19.704 15386 22786 E CameraManagerGlobal: Camera service is unavailable
07-21 20:52:20.424 15386 15403 I vision.svplaye: Background concurrent copying GC freed 217220(6MB) AllocSpace objects, 0(0B) LOS objects, 19% free, 24MB/30MB, paused 189us total 286.815ms
07-21 20:52:20.704 15386 22786 I CameraManagerGlobal: Connecting to camera service
07-21 20:52:20.705 15386 22786 E CameraManagerGlobal: Camera service is unavailable
07-21 20:52:21.705 15386 22786 I CameraManagerGlobal: Connecting to camera service
07-21 20:52:21.705 15386 22786 E CameraManagerGlobal: Camera service is unavailable
07-21 20:52:22.223 15386 15403 I vision.svplaye: Background concurrent copying GC freed 217083(6MB) AllocSpace objects, 0(0B) LOS objects, 19% free, 24MB/30MB, paused 189us total 281.396ms
07-21 20:52:22.706 15386 22786 I CameraManagerGlobal: Connecting to camera service
07-21 20:52:22.706 15386 22786 E CameraManagerGlobal: Camera service is unavailable
07-21 20:52:23.706 15386 22786 I CameraManagerGlobal: Connecting to camera service
07-21 20:52:23.707 15386 22786 E CameraManagerGlobal: Camera service is unavailable
07-21 20:52:24.004 15386 15403 I vision.svplaye: Background concurrent copying GC freed 217610(6MB) AllocSpace objects, 0(0B) LOS objects, 19% free, 24MB/30MB, paused 242us total 270.175ms
07-21 20:52:24.707 15386 22786 I CameraManagerGlobal: Connecting to camera service
07-21 20:52:24.707 15386 22786 E CameraManagerGlobal: Camera service is unavailable
07-21 20:52:25.708 15386 22786 I CameraManagerGlobal: Connecting to camera service
07-21 20:52:25.708 15386 22786 E CameraManagerGlobal: Camera service is unavailable
07-21 20:52:25.778 15386 15403 I vision.svplaye: Background concurrent copying GC freed 214440(6MB) AllocSpace objects, 0(0B) LOS objects, 19% free, 24MB/30MB, paused 206us total 264.027ms
07-21 20:52:26.708 15386 22786 I CameraManagerGlobal: Connecting to camera service
07-21 20:52:26.709 15386 22786 E CameraManagerGlobal: Camera service is unavailable
07-21 20:52:27.557 15386 15403 I vision.svplaye: Background concurrent copying GC freed 215418(6MB) AllocSpace objects, 0(0B) LOS objects, 19% free, 24MB/30MB, paused 472us total 270.799ms
07-21 20:52:27.709 15386 22786 I CameraManagerGlobal: Connecting to camera service
07-21 20:52:27.709 15386 22786 E CameraManagerGlobal: Camera service is unavailable
07-21 20:52:28.710 15386 22786 I CameraManagerGlobal: Connecting to camera service
07-21 20:52:28.710 15386 22786 E CameraManagerGlobal: Camera service is unavailable
07-21 20:52:29.351 15386 15403 I vision.svplaye: Background concurrent copying GC freed 216156(6MB) AllocSpace objects, 0(0B) LOS objects, 19% free, 24MB/30MB, paused 185us total 288.511ms
07-21 20:52:29.710 15386 22786 I CameraManagerGlobal: Connecting to camera service
07-21 20:52:29.711 15386 22786 E CameraManagerGlobal: Camera service is unavailable
07-21 20:52:30.711 15386 22786 I CameraManagerGlobal: Connecting to camera service
07-21 20:52:30.711 15386 22786 E CameraManagerGlobal: Camera service is unavailable
07-21 20:52:31.154 15386 15403 I vision.svplaye: Background concurrent copying GC freed 212412(6MB) AllocSpace objects, 0(0B) LOS objects, 19% free, 24MB/30MB, paused 202us total 264.861ms
07-21 20:52:31.712 15386 22786 I CameraManagerGlobal: Connecting to camera service
07-21 20:52:31.712 15386 22786 E CameraManagerGlobal: Camera service is unavailable
07-21 20:52:32.713 15386 22786 I CameraManagerGlobal: Connecting to camera service
07-21 20:52:32.713 15386 22786 E CameraManagerGlobal: Camera service is unavailable
07-21 20:52:32.935 15386 15403 I vision.svplaye: Background concurrent copying GC freed 216441(6MB) AllocSpace objects, 0(0B) LOS objects, 19% free, 24MB/30MB, paused 203us total 262.513ms
07-21 20:52:33.713 15386 22786 I CameraManagerGlobal: Connecting to camera service
07-21 20:52:33.714 15386 22786 E CameraManagerGlobal: Camera service is unavailable
07-21 20:52:34.714 15386 22786 I CameraManagerGlobal: Connecting to camera service
07-21 20:52:34.714 15386 22786 E CameraManagerGlobal: Camera service is unavailable
07-21 20:52:34.733 15386 15403 I vision.svplaye: Background concurrent copying GC freed 215035(6MB) AllocSpace objects, 0(0B) LOS objects, 19% free, 24MB/30MB, paused 257us total 277.040ms
07-21 20:52:35.715 15386 22786 I CameraManagerGlobal: Connecting to camera service
07-21 20:52:35.715 15386 22786 E CameraManagerGlobal: Camera service is unavailable
07-21 20:52:36.655 15386 15403 I vision.svplaye: Background concurrent copying GC freed 216041(6MB) AllocSpace objects, 0(0B) LOS objects, 19% free, 24MB/30MB, paused 249us total 271.411ms
07-21 20:52:36.715 15386 22786 I CameraManagerGlobal: Connecting to camera service
07-21 20:52:36.716 15386 22786 E CameraManagerGlobal: Camera service is unavailable
07-21 20:52:37.716 15386 22786 I CameraManagerGlobal: Connecting to camera service
07-21 20:52:37.716 15386 22786 E CameraManagerGlobal: Camera service is unavailable
07-21 20:52:38.448 15386 15403 I vision.svplaye: Background concurrent copying GC freed 216156(6MB) AllocSpace objects, 0(0B) LOS objects, 19% free, 24MB/30MB, paused 187us total 269.401ms
07-21 20:52:38.717 15386 22786 I CameraManagerGlobal: Connecting to camera service
07-21 20:52:38.717 15386 22786 E CameraManagerGlobal: Camera service is unavailable
07-21 20:52:39.717 15386 22786 I CameraManagerGlobal: Connecting to camera service
07-21 20:52:39.718 15386 22786 E CameraManagerGlobal: Camera service is unavailable
07-21 20:52:40.325 15386 15403 I vision.svplaye: Background concurrent copying GC freed 213638(6MB) AllocSpace objects, 0(0B) LOS objects, 19% free, 24MB/30MB, paused 231us total 307.776ms
07-21 20:52:40.718 15386 22786 I CameraManagerGlobal: Connecting to camera service
07-21 20:52:40.718 15386 22786 E CameraManagerGlobal: Camera service is unavailable
07-21 20:52:41.719 15386 22786 I CameraManagerGlobal: Connecting to camera service
07-21 20:52:41.719 15386 22786 E CameraManagerGlobal: Camera service is unavailable
07-21 20:52:42.719 15386 22786 I CameraManagerGlobal: Connecting to camera service
07-21 20:52:42.720 15386 22786 E CameraManagerGlobal: Camera service is unavailable
07-21 20:52:42.727 15386 15403 I vision.svplaye: Background concurrent copying GC freed 193992(5MB) AllocSpace objects, 0(0B) LOS objects, 19% free, 24MB/30MB, paused 197us total 286.104ms
07-21 20:52:43.721 15386 22786 I CameraManagerGlobal: Connecting to camera service
07-21 20:52:43.723 15386 22786 E CameraManagerGlobal: Camera service is unavailable
07-21 20:52:44.723 15386 22786 I CameraManagerGlobal: Connecting to camera service
07-21 20:52:44.724 15386 22786 E CameraManagerGlobal: Camera service is unavailable
07-21 20:52:45.227 15386 15403 I vision.svplaye: Background concurrent copying GC freed 210720(6MB) AllocSpace objects, 0(0B) LOS objects, 19% free, 24MB/30MB, paused 1.078ms total 288.195ms
07-21 20:52:45.724 15386 22786 I CameraManagerGlobal: Connecting to camera service
07-21 20:52:45.724 15386 22786 E CameraManagerGlobal: Camera service is unavailable
07-21 20:52:46.725 15386 22786 I CameraManagerGlobal: Connecting to camera service
07-21 20:52:46.725 15386 22786 E CameraManagerGlobal: Camera service is unavailable
07-21 20:52:47.278 15386 15403 I vision.svplaye: Background concurrent copying GC freed 206905(6MB) AllocSpace objects, 0(0B) LOS objects, 19% free, 25MB/31MB, paused 232us total 313.781ms
07-21 20:52:47.725 15386 22786 I CameraManagerGlobal: Connecting to camera service
07-21 20:52:47.726 15386 22786 E CameraManagerGlobal: Camera service is unavailable
07-21 20:52:48.727 15386 22786 I CameraManagerGlobal: Connecting to camera service
07-21 20:52:48.727 15386 22786 E CameraManagerGlobal: Camera service is unavailable
07-21 20:52:49.115 15386 15403 I vision.svplaye: Background concurrent copying GC freed 221130(6MB) AllocSpace objects, 0(0B) LOS objects, 19% free, 24MB/30MB, paused 225us total 264.975ms
07-21 20:52:49.727 15386 22786 I CameraManagerGlobal: Connecting to camera service
07-21 20:52:49.728 15386 22786 E CameraManagerGlobal: Camera service is unavailable
07-21 20:52:50.728 15386 22786 I CameraManagerGlobal: Connecting to camera service
07-21 20:52:50.729 15386 22786 E CameraManagerGlobal: Camera service is unavailable
07-21 20:52:50.844 15386 15403 I vision.svplaye: Background concurrent copying GC freed 224643(6MB) AllocSpace objects, 0(0B) LOS objects, 19% free, 24MB/30MB, paused 189us total 274.800ms
07-21 20:52:51.729 15386 22786 I CameraManagerGlobal: Connecting to camera service
07-21 20:52:51.729 15386 22786 E CameraManagerGlobal: Camera service is unavailable
07-21 20:52:52.565 15386 15403 I vision.svplaye: Background concurrent copying GC freed 220644(6MB) AllocSpace objects, 0(0B) LOS objects, 19% free, 24MB/30MB, paused 187us total 268.686ms
07-21 20:52:52.729 15386 22786 I CameraManagerGlobal: Connecting to camera service
07-21 20:52:52.730 15386 22786 E CameraManagerGlobal: Camera service is unavailable
07-21 20:52:53.730 15386 22786 I CameraManagerGlobal: Connecting to camera service
07-21 20:52:53.730 15386 22786 E CameraManagerGlobal: Camera service is unavailable
07-21 20:52:54.275 15386 15403 I vision.svplaye: Background concurrent copying GC freed 220470(6MB) AllocSpace objects, 0(0B) LOS objects, 19% free, 24MB/30MB, paused 181us total 267.912ms
07-21 20:52:54.731 15386 22786 I CameraManagerGlobal: Connecting to camera service
07-21 20:52:54.731 15386 22786 E CameraManagerGlobal: Camera service is unavailable
07-21 20:52:55.731 15386 22786 I CameraManagerGlobal: Connecting to camera service
07-21 20:52:55.732 15386 22786 E CameraManagerGlobal: Camera service is unavailable
07-21 20:52:55.969 15386 15403 I vision.svplaye: Background concurrent copying GC freed 220726(6MB) AllocSpace objects, 0(0B) LOS objects, 19% free, 24MB/30MB, paused 261us total 263.564ms
07-21 20:52:56.732 15386 22786 I CameraManagerGlobal: Connecting to camera service
07-21 20:52:56.733 15386 22786 E CameraManagerGlobal: Camera service is unavailable
07-21 20:52:57.676 15386 15403 I vision.svplaye: Background concurrent copying GC freed 218501(6MB) AllocSpace objects, 0(0B) LOS objects, 19% free, 24MB/30MB, paused 199us total 268.027ms
07-21 20:52:57.733 15386 22786 I CameraManagerGlobal: Connecting to camera service
07-21 20:52:57.733 15386 22786 E CameraManagerGlobal: Camera service is unavailable
07-21 20:52:58.734 15386 22786 I CameraManagerGlobal: Connecting to camera service
07-21 20:52:58.734 15386 22786 E CameraManagerGlobal: Camera service is unavailable
07-21 20:52:59.444 15386 15403 I vision.svplaye: Background concurrent copying GC freed 219152(6MB) AllocSpace objects, 0(0B) LOS objects, 19% free, 24MB/30MB, paused 187us total 272.079ms
07-21 20:52:59.734 15386 22786 I CameraManagerGlobal: Connecting to camera service
07-21 20:52:59.735 15386 22786 E CameraManagerGlobal: Camera service is unavailable
07-21 20:53:00.736 15386 22786 I CameraManagerGlobal: Connecting to camera service
07-21 20:53:00.737 15386 22786 E CameraManagerGlobal: Camera service is unavailable
07-21 20:53:01.249 15386 15403 I vision.svplaye: Background concurrent copying GC freed 211717(6MB) AllocSpace objects, 1(20KB) LOS objects, 19% free, 24MB/30MB, paused 224us total 266.011ms
07-21 20:53:01.737 15386 22786 I CameraManagerGlobal: Connecting to camera service
07-21 20:53:01.738 15386 22786 E CameraManagerGlobal: Camera service is unavailable
07-21 20:53:02.738 15386 22786 I CameraManagerGlobal: Connecting to camera service
07-21 20:53:02.738 15386 22786 E CameraManagerGlobal: Camera service is unavailable
07-21 20:53:03.042 15386 15403 I vision.svplaye: Background concurrent copying GC freed 216104(6MB) AllocSpace objects, 0(0B) LOS objects, 19% free, 24MB/30MB, paused 196us total 267.362ms
07-21 20:53:03.739 15386 22786 I CameraManagerGlobal: Connecting to camera service
07-21 20:53:03.739 15386 22786 E CameraManagerGlobal: Camera service is unavailable
07-21 20:53:04.739 15386 22786 I CameraManagerGlobal: Connecting to camera service
07-21 20:53:04.740 15386 22786 E CameraManagerGlobal: Camera service is unavailable
07-21 20:53:04.836 15386 15403 I vision.svplaye: Background concurrent copying GC freed 215852(6MB) AllocSpace objects, 0(0B) LOS objects, 19% free, 24MB/30MB, paused 212us total 268.239ms
07-21 20:53:05.740 15386 22786 I CameraManagerGlobal: Connecting to camera service
07-21 20:53:05.740 15386 22786 E CameraManagerGlobal: Camera service is unavailable
07-21 20:53:06.619 15386 15403 I vision.svplaye: Background concurrent copying GC freed 216194(6MB) AllocSpace objects, 0(0B) LOS objects, 19% free, 24MB/30MB, paused 194us total 269.252ms
07-21 20:53:06.741 15386 22786 I CameraManagerGlobal: Connecting to camera service
07-21 20:53:06.741 15386 22786 E CameraManagerGlobal: Camera service is unavailable
07-21 20:53:07.741 15386 22786 I CameraManagerGlobal: Connecting to camera service
07-21 20:53:07.742 15386 22786 E CameraManagerGlobal: Camera service is unavailable
07-21 20:53:08.403 15386 15403 I vision.svplaye: Background concurrent copying GC freed 214968(6MB) AllocSpace objects, 0(0B) LOS objects, 19% free, 24MB/30MB, paused 197us total 267.752ms
07-21 20:53:08.742 15386 22786 I CameraManagerGlobal: Connecting to camera service
07-21 20:53:08.743 15386 22786 E CameraManagerGlobal: Camera service is unavailable
07-21 20:53:09.743 15386 22786 I CameraManagerGlobal: Connecting to camera service
07-21 20:53:09.743 15386 22786 E CameraManagerGlobal: Camera service is unavailable
07-21 20:53:10.174 15386 15403 I vision.svplaye: Background concurrent copying GC freed 214641(6MB) AllocSpace objects, 0(0B) LOS objects, 19% free, 24MB/30MB, paused 188us total 265.053ms
07-21 20:53:10.743 15386 22786 I CameraManagerGlobal: Connecting to camera service
07-21 20:53:10.744 15386 22786 E CameraManagerGlobal: Camera service is unavailable
07-21 20:53:11.744 15386 22786 I CameraManagerGlobal: Connecting to camera service
07-21 20:53:11.745 15386 22786 E CameraManagerGlobal: Camera service is unavailable
07-21 20:53:11.959 15386 15403 I vision.svplaye: Background concurrent copying GC freed 214513(6MB) AllocSpace objects, 0(0B) LOS objects, 19% free, 24MB/30MB, paused 208us total 269.882ms
07-21 20:53:12.745 15386 22786 I CameraManagerGlobal: Connecting to camera service
07-21 20:53:12.745 15386 22786 E CameraManagerGlobal: Camera service is unavailable
07-21 20:53:13.745 15386 22786 I CameraManagerGlobal: Connecting to camera service
07-21 20:53:13.746 15386 22786 E CameraManagerGlobal: Camera service is unavailable
07-21 20:53:13.764 15386 15403 I vision.svplaye: Background concurrent copying GC freed 216864(6MB) AllocSpace objects, 0(0B) LOS objects, 19% free, 24MB/30MB, paused 210us total 275.130ms
07-21 20:53:14.746 15386 22786 I CameraManagerGlobal: Connecting to camera service
07-21 20:53:14.746 15386 22786 E CameraManagerGlobal: Camera service is unavailable
07-21 20:53:15.639 15386 15403 I vision.svplaye: Background concurrent copying GC freed 212597(6MB) AllocSpace objects, 0(0B) LOS objects, 19% free, 24MB/30MB, paused 171us total 260.360ms
07-21 20:53:15.747 15386 22786 I CameraManagerGlobal: Connecting to camera service
07-21 20:53:15.747 15386 22786 E CameraManagerGlobal: Camera service is unavailable
07-21 20:53:16.747 15386 22786 I CameraManagerGlobal: Connecting to camera service
07-21 20:53:16.748 15386 22786 E CameraManagerGlobal: Camera service is unavailable
07-21 20:53:17.433 15386 15403 I vision.svplaye: Background concurrent copying GC freed 214019(6MB) AllocSpace objects, 0(0B) LOS objects, 19% free, 24MB/30MB, paused 341us total 264.053ms
07-21 20:53:17.748 15386 22786 I CameraManagerGlobal: Connecting to camera service
07-21 20:53:17.748 15386 22786 E CameraManagerGlobal: Camera service is unavailable
07-21 20:53:18.748 15386 22786 I CameraManagerGlobal: Connecting to camera service
07-21 20:53:18.749 15386 22786 E CameraManagerGlobal: Camera service is unavailable
07-21 20:53:19.219 15386 15403 I vision.svplaye: Background concurrent copying GC freed 214840(6MB) AllocSpace objects, 0(0B) LOS objects, 19% free, 24MB/30MB, paused 192us total 267.076ms
07-21 20:53:19.749 15386 22786 I CameraManagerGlobal: Connecting to camera service
07-21 20:53:19.750 15386 22786 E CameraManagerGlobal: Camera service is unavailable
07-21 20:53:20.750 15386 22786 I CameraManagerGlobal: Connecting to camera service
07-21 20:53:20.750 15386 22786 E CameraManagerGlobal: Camera service is unavailable
07-21 20:53:21.097 15386 15403 I vision.svplaye: Background concurrent copying GC freed 212143(6MB) AllocSpace objects, 0(0B) LOS objects, 19% free, 24MB/30MB, paused 200us total 283.445ms
07-21 20:53:21.750 15386 22786 I CameraManagerGlobal: Connecting to camera service
07-21 20:53:21.751 15386 22786 E CameraManagerGlobal: Camera service is unavailable
07-21 20:53:22.751 15386 22786 I CameraManagerGlobal: Connecting to camera service
07-21 20:53:22.752 15386 22786 E CameraManagerGlobal: Camera service is unavailable
07-21 20:53:23.004 15386 15403 I vision.svplaye: Background concurrent copying GC freed 215040(6MB) AllocSpace objects, 0(0B) LOS objects, 19% free, 24MB/30MB, paused 201us total 300.618ms
07-21 20:53:23.752 15386 22786 I CameraManagerGlobal: Connecting to camera service
07-21 20:53:23.753 15386 22786 E CameraManagerGlobal: Camera service is unavailable
07-21 20:53:24.753 15386 22786 I CameraManagerGlobal: Connecting to camera service
07-21 20:53:24.753 15386 22786 E CameraManagerGlobal: Camera service is unavailable
07-21 20:53:24.969 15386 15403 I vision.svplaye: Background concurrent copying GC freed 213191(6MB) AllocSpace objects, 0(0B) LOS objects, 19% free, 24MB/30MB, paused 558us total 307.846ms
07-21 20:53:25.754 15386 22786 I CameraManagerGlobal: Connecting to camera service
07-21 20:53:25.754 15386 22786 E CameraManagerGlobal: Camera service is unavailable
07-21 20:53:26.754 15386 22786 I CameraManagerGlobal: Connecting to camera service
07-21 20:53:26.755 15386 22786 E CameraManagerGlobal: Camera service is unavailable
07-21 20:53:26.898 15386 15403 I vision.svplaye: Background concurrent copying GC freed 218353(6MB) AllocSpace objects, 0(0B) LOS objects, 19% free, 24MB/30MB, paused 266us total 348.947ms
07-21 20:53:27.755 15386 22786 I CameraManagerGlobal: Connecting to camera service
07-21 20:53:27.756 15386 22786 E CameraManagerGlobal: Camera service is unavailable
07-21 20:53:28.756 15386 22786 I CameraManagerGlobal: Connecting to camera service
07-21 20:53:28.757 15386 22786 E CameraManagerGlobal: Camera service is unavailable
07-21 20:53:28.807 15386 15403 I vision.svplaye: Background concurrent copying GC freed 214876(6MB) AllocSpace objects, 0(0B) LOS objects, 19% free, 24MB/30MB, paused 218us total 295.257ms
07-21 20:53:29.757 15386 22786 I CameraManagerGlobal: Connecting to camera service
07-21 20:53:29.758 15386 22786 E CameraManagerGlobal: Camera service is unavailable
07-21 20:53:30.606 15386 15403 I vision.svplaye: Background concurrent copying GC freed 213014(6MB) AllocSpace objects, 0(0B) LOS objects, 19% free, 24MB/30MB, paused 181us total 266.332ms
07-21 20:53:30.758 15386 22786 I CameraManagerGlobal: Connecting to camera service
07-21 20:53:30.758 15386 22786 E CameraManagerGlobal: Camera service is unavailable
07-21 20:53:31.758 15386 22786 I CameraManagerGlobal: Connecting to camera service
07-21 20:53:31.759 15386 22786 E CameraManagerGlobal: Camera service is unavailable
07-21 20:53:32.323 15386 15403 I vision.svplaye: Background concurrent copying GC freed 219439(6MB) AllocSpace objects, 0(0B) LOS objects, 19% free, 24MB/30MB, paused 202us total 267.821ms
07-21 20:53:32.759 15386 22786 I CameraManagerGlobal: Connecting to camera service
07-21 20:53:32.759 15386 22786 E CameraManagerGlobal: Camera service is unavailable
07-21 20:53:33.760 15386 22786 I CameraManagerGlobal: Connecting to camera service
07-21 20:53:33.760 15386 22786 E CameraManagerGlobal: Camera service is unavailable
07-21 20:53:34.030 15386 15403 I vision.svplaye: Background concurrent copying GC freed 219371(6MB) AllocSpace objects, 0(0B) LOS objects, 19% free, 24MB/30MB, paused 205us total 271.082ms
07-21 20:53:34.761 15386 22786 I CameraManagerGlobal: Connecting to camera service
07-21 20:53:34.761 15386 22786 E CameraManagerGlobal: Camera service is unavailable
07-21 20:53:35.747 15386 15403 I vision.svplaye: Background concurrent copying GC freed 221343(6MB) AllocSpace objects, 0(0B) LOS objects, 19% free, 24MB/30MB, paused 210us total 280.604ms
07-21 20:53:35.761 15386 22786 I CameraManagerGlobal: Connecting to camera service
07-21 20:53:35.761 15386 22786 E CameraManagerGlobal: Camera service is unavailable
07-21 20:53:36.762 15386 22786 I CameraManagerGlobal: Connecting to camera service
07-21 20:53:36.762 15386 22786 E CameraManagerGlobal: Camera service is unavailable
07-21 20:53:37.449 15386 15403 I vision.svplaye: Background concurrent copying GC freed 221305(6MB) AllocSpace objects, 0(0B) LOS objects, 19% free, 24MB/30MB, paused 209us total 270.390ms
07-21 20:53:37.762 15386 22786 I CameraManagerGlobal: Connecting to camera service
07-21 20:53:37.763 15386 22786 E CameraManagerGlobal: Camera service is unavailable
07-21 20:53:38.763 15386 22786 I CameraManagerGlobal: Connecting to camera service
07-21 20:53:38.763 15386 22786 E CameraManagerGlobal: Camera service is unavailable
07-21 20:53:39.173 15386 15403 I vision.svplaye: Background concurrent copying GC freed 221421(6MB) AllocSpace objects, 0(0B) LOS objects, 19% free, 24MB/30MB, paused 212us total 289.820ms
07-21 20:53:39.764 15386 22786 I CameraManagerGlobal: Connecting to camera service
07-21 20:53:39.764 15386 22786 E CameraManagerGlobal: Camera service is unavailable
07-21 20:53:40.764 15386 22786 I CameraManagerGlobal: Connecting to camera service
07-21 20:53:40.765 15386 22786 E CameraManagerGlobal: Camera service is unavailable
07-21 20:53:40.967 15386 15403 I vision.svplaye: Background concurrent copying GC freed 220410(6MB) AllocSpace objects, 0(0B) LOS objects, 19% free, 24MB/30MB, paused 210us total 295.896ms
07-21 20:53:41.765 15386 22786 I CameraManagerGlobal: Connecting to camera service
07-21 20:53:41.765 15386 22786 E CameraManagerGlobal: Camera service is unavailable
07-21 20:53:42.760 15386 15403 I vision.svplaye: Background concurrent copying GC freed 215802(6MB) AllocSpace objects, 1(20KB) LOS objects, 19% free, 24MB/30MB, paused 343us total 267.074ms
07-21 20:53:42.766 15386 22786 I CameraManagerGlobal: Connecting to camera service
07-21 20:53:42.766 15386 22786 E CameraManagerGlobal: Camera service is unavailable
07-21 20:53:43.767 15386 22786 I CameraManagerGlobal: Connecting to camera service
07-21 20:53:43.767 15386 22786 E CameraManagerGlobal: Camera service is unavailable
07-21 20:53:44.548 15386 15403 I vision.svplaye: Background concurrent copying GC freed 214306(6MB) AllocSpace objects, 0(0B) LOS objects, 19% free, 24MB/30MB, paused 184us total 271.182ms
07-21 20:53:44.767 15386 22786 I CameraManagerGlobal: Connecting to camera service
07-21 20:53:44.768 15386 22786 E CameraManagerGlobal: Camera service is unavailable
07-21 20:53:45.768 15386 22786 I CameraManagerGlobal: Connecting to camera service
07-21 20:53:45.768 15386 22786 E CameraManagerGlobal: Camera service is unavailable
07-21 20:53:46.346 15386 15403 I vision.svplaye: Background concurrent copying GC freed 216095(6MB) AllocSpace objects, 0(0B) LOS objects, 19% free, 24MB/30MB, paused 186us total 271.373ms
07-21 20:53:46.769 15386 22786 I CameraManagerGlobal: Connecting to camera service
07-21 20:53:46.769 15386 22786 E CameraManagerGlobal: Camera service is unavailable
07-21 20:53:47.769 15386 22786 I CameraManagerGlobal: Connecting to camera service
07-21 20:53:47.770 15386 22786 E CameraManagerGlobal: Camera service is unavailable
07-21 20:53:48.128 15386 15403 I vision.svplaye: Background concurrent copying GC freed 215040(6MB) AllocSpace objects, 0(0B) LOS objects, 19% free, 24MB/30MB, paused 176us total 268.695ms
07-21 20:53:48.770 15386 22786 I CameraManagerGlobal: Connecting to camera service
07-21 20:53:48.770 15386 22786 E CameraManagerGlobal: Camera service is unavailable
07-21 20:53:49.771 15386 22786 I CameraManagerGlobal: Connecting to camera service
07-21 20:53:49.771 15386 22786 E CameraManagerGlobal: Camera service is unavailable
07-21 20:53:49.964 15386 15403 I vision.svplaye: Background concurrent copying GC freed 215177(6MB) AllocSpace objects, 0(0B) LOS objects, 19% free, 24MB/30MB, paused 196us total 282.837ms
07-21 20:53:50.771 15386 22786 I CameraManagerGlobal: Connecting to camera service
07-21 20:53:50.772 15386 22786 E CameraManagerGlobal: Camera service is unavailable
07-21 20:53:51.741 15386 15403 I vision.svplaye: Background concurrent copying GC freed 217084(6MB) AllocSpace objects, 0(0B) LOS objects, 19% free, 24MB/30MB, paused 187us total 267.044ms
07-21 20:53:51.772 15386 22786 I CameraManagerGlobal: Connecting to camera service
07-21 20:53:51.772 15386 22786 E CameraManagerGlobal: Camera service is unavailable
07-21 20:53:52.773 15386 22786 I CameraManagerGlobal: Connecting to camera service
07-21 20:53:52.773 15386 22786 E CameraManagerGlobal: Camera service is unavailable
07-21 20:53:53.516 15386 15403 I vision.svplaye: Background concurrent copying GC freed 214881(6MB) AllocSpace objects, 0(0B) LOS objects, 19% free, 24MB/30MB, paused 180us total 266.562ms
07-21 20:53:53.779 15386 22786 I CameraManagerGlobal: Connecting to camera service
07-21 20:53:53.779 15386 22786 E CameraManagerGlobal: Camera service is unavailable
07-21 20:53:54.779 15386 22786 I CameraManagerGlobal: Connecting to camera service
07-21 20:53:54.780 15386 22786 E CameraManagerGlobal: Camera service is unavailable
07-21 20:53:55.311 15386 15403 I vision.svplaye: Background concurrent copying GC freed 214800(6MB) AllocSpace objects, 0(0B) LOS objects, 19% free, 24MB/30MB, paused 182us total 278.356ms
07-21 20:53:55.780 15386 22786 I CameraManagerGlobal: Connecting to camera service
07-21 20:53:55.780 15386 22786 E CameraManagerGlobal: Camera service is unavailable
07-21 20:53:56.781 15386 22786 I CameraManagerGlobal: Connecting to camera service
07-21 20:53:56.781 15386 22786 E CameraManagerGlobal: Camera service is unavailable
07-21 20:53:57.111 15386 15403 I vision.svplaye: Background concurrent copying GC freed 217299(6MB) AllocSpace objects, 0(0B) LOS objects, 19% free, 24MB/30MB, paused 203us total 275.197ms
07-21 20:53:57.781 15386 22786 I CameraManagerGlobal: Connecting to camera service
07-21 20:53:57.782 15386 22786 E CameraManagerGlobal: Camera service is unavailable
07-21 20:53:58.782 15386 22786 I CameraManagerGlobal: Connecting to camera service
07-21 20:53:58.782 15386 22786 E CameraManagerGlobal: Camera service is unavailable
07-21 20:53:58.901 15386 15403 I vision.svplaye: Background concurrent copying GC freed 217051(6MB) AllocSpace objects, 0(0B) LOS objects, 19% free, 24MB/30MB, paused 174us total 263.746ms
07-21 20:53:59.783 15386 22786 I CameraManagerGlobal: Connecting to camera service
07-21 20:53:59.783 15386 22786 E CameraManagerGlobal: Camera service is unavailable
07-21 20:54:00.684 15386 15403 I vision.svplaye: Background concurrent copying GC freed 215004(6MB) AllocSpace objects, 0(0B) LOS objects, 19% free, 24MB/30MB, paused 179us total 266.860ms
07-21 20:54:00.783 15386 22786 I CameraManagerGlobal: Connecting to camera service
07-21 20:54:00.784 15386 22786 E CameraManagerGlobal: Camera service is unavailable
07-21 20:54:01.784 15386 22786 I CameraManagerGlobal: Connecting to camera service
07-21 20:54:01.785 15386 22786 E CameraManagerGlobal: Camera service is unavailable
07-21 20:54:02.468 15386 15403 I vision.svplaye: Background concurrent copying GC freed 214861(6MB) AllocSpace objects, 0(0B) LOS objects, 19% free, 24MB/30MB, paused 178us total 271.928ms
07-21 20:54:02.785 15386 22786 I CameraManagerGlobal: Connecting to camera service
07-21 20:54:02.785 15386 22786 E CameraManagerGlobal: Camera service is unavailable
07-21 20:54:03.786 15386 22786 I CameraManagerGlobal: Connecting to camera service
07-21 20:54:03.786 15386 22786 E CameraManagerGlobal: Camera service is unavailable
07-21 20:54:04.309 15386 15403 I vision.svplaye: Background concurrent copying GC freed 212246(6MB) AllocSpace objects, 0(0B) LOS objects, 19% free, 24MB/30MB, paused 184us total 284.598ms
07-21 20:54:04.786 15386 22786 I CameraManagerGlobal: Connecting to camera service
07-21 20:54:04.787 15386 22786 E CameraManagerGlobal: Camera service is unavailable
07-21 20:54:05.787 15386 22786 I CameraManagerGlobal: Connecting to camera service
07-21 20:54:05.787 15386 22786 E CameraManagerGlobal: Camera service is unavailable
07-21 20:54:06.105 15386 15403 I vision.svplaye: Background concurrent copying GC freed 217456(6MB) AllocSpace objects, 0(0B) LOS objects, 19% free, 24MB/30MB, paused 184us total 293.370ms
07-21 20:54:06.788 15386 22786 I CameraManagerGlobal: Connecting to camera service
07-21 20:54:06.788 15386 22786 E CameraManagerGlobal: Camera service is unavailable
07-21 20:54:06.831 15386 15386 I SVStartup: state localReady=true checking=false activated=true playableSource=true route=live_tv
07-21 20:54:07.221 15386 15393 I vision.svplaye: JIT allocated 68KB for stack maps of void com.smartvision.svplayer.ui.live.LiveTvScreenKt.LiveTvScreen(com.smartvision.svplayer.ui.i18n.SmartVisionStrings, java.lang.String, java.util.List, kotlin.jvm.functions.Function1, kotlin.jvm.functions.Function0, kotlin.jvm.functions.Function0, kotlin.jvm.functions.Function0, kotlin.jvm.functions.Function0, kotlin.jvm.functions.Function0, boolean, boolean, int, java.lang.Integer, kotlin.jvm.functions.Function0, com.smartvision.svplayer.ui.player.LivePlaybackSession, kotlin.jvm.functions.Function1, androidx.compose.ui.Modifier, androidx.compose.runtime.Composer, int, int, int)
07-21 20:54:07.240 15386 15393 I vision.svplaye: Compiler allocated 6MB to compile void com.smartvision.svplayer.ui.live.LiveTvScreenKt.LiveTvScreen(com.smartvision.svplayer.ui.i18n.SmartVisionStrings, java.lang.String, java.util.List, kotlin.jvm.functions.Function1, kotlin.jvm.functions.Function0, kotlin.jvm.functions.Function0, kotlin.jvm.functions.Function0, kotlin.jvm.functions.Function0, kotlin.jvm.functions.Function0, boolean, boolean, int, java.lang.Integer, kotlin.jvm.functions.Function0, com.smartvision.svplayer.ui.player.LivePlaybackSession, kotlin.jvm.functions.Function1, androidx.compose.ui.Modifier, androidx.compose.runtime.Composer, int, int, int)
07-21 20:54:07.385 15386 15403 I vision.svplaye: NativeAlloc concurrent copying GC freed 107563(3MB) AllocSpace objects, 2(104KB) LOS objects, 19% free, 25MB/31MB, paused 251us total 306.127ms
07-21 20:54:07.791 15386 22786 I CameraManagerGlobal: Connecting to camera service
07-21 20:54:07.791 15386 22786 E CameraManagerGlobal: Camera service is unavailable
07-21 20:54:08.229 15386 15403 I vision.svplaye: Background concurrent copying GC freed 213657(6MB) AllocSpace objects, 1(24KB) LOS objects, 19% free, 25MB/31MB, paused 205us total 289.853ms
07-21 20:54:08.244 15386 15393 I vision.svplaye: JIT allocated 68KB for stack maps of void com.smartvision.svplayer.ui.live.LiveTvScreenKt.LiveTvScreen(com.smartvision.svplayer.ui.i18n.SmartVisionStrings, java.lang.String, java.util.List, kotlin.jvm.functions.Function1, kotlin.jvm.functions.Function0, kotlin.jvm.functions.Function0, kotlin.jvm.functions.Function0, kotlin.jvm.functions.Function0, kotlin.jvm.functions.Function0, boolean, boolean, int, java.lang.Integer, kotlin.jvm.functions.Function0, com.smartvision.svplayer.ui.player.LivePlaybackSession, kotlin.jvm.functions.Function1, androidx.compose.ui.Modifier, androidx.compose.runtime.Composer, int, int, int)
07-21 20:54:08.252 15386 15393 I vision.svplaye: Compiler allocated 6MB to compile void com.smartvision.svplayer.ui.live.LiveTvScreenKt.LiveTvScreen(com.smartvision.svplayer.ui.i18n.SmartVisionStrings, java.lang.String, java.util.List, kotlin.jvm.functions.Function1, kotlin.jvm.functions.Function0, kotlin.jvm.functions.Function0, kotlin.jvm.functions.Function0, kotlin.jvm.functions.Function0, kotlin.jvm.functions.Function0, boolean, boolean, int, java.lang.Integer, kotlin.jvm.functions.Function0, com.smartvision.svplayer.ui.player.LivePlaybackSession, kotlin.jvm.functions.Function1, androidx.compose.ui.Modifier, androidx.compose.runtime.Composer, int, int, int)
07-21 20:54:08.792 15386 22786 I CameraManagerGlobal: Connecting to camera service
07-21 20:54:08.792 15386 22786 E CameraManagerGlobal: Camera service is unavailable
07-21 20:54:08.815 15386 15386 I Choreographer: Skipped 30 frames!  The application may be doing too much work on its main thread.
07-21 20:54:09.109 15386 15386 I SmartVisionAds: Statut monetisation actuel: FREE_WITH_ADS
07-21 20:54:09.601 15386 15403 I vision.svplaye: Background concurrent copying GC freed 156963(5MB) AllocSpace objects, 2(600KB) LOS objects, 19% free, 25MB/31MB, paused 194us total 316.418ms
07-21 20:54:09.792 15386 22786 I CameraManagerGlobal: Connecting to camera service
07-21 20:54:09.793 15386 22786 E CameraManagerGlobal: Camera service is unavailable
07-21 20:54:10.793 15386 22786 I CameraManagerGlobal: Connecting to camera service
07-21 20:54:10.795 15386 22786 E CameraManagerGlobal: Camera service is unavailable
07-21 20:54:11.265 15386 15403 I vision.svplaye: Background concurrent copying GC freed 215208(6MB) AllocSpace objects, 0(0B) LOS objects, 19% free, 25MB/31MB, paused 234us total 293.951ms
07-21 20:54:11.795 15386 22786 I CameraManagerGlobal: Connecting to camera service
07-21 20:54:11.795 15386 22786 E CameraManagerGlobal: Camera service is unavailable
07-21 20:54:12.796 15386 22786 I CameraManagerGlobal: Connecting to camera service
07-21 20:54:12.797 15386 22786 E CameraManagerGlobal: Camera service is unavailable
07-21 20:54:12.835 15386 15403 I vision.svplaye: Background concurrent copying GC freed 207399(6MB) AllocSpace objects, 0(0B) LOS objects, 19% free, 25MB/31MB, paused 212us total 294.636ms
07-21 20:54:13.797 15386 22786 I CameraManagerGlobal: Connecting to camera service
07-21 20:54:13.797 15386 22786 E CameraManagerGlobal: Camera service is unavailable
07-21 20:54:14.405 15386 15403 I vision.svplaye: Background concurrent copying GC freed 214227(6MB) AllocSpace objects, 0(0B) LOS objects, 19% free, 25MB/31MB, paused 204us total 288.086ms
07-21 20:54:14.798 15386 22786 I CameraManagerGlobal: Connecting to camera service
07-21 20:54:14.798 15386 22786 E CameraManagerGlobal: Camera service is unavailable
07-21 20:54:15.798 15386 22786 I CameraManagerGlobal: Connecting to camera service
07-21 20:54:15.799 15386 22786 E CameraManagerGlobal: Camera service is unavailable
07-21 20:54:15.970 15386 15403 I vision.svplaye: Background concurrent copying GC freed 215488(6MB) AllocSpace objects, 0(0B) LOS objects, 19% free, 25MB/31MB, paused 188us total 278.652ms
07-21 20:54:16.799 15386 22786 I CameraManagerGlobal: Connecting to camera service
07-21 20:54:16.799 15386 22786 E CameraManagerGlobal: Camera service is unavailable
07-21 20:54:17.542 15386 15403 I vision.svplaye: Background concurrent copying GC freed 213186(6MB) AllocSpace objects, 0(0B) LOS objects, 19% free, 25MB/31MB, paused 199us total 285.985ms
07-21 20:54:17.800 15386 22786 I CameraManagerGlobal: Connecting to camera service
07-21 20:54:17.800 15386 22786 E CameraManagerGlobal: Camera service is unavailable
07-21 20:54:18.800 15386 22786 I CameraManagerGlobal: Connecting to camera service
07-21 20:54:18.801 15386 22786 E CameraManagerGlobal: Camera service is unavailable
07-21 20:54:19.119 15386 15403 I vision.svplaye: Background concurrent copying GC freed 215388(6MB) AllocSpace objects, 0(0B) LOS objects, 19% free, 25MB/31MB, paused 211us total 282.034ms
07-21 20:54:19.801 15386 22786 I CameraManagerGlobal: Connecting to camera service
07-21 20:54:19.801 15386 22786 E CameraManagerGlobal: Camera service is unavailable
07-21 20:54:20.705 15386 15403 I vision.svplaye: Background concurrent copying GC freed 214854(6MB) AllocSpace objects, 0(0B) LOS objects, 19% free, 25MB/31MB, paused 203us total 292.742ms
07-21 20:54:20.802 15386 22786 I CameraManagerGlobal: Connecting to camera service
07-21 20:54:20.802 15386 22786 E CameraManagerGlobal: Camera service is unavailable
07-21 20:54:21.802 15386 22786 I CameraManagerGlobal: Connecting to camera service
07-21 20:54:21.803 15386 22786 E CameraManagerGlobal: Camera service is unavailable
