--------- beginning of main
07-15 05:13:12.004  5646  5656 I vision.svplaye: Background concurrent copying GC freed 202479(6MB) AllocSpace objects, 0(0B) LOS objects, 24% free, 18MB/24MB, paused 198us total 197.211ms
07-15 05:13:13.525  5646  5656 I vision.svplaye: Background concurrent copying GC freed 196183(6MB) AllocSpace objects, 0(0B) LOS objects, 24% free, 18MB/24MB, paused 197us total 194.603ms
07-15 05:13:15.056  5646  5656 I vision.svplaye: Background concurrent copying GC freed 197619(6MB) AllocSpace objects, 0(0B) LOS objects, 24% free, 18MB/24MB, paused 180us total 201.241ms
07-15 05:13:16.571  5646  5656 I vision.svplaye: Background concurrent copying GC freed 197414(6MB) AllocSpace objects, 0(0B) LOS objects, 24% free, 18MB/24MB, paused 176us total 193.267ms
07-15 05:13:18.094  5646  5656 I vision.svplaye: Background concurrent copying GC freed 198110(6MB) AllocSpace objects, 0(0B) LOS objects, 24% free, 18MB/24MB, paused 166us total 193.601ms
07-15 05:13:19.625  5646  5656 I vision.svplaye: Background concurrent copying GC freed 197828(6MB) AllocSpace objects, 0(0B) LOS objects, 24% free, 18MB/24MB, paused 135us total 202.701ms
07-15 05:13:21.145  5646  5656 I vision.svplaye: Background concurrent copying GC freed 199188(6MB) AllocSpace objects, 0(0B) LOS objects, 24% free, 18MB/24MB, paused 230us total 191.809ms
07-15 05:13:22.673  5646  5656 I vision.svplaye: Background concurrent copying GC freed 198562(6MB) AllocSpace objects, 0(0B) LOS objects, 24% free, 18MB/24MB, paused 173us total 194.025ms
07-15 05:13:24.196  5646  5656 I vision.svplaye: Background concurrent copying GC freed 196973(6MB) AllocSpace objects, 0(0B) LOS objects, 24% free, 18MB/24MB, paused 176us total 193.105ms
07-15 05:13:25.720  5646  5656 I vision.svplaye: Background concurrent copying GC freed 198084(6MB) AllocSpace objects, 0(0B) LOS objects, 24% free, 18MB/24MB, paused 167us total 194.453ms
07-15 05:13:27.526  5646  5656 I vision.svplaye: Background concurrent copying GC freed 192512(6MB) AllocSpace objects, 0(0B) LOS objects, 24% free, 18MB/24MB, paused 223us total 193.201ms
07-15 05:13:28.534  5646  5656 I vision.svplaye: Background concurrent copying GC freed 205461(6MB) AllocSpace objects, 0(0B) LOS objects, 24% free, 18MB/24MB, paused 156us total 187.609ms
07-15 05:13:29.554  5646  5656 I vision.svplaye: Background concurrent copying GC freed 206719(6MB) AllocSpace objects, 0(0B) LOS objects, 24% free, 18MB/24MB, paused 186us total 188.047ms
07-15 05:13:30.620  5646  5656 I vision.svplaye: Background concurrent copying GC freed 203222(6MB) AllocSpace objects, 0(0B) LOS objects, 24% free, 18MB/24MB, paused 174us total 209.725ms
07-15 05:13:31.753  5646  5656 I vision.svplaye: Background concurrent copying GC freed 201204(6MB) AllocSpace objects, 0(0B) LOS objects, 24% free, 18MB/24MB, paused 192us total 220.996ms
07-15 05:13:32.913  5646  5656 I vision.svplaye: Background concurrent copying GC freed 208880(6MB) AllocSpace objects, 0(0B) LOS objects, 24% free, 18MB/24MB, paused 164us total 207.417ms
07-15 05:13:33.911  5646  5656 I vision.svplaye: Background concurrent copying GC freed 201203(6MB) AllocSpace objects, 0(0B) LOS objects, 24% free, 18MB/24MB, paused 168us total 186.733ms
07-15 05:13:34.898  5646  5656 I vision.svplaye: Background concurrent copying GC freed 206432(6MB) AllocSpace objects, 0(0B) LOS objects, 24% free, 18MB/24MB, paused 194us total 197.627ms
07-15 05:13:35.886  5646  5656 I vision.svplaye: Background concurrent copying GC freed 211394(6MB) AllocSpace objects, 0(0B) LOS objects, 24% free, 18MB/24MB, paused 167us total 198.262ms
07-15 05:13:36.861  5646  5656 I vision.svplaye: Background concurrent copying GC freed 212976(6MB) AllocSpace objects, 0(0B) LOS objects, 24% free, 18MB/24MB, paused 154us total 188.957ms
07-15 05:13:37.855  5646  5656 I vision.svplaye: Background concurrent copying GC freed 208349(6MB) AllocSpace objects, 0(0B) LOS objects, 24% free, 18MB/24MB, paused 143us total 189.581ms
07-15 05:13:38.833  5646  5656 I vision.svplaye: Background concurrent copying GC freed 207379(6MB) AllocSpace objects, 0(0B) LOS objects, 24% free, 18MB/24MB, paused 167us total 188.820ms
07-15 05:13:39.801  5646  5656 I vision.svplaye: Background concurrent copying GC freed 207696(6MB) AllocSpace objects, 0(0B) LOS objects, 24% free, 18MB/24MB, paused 228us total 187.352ms
07-15 05:13:40.776  5646  5656 I vision.svplaye: Background concurrent copying GC freed 209314(6MB) AllocSpace objects, 0(0B) LOS objects, 24% free, 18MB/24MB, paused 195us total 186.017ms
07-15 05:13:41.766  5646  5656 I vision.svplaye: Background concurrent copying GC freed 208073(6MB) AllocSpace objects, 0(0B) LOS objects, 24% free, 18MB/24MB, paused 146us total 193.095ms
07-15 05:13:42.750  5646  5656 I vision.svplaye: Background concurrent copying GC freed 208333(6MB) AllocSpace objects, 0(0B) LOS objects, 24% free, 18MB/24MB, paused 153us total 194.045ms
07-15 05:13:43.842  5646  5656 I vision.svplaye: Background concurrent copying GC freed 207235(6MB) AllocSpace objects, 0(0B) LOS objects, 24% free, 18MB/24MB, paused 172us total 210.382ms
07-15 05:13:44.526  5646  5656 I vision.svplaye: NativeAlloc concurrent copying GC freed 89418(2MB) AllocSpace objects, 1(20KB) LOS objects, 24% free, 18MB/24MB, paused 156us total 190.726ms
07-15 05:13:44.983  5646  5656 I vision.svplaye: NativeAlloc concurrent copying GC freed 9298(552KB) AllocSpace objects, 2(40KB) LOS objects, 22% free, 20MB/26MB, paused 201us total 319.035ms
07-15 05:13:45.254  5646  5656 I vision.svplaye: NativeAlloc concurrent copying GC freed 13037(1475KB) AllocSpace objects, 14(280KB) LOS objects, 23% free, 19MB/25MB, paused 1.405ms total 268.459ms
07-15 05:13:45.401  5646  5667 I OpenGLRenderer: Davey! duration=1220ms; Flags=1, IntendedVsync=31269030182108, Vsync=31269046865458, OldestInputEvent=9223372036854775807, NewestInputEvent=0, HandleInputStart=31269055743325, AnimationStart=31269055780709, PerformTraversalsStart=31269088137863, DrawStart=31269849540478, SyncQueued=31270097749555, SyncStart=31270142048786, IssueDrawCommandsStart=31270143092555, SwapBuffers=31270293708940, FrameCompleted=31270295444478, DequeueBufferDuration=0, QueueBufferDuration=1118000, 
07-15 05:13:45.451  5646  5646 I Choreographer: Skipped 76 frames!  The application may be doing too much work on its main thread.
07-15 05:13:45.609  5646  5667 I OpenGLRenderer: Davey! duration=1439ms; Flags=0, IntendedVsync=31269063555419, Vsync=31270331490019, OldestInputEvent=9223372036854775807, NewestInputEvent=0, HandleInputStart=31270345404786, AnimationStart=31270345455402, PerformTraversalsStart=31270390129555, DrawStart=31270391677248, SyncQueued=31270410207863, SyncStart=31270410294555, IssueDrawCommandsStart=31270410960555, SwapBuffers=31270502016017, FrameCompleted=31270502989171, DequeueBufferDuration=68771000, QueueBufferDuration=365000, 
07-15 05:13:45.995  5646  6082 E System  : TRACE Starting certificate trust
07-15 05:13:47.829  5646  5656 I vision.svplaye: Background concurrent copying GC freed 162159(5MB) AllocSpace objects, 0(0B) LOS objects, 23% free, 19MB/25MB, paused 246us total 229.609ms
07-15 05:13:51.137  5646  5656 I vision.svplaye: Background concurrent copying GC freed 188007(6MB) AllocSpace objects, 0(0B) LOS objects, 23% free, 19MB/25MB, paused 172us total 249.166ms
07-15 05:13:54.478  5646  5656 I vision.svplaye: Background concurrent copying GC freed 185917(5MB) AllocSpace objects, 0(0B) LOS objects, 23% free, 19MB/25MB, paused 213us total 245.047ms
07-15 05:13:57.714  5646  5656 I vision.svplaye: Background concurrent copying GC freed 185044(5MB) AllocSpace objects, 0(0B) LOS objects, 23% free, 19MB/25MB, paused 270us total 216.525ms
07-15 05:14:00.853  5646  5656 I vision.svplaye: Background concurrent copying GC freed 188508(5MB) AllocSpace objects, 0(0B) LOS objects, 23% free, 19MB/25MB, paused 262us total 216.214ms
07-15 05:14:03.977  5646  5656 I vision.svplaye: Background concurrent copying GC freed 190125(5MB) AllocSpace objects, 0(0B) LOS objects, 23% free, 19MB/25MB, paused 204us total 223.288ms
07-15 05:14:07.096  5646  5656 I vision.svplaye: Background concurrent copying GC freed 189687(6MB) AllocSpace objects, 0(0B) LOS objects, 23% free, 19MB/25MB, paused 295us total 295.171ms
07-15 05:14:10.151  5646  5656 I vision.svplaye: Background concurrent copying GC freed 185837(5MB) AllocSpace objects, 1(20KB) LOS objects, 23% free, 19MB/25MB, paused 183us total 211.921ms
07-15 05:14:12.563  5646  5656 I vision.svplaye: Background concurrent copying GC freed 180362(5MB) AllocSpace objects, 0(0B) LOS objects, 23% free, 19MB/25MB, paused 158us total 210.547ms
07-15 05:14:14.102  5646  5656 I vision.svplaye: Background concurrent copying GC freed 205194(6MB) AllocSpace objects, 0(0B) LOS objects, 23% free, 19MB/25MB, paused 164us total 207.504ms
07-15 05:14:15.628  5646  5656 I vision.svplaye: Background concurrent copying GC freed 197925(6MB) AllocSpace objects, 0(0B) LOS objects, 23% free, 19MB/25MB, paused 193us total 203.807ms
07-15 05:14:17.164  5646  5656 I vision.svplaye: Background concurrent copying GC freed 195238(6MB) AllocSpace objects, 0(0B) LOS objects, 23% free, 19MB/25MB, paused 148us total 214.761ms
07-15 05:14:18.689  5646  5656 I vision.svplaye: Background concurrent copying GC freed 200234(6MB) AllocSpace objects, 0(0B) LOS objects, 23% free, 19MB/25MB, paused 212us total 200.343ms
07-15 05:14:20.215  5646  5656 I vision.svplaye: Background concurrent copying GC freed 196652(6MB) AllocSpace objects, 0(0B) LOS objects, 23% free, 19MB/25MB, paused 216us total 199.454ms
07-15 05:14:21.749  5646  5656 I vision.svplaye: Background concurrent copying GC freed 198916(6MB) AllocSpace objects, 0(0B) LOS objects, 23% free, 19MB/25MB, paused 194us total 201.949ms
07-15 05:14:23.290  5646  5656 I vision.svplaye: Background concurrent copying GC freed 197636(6MB) AllocSpace objects, 0(0B) LOS objects, 23% free, 19MB/25MB, paused 270us total 213.891ms
07-15 05:14:24.808  5646  5656 I vision.svplaye: Background concurrent copying GC freed 201014(6MB) AllocSpace objects, 0(0B) LOS objects, 23% free, 19MB/25MB, paused 175us total 200.769ms
07-15 05:14:26.343  5646  5656 I vision.svplaye: Background concurrent copying GC freed 196188(6MB) AllocSpace objects, 0(0B) LOS objects, 23% free, 19MB/25MB, paused 229us total 209.894ms
07-15 05:14:27.863  5646  5656 I vision.svplaye: Background concurrent copying GC freed 199140(6MB) AllocSpace objects, 0(0B) LOS objects, 23% free, 19MB/25MB, paused 248us total 200.152ms
07-15 05:14:29.409  5646  5656 I vision.svplaye: Background concurrent copying GC freed 196884(6MB) AllocSpace objects, 0(0B) LOS objects, 23% free, 19MB/25MB, paused 229us total 216.555ms
07-15 05:14:30.999  5646  5656 I vision.svplaye: Background concurrent copying GC freed 200391(6MB) AllocSpace objects, 0(0B) LOS objects, 23% free, 19MB/25MB, paused 155us total 261.595ms
07-15 05:14:32.560  5646  5656 I vision.svplaye: Background concurrent copying GC freed 205849(6MB) AllocSpace objects, 0(0B) LOS objects, 23% free, 19MB/25MB, paused 194us total 227.605ms
07-15 05:14:34.099  5646  5656 I vision.svplaye: Background concurrent copying GC freed 200752(6MB) AllocSpace objects, 0(0B) LOS objects, 23% free, 19MB/25MB, paused 145us total 208.465ms
07-15 05:14:35.647  5646  5656 I vision.svplaye: Background concurrent copying GC freed 201311(6MB) AllocSpace objects, 0(0B) LOS objects, 23% free, 19MB/25MB, paused 262us total 212.530ms
07-15 05:14:37.171  5646  5656 I vision.svplaye: Background concurrent copying GC freed 198807(6MB) AllocSpace objects, 0(0B) LOS objects, 23% free, 19MB/25MB, paused 275us total 206.568ms
07-15 05:14:38.696  5646  5656 I vision.svplaye: Background concurrent copying GC freed 199481(6MB) AllocSpace objects, 0(0B) LOS objects, 23% free, 19MB/25MB, paused 165us total 207.642ms
07-15 05:14:40.223  5646  5656 I vision.svplaye: Background concurrent copying GC freed 195354(6MB) AllocSpace objects, 0(0B) LOS objects, 23% free, 19MB/25MB, paused 156us total 202.886ms
07-15 05:14:41.760  5646  5656 I vision.svplaye: Background concurrent copying GC freed 198462(6MB) AllocSpace objects, 0(0B) LOS objects, 23% free, 19MB/25MB, paused 188us total 210.915ms
07-15 05:14:43.292  5646  5656 I vision.svplaye: Background concurrent copying GC freed 197905(6MB) AllocSpace objects, 0(0B) LOS objects, 23% free, 19MB/25MB, paused 308us total 215.419ms
07-15 05:14:44.832  5646  5656 I vision.svplaye: Background concurrent copying GC freed 199036(6MB) AllocSpace objects, 0(0B) LOS objects, 23% free, 19MB/25MB, paused 184us total 199.948ms
07-15 05:14:46.338  5646  5656 I vision.svplaye: Background concurrent copying GC freed 196171(6MB) AllocSpace objects, 0(0B) LOS objects, 23% free, 19MB/25MB, paused 272us total 206.588ms
07-15 05:14:47.876  5646  5656 I vision.svplaye: Background concurrent copying GC freed 197061(6MB) AllocSpace objects, 0(0B) LOS objects, 23% free, 19MB/25MB, paused 199us total 215.859ms
07-15 05:14:49.391  5646  5656 I vision.svplaye: Background concurrent copying GC freed 198695(6MB) AllocSpace objects, 0(0B) LOS objects, 23% free, 19MB/25MB, paused 184us total 199.033ms
07-15 05:14:50.932  5646  5656 I vision.svplaye: Background concurrent copying GC freed 197141(6MB) AllocSpace objects, 0(0B) LOS objects, 23% free, 19MB/25MB, paused 226us total 206.458ms
07-15 05:14:52.462  5646  5656 I vision.svplaye: Background concurrent copying GC freed 197460(6MB) AllocSpace objects, 0(0B) LOS objects, 23% free, 19MB/25MB, paused 141us total 212.767ms
07-15 05:14:54.006  5646  5656 I vision.svplaye: Background concurrent copying GC freed 199034(6MB) AllocSpace objects, 0(0B) LOS objects, 23% free, 19MB/25MB, paused 172us total 223.024ms
07-15 05:14:55.454  5646  5656 I vision.svplaye: Background concurrent copying GC freed 202050(6MB) AllocSpace objects, 0(0B) LOS objects, 23% free, 19MB/25MB, paused 169us total 211.300ms
07-15 05:14:56.917  5646  5656 I vision.svplaye: Background concurrent copying GC freed 202826(6MB) AllocSpace objects, 0(0B) LOS objects, 23% free, 19MB/25MB, paused 131us total 208.450ms
07-15 05:14:58.384  5646  5656 I vision.svplaye: Background concurrent copying GC freed 203298(6MB) AllocSpace objects, 0(0B) LOS objects, 23% free, 19MB/25MB, paused 154us total 204.529ms
07-15 05:14:59.843  5646  5656 I vision.svplaye: Background concurrent copying GC freed 205215(6MB) AllocSpace objects, 0(0B) LOS objects, 23% free, 19MB/25MB, paused 142us total 199.689ms
07-15 05:15:01.323  5646  5656 I vision.svplaye: Background concurrent copying GC freed 200013(6MB) AllocSpace objects, 0(0B) LOS objects, 23% free, 19MB/25MB, paused 368us total 226.310ms
07-15 05:15:02.797  5646  5656 I vision.svplaye: Background concurrent copying GC freed 204383(6MB) AllocSpace objects, 0(0B) LOS objects, 23% free, 19MB/25MB, paused 181us total 210.963ms
07-15 05:15:04.269  5646  5656 I vision.svplaye: Background concurrent copying GC freed 205637(6MB) AllocSpace objects, 0(0B) LOS objects, 23% free, 19MB/25MB, paused 123us total 215.287ms
07-15 05:15:05.779  5646  5656 I vision.svplaye: Background concurrent copying GC freed 196845(6MB) AllocSpace objects, 1(20KB) LOS objects, 23% free, 19MB/25MB, paused 211us total 207.094ms
07-15 05:15:07.310  5646  5656 I vision.svplaye: Background concurrent copying GC freed 197452(6MB) AllocSpace objects, 0(0B) LOS objects, 23% free, 19MB/25MB, paused 175us total 210.843ms
07-15 05:15:08.808  5646  5656 I vision.svplaye: Background concurrent copying GC freed 197403(6MB) AllocSpace objects, 0(0B) LOS objects, 23% free, 19MB/25MB, paused 174us total 209.230ms
07-15 05:15:10.334  5646  5656 I vision.svplaye: Background concurrent copying GC freed 199012(6MB) AllocSpace objects, 0(0B) LOS objects, 23% free, 19MB/25MB, paused 149us total 202.713ms
07-15 05:15:11.863  5646  5656 I vision.svplaye: Background concurrent copying GC freed 196805(6MB) AllocSpace objects, 0(0B) LOS objects, 23% free, 19MB/25MB, paused 198us total 210.218ms
07-15 05:15:13.402  5646  5656 I vision.svplaye: Background concurrent copying GC freed 197485(6MB) AllocSpace objects, 0(0B) LOS objects, 23% free, 19MB/25MB, paused 209us total 215.722ms
07-15 05:15:14.940  5646  5656 I vision.svplaye: Background concurrent copying GC freed 200225(6MB) AllocSpace objects, 0(0B) LOS objects, 23% free, 19MB/25MB, paused 134us total 202.040ms
07-15 05:15:16.482  5646  5656 I vision.svplaye: Background concurrent copying GC freed 199598(6MB) AllocSpace objects, 0(0B) LOS objects, 23% free, 19MB/25MB, paused 220us total 207.784ms
07-15 05:15:18.009  5646  5656 I vision.svplaye: Background concurrent copying GC freed 199969(6MB) AllocSpace objects, 0(0B) LOS objects, 23% free, 19MB/25MB, paused 138us total 200.749ms
07-15 05:15:19.545  5646  5656 I vision.svplaye: Background concurrent copying GC freed 197212(6MB) AllocSpace objects, 0(0B) LOS objects, 23% free, 19MB/25MB, paused 179us total 206.763ms
07-15 05:15:21.078  5646  5656 I vision.svplaye: Background concurrent copying GC freed 199596(6MB) AllocSpace objects, 0(0B) LOS objects, 23% free, 19MB/25MB, paused 151us total 212.440ms
07-15 05:15:22.598  5646  5656 I vision.svplaye: Background concurrent copying GC freed 198131(6MB) AllocSpace objects, 0(0B) LOS objects, 23% free, 19MB/25MB, paused 143us total 200.235ms
07-15 05:15:24.145  5646  5656 I vision.svplaye: Background concurrent copying GC freed 197456(6MB) AllocSpace objects, 0(0B) LOS objects, 23% free, 19MB/25MB, paused 202us total 216.304ms
07-15 05:15:25.660  5646  5656 I vision.svplaye: Background concurrent copying GC freed 199400(6MB) AllocSpace objects, 0(0B) LOS objects, 23% free, 19MB/25MB, paused 148us total 205.644ms
07-15 05:15:27.187  5646  5656 I vision.svplaye: Background concurrent copying GC freed 196144(6MB) AllocSpace objects, 0(0B) LOS objects, 23% free, 19MB/25MB, paused 207us total 203.201ms
07-15 05:15:28.705  5646  5656 I vision.svplaye: Background concurrent copying GC freed 197397(6MB) AllocSpace objects, 0(0B) LOS objects, 23% free, 19MB/25MB, paused 156us total 197.107ms
07-15 05:15:30.245  5646  5656 I vision.svplaye: Background concurrent copying GC freed 197757(6MB) AllocSpace objects, 0(0B) LOS objects, 23% free, 19MB/25MB, paused 155us total 209.283ms
07-15 05:15:31.772  5646  5656 I vision.svplaye: Background concurrent copying GC freed 199042(6MB) AllocSpace objects, 0(0B) LOS objects, 23% free, 19MB/25MB, paused 164us total 203.731ms
07-15 05:15:33.295  5646  5656 I vision.svplaye: Background concurrent copying GC freed 197815(6MB) AllocSpace objects, 0(0B) LOS objects, 23% free, 19MB/25MB, paused 195us total 199.436ms
07-15 05:15:34.834  5646  5656 I vision.svplaye: Background concurrent copying GC freed 198234(6MB) AllocSpace objects, 0(0B) LOS objects, 23% free, 19MB/25MB, paused 168us total 209.048ms
07-15 05:15:36.359  5646  5656 I vision.svplaye: Background concurrent copying GC freed 198510(6MB) AllocSpace objects, 0(0B) LOS objects, 23% free, 19MB/25MB, paused 194us total 202.872ms
07-15 05:15:37.900  5646  5656 I vision.svplaye: Background concurrent copying GC freed 197942(6MB) AllocSpace objects, 0(0B) LOS objects, 23% free, 19MB/25MB, paused 203us total 213.425ms
07-15 05:15:39.421  5646  5656 I vision.svplaye: Background concurrent copying GC freed 200021(6MB) AllocSpace objects, 0(0B) LOS objects, 23% free, 19MB/25MB, paused 187us total 203.261ms
07-15 05:15:40.941  5646  5656 I vision.svplaye: Background concurrent copying GC freed 197118(6MB) AllocSpace objects, 0(0B) LOS objects, 23% free, 19MB/25MB, paused 191us total 198.070ms
07-15 05:15:42.547  5646  5656 I vision.svplaye: Background concurrent copying GC freed 195597(6MB) AllocSpace objects, 0(0B) LOS objects, 23% free, 19MB/25MB, paused 198us total 250.359ms
07-15 05:15:44.052  5646  5656 I vision.svplaye: Background concurrent copying GC freed 203035(6MB) AllocSpace objects, 0(0B) LOS objects, 23% free, 19MB/25MB, paused 159us total 198.501ms
07-15 05:15:45.594  5646  5656 I vision.svplaye: Background concurrent copying GC freed 197053(6MB) AllocSpace objects, 0(0B) LOS objects, 23% free, 19MB/25MB, paused 222us total 214.477ms
07-15 05:15:47.122  5646  5656 I vision.svplaye: Background concurrent copying GC freed 201734(6MB) AllocSpace objects, 0(0B) LOS objects, 23% free, 19MB/25MB, paused 208us total 208.864ms
07-15 05:15:48.626  5646  5656 I vision.svplaye: Background concurrent copying GC freed 195161(6MB) AllocSpace objects, 0(0B) LOS objects, 23% free, 19MB/25MB, paused 812us total 209.363ms
07-15 05:15:50.121  5646  5656 I vision.svplaye: Background concurrent copying GC freed 197425(6MB) AllocSpace objects, 0(0B) LOS objects, 23% free, 19MB/25MB, paused 165us total 208.685ms
07-15 05:15:51.583  5646  5656 I vision.svplaye: Background concurrent copying GC freed 196817(6MB) AllocSpace objects, 0(0B) LOS objects, 23% free, 19MB/25MB, paused 209us total 204.542ms
07-15 05:15:53.047  5646  5656 I vision.svplaye: Background concurrent copying GC freed 196421(6MB) AllocSpace objects, 0(0B) LOS objects, 23% free, 19MB/25MB, paused 168us total 200.448ms
07-15 05:15:54.530  5646  5656 I vision.svplaye: Background concurrent copying GC freed 195120(6MB) AllocSpace objects, 0(0B) LOS objects, 23% free, 19MB/25MB, paused 187us total 215.353ms
07-15 05:15:56.021  5646  5656 I vision.svplaye: Background concurrent copying GC freed 196822(6MB) AllocSpace objects, 0(0B) LOS objects, 23% free, 19MB/25MB, paused 195us total 213.842ms
07-15 05:15:57.518  5646  5656 I vision.svplaye: Background concurrent copying GC freed 199507(6MB) AllocSpace objects, 0(0B) LOS objects, 23% free, 19MB/25MB, paused 192us total 210.354ms
07-15 05:15:59.016  5646  5656 I vision.svplaye: Background concurrent copying GC freed 199063(6MB) AllocSpace objects, 0(0B) LOS objects, 23% free, 19MB/25MB, paused 139us total 212.362ms
07-15 05:16:00.549  5646  5656 I vision.svplaye: Background concurrent copying GC freed 200436(6MB) AllocSpace objects, 0(0B) LOS objects, 23% free, 19MB/25MB, paused 192us total 226.567ms
07-15 05:16:02.063  5646  5656 I vision.svplaye: Background concurrent copying GC freed 202655(6MB) AllocSpace objects, 0(0B) LOS objects, 23% free, 19MB/25MB, paused 166us total 210.576ms
07-15 05:16:03.529  5646  5656 I vision.svplaye: Background concurrent copying GC freed 200301(6MB) AllocSpace objects, 0(0B) LOS objects, 23% free, 19MB/25MB, paused 133us total 206.386ms
07-15 05:16:04.981  5646  5656 I vision.svplaye: Background concurrent copying GC freed 203797(6MB) AllocSpace objects, 0(0B) LOS objects, 23% free, 19MB/25MB, paused 246us total 212.733ms
07-15 05:16:06.402  5646  5656 I vision.svplaye: Background concurrent copying GC freed 205740(6MB) AllocSpace objects, 0(0B) LOS objects, 23% free, 19MB/25MB, paused 240us total 195.872ms
07-15 05:16:07.844  5646  5656 I vision.svplaye: Background concurrent copying GC freed 201988(6MB) AllocSpace objects, 0(0B) LOS objects, 23% free, 19MB/25MB, paused 137us total 209.931ms
07-15 05:16:09.257  5646  5656 I vision.svplaye: Background concurrent copying GC freed 198816(6MB) AllocSpace objects, 0(0B) LOS objects, 23% free, 19MB/25MB, paused 188us total 220.179ms
07-15 05:16:10.697  5646  5656 I vision.svplaye: Background concurrent copying GC freed 204241(6MB) AllocSpace objects, 0(0B) LOS objects, 23% free, 19MB/25MB, paused 181us total 214.337ms
07-15 05:16:12.127  5646  5656 I vision.svplaye: Background concurrent copying GC freed 205156(6MB) AllocSpace objects, 0(0B) LOS objects, 23% free, 19MB/25MB, paused 161us total 205.284ms
07-15 05:16:13.591  5646  5656 I vision.svplaye: Background concurrent copying GC freed 200574(6MB) AllocSpace objects, 0(0B) LOS objects, 23% free, 19MB/25MB, paused 184us total 215.278ms
07-15 05:16:15.093  5646  5656 I vision.svplaye: Background concurrent copying GC freed 200056(6MB) AllocSpace objects, 1(20KB) LOS objects, 23% free, 19MB/25MB, paused 260us total 213.113ms
07-15 05:16:16.610  5646  5656 I vision.svplaye: Background concurrent copying GC freed 200844(6MB) AllocSpace objects, 0(0B) LOS objects, 23% free, 19MB/25MB, paused 190us total 209.861ms
07-15 05:16:18.102  5646  5656 I vision.svplaye: Background concurrent copying GC freed 198905(6MB) AllocSpace objects, 0(0B) LOS objects, 23% free, 19MB/25MB, paused 185us total 199.959ms
07-15 05:16:19.604  5646  5656 I vision.svplaye: Background concurrent copying GC freed 197261(6MB) AllocSpace objects, 0(0B) LOS objects, 23% free, 19MB/25MB, paused 181us total 206.465ms
07-15 05:16:21.109  5646  5656 I vision.svplaye: Background concurrent copying GC freed 198786(6MB) AllocSpace objects, 0(0B) LOS objects, 23% free, 19MB/25MB, paused 212us total 215.025ms
07-15 05:16:22.609  5646  5656 I vision.svplaye: Background concurrent copying GC freed 200044(6MB) AllocSpace objects, 0(0B) LOS objects, 23% free, 19MB/25MB, paused 196us total 209.402ms
07-15 05:16:24.107  5646  5656 I vision.svplaye: Background concurrent copying GC freed 199272(6MB) AllocSpace objects, 0(0B) LOS objects, 23% free, 19MB/25MB, paused 155us total 206.691ms
07-15 05:16:25.608  5646  5656 I vision.svplaye: Background concurrent copying GC freed 198210(6MB) AllocSpace objects, 0(0B) LOS objects, 23% free, 19MB/25MB, paused 168us total 205.949ms
07-15 05:16:27.103  5646  5656 I vision.svplaye: Background concurrent copying GC freed 198351(6MB) AllocSpace objects, 0(0B) LOS objects, 23% free, 19MB/25MB, paused 158us total 204.213ms
07-15 05:16:28.588  5646  5656 I vision.svplaye: Background concurrent copying GC freed 197889(6MB) AllocSpace objects, 0(0B) LOS objects, 23% free, 19MB/25MB, paused 151us total 202.821ms
07-15 05:16:30.082  5646  5656 I vision.svplaye: Background concurrent copying GC freed 197365(6MB) AllocSpace objects, 0(0B) LOS objects, 23% free, 19MB/25MB, paused 140us total 200.133ms
07-15 05:16:31.587  5646  5656 I vision.svplaye: Background concurrent copying GC freed 198439(6MB) AllocSpace objects, 0(0B) LOS objects, 23% free, 19MB/25MB, paused 212us total 206.730ms
07-15 05:16:33.079  5646  5656 I vision.svplaye: Background concurrent copying GC freed 197339(6MB) AllocSpace objects, 0(0B) LOS objects, 23% free, 19MB/25MB, paused 155us total 205.998ms
07-15 05:16:34.574  5646  5656 I vision.svplaye: Background concurrent copying GC freed 198480(6MB) AllocSpace objects, 0(0B) LOS objects, 23% free, 19MB/25MB, paused 154us total 202.559ms
07-15 05:16:36.072  5646  5656 I vision.svplaye: Background concurrent copying GC freed 198033(6MB) AllocSpace objects, 0(0B) LOS objects, 23% free, 19MB/25MB, paused 179us total 202.363ms
07-15 05:16:37.580  5646  5656 I vision.svplaye: Background concurrent copying GC freed 196819(6MB) AllocSpace objects, 0(0B) LOS objects, 23% free, 19MB/25MB, paused 198us total 208.997ms
07-15 05:16:39.065  5646  5656 I vision.svplaye: Background concurrent copying GC freed 199516(6MB) AllocSpace objects, 0(0B) LOS objects, 23% free, 19MB/25MB, paused 156us total 197.487ms
07-15 05:16:40.566  5646  5656 I vision.svplaye: Background concurrent copying GC freed 196169(6MB) AllocSpace objects, 0(0B) LOS objects, 23% free, 19MB/25MB, paused 181us total 207.407ms
07-15 05:16:42.071  5646  5656 I vision.svplaye: Background concurrent copying GC freed 197441(6MB) AllocSpace objects, 0(0B) LOS objects, 23% free, 19MB/25MB, paused 172us total 211.840ms
07-15 05:16:43.569  5646  5656 I vision.svplaye: Background concurrent copying GC freed 199941(6MB) AllocSpace objects, 0(0B) LOS objects, 23% free, 19MB/25MB, paused 182us total 202.261ms
07-15 05:16:45.057  5646  5656 I vision.svplaye: Background concurrent copying GC freed 199074(6MB) AllocSpace objects, 0(0B) LOS objects, 23% free, 19MB/25MB, paused 160us total 204.458ms
07-15 05:16:46.557  5646  5656 I vision.svplaye: Background concurrent copying GC freed 198557(6MB) AllocSpace objects, 0(0B) LOS objects, 23% free, 19MB/25MB, paused 153us total 205.871ms
07-15 05:16:48.063  5646  5656 I vision.svplaye: Background concurrent copying GC freed 198011(6MB) AllocSpace objects, 0(0B) LOS objects, 23% free, 19MB/25MB, paused 325us total 210.443ms
07-15 05:16:49.574  5646  5656 I vision.svplaye: Background concurrent copying GC freed 199004(6MB) AllocSpace objects, 0(0B) LOS objects, 23% free, 19MB/25MB, paused 131us total 203.410ms
07-15 05:16:51.081  5646  5656 I vision.svplaye: Background concurrent copying GC freed 199015(6MB) AllocSpace objects, 0(0B) LOS objects, 23% free, 19MB/25MB, paused 157us total 207.545ms
07-15 05:16:52.583  5646  5656 I vision.svplaye: Background concurrent copying GC freed 201112(6MB) AllocSpace objects, 0(0B) LOS objects, 23% free, 19MB/25MB, paused 213us total 207.503ms
07-15 05:16:54.060  5646  5646 I SVStartup: state localReady=true checking=false activated=true playableSource=true route=profile
07-15 05:16:54.103  5646  5660 I vision.svplaye: Waiting for a blocking GC ProfileSaver
07-15 05:16:54.214  5646  5656 I vision.svplaye: Background concurrent copying GC freed 195166(6MB) AllocSpace objects, 0(0B) LOS objects, 23% free, 19MB/25MB, paused 191us total 218.578ms
07-15 05:16:54.215  5646  5660 I vision.svplaye: WaitForGcToComplete blocked ProfileSaver on HeapTrim for 111.947ms
07-15 05:16:54.431  5646  5651 I vision.svplaye: JIT allocated 51KB for stack maps of void com.smartvision.svplayer.ui.profile.ProfileAreaScreenKt.ProfileAreaScreen(com.smartvision.svplayer.ui.i18n.SmartVisionStrings, com.smartvision.svplayer.ui.profile.ProfileAreaDestination, com.smartvision.svplayer.ui.profile.ProfileUiState, com.smartvision.svplayer.domain.model.SyncStatus, com.smartvision.svplayer.domain.model.PlayerSettings, com.smartvision.svplayer.domain.model.ParentalControlScope, java.lang.Integer, boolean, boolean, boolean, com.smartvision.svplayer.ui.profile.ParentalControlUiState, com.smartvision.svplayer.ui.profile.ParentalControlViewModel, java.lang.String, java.util.List, boolean, boolean, int, com.smartvision.svplayer.domain.access.PremiumFeatureGateResult, boolean, kotlin.jvm.functions.Function1, kotlin.jvm.functions.Function1, kotlin.jvm.functions.Function0, kotlin.jvm.functions.Function0, kotlin.jvm.functions.Function0, kotlin.jvm.functions.Function0, kotlin.jvm.functions.Function1, kotlin.jvm.functions.Function0, kotlin.jvm.functions.Fu
07-15 05:16:54.442  5646  5651 I vision.svplaye: Compiler allocated 4MB to compile void com.smartvision.svplayer.ui.profile.ProfileAreaScreenKt.ProfileAreaScreen(com.smartvision.svplayer.ui.i18n.SmartVisionStrings, com.smartvision.svplayer.ui.profile.ProfileAreaDestination, com.smartvision.svplayer.ui.profile.ProfileUiState, com.smartvision.svplayer.domain.model.SyncStatus, com.smartvision.svplayer.domain.model.PlayerSettings, com.smartvision.svplayer.domain.model.ParentalControlScope, java.lang.Integer, boolean, boolean, boolean, com.smartvision.svplayer.ui.profile.ParentalControlUiState, com.smartvision.svplayer.ui.profile.ParentalControlViewModel, java.lang.String, java.util.List, boolean, boolean, int, com.smartvision.svplayer.domain.access.PremiumFeatureGateResult, boolean, kotlin.jvm.functions.Function1, kotlin.jvm.functions.Function1, kotlin.jvm.functions.Function0, kotlin.jvm.functions.Function0, kotlin.jvm.functions.Function0, kotlin.jvm.functions.Function0, kotlin.jvm.functions.Function1, kotlin.jvm.functions.Function0, kotlin.jvm.functions.Funct
07-15 05:16:56.109  5646  5656 I vision.svplaye: Background concurrent copying GC freed 148420(5MB) AllocSpace objects, 4(176KB) LOS objects, 22% free, 20MB/26MB, paused 289us total 228.392ms
07-15 05:16:57.613  5646  5656 I vision.svplaye: Background concurrent copying GC freed 254149(7MB) AllocSpace objects, 0(0B) LOS objects, 24% free, 18MB/24MB, paused 147us total 218.405ms
07-15 05:16:59.036  5646  5656 I vision.svplaye: Background concurrent copying GC freed 213732(6MB) AllocSpace objects, 0(0B) LOS objects, 24% free, 18MB/24MB, paused 197us total 195.647ms
07-15 05:17:00.420  5646  5656 I vision.svplaye: Background concurrent copying GC freed 215233(6MB) AllocSpace objects, 0(0B) LOS objects, 23% free, 19MB/25MB, paused 130us total 192.503ms
07-15 05:17:01.817  5646  5656 I vision.svplaye: Background concurrent copying GC freed 216533(6MB) AllocSpace objects, 0(0B) LOS objects, 23% free, 19MB/25MB, paused 148us total 206.422ms
07-15 05:17:03.227  5646  5656 I vision.svplaye: Background concurrent copying GC freed 219288(6MB) AllocSpace objects, 0(0B) LOS objects, 23% free, 19MB/25MB, paused 134us total 212.411ms
07-15 05:17:04.622  5646  5656 I vision.svplaye: Background concurrent copying GC freed 220001(6MB) AllocSpace objects, 0(0B) LOS objects, 23% free, 19MB/25MB, paused 183us total 198.303ms
07-15 05:17:06.009  5646  5656 I vision.svplaye: Background concurrent copying GC freed 215646(6MB) AllocSpace objects, 0(0B) LOS objects, 23% free, 19MB/25MB, paused 122us total 192.261ms
07-15 05:17:07.395  5646  5656 I vision.svplaye: Background concurrent copying GC freed 216588(6MB) AllocSpace objects, 0(0B) LOS objects, 23% free, 19MB/25MB, paused 160us total 195.470ms
07-15 05:17:08.764  5646  5656 I vision.svplaye: Background concurrent copying GC freed 210430(6MB) AllocSpace objects, 0(0B) LOS objects, 23% free, 19MB/25MB, paused 143us total 203.095ms
07-15 05:17:10.223  5646  5656 I vision.svplaye: Background concurrent copying GC freed 211094(6MB) AllocSpace objects, 1(20KB) LOS objects, 23% free, 19MB/25MB, paused 151us total 198.992ms
07-15 05:17:11.690  5646  5656 I vision.svplaye: Background concurrent copying GC freed 214312(6MB) AllocSpace objects, 0(0B) LOS objects, 23% free, 19MB/25MB, paused 133us total 197.603ms
07-15 05:17:13.174  5646  5656 I vision.svplaye: Background concurrent copying GC freed 214587(6MB) AllocSpace objects, 0(0B) LOS objects, 23% free, 19MB/25MB, paused 151us total 212.809ms
07-15 05:17:14.646  5646  5656 I vision.svplaye: Background concurrent copying GC freed 217432(6MB) AllocSpace objects, 0(0B) LOS objects, 24% free, 18MB/24MB, paused 192us total 196.749ms
07-15 05:17:16.151  5646  5656 I vision.svplaye: Background concurrent copying GC freed 206517(6MB) AllocSpace objects, 0(0B) LOS objects, 24% free, 18MB/24MB, paused 167us total 194.771ms
07-15 05:17:17.624  5646  5656 I vision.svplaye: Background concurrent copying GC freed 211933(6MB) AllocSpace objects, 0(0B) LOS objects, 23% free, 19MB/25MB, paused 153us total 198.522ms
07-15 05:17:19.125  5646  5656 I vision.svplaye: Background concurrent copying GC freed 213571(6MB) AllocSpace objects, 0(0B) LOS objects, 23% free, 19MB/25MB, paused 227us total 218.164ms
07-15 05:17:20.613  5646  5656 I vision.svplaye: Background concurrent copying GC freed 217290(6MB) AllocSpace objects, 0(0B) LOS objects, 23% free, 19MB/25MB, paused 233us total 216.611ms
07-15 05:17:22.104  5646  5656 I vision.svplaye: Background concurrent copying GC freed 217614(6MB) AllocSpace objects, 0(0B) LOS objects, 23% free, 19MB/25MB, paused 248us total 220.399ms
07-15 05:17:23.594  5646  5656 I vision.svplaye: Background concurrent copying GC freed 215466(6MB) AllocSpace objects, 0(0B) LOS objects, 23% free, 19MB/25MB, paused 206us total 218.136ms
07-15 05:17:25.061  5646  5656 I vision.svplaye: Background concurrent copying GC freed 217943(6MB) AllocSpace objects, 0(0B) LOS objects, 23% free, 19MB/25MB, paused 211us total 197.152ms
07-15 05:17:26.543  5646  5656 I vision.svplaye: Background concurrent copying GC freed 213166(6MB) AllocSpace objects, 0(0B) LOS objects, 23% free, 19MB/25MB, paused 139us total 202.183ms
07-15 05:17:28.020  5646  5656 I vision.svplaye: Background concurrent copying GC freed 212349(6MB) AllocSpace objects, 0(0B) LOS objects, 23% free, 19MB/25MB, paused 177us total 206.808ms
07-15 05:17:29.487  5646  5656 I vision.svplaye: Background concurrent copying GC freed 215697(6MB) AllocSpace objects, 0(0B) LOS objects, 24% free, 18MB/24MB, paused 233us total 200.197ms
07-15 05:17:30.953  5646  5656 I vision.svplaye: Background concurrent copying GC freed 203136(6MB) AllocSpace objects, 0(0B) LOS objects, 23% free, 19MB/25MB, paused 172us total 201.910ms
07-15 05:17:32.423  5646  5656 I vision.svplaye: Background concurrent copying GC freed 211418(6MB) AllocSpace objects, 0(0B) LOS objects, 23% free, 19MB/25MB, paused 225us total 208.787ms
07-15 05:17:33.890  5646  5656 I vision.svplaye: Background concurrent copying GC freed 214408(6MB) AllocSpace objects, 0(0B) LOS objects, 23% free, 19MB/25MB, paused 139us total 207.446ms
07-15 05:17:35.320  5646  5656 I vision.svplaye: Background concurrent copying GC freed 216377(6MB) AllocSpace objects, 0(0B) LOS objects, 23% free, 19MB/25MB, paused 145us total 203.343ms
07-15 05:17:36.713  5646  5656 I vision.svplaye: Background concurrent copying GC freed 218433(6MB) AllocSpace objects, 0(0B) LOS objects, 23% free, 19MB/25MB, paused 185us total 203.492ms
07-15 05:17:38.098  5646  5656 I vision.svplaye: Background concurrent copying GC freed 217873(6MB) AllocSpace objects, 0(0B) LOS objects, 23% free, 19MB/25MB, paused 134us total 194.737ms
07-15 05:17:39.492  5646  5656 I vision.svplaye: Background concurrent copying GC freed 217118(6MB) AllocSpace objects, 0(0B) LOS objects, 23% free, 19MB/25MB, paused 702us total 197.358ms
07-15 05:17:40.893  5646  5656 I vision.svplaye: Background concurrent copying GC freed 218533(6MB) AllocSpace objects, 0(0B) LOS objects, 23% free, 19MB/25MB, paused 185us total 215.039ms
07-15 05:17:42.295  5646  5656 I vision.svplaye: Background concurrent copying GC freed 221171(6MB) AllocSpace objects, 0(0B) LOS objects, 23% free, 19MB/25MB, paused 144us total 205.090ms
07-15 05:17:43.702  5646  5656 I vision.svplaye: Background concurrent copying GC freed 219022(6MB) AllocSpace objects, 0(0B) LOS objects, 23% free, 19MB/25MB, paused 219us total 214.998ms
07-15 05:17:45.117  5646  5656 I vision.svplaye: Background concurrent copying GC freed 219632(6MB) AllocSpace objects, 0(0B) LOS objects, 23% free, 19MB/25MB, paused 201us total 201.439ms
