--------- beginning of main
07-15 00:50:40.416 17906 17932 I chatty  : uid=10247(com.smartvision.svplayer) Profile Saver expire 2 lines
07-15 00:50:42.241 17906 17920 I chatty  : uid=10247(com.smartvision.svplayer) HeapTaskDaemon expire 10 lines
07-15 00:50:58.097 17906 17920 I chatty  : uid=10247(com.smartvision.svplayer) HeapTaskDaemon expire 10 lines
07-15 00:51:14.024 17906 17920 I chatty  : uid=10247(com.smartvision.svplayer) HeapTaskDaemon expire 10 lines
07-15 00:51:29.821 17906 17920 I chatty  : uid=10247(com.smartvision.svplayer) HeapTaskDaemon expire 10 lines
07-15 00:51:45.651 17906 17920 I chatty  : uid=10247(com.smartvision.svplayer) HeapTaskDaemon expire 11 lines
07-15 00:52:02.782 17906 17920 I chatty  : uid=10247(com.smartvision.svplayer) HeapTaskDaemon expire 10 lines
07-15 00:52:18.326 17906 17920 I chatty  : uid=10247(com.smartvision.svplayer) HeapTaskDaemon expire 11 lines
07-15 00:52:35.485 17906 17920 I chatty  : uid=10247(com.smartvision.svplayer) HeapTaskDaemon expire 10 lines
07-15 00:52:51.106 17906 17920 I chatty  : uid=10247(com.smartvision.svplayer) HeapTaskDaemon expire 10 lines
07-15 00:53:06.815 17906 17920 I chatty  : uid=10247(com.smartvision.svplayer) HeapTaskDaemon expire 1 line
07-15 00:53:08.353 17906 17920 I vision.svplaye: Background concurrent copying GC freed 198307(6MB) AllocSpace objects, 0(0B) LOS objects, 23% free, 19MB/25MB, paused 235us total 208.423ms
07-15 00:53:09.908 17906 17920 I vision.svplaye: Background concurrent copying GC freed 199619(6MB) AllocSpace objects, 0(0B) LOS objects, 23% free, 19MB/25MB, paused 187us total 211.934ms
07-15 00:53:11.443 17906 17920 I vision.svplaye: Background concurrent copying GC freed 199688(6MB) AllocSpace objects, 0(0B) LOS objects, 23% free, 19MB/25MB, paused 160us total 205.535ms
07-15 00:53:13.015 17906 17920 I vision.svplaye: Background concurrent copying GC freed 199240(6MB) AllocSpace objects, 0(0B) LOS objects, 23% free, 19MB/25MB, paused 197us total 222.409ms
07-15 00:53:14.585 17906 17920 I vision.svplaye: Background concurrent copying GC freed 202015(6MB) AllocSpace objects, 0(0B) LOS objects, 23% free, 19MB/25MB, paused 175us total 223.554ms
07-15 00:53:16.138 17906 17920 I vision.svplaye: Background concurrent copying GC freed 202538(6MB) AllocSpace objects, 0(0B) LOS objects, 23% free, 19MB/25MB, paused 211us total 207.426ms
07-15 00:53:17.702 17906 17920 I vision.svplaye: Background concurrent copying GC freed 198667(6MB) AllocSpace objects, 0(0B) LOS objects, 23% free, 19MB/25MB, paused 163us total 226.171ms
07-15 00:53:19.263 17906 17920 I vision.svplaye: Background concurrent copying GC freed 202452(6MB) AllocSpace objects, 0(0B) LOS objects, 23% free, 19MB/25MB, paused 286us total 228.607ms
07-15 00:53:20.807 17906 17920 I vision.svplaye: Background concurrent copying GC freed 200854(6MB) AllocSpace objects, 0(0B) LOS objects, 23% free, 19MB/25MB, paused 173us total 207.520ms
07-15 00:53:22.383 17906 17920 I vision.svplaye: Background concurrent copying GC freed 200793(6MB) AllocSpace objects, 0(0B) LOS objects, 23% free, 19MB/25MB, paused 168us total 218.716ms
07-15 00:53:23.956 17906 17920 I vision.svplaye: Background concurrent copying GC freed 202235(6MB) AllocSpace objects, 0(0B) LOS objects, 23% free, 19MB/25MB, paused 152us total 221.651ms
07-15 00:53:25.519 17906 17920 I vision.svplaye: Background concurrent copying GC freed 201711(6MB) AllocSpace objects, 0(0B) LOS objects, 23% free, 19MB/25MB, paused 145us total 214.479ms
07-15 00:53:27.061 17906 17920 I vision.svplaye: Background concurrent copying GC freed 201636(6MB) AllocSpace objects, 0(0B) LOS objects, 23% free, 19MB/25MB, paused 153us total 209.735ms
07-15 00:53:28.627 17906 17920 I vision.svplaye: Background concurrent copying GC freed 198174(6MB) AllocSpace objects, 0(0B) LOS objects, 23% free, 19MB/25MB, paused 147us total 218.570ms
07-15 00:53:30.205 17906 17920 I vision.svplaye: Background concurrent copying GC freed 202179(6MB) AllocSpace objects, 0(0B) LOS objects, 23% free, 19MB/25MB, paused 1.846ms total 223.060ms
07-15 00:53:31.770 17906 17920 I vision.svplaye: Background concurrent copying GC freed 202545(6MB) AllocSpace objects, 0(0B) LOS objects, 23% free, 19MB/25MB, paused 186us total 213.885ms
07-15 00:53:33.337 17906 17920 I vision.svplaye: Background concurrent copying GC freed 200984(6MB) AllocSpace objects, 0(0B) LOS objects, 23% free, 19MB/25MB, paused 247us total 213.188ms
07-15 00:53:34.907 17906 17920 I vision.svplaye: Background concurrent copying GC freed 201100(6MB) AllocSpace objects, 0(0B) LOS objects, 23% free, 19MB/25MB, paused 183us total 218.522ms
07-15 00:53:36.477 17906 17920 I vision.svplaye: Background concurrent copying GC freed 201636(6MB) AllocSpace objects, 0(0B) LOS objects, 23% free, 19MB/25MB, paused 150us total 223.858ms
07-15 00:53:38.069 17906 17920 I vision.svplaye: Background concurrent copying GC freed 202777(6MB) AllocSpace objects, 0(0B) LOS objects, 23% free, 19MB/25MB, paused 164us total 233.236ms
07-15 00:53:39.618 17906 17920 I vision.svplaye: Background concurrent copying GC freed 202431(6MB) AllocSpace objects, 1(20KB) LOS objects, 23% free, 19MB/25MB, paused 194us total 206.529ms
07-15 00:53:41.201 17906 17920 I vision.svplaye: Background concurrent copying GC freed 201348(6MB) AllocSpace objects, 0(0B) LOS objects, 23% free, 19MB/25MB, paused 195us total 224.108ms
07-15 00:53:42.735 17906 17920 I vision.svplaye: Background concurrent copying GC freed 200160(6MB) AllocSpace objects, 0(0B) LOS objects, 23% free, 19MB/25MB, paused 230us total 216.182ms
07-15 00:53:44.302 17906 17920 I vision.svplaye: Background concurrent copying GC freed 201226(6MB) AllocSpace objects, 0(0B) LOS objects, 23% free, 19MB/25MB, paused 222us total 218.199ms
07-15 00:53:45.875 17906 17920 I vision.svplaye: Background concurrent copying GC freed 201884(6MB) AllocSpace objects, 0(0B) LOS objects, 23% free, 19MB/25MB, paused 223us total 223.057ms
07-15 00:53:47.443 17906 17920 I vision.svplaye: Background concurrent copying GC freed 203402(6MB) AllocSpace objects, 0(0B) LOS objects, 23% free, 19MB/25MB, paused 165us total 217.521ms
07-15 00:53:49.005 17906 17920 I vision.svplaye: Background concurrent copying GC freed 200280(6MB) AllocSpace objects, 0(0B) LOS objects, 23% free, 19MB/25MB, paused 192us total 211.063ms
07-15 00:53:50.574 17906 17920 I vision.svplaye: Background concurrent copying GC freed 201450(6MB) AllocSpace objects, 0(0B) LOS objects, 23% free, 19MB/25MB, paused 150us total 214.994ms
07-15 00:53:52.152 17906 17920 I vision.svplaye: Background concurrent copying GC freed 201954(6MB) AllocSpace objects, 0(0B) LOS objects, 23% free, 19MB/25MB, paused 180us total 222.175ms
07-15 00:53:53.724 17906 17920 I vision.svplaye: Background concurrent copying GC freed 202656(6MB) AllocSpace objects, 0(0B) LOS objects, 23% free, 19MB/25MB, paused 352us total 218.628ms
07-15 00:53:55.289 17906 17920 I vision.svplaye: Background concurrent copying GC freed 201866(6MB) AllocSpace objects, 0(0B) LOS objects, 23% free, 19MB/25MB, paused 217us total 213.935ms
07-15 00:53:56.839 17906 17920 I vision.svplaye: Background concurrent copying GC freed 200702(6MB) AllocSpace objects, 0(0B) LOS objects, 23% free, 19MB/25MB, paused 203us total 219.351ms
07-15 00:53:58.389 17906 17920 I vision.svplaye: Background concurrent copying GC freed 199333(6MB) AllocSpace objects, 0(0B) LOS objects, 23% free, 19MB/25MB, paused 222us total 210.001ms
07-15 00:53:59.936 17906 17920 I vision.svplaye: Background concurrent copying GC freed 199304(6MB) AllocSpace objects, 0(0B) LOS objects, 23% free, 19MB/25MB, paused 244us total 211.366ms
07-15 00:54:01.506 17906 17920 I vision.svplaye: Background concurrent copying GC freed 200368(6MB) AllocSpace objects, 0(0B) LOS objects, 23% free, 19MB/25MB, paused 173us total 220.807ms
07-15 00:54:03.067 17906 17920 I vision.svplaye: Background concurrent copying GC freed 200585(6MB) AllocSpace objects, 0(0B) LOS objects, 23% free, 19MB/25MB, paused 197us total 213.226ms
07-15 00:54:04.632 17906 17920 I vision.svplaye: Background concurrent copying GC freed 201530(6MB) AllocSpace objects, 0(0B) LOS objects, 23% free, 19MB/25MB, paused 197us total 209.702ms
07-15 00:54:06.169 17906 17920 I vision.svplaye: Background concurrent copying GC freed 200600(6MB) AllocSpace objects, 0(0B) LOS objects, 23% free, 19MB/25MB, paused 160us total 206.670ms
07-15 00:54:07.745 17906 17920 I vision.svplaye: Background concurrent copying GC freed 198932(6MB) AllocSpace objects, 0(0B) LOS objects, 23% free, 19MB/25MB, paused 181us total 223.681ms
07-15 00:54:09.305 17906 17920 I vision.svplaye: Background concurrent copying GC freed 201624(6MB) AllocSpace objects, 0(0B) LOS objects, 23% free, 19MB/25MB, paused 180us total 214.224ms
07-15 00:54:10.871 17906 17920 I vision.svplaye: Background concurrent copying GC freed 201348(6MB) AllocSpace objects, 0(0B) LOS objects, 23% free, 19MB/25MB, paused 156us total 212.217ms
07-15 00:54:12.457 17906 17920 I vision.svplaye: Background concurrent copying GC freed 201769(6MB) AllocSpace objects, 0(0B) LOS objects, 23% free, 19MB/25MB, paused 153us total 223.044ms
07-15 00:54:14.024 17906 17920 I vision.svplaye: Background concurrent copying GC freed 202154(6MB) AllocSpace objects, 0(0B) LOS objects, 23% free, 19MB/25MB, paused 229us total 219.369ms
07-15 00:54:15.564 17906 17920 I vision.svplaye: Background concurrent copying GC freed 201530(6MB) AllocSpace objects, 1(20KB) LOS objects, 23% free, 19MB/25MB, paused 349us total 210.709ms
07-15 00:54:17.135 17906 17920 I vision.svplaye: Background concurrent copying GC freed 199010(6MB) AllocSpace objects, 0(0B) LOS objects, 23% free, 19MB/25MB, paused 267us total 220.174ms
07-15 00:54:18.710 17906 17920 I vision.svplaye: Background concurrent copying GC freed 202112(6MB) AllocSpace objects, 0(0B) LOS objects, 23% free, 19MB/25MB, paused 256us total 222.181ms
07-15 00:54:20.274 17906 17920 I vision.svplaye: Background concurrent copying GC freed 200737(6MB) AllocSpace objects, 0(0B) LOS objects, 23% free, 19MB/25MB, paused 259us total 217.635ms
07-15 00:54:21.831 17906 17920 I vision.svplaye: Background concurrent copying GC freed 202671(6MB) AllocSpace objects, 0(0B) LOS objects, 23% free, 19MB/25MB, paused 212us total 205.084ms
07-15 00:54:23.387 17906 17920 I vision.svplaye: Background concurrent copying GC freed 199680(6MB) AllocSpace objects, 0(0B) LOS objects, 23% free, 19MB/25MB, paused 179us total 218.382ms
07-15 00:54:24.947 17906 17920 I vision.svplaye: Background concurrent copying GC freed 199728(6MB) AllocSpace objects, 0(0B) LOS objects, 23% free, 19MB/25MB, paused 227us total 217.255ms
07-15 00:54:26.503 17906 17920 I vision.svplaye: Background concurrent copying GC freed 200807(6MB) AllocSpace objects, 0(0B) LOS objects, 23% free, 19MB/25MB, paused 183us total 208.948ms
07-15 00:54:28.076 17906 17920 I vision.svplaye: Background concurrent copying GC freed 201788(6MB) AllocSpace objects, 0(0B) LOS objects, 23% free, 19MB/25MB, paused 148us total 214.593ms
07-15 00:54:29.621 17906 17920 I vision.svplaye: Background concurrent copying GC freed 201213(6MB) AllocSpace objects, 0(0B) LOS objects, 23% free, 19MB/25MB, paused 174us total 211.291ms
07-15 00:54:31.182 17906 17920 I vision.svplaye: Background concurrent copying GC freed 199118(6MB) AllocSpace objects, 0(0B) LOS objects, 23% free, 19MB/25MB, paused 174us total 212.741ms
07-15 00:54:32.751 17906 17920 I vision.svplaye: Background concurrent copying GC freed 200398(6MB) AllocSpace objects, 0(0B) LOS objects, 23% free, 19MB/25MB, paused 167us total 215.720ms
07-15 00:54:34.312 17906 17920 I vision.svplaye: Background concurrent copying GC freed 202053(6MB) AllocSpace objects, 0(0B) LOS objects, 23% free, 19MB/25MB, paused 147us total 208.953ms
07-15 00:54:35.887 17906 17920 I vision.svplaye: Background concurrent copying GC freed 201226(6MB) AllocSpace objects, 0(0B) LOS objects, 23% free, 19MB/25MB, paused 207us total 226.079ms
07-15 00:54:37.452 17906 17920 I vision.svplaye: Background concurrent copying GC freed 202997(6MB) AllocSpace objects, 0(0B) LOS objects, 23% free, 19MB/25MB, paused 199us total 206.849ms
07-15 00:54:39.003 17906 17920 I vision.svplaye: Background concurrent copying GC freed 200872(6MB) AllocSpace objects, 0(0B) LOS objects, 23% free, 19MB/25MB, paused 186us total 209.379ms
07-15 00:54:40.569 17906 17920 I vision.svplaye: Background concurrent copying GC freed 198972(6MB) AllocSpace objects, 0(0B) LOS objects, 23% free, 19MB/25MB, paused 184us total 216.755ms
07-15 00:54:42.101 17906 17920 I vision.svplaye: Background concurrent copying GC freed 198441(6MB) AllocSpace objects, 0(0B) LOS objects, 23% free, 19MB/25MB, paused 237us total 212.914ms
07-15 00:54:43.660 17906 17920 I vision.svplaye: Background concurrent copying GC freed 200077(6MB) AllocSpace objects, 0(0B) LOS objects, 23% free, 19MB/25MB, paused 145us total 211.290ms
07-15 00:54:45.232 17906 17920 I vision.svplaye: Background concurrent copying GC freed 203082(6MB) AllocSpace objects, 0(0B) LOS objects, 23% free, 19MB/25MB, paused 152us total 212.275ms
07-15 00:54:46.799 17906 17920 I vision.svplaye: Background concurrent copying GC freed 201814(6MB) AllocSpace objects, 0(0B) LOS objects, 23% free, 19MB/25MB, paused 158us total 210.492ms
07-15 00:54:48.370 17906 17920 I vision.svplaye: Background concurrent copying GC freed 201701(6MB) AllocSpace objects, 0(0B) LOS objects, 23% free, 19MB/25MB, paused 160us total 211.065ms
07-15 00:54:49.946 17906 17920 I vision.svplaye: Background concurrent copying GC freed 202732(6MB) AllocSpace objects, 0(0B) LOS objects, 23% free, 19MB/25MB, paused 228us total 211.701ms
07-15 00:54:51.527 17906 17920 I vision.svplaye: Background concurrent copying GC freed 201313(6MB) AllocSpace objects, 0(0B) LOS objects, 23% free, 19MB/25MB, paused 167us total 227.796ms
07-15 00:54:53.055 17906 17920 I vision.svplaye: Background concurrent copying GC freed 201684(6MB) AllocSpace objects, 0(0B) LOS objects, 23% free, 19MB/25MB, paused 184us total 212.746ms
07-15 00:54:54.629 17906 17920 I vision.svplaye: Background concurrent copying GC freed 199537(6MB) AllocSpace objects, 0(0B) LOS objects, 23% free, 19MB/25MB, paused 177us total 223.739ms
07-15 00:54:56.194 17906 17920 I vision.svplaye: Background concurrent copying GC freed 201823(6MB) AllocSpace objects, 0(0B) LOS objects, 23% free, 19MB/25MB, paused 199us total 219.874ms
07-15 00:54:57.743 17906 17920 I vision.svplaye: Background concurrent copying GC freed 200649(6MB) AllocSpace objects, 0(0B) LOS objects, 23% free, 19MB/25MB, paused 147us total 215.002ms
07-15 00:54:59.305 17906 17920 I vision.svplaye: Background concurrent copying GC freed 202638(6MB) AllocSpace objects, 0(0B) LOS objects, 23% free, 19MB/25MB, paused 161us total 209.563ms
07-15 00:55:00.858 17906 17920 I vision.svplaye: Background concurrent copying GC freed 201326(6MB) AllocSpace objects, 0(0B) LOS objects, 23% free, 19MB/25MB, paused 134us total 212.664ms
07-15 00:55:02.416 17906 17920 I vision.svplaye: Background concurrent copying GC freed 198445(6MB) AllocSpace objects, 0(0B) LOS objects, 23% free, 19MB/25MB, paused 230us total 220.631ms
07-15 00:55:03.966 17906 17920 I vision.svplaye: Background concurrent copying GC freed 201850(6MB) AllocSpace objects, 0(0B) LOS objects, 23% free, 19MB/25MB, paused 183us total 203.865ms
07-15 00:55:05.512 17906 17920 I vision.svplaye: Background concurrent copying GC freed 199858(6MB) AllocSpace objects, 0(0B) LOS objects, 23% free, 19MB/25MB, paused 158us total 210.790ms
07-15 00:55:07.077 17906 17920 I vision.svplaye: Background concurrent copying GC freed 200645(6MB) AllocSpace objects, 0(0B) LOS objects, 23% free, 19MB/25MB, paused 182us total 218.765ms
07-15 00:55:08.635 17906 17920 I vision.svplaye: Background concurrent copying GC freed 200153(6MB) AllocSpace objects, 0(0B) LOS objects, 23% free, 19MB/25MB, paused 181us total 211.899ms
07-15 00:55:10.201 17906 17920 I vision.svplaye: Background concurrent copying GC freed 201770(6MB) AllocSpace objects, 0(0B) LOS objects, 23% free, 19MB/25MB, paused 195us total 210.123ms
07-15 00:55:11.756 17906 17920 I vision.svplaye: Background concurrent copying GC freed 201930(6MB) AllocSpace objects, 0(0B) LOS objects, 23% free, 19MB/25MB, paused 512us total 206.890ms
07-15 00:55:13.330 17906 17920 I vision.svplaye: Background concurrent copying GC freed 202498(6MB) AllocSpace objects, 0(0B) LOS objects, 23% free, 19MB/25MB, paused 161us total 214.248ms
07-15 00:55:14.873 17906 17920 I vision.svplaye: Background concurrent copying GC freed 201184(6MB) AllocSpace objects, 0(0B) LOS objects, 23% free, 19MB/25MB, paused 160us total 214.863ms
07-15 00:55:16.429 17906 17920 I vision.svplaye: Background concurrent copying GC freed 199038(6MB) AllocSpace objects, 0(0B) LOS objects, 23% free, 19MB/25MB, paused 183us total 212.526ms
07-15 00:55:17.970 17906 17920 I vision.svplaye: Background concurrent copying GC freed 198406(6MB) AllocSpace objects, 0(0B) LOS objects, 23% free, 19MB/25MB, paused 206us total 217.926ms
07-15 00:55:19.525 17906 17920 I vision.svplaye: Background concurrent copying GC freed 200204(6MB) AllocSpace objects, 0(0B) LOS objects, 23% free, 19MB/25MB, paused 195us total 212.517ms
07-15 00:55:21.086 17906 17920 I vision.svplaye: Background concurrent copying GC freed 200419(6MB) AllocSpace objects, 0(0B) LOS objects, 23% free, 19MB/25MB, paused 149us total 214.380ms
07-15 00:55:22.652 17906 17920 I vision.svplaye: Background concurrent copying GC freed 202171(6MB) AllocSpace objects, 0(0B) LOS objects, 23% free, 19MB/25MB, paused 153us total 215.378ms
07-15 00:55:24.231 17906 17920 I vision.svplaye: Background concurrent copying GC freed 202953(6MB) AllocSpace objects, 0(0B) LOS objects, 23% free, 19MB/25MB, paused 179us total 223.167ms
07-15 00:55:25.754 17906 17920 I vision.svplaye: Background concurrent copying GC freed 199544(6MB) AllocSpace objects, 0(0B) LOS objects, 23% free, 19MB/25MB, paused 168us total 210.487ms
07-15 00:55:27.318 17906 17920 I vision.svplaye: Background concurrent copying GC freed 199618(6MB) AllocSpace objects, 0(0B) LOS objects, 23% free, 19MB/25MB, paused 188us total 210.814ms
07-15 00:55:28.886 17906 17920 I vision.svplaye: Background concurrent copying GC freed 201493(6MB) AllocSpace objects, 0(0B) LOS objects, 23% free, 19MB/25MB, paused 163us total 217.930ms
07-15 00:55:30.450 17906 17920 I vision.svplaye: Background concurrent copying GC freed 202299(6MB) AllocSpace objects, 0(0B) LOS objects, 23% free, 19MB/25MB, paused 190us total 215.575ms
07-15 00:55:32.014 17906 17920 I vision.svplaye: Background concurrent copying GC freed 202038(6MB) AllocSpace objects, 0(0B) LOS objects, 23% free, 19MB/25MB, paused 149us total 214.017ms
07-15 00:55:33.549 17906 17920 I vision.svplaye: Background concurrent copying GC freed 200955(6MB) AllocSpace objects, 0(0B) LOS objects, 23% free, 19MB/25MB, paused 201us total 205.302ms
07-15 00:55:35.107 17906 17920 I vision.svplaye: Background concurrent copying GC freed 198419(6MB) AllocSpace objects, 0(0B) LOS objects, 23% free, 19MB/25MB, paused 154us total 211.585ms
07-15 00:55:36.673 17906 17920 I vision.svplaye: Background concurrent copying GC freed 201807(6MB) AllocSpace objects, 0(0B) LOS objects, 23% free, 19MB/25MB, paused 170us total 209.874ms
07-15 00:55:38.217 17906 17920 I vision.svplaye: Background concurrent copying GC freed 201111(6MB) AllocSpace objects, 0(0B) LOS objects, 23% free, 19MB/25MB, paused 283us total 208.006ms
07-15 00:55:39.775 17906 17920 I vision.svplaye: Background concurrent copying GC freed 198959(6MB) AllocSpace objects, 0(0B) LOS objects, 23% free, 19MB/25MB, paused 185us total 212.836ms
07-15 00:55:41.344 17906 17920 I vision.svplaye: Background concurrent copying GC freed 200351(6MB) AllocSpace objects, 0(0B) LOS objects, 23% free, 19MB/25MB, paused 144us total 218.055ms
07-15 00:55:42.862 17906 17920 I vision.svplaye: Background concurrent copying GC freed 198027(6MB) AllocSpace objects, 0(0B) LOS objects, 23% free, 19MB/25MB, paused 265us total 224.805ms
07-15 00:55:44.448 17906 17920 I vision.svplaye: Background concurrent copying GC freed 204162(6MB) AllocSpace objects, 0(0B) LOS objects, 23% free, 19MB/25MB, paused 217us total 219.269ms
07-15 00:55:46.015 17906 17920 I vision.svplaye: Background concurrent copying GC freed 200336(6MB) AllocSpace objects, 0(0B) LOS objects, 23% free, 19MB/25MB, paused 170us total 225.250ms
07-15 00:55:47.576 17906 17920 I vision.svplaye: Background concurrent copying GC freed 202052(6MB) AllocSpace objects, 1(20KB) LOS objects, 23% free, 19MB/25MB, paused 153us total 220.873ms
07-15 00:55:49.141 17906 17920 I vision.svplaye: Background concurrent copying GC freed 202759(6MB) AllocSpace objects, 0(0B) LOS objects, 23% free, 19MB/25MB, paused 199us total 217.092ms
07-15 00:55:50.701 17906 17920 I vision.svplaye: Background concurrent copying GC freed 202496(6MB) AllocSpace objects, 0(0B) LOS objects, 23% free, 19MB/25MB, paused 195us total 208.595ms
07-15 00:55:52.264 17906 17920 I vision.svplaye: Background concurrent copying GC freed 200442(6MB) AllocSpace objects, 0(0B) LOS objects, 23% free, 19MB/25MB, paused 144us total 210.501ms
07-15 00:55:53.834 17906 17920 I vision.svplaye: Background concurrent copying GC freed 202265(6MB) AllocSpace objects, 0(0B) LOS objects, 23% free, 19MB/25MB, paused 149us total 214.396ms
07-15 00:55:55.410 17906 17920 I vision.svplaye: Background concurrent copying GC freed 202557(6MB) AllocSpace objects, 0(0B) LOS objects, 23% free, 19MB/25MB, paused 144us total 221.143ms
07-15 00:55:56.964 17906 17920 I vision.svplaye: Background concurrent copying GC freed 202367(6MB) AllocSpace objects, 0(0B) LOS objects, 23% free, 19MB/25MB, paused 174us total 205.893ms
07-15 00:55:58.534 17906 17920 I vision.svplaye: Background concurrent copying GC freed 200794(6MB) AllocSpace objects, 0(0B) LOS objects, 23% free, 19MB/25MB, paused 169us total 215.123ms
07-15 00:56:00.080 17906 17920 I vision.svplaye: Background concurrent copying GC freed 201619(6MB) AllocSpace objects, 0(0B) LOS objects, 23% free, 19MB/25MB, paused 171us total 214.987ms
07-15 00:56:01.634 17906 17920 I vision.svplaye: Background concurrent copying GC freed 198975(6MB) AllocSpace objects, 0(0B) LOS objects, 23% free, 19MB/25MB, paused 213us total 211.913ms
07-15 00:56:03.215 17906 17920 I vision.svplaye: Background concurrent copying GC freed 199808(6MB) AllocSpace objects, 0(0B) LOS objects, 23% free, 19MB/25MB, paused 196us total 236.396ms
07-15 00:56:04.764 17906 17920 I vision.svplaye: Background concurrent copying GC freed 202788(6MB) AllocSpace objects, 0(0B) LOS objects, 23% free, 19MB/25MB, paused 276us total 217.820ms
07-15 00:56:06.303 17906 17920 I vision.svplaye: Background concurrent copying GC freed 201293(6MB) AllocSpace objects, 0(0B) LOS objects, 23% free, 19MB/25MB, paused 227us total 213.949ms
07-15 00:56:07.871 17906 17920 I vision.svplaye: Background concurrent copying GC freed 198971(6MB) AllocSpace objects, 0(0B) LOS objects, 23% free, 19MB/25MB, paused 298us total 223.272ms
07-15 00:56:09.434 17906 17920 I vision.svplaye: Background concurrent copying GC freed 201183(6MB) AllocSpace objects, 0(0B) LOS objects, 23% free, 19MB/25MB, paused 172us total 219.083ms
07-15 00:56:11.005 17906 17920 I vision.svplaye: Background concurrent copying GC freed 201957(6MB) AllocSpace objects, 0(0B) LOS objects, 23% free, 19MB/25MB, paused 218us total 224.894ms
07-15 00:56:12.558 17906 17920 I vision.svplaye: Background concurrent copying GC freed 201483(6MB) AllocSpace objects, 0(0B) LOS objects, 23% free, 19MB/25MB, paused 167us total 214.796ms
07-15 00:56:14.120 17906 17920 I vision.svplaye: Background concurrent copying GC freed 201788(6MB) AllocSpace objects, 0(0B) LOS objects, 23% free, 19MB/25MB, paused 145us total 213.310ms
07-15 00:56:15.680 17906 17920 I vision.svplaye: Background concurrent copying GC freed 201768(6MB) AllocSpace objects, 0(0B) LOS objects, 23% free, 19MB/25MB, paused 145us total 210.242ms
07-15 00:56:17.263 17906 17920 I vision.svplaye: Background concurrent copying GC freed 201735(6MB) AllocSpace objects, 0(0B) LOS objects, 23% free, 19MB/25MB, paused 177us total 225.860ms
07-15 00:56:18.820 17906 17920 I vision.svplaye: Background concurrent copying GC freed 202059(6MB) AllocSpace objects, 0(0B) LOS objects, 23% free, 19MB/25MB, paused 178us total 216.666ms
07-15 00:56:20.391 17906 17920 I vision.svplaye: Background concurrent copying GC freed 202384(6MB) AllocSpace objects, 0(0B) LOS objects, 23% free, 19MB/25MB, paused 199us total 221.092ms
07-15 00:56:21.947 17906 17920 I vision.svplaye: Background concurrent copying GC freed 200927(6MB) AllocSpace objects, 0(0B) LOS objects, 23% free, 19MB/25MB, paused 275us total 219.500ms
07-15 00:56:23.520 17906 17920 I vision.svplaye: Background concurrent copying GC freed 202202(6MB) AllocSpace objects, 0(0B) LOS objects, 23% free, 19MB/25MB, paused 160us total 225.839ms
07-15 00:56:25.072 17906 17920 I vision.svplaye: Background concurrent copying GC freed 201579(6MB) AllocSpace objects, 0(0B) LOS objects, 23% free, 19MB/25MB, paused 195us total 220.170ms
07-15 00:56:26.602 17906 17920 I vision.svplaye: Background concurrent copying GC freed 197511(6MB) AllocSpace objects, 1(20KB) LOS objects, 23% free, 19MB/25MB, paused 306us total 208.950ms
07-15 00:56:28.153 17906 17920 I vision.svplaye: Background concurrent copying GC freed 199216(6MB) AllocSpace objects, 0(0B) LOS objects, 23% free, 19MB/25MB, paused 174us total 213.077ms
07-15 00:56:29.717 17906 17920 I vision.svplaye: Background concurrent copying GC freed 200396(6MB) AllocSpace objects, 0(0B) LOS objects, 23% free, 19MB/25MB, paused 168us total 213.730ms
07-15 00:56:31.282 17906 17920 I vision.svplaye: Background concurrent copying GC freed 201958(6MB) AllocSpace objects, 0(0B) LOS objects, 23% free, 19MB/25MB, paused 176us total 214.203ms
07-15 00:56:32.839 17906 17920 I vision.svplaye: Background concurrent copying GC freed 201540(6MB) AllocSpace objects, 0(0B) LOS objects, 23% free, 19MB/25MB, paused 545us total 207.717ms
07-15 00:56:34.413 17906 17920 I vision.svplaye: Background concurrent copying GC freed 202317(6MB) AllocSpace objects, 0(0B) LOS objects, 23% free, 19MB/25MB, paused 146us total 214.827ms
07-15 00:56:35.987 17906 17920 I vision.svplaye: Background concurrent copying GC freed 201956(6MB) AllocSpace objects, 0(0B) LOS objects, 23% free, 19MB/25MB, paused 203us total 220.513ms
07-15 00:56:37.562 17906 17920 I vision.svplaye: Background concurrent copying GC freed 202619(6MB) AllocSpace objects, 0(0B) LOS objects, 23% free, 19MB/25MB, paused 267us total 225.547ms
07-15 00:56:39.116 17906 17920 I vision.svplaye: Background concurrent copying GC freed 201462(6MB) AllocSpace objects, 0(0B) LOS objects, 23% free, 19MB/25MB, paused 168us total 215.440ms
07-15 00:56:40.681 17906 17920 I vision.svplaye: Background concurrent copying GC freed 201516(6MB) AllocSpace objects, 0(0B) LOS objects, 23% free, 19MB/25MB, paused 164us total 217.712ms
07-15 00:56:42.246 17906 17920 I vision.svplaye: Background concurrent copying GC freed 202296(6MB) AllocSpace objects, 0(0B) LOS objects, 23% free, 19MB/25MB, paused 147us total 216.245ms
07-15 00:56:43.768 17906 17920 I vision.svplaye: Background concurrent copying GC freed 199088(6MB) AllocSpace objects, 0(0B) LOS objects, 23% free, 19MB/25MB, paused 164us total 209.378ms
07-15 00:56:45.343 17906 17920 I vision.svplaye: Background concurrent copying GC freed 201937(6MB) AllocSpace objects, 0(0B) LOS objects, 23% free, 19MB/25MB, paused 151us total 217.864ms
07-15 00:56:46.908 17906 17920 I vision.svplaye: Background concurrent copying GC freed 202376(6MB) AllocSpace objects, 0(0B) LOS objects, 23% free, 19MB/25MB, paused 166us total 215.171ms
07-15 00:56:48.450 17906 17920 I vision.svplaye: Background concurrent copying GC freed 200148(6MB) AllocSpace objects, 0(0B) LOS objects, 23% free, 19MB/25MB, paused 204us total 214.502ms
07-15 00:56:50.005 17906 17920 I vision.svplaye: Background concurrent copying GC freed 199825(6MB) AllocSpace objects, 0(0B) LOS objects, 23% free, 19MB/25MB, paused 207us total 210.533ms
07-15 00:56:51.544 17906 17920 I vision.svplaye: Background concurrent copying GC freed 198900(6MB) AllocSpace objects, 0(0B) LOS objects, 23% free, 19MB/25MB, paused 144us total 214.194ms
07-15 00:56:53.100 17906 17920 I vision.svplaye: Background concurrent copying GC freed 199831(6MB) AllocSpace objects, 0(0B) LOS objects, 23% free, 19MB/25MB, paused 187us total 213.936ms
07-15 00:56:54.644 17906 17920 I vision.svplaye: Background concurrent copying GC freed 199270(6MB) AllocSpace objects, 0(0B) LOS objects, 23% free, 19MB/25MB, paused 246us total 220.981ms
07-15 00:56:55.484 17906 17906 I SVStartup: state localReady=true checking=false activated=true playableSource=true route=profile
07-15 00:56:55.786 17906 17914 I vision.svplaye: JIT allocated 62KB for stack maps of void com.smartvision.svplayer.ui.profile.ProfileScreenKt.ProfileScreen(com.smartvision.svplayer.ui.i18n.SmartVisionStrings, com.smartvision.svplayer.ui.profile.ProfileUiState, com.smartvision.svplayer.domain.model.SyncStatus, kotlin.jvm.functions.Function0, kotlin.jvm.functions.Function0, java.lang.String, java.util.List, kotlin.jvm.functions.Function1, kotlin.jvm.functions.Function0, kotlin.jvm.functions.Function0, kotlin.jvm.functions.Function0, boolean, boolean, int, com.smartvision.svplayer.domain.access.PremiumFeatureGateResult, kotlin.jvm.functions.Function0, kotlin.jvm.functions.Function0, kotlin.jvm.functions.Function1, kotlin.jvm.functions.Function0, kotlin.jvm.functions.Function1, kotlin.jvm.functions.Function0, kotlin.jvm.functions.Function0, boolean, kotlin.jvm.functions.Function0, kotlin.jvm.functions.Function1, kotlin.jvm.functions.Function1, kotlin.jvm.functions.Function1, kotlin.jvm.functions.Function1, kotlin.jvm.functions.Function1, kotlin.jvm.functions.
07-15 00:56:55.796 17906 17914 I vision.svplaye: Compiler allocated 5MB to compile void com.smartvision.svplayer.ui.profile.ProfileScreenKt.ProfileScreen(com.smartvision.svplayer.ui.i18n.SmartVisionStrings, com.smartvision.svplayer.ui.profile.ProfileUiState, com.smartvision.svplayer.domain.model.SyncStatus, kotlin.jvm.functions.Function0, kotlin.jvm.functions.Function0, java.lang.String, java.util.List, kotlin.jvm.functions.Function1, kotlin.jvm.functions.Function0, kotlin.jvm.functions.Function0, kotlin.jvm.functions.Function0, boolean, boolean, int, com.smartvision.svplayer.domain.access.PremiumFeatureGateResult, kotlin.jvm.functions.Function0, kotlin.jvm.functions.Function0, kotlin.jvm.functions.Function1, kotlin.jvm.functions.Function0, kotlin.jvm.functions.Function1, kotlin.jvm.functions.Function0, kotlin.jvm.functions.Function0, boolean, kotlin.jvm.functions.Function0, kotlin.jvm.functions.Function1, kotlin.jvm.functions.Function1, kotlin.jvm.functions.Function1, kotlin.jvm.functions.Function1, kotlin.jvm.functions.Function1, kotlin.jvm.functions.Fun
07-15 00:56:55.921 17906 17920 I vision.svplaye: NativeAlloc concurrent copying GC freed 135092(4MB) AllocSpace objects, 2(104KB) LOS objects, 23% free, 19MB/25MB, paused 4.629ms total 241.469ms
07-15 00:56:56.098 17906 17906 I Choreographer: Skipped 35 frames!  The application may be doing too much work on its main thread.
07-15 00:56:56.146 17906 17920 I vision.svplaye: NativeAlloc concurrent copying GC freed 5769(203KB) AllocSpace objects, 2(68KB) LOS objects, 23% free, 19MB/25MB, paused 201us total 224.767ms
07-15 00:56:56.326 17906 17957 I OpenGLRenderer: Davey! duration=820ms; Flags=0, IntendedVsync=15860399218740, Vsync=15860983135990, OldestInputEvent=9223372036854775807, NewestInputEvent=0, HandleInputStart=15860992490252, AnimationStart=15860992539868, PerformTraversalsStart=15861016585560, DrawStart=15861017599945, SyncQueued=15861031791175, SyncStart=15861031938560, IssueDrawCommandsStart=15861047460098, SwapBuffers=15861218159714, FrameCompleted=15861219588868, DequeueBufferDuration=288000, QueueBufferDuration=428000, 
07-15 00:56:56.883 17906 17914 I vision.svplaye: JIT allocated 62KB for stack maps of void com.smartvision.svplayer.ui.profile.ProfileScreenKt.ProfileScreen(com.smartvision.svplayer.ui.i18n.SmartVisionStrings, com.smartvision.svplayer.ui.profile.ProfileUiState, com.smartvision.svplayer.domain.model.SyncStatus, kotlin.jvm.functions.Function0, kotlin.jvm.functions.Function0, java.lang.String, java.util.List, kotlin.jvm.functions.Function1, kotlin.jvm.functions.Function0, kotlin.jvm.functions.Function0, kotlin.jvm.functions.Function0, boolean, boolean, int, com.smartvision.svplayer.domain.access.PremiumFeatureGateResult, kotlin.jvm.functions.Function0, kotlin.jvm.functions.Function0, kotlin.jvm.functions.Function1, kotlin.jvm.functions.Function0, kotlin.jvm.functions.Function1, kotlin.jvm.functions.Function0, kotlin.jvm.functions.Function0, boolean, kotlin.jvm.functions.Function0, kotlin.jvm.functions.Function1, kotlin.jvm.functions.Function1, kotlin.jvm.functions.Function1, kotlin.jvm.functions.Function1, kotlin.jvm.functions.Function1, kotlin.jvm.functions.
07-15 00:56:56.891 17906 17914 I vision.svplaye: Compiler allocated 5MB to compile void com.smartvision.svplayer.ui.profile.ProfileScreenKt.ProfileScreen(com.smartvision.svplayer.ui.i18n.SmartVisionStrings, com.smartvision.svplayer.ui.profile.ProfileUiState, com.smartvision.svplayer.domain.model.SyncStatus, kotlin.jvm.functions.Function0, kotlin.jvm.functions.Function0, java.lang.String, java.util.List, kotlin.jvm.functions.Function1, kotlin.jvm.functions.Function0, kotlin.jvm.functions.Function0, kotlin.jvm.functions.Function0, boolean, boolean, int, com.smartvision.svplayer.domain.access.PremiumFeatureGateResult, kotlin.jvm.functions.Function0, kotlin.jvm.functions.Function0, kotlin.jvm.functions.Function1, kotlin.jvm.functions.Function0, kotlin.jvm.functions.Function1, kotlin.jvm.functions.Function0, kotlin.jvm.functions.Function0, boolean, kotlin.jvm.functions.Function0, kotlin.jvm.functions.Function1, kotlin.jvm.functions.Function1, kotlin.jvm.functions.Function1, kotlin.jvm.functions.Function1, kotlin.jvm.functions.Function1, kotlin.jvm.functions.Fun
07-15 00:56:58.482 17906 17920 I vision.svplaye: Background concurrent copying GC freed 185765(5MB) AllocSpace objects, 0(0B) LOS objects, 22% free, 20MB/26MB, paused 214us total 227.618ms
07-15 00:57:00.850 17906 17920 I vision.svplaye: Background concurrent copying GC freed 212344(6MB) AllocSpace objects, 0(0B) LOS objects, 23% free, 19MB/25MB, paused 238us total 236.934ms
07-15 00:57:03.193 17906 17920 I vision.svplaye: Background concurrent copying GC freed 201196(5MB) AllocSpace objects, 0(0B) LOS objects, 23% free, 19MB/25MB, paused 187us total 220.128ms
07-15 00:57:05.556 17906 17920 I vision.svplaye: Background concurrent copying GC freed 201554(5MB) AllocSpace objects, 1(20KB) LOS objects, 23% free, 19MB/25MB, paused 240us total 215.701ms
07-15 00:57:07.908 17906 17920 I vision.svplaye: Background concurrent copying GC freed 205308(6MB) AllocSpace objects, 0(0B) LOS objects, 23% free, 19MB/25MB, paused 281us total 217.760ms
07-15 00:57:10.265 17906 17920 I vision.svplaye: Background concurrent copying GC freed 203126(6MB) AllocSpace objects, 0(0B) LOS objects, 23% free, 19MB/25MB, paused 251us total 224.253ms
07-15 00:57:12.637 17906 17920 I vision.svplaye: Background concurrent copying GC freed 205340(6MB) AllocSpace objects, 0(0B) LOS objects, 23% free, 19MB/25MB, paused 260us total 220.945ms
07-15 00:57:15.006 17906 17920 I vision.svplaye: Background concurrent copying GC freed 205082(6MB) AllocSpace objects, 0(0B) LOS objects, 23% free, 19MB/25MB, paused 221us total 233.995ms
07-15 00:57:17.373 17906 17920 I vision.svplaye: Background concurrent copying GC freed 205410(6MB) AllocSpace objects, 0(0B) LOS objects, 23% free, 19MB/25MB, paused 261us total 228.863ms
07-15 00:57:19.740 17906 17920 I vision.svplaye: Background concurrent copying GC freed 204874(6MB) AllocSpace objects, 0(0B) LOS objects, 23% free, 19MB/25MB, paused 186us total 220.089ms
07-15 00:57:22.104 17906 17920 I vision.svplaye: Background concurrent copying GC freed 204324(6MB) AllocSpace objects, 0(0B) LOS objects, 23% free, 19MB/25MB, paused 314us total 230.585ms
07-15 00:57:24.449 17906 17920 I vision.svplaye: Background concurrent copying GC freed 204177(6MB) AllocSpace objects, 0(0B) LOS objects, 23% free, 19MB/25MB, paused 347us total 223.594ms
07-15 00:57:26.805 17906 17920 I vision.svplaye: Background concurrent copying GC freed 205328(6MB) AllocSpace objects, 0(0B) LOS objects, 23% free, 19MB/25MB, paused 206us total 221.524ms
07-15 00:57:29.161 17906 17920 I vision.svplaye: Background concurrent copying GC freed 203788(6MB) AllocSpace objects, 0(0B) LOS objects, 23% free, 19MB/25MB, paused 270us total 224.680ms
07-15 00:57:31.516 17906 17920 I vision.svplaye: Background concurrent copying GC freed 203815(6MB) AllocSpace objects, 0(0B) LOS objects, 23% free, 19MB/25MB, paused 214us total 227.298ms
07-15 00:57:33.875 17906 17920 I vision.svplaye: Background concurrent copying GC freed 204395(6MB) AllocSpace objects, 0(0B) LOS objects, 23% free, 19MB/25MB, paused 229us total 219.404ms
07-15 00:57:36.239 17906 17920 I vision.svplaye: Background concurrent copying GC freed 204288(6MB) AllocSpace objects, 0(0B) LOS objects, 23% free, 19MB/25MB, paused 178us total 228.507ms
07-15 00:57:38.599 17906 17920 I vision.svplaye: Background concurrent copying GC freed 204743(6MB) AllocSpace objects, 0(0B) LOS objects, 23% free, 19MB/25MB, paused 236us total 228.793ms
07-15 00:57:40.967 17906 17920 I vision.svplaye: Background concurrent copying GC freed 204322(6MB) AllocSpace objects, 0(0B) LOS objects, 23% free, 19MB/25MB, paused 216us total 240.722ms
07-15 00:57:43.282 17906 17920 I vision.svplaye: Background concurrent copying GC freed 203565(6MB) AllocSpace objects, 0(0B) LOS objects, 23% free, 19MB/25MB, paused 229us total 231.208ms
07-15 00:57:45.648 17906 17920 I vision.svplaye: Background concurrent copying GC freed 204078(6MB) AllocSpace objects, 0(0B) LOS objects, 23% free, 19MB/25MB, paused 262us total 237.773ms
07-15 00:57:47.986 17906 17920 I vision.svplaye: Background concurrent copying GC freed 203744(6MB) AllocSpace objects, 0(0B) LOS objects, 23% free, 19MB/25MB, paused 203us total 238.728ms
07-15 00:57:50.338 17906 17920 I vision.svplaye: Background concurrent copying GC freed 207712(6MB) AllocSpace objects, 0(0B) LOS objects, 23% free, 19MB/25MB, paused 158us total 214.940ms
07-15 00:57:52.698 17906 17920 I vision.svplaye: Background concurrent copying GC freed 203855(6MB) AllocSpace objects, 0(0B) LOS objects, 23% free, 19MB/25MB, paused 155us total 224.323ms
07-15 00:57:55.048 17906 17920 I vision.svplaye: Background concurrent copying GC freed 205311(6MB) AllocSpace objects, 0(0B) LOS objects, 23% free, 19MB/25MB, paused 201us total 214.397ms
07-15 00:57:57.382 17906 17920 I vision.svplaye: Background concurrent copying GC freed 200850(6MB) AllocSpace objects, 1(20KB) LOS objects, 23% free, 19MB/25MB, paused 187us total 223.663ms
07-15 00:57:59.760 17906 17920 I vision.svplaye: Background concurrent copying GC freed 204450(6MB) AllocSpace objects, 0(0B) LOS objects, 23% free, 19MB/25MB, paused 219us total 244.735ms
07-15 00:58:02.117 17906 17920 I vision.svplaye: Background concurrent copying GC freed 204638(6MB) AllocSpace objects, 0(0B) LOS objects, 23% free, 19MB/25MB, paused 206us total 231.785ms
07-15 00:58:04.486 17906 17920 I vision.svplaye: Background concurrent copying GC freed 205713(6MB) AllocSpace objects, 0(0B) LOS objects, 23% free, 19MB/25MB, paused 239us total 239.226ms
07-15 00:58:06.830 17906 17920 I vision.svplaye: Background concurrent copying GC freed 203366(6MB) AllocSpace objects, 0(0B) LOS objects, 23% free, 19MB/25MB, paused 251us total 230.631ms
07-15 00:58:09.170 17906 17920 I vision.svplaye: Background concurrent copying GC freed 203112(6MB) AllocSpace objects, 0(0B) LOS objects, 23% free, 19MB/25MB, paused 227us total 225.686ms
07-15 00:58:11.539 17906 17920 I vision.svplaye: Background concurrent copying GC freed 204570(6MB) AllocSpace objects, 0(0B) LOS objects, 23% free, 19MB/25MB, paused 259us total 237.635ms
07-15 00:58:13.886 17906 17920 I vision.svplaye: Background concurrent copying GC freed 204273(6MB) AllocSpace objects, 0(0B) LOS objects, 23% free, 19MB/25MB, paused 188us total 223.193ms
07-15 00:58:16.213 17906 17920 I vision.svplaye: Background concurrent copying GC freed 203124(6MB) AllocSpace objects, 0(0B) LOS objects, 23% free, 19MB/25MB, paused 155us total 214.733ms
07-15 00:58:18.578 17906 17920 I vision.svplaye: Background concurrent copying GC freed 203332(6MB) AllocSpace objects, 0(0B) LOS objects, 23% free, 19MB/25MB, paused 197us total 227.574ms
07-15 00:58:20.924 17906 17920 I vision.svplaye: Background concurrent copying GC freed 204186(6MB) AllocSpace objects, 0(0B) LOS objects, 23% free, 19MB/25MB, paused 193us total 220.350ms
07-15 00:58:23.286 17906 17920 I vision.svplaye: Background concurrent copying GC freed 204013(6MB) AllocSpace objects, 0(0B) LOS objects, 23% free, 19MB/25MB, paused 216us total 228.548ms
07-15 00:58:25.672 17906 17920 I vision.svplaye: Background concurrent copying GC freed 205122(6MB) AllocSpace objects, 0(0B) LOS objects, 23% free, 19MB/25MB, paused 240us total 254.396ms
07-15 00:58:28.021 17906 17920 I vision.svplaye: Background concurrent copying GC freed 205182(6MB) AllocSpace objects, 0(0B) LOS objects, 23% free, 19MB/25MB, paused 193us total 228.283ms
07-15 00:58:30.384 17906 17920 I vision.svplaye: Background concurrent copying GC freed 203924(6MB) AllocSpace objects, 0(0B) LOS objects, 23% free, 19MB/25MB, paused 210us total 236.550ms
07-15 00:58:32.744 17906 17920 I vision.svplaye: Background concurrent copying GC freed 205677(6MB) AllocSpace objects, 0(0B) LOS objects, 23% free, 19MB/25MB, paused 239us total 222.304ms
07-15 00:58:35.105 17906 17920 I vision.svplaye: Background concurrent copying GC freed 204973(6MB) AllocSpace objects, 0(0B) LOS objects, 23% free, 19MB/25MB, paused 160us total 209.901ms
07-15 00:58:37.470 17906 17920 I vision.svplaye: Background concurrent copying GC freed 203628(6MB) AllocSpace objects, 0(0B) LOS objects, 23% free, 19MB/25MB, paused 193us total 233.341ms
07-15 00:58:39.822 17906 17920 I vision.svplaye: Background concurrent copying GC freed 206155(6MB) AllocSpace objects, 0(0B) LOS objects, 23% free, 19MB/25MB, paused 154us total 217.030ms
