--------- beginning of main
07-15 00:50:07.584 17906 24091 E FrameEvents: updateAcquireFence: Did not find frame.
07-15 00:50:07.604 17906 24091 E FrameEvents: updateAcquireFence: Did not find frame.
07-15 00:50:07.605 17906 17957 E libc    : Access denied finding property "vendor.dpframework.log.enable"
07-15 00:50:07.607 17906 17957 I chatty  : uid=10247(com.smartvision.svplayer) RenderThread identical 16 lines
07-15 00:50:07.607 17906 17957 E libc    : Access denied finding property "vendor.dpframework.log.enable"
07-15 00:50:07.607 17906 17957 E libc    : Access denied finding property "vendor.dpframework.dumpbuffer.checksum"
07-15 00:50:07.607 17906 17957 E libc    : Access denied finding property "vendor.dpframework.dumpbuffer.enable"
07-15 00:50:07.614 17906 24090 I MediaCodecLogger: 17906.HW.video.avc.bitrateInKbps = 140
07-15 00:50:07.634 17906 24091 E FrameEvents: updateAcquireFence: Did not find frame.
07-15 00:50:07.654 17906 24091 E FrameEvents: updateAcquireFence: Did not find frame.
07-15 00:50:07.659 17906 17957 E libc    : Access denied finding property "vendor.dpframework.log.enable"
07-15 00:50:07.660 17906 17957 I chatty  : uid=10247(com.smartvision.svplayer) RenderThread identical 16 lines
07-15 00:50:07.661 17906 17957 E libc    : Access denied finding property "vendor.dpframework.log.enable"
07-15 00:50:07.661 17906 17957 E libc    : Access denied finding property "vendor.dpframework.dumpbuffer.checksum"
07-15 00:50:07.661 17906 17957 E libc    : Access denied finding property "vendor.dpframework.dumpbuffer.enable"
07-15 00:50:07.684 17906 24091 E FrameEvents: updateAcquireFence: Did not find frame.
07-15 00:50:07.704 17906 24091 E FrameEvents: updateAcquireFence: Did not find frame.
07-15 00:50:07.712 17906 17957 E libc    : Access denied finding property "vendor.dpframework.log.enable"
07-15 00:50:07.714 17906 17957 I chatty  : uid=10247(com.smartvision.svplayer) RenderThread identical 16 lines
07-15 00:50:07.715 17906 17957 E libc    : Access denied finding property "vendor.dpframework.log.enable"
07-15 00:50:07.715 17906 17957 E libc    : Access denied finding property "vendor.dpframework.dumpbuffer.checksum"
07-15 00:50:07.715 17906 17957 E libc    : Access denied finding property "vendor.dpframework.dumpbuffer.enable"
07-15 00:50:07.735 17906 24091 E FrameEvents: updateAcquireFence: Did not find frame.
07-15 00:50:07.767 17906 17957 E libc    : Access denied finding property "vendor.dpframework.log.enable"
07-15 00:50:07.769 17906 17957 I chatty  : uid=10247(com.smartvision.svplayer) RenderThread identical 16 lines
07-15 00:50:07.769 17906 17957 E libc    : Access denied finding property "vendor.dpframework.log.enable"
07-15 00:50:07.769 17906 17957 E libc    : Access denied finding property "vendor.dpframework.dumpbuffer.checksum"
07-15 00:50:07.769 17906 17957 E libc    : Access denied finding property "vendor.dpframework.dumpbuffer.enable"
07-15 00:50:07.774 17906 24091 E FrameEvents: updateAcquireFence: Did not find frame.
07-15 00:50:07.784 17906 24091 I chatty  : uid=10247(com.smartvision.svplayer) identical 1 line
07-15 00:50:07.813 17906 24091 E FrameEvents: updateAcquireFence: Did not find frame.
07-15 00:50:07.820 17906 17957 E libc    : Access denied finding property "vendor.dpframework.log.enable"
07-15 00:50:07.822 17906 17957 I chatty  : uid=10247(com.smartvision.svplayer) RenderThread identical 16 lines
07-15 00:50:07.822 17906 17957 E libc    : Access denied finding property "vendor.dpframework.log.enable"
07-15 00:50:07.822 17906 17957 E libc    : Access denied finding property "vendor.dpframework.dumpbuffer.checksum"
07-15 00:50:07.822 17906 17957 E libc    : Access denied finding property "vendor.dpframework.dumpbuffer.enable"
07-15 00:50:07.837 17906 24091 E FrameEvents: updateAcquireFence: Did not find frame.
07-15 00:50:07.868 17906 24091 E FrameEvents: updateAcquireFence: Did not find frame.
07-15 00:50:07.874 17906 17957 E libc    : Access denied finding property "vendor.dpframework.log.enable"
07-15 00:50:07.877 17906 17957 I chatty  : uid=10247(com.smartvision.svplayer) RenderThread identical 16 lines
07-15 00:50:07.877 17906 17957 E libc    : Access denied finding property "vendor.dpframework.log.enable"
07-15 00:50:07.877 17906 17957 E libc    : Access denied finding property "vendor.dpframework.dumpbuffer.checksum"
07-15 00:50:07.877 17906 17957 E libc    : Access denied finding property "vendor.dpframework.dumpbuffer.enable"
07-15 00:50:07.890 17906 24091 E FrameEvents: updateAcquireFence: Did not find frame.
07-15 00:50:07.920 17906 24091 E FrameEvents: updateAcquireFence: Did not find frame.
07-15 00:50:07.927 17906 17957 E libc    : Access denied finding property "vendor.dpframework.log.enable"
07-15 00:50:07.928 17906 17957 I chatty  : uid=10247(com.smartvision.svplayer) RenderThread identical 16 lines
07-15 00:50:07.928 17906 17957 E libc    : Access denied finding property "vendor.dpframework.log.enable"
07-15 00:50:07.929 17906 17957 E libc    : Access denied finding property "vendor.dpframework.dumpbuffer.checksum"
07-15 00:50:07.929 17906 17957 E libc    : Access denied finding property "vendor.dpframework.dumpbuffer.enable"
07-15 00:50:07.940 17906 24091 E FrameEvents: updateAcquireFence: Did not find frame.
07-15 00:50:07.969 17906 24091 E FrameEvents: updateAcquireFence: Did not find frame.
07-15 00:50:07.981 17906 17957 E libc    : Access denied finding property "vendor.dpframework.log.enable"
07-15 00:50:07.984 17906 17957 I chatty  : uid=10247(com.smartvision.svplayer) RenderThread identical 16 lines
07-15 00:50:07.985 17906 17957 E libc    : Access denied finding property "vendor.dpframework.log.enable"
07-15 00:50:07.985 17906 17957 E libc    : Access denied finding property "vendor.dpframework.dumpbuffer.checksum"
07-15 00:50:07.985 17906 17957 E libc    : Access denied finding property "vendor.dpframework.dumpbuffer.enable"
07-15 00:50:07.990 17906 24091 E FrameEvents: updateAcquireFence: Did not find frame.
07-15 00:50:08.020 17906 24091 E FrameEvents: updateAcquireFence: Did not find frame.
07-15 00:50:08.035 17906 17957 E libc    : Access denied finding property "vendor.dpframework.log.enable"
07-15 00:50:08.038 17906 17957 I chatty  : uid=10247(com.smartvision.svplayer) RenderThread identical 16 lines
07-15 00:50:08.038 17906 17957 E libc    : Access denied finding property "vendor.dpframework.log.enable"
07-15 00:50:08.038 17906 17957 E libc    : Access denied finding property "vendor.dpframework.dumpbuffer.checksum"
07-15 00:50:08.038 17906 17957 E libc    : Access denied finding property "vendor.dpframework.dumpbuffer.enable"
07-15 00:50:08.040 17906 17957 E libc    : Access denied finding property "vendor.dpframework.log.enable"
07-15 00:50:08.041 17906 24091 E FrameEvents: updateAcquireFence: Did not find frame.
07-15 00:50:08.041 17906 17957 E libc    : Access denied finding property "vendor.dpframework.log.enable"
07-15 00:50:08.042 17906 17957 I chatty  : uid=10247(com.smartvision.svplayer) RenderThread identical 15 lines
07-15 00:50:08.043 17906 17957 E libc    : Access denied finding property "vendor.dpframework.log.enable"
07-15 00:50:08.043 17906 17957 E libc    : Access denied finding property "vendor.dpframework.dumpbuffer.checksum"
07-15 00:50:08.043 17906 17957 E libc    : Access denied finding property "vendor.dpframework.dumpbuffer.enable"
07-15 00:50:08.070 17906 24090 I MediaCodecLogger: 17906.HW.video.avc Dropped 30 frames
07-15 00:50:08.071 17906 24091 E FrameEvents: updateAcquireFence: Did not find frame.
07-15 00:50:08.081 17906 24091 E FrameEvents: updateAcquireFence: Did not find frame.
07-15 00:50:08.088 17906 17957 E libc    : Access denied finding property "vendor.dpframework.log.enable"
07-15 00:50:08.090 17906 17957 I chatty  : uid=10247(com.smartvision.svplayer) RenderThread identical 16 lines
07-15 00:50:08.090 17906 17957 E libc    : Access denied finding property "vendor.dpframework.log.enable"
07-15 00:50:08.090 17906 17957 E libc    : Access denied finding property "vendor.dpframework.dumpbuffer.checksum"
07-15 00:50:08.090 17906 17957 E libc    : Access denied finding property "vendor.dpframework.dumpbuffer.enable"
07-15 00:50:08.122 17906 24091 E FrameEvents: updateAcquireFence: Did not find frame.
07-15 00:50:08.132 17906 24091 E FrameEvents: updateAcquireFence: Did not find frame.
07-15 00:50:08.142 17906 17957 E libc    : Access denied finding property "vendor.dpframework.log.enable"
07-15 00:50:08.142 17906 17957 E libc    : Access denied finding property "vendor.dpframework.log.enable"
07-15 00:50:08.133 17906 17906 W RenderThread: type=1400 audit(0.0:57318): avc: denied { open } for path="/dev/__properties__/u:object_r:vendor_default_prop:s0" dev="tmpfs" ino=10686 scontext=u:r:untrusted_app:s0:c247,c256,c512,c768 tcontext=u:object_r:vendor_default_prop:s0 tclass=file permissive=0
07-15 00:50:08.133 17906 17906 I chatty  : uid=10247(com.smartvision.svplayer) identical 1 line
07-15 00:50:08.133 17906 17906 W RenderThread: type=1400 audit(0.0:57320): avc: denied { open } for path="/dev/__properties__/u:object_r:vendor_default_prop:s0" dev="tmpfs" ino=10686 scontext=u:r:untrusted_app:s0:c247,c256,c512,c768 tcontext=u:object_r:vendor_default_prop:s0 tclass=file permissive=0
07-15 00:50:08.143 17906 17957 E libc    : Access denied finding property "vendor.dpframework.log.enable"
07-15 00:50:08.133 17906 17906 W RenderThread: type=1400 audit(0.0:57321): avc: denied { open } for path="/dev/__properties__/u:object_r:vendor_default_prop:s0" dev="tmpfs" ino=10686 scontext=u:r:untrusted_app:s0:c247,c256,c512,c768 tcontext=u:object_r:vendor_default_prop:s0 tclass=file permissive=0
07-15 00:50:08.133 17906 17906 W RenderThread: type=1400 audit(0.0:57322): avc: denied { open } for path="/dev/__properties__/u:object_r:vendor_default_prop:s0" dev="tmpfs" ino=10686 scontext=u:r:untrusted_app:s0:c247,c256,c512,c768 tcontext=u:object_r:vendor_default_prop:s0 tclass=file permissive=0
07-15 00:50:08.144 17906 17957 E libc    : Access denied finding property "vendor.dpframework.log.enable"
07-15 00:50:08.145 17906 17957 I chatty  : uid=10247(com.smartvision.svplayer) RenderThread identical 13 lines
07-15 00:50:08.146 17906 17957 E libc    : Access denied finding property "vendor.dpframework.log.enable"
07-15 00:50:08.146 17906 17957 E libc    : Access denied finding property "vendor.dpframework.dumpbuffer.checksum"
07-15 00:50:08.146 17906 17957 E libc    : Access denied finding property "vendor.dpframework.dumpbuffer.enable"
07-15 00:50:08.173 17906 24091 E FrameEvents: updateAcquireFence: Did not find frame.
07-15 00:50:08.183 17906 24091 E FrameEvents: updateAcquireFence: Did not find frame.
07-15 00:50:08.196 17906 17957 E libc    : Access denied finding property "vendor.dpframework.log.enable"
07-15 00:50:08.197 17906 17957 I chatty  : uid=10247(com.smartvision.svplayer) RenderThread identical 16 lines
07-15 00:50:08.197 17906 17957 E libc    : Access denied finding property "vendor.dpframework.log.enable"
07-15 00:50:08.198 17906 17957 E libc    : Access denied finding property "vendor.dpframework.dumpbuffer.checksum"
07-15 00:50:08.198 17906 17957 E libc    : Access denied finding property "vendor.dpframework.dumpbuffer.enable"
07-15 00:50:08.224 17906 24091 E FrameEvents: updateAcquireFence: Did not find frame.
07-15 00:50:08.234 17906 24091 E FrameEvents: updateAcquireFence: Did not find frame.
07-15 00:50:08.249 17906 17957 E libc    : Access denied finding property "vendor.dpframework.log.enable"
07-15 00:50:08.250 17906 17957 I chatty  : uid=10247(com.smartvision.svplayer) RenderThread identical 16 lines
07-15 00:50:08.250 17906 17957 E libc    : Access denied finding property "vendor.dpframework.log.enable"
07-15 00:50:08.251 17906 17957 E libc    : Access denied finding property "vendor.dpframework.dumpbuffer.checksum"
07-15 00:50:08.251 17906 17957 E libc    : Access denied finding property "vendor.dpframework.dumpbuffer.enable"
07-15 00:50:08.265 17906 24091 E FrameEvents: updateAcquireFence: Did not find frame.
07-15 00:50:08.285 17906 24091 E FrameEvents: updateAcquireFence: Did not find frame.
07-15 00:50:08.303 17906 17957 E libc    : Access denied finding property "vendor.dpframework.log.enable"
07-15 00:50:08.305 17906 17957 I chatty  : uid=10247(com.smartvision.svplayer) RenderThread identical 16 lines
07-15 00:50:08.305 17906 17957 E libc    : Access denied finding property "vendor.dpframework.log.enable"
07-15 00:50:08.305 17906 17957 E libc    : Access denied finding property "vendor.dpframework.dumpbuffer.checksum"
07-15 00:50:08.305 17906 17957 E libc    : Access denied finding property "vendor.dpframework.dumpbuffer.enable"
07-15 00:50:08.315 17906 24091 E FrameEvents: updateAcquireFence: Did not find frame.
07-15 00:50:08.334 17906 24091 E FrameEvents: updateAcquireFence: Did not find frame.
07-15 00:50:08.356 17906 17957 E libc    : Access denied finding property "vendor.dpframework.log.enable"
07-15 00:50:08.358 17906 17957 I chatty  : uid=10247(com.smartvision.svplayer) RenderThread identical 16 lines
07-15 00:50:08.358 17906 17957 E libc    : Access denied finding property "vendor.dpframework.log.enable"
07-15 00:50:08.358 17906 17957 E libc    : Access denied finding property "vendor.dpframework.dumpbuffer.checksum"
07-15 00:50:08.358 17906 17957 E libc    : Access denied finding property "vendor.dpframework.dumpbuffer.enable"
07-15 00:50:08.365 17906 24091 E FrameEvents: updateAcquireFence: Did not find frame.
07-15 00:50:08.385 17906 24091 E FrameEvents: updateAcquireFence: Did not find frame.
07-15 00:50:08.410 17906 17957 E libc    : Access denied finding property "vendor.dpframework.log.enable"
07-15 00:50:08.412 17906 17957 I chatty  : uid=10247(com.smartvision.svplayer) RenderThread identical 16 lines
07-15 00:50:08.412 17906 17957 E libc    : Access denied finding property "vendor.dpframework.log.enable"
07-15 00:50:08.412 17906 17957 E libc    : Access denied finding property "vendor.dpframework.dumpbuffer.checksum"
07-15 00:50:08.413 17906 17957 E libc    : Access denied finding property "vendor.dpframework.dumpbuffer.enable"
07-15 00:50:08.415 17906 17957 E libc    : Access denied finding property "vendor.dpframework.log.enable"
07-15 00:50:08.415 17906 24091 E FrameEvents: updateAcquireFence: Did not find frame.
07-15 00:50:08.415 17906 17957 E libc    : Access denied finding property "vendor.dpframework.log.enable"
07-15 00:50:08.416 17906 17957 I chatty  : uid=10247(com.smartvision.svplayer) RenderThread identical 15 lines
07-15 00:50:08.416 17906 17957 E libc    : Access denied finding property "vendor.dpframework.log.enable"
07-15 00:50:08.416 17906 17957 E libc    : Access denied finding property "vendor.dpframework.dumpbuffer.checksum"
07-15 00:50:08.416 17906 17957 E libc    : Access denied finding property "vendor.dpframework.dumpbuffer.enable"
07-15 00:50:08.435 17906 24091 E FrameEvents: updateAcquireFence: Did not find frame.
07-15 00:50:08.464 17906 17957 E libc    : Access denied finding property "vendor.dpframework.log.enable"
07-15 00:50:08.466 17906 17957 I chatty  : uid=10247(com.smartvision.svplayer) RenderThread identical 16 lines
07-15 00:50:08.466 17906 17957 E libc    : Access denied finding property "vendor.dpframework.log.enable"
07-15 00:50:08.466 17906 17957 E libc    : Access denied finding property "vendor.dpframework.dumpbuffer.checksum"
07-15 00:50:08.466 17906 17957 E libc    : Access denied finding property "vendor.dpframework.dumpbuffer.enable"
07-15 00:50:08.466 17906 24091 E FrameEvents: updateAcquireFence: Did not find frame.
07-15 00:50:08.468 17906 17957 E libc    : Access denied finding property "vendor.dpframework.log.enable"
07-15 00:50:08.470 17906 17957 I chatty  : uid=10247(com.smartvision.svplayer) RenderThread identical 16 lines
07-15 00:50:08.470 17906 17957 E libc    : Access denied finding property "vendor.dpframework.log.enable"
07-15 00:50:08.470 17906 17957 E libc    : Access denied finding property "vendor.dpframework.dumpbuffer.checksum"
07-15 00:50:08.470 17906 17957 E libc    : Access denied finding property "vendor.dpframework.dumpbuffer.enable"
07-15 00:50:08.486 17906 24091 E FrameEvents: updateAcquireFence: Did not find frame.
07-15 00:50:08.516 17906 24091 E FrameEvents: updateAcquireFence: Did not find frame.
07-15 00:50:08.519 17906 17957 E libc    : Access denied finding property "vendor.dpframework.log.enable"
07-15 00:50:08.520 17906 17957 I chatty  : uid=10247(com.smartvision.svplayer) RenderThread identical 16 lines
07-15 00:50:08.521 17906 17957 E libc    : Access denied finding property "vendor.dpframework.log.enable"
07-15 00:50:08.521 17906 17957 E libc    : Access denied finding property "vendor.dpframework.dumpbuffer.checksum"
07-15 00:50:08.521 17906 17957 E libc    : Access denied finding property "vendor.dpframework.dumpbuffer.enable"
07-15 00:50:08.537 17906 24091 E FrameEvents: updateAcquireFence: Did not find frame.
07-15 00:50:08.566 17906 24091 E FrameEvents: updateAcquireFence: Did not find frame.
07-15 00:50:08.573 17906 17957 E libc    : Access denied finding property "vendor.dpframework.log.enable"
07-15 00:50:08.575 17906 17957 I chatty  : uid=10247(com.smartvision.svplayer) RenderThread identical 16 lines
07-15 00:50:08.576 17906 17957 E libc    : Access denied finding property "vendor.dpframework.log.enable"
07-15 00:50:08.576 17906 17957 E libc    : Access denied finding property "vendor.dpframework.dumpbuffer.checksum"
07-15 00:50:08.576 17906 17957 E libc    : Access denied finding property "vendor.dpframework.dumpbuffer.enable"
07-15 00:50:08.586 17906 24091 E FrameEvents: updateAcquireFence: Did not find frame.
07-15 00:50:08.616 17906 24091 E FrameEvents: updateAcquireFence: Did not find frame.
07-15 00:50:08.628 17906 17957 E libc    : Access denied finding property "vendor.dpframework.log.enable"
07-15 00:50:08.630 17906 17957 I chatty  : uid=10247(com.smartvision.svplayer) RenderThread identical 16 lines
07-15 00:50:08.630 17906 17957 E libc    : Access denied finding property "vendor.dpframework.log.enable"
07-15 00:50:08.630 17906 17957 E libc    : Access denied finding property "vendor.dpframework.dumpbuffer.checksum"
07-15 00:50:08.630 17906 17957 E libc    : Access denied finding property "vendor.dpframework.dumpbuffer.enable"
07-15 00:50:08.635 17906 17920 I vision.svplaye: Background concurrent copying GC freed 175812(6MB) AllocSpace objects, 0(0B) LOS objects, 22% free, 20MB/26MB, paused 509us total 219.893ms
07-15 00:50:08.639 17906 24091 E FrameEvents: updateAcquireFence: Did not find frame.
07-15 00:50:08.665 17906 24091 E FrameEvents: updateAcquireFence: Did not find frame.
07-15 00:50:08.681 17906 17957 E libc    : Access denied finding property "vendor.dpframework.log.enable"
07-15 00:50:08.682 17906 17957 I chatty  : uid=10247(com.smartvision.svplayer) RenderThread identical 16 lines
07-15 00:50:08.683 17906 17957 E libc    : Access denied finding property "vendor.dpframework.log.enable"
07-15 00:50:08.683 17906 17957 E libc    : Access denied finding property "vendor.dpframework.dumpbuffer.checksum"
07-15 00:50:08.683 17906 17957 E libc    : Access denied finding property "vendor.dpframework.dumpbuffer.enable"
07-15 00:50:08.686 17906 24091 E FrameEvents: updateAcquireFence: Did not find frame.
07-15 00:50:08.706 17906 24091 E FrameEvents: updateAcquireFence: Did not find frame.
07-15 00:50:08.734 17906 17957 E libc    : Access denied finding property "vendor.dpframework.log.enable"
07-15 00:50:08.736 17906 17957 I chatty  : uid=10247(com.smartvision.svplayer) RenderThread identical 16 lines
07-15 00:50:08.736 17906 17957 E libc    : Access denied finding property "vendor.dpframework.log.enable"
07-15 00:50:08.736 17906 17957 E libc    : Access denied finding property "vendor.dpframework.dumpbuffer.checksum"
07-15 00:50:08.736 17906 17957 E libc    : Access denied finding property "vendor.dpframework.dumpbuffer.enable"
07-15 00:50:08.737 17906 24091 E FrameEvents: updateAcquireFence: Did not find frame.
07-15 00:50:08.739 17906 17957 E libc    : Access denied finding property "vendor.dpframework.log.enable"
07-15 00:50:08.740 17906 17957 I chatty  : uid=10247(com.smartvision.svplayer) RenderThread identical 16 lines
07-15 00:50:08.740 17906 17957 E libc    : Access denied finding property "vendor.dpframework.log.enable"
07-15 00:50:08.740 17906 17957 E libc    : Access denied finding property "vendor.dpframework.dumpbuffer.checksum"
07-15 00:50:08.740 17906 17957 E libc    : Access denied finding property "vendor.dpframework.dumpbuffer.enable"
07-15 00:50:08.757 17906 24091 E FrameEvents: updateAcquireFence: Did not find frame.
07-15 00:50:08.787 17906 24091 E FrameEvents: updateAcquireFence: Did not find frame.
07-15 00:50:08.788 17906 17957 E libc    : Access denied finding property "vendor.dpframework.log.enable"
07-15 00:50:08.789 17906 17957 I chatty  : uid=10247(com.smartvision.svplayer) RenderThread identical 16 lines
07-15 00:50:08.790 17906 17957 E libc    : Access denied finding property "vendor.dpframework.log.enable"
07-15 00:50:08.790 17906 17957 E libc    : Access denied finding property "vendor.dpframework.dumpbuffer.checksum"
07-15 00:50:08.790 17906 17957 E libc    : Access denied finding property "vendor.dpframework.dumpbuffer.enable"
07-15 00:50:08.807 17906 24091 E FrameEvents: updateAcquireFence: Did not find frame.
07-15 00:50:08.838 17906 24091 E FrameEvents: updateAcquireFence: Did not find frame.
07-15 00:50:08.842 17906 17957 E libc    : Access denied finding property "vendor.dpframework.log.enable"
07-15 00:50:08.844 17906 17957 I chatty  : uid=10247(com.smartvision.svplayer) RenderThread identical 16 lines
07-15 00:50:08.844 17906 17957 E libc    : Access denied finding property "vendor.dpframework.log.enable"
07-15 00:50:08.844 17906 17957 E libc    : Access denied finding property "vendor.dpframework.dumpbuffer.checksum"
07-15 00:50:08.844 17906 17957 E libc    : Access denied finding property "vendor.dpframework.dumpbuffer.enable"
07-15 00:50:08.849 17906 24091 E FrameEvents: updateAcquireFence: Did not find frame.
07-15 00:50:08.889 17906 24091 E FrameEvents: updateAcquireFence: Did not find frame.
07-15 00:50:08.896 17906 17957 E libc    : Access denied finding property "vendor.dpframework.log.enable"
07-15 00:50:08.897 17906 17957 I chatty  : uid=10247(com.smartvision.svplayer) RenderThread identical 16 lines
07-15 00:50:08.897 17906 17957 E libc    : Access denied finding property "vendor.dpframework.log.enable"
07-15 00:50:08.898 17906 17957 E libc    : Access denied finding property "vendor.dpframework.dumpbuffer.checksum"
07-15 00:50:08.898 17906 17957 E libc    : Access denied finding property "vendor.dpframework.dumpbuffer.enable"
07-15 00:50:08.900 17906 24091 E FrameEvents: updateAcquireFence: Did not find frame.
07-15 00:50:08.900 17906 17957 E libc    : Access denied finding property "vendor.dpframework.log.enable"
07-15 00:50:08.901 17906 17957 I chatty  : uid=10247(com.smartvision.svplayer) RenderThread identical 16 lines
07-15 00:50:08.901 17906 17957 E libc    : Access denied finding property "vendor.dpframework.log.enable"
07-15 00:50:08.901 17906 17957 E libc    : Access denied finding property "vendor.dpframework.dumpbuffer.checksum"
07-15 00:50:08.901 17906 17957 E libc    : Access denied finding property "vendor.dpframework.dumpbuffer.enable"
07-15 00:50:08.941 17906 24091 E FrameEvents: updateAcquireFence: Did not find frame.
07-15 00:50:08.950 17906 17957 E libc    : Access denied finding property "vendor.dpframework.log.enable"
07-15 00:50:08.951 17906 17957 I chatty  : uid=10247(com.smartvision.svplayer) RenderThread identical 1 line
07-15 00:50:08.951 17906 17957 E libc    : Access denied finding property "vendor.dpframework.log.enable"
07-15 00:50:08.951 17906 24091 E FrameEvents: updateAcquireFence: Did not find frame.
07-15 00:50:08.951 17906 17957 E libc    : Access denied finding property "vendor.dpframework.log.enable"
07-15 00:50:08.954 17906 17957 I chatty  : uid=10247(com.smartvision.svplayer) RenderThread identical 13 lines
07-15 00:50:08.954 17906 17957 E libc    : Access denied finding property "vendor.dpframework.log.enable"
07-15 00:50:08.954 17906 17957 E libc    : Access denied finding property "vendor.dpframework.dumpbuffer.checksum"
07-15 00:50:08.954 17906 17957 E libc    : Access denied finding property "vendor.dpframework.dumpbuffer.enable"
07-15 00:50:08.956 17906 17957 E libc    : Access denied finding property "vendor.dpframework.log.enable"
07-15 00:50:08.958 17906 17957 I chatty  : uid=10247(com.smartvision.svplayer) RenderThread identical 16 lines
07-15 00:50:08.958 17906 17957 E libc    : Access denied finding property "vendor.dpframework.log.enable"
07-15 00:50:08.958 17906 17957 E libc    : Access denied finding property "vendor.dpframework.dumpbuffer.checksum"
07-15 00:50:08.958 17906 17957 E libc    : Access denied finding property "vendor.dpframework.dumpbuffer.enable"
07-15 00:50:08.992 17906 24091 E FrameEvents: updateAcquireFence: Did not find frame.
07-15 00:50:09.001 17906 24091 E FrameEvents: updateAcquireFence: Did not find frame.
07-15 00:50:09.005 17906 17957 E libc    : Access denied finding property "vendor.dpframework.log.enable"
07-15 00:50:09.006 17906 17957 I chatty  : uid=10247(com.smartvision.svplayer) RenderThread identical 16 lines
07-15 00:50:09.006 17906 17957 E libc    : Access denied finding property "vendor.dpframework.log.enable"
07-15 00:50:09.006 17906 17957 E libc    : Access denied finding property "vendor.dpframework.dumpbuffer.checksum"
07-15 00:50:09.006 17906 17957 E libc    : Access denied finding property "vendor.dpframework.dumpbuffer.enable"
07-15 00:50:09.033 17906 24091 E FrameEvents: updateAcquireFence: Did not find frame.
07-15 00:50:09.052 17906 24090 I MediaCodecLogger: 17906.HW.video.avc Dropped 40 frames
07-15 00:50:09.053 17906 24091 E FrameEvents: updateAcquireFence: Did not find frame.
07-15 00:50:09.058 17906 17957 E libc    : Access denied finding property "vendor.dpframework.log.enable"
07-15 00:50:09.060 17906 17957 I chatty  : uid=10247(com.smartvision.svplayer) RenderThread identical 16 lines
07-15 00:50:09.060 17906 17957 E libc    : Access denied finding property "vendor.dpframework.log.enable"
07-15 00:50:09.060 17906 17957 E libc    : Access denied finding property "vendor.dpframework.dumpbuffer.checksum"
07-15 00:50:09.060 17906 17957 E libc    : Access denied finding property "vendor.dpframework.dumpbuffer.enable"
07-15 00:50:09.084 17906 24091 E FrameEvents: updateAcquireFence: Did not find frame.
07-15 00:50:09.104 17906 24091 E FrameEvents: updateAcquireFence: Did not find frame.
07-15 00:50:09.113 17906 17957 E libc    : Access denied finding property "vendor.dpframework.log.enable"
07-15 00:50:09.115 17906 17957 I chatty  : uid=10247(com.smartvision.svplayer) RenderThread identical 16 lines
07-15 00:50:09.115 17906 17957 E libc    : Access denied finding property "vendor.dpframework.log.enable"
07-15 00:50:09.116 17906 17957 E libc    : Access denied finding property "vendor.dpframework.dumpbuffer.checksum"
07-15 00:50:09.116 17906 17957 E libc    : Access denied finding property "vendor.dpframework.dumpbuffer.enable"
07-15 00:50:09.134 17906 24091 E FrameEvents: updateAcquireFence: Did not find frame.
07-15 00:50:09.153 17906 24091 E FrameEvents: updateAcquireFence: Did not find frame.
07-15 00:50:09.163 17906 17906 W RenderThread: type=1400 audit(0.0:57798): avc: denied { open } for path="/dev/__properties__/u:object_r:vendor_default_prop:s0" dev="tmpfs" ino=10686 scontext=u:r:untrusted_app:s0:c247,c256,c512,c768 tcontext=u:object_r:vendor_default_prop:s0 tclass=file permissive=0
07-15 00:50:09.166 17906 17957 E libc    : Access denied finding property "vendor.dpframework.log.enable"
07-15 00:50:09.168 17906 17957 I chatty  : uid=10247(com.smartvision.svplayer) RenderThread identical 16 lines
07-15 00:50:09.168 17906 17957 E libc    : Access denied finding property "vendor.dpframework.log.enable"
07-15 00:50:09.168 17906 17957 E libc    : Access denied finding property "vendor.dpframework.dumpbuffer.checksum"
07-15 00:50:09.163 17906 17906 W RenderThread: type=1400 audit(0.0:57799): avc: denied { open } for path="/dev/__properties__/u:object_r:vendor_default_prop:s0" dev="tmpfs" ino=10686 scontext=u:r:untrusted_app:s0:c247,c256,c512,c768 tcontext=u:object_r:vendor_default_prop:s0 tclass=file permissive=0
07-15 00:50:09.168 17906 17957 E libc    : Access denied finding property "vendor.dpframework.dumpbuffer.enable"
07-15 00:50:09.163 17906 17906 W RenderThread: type=1400 audit(0.0:57800): avc: denied { open } for path="/dev/__properties__/u:object_r:vendor_default_prop:s0" dev="tmpfs" ino=10686 scontext=u:r:untrusted_app:s0:c247,c256,c512,c768 tcontext=u:object_r:vendor_default_prop:s0 tclass=file permissive=0
07-15 00:50:09.163 17906 17906 I chatty  : uid=10247(com.smartvision.svplayer) identical 1 line
07-15 00:50:09.163 17906 17906 W RenderThread: type=1400 audit(0.0:57802): avc: denied { open } for path="/dev/__properties__/u:object_r:vendor_default_prop:s0" dev="tmpfs" ino=10686 scontext=u:r:untrusted_app:s0:c247,c256,c512,c768 tcontext=u:object_r:vendor_default_prop:s0 tclass=file permissive=0
07-15 00:50:09.184 17906 24091 E FrameEvents: updateAcquireFence: Did not find frame.
07-15 00:50:09.204 17906 24091 E FrameEvents: updateAcquireFence: Did not find frame.
07-15 00:50:09.220 17906 17957 E libc    : Access denied finding property "vendor.dpframework.log.enable"
07-15 00:50:09.222 17906 17957 I chatty  : uid=10247(com.smartvision.svplayer) RenderThread identical 16 lines
07-15 00:50:09.222 17906 17957 E libc    : Access denied finding property "vendor.dpframework.log.enable"
07-15 00:50:09.222 17906 17957 E libc    : Access denied finding property "vendor.dpframework.dumpbuffer.checksum"
07-15 00:50:09.222 17906 17957 E libc    : Access denied finding property "vendor.dpframework.dumpbuffer.enable"
07-15 00:50:09.236 17906 24091 E FrameEvents: updateAcquireFence: Did not find frame.
07-15 00:50:09.255 17906 24091 E FrameEvents: updateAcquireFence: Did not find frame.
07-15 00:50:09.274 17906 17957 E libc    : Access denied finding property "vendor.dpframework.log.enable"
07-15 00:50:09.277 17906 17957 I chatty  : uid=10247(com.smartvision.svplayer) RenderThread identical 16 lines
07-15 00:50:09.277 17906 17957 E libc    : Access denied finding property "vendor.dpframework.log.enable"
07-15 00:50:09.277 17906 17957 E libc    : Access denied finding property "vendor.dpframework.dumpbuffer.checksum"
07-15 00:50:09.277 17906 17957 E libc    : Access denied finding property "vendor.dpframework.dumpbuffer.enable"
07-15 00:50:09.286 17906 24091 E FrameEvents: updateAcquireFence: Did not find frame.
07-15 00:50:09.305 17906 24091 E FrameEvents: updateAcquireFence: Did not find frame.
07-15 00:50:09.328 17906 17957 E libc    : Access denied finding property "vendor.dpframework.log.enable"
07-15 00:50:09.329 17906 17957 I chatty  : uid=10247(com.smartvision.svplayer) RenderThread identical 16 lines
07-15 00:50:09.329 17906 17957 E libc    : Access denied finding property "vendor.dpframework.log.enable"
07-15 00:50:09.329 17906 17957 E libc    : Access denied finding property "vendor.dpframework.dumpbuffer.checksum"
07-15 00:50:09.329 17906 17957 E libc    : Access denied finding property "vendor.dpframework.dumpbuffer.enable"
07-15 00:50:09.336 17906 24091 E FrameEvents: updateAcquireFence: Did not find frame.
07-15 00:50:09.358 17906 24091 E FrameEvents: updateAcquireFence: Did not find frame.
07-15 00:50:09.382 17906 17957 E libc    : Access denied finding property "vendor.dpframework.log.enable"
07-15 00:50:09.383 17906 17957 I chatty  : uid=10247(com.smartvision.svplayer) RenderThread identical 16 lines
07-15 00:50:09.383 17906 17957 E libc    : Access denied finding property "vendor.dpframework.log.enable"
07-15 00:50:09.383 17906 17957 E libc    : Access denied finding property "vendor.dpframework.dumpbuffer.checksum"
07-15 00:50:09.383 17906 17957 E libc    : Access denied finding property "vendor.dpframework.dumpbuffer.enable"
07-15 00:50:09.390 17906 24091 E FrameEvents: updateAcquireFence: Did not find frame.
07-15 00:50:09.400 17906 24091 E FrameEvents: updateAcquireFence: Did not find frame.
07-15 00:50:09.435 17906 17957 E libc    : Access denied finding property "vendor.dpframework.log.enable"
07-15 00:50:09.437 17906 17957 I chatty  : uid=10247(com.smartvision.svplayer) RenderThread identical 16 lines
07-15 00:50:09.437 17906 17957 E libc    : Access denied finding property "vendor.dpframework.log.enable"
07-15 00:50:09.437 17906 17957 E libc    : Access denied finding property "vendor.dpframework.dumpbuffer.checksum"
07-15 00:50:09.438 17906 17957 E libc    : Access denied finding property "vendor.dpframework.dumpbuffer.enable"
07-15 00:50:09.440 17906 24091 E FrameEvents: updateAcquireFence: Did not find frame.
07-15 00:50:09.449 17906 24091 E FrameEvents: updateAcquireFence: Did not find frame.
07-15 00:50:09.489 17906 17957 E libc    : Access denied finding property "vendor.dpframework.log.enable"
07-15 00:50:09.490 17906 17957 I chatty  : uid=10247(com.smartvision.svplayer) RenderThread identical 11 lines
07-15 00:50:09.490 17906 17957 E libc    : Access denied finding property "vendor.dpframework.log.enable"
07-15 00:50:09.490 17906 24091 E FrameEvents: updateAcquireFence: Did not find frame.
07-15 00:50:09.490 17906 17957 E libc    : Access denied finding property "vendor.dpframework.log.enable"
07-15 00:50:09.490 17906 17957 I chatty  : uid=10247(com.smartvision.svplayer) RenderThread identical 3 lines
07-15 00:50:09.490 17906 17957 E libc    : Access denied finding property "vendor.dpframework.log.enable"
07-15 00:50:09.490 17906 17957 E libc    : Access denied finding property "vendor.dpframework.dumpbuffer.checksum"
07-15 00:50:09.490 17906 17957 E libc    : Access denied finding property "vendor.dpframework.dumpbuffer.enable"
07-15 00:50:09.492 17906 17957 E libc    : Access denied finding property "vendor.dpframework.log.enable"
07-15 00:50:09.494 17906 17957 I chatty  : uid=10247(com.smartvision.svplayer) RenderThread identical 16 lines
07-15 00:50:09.494 17906 17957 E libc    : Access denied finding property "vendor.dpframework.log.enable"
07-15 00:50:09.494 17906 17957 E libc    : Access denied finding property "vendor.dpframework.dumpbuffer.checksum"
07-15 00:50:09.495 17906 17957 E libc    : Access denied finding property "vendor.dpframework.dumpbuffer.enable"
07-15 00:50:09.500 17906 24091 E FrameEvents: updateAcquireFence: Did not find frame.
07-15 00:50:09.541 17906 24091 E FrameEvents: updateAcquireFence: Did not find frame.
07-15 00:50:09.544 17906 17957 E libc    : Access denied finding property "vendor.dpframework.log.enable"
07-15 00:50:09.545 17906 17957 I chatty  : uid=10247(com.smartvision.svplayer) RenderThread identical 16 lines
07-15 00:50:09.546 17906 17957 E libc    : Access denied finding property "vendor.dpframework.log.enable"
07-15 00:50:09.546 17906 17957 E libc    : Access denied finding property "vendor.dpframework.dumpbuffer.checksum"
07-15 00:50:09.546 17906 17957 E libc    : Access denied finding property "vendor.dpframework.dumpbuffer.enable"
07-15 00:50:09.551 17906 24091 E FrameEvents: updateAcquireFence: Did not find frame.
07-15 00:50:09.590 17906 24091 E FrameEvents: updateAcquireFence: Did not find frame.
07-15 00:50:09.598 17906 17957 E libc    : Access denied finding property "vendor.dpframework.log.enable"
07-15 00:50:09.599 17906 17957 I chatty  : uid=10247(com.smartvision.svplayer) RenderThread identical 16 lines
07-15 00:50:09.600 17906 17957 E libc    : Access denied finding property "vendor.dpframework.log.enable"
07-15 00:50:09.600 17906 17957 E libc    : Access denied finding property "vendor.dpframework.dumpbuffer.checksum"
07-15 00:50:09.600 17906 17957 E libc    : Access denied finding property "vendor.dpframework.dumpbuffer.enable"
07-15 00:50:09.602 17906 24091 E FrameEvents: updateAcquireFence: Did not find frame.
07-15 00:50:09.602 17906 17957 E libc    : Access denied finding property "vendor.dpframework.log.enable"
07-15 00:50:09.603 17906 17957 I chatty  : uid=10247(com.smartvision.svplayer) RenderThread identical 16 lines
07-15 00:50:09.604 17906 17957 E libc    : Access denied finding property "vendor.dpframework.log.enable"
07-15 00:50:09.604 17906 17957 E libc    : Access denied finding property "vendor.dpframework.dumpbuffer.checksum"
07-15 00:50:09.604 17906 17957 E libc    : Access denied finding property "vendor.dpframework.dumpbuffer.enable"
07-15 00:50:09.641 17906 24091 E FrameEvents: updateAcquireFence: Did not find frame.
07-15 00:50:09.651 17906 24091 E FrameEvents: updateAcquireFence: Did not find frame.
07-15 00:50:09.652 17906 17957 E libc    : Access denied finding property "vendor.dpframework.log.enable"
07-15 00:50:09.654 17906 17957 I chatty  : uid=10247(com.smartvision.svplayer) RenderThread identical 16 lines
07-15 00:50:09.654 17906 17957 E libc    : Access denied finding property "vendor.dpframework.log.enable"
07-15 00:50:09.654 17906 17957 E libc    : Access denied finding property "vendor.dpframework.dumpbuffer.checksum"
07-15 00:50:09.654 17906 17957 E libc    : Access denied finding property "vendor.dpframework.dumpbuffer.enable"
07-15 00:50:09.691 17906 24091 E FrameEvents: updateAcquireFence: Did not find frame.
07-15 00:50:09.701 17906 24091 E FrameEvents: updateAcquireFence: Did not find frame.
07-15 00:50:09.707 17906 17957 E libc    : Access denied finding property "vendor.dpframework.log.enable"
07-15 00:50:09.708 17906 17957 I chatty  : uid=10247(com.smartvision.svplayer) RenderThread identical 16 lines
07-15 00:50:09.709 17906 17957 E libc    : Access denied finding property "vendor.dpframework.log.enable"
07-15 00:50:09.709 17906 17957 E libc    : Access denied finding property "vendor.dpframework.dumpbuffer.checksum"
07-15 00:50:09.709 17906 17957 E libc    : Access denied finding property "vendor.dpframework.dumpbuffer.enable"
07-15 00:50:09.742 17906 24091 E FrameEvents: updateAcquireFence: Did not find frame.
07-15 00:50:09.752 17906 24091 E FrameEvents: updateAcquireFence: Did not find frame.
07-15 00:50:09.762 17906 17957 E libc    : Access denied finding property "vendor.dpframework.log.enable"
07-15 00:50:09.763 17906 17957 I chatty  : uid=10247(com.smartvision.svplayer) RenderThread identical 16 lines
07-15 00:50:09.763 17906 17957 E libc    : Access denied finding property "vendor.dpframework.log.enable"
07-15 00:50:09.763 17906 17957 E libc    : Access denied finding property "vendor.dpframework.dumpbuffer.checksum"
07-15 00:50:09.764 17906 17957 E libc    : Access denied finding property "vendor.dpframework.dumpbuffer.enable"
07-15 00:50:09.792 17906 24091 E FrameEvents: updateAcquireFence: Did not find frame.
07-15 00:50:09.801 17906 24091 E FrameEvents: updateAcquireFence: Did not find frame.
07-15 00:50:09.815 17906 17957 E libc    : Access denied finding property "vendor.dpframework.log.enable"
07-15 00:50:09.816 17906 17957 I chatty  : uid=10247(com.smartvision.svplayer) RenderThread identical 9 lines
07-15 00:50:09.816 17906 17957 E libc    : Access denied finding property "vendor.dpframework.log.enable"
07-15 00:50:09.816 17906 17957 E libc    : Access denied finding property "vendor.dpframework.log.enable"
07-15 00:50:09.817 17906 17957 I chatty  : uid=10247(com.smartvision.svplayer) RenderThread identical 5 lines
07-15 00:50:09.817 17906 17957 E libc    : Access denied finding property "vendor.dpframework.log.enable"
07-15 00:50:09.817 17906 17957 E libc    : Access denied finding property "vendor.dpframework.dumpbuffer.checksum"
07-15 00:50:09.817 17906 17957 E libc    : Access denied finding property "vendor.dpframework.dumpbuffer.enable"
07-15 00:50:09.833 17906 24091 E FrameEvents: updateAcquireFence: Did not find frame.
07-15 00:50:09.853 17906 24091 E FrameEvents: updateAcquireFence: Did not find frame.
07-15 00:50:09.869 17906 17957 E libc    : Access denied finding property "vendor.dpframework.log.enable"
07-15 00:50:09.870 17906 17957 I chatty  : uid=10247(com.smartvision.svplayer) RenderThread identical 16 lines
07-15 00:50:09.870 17906 17957 E libc    : Access denied finding property "vendor.dpframework.log.enable"
07-15 00:50:09.871 17906 17957 E libc    : Access denied finding property "vendor.dpframework.dumpbuffer.checksum"
07-15 00:50:09.871 17906 17957 E libc    : Access denied finding property "vendor.dpframework.dumpbuffer.enable"
07-15 00:50:09.877 17906 17906 I SVHomeFocus: scroll start target=categories from=427 to=0 max=752
07-15 00:50:09.883 17906 24091 E FrameEvents: updateAcquireFence: Did not find frame.
07-15 00:50:09.902 17906 24091 E FrameEvents: updateAcquireFence: Did not find frame.
07-15 00:50:09.923 17906 17957 E libc    : Access denied finding property "vendor.dpframework.log.enable"
07-15 00:50:09.925 17906 17957 I chatty  : uid=10247(com.smartvision.svplayer) RenderThread identical 16 lines
07-15 00:50:09.925 17906 17957 E libc    : Access denied finding property "vendor.dpframework.log.enable"
07-15 00:50:09.925 17906 17957 E libc    : Access denied finding property "vendor.dpframework.dumpbuffer.checksum"
07-15 00:50:09.925 17906 17957 E libc    : Access denied finding property "vendor.dpframework.dumpbuffer.enable"
07-15 00:50:09.933 17906 24091 E FrameEvents: updateAcquireFence: Did not find frame.
07-15 00:50:09.952 17906 24091 E FrameEvents: updateAcquireFence: Did not find frame.
07-15 00:50:09.977 17906 17957 E libc    : Access denied finding property "vendor.dpframework.log.enable"
07-15 00:50:09.979 17906 17957 I chatty  : uid=10247(com.smartvision.svplayer) RenderThread identical 16 lines
07-15 00:50:09.979 17906 17957 E libc    : Access denied finding property "vendor.dpframework.log.enable"
07-15 00:50:09.979 17906 17957 E libc    : Access denied finding property "vendor.dpframework.dumpbuffer.checksum"
07-15 00:50:09.980 17906 17957 E libc    : Access denied finding property "vendor.dpframework.dumpbuffer.enable"
07-15 00:50:09.983 17906 24091 E FrameEvents: updateAcquireFence: Did not find frame.
07-15 00:50:10.003 17906 24091 E FrameEvents: updateAcquireFence: Did not find frame.
07-15 00:50:10.031 17906 17957 E libc    : Access denied finding property "vendor.dpframework.log.enable"
07-15 00:50:10.032 17906 17957 I chatty  : uid=10247(com.smartvision.svplayer) RenderThread identical 16 lines
07-15 00:50:10.032 17906 17957 E libc    : Access denied finding property "vendor.dpframework.log.enable"
07-15 00:50:10.032 17906 17957 E libc    : Access denied finding property "vendor.dpframework.dumpbuffer.checksum"
07-15 00:50:10.032 17906 17957 E libc    : Access denied finding property "vendor.dpframework.dumpbuffer.enable"
07-15 00:50:10.034 17906 24091 E FrameEvents: updateAcquireFence: Did not find frame.
07-15 00:50:10.035 17906 17957 E libc    : Access denied finding property "vendor.dpframework.log.enable"
07-15 00:50:10.036 17906 17957 I chatty  : uid=10247(com.smartvision.svplayer) RenderThread identical 16 lines
07-15 00:50:10.037 17906 17957 E libc    : Access denied finding property "vendor.dpframework.log.enable"
07-15 00:50:10.037 17906 17957 E libc    : Access denied finding property "vendor.dpframework.dumpbuffer.checksum"
07-15 00:50:10.037 17906 17957 E libc    : Access denied finding property "vendor.dpframework.dumpbuffer.enable"
07-15 00:50:10.053 17906 24090 I MediaCodecLogger: 17906.HW.video.avc Dropped 50 frames
07-15 00:50:10.054 17906 24091 E FrameEvents: updateAcquireFence: Did not find frame.
07-15 00:50:10.077 17906 17957 E libc    : Access denied finding property "vendor.dpframework.log.enable"
07-15 00:50:10.078 17906 17957 I chatty  : uid=10247(com.smartvision.svplayer) RenderThread identical 16 lines
07-15 00:50:10.078 17906 17957 E libc    : Access denied finding property "vendor.dpframework.log.enable"
07-15 00:50:10.078 17906 17957 E libc    : Access denied finding property "vendor.dpframework.dumpbuffer.checksum"
07-15 00:50:10.079 17906 17957 E libc    : Access denied finding property "vendor.dpframework.dumpbuffer.enable"
07-15 00:50:10.084 17906 24091 E FrameEvents: updateAcquireFence: Did not find frame.
07-15 00:50:10.104 17906 24091 E FrameEvents: updateAcquireFence: Did not find frame.
07-15 00:50:10.122 17906 17957 E libc    : Access denied finding property "vendor.dpframework.log.enable"
07-15 00:50:10.124 17906 17957 I chatty  : uid=10247(com.smartvision.svplayer) RenderThread identical 16 lines
07-15 00:50:10.124 17906 17957 E libc    : Access denied finding property "vendor.dpframework.log.enable"
07-15 00:50:10.124 17906 17957 E libc    : Access denied finding property "vendor.dpframework.dumpbuffer.checksum"
07-15 00:50:10.124 17906 17957 E libc    : Access denied finding property "vendor.dpframework.dumpbuffer.enable"
07-15 00:50:10.134 17906 24091 E FrameEvents: updateAcquireFence: Did not find frame.
07-15 00:50:10.154 17906 24091 E FrameEvents: updateAcquireFence: Did not find frame.
07-15 00:50:10.168 17906 17957 E libc    : Access denied finding property "vendor.dpframework.log.enable"
07-15 00:50:10.170 17906 17957 I chatty  : uid=10247(com.smartvision.svplayer) RenderThread identical 16 lines
07-15 00:50:10.170 17906 17957 E libc    : Access denied finding property "vendor.dpframework.log.enable"
07-15 00:50:10.170 17906 17957 E libc    : Access denied finding property "vendor.dpframework.dumpbuffer.checksum"
07-15 00:50:10.170 17906 17957 E libc    : Access denied finding property "vendor.dpframework.dumpbuffer.enable"
07-15 00:50:10.184 17906 24091 E FrameEvents: updateAcquireFence: Did not find frame.
07-15 00:50:10.203 17906 24091 E FrameEvents: updateAcquireFence: Did not find frame.
07-15 00:50:10.214 17906 17957 E libc    : Access denied finding property "vendor.dpframework.log.enable"
07-15 00:50:10.203 17906 17906 W RenderThread: type=1400 audit(0.0:58258): avc: denied { open } for path="/dev/__properties__/u:object_r:vendor_default_prop:s0" dev="tmpfs" ino=10686 scontext=u:r:untrusted_app:s0:c247,c256,c512,c768 tcontext=u:object_r:vendor_default_prop:s0 tclass=file permissive=0
07-15 00:50:10.203 17906 17906 I chatty  : uid=10247(com.smartvision.svplayer) identical 2 lines
07-15 00:50:10.203 17906 17906 W RenderThread: type=1400 audit(0.0:58261): avc: denied { open } for path="/dev/__properties__/u:object_r:vendor_default_prop:s0" dev="tmpfs" ino=10686 scontext=u:r:untrusted_app:s0:c247,c256,c512,c768 tcontext=u:object_r:vendor_default_prop:s0 tclass=file permissive=0
07-15 00:50:10.214 17906 17957 E libc    : Access denied finding property "vendor.dpframework.log.enable"
07-15 00:50:10.215 17906 17957 I chatty  : uid=10247(com.smartvision.svplayer) RenderThread identical 7 lines
07-15 00:50:10.215 17906 17957 E libc    : Access denied finding property "vendor.dpframework.log.enable"
07-15 00:50:10.203 17906 17906 W RenderThread: type=1400 audit(0.0:58262): avc: denied { open } for path="/dev/__properties__/u:object_r:vendor_default_prop:s0" dev="tmpfs" ino=10686 scontext=u:r:untrusted_app:s0:c247,c256,c512,c768 tcontext=u:object_r:vendor_default_prop:s0 tclass=file permissive=0
07-15 00:50:10.215 17906 17957 E libc    : Access denied finding property "vendor.dpframework.log.enable"
07-15 00:50:10.215 17906 17957 I chatty  : uid=10247(com.smartvision.svplayer) RenderThread identical 6 lines
07-15 00:50:10.216 17906 17957 E libc    : Access denied finding property "vendor.dpframework.log.enable"
07-15 00:50:10.216 17906 17957 E libc    : Access denied finding property "vendor.dpframework.dumpbuffer.checksum"
07-15 00:50:10.216 17906 17957 E libc    : Access denied finding property "vendor.dpframework.dumpbuffer.enable"
07-15 00:50:10.236 17906 24091 E FrameEvents: updateAcquireFence: Did not find frame.
07-15 00:50:10.256 17906 24091 E FrameEvents: updateAcquireFence: Did not find frame.
07-15 00:50:10.262 17906 17906 I SVHomeFocus: scroll end target=categories value=0
07-15 00:50:10.286 17906 24091 E FrameEvents: updateAcquireFence: Did not find frame.
07-15 00:50:10.306 17906 24091 E FrameEvents: updateAcquireFence: Did not find frame.
07-15 00:50:10.308 17906 17957 E libc    : Access denied finding property "vendor.dpframework.log.enable"
07-15 00:50:10.310 17906 17957 I chatty  : uid=10247(com.smartvision.svplayer) RenderThread identical 16 lines
07-15 00:50:10.310 17906 17957 E libc    : Access denied finding property "vendor.dpframework.log.enable"
07-15 00:50:10.310 17906 17957 E libc    : Access denied finding property "vendor.dpframework.dumpbuffer.checksum"
07-15 00:50:10.310 17906 17957 E libc    : Access denied finding property "vendor.dpframework.dumpbuffer.enable"
07-15 00:50:10.315 17906 17906 I SVHomeFocus: focus requested target=categories
07-15 00:50:10.337 17906 24091 E FrameEvents: updateAcquireFence: Did not find frame.
07-15 00:50:10.357 17906 24091 E FrameEvents: updateAcquireFence: Did not find frame.
07-15 00:50:10.367 17906 17957 E libc    : Access denied finding property "vendor.dpframework.log.enable"
07-15 00:50:10.368 17906 17957 I chatty  : uid=10247(com.smartvision.svplayer) RenderThread identical 16 lines
07-15 00:50:10.368 17906 17957 E libc    : Access denied finding property "vendor.dpframework.log.enable"
07-15 00:50:10.368 17906 17957 E libc    : Access denied finding property "vendor.dpframework.dumpbuffer.checksum"
07-15 00:50:10.368 17906 17957 E libc    : Access denied finding property "vendor.dpframework.dumpbuffer.enable"
07-15 00:50:10.375 17906 24086 I MediaCodecLogger: Flushing: 17906.HW.video.avc.framerate = 50.000 fps
07-15 00:50:10.381 17906 17906 I ExoPlayerImpl: Release 9a025ec [AndroidXMedia3/1.6.1] [sheldonp, AFTSSS, Amazon, 28] [media3.common, media3.exoplayer, media3.decoder, media3.ui, media3.datasource, media3.extractor]
