07-17 16:23:04.069   398 32389 E MtkOmxVenc: [0xac017000] mCnvtMVAMgr type: ion
07-17 16:23:04.069   398 32389 E MtkOmxMVAMgr: [0xaca76e20] getOmxIonHndlFromVA =21
07-17 16:23:04.069   398 32392 E MTK_GRALLOC: Same process importing 398
07-17 16:23:04.069   398 32389 E MDP     : allocate buffer fd 22 size:3110400
07-17 16:23:04.070   398 32389 E MDP     : Size Y:8294400, Cb:0, Cr:0, Ylen:0, Clen:0 Yoffset:0 uoffset:0 base:0xa4eff000
07-17 16:23:04.070   398 32389 E MDP     : Size Y:2073600, Cb:1036800, Cr:0, Ylen:0, Clen:0 Yoffset:0 uoffset:2073600 base:0xa4c07000
07-17 16:23:04.101   349   349 E HWComposer: getLayerReleaseFence failed for display -1: Invalid display
07-17 16:23:04.150   349   349 I chatty  : uid=1000(system) /system/bin/surfaceflinger identical 1 line
07-17 16:23:04.200   349   349 E HWComposer: getLayerReleaseFence failed for display -1: Invalid display
07-17 16:23:04.253   398 32389 E MDP     : DpIonHandler: flush read buffer by range
07-17 16:23:04.268   349   349 E HWComposer: getLayerReleaseFence failed for display -1: Invalid display
07-17 16:23:04.289   398 32389 E MtkOmxVenc: [0xac017000] mCnvtMVAMgr type: ion
07-17 16:23:04.289   398 32389 E MtkOmxMVAMgr: [0xaca76e20] getOmxIonHndlFromVA =21
07-17 16:23:04.289   398 32392 E MTK_GRALLOC: Same process importing 398
07-17 16:23:04.289   398 32389 E MDP     : allocate buffer fd 22 size:3110400
07-17 16:23:04.290   398 32389 E MDP     : Size Y:8294400, Cb:0, Cr:0, Ylen:0, Clen:0 Yoffset:0 uoffset:0 base:0xa4eff000
07-17 16:23:04.290   398 32389 E MDP     : Size Y:2073600, Cb:1036800, Cr:0, Ylen:0, Clen:0 Yoffset:0 uoffset:2073600 base:0xa4c07000
07-17 16:23:04.317   349   349 E HWComposer: getLayerReleaseFence failed for display -1: Invalid display
07-17 16:23:04.369   349   349 E HWComposer: getLayerReleaseFence failed for display -1: Invalid display
07-17 16:23:04.371  1313  1313 I main.wifi_score: dump_wifi_score_ctxt(): is2g=0, is11ac=1, is11ax=0, chan_bw=80, nss=2, bcn_rssi=-67, data_rssi=-68, tx_ok=513759, tx_failed=48446, cca_idle_pct=95
07-17 16:23:04.371  1313  1313 I main.wifi_score: dump_wifi_score_ctxt(): last_tx_stats: sgi=0, pream=2, mcs=7, ss=2, bw=2
07-17 16:23:04.417   349   349 E HWComposer: getLayerReleaseFence failed for display -1: Invalid display
07-17 16:23:04.470   398 32389 E MDP     : DpIonHandler: flush read buffer by range
07-17 16:23:04.484   349   349 E HWComposer: getLayerReleaseFence failed for display -1: Invalid display
07-17 16:23:04.508   398 32389 E MtkOmxVenc: [0xac017000] mCnvtMVAMgr type: ion
07-17 16:23:04.508   398 32389 E MtkOmxMVAMgr: [0xaca76e20] getOmxIonHndlFromVA =21
07-17 16:23:04.508   398 32392 E MTK_GRALLOC: Same process importing 398
07-17 16:23:04.508   398 32389 E MDP     : allocate buffer fd 22 size:3110400
07-17 16:23:04.509   398 32389 E MDP     : Size Y:8294400, Cb:0, Cr:0, Ylen:0, Clen:0 Yoffset:0 uoffset:0 base:0xa4eff000
07-17 16:23:04.509   398 32389 E MDP     : Size Y:2073600, Cb:1036800, Cr:0, Ylen:0, Clen:0 Yoffset:0 uoffset:2073600 base:0xa4c07000
07-17 16:23:04.534   349   349 E HWComposer: getLayerReleaseFence failed for display -1: Invalid display
07-17 16:23:04.584   349   349 I chatty  : uid=1000(system) /system/bin/surfaceflinger identical 1 line
07-17 16:23:04.634   349   349 E HWComposer: getLayerReleaseFence failed for display -1: Invalid display
07-17 16:23:04.688   398 32389 E MDP     : DpIonHandler: flush read buffer by range
07-17 16:23:04.701   349   349 E HWComposer: getLayerReleaseFence failed for display -1: Invalid display
07-17 16:23:04.724   398 32389 E MtkOmxVenc: [0xac017000] mCnvtMVAMgr type: ion
07-17 16:23:04.724   398 32389 E MtkOmxMVAMgr: [0xaca76e20] getOmxIonHndlFromVA =21
07-17 16:23:04.724   398 32392 E MTK_GRALLOC: Same process importing 398
07-17 16:23:04.724   398 32389 E MDP     : allocate buffer fd 22 size:3110400
07-17 16:23:04.725   398 32389 E MDP     : Size Y:8294400, Cb:0, Cr:0, Ylen:0, Clen:0 Yoffset:0 uoffset:0 base:0xa4eff000
07-17 16:23:04.725   398 32389 E MDP     : Size Y:2073600, Cb:1036800, Cr:0, Ylen:0, Clen:0 Yoffset:0 uoffset:2073600 base:0xa4c07000
07-17 16:23:04.752   349   349 E HWComposer: getLayerReleaseFence failed for display -1: Invalid display
07-17 16:23:04.801   349   349 I chatty  : uid=1000(system) /system/bin/surfaceflinger identical 1 line
07-17 16:23:04.851   349   349 E HWComposer: getLayerReleaseFence failed for display -1: Invalid display
07-17 16:23:04.900   398 32389 E MDP     : DpIonHandler: flush read buffer by range
07-17 16:23:04.918   349   349 E HWComposer: getLayerReleaseFence failed for display -1: Invalid display
07-17 16:23:04.936   398 32389 E MtkOmxVenc: [0xac017000] mCnvtMVAMgr type: ion
07-17 16:23:04.936   398 32389 E MtkOmxMVAMgr: [0xaca76e20] getOmxIonHndlFromVA =21
07-17 16:23:04.936   398 32392 E MTK_GRALLOC: Same process importing 398
07-17 16:23:04.936   398 32389 E MDP     : allocate buffer fd 22 size:3110400
07-17 16:23:04.937   398 32389 E MDP     : Size Y:8294400, Cb:0, Cr:0, Ylen:0, Clen:0 Yoffset:0 uoffset:0 base:0xa4eff000
07-17 16:23:04.937   398 32389 E MDP     : Size Y:2073600, Cb:1036800, Cr:0, Ylen:0, Clen:0 Yoffset:0 uoffset:2073600 base:0xa4c07000
07-17 16:23:04.968   349   349 E HWComposer: getLayerReleaseFence failed for display -1: Invalid display
07-17 16:23:05.018   349   349 I chatty  : uid=1000(system) /system/bin/surfaceflinger identical 1 line
07-17 16:23:05.068   349   349 E HWComposer: getLayerReleaseFence failed for display -1: Invalid display
07-17 16:23:05.116   398 32389 E MDP     : DpIonHandler: flush read buffer by range
07-17 16:23:05.118   349   349 E HWComposer: getLayerReleaseFence failed for display -1: Invalid display
07-17 16:23:05.152   398 32389 E MtkOmxVenc: [0xac017000] mCnvtMVAMgr type: ion
07-17 16:23:05.152   398 32389 E MtkOmxMVAMgr: [0xaca76e20] getOmxIonHndlFromVA =21
07-17 16:23:05.152   398 32392 E MTK_GRALLOC: Same process importing 398
07-17 16:23:05.152   398 32389 E MDP     : allocate buffer fd 22 size:3110400
07-17 16:23:05.153   398 32389 E MDP     : Size Y:8294400, Cb:0, Cr:0, Ylen:0, Clen:0 Yoffset:0 uoffset:0 base:0xa4eff000
07-17 16:23:05.153   398 32389 E MDP     : Size Y:2073600, Cb:1036800, Cr:0, Ylen:0, Clen:0 Yoffset:0 uoffset:2073600 base:0xa4c07000
07-17 16:23:05.164  2704  2750 I ArcusSyncManager/RemoteDeviceManagerArcus: onCapabilitiesChanged arcusId: arn:aws:remote-config:us-west-2:875023860230:appConfig:aenxb37n
07-17 16:23:05.164  1762  1930 I NetworkMonitorStates: Network capabilities changed: 100, hasValidatedInternet=true, validatedNetworks: [100]
07-17 16:23:05.164  1762  1930 I NetworkMonitorStates: checkInternetState: validatedNetworks=[100], result=Available
07-17 16:23:05.164  1762  1930 I NetworkMonitorStates: updateInternetState: Available -> Available
07-17 16:23:05.168   531   666 I ArcusSyncManager/AmazonInputManager: onCapabilitiesChanged arcusId: arn:aws:remote-config:us-west-2:148732287600:appConfig:aezitige
07-17 16:23:05.168  2704  2750 I ArcusSyncManager/RemoteDeviceManagerArcus: onCapabilitiesChanged arcusId: arn:aws:remote-config:us-west-2:875023860230:appConfig:aenxb37n
07-17 16:23:05.169   531   666 I ArcusSyncManager/AmazonInputManager: onCapabilitiesChanged arcusId: arn:aws:remote-config:us-west-2:148732287600:appConfig:a06u7jxn
07-17 16:23:05.185   349   349 E HWComposer: getLayerReleaseFence failed for display -1: Invalid display
07-17 16:23:05.235   349   349 I chatty  : uid=1000(system) /system/bin/surfaceflinger identical 1 line
07-17 16:23:05.285   349   349 E HWComposer: getLayerReleaseFence failed for display -1: Invalid display
07-17 16:23:05.313 31528 31539 I vision.svplaye: Background concurrent copying GC freed 190435(5MB) AllocSpace objects, 0(0B) LOS objects, 43% free, 7MB/13MB, paused 5.440ms total 141.280ms
07-17 16:23:05.335   349   349 E HWComposer: getLayerReleaseFence failed for display -1: Invalid display
07-17 16:23:05.345   398 32389 E MDP     : DpIonHandler: flush read buffer by range
07-17 16:23:05.381   398 32389 E MtkOmxVenc: [0xac017000] mCnvtMVAMgr type: ion
07-17 16:23:05.381   398 32389 E MtkOmxMVAMgr: [0xaca76e20] getOmxIonHndlFromVA =21
07-17 16:23:05.381   398 32392 E MTK_GRALLOC: Same process importing 398
07-17 16:23:05.382   398 32389 E MDP     : allocate buffer fd 22 size:3110400
07-17 16:23:05.383   398 32389 E MDP     : Size Y:8294400, Cb:0, Cr:0, Ylen:0, Clen:0 Yoffset:0 uoffset:0 base:0xa4eff000
07-17 16:23:05.383   398 32389 E MDP     : Size Y:2073600, Cb:1036800, Cr:0, Ylen:0, Clen:0 Yoffset:0 uoffset:2073600 base:0xa4c07000
07-17 16:23:05.401   349   349 E HWComposer: getLayerReleaseFence failed for display -1: Invalid display
07-17 16:23:05.501   349   349 I chatty  : uid=1000(system) /system/bin/surfaceflinger identical 2 lines
07-17 16:23:05.552   349   349 E HWComposer: getLayerReleaseFence failed for display -1: Invalid display
07-17 16:23:05.569   398 32389 E MDP     : DpIonHandler: flush read buffer by range
07-17 16:23:05.605   398 32389 E MtkOmxVenc: [0xac017000] mCnvtMVAMgr type: ion
07-17 16:23:05.605   398 32389 E MtkOmxMVAMgr: [0xaca76e20] getOmxIonHndlFromVA =21
07-17 16:23:05.605   398 32392 E MTK_GRALLOC: Same process importing 398
07-17 16:23:05.605   398 32389 E MDP     : allocate buffer fd 22 size:3110400
07-17 16:23:05.606   398 32389 E MDP     : Size Y:8294400, Cb:0, Cr:0, Ylen:0, Clen:0 Yoffset:0 uoffset:0 base:0xa4eff000
07-17 16:23:05.606   398 32389 E MDP     : Size Y:2073600, Cb:1036800, Cr:0, Ylen:0, Clen:0 Yoffset:0 uoffset:2073600 base:0xa4c07000
07-17 16:23:05.619   349   349 E HWComposer: getLayerReleaseFence failed for display -1: Invalid display
07-17 16:23:05.719   349   349 I chatty  : uid=1000(system) /system/bin/surfaceflinger identical 2 lines
07-17 16:23:05.768   349   349 E HWComposer: getLayerReleaseFence failed for display -1: Invalid display
07-17 16:23:05.797   398 32389 E MDP     : DpIonHandler: flush read buffer by range
07-17 16:23:05.834   398 32389 E MtkOmxVenc: [0xac017000] mCnvtMVAMgr type: ion
07-17 16:23:05.834   398 32389 E MtkOmxMVAMgr: [0xaca76e20] getOmxIonHndlFromVA =21
07-17 16:23:05.834   398 32392 E MTK_GRALLOC: Same process importing 398
07-17 16:23:05.836   349   349 E HWComposer: getLayerReleaseFence failed for display -1: Invalid display
07-17 16:23:05.836   398 32389 E MDP     : allocate buffer fd 107 size:3110400
07-17 16:23:05.838   398 32389 E MDP     : Size Y:8294400, Cb:0, Cr:0, Ylen:0, Clen:0 Yoffset:0 uoffset:0 base:0xa4eff000
07-17 16:23:05.838   398 32389 E MDP     : Size Y:2073600, Cb:1036800, Cr:0, Ylen:0, Clen:0 Yoffset:0 uoffset:2073600 base:0xa4c07000
07-17 16:23:05.885   349   349 E HWComposer: getLayerReleaseFence failed for display -1: Invalid display
07-17 16:23:05.936   349   349 I chatty  : uid=1000(system) /system/bin/surfaceflinger identical 1 line
07-17 16:23:05.985   349   349 E HWComposer: getLayerReleaseFence failed for display -1: Invalid display
07-17 16:23:06.026   398 32389 E MDP     : DpIonHandler: flush read buffer by range
07-17 16:23:06.052   349   349 E HWComposer: getLayerReleaseFence failed for display -1: Invalid display
07-17 16:23:06.062   398 32389 E MtkOmxVenc: [0xac017000] mCnvtMVAMgr type: ion
07-17 16:23:06.062   398 32389 E MtkOmxMVAMgr: [0xaca76e20] getOmxIonHndlFromVA =21
07-17 16:23:06.062   398 32392 E MTK_GRALLOC: Same process importing 398
07-17 16:23:06.063   398 32389 E MDP     : allocate buffer fd 22 size:3110400
07-17 16:23:06.063   398 32389 E MDP     : Size Y:8294400, Cb:0, Cr:0, Ylen:0, Clen:0 Yoffset:0 uoffset:0 base:0xa4eff000
07-17 16:23:06.064   398 32389 E MDP     : Size Y:2073600, Cb:1036800, Cr:0, Ylen:0, Clen:0 Yoffset:0 uoffset:2073600 base:0xa4c07000
07-17 16:23:06.102   349   349 E HWComposer: getLayerReleaseFence failed for display -1: Invalid display
07-17 16:23:06.152   349   349 I chatty  : uid=1000(system) /system/bin/surfaceflinger identical 1 line
07-17 16:23:06.202   349   349 E HWComposer: getLayerReleaseFence failed for display -1: Invalid display
07-17 16:23:06.239   398 32389 E MDP     : DpIonHandler: flush read buffer by range
07-17 16:23:06.269   349   349 E HWComposer: getLayerReleaseFence failed for display -1: Invalid display
07-17 16:23:06.275   398 32389 E MtkOmxVenc: [0xac017000] mCnvtMVAMgr type: ion
07-17 16:23:06.275   398 32389 E MtkOmxMVAMgr: [0xaca76e20] getOmxIonHndlFromVA =21
07-17 16:23:06.276   398 32389 E MDP     : allocate buffer fd 22 size:3110400
07-17 16:23:06.277   398 32389 E MDP     : Size Y:8294400, Cb:0, Cr:0, Ylen:0, Clen:0 Yoffset:0 uoffset:0 base:0xa4eff000
07-17 16:23:06.277   398 32389 E MDP     : Size Y:2073600, Cb:1036800, Cr:0, Ylen:0, Clen:0 Yoffset:0 uoffset:2073600 base:0xa4c07000
07-17 16:23:06.281   398 32392 E MTK_GRALLOC: Same process importing 398
07-17 16:23:06.320   349   349 E HWComposer: getLayerReleaseFence failed for display -1: Invalid display
07-17 16:23:06.369   349   349 I chatty  : uid=1000(system) /system/bin/surfaceflinger identical 1 line
07-17 16:23:06.419   349   349 E HWComposer: getLayerReleaseFence failed for display -1: Invalid display
07-17 16:23:06.464   398 32389 E MDP     : DpIonHandler: flush read buffer by range
07-17 16:23:06.469   349   349 E HWComposer: getLayerReleaseFence failed for display -1: Invalid display
07-17 16:23:06.502   398 32389 E MtkOmxVenc: [0xac017000] mCnvtMVAMgr type: ion
07-17 16:23:06.502   398 32389 E MtkOmxMVAMgr: [0xaca76e20] getOmxIonHndlFromVA =21
07-17 16:23:06.502   398 32392 E MTK_GRALLOC: Same process importing 398
07-17 16:23:06.502   398 32389 E MDP     : allocate buffer fd 22 size:3110400
07-17 16:23:06.503   398 32389 E MDP     : Size Y:8294400, Cb:0, Cr:0, Ylen:0, Clen:0 Yoffset:0 uoffset:0 base:0xa4eff000
07-17 16:23:06.503   398 32389 E MDP     : Size Y:2073600, Cb:1036800, Cr:0, Ylen:0, Clen:0 Yoffset:0 uoffset:2073600 base:0xa4c07000
07-17 16:23:06.536   349   349 E HWComposer: getLayerReleaseFence failed for display -1: Invalid display
07-17 16:23:06.636   349   349 I chatty  : uid=1000(system) /system/bin/surfaceflinger identical 2 lines
07-17 16:23:06.686   349   349 E HWComposer: getLayerReleaseFence failed for display -1: Invalid display
07-17 16:23:06.696   398 32389 E MDP     : DpIonHandler: flush read buffer by range
07-17 16:23:06.722   327   327 W IMGMemtrackHAL: hal_get_memory: memtrack cache rebuild was required
07-17 16:23:06.733   398 32389 E MtkOmxVenc: [0xac017000] mCnvtMVAMgr type: ion
07-17 16:23:06.733   398 32389 E MtkOmxMVAMgr: [0xaca76e20] getOmxIonHndlFromVA =21
07-17 16:23:06.733   398 32392 E MTK_GRALLOC: Same process importing 398
07-17 16:23:06.734   398 32389 E MDP     : allocate buffer fd 22 size:3110400
07-17 16:23:06.735   398 32389 E MDP     : Size Y:8294400, Cb:0, Cr:0, Ylen:0, Clen:0 Yoffset:0 uoffset:0 base:0xa4eff000
07-17 16:23:06.735   398 32389 E MDP     : Size Y:2073600, Cb:1036800, Cr:0, Ylen:0, Clen:0 Yoffset:0 uoffset:2073600 base:0xa4c07000
07-17 16:23:06.753   349   349 E HWComposer: getLayerReleaseFence failed for display -1: Invalid display
07-17 16:23:06.854   349   349 I chatty  : uid=1000(system) /system/bin/surfaceflinger identical 2 lines
07-17 16:23:06.903   349   349 E HWComposer: getLayerReleaseFence failed for display -1: Invalid display
07-17 16:23:06.925   398 32389 E MDP     : DpIonHandler: flush read buffer by range
07-17 16:23:06.961   398 32389 E MtkOmxVenc: [0xac017000] mCnvtMVAMgr type: ion
07-17 16:23:06.961   398 32389 E MtkOmxMVAMgr: [0xaca76e20] getOmxIonHndlFromVA =21
07-17 16:23:06.961   398 32392 E MTK_GRALLOC: Same process importing 398
07-17 16:23:06.962   398 32389 E MDP     : allocate buffer fd 22 size:3110400
07-17 16:23:06.963   398 32389 E MDP     : Size Y:8294400, Cb:0, Cr:0, Ylen:0, Clen:0 Yoffset:0 uoffset:0 base:0xa4eff000
07-17 16:23:06.963   398 32389 E MDP     : Size Y:2073600, Cb:1036800, Cr:0, Ylen:0, Clen:0 Yoffset:0 uoffset:2073600 base:0xa4c07000
07-17 16:23:06.970   349   349 E HWComposer: getLayerReleaseFence failed for display -1: Invalid display
07-17 16:23:07.070   349   349 I chatty  : uid=1000(system) /system/bin/surfaceflinger identical 2 lines
07-17 16:23:07.121   349   349 E HWComposer: getLayerReleaseFence failed for display -1: Invalid display
07-17 16:23:07.144 31528 31539 I vision.svplaye: Background concurrent copying GC freed 192275(5MB) AllocSpace objects, 0(0B) LOS objects, 43% free, 7MB/13MB, paused 138us total 118.036ms
07-17 16:23:07.156   398 32389 E MDP     : DpIonHandler: flush read buffer by range
07-17 16:23:07.187   349   349 E HWComposer: getLayerReleaseFence failed for display -1: Invalid display
07-17 16:23:07.193   398 32389 E MtkOmxVenc: [0xac017000] mCnvtMVAMgr type: ion
07-17 16:23:07.193   398 32389 E MtkOmxMVAMgr: [0xaca76e20] getOmxIonHndlFromVA =21
07-17 16:23:07.193   398 32389 E MDP     : allocate buffer fd 22 size:3110400
07-17 16:23:07.194   398 32389 E MDP     : Size Y:8294400, Cb:0, Cr:0, Ylen:0, Clen:0 Yoffset:0 uoffset:0 base:0xa4eff000
07-17 16:23:07.194   398 32389 E MDP     : Size Y:2073600, Cb:1036800, Cr:0, Ylen:0, Clen:0 Yoffset:0 uoffset:2073600 base:0xa4c07000
07-17 16:23:07.198   398 32392 E MTK_GRALLOC: Same process importing 398
07-17 16:23:07.237   349   349 E HWComposer: getLayerReleaseFence failed for display -1: Invalid display
07-17 16:23:07.287   349   349 I chatty  : uid=1000(system) /system/bin/surfaceflinger identical 1 line
07-17 16:23:07.337   349   349 E HWComposer: getLayerReleaseFence failed for display -1: Invalid display
07-17 16:23:07.382   398 32389 E MDP     : DpIonHandler: flush read buffer by range
07-17 16:23:07.404   349   349 E HWComposer: getLayerReleaseFence failed for display -1: Invalid display
07-17 16:23:07.418   398 32389 E MtkOmxVenc: [0xac017000] mCnvtMVAMgr type: ion
07-17 16:23:07.418   398 32389 E MtkOmxMVAMgr: [0xaca76e20] getOmxIonHndlFromVA =21
07-17 16:23:07.418   398 32392 E MTK_GRALLOC: Same process importing 398
07-17 16:23:07.419   398 32389 E MDP     : allocate buffer fd 22 size:3110400
07-17 16:23:07.419   398 32389 E MDP     : Size Y:8294400, Cb:0, Cr:0, Ylen:0, Clen:0 Yoffset:0 uoffset:0 base:0xa4eff000
07-17 16:23:07.420   398 32389 E MDP     : Size Y:2073600, Cb:1036800, Cr:0, Ylen:0, Clen:0 Yoffset:0 uoffset:2073600 base:0xa4c07000
07-17 16:23:07.454   349   349 E HWComposer: getLayerReleaseFence failed for display -1: Invalid display
07-17 16:23:07.504   349   349 I chatty  : uid=1000(system) /system/bin/surfaceflinger identical 1 line
07-17 16:23:07.554   349   349 E HWComposer: getLayerReleaseFence failed for display -1: Invalid display
07-17 16:23:07.607   398 32389 E MDP     : DpIonHandler: flush read buffer by range
07-17 16:23:07.621   349   349 E HWComposer: getLayerReleaseFence failed for display -1: Invalid display
07-17 16:23:07.643   398 32389 E MtkOmxVenc: [0xac017000] mCnvtMVAMgr type: ion
07-17 16:23:07.643   398 32389 E MtkOmxMVAMgr: [0xaca76e20] getOmxIonHndlFromVA =21
07-17 16:23:07.643   398 32392 E MTK_GRALLOC: Same process importing 398
07-17 16:23:07.643   398 32389 E MDP     : allocate buffer fd 22 size:3110400
07-17 16:23:07.644   398 32389 E MDP     : Size Y:8294400, Cb:0, Cr:0, Ylen:0, Clen:0 Yoffset:0 uoffset:0 base:0xa4eff000
07-17 16:23:07.644   398 32389 E MDP     : Size Y:2073600, Cb:1036800, Cr:0, Ylen:0, Clen:0 Yoffset:0 uoffset:2073600 base:0xa4c07000
07-17 16:23:07.671   349   349 E HWComposer: getLayerReleaseFence failed for display -1: Invalid display
07-17 16:23:07.720   349   349 I chatty  : uid=1000(system) /system/bin/surfaceflinger identical 1 line
07-17 16:23:07.770   349   349 E HWComposer: getLayerReleaseFence failed for display -1: Invalid display
07-17 16:23:07.831   398 32389 E MDP     : DpIonHandler: flush read buffer by range
07-17 16:23:07.837   349   349 E HWComposer: getLayerReleaseFence failed for display -1: Invalid display
07-17 16:23:07.868   398 32389 E MtkOmxVenc: [0xac017000] mCnvtMVAMgr type: ion
07-17 16:23:07.868   398 32389 E MtkOmxMVAMgr: [0xaca76e20] getOmxIonHndlFromVA =21
07-17 16:23:07.869   398 32392 E MTK_GRALLOC: Same process importing 398
07-17 16:23:07.869   398 32389 E MDP     : allocate buffer fd 22 size:3110400
07-17 16:23:07.870   398 32389 E MDP     : Size Y:8294400, Cb:0, Cr:0, Ylen:0, Clen:0 Yoffset:0 uoffset:0 base:0xa4eff000
07-17 16:23:07.870   398 32389 E MDP     : Size Y:2073600, Cb:1036800, Cr:0, Ylen:0, Clen:0 Yoffset:0 uoffset:2073600 base:0xa4c07000
07-17 16:23:07.889   349   349 E HWComposer: getLayerReleaseFence failed for display -1: Invalid display
07-17 16:23:07.938   349   349 I chatty  : uid=1000(system) /system/bin/surfaceflinger identical 1 line
07-17 16:23:07.987   349   349 E HWComposer: getLayerReleaseFence failed for display -1: Invalid display
07-17 16:23:08.045   398 32389 E MDP     : DpIonHandler: flush read buffer by range
07-17 16:23:08.054   349   349 E HWComposer: getLayerReleaseFence failed for display -1: Invalid display
07-17 16:23:08.081   398 32389 E MtkOmxVenc: [0xac017000] mCnvtMVAMgr type: ion
07-17 16:23:08.081   398 32389 E MtkOmxMVAMgr: [0xaca76e20] getOmxIonHndlFromVA =21
07-17 16:23:08.081   398 32392 E MTK_GRALLOC: Same process importing 398
07-17 16:23:08.082   398 32389 E MDP     : allocate buffer fd 22 size:3110400
07-17 16:23:08.082   398 32389 E MDP     : Size Y:8294400, Cb:0, Cr:0, Ylen:0, Clen:0 Yoffset:0 uoffset:0 base:0xa4eff000
07-17 16:23:08.082   398 32389 E MDP     : Size Y:2073600, Cb:1036800, Cr:0, Ylen:0, Clen:0 Yoffset:0 uoffset:2073600 base:0xa4c07000
07-17 16:23:08.104   349   349 E HWComposer: getLayerReleaseFence failed for display -1: Invalid display
07-17 16:23:08.154   349   349 E HWComposer: getLayerReleaseFence failed for display -1: Invalid display
07-17 16:23:08.170   531   666 I ArcusSyncManager/AmazonInputManager: onCapabilitiesChanged arcusId: arn:aws:remote-config:us-west-2:148732287600:appConfig:aezitige
07-17 16:23:08.170   531   666 I ArcusSyncManager/AmazonInputManager: onCapabilitiesChanged arcusId: arn:aws:remote-config:us-west-2:148732287600:appConfig:a06u7jxn
07-17 16:23:08.172  1762  1930 I NetworkMonitorStates: Network capabilities changed: 100, hasValidatedInternet=true, validatedNetworks: [100]
07-17 16:23:08.172  1762  1930 I NetworkMonitorStates: checkInternetState: validatedNetworks=[100], result=Available
07-17 16:23:08.172  1762  1930 I NetworkMonitorStates: updateInternetState: Available -> Available
07-17 16:23:08.173  2704  2750 I ArcusSyncManager/RemoteDeviceManagerArcus: onCapabilitiesChanged arcusId: arn:aws:remote-config:us-west-2:875023860230:appConfig:aenxb37n
07-17 16:23:08.173  2704  2750 I ArcusSyncManager/RemoteDeviceManagerArcus: onCapabilitiesChanged arcusId: arn:aws:remote-config:us-west-2:875023860230:appConfig:aenxb37n
07-17 16:23:08.204   349   349 E HWComposer: getLayerReleaseFence failed for display -1: Invalid display
07-17 16:23:08.268   398 32389 E MDP     : DpIonHandler: flush read buffer by range
07-17 16:23:08.272   349   349 E HWComposer: getLayerReleaseFence failed for display -1: Invalid display
07-17 16:23:08.305   398 32389 E MtkOmxVenc: [0xac017000] mCnvtMVAMgr type: ion
07-17 16:23:08.305   398 32389 E MtkOmxMVAMgr: [0xaca76e20] getOmxIonHndlFromVA =21
07-17 16:23:08.305   398 32392 E MTK_GRALLOC: Same process importing 398
07-17 16:23:08.306   398 32389 E MDP     : allocate buffer fd 22 size:3110400
07-17 16:23:08.308   398 32389 E MDP     : Size Y:8294400, Cb:0, Cr:0, Ylen:0, Clen:0 Yoffset:0 uoffset:0 base:0xa4eff000
07-17 16:23:08.308   398 32389 E MDP     : Size Y:2073600, Cb:1036800, Cr:0, Ylen:0, Clen:0 Yoffset:0 uoffset:2073600 base:0xa4c07000
07-17 16:23:08.321   349   349 E HWComposer: getLayerReleaseFence failed for display -1: Invalid display
07-17 16:23:08.421   349   349 I chatty  : uid=1000(system) /system/bin/surfaceflinger identical 2 lines
07-17 16:23:08.471   349   349 E HWComposer: getLayerReleaseFence failed for display -1: Invalid display
07-17 16:23:08.497   398 32389 E MDP     : DpIonHandler: flush read buffer by range
07-17 16:23:08.533   398 32389 E MtkOmxVenc: [0xac017000] mCnvtMVAMgr type: ion
07-17 16:23:08.533   398 32389 E MtkOmxMVAMgr: [0xaca76e20] getOmxIonHndlFromVA =21
07-17 16:23:08.533   398 32392 E MTK_GRALLOC: Same process importing 398
07-17 16:23:08.533   398 32389 E MDP     : allocate buffer fd 22 size:3110400
07-17 16:23:08.534   398 32389 E MDP     : Size Y:8294400, Cb:0, Cr:0, Ylen:0, Clen:0 Yoffset:0 uoffset:0 base:0xa4eff000
07-17 16:23:08.534   398 32389 E MDP     : Size Y:2073600, Cb:1036800, Cr:0, Ylen:0, Clen:0 Yoffset:0 uoffset:2073600 base:0xa4c07000
07-17 16:23:08.538   349   349 E HWComposer: getLayerReleaseFence failed for display -1: Invalid display
07-17 16:23:08.638   349   349 I chatty  : uid=1000(system) /system/bin/surfaceflinger identical 2 lines
07-17 16:23:08.690   349   349 E HWComposer: getLayerReleaseFence failed for display -1: Invalid display
07-17 16:23:08.720   398 32389 E MDP     : DpIonHandler: flush read buffer by range
07-17 16:23:08.757   398 32389 E MtkOmxVenc: [0xac017000] mCnvtMVAMgr type: ion
07-17 16:23:08.757   398 32389 E MtkOmxMVAMgr: [0xaca76e20] getOmxIonHndlFromVA =21
07-17 16:23:08.758   398 32392 E MTK_GRALLOC: Same process importing 398
07-17 16:23:08.758   398 32389 E MDP     : allocate buffer fd 158 size:3110400
07-17 16:23:08.759   398 32389 E MDP     : Size Y:8294400, Cb:0, Cr:0, Ylen:0, Clen:0 Yoffset:0 uoffset:0 base:0xa4eff000
07-17 16:23:08.759   398 32389 E MDP     : Size Y:2073600, Cb:1036800, Cr:0, Ylen:0, Clen:0 Yoffset:0 uoffset:2073600 base:0xa4c07000
07-17 16:23:08.760   349   349 E HWComposer: getLayerReleaseFence failed for display -1: Invalid display
07-17 16:23:08.774   531   636 W BestClock: java.time.DateTimeException: Missing NTP fix
07-17 16:23:08.789   398 30415 W GraphicBufferSource: released unpopulated slots: [14, 15, 16, 17, 18, 19, 20, 21, 22, 23, 24, 25, 26, 27, 28, 29, 30, 31, 32, 33, 34, 35, 36, 37, 38, 39, 40, 41, 42, 43, 44, 45, 46, 47, 48, 49, 50, 51, 52, 53, 54, 55, 56, 57, 58, 59, 60, 61, 62, 63]
07-17 16:23:08.790   216   216 E SELinux : avc:  denied  { find } for service=eve_native pid=349 uid=1000 scontext=u:r:surfaceflinger:s0 tcontext=u:object_r:eve_service:s0 tclass=service_manager permissive=0
07-17 16:23:08.878   531   636 W BestClock: java.time.DateTimeException: Missing NTP fix
07-17 16:23:08.888   531   637 W BestClock: java.time.DateTimeException: Missing NTP fix
07-17 16:23:08.964   398 32389 E MDP     : DpIonHandler: flush read buffer by range
07-17 16:23:09.000   398 32389 E MtkOmxVenc: [0xac017000] mCnvtMVAMgr type: ion
07-17 16:23:09.000   398 32389 E MtkOmxMVAMgr: [0xaca76e20] getOmxIonHndlFromVA =21
07-17 16:23:09.001   398 32389 E MDP     : allocate buffer fd 22 size:3110400
07-17 16:23:09.002   398 32389 E MDP     : Size Y:8294400, Cb:0, Cr:0, Ylen:0, Clen:0 Yoffset:0 uoffset:0 base:0xa4eff000
07-17 16:23:09.003   398 32389 E MDP     : Size Y:2073600, Cb:1036800, Cr:0, Ylen:0, Clen:0 Yoffset:0 uoffset:2073600 base:0xa4c07000
07-17 16:23:09.007   332  2757 I Node    : dolby-audio-meter, AdapterPcmSystem adapter audio meter: channel 0; audio level: 0.000
07-17 16:23:09.007   332  2757 I Node    : dolby-audio-meter, AdapterPcmSystem adapter audio meter: channel 1; audio level: 0.000
07-17 16:23:09.007   332  2757 I Node    : dolby-audio-meter, AdapterPcmOut adapter audio meter: channel 0; audio level: 0.000
07-17 16:23:09.007   332  2757 I Node    : dolby-audio-meter, AdapterPcmOut adapter audio meter: channel 1; audio level: 0.000
07-17 16:23:09.028 31528 31539 I vision.svplaye: Background concurrent copying GC freed 190798(6MB) AllocSpace objects, 0(0B) LOS objects, 42% free, 7MB/13MB, paused 288us total 151.090ms
07-17 16:23:09.181   398 32389 E MDP     : DpIonHandler: flush read buffer by range
07-17 16:23:09.217   398 32389 E MtkOmxVenc: [0xac017000] mCnvtMVAMgr type: ion
07-17 16:23:09.217   398 32389 E MtkOmxMVAMgr: [0xaca76e20] getOmxIonHndlFromVA =21
07-17 16:23:09.217   398 32389 E MDP     : allocate buffer fd 22 size:3110400
07-17 16:23:09.219   398 32389 E MDP     : Size Y:8294400, Cb:0, Cr:0, Ylen:0, Clen:0 Yoffset:0 uoffset:0 base:0xa4eff000
07-17 16:23:09.219   398 32389 E MDP     : Size Y:2073600, Cb:1036800, Cr:0, Ylen:0, Clen:0 Yoffset:0 uoffset:2073600 base:0xa4c07000
07-17 16:23:09.394   398 32389 E MDP     : DpIonHandler: flush read buffer by range
07-17 16:23:09.430   398 32389 E MtkOmxVenc: [0xac017000] mCnvtMVAMgr type: ion
07-17 16:23:09.430   398 32389 E MtkOmxMVAMgr: [0xaca76e20] getOmxIonHndlFromVA =21
07-17 16:23:09.430   398 32389 E MDP     : allocate buffer fd 22 size:3110400
07-17 16:23:09.431   398 32389 E MDP     : Size Y:8294400, Cb:0, Cr:0, Ylen:0, Clen:0 Yoffset:0 uoffset:0 base:0xa4eff000
07-17 16:23:09.431   398 32389 E MDP     : Size Y:2073600, Cb:1036800, Cr:0, Ylen:0, Clen:0 Yoffset:0 uoffset:2073600 base:0xa4c07000
07-17 16:23:09.459  1313  1313 I main.wifi_score: dump_wifi_score_ctxt(): is2g=0, is11ac=1, is11ax=0, chan_bw=80, nss=2, bcn_rssi=-66, data_rssi=-68, tx_ok=513760, tx_failed=48446, cca_idle_pct=92
07-17 16:23:09.459  1313  1313 I main.wifi_score: dump_wifi_score_ctxt(): last_tx_stats: sgi=0, pream=2, mcs=7, ss=2, bw=2
07-17 16:23:09.459  1313  1313 I main.wifi_score: cca_idle 89%, bcn_rssi -66, data_rssi -68, per 0% (ok=1, failed=0), AC MCS 7, BW 2 SS 2  584mbps, AMPDU length 64, dur 1509us UDP tput 444mbps.
07-17 16:23:09.459  1313  1313 I main.wifi_score: Score 6, mcs 68 (phyrate cur/min/avg/max= 584/234/580/780 mbps), expected  UDP throughput cur/min/avg/max= 444/153/443/500 mbps.
07-17 16:23:09.606   398 32389 E MDP     : DpIonHandler: flush read buffer by range
07-17 16:23:09.642   398 32389 E MtkOmxVenc: [0xac017000] mCnvtMVAMgr type: ion
07-17 16:23:09.642   398 32389 E MtkOmxMVAMgr: [0xaca76e20] getOmxIonHndlFromVA =21
07-17 16:23:09.642   398 32389 E MDP     : allocate buffer fd 22 size:3110400
07-17 16:23:09.643   398 32389 E MDP     : Size Y:8294400, Cb:0, Cr:0, Ylen:0, Clen:0 Yoffset:0 uoffset:0 base:0xa4eff000
07-17 16:23:09.643   398 32389 E MDP     : Size Y:2073600, Cb:1036800, Cr:0, Ylen:0, Clen:0 Yoffset:0 uoffset:2073600 base:0xa4c07000
07-17 16:23:09.820   398 32389 E MDP     : DpIonHandler: flush read buffer by range
07-17 16:23:09.856   398 32389 E MtkOmxVenc: [0xac017000] mCnvtMVAMgr type: ion
07-17 16:23:09.856   398 32389 E MtkOmxMVAMgr: [0xaca76e20] getOmxIonHndlFromVA =21
07-17 16:23:09.857   398 32389 E MDP     : allocate buffer fd 22 size:3110400
07-17 16:23:09.858   398 32389 E MDP     : Size Y:8294400, Cb:0, Cr:0, Ylen:0, Clen:0 Yoffset:0 uoffset:0 base:0xa4eff000
07-17 16:23:09.858   398 32389 E MDP     : Size Y:2073600, Cb:1036800, Cr:0, Ylen:0, Clen:0 Yoffset:0 uoffset:2073600 base:0xa4c07000
07-17 16:23:10.034   398 32389 E MDP     : DpIonHandler: flush read buffer by range
07-17 16:23:10.070   398 32389 E MtkOmxVenc: [0xac017000] mCnvtMVAMgr type: ion
07-17 16:23:10.070   398 32389 E MtkOmxMVAMgr: [0xaca76e20] getOmxIonHndlFromVA =21
07-17 16:23:10.070   398 32389 E MDP     : allocate buffer fd 22 size:3110400
07-17 16:23:10.071   398 32389 E MDP     : Size Y:8294400, Cb:0, Cr:0, Ylen:0, Clen:0 Yoffset:0 uoffset:0 base:0xa4eff000
07-17 16:23:10.072   398 32389 E MDP     : Size Y:2073600, Cb:1036800, Cr:0, Ylen:0, Clen:0 Yoffset:0 uoffset:2073600 base:0xa4c07000
07-17 16:23:10.253   398 32389 E MDP     : DpIonHandler: flush read buffer by range
07-17 16:23:10.289   398 32389 E MtkOmxVenc: [0xac017000] mCnvtMVAMgr type: ion
07-17 16:23:10.289   398 32389 E MtkOmxMVAMgr: [0xaca76e20] getOmxIonHndlFromVA =21
07-17 16:23:10.290   398 32389 E MDP     : allocate buffer fd 22 size:3110400
07-17 16:23:10.290   398 32389 E MDP     : Size Y:8294400, Cb:0, Cr:0, Ylen:0, Clen:0 Yoffset:0 uoffset:0 base:0xa4eff000
07-17 16:23:10.290   398 32389 E MDP     : Size Y:2073600, Cb:1036800, Cr:0, Ylen:0, Clen:0 Yoffset:0 uoffset:2073600 base:0xa4c07000
07-17 16:23:10.466   398 32389 E MDP     : DpIonHandler: flush read buffer by range
07-17 16:23:10.500   398 32388 E MtkOmxVenc: [0xac017000] FlushInputPort -> mNumPendingInput(0)
07-17 16:23:10.513 32354 32354 I MediaCodecLogger: MC Stop Time(start: 15340294, stop:15342035 :1741 <profileMCStopEnd 1437>
07-17 16:23:10.513 32354 32395 I MPEG4Writer: Received total/0-length (35/0) buffers and encoded 35 frames. - Video
07-17 16:23:10.514 32354 32354 I MPEG4Writer: Ajust the moov start time from 15332429914 us -> 15332429914 us
07-17 16:23:10.521 32354 32354 W screenrecord: type=1400 audit(0.0:649): avc: denied { read } for name="u:object_r:media_prop:s0" dev="tmpfs" ino=1257 scontext=u:r:shell:s0 tcontext=u:object_r:media_prop:s0 tclass=file permissive=0
07-17 16:23:10.529 32354 32354 E libc    : Access denied finding property "media.metrics.enabled"
07-17 16:23:10.688   531   548 W Process : Unable to open /proc/0/status
07-17 16:23:10.717   531   550 I ActivityManager: Start proc 32405:android.process.media/u0a93 for broadcast com.android.providers.media/.MediaScannerReceiver
07-17 16:23:10.718 31528 31539 I vision.svplaye: Background concurrent copying GC freed 193780(6MB) AllocSpace objects, 0(0B) LOS objects, 43% free, 7MB/13MB, paused 161us total 122.524ms
07-17 16:23:10.745 32405 32411 I d.process.medi: Bumping SignalCatcher priority from 5 to 10
07-17 16:23:10.746 32405 32405 E d.process.medi: Not starting debugger since process cannot load the jdwp agent.
07-17 16:23:11.175   531  6486 E SELinux : avc:  denied  { see_home_task } for  scontext=u:r:platform_app:s0:c512,c768 tcontext=u:r:system_server:s0 tclass=amazon_policies permissive=0
07-17 16:23:11.203 32405 32423 E libc    : Access denied finding property "ro.product.config.type"
07-17 16:23:11.191 32405 32405 W Thread-2: type=1400 audit(0.0:650): avc: denied { read } for name="u:object_r:devicetype_prop:s0" dev="tmpfs" ino=1208 scontext=u:r:mediaprovider:s0:c512,c768 tcontext=u:object_r:devicetype_prop:s0 tclass=file permissive=0
07-17 16:23:11.205   531   679 W Process : Unable to open /proc/0/status
07-17 16:23:11.216   531   550 I ActivityManager: Start proc 32426:com.android.proxyhandler/u0a132 for service com.fireos.arcus.proxy/.ArcusProxy
07-17 16:23:11.232 32426 32426 E id.proxyhandle: Not starting debugger since process cannot load the jdwp agent.
07-17 16:23:11.232 32426 32432 I id.proxyhandle: Bumping SignalCatcher priority from 5 to 10
07-17 16:23:11.266 32426 32426 I id.proxyhandle: The ClassLoaderContext is a special shared library.
07-17 16:23:11.687  1647  3141 I DirectiveCache: Cleaning up DirectiveCache, current size: 0
07-17 16:23:11.689  1647  2579 E SPCH-MinervaSchemaStorage: No schema was found for source SIM_basic
07-17 16:23:11.690  1647  2579 E SPCH-MinervaSchemaRetriever: No schema was found for metric SIM.DirectiveCache.CacheEmptyBeforeTrim in source SIM_basic
07-17 16:23:11.690  1647  2579 E SPCH-MinervaSchemaStorage: No schema was found for source SIM_basic
07-17 16:23:11.690  1647  2579 E SPCH-MinervaSchemaRetriever: No schema was found for metric SIM.DirectiveCache.UnchangedCacheSize in source SIM_basic
07-17 16:23:11.735   531 15444 I ActivityManager: Process android.process.media (pid 32405) has died: cch+1CEM 
07-17 16:23:11.735   531   551 W libprocessgroup: kill(-32405, 9) failed: No such process
07-17 16:23:11.738   274   274 I Zygote  : Process 32405 exited due to signal 9 (Killed)
07-17 16:23:11.778   531   551 W libprocessgroup: kill(-32405, 9) failed: No such process
07-17 16:23:11.778   531   551 I libprocessgroup: Successfully killed process cgroup uid 10093 pid 32405 in 42ms
07-17 16:23:12.366  1313  1313 I main.wifi_score: dump_wifi_score_ctxt(): is2g=0, is11ac=1, is11ax=0, chan_bw=80, nss=2, bcn_rssi=-67, data_rssi=-68, tx_ok=513777, tx_failed=48447, cca_idle_pct=92
07-17 16:23:12.366  1313  1313 I main.wifi_score: dump_wifi_score_ctxt(): last_tx_stats: sgi=0, pream=2, mcs=7, ss=2, bw=2
07-17 16:23:12.409 31528 31539 I vision.svplaye: Background concurrent copying GC freed 191668(5MB) AllocSpace objects, 0(0B) LOS objects, 43% free, 7MB/13MB, paused 144us total 116.718ms
07-17 16:23:14.110 31528 31539 I vision.svplaye: Background concurrent copying GC freed 192948(6MB) AllocSpace objects, 0(0B) LOS objects, 43% free, 7MB/13MB, paused 603us total 121.140ms
07-17 16:23:14.176   531  4903 E SELinux : avc:  denied  { see_home_task } for  scontext=u:r:platform_app:s0:c512,c768 tcontext=u:r:system_server:s0 tclass=amazon_policies permissive=0
07-17 16:23:14.194  1762  1930 I NetworkMonitorStates: Network capabilities changed: 100, hasValidatedInternet=true, validatedNetworks: [100]
07-17 16:23:14.195  1762  1930 I NetworkMonitorStates: checkInternetState: validatedNetworks=[100], result=Available
07-17 16:23:14.195  1762  1930 I NetworkMonitorStates: updateInternetState: Available -> Available
07-17 16:23:14.195  2704  2750 I ArcusSyncManager/RemoteDeviceManagerArcus: onCapabilitiesChanged arcusId: arn:aws:remote-config:us-west-2:875023860230:appConfig:aenxb37n
07-17 16:23:14.196  2704  2750 I ArcusSyncManager/RemoteDeviceManagerArcus: onCapabilitiesChanged arcusId: arn:aws:remote-config:us-west-2:875023860230:appConfig:aenxb37n
07-17 16:23:14.196   531   666 I ArcusSyncManager/AmazonInputManager: onCapabilitiesChanged arcusId: arn:aws:remote-config:us-west-2:148732287600:appConfig:aezitige
07-17 16:23:14.196   531   666 I ArcusSyncManager/AmazonInputManager: onCapabilitiesChanged arcusId: arn:aws:remote-config:us-west-2:148732287600:appConfig:a06u7jxn
07-17 16:23:15.808 31528 31539 I vision.svplaye: Background concurrent copying GC freed 191343(5MB) AllocSpace objects, 0(0B) LOS objects, 43% free, 7MB/13MB, paused 136us total 119.980ms
07-17 16:23:16.359  1313  1313 I main.wifi_score: dump_wifi_score_ctxt(): is2g=0, is11ac=1, is11ax=0, chan_bw=80, nss=2, bcn_rssi=-66, data_rssi=-67, tx_ok=513777, tx_failed=48447, cca_idle_pct=92
07-17 16:23:16.359  1313  1313 I main.wifi_score: dump_wifi_score_ctxt(): last_tx_stats: sgi=0, pream=2, mcs=7, ss=2, bw=2
07-17 16:23:17.209  1762  1930 I NetworkMonitorStates: Network capabilities changed: 100, hasValidatedInternet=true, validatedNetworks: [100]
07-17 16:23:17.209  1762  1930 I NetworkMonitorStates: checkInternetState: validatedNetworks=[100], result=Available
07-17 16:23:17.209  1762  1930 I NetworkMonitorStates: updateInternetState: Available -> Available
07-17 16:23:17.210  2704  2750 I ArcusSyncManager/RemoteDeviceManagerArcus: onCapabilitiesChanged arcusId: arn:aws:remote-config:us-west-2:875023860230:appConfig:aenxb37n
07-17 16:23:17.210  2704  2750 I ArcusSyncManager/RemoteDeviceManagerArcus: onCapabilitiesChanged arcusId: arn:aws:remote-config:us-west-2:875023860230:appConfig:aenxb37n
07-17 16:23:17.211   531   666 I ArcusSyncManager/AmazonInputManager: onCapabilitiesChanged arcusId: arn:aws:remote-config:us-west-2:148732287600:appConfig:aezitige
07-17 16:23:17.211   531   666 I ArcusSyncManager/AmazonInputManager: onCapabilitiesChanged arcusId: arn:aws:remote-config:us-west-2:148732287600:appConfig:a06u7jxn
07-17 16:23:17.495 31528 31539 I vision.svplaye: Background concurrent copying GC freed 192210(6MB) AllocSpace objects, 0(0B) LOS objects, 43% free, 7MB/13MB, paused 180us total 122.012ms
07-17 16:23:18.276  1647 32397 I SPCH-Cont_HealthLogger: Current State = {"AlexaCaptionsEnabled":"false","Account":"valid","ProfileValidated":"true","ProfileType":"ADULT","AlexaCaptionsSupported":"true","memoryTotalPss":"15603","DeviceFamily":"SMP","memoryTotalSharedDirty":"1336","ActiveSpeechUI":"Classic","ReleaseVersion":"661.0.0","AlexaLegalTermsAccepted":"true","AppVersion":"3.0.21302.0","AlexaExperience":"FULL","SupportsFarField":"false","short_press_overlay_state":"{\"enabled\": true, \"hintsEnabled\": false, \"isChild\": false, \"override\": 0}","memoryAvailable":"199462912","Gateway":"avs-alexa-18-eu.amazon.com:443","memoryLow":"true","RemoteSettingsStrategy":"VizArcus","ConnectionState":"CONNECTED","OOBECompleted":"true","memoryTotalPrivateDirty":"10102","str.auto_wake_up_always":"0"}
07-17 16:23:19.023   332  2757 I Node    : dolby-audio-meter, AdapterPcmSystem adapter audio meter: channel 0; audio level: 0.000
07-17 16:23:19.023   332  2757 I Node    : dolby-audio-meter, AdapterPcmSystem adapter audio meter: channel 1; audio level: 0.000
07-17 16:23:19.023   332  2757 I Node    : dolby-audio-meter, AdapterPcmOut adapter audio meter: channel 0; audio level: 0.000
07-17 16:23:19.023   332  2757 I Node    : dolby-audio-meter, AdapterPcmOut adapter audio meter: channel 1; audio level: 0.000
07-17 16:23:19.218 31528 31539 I vision.svplaye: Background concurrent copying GC freed 192703(6MB) AllocSpace objects, 0(0B) LOS objects, 42% free, 7MB/13MB, paused 136us total 133.479ms
07-17 16:23:20.198   531  4903 E SELinux : avc:  denied  { see_home_task } for  scontext=u:r:platform_app:s0:c512,c768 tcontext=u:r:system_server:s0 tclass=amazon_policies permissive=0
07-17 16:23:20.373  1313  1313 I main.wifi_score: dump_wifi_score_ctxt(): is2g=0, is11ac=1, is11ax=0, chan_bw=80, nss=2, bcn_rssi=-67, data_rssi=-67, tx_ok=513777, tx_failed=48447, cca_idle_pct=92
07-17 16:23:20.373  1313  1313 I main.wifi_score: dump_wifi_score_ctxt(): last_tx_stats: sgi=0, pream=2, mcs=7, ss=2, bw=2
07-17 16:23:20.893 31528 31539 I vision.svplaye: Background concurrent copying GC freed 193133(5MB) AllocSpace objects, 0(0B) LOS objects, 43% free, 7MB/13MB, paused 200us total 116.420ms
07-17 16:23:21.761  1647  1647 I Vizzini:SimApplicationImpl: onLowMemory
07-17 16:23:21.762  1647  1647 W Vizzini:OverlayControllerLifetimeProxy: Tearing down UI overlay without preload due to low memory
07-17 16:23:21.763  1647  1647 I Vizzini:OverlayControllerLifetimeProxy: Tearing down overlay controller
07-17 16:23:21.763  1647  1647 I Vizzini:ShortPressOverlayManager: Low memory detected, dismissing overlay
07-17 16:23:21.763  1647  1647 I Vizzini:ShortPressOverlayManager: Tearing down ShortPressOverlayManager with reason DISMISS_MEMORY_LOW
07-17 16:23:22.620 31528 31539 I vision.svplaye: Background concurrent copying GC freed 192398(5MB) AllocSpace objects, 0(0B) LOS objects, 43% free, 7MB/13MB, paused 291us total 130.044ms
07-17 16:23:23.215   531  4903 E SELinux : avc:  denied  { see_home_task } for  scontext=u:r:platform_app:s0:c512,c768 tcontext=u:r:system_server:s0 tclass=amazon_policies permissive=0
07-17 16:23:24.298 31528 31539 I vision.svplaye: Background concurrent copying GC freed 193791(6MB) AllocSpace objects, 0(0B) LOS objects, 43% free, 7MB/13MB, paused 169us total 126.338ms
07-17 16:23:24.374  1313  1313 I main.wifi_score: dump_wifi_score_ctxt(): is2g=0, is11ac=1, is11ax=0, chan_bw=80, nss=2, bcn_rssi=-67, data_rssi=-68, tx_ok=513778, tx_failed=48447, cca_idle_pct=92
07-17 16:23:24.374  1313  1313 I main.wifi_score: dump_wifi_score_ctxt(): last_tx_stats: sgi=0, pream=2, mcs=7, ss=2, bw=2
07-17 16:23:26.005 31528 31539 I vision.svplaye: Background concurrent copying GC freed 192681(5MB) AllocSpace objects, 0(0B) LOS objects, 43% free, 7MB/13MB, paused 135us total 116.248ms
07-17 16:23:26.249   531   666 I ArcusSyncManager/AmazonInputManager: onCapabilitiesChanged arcusId: arn:aws:remote-config:us-west-2:148732287600:appConfig:aezitige
07-17 16:23:26.249   531   666 I ArcusSyncManager/AmazonInputManager: onCapabilitiesChanged arcusId: arn:aws:remote-config:us-west-2:148732287600:appConfig:a06u7jxn
07-17 16:23:26.251  2704  2750 I ArcusSyncManager/RemoteDeviceManagerArcus: onCapabilitiesChanged arcusId: arn:aws:remote-config:us-west-2:875023860230:appConfig:aenxb37n
07-17 16:23:26.253  2704  2750 I ArcusSyncManager/RemoteDeviceManagerArcus: onCapabilitiesChanged arcusId: arn:aws:remote-config:us-west-2:875023860230:appConfig:aenxb37n
07-17 16:23:26.254  1762  1930 I NetworkMonitorStates: Network capabilities changed: 100, hasValidatedInternet=true, validatedNetworks: [100]
07-17 16:23:26.254  1762  1930 I NetworkMonitorStates: checkInternetState: validatedNetworks=[100], result=Available
07-17 16:23:26.254  1762  1930 I NetworkMonitorStates: updateInternetState: Available -> Available
07-17 16:23:26.731 32492 32492 W screencap: type=1400 audit(0.0:651): avc: denied { search } for name="clients" dev="debugfs" ino=9965 scontext=u:r:shell:s0 tcontext=u:object_r:debugfs_ion:s0 tclass=dir permissive=0
07-17 16:23:26.731 32492 32492 I chatty  : uid=2000(shell) screencap identical 1 line
07-17 16:23:26.731 32492 32492 W screencap: type=1400 audit(0.0:653): avc: denied { search } for name="clients" dev="debugfs" ino=9965 scontext=u:r:shell:s0 tcontext=u:object_r:debugfs_ion:s0 tclass=dir permissive=0
07-17 16:23:26.746 32492 32492 E ion     : ioctl c0044901 failed with code -1: Invalid argument
07-17 16:23:26.755   531  4903 I ActivityManager: Process com.android.proxyhandler (pid 32426) has died: cch+1CEM 
07-17 16:23:26.756   531   551 W libprocessgroup: kill(-32426, 9) failed: No such process
07-17 16:23:26.756   531   551 I libprocessgroup: Successfully killed process cgroup uid 10132 pid 32426 in 0ms
07-17 16:23:26.756   274   274 I Zygote  : Process 32426 exited due to signal 9 (Killed)
07-17 16:23:27.699 31528 31539 I vision.svplaye: Background concurrent copying GC freed 191774(6MB) AllocSpace objects, 0(0B) LOS objects, 43% free, 7MB/13MB, paused 143us total 121.009ms
07-17 16:23:28.937   531   548 W Process : Unable to open /proc/0/status
07-17 16:23:28.948   531   550 I ActivityManager: Start proc 32500:android.process.media/u0a93 for broadcast com.android.providers.media/.MediaScannerReceiver
07-17 16:23:28.961 32500 32500 E d.process.medi: Not starting debugger since process cannot load the jdwp agent.
07-17 16:23:28.961 32500 32506 I d.process.medi: Bumping SignalCatcher priority from 5 to 10
07-17 16:23:29.039   332  2757 I Node    : dolby-audio-meter, AdapterPcmSystem adapter audio meter: channel 0; audio level: 0.000
07-17 16:23:29.039   332  2757 I Node    : dolby-audio-meter, AdapterPcmSystem adapter audio meter: channel 1; audio level: 0.000
07-17 16:23:29.039   332  2757 I Node    : dolby-audio-meter, AdapterPcmOut adapter audio meter: channel 0; audio level: 0.000
07-17 16:23:29.039   332  2757 I Node    : dolby-audio-meter, AdapterPcmOut adapter audio meter: channel 1; audio level: 0.000
07-17 16:23:29.051 32500 32500 W Thread-2: type=1400 audit(0.0:654): avc: denied { read } for name="u:object_r:devicetype_prop:s0" dev="tmpfs" ino=1208 scontext=u:r:mediaprovider:s0:c512,c768 tcontext=u:object_r:devicetype_prop:s0 tclass=file permissive=0
07-17 16:23:29.060 32500 32516 E libc    : Access denied finding property "ro.product.config.type"
07-17 16:23:29.062   531   679 W Process : Unable to open /proc/0/status
07-17 16:23:29.082   531   550 I ActivityManager: Start proc 32521:com.android.proxyhandler/u0a132 for service com.fireos.arcus.proxy/.ArcusProxy
07-17 16:23:29.098 32521 32521 E id.proxyhandle: Not starting debugger since process cannot load the jdwp agent.
07-17 16:23:29.098 32521 32527 I id.proxyhandle: Bumping SignalCatcher priority from 5 to 10
07-17 16:23:29.130 32521 32521 I id.proxyhandle: The ClassLoaderContext is a special shared library.
07-17 16:23:29.420 31528 31539 I vision.svplaye: Background concurrent copying GC freed 192506(6MB) AllocSpace objects, 0(0B) LOS objects, 43% free, 7MB/13MB, paused 189us total 126.571ms
07-17 16:23:29.475  1313  1313 I main.wifi_score: dump_wifi_score_ctxt(): is2g=0, is11ac=1, is11ax=0, chan_bw=80, nss=2, bcn_rssi=-66, data_rssi=-67, tx_ok=513778, tx_failed=48447, cca_idle_pct=88
07-17 16:23:29.476  1313  1313 I main.wifi_score: dump_wifi_score_ctxt(): last_tx_stats: sgi=0, pream=2, mcs=7, ss=2, bw=2
