--------- beginning of main
07-17 16:22:45.088 31528 31539 I vision.svplaye: Background concurrent copying GC freed 190963(5MB) AllocSpace objects, 1(20KB) LOS objects, 43% free, 7MB/13MB, paused 204us total 127.797ms
07-17 16:22:45.736   216   216 E SELinux : avc:  denied  { find } for service=media_codec_denylist pid=32354 uid=2000 scontext=u:r:shell:s0 tcontext=u:object_r:media_codec_denylist_service:s0 tclass=service_manager permissive=0
07-17 16:22:46.737   216   216 E SELinux : avc:  denied  { find } for service=media_codec_denylist pid=32354 uid=2000 scontext=u:r:shell:s0 tcontext=u:object_r:media_codec_denylist_service:s0 tclass=service_manager permissive=0
07-17 16:22:47.067   531 21190 E SELinux : avc:  denied  { see_home_task } for  scontext=u:r:platform_app:s0:c512,c768 tcontext=u:r:system_server:s0 tclass=amazon_policies permissive=0
07-17 16:22:47.075  1762  1930 I NetworkMonitorStates: Network capabilities changed: 100, hasValidatedInternet=true, validatedNetworks: [100]
07-17 16:22:47.076  1762  1930 I NetworkMonitorStates: checkInternetState: validatedNetworks=[100], result=Available
07-17 16:22:47.076  1762  1930 I NetworkMonitorStates: updateInternetState: Available -> Available
07-17 16:22:47.077   531   666 I ArcusSyncManager/AmazonInputManager: onCapabilitiesChanged arcusId: arn:aws:remote-config:us-west-2:148732287600:appConfig:aezitige
07-17 16:22:47.078   531   666 I ArcusSyncManager/AmazonInputManager: onCapabilitiesChanged arcusId: arn:aws:remote-config:us-west-2:148732287600:appConfig:a06u7jxn
07-17 16:22:47.086  2704  2750 I ArcusSyncManager/RemoteDeviceManagerArcus: onCapabilitiesChanged arcusId: arn:aws:remote-config:us-west-2:875023860230:appConfig:aenxb37n
07-17 16:22:47.107  2704  2750 I ArcusSyncManager/RemoteDeviceManagerArcus: onCapabilitiesChanged arcusId: arn:aws:remote-config:us-west-2:875023860230:appConfig:aenxb37n
07-17 16:22:47.200 31528 31539 I vision.svplaye: Background concurrent copying GC freed 191954(5MB) AllocSpace objects, 0(0B) LOS objects, 42% free, 8MB/14MB, paused 2.614ms total 165.522ms
07-17 16:22:47.439 32359 32359 W app_process: Could not reserve sentinel fault page
07-17 16:22:47.738   216   216 E SELinux : avc:  denied  { find } for service=media_codec_denylist pid=32354 uid=2000 scontext=u:r:shell:s0 tcontext=u:object_r:media_codec_denylist_service:s0 tclass=service_manager permissive=0
07-17 16:22:47.762 32359 32359 I app_process: The ClassLoaderContext is a special shared library.
07-17 16:22:47.765 32359 32362 I app_process: Bumping SignalCatcher priority from 5 to 10
07-17 16:22:48.094 32359 32359 I Input   : injectKeyEvent: KeyEvent { action=ACTION_DOWN, keyCode=KEYCODE_DPAD_CENTER, scanCode=0, metaState=0, flags=0x0, repeatCount=0, eventTime=15319614, downTime=15319614, deviceId=-1, source=0x101 }
--------- beginning of system
07-17 16:22:48.134   531 21190 I AmazonProfileService: Event is not filtered because it is not in filter key list.
07-17 16:22:48.135   531 21190 I KeyMapManagerUtil: Unknown remote sku id 0. Fetch remote sku id from system property
07-17 16:22:48.135  1419  1477 E amzn_neo_service_api:..: handle_key_event_callback: Got empty key-event
07-17 16:22:48.143  1419  1477 I com_amazon_devicecont..: Received Key name: DPAD_CENTER, code: 23, action: 0
07-17 16:22:48.345 32359 32359 I Input   : injectKeyEvent: KeyEvent { action=ACTION_UP, keyCode=KEYCODE_DPAD_CENTER, scanCode=0, metaState=0, flags=0x0, repeatCount=0, eventTime=15319614, downTime=15319614, deviceId=-1, source=0x101 }
07-17 16:22:48.347   531  2101 W AmazonKeyEventLogging: remote_perf key event latency detected [Source: interceptKeyBeforeQueueing, KeyCode: KEYCODE_XXXX, IsDown: 0, Repeat: 0, EventTime: 15319614, Latency: 254, DeviceId: -1, AppPackage: system_server]
07-17 16:22:48.347   531 21190 I KeyMapManagerUtil: Unknown remote sku id 0. Fetch remote sku id from system property
07-17 16:22:48.347  1419  1477 E amzn_neo_service_api:..: handle_key_event_callback: Got empty key-event
07-17 16:22:48.347  1419  1477 I com_amazon_devicecont..: Received Key name: DPAD_CENTER, code: 23, action: 1
07-17 16:22:48.359   531  2101 W AmazonKeyEventLogging: remote_perf key event latency detected [Source: interceptKeyBeforeDispatching, KeyCode: KEYCODE_XXXX, IsDown: 0, Repeat: 0, EventTime: 15319614, Latency: 256, DeviceId: -1, AppPackage: system_server]
07-17 16:22:48.372 31528 32369 W AmazonKeyEventLogging: remote_perf key event latency detected [Source: ViewRootImpl, KeyCode: KEYCODE_XXXX, IsDown: 1, Repeat: 0, EventTime: 15319614, Latency: 251, DeviceId: -1, AppPackage: com.smartvision.svplayer]
07-17 16:22:48.392 31528 32369 W AmazonKeyEventLogging: remote_perf key event latency detected [Source: ViewRootImpl, KeyCode: KEYCODE_XXXX, IsDown: 0, Repeat: 0, EventTime: 15319614, Latency: 300, DeviceId: -1, AppPackage: com.smartvision.svplayer]
07-17 16:22:48.739   216   216 E SELinux : avc:  denied  { find } for service=media_codec_denylist pid=32354 uid=2000 scontext=u:r:shell:s0 tcontext=u:object_r:media_codec_denylist_service:s0 tclass=service_manager permissive=0
07-17 16:22:48.975   332  2757 I Node    : dolby-audio-meter, AdapterPcmSystem adapter audio meter: channel 0; audio level: 0.000
07-17 16:22:48.975   332  2757 I Node    : dolby-audio-meter, AdapterPcmSystem adapter audio meter: channel 1; audio level: 0.000
07-17 16:22:48.975   332  2757 I Node    : dolby-audio-meter, AdapterPcmOut adapter audio meter: channel 0; audio level: 0.000
07-17 16:22:48.975   332  2757 I Node    : dolby-audio-meter, AdapterPcmOut adapter audio meter: channel 1; audio level: 0.000
07-17 16:22:48.346   531 21190 I AmazonProfileService: Event is not filtered because it is not in filter key list.
07-17 16:22:49.019   531 21190 I ActivityManager: Process com.amazon.alexamediaplayer.runtime.ftv:smbs (pid 31301) has died: cch+2CEM 
07-17 16:22:49.020   531   551 W libprocessgroup: kill(-31301, 9) failed: No such process
07-17 16:22:49.020   531   551 I libprocessgroup: Successfully killed process cgroup uid 10096 pid 31301 in 0ms
07-17 16:22:49.020   274   274 I Zygote  : Process 31301 exited due to signal 9 (Killed)
07-17 16:22:49.038  1647  1663 W ClientConnectionManager: Binder of SimClient has died
07-17 16:22:49.038  1647  1816 W ClientConnectionManager: Binder of SimClient has died
07-17 16:22:49.051  1647  1663 I AlexaFocusClientDeathCallback: Client (com.amazon.alexamediaplayer.runtime.ftv) died
07-17 16:22:49.053  1647  1816 I BaseContextManager: Clearing DeviceContext for client: com.amazon.alexamediaplayer.runtime.ftv
07-17 16:22:49.069  1647  1663 I AlexaFocusInFocusChannel: Releasing all system focus for com.amazon.alexamediaplayer.runtime.ftv with client 1a34f75
07-17 16:22:49.069  1647  1663 I AlexaFocusInFocusChannel: No system focus to release for com.amazon.alexamediaplayer.runtime.ftv with client 1a34f75
07-17 16:22:49.417 31528 31539 I vision.svplaye: Background concurrent copying GC freed 179855(5MB) AllocSpace objects, 0(0B) LOS objects, 42% free, 8MB/14MB, paused 170us total 129.092ms
07-17 16:22:49.475  1313  1313 I main.wifi_score: dump_wifi_score_ctxt(): is2g=0, is11ac=1, is11ax=0, chan_bw=80, nss=2, bcn_rssi=-66, data_rssi=-68, tx_ok=513748, tx_failed=48438, cca_idle_pct=95
07-17 16:22:49.475  1313  1313 I main.wifi_score: dump_wifi_score_ctxt(): last_tx_stats: sgi=0, pream=2, mcs=7, ss=2, bw=2
07-17 16:22:49.475  1313  1313 I main.wifi_score: rate correction orig per/mcs/bw 38/7/2, new per/mcs/bw 8/6/2
07-17 16:22:49.740   216   216 E SELinux : avc:  denied  { find } for service=media_codec_denylist pid=32354 uid=2000 scontext=u:r:shell:s0 tcontext=u:object_r:media_codec_denylist_service:s0 tclass=service_manager permissive=0
07-17 16:22:50.090   531   666 I ArcusSyncManager/AmazonInputManager: onCapabilitiesChanged arcusId: arn:aws:remote-config:us-west-2:148732287600:appConfig:aezitige
07-17 16:22:50.091   531   666 I ArcusSyncManager/AmazonInputManager: onCapabilitiesChanged arcusId: arn:aws:remote-config:us-west-2:148732287600:appConfig:a06u7jxn
07-17 16:22:50.096  1762  1930 I NetworkMonitorStates: Network capabilities changed: 100, hasValidatedInternet=true, validatedNetworks: [100]
07-17 16:22:50.096  1762  1930 I NetworkMonitorStates: checkInternetState: validatedNetworks=[100], result=Available
07-17 16:22:50.096  1762  1930 I NetworkMonitorStates: updateInternetState: Available -> Available
07-17 16:22:50.097  2704  2750 I ArcusSyncManager/RemoteDeviceManagerArcus: onCapabilitiesChanged arcusId: arn:aws:remote-config:us-west-2:875023860230:appConfig:aenxb37n
07-17 16:22:50.098  2704  2750 I ArcusSyncManager/RemoteDeviceManagerArcus: onCapabilitiesChanged arcusId: arn:aws:remote-config:us-west-2:875023860230:appConfig:aenxb37n
07-17 16:22:50.741   216   216 E SELinux : avc:  denied  { find } for service=media_codec_denylist pid=32354 uid=2000 scontext=u:r:shell:s0 tcontext=u:object_r:media_codec_denylist_service:s0 tclass=service_manager permissive=0
07-17 16:22:50.741 32354 32354 W ServiceManager: Service media_codec_denylist didn't start. Returning NULL
07-17 16:22:50.741 32354 32354 E MediaCodecDenylistVCB: failed to bind to media_codec_denylist service
07-17 16:22:50.741 32354 32354 E MediaCodecDenylistVCB: unable to get service media_codec_denylist
07-17 16:22:50.744   216   216 E SELinux : avc:  denied  { find } for service=media_codec_denylist pid=32354 uid=2000 scontext=u:r:shell:s0 tcontext=u:object_r:media_codec_denylist_service:s0 tclass=service_manager permissive=0
07-17 16:22:50.981   332   527 I DolbyAudioStreamOut: getLatency() Total latency:123ms (Downstream(slider adjusted):58ms, DMA:115ms, tuning:-50ms, tuningBT:0ms), input format:0x1, sink:0x400, UxOutSetting:0, CurOutFormat:0x1
07-17 16:22:51.055   392 32375 I GenericSource: start
07-17 16:22:51.066   392 32380 I OMXClient: IOmx service obtained
07-17 16:22:51.077   398  1073 I OMXMaster: makeComponentInstance(OMX.google.mp3.decoder) in omx@1.0-service process
07-17 16:22:51.078   792  1215 E bt_btif : register_notification_rsp: Avrcp device is not connected, handle: 0x0
07-17 16:22:51.078   792  1215 I chatty  : uid=1002(bluetooth) BluetoothAvrcpH identical 4 lines
07-17 16:22:51.078   792  1215 E bt_btif : register_notification_rsp: Avrcp device is not connected, handle: 0x0
07-17 16:22:51.118   392 32380 I MediaCodecLogger: [ASAP] SW.audio.mpeg P2 + 15322640
07-17 16:22:51.120   398  1073 E OMXNodeInstance: setConfig(0xaca1cd80:google.mp3.decoder, ConfigPriority(0x6f800002)) ERROR: Undefined(0x80001001)
07-17 16:22:51.120   392 32380 I ACodec  : codec does not support config priority (err -2147483648)
07-17 16:22:51.121   398 21189 E OMXNodeInstance: getConfig(0xaca1cd80:google.mp3.decoder, ConfigAndroidVendorExtension(0x6f100004)) ERROR: Undefined(0x80001001)
07-17 16:22:51.121   392 32380 I MediaCodecLogger: [ASAP] SW.audio.mpeg P2 - 15322643
07-17 16:22:51.123   390   390 I MediaCodecLoggerService: [registerClient] now these many clients!! 2 last ID = a618e410 PID = 31528 video = 0
07-17 16:22:51.124   392 32380 I MediaCodec: MediaCodec will operate in async mode
07-17 16:22:51.124   392 32379 I MediaCodecLogger: [ASAP] SW.audio.mpeg P3 + 15322646
07-17 16:22:51.138   392 32380 I MediaCodecLogger: [ASAP] SW.audio.mpeg P3 - 15322660
07-17 16:22:51.139   392 32380 I MediaCodecLogger: [ASAP] SW.audio.mpeg Got First Input Frame 15322661 pts:0
07-17 16:22:51.142   392 32380 I MediaCodecLogger: updatePTSTime [SW.audio.mpeg] First PTS after Flush or reset = 0
07-17 16:22:51.142   392 32380 I MediaCodecLogger: [ASAP] SW.audio.mpeg Got First Frame Ready 15322664(3)
07-17 16:22:51.145   392 32378 W AppPermissionsManager: getPackageNameFromPid Could not OPEN file /proc/31528/cmdline
07-17 16:22:51.145   347 15830 I APM_AudioPolicyManager: getOutputForAttr() device 0x400, sampling rate 48000, format 0x1, channel mask 0x3, flags 0x8 stream 0x3
07-17 16:22:51.145   347 15830 I APM_AudioPolicyManager:   getOutputForAttr() returns output 13 selectedDeviceId 14
07-17 16:22:51.146   347 15830 W AudioFlinger: createTrack_l(): mismatch between requested flags (00000008) and output flags (00000002)
07-17 16:22:51.158   347 15830 I hash_map_utils: key: 'get_audio_delay' value: ''
07-17 16:22:51.161   347 15830 I APM_AudioPolicyManager: startOutput() output 13, stream 3, session 841, caller pid: 31528, uid: 10247
07-17 16:22:51.169   332   527 I DolbyAudioStreamOut: write, new playback through Dolby proxy. Format=0x1, ChannelMask=0x3, SamplingRate=48000Hz isDirect 0
07-17 16:22:51.175   274   274 I Zygote  : Process 31245 exited due to signal 9 (Killed)
07-17 16:22:51.175   531 15444 I ActivityManager: Process com.amazon.alexa.externalmediaplayer.fireos (pid 31245) has died: cch+1CEM 
07-17 16:22:51.175  1647  7366 W ClientConnectionManager: Binder of SimClient has died
07-17 16:22:51.176  1647  7366 I AlexaFocusClientDeathCallback: Client (com.amazon.alexa.externalmediaplayer.fireos) died
07-17 16:22:51.176  1647  7366 I AlexaFocusInFocusChannel: Releasing all system focus for com.amazon.alexa.externalmediaplayer.fireos with client d6366ac
07-17 16:22:51.176  1647  7366 I AlexaFocusInFocusChannel: No system focus to release for com.amazon.alexa.externalmediaplayer.fireos with client d6366ac
07-17 16:22:51.177   531   551 W libprocessgroup: kill(-31245, 9) failed: No such process
07-17 16:22:51.177   531   551 I libprocessgroup: Successfully killed process cgroup uid 10037 pid 31245 in 0ms
07-17 16:22:51.178  1647 31176 W ClientConnectionManager: Binder of SimClient has died
07-17 16:22:51.178  1647 31176 I BaseContextManager: Clearing DeviceContext for client: com.amazon.alexa.externalmediaplayer.fireos
07-17 16:22:51.183   332   527 I DolbyAudioHwDeviceProxy: resumeDownstream() for device:0x400
07-17 16:22:51.205 31528 31534 I vision.svplaye: JIT allocated 70KB for stack maps of void com.smartvision.svplayer.ui.navigation.AppNavigationKt.AppNavigation(androidx.navigation.NavHostController, androidx.compose.runtime.Composer, int, int)
07-17 16:22:51.212 31528 31534 I vision.svplaye: Compiler allocated 6MB to compile void com.smartvision.svplayer.ui.navigation.AppNavigationKt.AppNavigation(androidx.navigation.NavHostController, androidx.compose.runtime.Composer, int, int)
07-17 16:22:51.366 31528 31539 I vision.svplaye: Background concurrent copying GC freed 191296(6MB) AllocSpace objects, 0(0B) LOS objects, 42% free, 8MB/14MB, paused 353us total 138.080ms
07-17 16:22:51.745   216   216 E SELinux : avc:  denied  { find } for service=media_codec_denylist pid=32354 uid=2000 scontext=u:r:shell:s0 tcontext=u:object_r:media_codec_denylist_service:s0 tclass=service_manager permissive=0
07-17 16:22:52.379  1313  1313 I main.wifi_score: dump_wifi_score_ctxt(): is2g=0, is11ac=1, is11ax=0, chan_bw=80, nss=2, bcn_rssi=-66, data_rssi=-68, tx_ok=513758, tx_failed=48446, cca_idle_pct=95
07-17 16:22:52.379  1313  1313 I main.wifi_score: dump_wifi_score_ctxt(): last_tx_stats: sgi=0, pream=2, mcs=7, ss=2, bw=2
07-17 16:22:52.379  1313  1313 I main.wifi_score: rate correction orig per/mcs/bw 44/7/2, new per/mcs/bw 14/6/2
07-17 16:22:52.746   216   216 E SELinux : avc:  denied  { find } for service=media_codec_denylist pid=32354 uid=2000 scontext=u:r:shell:s0 tcontext=u:object_r:media_codec_denylist_service:s0 tclass=service_manager permissive=0
07-17 16:22:53.036 31528 31539 I vision.svplaye: Background concurrent copying GC freed 196272(6MB) AllocSpace objects, 0(0B) LOS objects, 43% free, 7MB/13MB, paused 155us total 118.652ms
07-17 16:22:53.083   531 15444 E SELinux : avc:  denied  { see_home_task } for  scontext=u:r:platform_app:s0:c512,c768 tcontext=u:r:system_server:s0 tclass=amazon_policies permissive=0
07-17 16:22:53.107  1762  1930 I NetworkMonitorStates: Network capabilities changed: 100, hasValidatedInternet=true, validatedNetworks: [100]
07-17 16:22:53.107  1762  1930 I NetworkMonitorStates: checkInternetState: validatedNetworks=[100], result=Available
07-17 16:22:53.107  1762  1930 I NetworkMonitorStates: updateInternetState: Available -> Available
07-17 16:22:53.108  2704  2750 I ArcusSyncManager/RemoteDeviceManagerArcus: onCapabilitiesChanged arcusId: arn:aws:remote-config:us-west-2:875023860230:appConfig:aenxb37n
07-17 16:22:53.108  2704  2750 I ArcusSyncManager/RemoteDeviceManagerArcus: onCapabilitiesChanged arcusId: arn:aws:remote-config:us-west-2:875023860230:appConfig:aenxb37n
07-17 16:22:53.110   531   666 I ArcusSyncManager/AmazonInputManager: onCapabilitiesChanged arcusId: arn:aws:remote-config:us-west-2:148732287600:appConfig:aezitige
07-17 16:22:53.110   531   666 I ArcusSyncManager/AmazonInputManager: onCapabilitiesChanged arcusId: arn:aws:remote-config:us-west-2:148732287600:appConfig:a06u7jxn
07-17 16:22:53.746   216   216 E SELinux : avc:  denied  { find } for service=media_codec_denylist pid=32354 uid=2000 scontext=u:r:shell:s0 tcontext=u:object_r:media_codec_denylist_service:s0 tclass=service_manager permissive=0
07-17 16:22:54.721 31528 31539 I vision.svplaye: Background concurrent copying GC freed 192718(6MB) AllocSpace objects, 0(0B) LOS objects, 43% free, 7MB/13MB, paused 148us total 116.328ms
07-17 16:22:54.729 31528 31537 W MediaPlayer-JNI: MediaPlayer finalized without being released
07-17 16:22:54.730   792  1215 E bt_btif : register_notification_rsp: Avrcp device is not connected, handle: 0x0
07-17 16:22:54.730   792  1215 I chatty  : uid=1002(bluetooth) BluetoothAvrcpH identical 4 lines
07-17 16:22:54.730   792  1215 E bt_btif : register_notification_rsp: Avrcp device is not connected, handle: 0x0
07-17 16:22:54.733   390   390 I MediaCodecLoggerService: [unregisterClient] audio Id: a618e410 remaining: 1
07-17 16:22:54.746   332   527 I DolbyAudioStreamOut: getLatency() Total latency:120ms (Downstream(slider adjusted):55ms, DMA:115ms, tuning:-50ms, tuningBT:0ms), input format:0x1, sink:0x400, UxOutSetting:0, CurOutFormat:0x1
07-17 16:22:54.748   216   216 E SELinux : avc:  denied  { find } for service=media_codec_denylist pid=32354 uid=2000 scontext=u:r:shell:s0 tcontext=u:object_r:media_codec_denylist_service:s0 tclass=service_manager permissive=0
07-17 16:22:54.755   347   507 I APM_AudioPolicyManager: stopOutput() output 13, stream 3, session 841, caller pid: 31528, uid: 10247
07-17 16:22:55.749   216   216 E SELinux : avc:  denied  { find } for service=media_codec_denylist pid=32354 uid=2000 scontext=u:r:shell:s0 tcontext=u:object_r:media_codec_denylist_service:s0 tclass=service_manager permissive=0
07-17 16:22:55.749 32354 32354 W ServiceManager: Service media_codec_denylist didn't start. Returning NULL
07-17 16:22:55.749 32354 32354 E MediaCodecDenylistVCB: failed to bind to media_codec_denylist service
07-17 16:22:55.749 32354 32354 E MediaCodecDenylistVCB: unable to get service media_codec_denylist
07-17 16:22:55.749   216   216 E SELinux : avc:  denied  { find } for service=media_codec_denylist pid=32354 uid=2000 scontext=u:r:shell:s0 tcontext=u:object_r:media_codec_denylist_service:s0 tclass=service_manager permissive=0
07-17 16:22:56.098   531  5685 E SELinux : avc:  denied  { see_home_task } for  scontext=u:r:platform_app:s0:c512,c768 tcontext=u:r:system_server:s0 tclass=amazon_policies permissive=0
07-17 16:22:56.368  1313  1313 I main.wifi_score: dump_wifi_score_ctxt(): is2g=0, is11ac=1, is11ax=0, chan_bw=80, nss=2, bcn_rssi=-67, data_rssi=-68, tx_ok=513759, tx_failed=48446, cca_idle_pct=95
07-17 16:22:56.368  1313  1313 I main.wifi_score: dump_wifi_score_ctxt(): last_tx_stats: sgi=0, pream=2, mcs=7, ss=2, bw=2
07-17 16:22:56.439 31528 31539 I vision.svplaye: Background concurrent copying GC freed 192650(6MB) AllocSpace objects, 0(0B) LOS objects, 43% free, 7MB/13MB, paused 247us total 124.528ms
07-17 16:22:56.452   531   540 I system_server: Background concurrent copying GC freed 224753(7MB) AllocSpace objects, 30(920KB) LOS objects, 28% free, 15MB/21MB, paused 358us total 253.323ms
07-17 16:22:56.750   216   216 E SELinux : avc:  denied  { find } for service=media_codec_denylist pid=32354 uid=2000 scontext=u:r:shell:s0 tcontext=u:object_r:media_codec_denylist_service:s0 tclass=service_manager permissive=0
07-17 16:22:57.740   332 14964 I DolbyAudioStreamOut: standby()
07-17 16:22:57.751   216   216 E SELinux : avc:  denied  { find } for service=media_codec_denylist pid=32354 uid=2000 scontext=u:r:shell:s0 tcontext=u:object_r:media_codec_denylist_service:s0 tclass=service_manager permissive=0
07-17 16:22:58.117 31528 31539 I vision.svplaye: Background concurrent copying GC freed 192263(6MB) AllocSpace objects, 0(0B) LOS objects, 43% free, 7MB/13MB, paused 232us total 118.215ms
07-17 16:22:58.751   216   216 E SELinux : avc:  denied  { find } for service=media_codec_denylist pid=32354 uid=2000 scontext=u:r:shell:s0 tcontext=u:object_r:media_codec_denylist_service:s0 tclass=service_manager permissive=0
07-17 16:22:58.991   332  2757 I Node    : dolby-audio-meter, AdapterPcmSystem adapter audio meter: channel 0; audio level: 0.681
07-17 16:22:58.991   332  2757 I Node    : dolby-audio-meter, AdapterPcmSystem adapter audio meter: channel 1; audio level: 0.691
07-17 16:22:58.991   332  2757 I Node    : dolby-audio-meter, AdapterPcmOut adapter audio meter: channel 0; audio level: 0.984
07-17 16:22:58.991   332  2757 I Node    : dolby-audio-meter, AdapterPcmOut adapter audio meter: channel 1; audio level: 0.984
07-17 16:22:59.115   531  5685 E SELinux : avc:  denied  { see_home_task } for  scontext=u:r:platform_app:s0:c512,c768 tcontext=u:r:system_server:s0 tclass=amazon_policies permissive=0
07-17 16:22:59.752   216   216 E SELinux : avc:  denied  { find } for service=media_codec_denylist pid=32354 uid=2000 scontext=u:r:shell:s0 tcontext=u:object_r:media_codec_denylist_service:s0 tclass=service_manager permissive=0
07-17 16:22:59.836 31528 31539 I vision.svplaye: Background concurrent copying GC freed 192053(6MB) AllocSpace objects, 0(0B) LOS objects, 42% free, 7MB/13MB, paused 225us total 127.485ms
07-17 16:23:00.379  1313  1313 I main.wifi_score: dump_wifi_score_ctxt(): is2g=0, is11ac=1, is11ax=0, chan_bw=80, nss=2, bcn_rssi=-66, data_rssi=-68, tx_ok=513759, tx_failed=48446, cca_idle_pct=95
07-17 16:23:00.379  1313  1313 I main.wifi_score: dump_wifi_score_ctxt(): last_tx_stats: sgi=0, pream=2, mcs=7, ss=2, bw=2
07-17 16:23:00.431  1271  1550 E MetricBatchJsonSerializer: Unexpected non-zero timestamp offset detected: 120 minutes. All timestamps should be in UTC.
07-17 16:23:00.432  1271  1550 I chatty  : uid=10006(com.amazon.client.metrics) MnvBchOpnWch_KP identical 5 lines
07-17 16:23:00.432  1271  1550 E MetricBatchJsonSerializer: Unexpected non-zero timestamp offset detected: 120 minutes. All timestamps should be in UTC.
07-17 16:23:00.753   216   216 E SELinux : avc:  denied  { find } for service=media_codec_denylist pid=32354 uid=2000 scontext=u:r:shell:s0 tcontext=u:object_r:media_codec_denylist_service:s0 tclass=service_manager permissive=0
07-17 16:23:00.753 32354 32354 W ServiceManager: Service media_codec_denylist didn't start. Returning NULL
07-17 16:23:00.753 32354 32354 E MediaCodecDenylistVCB: failed to bind to media_codec_denylist service
07-17 16:23:00.753 32354 32354 E MediaCodecDenylistVCB: unable to get service media_codec_denylist
07-17 16:23:00.757 32354 32386 I OMXClient: IOmx service obtained
07-17 16:23:00.758   398 30415 I OMXMaster: makeComponentInstance(OMX.MTK.VIDEO.ENCODER.AVC) in omx@1.0-service process
07-17 16:23:00.768   398 30415 E         : eVEncDrvQueryCapability
07-17 16:23:00.768   398 30415 E MtkOmxVenc: [0xac017000] bufk = 0
07-17 16:23:00.770 32354 32358 I MediaCodecLogger: [ASAP] HW.video.avc P2 + 15332292
07-17 16:23:00.771   398 30415 E MtkOmxVenc: [0xac017000] MtkOmxVenc::GetExtensionIndex Unknown parameter name: OMX.google.android.index.enableAndroidNativeBuffers
07-17 16:23:00.771   398 30415 E MtkOmxVenc: [0xac017000] MtkOmxVenc::GetExtensionIndex Unknown parameter name: OMX.google.android.index.allocateNativeHandle
07-17 16:23:00.771   398 30415 E MtkOmxVenc: [0xac017000] MtkOmxVenc::GetExtensionIndex Unknown parameter name: OMX.google.android.index.enableAndroidNativeBuffers
07-17 16:23:00.771   398 30415 E MtkOmxVenc: [0xac017000] MtkOmxVenc::GetExtensionIndex Unknown parameter name: OMX.google.android.index.allocateNativeHandle
07-17 16:23:00.772   398 30415 E MtkOmxVenc: [0xac017000] MtkOmxVenc::GetExtensionIndex Unknown parameter name: OMX.google.android.index.describeColorFormat
07-17 16:23:00.772   398 30415 E MtkOmxVenc: [0xac017000] MtkOmxVenc::GetExtensionIndex Unknown parameter name: OMX.google.android.index.describeColorFormat2
07-17 16:23:00.772 32354 32386 W OMXUtils: do not know color format 0x7f000200 = 2130706944
07-17 16:23:00.772   398 30415 E MtkOmxVenc: [0xac017000] MtkOmxVenc::GetExtensionIndex Unknown parameter name: OMX.google.android.index.describeColorFormat
07-17 16:23:00.772   398 30415 E MtkOmxVenc: [0xac017000] MtkOmxVenc::GetExtensionIndex Unknown parameter name: OMX.google.android.index.describeColorFormat2
07-17 16:23:00.772 32354 32386 W OMXUtils: do not know color format 0x7f000789 = 2130708361
07-17 16:23:00.773 32354 32386 I ACodec  : setupAVCEncoderParameters with [profile: Baseline] [level: Level41]
07-17 16:23:00.773   398 30415 E MtkOmxVenc: [0xac017000] MtkOmxVenc::GetExtensionIndex Unknown parameter name: OMX.google.android.index.describeColorAspects
07-17 16:23:00.773 32354 32386 I ACodec  : [OMX.MTK.VIDEO.ENCODER.AVC] cannot encode color aspects. Ignoring.
07-17 16:23:00.773   398 30415 E MtkOmxVenc: [0xac017000] MtkOmxVenc::GetExtensionIndex Unknown parameter name: OMX.google.android.index.describeHDRStaticInfo
07-17 16:23:00.773 32354 32386 I ACodec  : [OMX.MTK.VIDEO.ENCODER.AVC] cannot encode HDR static metadata. Ignoring.
07-17 16:23:00.773 32354 32386 I ACodec  : setupVideoEncoder succeeded
07-17 16:23:00.773   398 30415 E MtkOmxVenc: [0xac017000] MtkOmxVenc::GetExtensionIndex Unknown parameter name: OMX.google.android.index.describeColorFormat
07-17 16:23:00.773   398 30415 E MtkOmxVenc: [0xac017000] MtkOmxVenc::GetExtensionIndex Unknown parameter name: OMX.google.android.index.describeColorFormat2
07-17 16:23:00.773 32354 32386 W OMXUtils: do not know color format 0x7f000789 = 2130708361
07-17 16:23:00.773   398 30415 E MtkOmxVenc: [0xac017000] MtkOmxVenc::GetConfig unsupported nConfigIndex(0x6F800005)
07-17 16:23:00.774   398 30415 E OMXNodeInstance: getConfig(0xac017004:MTK.ENCODER.AVC, ConfigLatency(0x6f800005)) ERROR: UnsupportedIndex(0x8000101a)
07-17 16:23:00.774   398 30415 E MtkOmxVenc: [0xac017000] MtkOmxVenc::GetExtensionIndex Unknown parameter name: OMX.google.android.index.prepareForAdaptivePlayback
07-17 16:23:00.774   398 30415 E MtkOmxVenc: [0xac017000] MtkOmxVenc::GetExtensionIndex Unknown parameter name: OMX.google.android.index.configureVideoTunnelMode
07-17 16:23:00.774   398 30415 E MtkOmxVenc: [0xac017000] MtkOmxVenc::GetExtensionIndex Unknown parameter name: OMX.google.android.index.useAndroidNativeBuffer2
07-17 16:23:00.774   398 30415 E MtkOmxVenc: [0xac017000] MtkOmxVenc::GetExtensionIndex Unknown parameter name: OMX.google.android.index.useAndroidNativeBuffer
07-17 16:23:00.774   398 30415 E MtkOmxVenc: [0xac017000] MtkOmxVenc::GetExtensionIndex Unknown parameter name: OMX.google.android.index.enableAndroidNativeBuffers
07-17 16:23:00.774   398 30415 E MtkOmxVenc: [0xac017000] MtkOmxVenc::GetExtensionIndex Unknown parameter name: OMX.google.android.index.allocateNativeHandle
07-17 16:23:00.774   398 30415 E MtkOmxVenc: [0xac017000] MtkOmxVenc::GetExtensionIndex Unknown parameter name: OMX.google.android.index.getAndroidNativeBufferUsage
07-17 16:23:00.774   398 30415 E MtkOmxVenc: [0xac017000] MtkOmxVenc::GetConfig unsupported nConfigIndex(0x6F100004)
07-17 16:23:00.774   398 30415 E OMXNodeInstance: getConfig(0xac017004:MTK.ENCODER.AVC, ConfigAndroidVendorExtension(0x6f100004)) ERROR: UnsupportedIndex(0x8000101a)
07-17 16:23:00.780 32354 32358 I MediaCodecLogger: [ASAP] HW.video.avc P2 - 15332302
07-17 16:23:00.784   398 30415 E libc    : Access denied finding property "fos.fre.enforce_queue_pulldown"
07-17 16:23:00.771   398   398 W HwBinder:398_A: type=1400 audit(0.0:637): avc: denied { read } for name="u:object_r:default_prop:s0" dev="tmpfs" ino=1206 scontext=u:r:mediacodec:s0 tcontext=u:object_r:default_prop:s0 tclass=file permissive=0
07-17 16:23:00.784   398 30415 E libc    : Access denied finding property "fos.debug.monitor_pulldown"
07-17 16:23:00.784   398 30415 E libc    : Access denied finding property "fos.debug.enforce_pulldown"
07-17 16:23:00.785   398 30415 E libc    : Access denied finding property "fos.debug.enforce_queue_pulldown"
07-17 16:23:00.771   398   398 W HwBinder:398_A: type=1400 audit(0.0:638): avc: denied { read } for name="u:object_r:default_prop:s0" dev="tmpfs" ino=1206 scontext=u:r:mediacodec:s0 tcontext=u:object_r:default_prop:s0 tclass=file permissive=0
07-17 16:23:00.771   398   398 I chatty  : uid=1046(mediacodec) omx@1.0-service identical 5 lines
07-17 16:23:00.771   398   398 W HwBinder:398_A: type=1400 audit(0.0:644): avc: denied { read } for name="u:object_r:default_prop:s0" dev="tmpfs" ino=1206 scontext=u:r:mediacodec:s0 tcontext=u:object_r:default_prop:s0 tclass=file permissive=0
07-17 16:23:00.785   398 30415 E libc    : Access denied finding property "fos.fre.enforce_queue_pulldown"
07-17 16:23:00.785   398 30415 E libc    : Access denied finding property "fos.debug.monitor_pulldown"
07-17 16:23:00.785   398 30415 E libc    : Access denied finding property "fos.debug.enforce_pulldown"
07-17 16:23:00.785   398 30415 E libc    : Access denied finding property "fos.debug.enforce_queue_pulldown"
07-17 16:23:00.786   398 30415 E MtkOmxVenc: [0xac017000] MtkOmxVenc::GetParameter unsupported nParamIndex(0x6F800004)
07-17 16:23:00.786   398 30415 E OMXNodeInstance: getParameter(0xac017004:MTK.ENCODER.AVC, ParamConsumerUsageBits(0x6f800004)) ERROR: UnsupportedIndex(0x8000101a)
07-17 16:23:00.786   398 30415 E MtkOmxVenc: [0xac017000] MtkOmxVenc::GetParameter unsupported nParamIndex(0x6F800004)
07-17 16:23:00.786   398 30415 E OMXNodeInstance: getParameter(0xac017004:MTK.ENCODER.AVC, ParamConsumerUsageBits(0x6f800004)) ERROR: UnsupportedIndex(0x8000101a)
07-17 16:23:00.786 32354 32354 I MediaCodecLogger: [ASAP] HW.video.avc P3 + 15332308
07-17 16:23:00.821   398 30415 E MtkOmxMVAMgr: [0xaca09878] ION share_fd 46, size (1572864), va (0xA72E2000), handle(0x00000001)
07-17 16:23:00.824   398 30415 E MtkOmxMVAMgr: [0xaca09878] ION share_fd 48, size (1572864), va (0xA6FE2000), handle(0x00000002)
07-17 16:23:00.827   398 30415 E MtkOmxMVAMgr: [0xaca09878] ION share_fd 51, size (1572864), va (0xA6CE2000), handle(0x00000003)
07-17 16:23:00.830   398 30415 E MtkOmxMVAMgr: [0xaca09878] ION share_fd 53, size (1572864), va (0xA69E2000), handle(0x00000004)
07-17 16:23:00.832   398 30415 E MtkOmxMVAMgr: [0xaca09878] ION share_fd 55, size (1572864), va (0xA66E2000), handle(0x00000005)
07-17 16:23:00.835   398 30415 E MtkOmxMVAMgr: [0xaca09878] ION share_fd 57, size (1572864), va (0xA63E2000), handle(0x00000006)
07-17 16:23:00.838   398 30415 E MtkOmxMVAMgr: [0xaca09878] ION share_fd 59, size (1572864), va (0xA60E2000), handle(0x00000007)
07-17 16:23:00.841   398 30415 E MtkOmxMVAMgr: [0xaca09878] ION share_fd 61, size (1572864), va (0xA5DE2000), handle(0x00000008)
07-17 16:23:00.843 32354 32358 I MediaCodecLogger: [ASAP] HW.video.avc P3 - 15332365
07-17 16:23:00.841   349   349 W Binder:349_2: type=1400 audit(0.0:645): avc: denied { call } for scontext=u:r:surfaceflinger:s0 tcontext=u:r:mediacodec:s0 tclass=binder permissive=0
07-17 16:23:00.852   349   433 E         : HpInterface: Wrong interface type.
07-17 16:23:00.862   349   349 E HWComposer: getHdrCapabilities failed for display -1: Invalid display
07-17 16:23:00.866   349   349 W SurfaceFlinger: no suitable EGLConfig found, trying a simpler query
07-17 16:23:00.872   398 30415 W GraphicBufferSource: released unpopulated slots: [0, 1, 2, 3, 4, 5, 6, 7, 8, 9, 10, 11, 12, 13, 14, 15, 16, 17, 18, 19, 20, 21, 22, 23, 24, 25, 26, 27, 28, 29, 30, 31, 32, 33, 34, 35, 36, 37, 38, 39, 40, 41, 42, 43, 44, 45, 46, 47, 48, 49, 50, 51, 52, 53, 54, 55, 56, 57, 58, 59, 60, 61, 62, 63]
07-17 16:23:00.873   349   349 E HWComposer: getSupportedPerFrameMetadata failed for display -1: Invalid display
07-17 16:23:00.903 32354 32357 E ion     : ioctl c0044901 failed with code -1: Invalid argument
07-17 16:23:00.908   398 32392 E MtkOmxVenc: [0xac017000] MtkOmxVenc::GetExtensionIndex Unknown parameter name: OMX.google.android.index.describeColorAspects
07-17 16:23:00.908   398 30415 E MTK_GRALLOC: Same process importing 398
07-17 16:23:00.909   398 32389 E MtkOmxVenc: [0xac017000] CheckGrallocWStride: 1920
07-17 16:23:00.909   349   349 E HWComposer: getLayerReleaseFence failed for display -1: Invalid display
07-17 16:23:00.913   398 32389 E MtkOmxMVAMgr: [0xaca098c0] ION share_fd 21, size (3133952), va (0xA5AE4000), handle(0x00000001)
07-17 16:23:00.915   398 32389 E         : eVEncDrvQueryCapability
07-17 16:23:00.922   398 32389 E MtkOmxVenc: [0xac017000] VAL_CHIP_NAME_MT8695
07-17 16:23:00.923   398 32389 E         : eVEncDrvCreate
07-17 16:23:00.925   398 30415 E MTK_GRALLOC: Same process importing 398
07-17 16:23:00.926   349   349 E HWComposer: getLayerReleaseFence failed for display -1: Invalid display
07-17 16:23:00.926   398 32389 E         : eVEncDrvInit
07-17 16:23:00.927   398 32389 E         : eVEncDrvQueryCapability
07-17 16:23:00.940   398 32389 E MtkOmxVenc: [0xac017000] mCnvtMVAMgr type: ion
07-17 16:23:00.940   398 32389 E MtkOmxMVAMgr: [0xaca76e20] getOmxIonHndlFromVA =21
07-17 16:23:00.940 32354 32358 I MediaCodecLogger: updateFormatChanged width = 1920 height = 1080
07-17 16:23:00.941 32354 32358 I MediaCodecLogger: updatePTSTime [HW.video.avc] First PTS after Flush or reset = 15332429914
07-17 16:23:00.941 32354 32354 I MPEG4Writer: limits: 4294967295/0 bytes/us, bit rate: -1 bps and the estimated moov size 3191 bytes
07-17 16:23:00.943   398 32389 E MDP     : allocate buffer fd 88 size:3110400
07-17 16:23:00.944   398 32389 E MDP     : Size Y:8294400, Cb:0, Cr:0, Ylen:0, Clen:0 Yoffset:0 uoffset:0 base:0xa4eff000
07-17 16:23:00.944   398 32389 E MDP     : Size Y:2073600, Cb:1036800, Cr:0, Ylen:0, Clen:0 Yoffset:0 uoffset:2073600 base:0xa4c07000
07-17 16:23:00.962   398 30415 E MTK_GRALLOC: Same process importing 398
07-17 16:23:00.963   349   349 E HWComposer: getLayerReleaseFence failed for display -1: Invalid display
07-17 16:23:01.023   398 30415 E MTK_GRALLOC: Same process importing 398
07-17 16:23:01.024   349   349 E HWComposer: getLayerReleaseFence failed for display -1: Invalid display
07-17 16:23:01.075   398 30415 E MTK_GRALLOC: Same process importing 398
07-17 16:23:01.076   349   349 E HWComposer: getLayerReleaseFence failed for display -1: Invalid display
07-17 16:23:01.126   398 30415 E MTK_GRALLOC: Same process importing 398
07-17 16:23:01.127   349   349 E HWComposer: getLayerReleaseFence failed for display -1: Invalid display
07-17 16:23:01.135   398 32389 E MDP     : DpIonHandler: flush read buffer by range
07-17 16:23:01.172   398 32389 E MtkOmxVenc: [0xac017000] mCnvtMVAMgr type: ion
07-17 16:23:01.172   398 32389 E MtkOmxMVAMgr: [0xaca76e20] getOmxIonHndlFromVA =21
07-17 16:23:01.172   398 32389 E MDP     : allocate buffer fd 22 size:3110400
07-17 16:23:01.173   398 32389 E MDP     : Size Y:8294400, Cb:0, Cr:0, Ylen:0, Clen:0 Yoffset:0 uoffset:0 base:0xa4eff000
07-17 16:23:01.173 32354 32395 I MPEG4Writer: setStartTimestampUs: 15332429914
07-17 16:23:01.173 32354 32395 I MPEG4Writer: Earliest track starting time: 15332429914
07-17 16:23:01.173   398 32389 E MDP     : Size Y:2073600, Cb:1036800, Cr:0, Ylen:0, Clen:0 Yoffset:0 uoffset:2073600 base:0xa4c07000
07-17 16:23:01.181   398 30415 E MTK_GRALLOC: Same process importing 398
07-17 16:23:01.181   349   349 E HWComposer: getLayerReleaseFence failed for display -1: Invalid display
07-17 16:23:01.244   398 30415 E MTK_GRALLOC: Same process importing 398
07-17 16:23:01.244   349   349 E HWComposer: getLayerReleaseFence failed for display -1: Invalid display
07-17 16:23:01.292   398 30415 E MTK_GRALLOC: Same process importing 398
07-17 16:23:01.292   349   349 E HWComposer: getLayerReleaseFence failed for display -1: Invalid display
07-17 16:23:01.342   398 30415 E MTK_GRALLOC: Same process importing 398
07-17 16:23:01.344   349   349 E HWComposer: getLayerReleaseFence failed for display -1: Invalid display
07-17 16:23:01.352   398 32389 E MDP     : DpIonHandler: flush read buffer by range
07-17 16:23:01.388   398 32389 E MtkOmxVenc: [0xac017000] mCnvtMVAMgr type: ion
07-17 16:23:01.388   398 32389 E MtkOmxMVAMgr: [0xaca76e20] getOmxIonHndlFromVA =21
07-17 16:23:01.389   398 32389 E MDP     : allocate buffer fd 22 size:3110400
07-17 16:23:01.389   398 32389 E MDP     : Size Y:8294400, Cb:0, Cr:0, Ylen:0, Clen:0 Yoffset:0 uoffset:0 base:0xa4eff000
07-17 16:23:01.390   398 32389 E MDP     : Size Y:2073600, Cb:1036800, Cr:0, Ylen:0, Clen:0 Yoffset:0 uoffset:2073600 base:0xa4c07000
07-17 16:23:01.398   398 30415 E MTK_GRALLOC: Same process importing 398
07-17 16:23:01.399   349   349 E HWComposer: getLayerReleaseFence failed for display -1: Invalid display
07-17 16:23:01.464   398 30415 E MTK_GRALLOC: Same process importing 398
07-17 16:23:01.465   349   349 E HWComposer: getLayerReleaseFence failed for display -1: Invalid display
07-17 16:23:01.514   398 30415 E MTK_GRALLOC: Same process importing 398
07-17 16:23:01.515   349   349 E HWComposer: getLayerReleaseFence failed for display -1: Invalid display
07-17 16:23:01.559   398 30415 E MTK_GRALLOC: Same process importing 398
07-17 16:23:01.559   349   349 E HWComposer: getLayerReleaseFence failed for display -1: Invalid display
07-17 16:23:01.584   398 32389 E MDP     : DpIonHandler: flush read buffer by range
07-17 16:23:01.605 31528 31539 I vision.svplaye: Background concurrent copying GC freed 189232(6MB) AllocSpace objects, 0(0B) LOS objects, 42% free, 7MB/13MB, paused 163us total 167.502ms
07-17 16:23:01.620   398 32389 E MtkOmxVenc: [0xac017000] mCnvtMVAMgr type: ion
07-17 16:23:01.620   398 32389 E MtkOmxMVAMgr: [0xaca76e20] getOmxIonHndlFromVA =21
07-17 16:23:01.624   398 32389 E MDP     : allocate buffer fd 22 size:3110400
07-17 16:23:01.626   398 30415 E MTK_GRALLOC: Same process importing 398
07-17 16:23:01.626   398 32389 E MDP     : Size Y:8294400, Cb:0, Cr:0, Ylen:0, Clen:0 Yoffset:0 uoffset:0 base:0xa4eff000
07-17 16:23:01.627   398 32389 E MDP     : Size Y:2073600, Cb:1036800, Cr:0, Ylen:0, Clen:0 Yoffset:0 uoffset:2073600 base:0xa4c07000
07-17 16:23:01.627   349   349 E HWComposer: getLayerReleaseFence failed for display -1: Invalid display
07-17 16:23:01.726   349   349 I chatty  : uid=1000(system) /system/bin/surfaceflinger identical 2 lines
07-17 16:23:01.765   349   349 E HWComposer: getLayerReleaseFence failed for display -1: Invalid display
07-17 16:23:01.818   398 32389 E MDP     : DpIonHandler: flush read buffer by range
07-17 16:23:01.832   349   349 E HWComposer: getLayerReleaseFence failed for display -1: Invalid display
07-17 16:23:01.855   398 32389 E MtkOmxVenc: [0xac017000] mCnvtMVAMgr type: ion
07-17 16:23:01.856   398 32389 E MtkOmxMVAMgr: [0xaca76e20] getOmxIonHndlFromVA =21
07-17 16:23:01.856   398 32392 E MTK_GRALLOC: Same process importing 398
07-17 16:23:01.860   398 32389 E MDP     : allocate buffer fd 22 size:3110400
07-17 16:23:01.861   398 32389 E MDP     : Size Y:8294400, Cb:0, Cr:0, Ylen:0, Clen:0 Yoffset:0 uoffset:0 base:0xa4eff000
07-17 16:23:01.861   398 32389 E MDP     : Size Y:2073600, Cb:1036800, Cr:0, Ylen:0, Clen:0 Yoffset:0 uoffset:2073600 base:0xa4c07000
07-17 16:23:01.881   349   349 E HWComposer: getLayerReleaseFence failed for display -1: Invalid display
07-17 16:23:01.931   349   349 I chatty  : uid=1000(system) /system/bin/surfaceflinger identical 1 line
07-17 16:23:01.981   349   349 E HWComposer: getLayerReleaseFence failed for display -1: Invalid display
07-17 16:23:02.035   398 32389 E MDP     : DpIonHandler: flush read buffer by range
07-17 16:23:02.049   349   349 E HWComposer: getLayerReleaseFence failed for display -1: Invalid display
07-17 16:23:02.071   398 32389 E MtkOmxVenc: [0xac017000] mCnvtMVAMgr type: ion
07-17 16:23:02.071   398 32389 E MtkOmxMVAMgr: [0xaca76e20] getOmxIonHndlFromVA =21
07-17 16:23:02.071   398 32392 E MTK_GRALLOC: Same process importing 398
07-17 16:23:02.073   398 32389 E MDP     : allocate buffer fd 22 size:3110400
07-17 16:23:02.074   398 32389 E MDP     : Size Y:8294400, Cb:0, Cr:0, Ylen:0, Clen:0 Yoffset:0 uoffset:0 base:0xa4eff000
07-17 16:23:02.075   398 32389 E MDP     : Size Y:2073600, Cb:1036800, Cr:0, Ylen:0, Clen:0 Yoffset:0 uoffset:2073600 base:0xa4c07000
07-17 16:23:02.098   349   349 E HWComposer: getLayerReleaseFence failed for display -1: Invalid display
07-17 16:23:02.148   349   349 I chatty  : uid=1000(system) /system/bin/surfaceflinger identical 1 line
07-17 16:23:02.199   349   349 E HWComposer: getLayerReleaseFence failed for display -1: Invalid display
07-17 16:23:02.252   398 32389 E MDP     : DpIonHandler: flush read buffer by range
07-17 16:23:02.265   349   349 E HWComposer: getLayerReleaseFence failed for display -1: Invalid display
07-17 16:23:02.289   398 32389 E MtkOmxVenc: [0xac017000] mCnvtMVAMgr type: ion
07-17 16:23:02.289   398 32389 E MtkOmxMVAMgr: [0xaca76e20] getOmxIonHndlFromVA =21
07-17 16:23:02.289   398 32392 E MTK_GRALLOC: Same process importing 398
07-17 16:23:02.289   398 32389 E MDP     : allocate buffer fd 22 size:3110400
07-17 16:23:02.290   398 32389 E MDP     : Size Y:8294400, Cb:0, Cr:0, Ylen:0, Clen:0 Yoffset:0 uoffset:0 base:0xa4eff000
07-17 16:23:02.290   398 32389 E MDP     : Size Y:2073600, Cb:1036800, Cr:0, Ylen:0, Clen:0 Yoffset:0 uoffset:2073600 base:0xa4c07000
07-17 16:23:02.316   349   349 E HWComposer: getLayerReleaseFence failed for display -1: Invalid display
07-17 16:23:02.365   349   349 I chatty  : uid=1000(system) /system/bin/surfaceflinger identical 1 line
07-17 16:23:02.416   349   349 E HWComposer: getLayerReleaseFence failed for display -1: Invalid display
07-17 16:23:02.475   398 32389 E MDP     : DpIonHandler: flush read buffer by range
07-17 16:23:02.482   349   349 E HWComposer: getLayerReleaseFence failed for display -1: Invalid display
07-17 16:23:02.511   398 32389 E MtkOmxVenc: [0xac017000] mCnvtMVAMgr type: ion
07-17 16:23:02.511   398 32389 E MtkOmxMVAMgr: [0xaca76e20] getOmxIonHndlFromVA =21
07-17 16:23:02.511   398 32392 E MTK_GRALLOC: Same process importing 398
07-17 16:23:02.511   398 32389 E MDP     : allocate buffer fd 104 size:3110400
07-17 16:23:02.513   398 32389 E MDP     : Size Y:8294400, Cb:0, Cr:0, Ylen:0, Clen:0 Yoffset:0 uoffset:0 base:0xa4eff000
07-17 16:23:02.513   398 32389 E MDP     : Size Y:2073600, Cb:1036800, Cr:0, Ylen:0, Clen:0 Yoffset:0 uoffset:2073600 base:0xa4c07000
07-17 16:23:02.533   349   349 E HWComposer: getLayerReleaseFence failed for display -1: Invalid display
07-17 16:23:02.583   349   349 I chatty  : uid=1000(system) /system/bin/surfaceflinger identical 1 line
07-17 16:23:02.632   349   349 E HWComposer: getLayerReleaseFence failed for display -1: Invalid display
07-17 16:23:02.694   398 32389 E MDP     : DpIonHandler: flush read buffer by range
07-17 16:23:02.699   349   349 E HWComposer: getLayerReleaseFence failed for display -1: Invalid display
07-17 16:23:02.731   398 32389 E MtkOmxVenc: [0xac017000] mCnvtMVAMgr type: ion
07-17 16:23:02.731   398 32389 E MtkOmxMVAMgr: [0xaca76e20] getOmxIonHndlFromVA =21
07-17 16:23:02.731   398 32392 E MTK_GRALLOC: Same process importing 398
07-17 16:23:02.731   398 32389 E MDP     : allocate buffer fd 22 size:3110400
07-17 16:23:02.732   398 32389 E MDP     : Size Y:8294400, Cb:0, Cr:0, Ylen:0, Clen:0 Yoffset:0 uoffset:0 base:0xa4eff000
07-17 16:23:02.733   398 32389 E MDP     : Size Y:2073600, Cb:1036800, Cr:0, Ylen:0, Clen:0 Yoffset:0 uoffset:2073600 base:0xa4c07000
07-17 16:23:02.749   349   349 E HWComposer: getLayerReleaseFence failed for display -1: Invalid display
07-17 16:23:02.849   349   349 I chatty  : uid=1000(system) /system/bin/surfaceflinger identical 2 lines
07-17 16:23:02.899   349   349 E HWComposer: getLayerReleaseFence failed for display -1: Invalid display
07-17 16:23:02.925   398 32389 E MDP     : DpIonHandler: flush read buffer by range
07-17 16:23:02.960   398 32389 E MtkOmxVenc: [0xac017000] mCnvtMVAMgr type: ion
07-17 16:23:02.960   398 32389 E MtkOmxMVAMgr: [0xaca76e20] getOmxIonHndlFromVA =21
07-17 16:23:02.961   398 32392 E MTK_GRALLOC: Same process importing 398
07-17 16:23:02.961   398 32389 E MDP     : allocate buffer fd 22 size:3110400
07-17 16:23:02.962   398 32389 E MDP     : Size Y:8294400, Cb:0, Cr:0, Ylen:0, Clen:0 Yoffset:0 uoffset:0 base:0xa4eff000
07-17 16:23:02.964   398 32389 E MDP     : Size Y:2073600, Cb:1036800, Cr:0, Ylen:0, Clen:0 Yoffset:0 uoffset:2073600 base:0xa4c07000
07-17 16:23:02.966   349   349 E HWComposer: getLayerReleaseFence failed for display -1: Invalid display
07-17 16:23:03.066   349   349 I chatty  : uid=1000(system) /system/bin/surfaceflinger identical 2 lines
07-17 16:23:03.116   349   349 E HWComposer: getLayerReleaseFence failed for display -1: Invalid display
07-17 16:23:03.156   398 32389 E MDP     : DpIonHandler: flush read buffer by range
07-17 16:23:03.183   349   349 E HWComposer: getLayerReleaseFence failed for display -1: Invalid display
07-17 16:23:03.192   398 32389 E MtkOmxVenc: [0xac017000] mCnvtMVAMgr type: ion
07-17 16:23:03.192   398 32389 E MtkOmxMVAMgr: [0xaca76e20] getOmxIonHndlFromVA =21
07-17 16:23:03.192   398 32392 E MTK_GRALLOC: Same process importing 398
07-17 16:23:03.197   398 32389 E MDP     : allocate buffer fd 22 size:3110400
07-17 16:23:03.198   398 32389 E MDP     : Size Y:8294400, Cb:0, Cr:0, Ylen:0, Clen:0 Yoffset:0 uoffset:0 base:0xa4eff000
07-17 16:23:03.198   398 32389 E MDP     : Size Y:2073600, Cb:1036800, Cr:0, Ylen:0, Clen:0 Yoffset:0 uoffset:2073600 base:0xa4c07000
07-17 16:23:03.233   349   349 E HWComposer: getLayerReleaseFence failed for display -1: Invalid display
07-17 16:23:03.282   349   349 I chatty  : uid=1000(system) /system/bin/surfaceflinger identical 1 line
07-17 16:23:03.333   349   349 E HWComposer: getLayerReleaseFence failed for display -1: Invalid display
07-17 16:23:03.373   398 32389 E MDP     : DpIonHandler: flush read buffer by range
07-17 16:23:03.400   349   349 E HWComposer: getLayerReleaseFence failed for display -1: Invalid display
07-17 16:23:03.409   398 32389 E MtkOmxVenc: [0xac017000] mCnvtMVAMgr type: ion
07-17 16:23:03.409   398 32389 E MtkOmxMVAMgr: [0xaca76e20] getOmxIonHndlFromVA =21
07-17 16:23:03.409   398 32392 E MTK_GRALLOC: Same process importing 398
07-17 16:23:03.410   398 32389 E MDP     : allocate buffer fd 22 size:3110400
07-17 16:23:03.411   398 32389 E MDP     : Size Y:8294400, Cb:0, Cr:0, Ylen:0, Clen:0 Yoffset:0 uoffset:0 base:0xa4eff000
07-17 16:23:03.411   398 32389 E MDP     : Size Y:2073600, Cb:1036800, Cr:0, Ylen:0, Clen:0 Yoffset:0 uoffset:2073600 base:0xa4c07000
07-17 16:23:03.424 31528 31539 I vision.svplaye: Background concurrent copying GC freed 194109(6MB) AllocSpace objects, 0(0B) LOS objects, 43% free, 7MB/13MB, paused 161us total 123.026ms
07-17 16:23:03.449   349   349 E HWComposer: getLayerReleaseFence failed for display -1: Invalid display
07-17 16:23:03.500   349   349 I chatty  : uid=1000(system) /system/bin/surfaceflinger identical 1 line
07-17 16:23:03.549   349   349 E HWComposer: getLayerReleaseFence failed for display -1: Invalid display
07-17 16:23:03.596   398 32389 E MDP     : DpIonHandler: flush read buffer by range
07-17 16:23:03.617   349   349 E HWComposer: getLayerReleaseFence failed for display -1: Invalid display
07-17 16:23:03.632   398 32389 E MtkOmxVenc: [0xac017000] mCnvtMVAMgr type: ion
07-17 16:23:03.632   398 32389 E MtkOmxMVAMgr: [0xaca76e20] getOmxIonHndlFromVA =21
07-17 16:23:03.632   398 32392 E MTK_GRALLOC: Same process importing 398
07-17 16:23:03.632   398 32389 E MDP     : allocate buffer fd 22 size:3110400
07-17 16:23:03.633   398 32389 E MDP     : Size Y:8294400, Cb:0, Cr:0, Ylen:0, Clen:0 Yoffset:0 uoffset:0 base:0xa4eff000
07-17 16:23:03.633   398 32389 E MDP     : Size Y:2073600, Cb:1036800, Cr:0, Ylen:0, Clen:0 Yoffset:0 uoffset:2073600 base:0xa4c07000
07-17 16:23:03.667   349   349 E HWComposer: getLayerReleaseFence failed for display -1: Invalid display
07-17 16:23:03.716   349   349 I chatty  : uid=1000(system) /system/bin/surfaceflinger identical 1 line
07-17 16:23:03.766   349   349 E HWComposer: getLayerReleaseFence failed for display -1: Invalid display
07-17 16:23:03.813   398 32389 E MDP     : DpIonHandler: flush read buffer by range
07-17 16:23:03.834   349   349 E HWComposer: getLayerReleaseFence failed for display -1: Invalid display
07-17 16:23:03.849   398 32389 E MtkOmxVenc: [0xac017000] mCnvtMVAMgr type: ion
07-17 16:23:03.849   398 32389 E MtkOmxMVAMgr: [0xaca76e20] getOmxIonHndlFromVA =21
07-17 16:23:03.849   398 32392 E MTK_GRALLOC: Same process importing 398
07-17 16:23:03.849   398 32389 E MDP     : allocate buffer fd 22 size:3110400
07-17 16:23:03.850   398 32389 E MDP     : Size Y:8294400, Cb:0, Cr:0, Ylen:0, Clen:0 Yoffset:0 uoffset:0 base:0xa4eff000
07-17 16:23:03.851   398 32389 E MDP     : Size Y:2073600, Cb:1036800, Cr:0, Ylen:0, Clen:0 Yoffset:0 uoffset:2073600 base:0xa4c07000
07-17 16:23:03.883   349   349 E HWComposer: getLayerReleaseFence failed for display -1: Invalid display
07-17 16:23:03.933   349   349 I chatty  : uid=1000(system) /system/bin/surfaceflinger identical 1 line
07-17 16:23:03.984   349   349 E HWComposer: getLayerReleaseFence failed for display -1: Invalid display
07-17 16:23:04.033   398 32389 E MDP     : DpIonHandler: flush read buffer by range
07-17 16:23:04.051   349   349 E HWComposer: getLayerReleaseFence failed for display -1: Invalid display
