--------- beginning of main
07-17 10:02:23.777 24603 24603 I chatty  : uid=10247(com.smartvision.svplayer) expire 2 lines
07-17 10:02:23.777 24603 24911 I chatty  : uid=10247(com.smartvision.svplayer) AmazonKeyEventL expire 6 lines
07-17 10:02:24.053 24603 24707 I chatty  : uid=10247(com.smartvision.svplayer) RenderThread expire 2 lines
07-17 10:02:33.020 24603 24616 I chatty  : uid=10247(com.smartvision.svplayer) HeapTaskDaemon expire 12 lines
07-17 10:02:48.433 24603 24616 I chatty  : uid=10247(com.smartvision.svplayer) HeapTaskDaemon expire 10 lines
07-17 10:03:01.125 24603 24616 I chatty  : uid=10247(com.smartvision.svplayer) HeapTaskDaemon expire 10 lines
07-17 10:03:13.724 24603 24616 I chatty  : uid=10247(com.smartvision.svplayer) HeapTaskDaemon expire 12 lines
07-17 10:03:28.852 24603 24616 I chatty  : uid=10247(com.smartvision.svplayer) HeapTaskDaemon expire 10 lines
07-17 10:03:41.473 24603 24616 I chatty  : uid=10247(com.smartvision.svplayer) HeapTaskDaemon expire 13 lines
07-17 10:03:57.994 24603 24616 I chatty  : uid=10247(com.smartvision.svplayer) HeapTaskDaemon expire 11 lines
07-17 10:04:11.828 24603 24616 I chatty  : uid=10247(com.smartvision.svplayer) HeapTaskDaemon expire 10 lines
07-17 10:04:24.453 24603 24616 I chatty  : uid=10247(com.smartvision.svplayer) HeapTaskDaemon expire 10 lines
07-17 10:04:38.081 24603 24616 I chatty  : uid=10247(com.smartvision.svplayer) HeapTaskDaemon expire 11 lines
07-17 10:04:52.012 24603 24616 I chatty  : uid=10247(com.smartvision.svplayer) HeapTaskDaemon expire 10 lines
07-17 10:05:04.680 24603 24616 I chatty  : uid=10247(com.smartvision.svplayer) HeapTaskDaemon expire 10 lines
07-17 10:05:17.309 24603 24616 I chatty  : uid=10247(com.smartvision.svplayer) HeapTaskDaemon expire 10 lines
07-17 10:05:27.426 24603 24603 I chatty  : uid=10247(com.smartvision.svplayer) expire 10 lines
07-17 10:05:27.727 24603 24640 I chatty  : uid=10247(com.smartvision.svplayer) Profile Saver expire 4 lines
07-17 10:05:28.215 24603 24616 I chatty  : uid=10247(com.smartvision.svplayer) HeapTaskDaemon expire 10 lines
07-17 10:06:15.461 24603 24616 I chatty  : uid=10247(com.smartvision.svplayer) HeapTaskDaemon expire 11 lines
07-17 10:06:36.499 24603 24616 I chatty  : uid=10247(com.smartvision.svplayer) HeapTaskDaemon expire 10 lines
07-17 10:06:51.093 24603 24603 I chatty  : uid=10247(com.smartvision.svplayer) expire 28 lines
07-17 10:06:52.938 24603 31320 I chatty  : uid=10247(com.smartvision.svplayer) JNISurfaceTextu expire 118 lines
07-17 10:06:53.016 24603 31319 I chatty  : uid=10247(com.smartvision.svplayer) MediaCodec_loop expire 13 lines
07-17 10:06:53.058 24603 31315 I chatty  : uid=10247(com.smartvision.svplayer) ExoPlayer:Playb expire 3 lines
07-17 10:06:53.122 24603 31328 I chatty  : uid=10247(com.smartvision.svplayer) MediaCodec_loop expire 8 lines
07-17 10:06:53.626 24603 24707 I chatty  : uid=10247(com.smartvision.svplayer) RenderThread expire 538 lines
07-17 10:06:55.382 24603 24616 I chatty  : uid=10247(com.smartvision.svplayer) HeapTaskDaemon expire 1 line
07-17 10:06:57.146 24603 24707 E libc    : Access denied finding property "vendor.dpframework.dumpbuffer.checksum"
07-17 10:06:57.146 24603 24707 E libc    : Access denied finding property "vendor.dpframework.dumpbuffer.enable"
07-17 10:06:57.183 24603 31320 E FrameEvents: updateAcquireFence: Did not find frame.
07-17 10:06:57.292 24603 31320 I chatty  : uid=10247(com.smartvision.svplayer) JNISurfaceTextu identical 3 lines
07-17 10:06:57.322 24603 31320 E FrameEvents: updateAcquireFence: Did not find frame.
07-17 10:06:57.350 24603 24707 E libc    : Access denied finding property "vendor.dpframework.log.enable"
07-17 10:06:57.352 24603 24707 I chatty  : uid=10247(com.smartvision.svplayer) RenderThread identical 16 lines
07-17 10:06:57.352 24603 24707 E libc    : Access denied finding property "vendor.dpframework.log.enable"
07-17 10:06:57.352 24603 24707 E libc    : Access denied finding property "vendor.dpframework.dumpbuffer.checksum"
07-17 10:06:57.352 24603 24707 E libc    : Access denied finding property "vendor.dpframework.dumpbuffer.enable"
07-17 10:06:57.374 24603 31320 E FrameEvents: updateAcquireFence: Did not find frame.
07-17 10:06:57.495 24603 31320 I chatty  : uid=10247(com.smartvision.svplayer) JNISurfaceTextu identical 3 lines
07-17 10:06:57.528 24603 31320 E FrameEvents: updateAcquireFence: Did not find frame.
07-17 10:06:57.556 24603 24707 E libc    : Access denied finding property "vendor.dpframework.log.enable"
07-17 10:06:57.558 24603 24707 I chatty  : uid=10247(com.smartvision.svplayer) RenderThread identical 16 lines
07-17 10:06:57.558 24603 24707 E libc    : Access denied finding property "vendor.dpframework.log.enable"
07-17 10:06:57.558 24603 24707 E libc    : Access denied finding property "vendor.dpframework.dumpbuffer.checksum"
07-17 10:06:57.558 24603 24707 E libc    : Access denied finding property "vendor.dpframework.dumpbuffer.enable"
07-17 10:06:57.579 24603 31320 E FrameEvents: updateAcquireFence: Did not find frame.
07-17 10:06:57.691 24603 31320 I chatty  : uid=10247(com.smartvision.svplayer) JNISurfaceTextu identical 3 lines
07-17 10:06:57.731 24603 31320 E FrameEvents: updateAcquireFence: Did not find frame.
07-17 10:06:57.736 24603 24603 W RenderThread: type=1400 audit(0.0:542050): avc: denied { open } for path="/dev/__properties__/u:object_r:vendor_default_prop:s0" dev="tmpfs" ino=355 scontext=u:r:untrusted_app:s0:c247,c256,c512,c768 tcontext=u:object_r:vendor_default_prop:s0 tclass=file permissive=0
07-17 10:06:57.736 24603 24603 I chatty  : uid=10247(com.smartvision.svplayer) identical 3 lines
07-17 10:06:57.736 24603 24603 W RenderThread: type=1400 audit(0.0:542054): avc: denied { open } for path="/dev/__properties__/u:object_r:vendor_default_prop:s0" dev="tmpfs" ino=355 scontext=u:r:untrusted_app:s0:c247,c256,c512,c768 tcontext=u:object_r:vendor_default_prop:s0 tclass=file permissive=0
07-17 10:06:57.743 24603 24707 E libc    : Access denied finding property "vendor.dpframework.log.enable"
07-17 10:06:57.744 24603 24707 I chatty  : uid=10247(com.smartvision.svplayer) RenderThread identical 16 lines
07-17 10:06:57.744 24603 24707 E libc    : Access denied finding property "vendor.dpframework.log.enable"
07-17 10:06:57.744 24603 24707 E libc    : Access denied finding property "vendor.dpframework.dumpbuffer.checksum"
07-17 10:06:57.744 24603 24707 E libc    : Access denied finding property "vendor.dpframework.dumpbuffer.enable"
07-17 10:06:57.774 24603 31320 E FrameEvents: updateAcquireFence: Did not find frame.
07-17 10:06:57.813 24603 31320 I chatty  : uid=10247(com.smartvision.svplayer) JNISurfaceTextu identical 1 line
07-17 10:06:57.843 24603 31320 E FrameEvents: updateAcquireFence: Did not find frame.
07-17 10:06:57.870 24603 24707 E libc    : Access denied finding property "vendor.dpframework.log.enable"
07-17 10:06:57.872 24603 24707 I chatty  : uid=10247(com.smartvision.svplayer) RenderThread identical 16 lines
07-17 10:06:57.872 24603 24707 E libc    : Access denied finding property "vendor.dpframework.log.enable"
07-17 10:06:57.872 24603 24707 E libc    : Access denied finding property "vendor.dpframework.dumpbuffer.checksum"
07-17 10:06:57.872 24603 24707 E libc    : Access denied finding property "vendor.dpframework.dumpbuffer.enable"
07-17 10:06:57.894 24603 31320 E FrameEvents: updateAcquireFence: Did not find frame.
07-17 10:06:57.923 24603 31320 E FrameEvents: updateAcquireFence: Did not find frame.
07-17 10:06:57.945 24603 24616 I vision.svplaye: Background concurrent copying GC freed 209002(6MB) AllocSpace objects, 0(0B) LOS objects, 11% free, 46MB/52MB, paused 223us total 426.981ms
07-17 10:06:57.973 24603 31320 E FrameEvents: updateAcquireFence: Did not find frame.
07-17 10:06:58.014 24603 31320 I chatty  : uid=10247(com.smartvision.svplayer) JNISurfaceTextu identical 1 line
07-17 10:06:58.046 24603 31320 E FrameEvents: updateAcquireFence: Did not find frame.
07-17 10:06:58.051 24603 24707 E libc    : Access denied finding property "vendor.dpframework.log.enable"
07-17 10:06:58.052 24603 24707 I chatty  : uid=10247(com.smartvision.svplayer) RenderThread identical 16 lines
07-17 10:06:58.052 24603 24707 E libc    : Access denied finding property "vendor.dpframework.log.enable"
07-17 10:06:58.052 24603 24707 E libc    : Access denied finding property "vendor.dpframework.dumpbuffer.checksum"
07-17 10:06:58.053 24603 24707 E libc    : Access denied finding property "vendor.dpframework.dumpbuffer.enable"
07-17 10:06:58.097 24603 31320 E FrameEvents: updateAcquireFence: Did not find frame.
07-17 10:06:58.127 24603 31320 E FrameEvents: updateAcquireFence: Did not find frame.
07-17 10:06:58.128 24603 31319 I MediaCodecLogger: 24603.HW.video.avc.bitrateInKbps = 5637
07-17 10:06:58.178 24603 31320 E FrameEvents: updateAcquireFence: Did not find frame.
07-17 10:06:58.189 24603 31328 I MediaCodecLogger: 24603.SW.audio.mp4a.bitrateInKbps = 136
07-17 10:06:58.208 24603 31320 E FrameEvents: updateAcquireFence: Did not find frame.
07-17 10:06:58.249 24603 31320 E FrameEvents: updateAcquireFence: Did not find frame.
07-17 10:06:58.254 24603 24707 E libc    : Access denied finding property "vendor.dpframework.log.enable"
07-17 10:06:58.256 24603 24707 I chatty  : uid=10247(com.smartvision.svplayer) RenderThread identical 16 lines
07-17 10:06:58.256 24603 24707 E libc    : Access denied finding property "vendor.dpframework.log.enable"
07-17 10:06:58.256 24603 24707 E libc    : Access denied finding property "vendor.dpframework.dumpbuffer.checksum"
07-17 10:06:58.256 24603 24707 E libc    : Access denied finding property "vendor.dpframework.dumpbuffer.enable"
07-17 10:06:58.291 24603 31320 E FrameEvents: updateAcquireFence: Did not find frame.
07-17 10:06:58.414 24603 31320 I chatty  : uid=10247(com.smartvision.svplayer) JNISurfaceTextu identical 3 lines
07-17 10:06:58.443 24603 31320 E FrameEvents: updateAcquireFence: Did not find frame.
07-17 10:06:58.459 24603 24707 E libc    : Access denied finding property "vendor.dpframework.log.enable"
07-17 10:06:58.461 24603 24707 I chatty  : uid=10247(com.smartvision.svplayer) RenderThread identical 16 lines
07-17 10:06:58.461 24603 24707 E libc    : Access denied finding property "vendor.dpframework.log.enable"
07-17 10:06:58.461 24603 24707 E libc    : Access denied finding property "vendor.dpframework.dumpbuffer.checksum"
07-17 10:06:58.461 24603 24707 E libc    : Access denied finding property "vendor.dpframework.dumpbuffer.enable"
07-17 10:06:58.495 24603 31320 E FrameEvents: updateAcquireFence: Did not find frame.
07-17 10:06:58.616 24603 31320 I chatty  : uid=10247(com.smartvision.svplayer) JNISurfaceTextu identical 3 lines
07-17 10:06:58.645 24603 31320 E FrameEvents: updateAcquireFence: Did not find frame.
07-17 10:06:58.663 24603 24707 E libc    : Access denied finding property "vendor.dpframework.log.enable"
07-17 10:06:58.665 24603 24707 I chatty  : uid=10247(com.smartvision.svplayer) RenderThread identical 16 lines
07-17 10:06:58.665 24603 24707 E libc    : Access denied finding property "vendor.dpframework.log.enable"
07-17 10:06:58.665 24603 24707 E libc    : Access denied finding property "vendor.dpframework.dumpbuffer.checksum"
07-17 10:06:58.665 24603 24707 E libc    : Access denied finding property "vendor.dpframework.dumpbuffer.enable"
07-17 10:06:58.698 24603 31320 E FrameEvents: updateAcquireFence: Did not find frame.
07-17 10:06:58.726 24603 31320 E FrameEvents: updateAcquireFence: Did not find frame.
07-17 10:06:58.777 24603 31320 E FrameEvents: updateAcquireFence: Did not find frame.
07-17 10:06:58.808 24603 31320 I chatty  : uid=10247(com.smartvision.svplayer) JNISurfaceTextu identical 1 line
07-17 10:06:58.848 24603 31320 E FrameEvents: updateAcquireFence: Did not find frame.
07-17 10:06:58.866 24603 24603 W RenderThread: type=1400 audit(0.0:542170): avc: denied { open } for path="/dev/__properties__/u:object_r:vendor_default_prop:s0" dev="tmpfs" ino=355 scontext=u:r:untrusted_app:s0:c247,c256,c512,c768 tcontext=u:object_r:vendor_default_prop:s0 tclass=file permissive=0
07-17 10:06:58.866 24603 24603 I chatty  : uid=10247(com.smartvision.svplayer) identical 1 line
07-17 10:06:58.866 24603 24603 W RenderThread: type=1400 audit(0.0:542172): avc: denied { open } for path="/dev/__properties__/u:object_r:vendor_default_prop:s0" dev="tmpfs" ino=355 scontext=u:r:untrusted_app:s0:c247,c256,c512,c768 tcontext=u:object_r:vendor_default_prop:s0 tclass=file permissive=0
07-17 10:06:58.870 24603 24707 E libc    : Access denied finding property "vendor.dpframework.log.enable"
07-17 10:06:58.866 24603 24603 W RenderThread: type=1400 audit(0.0:542173): avc: denied { open } for path="/dev/__properties__/u:object_r:vendor_default_prop:s0" dev="tmpfs" ino=355 scontext=u:r:untrusted_app:s0:c247,c256,c512,c768 tcontext=u:object_r:vendor_default_prop:s0 tclass=file permissive=0
07-17 10:06:58.870 24603 24707 E libc    : Access denied finding property "vendor.dpframework.log.enable"
07-17 10:06:58.870 24603 24707 I chatty  : uid=10247(com.smartvision.svplayer) RenderThread identical 2 lines
07-17 10:06:58.870 24603 24707 E libc    : Access denied finding property "vendor.dpframework.log.enable"
07-17 10:06:58.866 24603 24603 W RenderThread: type=1400 audit(0.0:542174): avc: denied { open } for path="/dev/__properties__/u:object_r:vendor_default_prop:s0" dev="tmpfs" ino=355 scontext=u:r:untrusted_app:s0:c247,c256,c512,c768 tcontext=u:object_r:vendor_default_prop:s0 tclass=file permissive=0
07-17 10:06:58.870 24603 24707 E libc    : Access denied finding property "vendor.dpframework.log.enable"
07-17 10:06:58.871 24603 24707 I chatty  : uid=10247(com.smartvision.svplayer) RenderThread identical 11 lines
07-17 10:06:58.871 24603 24707 E libc    : Access denied finding property "vendor.dpframework.log.enable"
07-17 10:06:58.871 24603 24707 E libc    : Access denied finding property "vendor.dpframework.dumpbuffer.checksum"
07-17 10:06:58.871 24603 24707 E libc    : Access denied finding property "vendor.dpframework.dumpbuffer.enable"
07-17 10:06:58.900 24603 31320 E FrameEvents: updateAcquireFence: Did not find frame.
07-17 10:06:59.010 24603 31320 I chatty  : uid=10247(com.smartvision.svplayer) JNISurfaceTextu identical 3 lines
07-17 10:06:59.040 24603 31320 E FrameEvents: updateAcquireFence: Did not find frame.
07-17 10:06:59.075 24603 24707 E libc    : Access denied finding property "vendor.dpframework.log.enable"
07-17 10:06:59.076 24603 24707 I chatty  : uid=10247(com.smartvision.svplayer) RenderThread identical 16 lines
07-17 10:06:59.076 24603 24707 E libc    : Access denied finding property "vendor.dpframework.log.enable"
07-17 10:06:59.076 24603 24707 E libc    : Access denied finding property "vendor.dpframework.dumpbuffer.checksum"
07-17 10:06:59.077 24603 24707 E libc    : Access denied finding property "vendor.dpframework.dumpbuffer.enable"
07-17 10:06:59.091 24603 31320 E FrameEvents: updateAcquireFence: Did not find frame.
07-17 10:06:59.210 24603 31320 I chatty  : uid=10247(com.smartvision.svplayer) JNISurfaceTextu identical 3 lines
07-17 10:06:59.240 24603 31320 E FrameEvents: updateAcquireFence: Did not find frame.
07-17 10:06:59.280 24603 24707 E libc    : Access denied finding property "vendor.dpframework.log.enable"
07-17 10:06:59.281 24603 24707 I chatty  : uid=10247(com.smartvision.svplayer) RenderThread identical 16 lines
07-17 10:06:59.281 24603 24707 E libc    : Access denied finding property "vendor.dpframework.log.enable"
07-17 10:06:59.281 24603 24707 E libc    : Access denied finding property "vendor.dpframework.dumpbuffer.checksum"
07-17 10:06:59.281 24603 24707 E libc    : Access denied finding property "vendor.dpframework.dumpbuffer.enable"
07-17 10:06:59.292 24603 31320 E FrameEvents: updateAcquireFence: Did not find frame.
07-17 10:06:59.380 24603 31320 I chatty  : uid=10247(com.smartvision.svplayer) JNISurfaceTextu identical 2 lines
07-17 10:06:59.411 24603 31320 E FrameEvents: updateAcquireFence: Did not find frame.
07-17 10:06:59.416 24603 24707 E libc    : Access denied finding property "vendor.dpframework.log.enable"
07-17 10:06:59.417 24603 24707 I chatty  : uid=10247(com.smartvision.svplayer) RenderThread identical 16 lines
07-17 10:06:59.417 24603 24707 E libc    : Access denied finding property "vendor.dpframework.log.enable"
07-17 10:06:59.417 24603 24707 E libc    : Access denied finding property "vendor.dpframework.dumpbuffer.checksum"
07-17 10:06:59.417 24603 24707 E libc    : Access denied finding property "vendor.dpframework.dumpbuffer.enable"
07-17 10:06:59.451 24603 31320 E FrameEvents: updateAcquireFence: Did not find frame.
07-17 10:06:59.563 24603 31320 I chatty  : uid=10247(com.smartvision.svplayer) JNISurfaceTextu identical 3 lines
07-17 10:06:59.613 24603 31320 E FrameEvents: updateAcquireFence: Did not find frame.
07-17 10:06:59.619 24603 24707 E libc    : Access denied finding property "vendor.dpframework.log.enable"
07-17 10:06:59.620 24603 24707 I chatty  : uid=10247(com.smartvision.svplayer) RenderThread identical 16 lines
07-17 10:06:59.621 24603 24707 E libc    : Access denied finding property "vendor.dpframework.log.enable"
07-17 10:06:59.621 24603 24707 E libc    : Access denied finding property "vendor.dpframework.dumpbuffer.checksum"
07-17 10:06:59.621 24603 24707 E libc    : Access denied finding property "vendor.dpframework.dumpbuffer.enable"
07-17 10:06:59.643 24603 31320 E FrameEvents: updateAcquireFence: Did not find frame.
07-17 10:06:59.763 24603 31320 I chatty  : uid=10247(com.smartvision.svplayer) JNISurfaceTextu identical 3 lines
07-17 10:06:59.814 24603 31320 E FrameEvents: updateAcquireFence: Did not find frame.
07-17 10:06:59.823 24603 24707 E libc    : Access denied finding property "vendor.dpframework.log.enable"
07-17 10:06:59.824 24603 24707 I chatty  : uid=10247(com.smartvision.svplayer) RenderThread identical 16 lines
07-17 10:06:59.824 24603 24707 E libc    : Access denied finding property "vendor.dpframework.log.enable"
07-17 10:06:59.824 24603 24707 E libc    : Access denied finding property "vendor.dpframework.dumpbuffer.checksum"
07-17 10:06:59.824 24603 24707 E libc    : Access denied finding property "vendor.dpframework.dumpbuffer.enable"
07-17 10:06:59.844 24603 31320 E FrameEvents: updateAcquireFence: Did not find frame.
07-17 10:06:59.894 24603 31320 E FrameEvents: updateAcquireFence: Did not find frame.
07-17 10:06:59.925 24603 31320 E FrameEvents: updateAcquireFence: Did not find frame.
07-17 10:06:59.965 24603 31320 I chatty  : uid=10247(com.smartvision.svplayer) JNISurfaceTextu identical 1 line
07-17 10:07:00.016 24603 31320 E FrameEvents: updateAcquireFence: Did not find frame.
07-17 10:07:00.026 24603 24603 W RenderThread: type=1400 audit(0.0:542290): avc: denied { open } for path="/dev/__properties__/u:object_r:vendor_default_prop:s0" dev="tmpfs" ino=355 scontext=u:r:untrusted_app:s0:c247,c256,c512,c768 tcontext=u:object_r:vendor_default_prop:s0 tclass=file permissive=0
07-17 10:07:00.026 24603 24603 W RenderThread: type=1400 audit(0.0:542291): avc: denied { open } for path="/dev/__properties__/u:object_r:vendor_default_prop:s0" dev="tmpfs" ino=355 scontext=u:r:untrusted_app:s0:c247,c256,c512,c768 tcontext=u:object_r:vendor_default_prop:s0 tclass=file permissive=0
07-17 10:07:00.028 24603 24707 E libc    : Access denied finding property "vendor.dpframework.log.enable"
07-17 10:07:00.029 24603 24707 I chatty  : uid=10247(com.smartvision.svplayer) RenderThread identical 12 lines
07-17 10:07:00.029 24603 24707 E libc    : Access denied finding property "vendor.dpframework.log.enable"
07-17 10:07:00.026 24603 24603 W RenderThread: type=1400 audit(0.0:542292): avc: denied { open } for path="/dev/__properties__/u:object_r:vendor_default_prop:s0" dev="tmpfs" ino=355 scontext=u:r:untrusted_app:s0:c247,c256,c512,c768 tcontext=u:object_r:vendor_default_prop:s0 tclass=file permissive=0
07-17 10:07:00.029 24603 24707 E libc    : Access denied finding property "vendor.dpframework.log.enable"
07-17 10:07:00.029 24603 24707 I chatty  : uid=10247(com.smartvision.svplayer) RenderThread identical 2 lines
07-17 10:07:00.029 24603 24707 E libc    : Access denied finding property "vendor.dpframework.log.enable"
07-17 10:07:00.029 24603 24707 E libc    : Access denied finding property "vendor.dpframework.dumpbuffer.checksum"
07-17 10:07:00.029 24603 24707 E libc    : Access denied finding property "vendor.dpframework.dumpbuffer.enable"
07-17 10:07:00.026 24603 24603 W RenderThread: type=1400 audit(0.0:542293): avc: denied { open } for path="/dev/__properties__/u:object_r:vendor_default_prop:s0" dev="tmpfs" ino=355 scontext=u:r:untrusted_app:s0:c247,c256,c512,c768 tcontext=u:object_r:vendor_default_prop:s0 tclass=file permissive=0
07-17 10:07:00.026 24603 24603 W RenderThread: type=1400 audit(0.0:542294): avc: denied { open } for path="/dev/__properties__/u:object_r:vendor_default_prop:s0" dev="tmpfs" ino=355 scontext=u:r:untrusted_app:s0:c247,c256,c512,c768 tcontext=u:object_r:vendor_default_prop:s0 tclass=file permissive=0
07-17 10:07:00.046 24603 31320 E FrameEvents: updateAcquireFence: Did not find frame.
07-17 10:07:00.129 24603 31320 I chatty  : uid=10247(com.smartvision.svplayer) JNISurfaceTextu identical 2 lines
07-17 10:07:00.158 24603 31320 E FrameEvents: updateAcquireFence: Did not find frame.
07-17 10:07:00.166 24603 24707 E libc    : Access denied finding property "vendor.dpframework.log.enable"
07-17 10:07:00.168 24603 24707 I chatty  : uid=10247(com.smartvision.svplayer) RenderThread identical 16 lines
07-17 10:07:00.168 24603 24707 E libc    : Access denied finding property "vendor.dpframework.log.enable"
07-17 10:07:00.168 24603 24707 E libc    : Access denied finding property "vendor.dpframework.dumpbuffer.checksum"
07-17 10:07:00.168 24603 24707 E libc    : Access denied finding property "vendor.dpframework.dumpbuffer.enable"
07-17 10:07:00.210 24603 31320 E FrameEvents: updateAcquireFence: Did not find frame.
07-17 10:07:00.250 24603 31320 I chatty  : uid=10247(com.smartvision.svplayer) JNISurfaceTextu identical 1 line
07-17 10:07:00.292 24603 31320 E FrameEvents: updateAcquireFence: Did not find frame.
07-17 10:07:00.319 24603 24616 I vision.svplaye: Background concurrent copying GC freed 199745(6MB) AllocSpace objects, 0(0B) LOS objects, 11% free, 46MB/52MB, paused 246us total 331.101ms
07-17 10:07:00.331 24603 31320 E FrameEvents: updateAcquireFence: Did not find frame.
07-17 10:07:00.363 24603 31320 E FrameEvents: updateAcquireFence: Did not find frame.
07-17 10:07:00.371 24603 24707 E libc    : Access denied finding property "vendor.dpframework.log.enable"
07-17 10:07:00.373 24603 24707 I chatty  : uid=10247(com.smartvision.svplayer) RenderThread identical 16 lines
07-17 10:07:00.373 24603 24707 E libc    : Access denied finding property "vendor.dpframework.log.enable"
07-17 10:07:00.373 24603 24707 E libc    : Access denied finding property "vendor.dpframework.dumpbuffer.checksum"
07-17 10:07:00.373 24603 24707 E libc    : Access denied finding property "vendor.dpframework.dumpbuffer.enable"
07-17 10:07:00.414 24603 31320 E FrameEvents: updateAcquireFence: Did not find frame.
07-17 10:07:00.527 24603 31320 I chatty  : uid=10247(com.smartvision.svplayer) JNISurfaceTextu identical 3 lines
07-17 10:07:00.569 24603 31320 E FrameEvents: updateAcquireFence: Did not find frame.
07-17 10:07:00.575 24603 24707 E libc    : Access denied finding property "vendor.dpframework.log.enable"
07-17 10:07:00.576 24603 24707 I chatty  : uid=10247(com.smartvision.svplayer) RenderThread identical 16 lines
07-17 10:07:00.576 24603 24707 E libc    : Access denied finding property "vendor.dpframework.log.enable"
07-17 10:07:00.576 24603 24707 E libc    : Access denied finding property "vendor.dpframework.dumpbuffer.checksum"
07-17 10:07:00.576 24603 24707 E libc    : Access denied finding property "vendor.dpframework.dumpbuffer.enable"
07-17 10:07:00.619 24603 31320 E FrameEvents: updateAcquireFence: Did not find frame.
07-17 10:07:00.730 24603 31320 I chatty  : uid=10247(com.smartvision.svplayer) JNISurfaceTextu identical 3 lines
07-17 10:07:00.759 24603 31320 E FrameEvents: updateAcquireFence: Did not find frame.
07-17 10:07:00.780 24603 24707 E libc    : Access denied finding property "vendor.dpframework.log.enable"
07-17 10:07:00.781 24603 24707 I chatty  : uid=10247(com.smartvision.svplayer) RenderThread identical 16 lines
07-17 10:07:00.782 24603 24707 E libc    : Access denied finding property "vendor.dpframework.log.enable"
07-17 10:07:00.782 24603 24707 E libc    : Access denied finding property "vendor.dpframework.dumpbuffer.checksum"
07-17 10:07:00.782 24603 24707 E libc    : Access denied finding property "vendor.dpframework.dumpbuffer.enable"
07-17 10:07:00.810 24603 31320 E FrameEvents: updateAcquireFence: Did not find frame.
07-17 10:07:00.931 24603 31320 I chatty  : uid=10247(com.smartvision.svplayer) JNISurfaceTextu identical 3 lines
07-17 10:07:00.961 24603 31320 E FrameEvents: updateAcquireFence: Did not find frame.
07-17 10:07:00.984 24603 24707 E libc    : Access denied finding property "vendor.dpframework.log.enable"
07-17 10:07:00.985 24603 24707 I chatty  : uid=10247(com.smartvision.svplayer) RenderThread identical 16 lines
07-17 10:07:00.986 24603 24707 E libc    : Access denied finding property "vendor.dpframework.log.enable"
07-17 10:07:00.986 24603 24707 E libc    : Access denied finding property "vendor.dpframework.dumpbuffer.checksum"
07-17 10:07:00.986 24603 24707 E libc    : Access denied finding property "vendor.dpframework.dumpbuffer.enable"
07-17 10:07:01.012 24603 31320 E FrameEvents: updateAcquireFence: Did not find frame.
07-17 10:07:01.132 24603 31320 I chatty  : uid=10247(com.smartvision.svplayer) JNISurfaceTextu identical 3 lines
07-17 10:07:01.163 24603 31320 E FrameEvents: updateAcquireFence: Did not find frame.
07-17 10:07:01.186 24603 24603 W RenderThread: type=1400 audit(0.0:542410): avc: denied { open } for path="/dev/__properties__/u:object_r:vendor_default_prop:s0" dev="tmpfs" ino=355 scontext=u:r:untrusted_app:s0:c247,c256,c512,c768 tcontext=u:object_r:vendor_default_prop:s0 tclass=file permissive=0
07-17 10:07:01.188 24603 24707 E libc    : Access denied finding property "vendor.dpframework.log.enable"
07-17 10:07:01.189 24603 24707 I chatty  : uid=10247(com.smartvision.svplayer) RenderThread identical 3 lines
07-17 10:07:01.190 24603 24707 E libc    : Access denied finding property "vendor.dpframework.log.enable"
07-17 10:07:01.186 24603 24603 W RenderThread: type=1400 audit(0.0:542411): avc: denied { open } for path="/dev/__properties__/u:object_r:vendor_default_prop:s0" dev="tmpfs" ino=355 scontext=u:r:untrusted_app:s0:c247,c256,c512,c768 tcontext=u:object_r:vendor_default_prop:s0 tclass=file permissive=0
07-17 10:07:01.186 24603 24603 I chatty  : uid=10247(com.smartvision.svplayer) identical 2 lines
07-17 10:07:01.186 24603 24603 W RenderThread: type=1400 audit(0.0:542414): avc: denied { open } for path="/dev/__properties__/u:object_r:vendor_default_prop:s0" dev="tmpfs" ino=355 scontext=u:r:untrusted_app:s0:c247,c256,c512,c768 tcontext=u:object_r:vendor_default_prop:s0 tclass=file permissive=0
07-17 10:07:01.190 24603 24707 E libc    : Access denied finding property "vendor.dpframework.log.enable"
07-17 10:07:01.191 24603 24707 I chatty  : uid=10247(com.smartvision.svplayer) RenderThread identical 11 lines
07-17 10:07:01.191 24603 24707 E libc    : Access denied finding property "vendor.dpframework.log.enable"
07-17 10:07:01.191 24603 24707 E libc    : Access denied finding property "vendor.dpframework.dumpbuffer.checksum"
07-17 10:07:01.191 24603 24707 E libc    : Access denied finding property "vendor.dpframework.dumpbuffer.enable"
07-17 10:07:01.213 24603 31320 E FrameEvents: updateAcquireFence: Did not find frame.
07-17 10:07:01.326 24603 31320 I chatty  : uid=10247(com.smartvision.svplayer) JNISurfaceTextu identical 3 lines
07-17 10:07:01.366 24603 31320 E FrameEvents: updateAcquireFence: Did not find frame.
07-17 10:07:01.394 24603 24707 E libc    : Access denied finding property "vendor.dpframework.log.enable"
07-17 10:07:01.395 24603 24707 I chatty  : uid=10247(com.smartvision.svplayer) RenderThread identical 16 lines
07-17 10:07:01.395 24603 24707 E libc    : Access denied finding property "vendor.dpframework.log.enable"
07-17 10:07:01.395 24603 24707 E libc    : Access denied finding property "vendor.dpframework.dumpbuffer.checksum"
07-17 10:07:01.395 24603 24707 E libc    : Access denied finding property "vendor.dpframework.dumpbuffer.enable"
07-17 10:07:01.418 24603 31320 E FrameEvents: updateAcquireFence: Did not find frame.
07-17 10:07:01.528 24603 31320 I chatty  : uid=10247(com.smartvision.svplayer) JNISurfaceTextu identical 3 lines
07-17 10:07:01.569 24603 31320 E FrameEvents: updateAcquireFence: Did not find frame.
07-17 10:07:01.598 24603 24707 E libc    : Access denied finding property "vendor.dpframework.log.enable"
07-17 10:07:01.600 24603 24707 I chatty  : uid=10247(com.smartvision.svplayer) RenderThread identical 16 lines
07-17 10:07:01.600 24603 24707 E libc    : Access denied finding property "vendor.dpframework.log.enable"
07-17 10:07:01.600 24603 24707 E libc    : Access denied finding property "vendor.dpframework.dumpbuffer.checksum"
07-17 10:07:01.600 24603 24707 E libc    : Access denied finding property "vendor.dpframework.dumpbuffer.enable"
07-17 10:07:01.619 24603 31320 E FrameEvents: updateAcquireFence: Did not find frame.
07-17 10:07:01.698 24603 31320 I chatty  : uid=10247(com.smartvision.svplayer) JNISurfaceTextu identical 2 lines
07-17 10:07:01.729 24603 31320 E FrameEvents: updateAcquireFence: Did not find frame.
07-17 10:07:01.736 24603 24707 E libc    : Access denied finding property "vendor.dpframework.log.enable"
07-17 10:07:01.737 24603 24707 I chatty  : uid=10247(com.smartvision.svplayer) RenderThread identical 16 lines
07-17 10:07:01.737 24603 24707 E libc    : Access denied finding property "vendor.dpframework.log.enable"
07-17 10:07:01.737 24603 24707 E libc    : Access denied finding property "vendor.dpframework.dumpbuffer.checksum"
07-17 10:07:01.737 24603 24707 E libc    : Access denied finding property "vendor.dpframework.dumpbuffer.enable"
07-17 10:07:01.770 24603 31320 E FrameEvents: updateAcquireFence: Did not find frame.
07-17 10:07:01.900 24603 31320 I chatty  : uid=10247(com.smartvision.svplayer) JNISurfaceTextu identical 3 lines
07-17 10:07:01.931 24603 31320 E FrameEvents: updateAcquireFence: Did not find frame.
07-17 10:07:01.941 24603 24707 E libc    : Access denied finding property "vendor.dpframework.log.enable"
07-17 10:07:01.942 24603 24707 I chatty  : uid=10247(com.smartvision.svplayer) RenderThread identical 16 lines
07-17 10:07:01.943 24603 24707 E libc    : Access denied finding property "vendor.dpframework.log.enable"
07-17 10:07:01.943 24603 24707 E libc    : Access denied finding property "vendor.dpframework.dumpbuffer.checksum"
07-17 10:07:01.943 24603 24707 E libc    : Access denied finding property "vendor.dpframework.dumpbuffer.enable"
07-17 10:07:01.962 24603 31320 E FrameEvents: updateAcquireFence: Did not find frame.
07-17 10:07:02.103 24603 31320 I chatty  : uid=10247(com.smartvision.svplayer) JNISurfaceTextu identical 3 lines
07-17 10:07:02.134 24603 31320 E FrameEvents: updateAcquireFence: Did not find frame.
07-17 10:07:02.146 24603 24707 E libc    : Access denied finding property "vendor.dpframework.log.enable"
07-17 10:07:02.148 24603 24707 I chatty  : uid=10247(com.smartvision.svplayer) RenderThread identical 16 lines
07-17 10:07:02.148 24603 24707 E libc    : Access denied finding property "vendor.dpframework.log.enable"
07-17 10:07:02.148 24603 24707 E libc    : Access denied finding property "vendor.dpframework.dumpbuffer.checksum"
07-17 10:07:02.148 24603 24707 E libc    : Access denied finding property "vendor.dpframework.dumpbuffer.enable"
07-17 10:07:02.164 24603 31320 E FrameEvents: updateAcquireFence: Did not find frame.
07-17 10:07:02.296 24603 31320 I chatty  : uid=10247(com.smartvision.svplayer) JNISurfaceTextu identical 3 lines
07-17 10:07:02.327 24603 31320 E FrameEvents: updateAcquireFence: Did not find frame.
07-17 10:07:02.351 24603 24707 E libc    : Access denied finding property "vendor.dpframework.log.enable"
07-17 10:07:02.351 24603 24707 E libc    : Access denied finding property "vendor.dpframework.log.enable"
07-17 10:07:02.346 24603 24603 W RenderThread: type=1400 audit(0.0:542530): avc: denied { open } for path="/dev/__properties__/u:object_r:vendor_default_prop:s0" dev="tmpfs" ino=355 scontext=u:r:untrusted_app:s0:c247,c256,c512,c768 tcontext=u:object_r:vendor_default_prop:s0 tclass=file permissive=0
07-17 10:07:02.351 24603 24707 E libc    : Access denied finding property "vendor.dpframework.log.enable"
07-17 10:07:02.351 24603 24707 I chatty  : uid=10247(com.smartvision.svplayer) RenderThread identical 3 lines
07-17 10:07:02.351 24603 24707 E libc    : Access denied finding property "vendor.dpframework.log.enable"
07-17 10:07:02.346 24603 24603 W RenderThread: type=1400 audit(0.0:542531): avc: denied { open } for path="/dev/__properties__/u:object_r:vendor_default_prop:s0" dev="tmpfs" ino=355 scontext=u:r:untrusted_app:s0:c247,c256,c512,c768 tcontext=u:object_r:vendor_default_prop:s0 tclass=file permissive=0
07-17 10:07:02.351 24603 24707 E libc    : Access denied finding property "vendor.dpframework.log.enable"
07-17 10:07:02.352 24603 24707 I chatty  : uid=10247(com.smartvision.svplayer) RenderThread identical 4 lines
07-17 10:07:02.352 24603 24707 E libc    : Access denied finding property "vendor.dpframework.log.enable"
07-17 10:07:02.346 24603 24603 W RenderThread: type=1400 audit(0.0:542532): avc: denied { open } for path="/dev/__properties__/u:object_r:vendor_default_prop:s0" dev="tmpfs" ino=355 scontext=u:r:untrusted_app:s0:c247,c256,c512,c768 tcontext=u:object_r:vendor_default_prop:s0 tclass=file permissive=0
07-17 10:07:02.352 24603 24707 E libc    : Access denied finding property "vendor.dpframework.log.enable"
07-17 10:07:02.352 24603 24707 I chatty  : uid=10247(com.smartvision.svplayer) RenderThread identical 2 lines
07-17 10:07:02.352 24603 24707 E libc    : Access denied finding property "vendor.dpframework.log.enable"
07-17 10:07:02.346 24603 24603 W RenderThread: type=1400 audit(0.0:542533): avc: denied { open } for path="/dev/__properties__/u:object_r:vendor_default_prop:s0" dev="tmpfs" ino=355 scontext=u:r:untrusted_app:s0:c247,c256,c512,c768 tcontext=u:object_r:vendor_default_prop:s0 tclass=file permissive=0
07-17 10:07:02.352 24603 24707 E libc    : Access denied finding property "vendor.dpframework.log.enable"
07-17 10:07:02.352 24603 24707 E libc    : Access denied finding property "vendor.dpframework.dumpbuffer.checksum"
07-17 10:07:02.352 24603 24707 E libc    : Access denied finding property "vendor.dpframework.dumpbuffer.enable"
07-17 10:07:02.346 24603 24603 W RenderThread: type=1400 audit(0.0:542534): avc: denied { open } for path="/dev/__properties__/u:object_r:vendor_default_prop:s0" dev="tmpfs" ino=355 scontext=u:r:untrusted_app:s0:c247,c256,c512,c768 tcontext=u:object_r:vendor_default_prop:s0 tclass=file permissive=0
07-17 10:07:02.368 24603 31320 E FrameEvents: updateAcquireFence: Did not find frame.
07-17 10:07:02.418 24603 31320 I chatty  : uid=10247(com.smartvision.svplayer) JNISurfaceTextu identical 1 line
07-17 10:07:02.448 24603 31320 E FrameEvents: updateAcquireFence: Did not find frame.
07-17 10:07:02.488 24603 24707 E libc    : Access denied finding property "vendor.dpframework.log.enable"
07-17 10:07:02.490 24603 24707 I chatty  : uid=10247(com.smartvision.svplayer) RenderThread identical 16 lines
07-17 10:07:02.490 24603 24707 E libc    : Access denied finding property "vendor.dpframework.log.enable"
07-17 10:07:02.491 24603 24707 E libc    : Access denied finding property "vendor.dpframework.dumpbuffer.checksum"
07-17 10:07:02.491 24603 24707 E libc    : Access denied finding property "vendor.dpframework.dumpbuffer.enable"
07-17 10:07:02.499 24603 31320 E FrameEvents: updateAcquireFence: Did not find frame.
07-17 10:07:02.567 24603 31320 I chatty  : uid=10247(com.smartvision.svplayer) JNISurfaceTextu identical 2 lines
07-17 10:07:02.617 24603 31320 E FrameEvents: updateAcquireFence: Did not find frame.
07-17 10:07:02.625 24603 24707 E libc    : Access denied finding property "vendor.dpframework.log.enable"
07-17 10:07:02.626 24603 24707 I chatty  : uid=10247(com.smartvision.svplayer) RenderThread identical 16 lines
07-17 10:07:02.626 24603 24707 E libc    : Access denied finding property "vendor.dpframework.log.enable"
07-17 10:07:02.626 24603 24707 E libc    : Access denied finding property "vendor.dpframework.dumpbuffer.checksum"
07-17 10:07:02.626 24603 24707 E libc    : Access denied finding property "vendor.dpframework.dumpbuffer.enable"
07-17 10:07:02.649 24603 31320 E FrameEvents: updateAcquireFence: Did not find frame.
07-17 10:07:02.699 24603 31320 I chatty  : uid=10247(com.smartvision.svplayer) JNISurfaceTextu identical 1 line
07-17 10:07:02.729 24603 31320 E FrameEvents: updateAcquireFence: Did not find frame.
07-17 10:07:02.770 24603 31320 E FrameEvents: updateAcquireFence: Did not find frame.
07-17 10:07:02.809 24603 24616 I vision.svplaye: Background concurrent copying GC freed 194050(6MB) AllocSpace objects, 0(0B) LOS objects, 11% free, 46MB/52MB, paused 190us total 426.069ms
07-17 10:07:02.811 24603 31320 E FrameEvents: updateAcquireFence: Did not find frame.
07-17 10:07:02.836 24603 24707 E libc    : Access denied finding property "vendor.dpframework.log.enable"
07-17 10:07:02.837 24603 24707 I chatty  : uid=10247(com.smartvision.svplayer) RenderThread identical 16 lines
07-17 10:07:02.837 24603 24707 E libc    : Access denied finding property "vendor.dpframework.log.enable"
07-17 10:07:02.838 24603 24707 E libc    : Access denied finding property "vendor.dpframework.dumpbuffer.checksum"
07-17 10:07:02.838 24603 24707 E libc    : Access denied finding property "vendor.dpframework.dumpbuffer.enable"
07-17 10:07:02.852 24603 31320 E FrameEvents: updateAcquireFence: Did not find frame.
07-17 10:07:02.931 24603 31320 I chatty  : uid=10247(com.smartvision.svplayer) JNISurfaceTextu identical 2 lines
07-17 10:07:02.963 24603 31320 E FrameEvents: updateAcquireFence: Did not find frame.
07-17 10:07:02.971 24603 24707 E libc    : Access denied finding property "vendor.dpframework.log.enable"
07-17 10:07:02.972 24603 24707 I chatty  : uid=10247(com.smartvision.svplayer) RenderThread identical 16 lines
07-17 10:07:02.972 24603 24707 E libc    : Access denied finding property "vendor.dpframework.log.enable"
07-17 10:07:02.972 24603 24707 E libc    : Access denied finding property "vendor.dpframework.dumpbuffer.checksum"
07-17 10:07:02.972 24603 24707 E libc    : Access denied finding property "vendor.dpframework.dumpbuffer.enable"
07-17 10:07:03.014 24603 31320 E FrameEvents: updateAcquireFence: Did not find frame.
07-17 10:07:03.084 24603 31320 I chatty  : uid=10247(com.smartvision.svplayer) JNISurfaceTextu identical 2 lines
07-17 10:07:03.137 24603 31320 E FrameEvents: updateAcquireFence: Did not find frame.
07-17 10:07:03.148 24603 31319 I MediaCodecLogger: 24603.HW.video.avc.bitrateInKbps = 5069
07-17 10:07:03.169 24603 31320 E FrameEvents: updateAcquireFence: Did not find frame.
07-17 10:07:03.176 24603 24707 E libc    : Access denied finding property "vendor.dpframework.log.enable"
07-17 10:07:03.177 24603 24707 I chatty  : uid=10247(com.smartvision.svplayer) RenderThread identical 16 lines
07-17 10:07:03.177 24603 24707 E libc    : Access denied finding property "vendor.dpframework.log.enable"
07-17 10:07:03.177 24603 24707 E libc    : Access denied finding property "vendor.dpframework.dumpbuffer.checksum"
07-17 10:07:03.177 24603 24707 E libc    : Access denied finding property "vendor.dpframework.dumpbuffer.enable"
07-17 10:07:03.208 24603 31328 I MediaCodecLogger: 24603.SW.audio.mp4a.bitrateInKbps = 130
07-17 10:07:03.219 24603 31320 E FrameEvents: updateAcquireFence: Did not find frame.
07-17 10:07:03.329 24603 31320 I chatty  : uid=10247(com.smartvision.svplayer) JNISurfaceTextu identical 3 lines
07-17 10:07:03.368 24603 31320 E FrameEvents: updateAcquireFence: Did not find frame.
07-17 10:07:03.381 24603 24707 E libc    : Access denied finding property "vendor.dpframework.log.enable"
07-17 10:07:03.376 24603 24603 W RenderThread: type=1400 audit(0.0:542650): avc: denied { open } for path="/dev/__properties__/u:object_r:vendor_default_prop:s0" dev="tmpfs" ino=355 scontext=u:r:untrusted_app:s0:c247,c256,c512,c768 tcontext=u:object_r:vendor_default_prop:s0 tclass=file permissive=0
07-17 10:07:03.381 24603 24707 E libc    : Access denied finding property "vendor.dpframework.log.enable"
07-17 10:07:03.381 24603 24707 I chatty  : uid=10247(com.smartvision.svplayer) RenderThread identical 2 lines
07-17 10:07:03.381 24603 24707 E libc    : Access denied finding property "vendor.dpframework.log.enable"
07-17 10:07:03.376 24603 24603 W RenderThread: type=1400 audit(0.0:542651): avc: denied { open } for path="/dev/__properties__/u:object_r:vendor_default_prop:s0" dev="tmpfs" ino=355 scontext=u:r:untrusted_app:s0:c247,c256,c512,c768 tcontext=u:object_r:vendor_default_prop:s0 tclass=file permissive=0
07-17 10:07:03.381 24603 24707 E libc    : Access denied finding property "vendor.dpframework.log.enable"
07-17 10:07:03.381 24603 24707 I chatty  : uid=10247(com.smartvision.svplayer) RenderThread identical 2 lines
07-17 10:07:03.381 24603 24707 E libc    : Access denied finding property "vendor.dpframework.log.enable"
07-17 10:07:03.376 24603 24603 W RenderThread: type=1400 audit(0.0:542652): avc: denied { open } for path="/dev/__properties__/u:object_r:vendor_default_prop:s0" dev="tmpfs" ino=355 scontext=u:r:untrusted_app:s0:c247,c256,c512,c768 tcontext=u:object_r:vendor_default_prop:s0 tclass=file permissive=0
07-17 10:07:03.382 24603 24707 E libc    : Access denied finding property "vendor.dpframework.log.enable"
07-17 10:07:03.382 24603 24707 I chatty  : uid=10247(com.smartvision.svplayer) RenderThread identical 2 lines
07-17 10:07:03.382 24603 24707 E libc    : Access denied finding property "vendor.dpframework.log.enable"
07-17 10:07:03.376 24603 24603 W RenderThread: type=1400 audit(0.0:542653): avc: denied { open } for path="/dev/__properties__/u:object_r:vendor_default_prop:s0" dev="tmpfs" ino=355 scontext=u:r:untrusted_app:s0:c247,c256,c512,c768 tcontext=u:object_r:vendor_default_prop:s0 tclass=file permissive=0
07-17 10:07:03.382 24603 24707 E libc    : Access denied finding property "vendor.dpframework.log.enable"
07-17 10:07:03.382 24603 24707 I chatty  : uid=10247(com.smartvision.svplayer) RenderThread identical 2 lines
07-17 10:07:03.382 24603 24707 E libc    : Access denied finding property "vendor.dpframework.log.enable"
07-17 10:07:03.376 24603 24603 W RenderThread: type=1400 audit(0.0:542654): avc: denied { open } for path="/dev/__properties__/u:object_r:vendor_default_prop:s0" dev="tmpfs" ino=355 scontext=u:r:untrusted_app:s0:c247,c256,c512,c768 tcontext=u:object_r:vendor_default_prop:s0 tclass=file permissive=0
07-17 10:07:03.382 24603 24707 E libc    : Access denied finding property "vendor.dpframework.log.enable"
07-17 10:07:03.382 24603 24707 E libc    : Access denied finding property "vendor.dpframework.dumpbuffer.checksum"
07-17 10:07:03.382 24603 24707 E libc    : Access denied finding property "vendor.dpframework.dumpbuffer.enable"
07-17 10:07:03.420 24603 31320 E FrameEvents: updateAcquireFence: Did not find frame.
07-17 10:07:03.530 24603 31320 I chatty  : uid=10247(com.smartvision.svplayer) JNISurfaceTextu identical 3 lines
07-17 10:07:03.569 24603 31320 E FrameEvents: updateAcquireFence: Did not find frame.
07-17 10:07:03.586 24603 24707 E libc    : Access denied finding property "vendor.dpframework.log.enable"
07-17 10:07:03.587 24603 24707 I chatty  : uid=10247(com.smartvision.svplayer) RenderThread identical 16 lines
07-17 10:07:03.587 24603 24707 E libc    : Access denied finding property "vendor.dpframework.log.enable"
07-17 10:07:03.587 24603 24707 E libc    : Access denied finding property "vendor.dpframework.dumpbuffer.checksum"
07-17 10:07:03.587 24603 24707 E libc    : Access denied finding property "vendor.dpframework.dumpbuffer.enable"
07-17 10:07:03.620 24603 31320 E FrameEvents: updateAcquireFence: Did not find frame.
07-17 10:07:03.731 24603 31320 I chatty  : uid=10247(com.smartvision.svplayer) JNISurfaceTextu identical 3 lines
07-17 10:07:03.763 24603 31320 E FrameEvents: updateAcquireFence: Did not find frame.
07-17 10:07:03.791 24603 24707 E libc    : Access denied finding property "vendor.dpframework.log.enable"
07-17 10:07:03.792 24603 24707 I chatty  : uid=10247(com.smartvision.svplayer) RenderThread identical 16 lines
07-17 10:07:03.792 24603 24707 E libc    : Access denied finding property "vendor.dpframework.log.enable"
07-17 10:07:03.792 24603 24707 E libc    : Access denied finding property "vendor.dpframework.dumpbuffer.checksum"
07-17 10:07:03.792 24603 24707 E libc    : Access denied finding property "vendor.dpframework.dumpbuffer.enable"
07-17 10:07:03.815 24603 31320 E FrameEvents: updateAcquireFence: Did not find frame.
07-17 10:07:03.855 24603 31320 E FrameEvents: updateAcquireFence: Did not find frame.
07-17 10:07:03.885 24603 31320 E FrameEvents: updateAcquireFence: Did not find frame.
07-17 10:07:03.935 24603 31320 I chatty  : uid=10247(com.smartvision.svplayer) JNISurfaceTextu identical 1 line
07-17 10:07:03.965 24603 31320 E FrameEvents: updateAcquireFence: Did not find frame.
07-17 10:07:03.994 24603 24707 E libc    : Access denied finding property "vendor.dpframework.log.enable"
07-17 10:07:03.995 24603 24707 I chatty  : uid=10247(com.smartvision.svplayer) RenderThread identical 16 lines
07-17 10:07:03.995 24603 24707 E libc    : Access denied finding property "vendor.dpframework.log.enable"
07-17 10:07:03.995 24603 24707 E libc    : Access denied finding property "vendor.dpframework.dumpbuffer.checksum"
07-17 10:07:03.995 24603 24707 E libc    : Access denied finding property "vendor.dpframework.dumpbuffer.enable"
07-17 10:07:04.016 24603 31320 E FrameEvents: updateAcquireFence: Did not find frame.
07-17 10:07:04.138 24603 31320 I chatty  : uid=10247(com.smartvision.svplayer) JNISurfaceTextu identical 3 lines
07-17 10:07:04.169 24603 31320 E FrameEvents: updateAcquireFence: Did not find frame.
07-17 10:07:04.200 24603 24707 E libc    : Access denied finding property "vendor.dpframework.log.enable"
07-17 10:07:04.201 24603 24707 I chatty  : uid=10247(com.smartvision.svplayer) RenderThread identical 16 lines
07-17 10:07:04.201 24603 24707 E libc    : Access denied finding property "vendor.dpframework.log.enable"
07-17 10:07:04.201 24603 24707 E libc    : Access denied finding property "vendor.dpframework.dumpbuffer.checksum"
07-17 10:07:04.201 24603 24707 E libc    : Access denied finding property "vendor.dpframework.dumpbuffer.enable"
07-17 10:07:04.219 24603 31320 E FrameEvents: updateAcquireFence: Did not find frame.
07-17 10:07:04.289 24603 31320 I chatty  : uid=10247(com.smartvision.svplayer) JNISurfaceTextu identical 2 lines
07-17 10:07:04.329 24603 31320 E FrameEvents: updateAcquireFence: Did not find frame.
07-17 10:07:04.336 24603 24707 E libc    : Access denied finding property "vendor.dpframework.log.enable"
07-17 10:07:04.338 24603 24707 I chatty  : uid=10247(com.smartvision.svplayer) RenderThread identical 16 lines
07-17 10:07:04.338 24603 24707 E libc    : Access denied finding property "vendor.dpframework.log.enable"
07-17 10:07:04.338 24603 24707 E libc    : Access denied finding property "vendor.dpframework.dumpbuffer.checksum"
07-17 10:07:04.338 24603 24707 E libc    : Access denied finding property "vendor.dpframework.dumpbuffer.enable"
07-17 10:07:04.371 24603 31320 E FrameEvents: updateAcquireFence: Did not find frame.
07-17 10:07:04.482 24603 31320 I chatty  : uid=10247(com.smartvision.svplayer) JNISurfaceTextu identical 3 lines
07-17 10:07:04.532 24603 31320 E FrameEvents: updateAcquireFence: Did not find frame.
07-17 10:07:04.541 24603 24707 E libc    : Access denied finding property "vendor.dpframework.log.enable"
07-17 10:07:04.536 24603 24603 W RenderThread: type=1400 audit(0.0:542770): avc: denied { open } for path="/dev/__properties__/u:object_r:vendor_default_prop:s0" dev="tmpfs" ino=355 scontext=u:r:untrusted_app:s0:c247,c256,c512,c768 tcontext=u:object_r:vendor_default_prop:s0 tclass=file permissive=0
07-17 10:07:04.536 24603 24603 I chatty  : uid=10247(com.smartvision.svplayer) identical 2 lines
07-17 10:07:04.536 24603 24603 W RenderThread: type=1400 audit(0.0:542773): avc: denied { open } for path="/dev/__properties__/u:object_r:vendor_default_prop:s0" dev="tmpfs" ino=355 scontext=u:r:untrusted_app:s0:c247,c256,c512,c768 tcontext=u:object_r:vendor_default_prop:s0 tclass=file permissive=0
07-17 10:07:04.541 24603 24707 E libc    : Access denied finding property "vendor.dpframework.log.enable"
07-17 10:07:04.541 24603 24707 E libc    : Access denied finding property "vendor.dpframework.log.enable"
07-17 10:07:04.536 24603 24603 W RenderThread: type=1400 audit(0.0:542774): avc: denied { open } for path="/dev/__properties__/u:object_r:vendor_default_prop:s0" dev="tmpfs" ino=355 scontext=u:r:untrusted_app:s0:c247,c256,c512,c768 tcontext=u:object_r:vendor_default_prop:s0 tclass=file permissive=0
07-17 10:07:04.541 24603 24707 E libc    : Access denied finding property "vendor.dpframework.log.enable"
07-17 10:07:04.542 24603 24707 I chatty  : uid=10247(com.smartvision.svplayer) RenderThread identical 13 lines
07-17 10:07:04.542 24603 24707 E libc    : Access denied finding property "vendor.dpframework.log.enable"
07-17 10:07:04.543 24603 24707 E libc    : Access denied finding property "vendor.dpframework.dumpbuffer.checksum"
