--------- beginning of main
07-15 00:54:59.305 17906 17920 I chatty  : uid=10247(com.smartvision.svplayer) HeapTaskDaemon expire 10 lines
07-15 00:55:14.873 17906 17920 I chatty  : uid=10247(com.smartvision.svplayer) HeapTaskDaemon expire 11 lines
07-15 00:55:32.014 17906 17920 I chatty  : uid=10247(com.smartvision.svplayer) HeapTaskDaemon expire 10 lines
07-15 00:55:47.576 17906 17920 I chatty  : uid=10247(com.smartvision.svplayer) HeapTaskDaemon expire 10 lines
07-15 00:56:03.215 17906 17920 I chatty  : uid=10247(com.smartvision.svplayer) HeapTaskDaemon expire 2 lines
07-15 00:56:06.303 17906 17920 I vision.svplaye: Background concurrent copying GC freed 201293(6MB) AllocSpace objects, 0(0B) LOS objects, 23% free, 19MB/25MB, paused 227us total 213.949ms
07-15 00:56:07.871 17906 17920 I vision.svplaye: Background concurrent copying GC freed 198971(6MB) AllocSpace objects, 0(0B) LOS objects, 23% free, 19MB/25MB, paused 298us total 223.272ms
07-15 00:56:09.434 17906 17920 I vision.svplaye: Background concurrent copying GC freed 201183(6MB) AllocSpace objects, 0(0B) LOS objects, 23% free, 19MB/25MB, paused 172us total 219.083ms
07-15 00:56:11.005 17906 17920 I vision.svplaye: Background concurrent copying GC freed 201957(6MB) AllocSpace objects, 0(0B) LOS objects, 23% free, 19MB/25MB, paused 218us total 224.894ms
07-15 00:56:12.558 17906 17920 I vision.svplaye: Background concurrent copying GC freed 201483(6MB) AllocSpace objects, 0(0B) LOS objects, 23% free, 19MB/25MB, paused 167us total 214.796ms
07-15 00:56:14.120 17906 17920 I vision.svplaye: Background concurrent copying GC freed 201788(6MB) AllocSpace objects, 0(0B) LOS objects, 23% free, 19MB/25MB, paused 145us total 213.310ms
07-15 00:56:15.680 17906 17920 I vision.svplaye: Background concurrent copying GC freed 201768(6MB) AllocSpace objects, 0(0B) LOS objects, 23% free, 19MB/25MB, paused 145us total 210.242ms
07-15 00:56:17.263 17906 17920 I vision.svplaye: Background concurrent copying GC freed 201735(6MB) AllocSpace objects, 0(0B) LOS objects, 23% free, 19MB/25MB, paused 177us total 225.860ms
07-15 00:56:18.820 17906 17920 I vision.svplaye: Background concurrent copying GC freed 202059(6MB) AllocSpace objects, 0(0B) LOS objects, 23% free, 19MB/25MB, paused 178us total 216.666ms
07-15 00:56:20.391 17906 17920 I vision.svplaye: Background concurrent copying GC freed 202384(6MB) AllocSpace objects, 0(0B) LOS objects, 23% free, 19MB/25MB, paused 199us total 221.092ms
07-15 00:56:21.947 17906 17920 I vision.svplaye: Background concurrent copying GC freed 200927(6MB) AllocSpace objects, 0(0B) LOS objects, 23% free, 19MB/25MB, paused 275us total 219.500ms
07-15 00:56:23.520 17906 17920 I vision.svplaye: Background concurrent copying GC freed 202202(6MB) AllocSpace objects, 0(0B) LOS objects, 23% free, 19MB/25MB, paused 160us total 225.839ms
07-15 00:56:25.072 17906 17920 I vision.svplaye: Background concurrent copying GC freed 201579(6MB) AllocSpace objects, 0(0B) LOS objects, 23% free, 19MB/25MB, paused 195us total 220.170ms
07-15 00:56:26.602 17906 17920 I vision.svplaye: Background concurrent copying GC freed 197511(6MB) AllocSpace objects, 1(20KB) LOS objects, 23% free, 19MB/25MB, paused 306us total 208.950ms
07-15 00:56:28.153 17906 17920 I vision.svplaye: Background concurrent copying GC freed 199216(6MB) AllocSpace objects, 0(0B) LOS objects, 23% free, 19MB/25MB, paused 174us total 213.077ms
07-15 00:56:29.717 17906 17920 I vision.svplaye: Background concurrent copying GC freed 200396(6MB) AllocSpace objects, 0(0B) LOS objects, 23% free, 19MB/25MB, paused 168us total 213.730ms
07-15 00:56:31.282 17906 17920 I vision.svplaye: Background concurrent copying GC freed 201958(6MB) AllocSpace objects, 0(0B) LOS objects, 23% free, 19MB/25MB, paused 176us total 214.203ms
07-15 00:56:32.839 17906 17920 I vision.svplaye: Background concurrent copying GC freed 201540(6MB) AllocSpace objects, 0(0B) LOS objects, 23% free, 19MB/25MB, paused 545us total 207.717ms
07-15 00:56:34.413 17906 17920 I vision.svplaye: Background concurrent copying GC freed 202317(6MB) AllocSpace objects, 0(0B) LOS objects, 23% free, 19MB/25MB, paused 146us total 214.827ms
07-15 00:56:35.987 17906 17920 I vision.svplaye: Background concurrent copying GC freed 201956(6MB) AllocSpace objects, 0(0B) LOS objects, 23% free, 19MB/25MB, paused 203us total 220.513ms
07-15 00:56:37.562 17906 17920 I vision.svplaye: Background concurrent copying GC freed 202619(6MB) AllocSpace objects, 0(0B) LOS objects, 23% free, 19MB/25MB, paused 267us total 225.547ms
07-15 00:56:39.116 17906 17920 I vision.svplaye: Background concurrent copying GC freed 201462(6MB) AllocSpace objects, 0(0B) LOS objects, 23% free, 19MB/25MB, paused 168us total 215.440ms
07-15 00:56:40.681 17906 17920 I vision.svplaye: Background concurrent copying GC freed 201516(6MB) AllocSpace objects, 0(0B) LOS objects, 23% free, 19MB/25MB, paused 164us total 217.712ms
07-15 00:56:42.246 17906 17920 I vision.svplaye: Background concurrent copying GC freed 202296(6MB) AllocSpace objects, 0(0B) LOS objects, 23% free, 19MB/25MB, paused 147us total 216.245ms
07-15 00:56:43.768 17906 17920 I vision.svplaye: Background concurrent copying GC freed 199088(6MB) AllocSpace objects, 0(0B) LOS objects, 23% free, 19MB/25MB, paused 164us total 209.378ms
07-15 00:56:45.343 17906 17920 I vision.svplaye: Background concurrent copying GC freed 201937(6MB) AllocSpace objects, 0(0B) LOS objects, 23% free, 19MB/25MB, paused 151us total 217.864ms
07-15 00:56:46.908 17906 17920 I vision.svplaye: Background concurrent copying GC freed 202376(6MB) AllocSpace objects, 0(0B) LOS objects, 23% free, 19MB/25MB, paused 166us total 215.171ms
07-15 00:56:48.450 17906 17920 I vision.svplaye: Background concurrent copying GC freed 200148(6MB) AllocSpace objects, 0(0B) LOS objects, 23% free, 19MB/25MB, paused 204us total 214.502ms
07-15 00:56:50.005 17906 17920 I vision.svplaye: Background concurrent copying GC freed 199825(6MB) AllocSpace objects, 0(0B) LOS objects, 23% free, 19MB/25MB, paused 207us total 210.533ms
07-15 00:56:51.544 17906 17920 I vision.svplaye: Background concurrent copying GC freed 198900(6MB) AllocSpace objects, 0(0B) LOS objects, 23% free, 19MB/25MB, paused 144us total 214.194ms
07-15 00:56:53.100 17906 17920 I vision.svplaye: Background concurrent copying GC freed 199831(6MB) AllocSpace objects, 0(0B) LOS objects, 23% free, 19MB/25MB, paused 187us total 213.936ms
07-15 00:56:54.644 17906 17920 I vision.svplaye: Background concurrent copying GC freed 199270(6MB) AllocSpace objects, 0(0B) LOS objects, 23% free, 19MB/25MB, paused 246us total 220.981ms
07-15 00:56:55.484 17906 17906 I SVStartup: state localReady=true checking=false activated=true playableSource=true route=profile
07-15 00:56:55.786 17906 17914 I vision.svplaye: JIT allocated 62KB for stack maps of void com.smartvision.svplayer.ui.profile.ProfileScreenKt.ProfileScreen(com.smartvision.svplayer.ui.i18n.SmartVisionStrings, com.smartvision.svplayer.ui.profile.ProfileUiState, com.smartvision.svplayer.domain.model.SyncStatus, kotlin.jvm.functions.Function0, kotlin.jvm.functions.Function0, java.lang.String, java.util.List, kotlin.jvm.functions.Function1, kotlin.jvm.functions.Function0, kotlin.jvm.functions.Function0, kotlin.jvm.functions.Function0, boolean, boolean, int, com.smartvision.svplayer.domain.access.PremiumFeatureGateResult, kotlin.jvm.functions.Function0, kotlin.jvm.functions.Function0, kotlin.jvm.functions.Function1, kotlin.jvm.functions.Function0, kotlin.jvm.functions.Function1, kotlin.jvm.functions.Function0, kotlin.jvm.functions.Function0, boolean, kotlin.jvm.functions.Function0, kotlin.jvm.functions.Function1, kotlin.jvm.functions.Function1, kotlin.jvm.functions.Function1, kotlin.jvm.functions.Function1, kotlin.jvm.functions.Function1, kotlin.jvm.functions.
07-15 00:56:55.796 17906 17914 I vision.svplaye: Compiler allocated 5MB to compile void com.smartvision.svplayer.ui.profile.ProfileScreenKt.ProfileScreen(com.smartvision.svplayer.ui.i18n.SmartVisionStrings, com.smartvision.svplayer.ui.profile.ProfileUiState, com.smartvision.svplayer.domain.model.SyncStatus, kotlin.jvm.functions.Function0, kotlin.jvm.functions.Function0, java.lang.String, java.util.List, kotlin.jvm.functions.Function1, kotlin.jvm.functions.Function0, kotlin.jvm.functions.Function0, kotlin.jvm.functions.Function0, boolean, boolean, int, com.smartvision.svplayer.domain.access.PremiumFeatureGateResult, kotlin.jvm.functions.Function0, kotlin.jvm.functions.Function0, kotlin.jvm.functions.Function1, kotlin.jvm.functions.Function0, kotlin.jvm.functions.Function1, kotlin.jvm.functions.Function0, kotlin.jvm.functions.Function0, boolean, kotlin.jvm.functions.Function0, kotlin.jvm.functions.Function1, kotlin.jvm.functions.Function1, kotlin.jvm.functions.Function1, kotlin.jvm.functions.Function1, kotlin.jvm.functions.Function1, kotlin.jvm.functions.Fun
07-15 00:56:55.921 17906 17920 I vision.svplaye: NativeAlloc concurrent copying GC freed 135092(4MB) AllocSpace objects, 2(104KB) LOS objects, 23% free, 19MB/25MB, paused 4.629ms total 241.469ms
07-15 00:56:56.098 17906 17906 I Choreographer: Skipped 35 frames!  The application may be doing too much work on its main thread.
07-15 00:56:56.146 17906 17920 I vision.svplaye: NativeAlloc concurrent copying GC freed 5769(203KB) AllocSpace objects, 2(68KB) LOS objects, 23% free, 19MB/25MB, paused 201us total 224.767ms
07-15 00:56:56.326 17906 17957 I OpenGLRenderer: Davey! duration=820ms; Flags=0, IntendedVsync=15860399218740, Vsync=15860983135990, OldestInputEvent=9223372036854775807, NewestInputEvent=0, HandleInputStart=15860992490252, AnimationStart=15860992539868, PerformTraversalsStart=15861016585560, DrawStart=15861017599945, SyncQueued=15861031791175, SyncStart=15861031938560, IssueDrawCommandsStart=15861047460098, SwapBuffers=15861218159714, FrameCompleted=15861219588868, DequeueBufferDuration=288000, QueueBufferDuration=428000, 
07-15 00:56:56.883 17906 17914 I vision.svplaye: JIT allocated 62KB for stack maps of void com.smartvision.svplayer.ui.profile.ProfileScreenKt.ProfileScreen(com.smartvision.svplayer.ui.i18n.SmartVisionStrings, com.smartvision.svplayer.ui.profile.ProfileUiState, com.smartvision.svplayer.domain.model.SyncStatus, kotlin.jvm.functions.Function0, kotlin.jvm.functions.Function0, java.lang.String, java.util.List, kotlin.jvm.functions.Function1, kotlin.jvm.functions.Function0, kotlin.jvm.functions.Function0, kotlin.jvm.functions.Function0, boolean, boolean, int, com.smartvision.svplayer.domain.access.PremiumFeatureGateResult, kotlin.jvm.functions.Function0, kotlin.jvm.functions.Function0, kotlin.jvm.functions.Function1, kotlin.jvm.functions.Function0, kotlin.jvm.functions.Function1, kotlin.jvm.functions.Function0, kotlin.jvm.functions.Function0, boolean, kotlin.jvm.functions.Function0, kotlin.jvm.functions.Function1, kotlin.jvm.functions.Function1, kotlin.jvm.functions.Function1, kotlin.jvm.functions.Function1, kotlin.jvm.functions.Function1, kotlin.jvm.functions.
07-15 00:56:56.891 17906 17914 I vision.svplaye: Compiler allocated 5MB to compile void com.smartvision.svplayer.ui.profile.ProfileScreenKt.ProfileScreen(com.smartvision.svplayer.ui.i18n.SmartVisionStrings, com.smartvision.svplayer.ui.profile.ProfileUiState, com.smartvision.svplayer.domain.model.SyncStatus, kotlin.jvm.functions.Function0, kotlin.jvm.functions.Function0, java.lang.String, java.util.List, kotlin.jvm.functions.Function1, kotlin.jvm.functions.Function0, kotlin.jvm.functions.Function0, kotlin.jvm.functions.Function0, boolean, boolean, int, com.smartvision.svplayer.domain.access.PremiumFeatureGateResult, kotlin.jvm.functions.Function0, kotlin.jvm.functions.Function0, kotlin.jvm.functions.Function1, kotlin.jvm.functions.Function0, kotlin.jvm.functions.Function1, kotlin.jvm.functions.Function0, kotlin.jvm.functions.Function0, boolean, kotlin.jvm.functions.Function0, kotlin.jvm.functions.Function1, kotlin.jvm.functions.Function1, kotlin.jvm.functions.Function1, kotlin.jvm.functions.Function1, kotlin.jvm.functions.Function1, kotlin.jvm.functions.Fun
07-15 00:56:58.482 17906 17920 I vision.svplaye: Background concurrent copying GC freed 185765(5MB) AllocSpace objects, 0(0B) LOS objects, 22% free, 20MB/26MB, paused 214us total 227.618ms
07-15 00:57:00.850 17906 17920 I vision.svplaye: Background concurrent copying GC freed 212344(6MB) AllocSpace objects, 0(0B) LOS objects, 23% free, 19MB/25MB, paused 238us total 236.934ms
07-15 00:57:03.193 17906 17920 I vision.svplaye: Background concurrent copying GC freed 201196(5MB) AllocSpace objects, 0(0B) LOS objects, 23% free, 19MB/25MB, paused 187us total 220.128ms
07-15 00:57:05.556 17906 17920 I vision.svplaye: Background concurrent copying GC freed 201554(5MB) AllocSpace objects, 1(20KB) LOS objects, 23% free, 19MB/25MB, paused 240us total 215.701ms
07-15 00:57:07.908 17906 17920 I vision.svplaye: Background concurrent copying GC freed 205308(6MB) AllocSpace objects, 0(0B) LOS objects, 23% free, 19MB/25MB, paused 281us total 217.760ms
07-15 00:57:10.265 17906 17920 I vision.svplaye: Background concurrent copying GC freed 203126(6MB) AllocSpace objects, 0(0B) LOS objects, 23% free, 19MB/25MB, paused 251us total 224.253ms
07-15 00:57:12.637 17906 17920 I vision.svplaye: Background concurrent copying GC freed 205340(6MB) AllocSpace objects, 0(0B) LOS objects, 23% free, 19MB/25MB, paused 260us total 220.945ms
07-15 00:57:15.006 17906 17920 I vision.svplaye: Background concurrent copying GC freed 205082(6MB) AllocSpace objects, 0(0B) LOS objects, 23% free, 19MB/25MB, paused 221us total 233.995ms
07-15 00:57:17.373 17906 17920 I vision.svplaye: Background concurrent copying GC freed 205410(6MB) AllocSpace objects, 0(0B) LOS objects, 23% free, 19MB/25MB, paused 261us total 228.863ms
07-15 00:57:19.740 17906 17920 I vision.svplaye: Background concurrent copying GC freed 204874(6MB) AllocSpace objects, 0(0B) LOS objects, 23% free, 19MB/25MB, paused 186us total 220.089ms
07-15 00:57:22.104 17906 17920 I vision.svplaye: Background concurrent copying GC freed 204324(6MB) AllocSpace objects, 0(0B) LOS objects, 23% free, 19MB/25MB, paused 314us total 230.585ms
07-15 00:57:24.449 17906 17920 I vision.svplaye: Background concurrent copying GC freed 204177(6MB) AllocSpace objects, 0(0B) LOS objects, 23% free, 19MB/25MB, paused 347us total 223.594ms
07-15 00:57:26.805 17906 17920 I vision.svplaye: Background concurrent copying GC freed 205328(6MB) AllocSpace objects, 0(0B) LOS objects, 23% free, 19MB/25MB, paused 206us total 221.524ms
07-15 00:57:29.161 17906 17920 I vision.svplaye: Background concurrent copying GC freed 203788(6MB) AllocSpace objects, 0(0B) LOS objects, 23% free, 19MB/25MB, paused 270us total 224.680ms
07-15 00:57:31.516 17906 17920 I vision.svplaye: Background concurrent copying GC freed 203815(6MB) AllocSpace objects, 0(0B) LOS objects, 23% free, 19MB/25MB, paused 214us total 227.298ms
07-15 00:57:33.875 17906 17920 I vision.svplaye: Background concurrent copying GC freed 204395(6MB) AllocSpace objects, 0(0B) LOS objects, 23% free, 19MB/25MB, paused 229us total 219.404ms
07-15 00:57:36.239 17906 17920 I vision.svplaye: Background concurrent copying GC freed 204288(6MB) AllocSpace objects, 0(0B) LOS objects, 23% free, 19MB/25MB, paused 178us total 228.507ms
07-15 00:57:38.599 17906 17920 I vision.svplaye: Background concurrent copying GC freed 204743(6MB) AllocSpace objects, 0(0B) LOS objects, 23% free, 19MB/25MB, paused 236us total 228.793ms
07-15 00:57:40.967 17906 17920 I vision.svplaye: Background concurrent copying GC freed 204322(6MB) AllocSpace objects, 0(0B) LOS objects, 23% free, 19MB/25MB, paused 216us total 240.722ms
07-15 00:57:43.282 17906 17920 I vision.svplaye: Background concurrent copying GC freed 203565(6MB) AllocSpace objects, 0(0B) LOS objects, 23% free, 19MB/25MB, paused 229us total 231.208ms
07-15 00:57:45.648 17906 17920 I vision.svplaye: Background concurrent copying GC freed 204078(6MB) AllocSpace objects, 0(0B) LOS objects, 23% free, 19MB/25MB, paused 262us total 237.773ms
07-15 00:57:47.986 17906 17920 I vision.svplaye: Background concurrent copying GC freed 203744(6MB) AllocSpace objects, 0(0B) LOS objects, 23% free, 19MB/25MB, paused 203us total 238.728ms
07-15 00:57:50.338 17906 17920 I vision.svplaye: Background concurrent copying GC freed 207712(6MB) AllocSpace objects, 0(0B) LOS objects, 23% free, 19MB/25MB, paused 158us total 214.940ms
07-15 00:57:52.698 17906 17920 I vision.svplaye: Background concurrent copying GC freed 203855(6MB) AllocSpace objects, 0(0B) LOS objects, 23% free, 19MB/25MB, paused 155us total 224.323ms
07-15 00:57:55.048 17906 17920 I vision.svplaye: Background concurrent copying GC freed 205311(6MB) AllocSpace objects, 0(0B) LOS objects, 23% free, 19MB/25MB, paused 201us total 214.397ms
07-15 00:57:57.382 17906 17920 I vision.svplaye: Background concurrent copying GC freed 200850(6MB) AllocSpace objects, 1(20KB) LOS objects, 23% free, 19MB/25MB, paused 187us total 223.663ms
07-15 00:57:59.760 17906 17920 I vision.svplaye: Background concurrent copying GC freed 204450(6MB) AllocSpace objects, 0(0B) LOS objects, 23% free, 19MB/25MB, paused 219us total 244.735ms
07-15 00:58:02.117 17906 17920 I vision.svplaye: Background concurrent copying GC freed 204638(6MB) AllocSpace objects, 0(0B) LOS objects, 23% free, 19MB/25MB, paused 206us total 231.785ms
07-15 00:58:04.486 17906 17920 I vision.svplaye: Background concurrent copying GC freed 205713(6MB) AllocSpace objects, 0(0B) LOS objects, 23% free, 19MB/25MB, paused 239us total 239.226ms
07-15 00:58:06.830 17906 17920 I vision.svplaye: Background concurrent copying GC freed 203366(6MB) AllocSpace objects, 0(0B) LOS objects, 23% free, 19MB/25MB, paused 251us total 230.631ms
07-15 00:58:09.170 17906 17920 I vision.svplaye: Background concurrent copying GC freed 203112(6MB) AllocSpace objects, 0(0B) LOS objects, 23% free, 19MB/25MB, paused 227us total 225.686ms
07-15 00:58:11.539 17906 17920 I vision.svplaye: Background concurrent copying GC freed 204570(6MB) AllocSpace objects, 0(0B) LOS objects, 23% free, 19MB/25MB, paused 259us total 237.635ms
07-15 00:58:13.886 17906 17920 I vision.svplaye: Background concurrent copying GC freed 204273(6MB) AllocSpace objects, 0(0B) LOS objects, 23% free, 19MB/25MB, paused 188us total 223.193ms
07-15 00:58:16.213 17906 17920 I vision.svplaye: Background concurrent copying GC freed 203124(6MB) AllocSpace objects, 0(0B) LOS objects, 23% free, 19MB/25MB, paused 155us total 214.733ms
07-15 00:58:18.578 17906 17920 I vision.svplaye: Background concurrent copying GC freed 203332(6MB) AllocSpace objects, 0(0B) LOS objects, 23% free, 19MB/25MB, paused 197us total 227.574ms
07-15 00:58:20.924 17906 17920 I vision.svplaye: Background concurrent copying GC freed 204186(6MB) AllocSpace objects, 0(0B) LOS objects, 23% free, 19MB/25MB, paused 193us total 220.350ms
07-15 00:58:23.286 17906 17920 I vision.svplaye: Background concurrent copying GC freed 204013(6MB) AllocSpace objects, 0(0B) LOS objects, 23% free, 19MB/25MB, paused 216us total 228.548ms
07-15 00:58:25.672 17906 17920 I vision.svplaye: Background concurrent copying GC freed 205122(6MB) AllocSpace objects, 0(0B) LOS objects, 23% free, 19MB/25MB, paused 240us total 254.396ms
07-15 00:58:28.021 17906 17920 I vision.svplaye: Background concurrent copying GC freed 205182(6MB) AllocSpace objects, 0(0B) LOS objects, 23% free, 19MB/25MB, paused 193us total 228.283ms
07-15 00:58:30.384 17906 17920 I vision.svplaye: Background concurrent copying GC freed 203924(6MB) AllocSpace objects, 0(0B) LOS objects, 23% free, 19MB/25MB, paused 210us total 236.550ms
07-15 00:58:32.744 17906 17920 I vision.svplaye: Background concurrent copying GC freed 205677(6MB) AllocSpace objects, 0(0B) LOS objects, 23% free, 19MB/25MB, paused 239us total 222.304ms
07-15 00:58:35.105 17906 17920 I vision.svplaye: Background concurrent copying GC freed 204973(6MB) AllocSpace objects, 0(0B) LOS objects, 23% free, 19MB/25MB, paused 160us total 209.901ms
07-15 00:58:37.470 17906 17920 I vision.svplaye: Background concurrent copying GC freed 203628(6MB) AllocSpace objects, 0(0B) LOS objects, 23% free, 19MB/25MB, paused 193us total 233.341ms
07-15 00:58:39.822 17906 17920 I vision.svplaye: Background concurrent copying GC freed 206155(6MB) AllocSpace objects, 0(0B) LOS objects, 23% free, 19MB/25MB, paused 154us total 217.030ms
07-15 00:58:42.182 17906 17920 I vision.svplaye: Background concurrent copying GC freed 202383(6MB) AllocSpace objects, 1(20KB) LOS objects, 23% free, 19MB/25MB, paused 183us total 242.642ms
07-15 00:58:44.483 17906 17920 I vision.svplaye: Background concurrent copying GC freed 202962(6MB) AllocSpace objects, 0(0B) LOS objects, 23% free, 19MB/25MB, paused 185us total 224.112ms
07-15 00:58:46.844 17906 17920 I vision.svplaye: Background concurrent copying GC freed 204113(6MB) AllocSpace objects, 0(0B) LOS objects, 23% free, 19MB/25MB, paused 220us total 224.646ms
07-15 00:58:49.212 17906 17920 I vision.svplaye: Background concurrent copying GC freed 205496(6MB) AllocSpace objects, 0(0B) LOS objects, 23% free, 19MB/25MB, paused 197us total 229.194ms
07-15 00:58:51.576 17906 17920 I vision.svplaye: Background concurrent copying GC freed 205240(6MB) AllocSpace objects, 0(0B) LOS objects, 23% free, 19MB/25MB, paused 239us total 233.168ms
07-15 00:58:53.938 17906 17920 I vision.svplaye: Background concurrent copying GC freed 204246(6MB) AllocSpace objects, 0(0B) LOS objects, 23% free, 19MB/25MB, paused 218us total 235.444ms
07-15 00:58:56.303 17906 17920 I vision.svplaye: Background concurrent copying GC freed 205255(6MB) AllocSpace objects, 0(0B) LOS objects, 23% free, 19MB/25MB, paused 232us total 231.731ms
07-15 00:58:58.662 17906 17920 I vision.svplaye: Background concurrent copying GC freed 204477(6MB) AllocSpace objects, 0(0B) LOS objects, 23% free, 19MB/25MB, paused 211us total 235.626ms
07-15 00:59:01.027 17906 17920 I vision.svplaye: Background concurrent copying GC freed 205255(6MB) AllocSpace objects, 0(0B) LOS objects, 23% free, 19MB/25MB, paused 204us total 232.534ms
07-15 00:59:03.393 17906 17920 I vision.svplaye: Background concurrent copying GC freed 205595(6MB) AllocSpace objects, 0(0B) LOS objects, 23% free, 19MB/25MB, paused 194us total 231.234ms
07-15 00:59:05.759 17906 17920 I vision.svplaye: Background concurrent copying GC freed 204592(6MB) AllocSpace objects, 0(0B) LOS objects, 23% free, 19MB/25MB, paused 188us total 232.404ms
07-15 00:59:08.108 17906 17920 I vision.svplaye: Background concurrent copying GC freed 204014(6MB) AllocSpace objects, 0(0B) LOS objects, 23% free, 19MB/25MB, paused 216us total 227.822ms
07-15 00:59:10.478 17906 17920 I vision.svplaye: Background concurrent copying GC freed 205383(6MB) AllocSpace objects, 0(0B) LOS objects, 23% free, 19MB/25MB, paused 1.127ms total 238.272ms
07-15 00:59:12.834 17906 17920 I vision.svplaye: Background concurrent copying GC freed 204761(6MB) AllocSpace objects, 0(0B) LOS objects, 23% free, 19MB/25MB, paused 240us total 227.032ms
07-15 00:59:15.148 17906 17920 I vision.svplaye: Background concurrent copying GC freed 203261(6MB) AllocSpace objects, 0(0B) LOS objects, 23% free, 19MB/25MB, paused 175us total 211.388ms
07-15 00:59:17.498 17906 17920 I vision.svplaye: Background concurrent copying GC freed 204156(6MB) AllocSpace objects, 1(20KB) LOS objects, 23% free, 19MB/25MB, paused 156us total 212.735ms
07-15 00:59:19.876 17906 17920 I vision.svplaye: Background concurrent copying GC freed 204223(6MB) AllocSpace objects, 0(0B) LOS objects, 23% free, 19MB/25MB, paused 221us total 247.454ms
07-15 00:59:22.247 17906 17920 I vision.svplaye: Background concurrent copying GC freed 205042(6MB) AllocSpace objects, 0(0B) LOS objects, 23% free, 19MB/25MB, paused 224us total 250.248ms
07-15 00:59:24.595 17906 17920 I vision.svplaye: Background concurrent copying GC freed 206013(6MB) AllocSpace objects, 0(0B) LOS objects, 23% free, 19MB/25MB, paused 212us total 222.455ms
07-15 00:59:26.960 17906 17920 I vision.svplaye: Background concurrent copying GC freed 203860(6MB) AllocSpace objects, 0(0B) LOS objects, 23% free, 19MB/25MB, paused 251us total 235.222ms
07-15 00:59:29.302 17906 17920 I vision.svplaye: Background concurrent copying GC freed 204572(6MB) AllocSpace objects, 0(0B) LOS objects, 23% free, 19MB/25MB, paused 243us total 220.532ms
07-15 00:59:31.655 17906 17920 I vision.svplaye: Background concurrent copying GC freed 203159(6MB) AllocSpace objects, 0(0B) LOS objects, 23% free, 19MB/25MB, paused 197us total 229.104ms
07-15 00:59:33.999 17906 17920 I vision.svplaye: Background concurrent copying GC freed 204848(6MB) AllocSpace objects, 0(0B) LOS objects, 23% free, 19MB/25MB, paused 646us total 219.103ms
07-15 00:59:36.380 17906 17920 I vision.svplaye: Background concurrent copying GC freed 205424(6MB) AllocSpace objects, 0(0B) LOS objects, 23% free, 19MB/25MB, paused 168us total 249.921ms
07-15 00:59:38.717 17906 17920 I vision.svplaye: Background concurrent copying GC freed 205352(6MB) AllocSpace objects, 0(0B) LOS objects, 23% free, 19MB/25MB, paused 192us total 218.966ms
07-15 00:59:41.034 17906 17920 I vision.svplaye: Background concurrent copying GC freed 201886(6MB) AllocSpace objects, 0(0B) LOS objects, 23% free, 19MB/25MB, paused 182us total 211.163ms
07-15 00:59:43.380 17906 17920 I vision.svplaye: Background concurrent copying GC freed 201177(5MB) AllocSpace objects, 1(20KB) LOS objects, 23% free, 19MB/25MB, paused 241us total 227.174ms
07-15 00:59:45.706 17906 17920 I vision.svplaye: Background concurrent copying GC freed 204371(6MB) AllocSpace objects, 0(0B) LOS objects, 23% free, 19MB/25MB, paused 234us total 223.775ms
07-15 00:59:48.067 17906 17920 I vision.svplaye: Background concurrent copying GC freed 204421(6MB) AllocSpace objects, 0(0B) LOS objects, 23% free, 19MB/25MB, paused 246us total 226.667ms
07-15 00:59:50.418 17906 17920 I vision.svplaye: Background concurrent copying GC freed 203543(6MB) AllocSpace objects, 0(0B) LOS objects, 23% free, 19MB/25MB, paused 222us total 222.178ms
07-15 00:59:52.777 17906 17920 I vision.svplaye: Background concurrent copying GC freed 203201(6MB) AllocSpace objects, 0(0B) LOS objects, 23% free, 19MB/25MB, paused 246us total 230.717ms
07-15 00:59:55.111 17906 17920 I vision.svplaye: Background concurrent copying GC freed 203933(6MB) AllocSpace objects, 0(0B) LOS objects, 23% free, 19MB/25MB, paused 179us total 213.993ms
07-15 00:59:57.462 17906 17920 I vision.svplaye: Background concurrent copying GC freed 202805(6MB) AllocSpace objects, 0(0B) LOS objects, 23% free, 19MB/25MB, paused 223us total 224.004ms
07-15 00:59:59.818 17906 17920 I vision.svplaye: Background concurrent copying GC freed 204672(6MB) AllocSpace objects, 0(0B) LOS objects, 23% free, 19MB/25MB, paused 315us total 233.918ms
07-15 01:00:02.164 17906 17920 I vision.svplaye: Background concurrent copying GC freed 203911(6MB) AllocSpace objects, 0(0B) LOS objects, 23% free, 19MB/25MB, paused 257us total 228.254ms
07-15 01:00:04.500 17906 17920 I vision.svplaye: Background concurrent copying GC freed 202549(6MB) AllocSpace objects, 0(0B) LOS objects, 23% free, 19MB/25MB, paused 200us total 224.076ms
07-15 01:00:06.853 17906 17920 I vision.svplaye: Background concurrent copying GC freed 204239(6MB) AllocSpace objects, 0(0B) LOS objects, 23% free, 19MB/25MB, paused 218us total 220.205ms
07-15 01:00:09.206 17906 17920 I vision.svplaye: Background concurrent copying GC freed 203836(6MB) AllocSpace objects, 0(0B) LOS objects, 23% free, 19MB/25MB, paused 243us total 221.356ms
07-15 01:00:11.566 17906 17920 I vision.svplaye: Background concurrent copying GC freed 203901(6MB) AllocSpace objects, 0(0B) LOS objects, 23% free, 19MB/25MB, paused 208us total 232.135ms
07-15 01:00:13.918 17906 17920 I vision.svplaye: Background concurrent copying GC freed 205621(6MB) AllocSpace objects, 0(0B) LOS objects, 23% free, 19MB/25MB, paused 235us total 223.974ms
07-15 01:00:16.250 17906 17920 I vision.svplaye: Background concurrent copying GC freed 202680(6MB) AllocSpace objects, 0(0B) LOS objects, 23% free, 19MB/25MB, paused 152us total 213.093ms
07-15 01:00:18.606 17906 17920 I vision.svplaye: Background concurrent copying GC freed 201608(6MB) AllocSpace objects, 0(0B) LOS objects, 23% free, 19MB/25MB, paused 233us total 234.003ms
07-15 01:00:20.972 17906 17920 I vision.svplaye: Background concurrent copying GC freed 205813(6MB) AllocSpace objects, 0(0B) LOS objects, 23% free, 19MB/25MB, paused 185us total 230.519ms
07-15 01:00:23.316 17906 17920 I vision.svplaye: Background concurrent copying GC freed 204347(6MB) AllocSpace objects, 0(0B) LOS objects, 23% free, 19MB/25MB, paused 173us total 219.669ms
07-15 01:00:25.632 17906 17920 I vision.svplaye: Background concurrent copying GC freed 201766(6MB) AllocSpace objects, 0(0B) LOS objects, 23% free, 19MB/25MB, paused 206us total 233.958ms
07-15 01:00:27.984 17906 17920 I vision.svplaye: Background concurrent copying GC freed 204907(6MB) AllocSpace objects, 0(0B) LOS objects, 23% free, 19MB/25MB, paused 259us total 228.889ms
07-15 01:00:30.364 17906 17920 I vision.svplaye: Background concurrent copying GC freed 202858(6MB) AllocSpace objects, 0(0B) LOS objects, 23% free, 19MB/25MB, paused 193us total 234.877ms
07-15 01:00:32.714 17906 17920 I vision.svplaye: Background concurrent copying GC freed 207992(6MB) AllocSpace objects, 0(0B) LOS objects, 23% free, 19MB/25MB, paused 206us total 225.210ms
07-15 01:00:35.065 17906 17920 I vision.svplaye: Background concurrent copying GC freed 202936(6MB) AllocSpace objects, 0(0B) LOS objects, 23% free, 19MB/25MB, paused 283us total 230.957ms
07-15 01:00:37.428 17906 17920 I vision.svplaye: Background concurrent copying GC freed 205256(6MB) AllocSpace objects, 0(0B) LOS objects, 23% free, 19MB/25MB, paused 294us total 231.761ms
07-15 01:00:39.769 17906 17920 I vision.svplaye: Background concurrent copying GC freed 203256(6MB) AllocSpace objects, 0(0B) LOS objects, 23% free, 19MB/25MB, paused 195us total 227.681ms
07-15 01:00:42.129 17906 17920 I vision.svplaye: Background concurrent copying GC freed 204538(6MB) AllocSpace objects, 0(0B) LOS objects, 23% free, 19MB/25MB, paused 215us total 227.360ms
07-15 01:00:44.422 17906 17920 I vision.svplaye: Background concurrent copying GC freed 201098(6MB) AllocSpace objects, 0(0B) LOS objects, 23% free, 19MB/25MB, paused 213us total 223.498ms
07-15 01:00:46.784 17906 17920 I vision.svplaye: Background concurrent copying GC freed 203254(6MB) AllocSpace objects, 0(0B) LOS objects, 23% free, 19MB/25MB, paused 219us total 234.655ms
07-15 01:00:49.132 17906 17920 I vision.svplaye: Background concurrent copying GC freed 205365(6MB) AllocSpace objects, 0(0B) LOS objects, 23% free, 19MB/25MB, paused 157us total 219.944ms
07-15 01:00:51.455 17906 17920 I vision.svplaye: Background concurrent copying GC freed 202549(6MB) AllocSpace objects, 0(0B) LOS objects, 23% free, 19MB/25MB, paused 201us total 232.445ms
07-15 01:00:53.797 17906 17920 I vision.svplaye: Background concurrent copying GC freed 203856(6MB) AllocSpace objects, 0(0B) LOS objects, 23% free, 19MB/25MB, paused 217us total 219.762ms
07-15 01:00:56.155 17906 17920 I vision.svplaye: Background concurrent copying GC freed 204323(6MB) AllocSpace objects, 0(0B) LOS objects, 23% free, 19MB/25MB, paused 211us total 223.568ms
07-15 01:00:58.508 17906 17920 I vision.svplaye: Background concurrent copying GC freed 205267(6MB) AllocSpace objects, 0(0B) LOS objects, 23% free, 19MB/25MB, paused 229us total 213.403ms
07-15 01:01:00.866 17906 17920 I vision.svplaye: Background concurrent copying GC freed 203011(6MB) AllocSpace objects, 0(0B) LOS objects, 23% free, 19MB/25MB, paused 188us total 232.756ms
07-15 01:01:03.222 17906 17920 I vision.svplaye: Background concurrent copying GC freed 205373(6MB) AllocSpace objects, 0(0B) LOS objects, 23% free, 19MB/25MB, paused 202us total 222.115ms
07-15 01:01:05.584 17906 17920 I vision.svplaye: Background concurrent copying GC freed 204025(6MB) AllocSpace objects, 0(0B) LOS objects, 23% free, 19MB/25MB, paused 219us total 232.670ms
07-15 01:01:07.890 17906 17920 I vision.svplaye: Background concurrent copying GC freed 201867(6MB) AllocSpace objects, 0(0B) LOS objects, 23% free, 19MB/25MB, paused 440us total 232.742ms
07-15 01:01:10.245 17906 17920 I vision.svplaye: Background concurrent copying GC freed 205007(6MB) AllocSpace objects, 0(0B) LOS objects, 23% free, 19MB/25MB, paused 193us total 224.010ms
07-15 01:01:12.605 17906 17920 I vision.svplaye: Background concurrent copying GC freed 204998(6MB) AllocSpace objects, 0(0B) LOS objects, 23% free, 19MB/25MB, paused 323us total 222.530ms
07-15 01:01:14.960 17906 17920 I vision.svplaye: Background concurrent copying GC freed 203481(6MB) AllocSpace objects, 0(0B) LOS objects, 23% free, 19MB/25MB, paused 205us total 230.456ms
07-15 01:01:17.303 17906 17920 I vision.svplaye: Background concurrent copying GC freed 202576(6MB) AllocSpace objects, 0(0B) LOS objects, 23% free, 19MB/25MB, paused 201us total 226.695ms
07-15 01:01:19.651 17906 17920 I vision.svplaye: Background concurrent copying GC freed 205971(6MB) AllocSpace objects, 0(0B) LOS objects, 23% free, 19MB/25MB, paused 155us total 217.698ms
07-15 01:01:21.998 17906 17920 I vision.svplaye: Background concurrent copying GC freed 202321(6MB) AllocSpace objects, 0(0B) LOS objects, 23% free, 19MB/25MB, paused 178us total 229.660ms
07-15 01:01:24.351 17906 17920 I vision.svplaye: Background concurrent copying GC freed 203962(6MB) AllocSpace objects, 0(0B) LOS objects, 23% free, 19MB/25MB, paused 391us total 230.777ms
07-15 01:01:26.660 17906 17920 I vision.svplaye: Background concurrent copying GC freed 202105(6MB) AllocSpace objects, 0(0B) LOS objects, 23% free, 19MB/25MB, paused 205us total 224.074ms
07-15 01:01:29.010 17906 17920 I vision.svplaye: Background concurrent copying GC freed 204159(6MB) AllocSpace objects, 0(0B) LOS objects, 23% free, 19MB/25MB, paused 175us total 221.314ms
07-15 01:01:31.371 17906 17920 I vision.svplaye: Background concurrent copying GC freed 204566(6MB) AllocSpace objects, 0(0B) LOS objects, 23% free, 19MB/25MB, paused 200us total 226.694ms
07-15 01:01:33.745 17906 17920 I vision.svplaye: Background concurrent copying GC freed 204849(6MB) AllocSpace objects, 0(0B) LOS objects, 23% free, 19MB/25MB, paused 202us total 230.803ms
07-15 01:01:36.102 17906 17920 I vision.svplaye: Background concurrent copying GC freed 206822(6MB) AllocSpace objects, 0(0B) LOS objects, 23% free, 19MB/25MB, paused 216us total 206.830ms
07-15 01:01:38.459 17906 17920 I vision.svplaye: Background concurrent copying GC freed 203433(6MB) AllocSpace objects, 0(0B) LOS objects, 23% free, 19MB/25MB, paused 219us total 224.131ms
07-15 01:01:40.834 17906 17920 I vision.svplaye: Background concurrent copying GC freed 204209(6MB) AllocSpace objects, 0(0B) LOS objects, 23% free, 19MB/25MB, paused 233us total 246.516ms
07-15 01:01:43.198 17906 17920 I vision.svplaye: Background concurrent copying GC freed 206972(6MB) AllocSpace objects, 0(0B) LOS objects, 23% free, 19MB/25MB, paused 199us total 228.634ms
07-15 01:01:45.509 17906 17920 I vision.svplaye: Background concurrent copying GC freed 202111(6MB) AllocSpace objects, 0(0B) LOS objects, 23% free, 19MB/25MB, paused 302us total 226.762ms
07-15 01:01:47.880 17906 17920 I vision.svplaye: Background concurrent copying GC freed 204493(6MB) AllocSpace objects, 0(0B) LOS objects, 23% free, 19MB/25MB, paused 172us total 223.107ms
07-15 01:01:50.213 17906 17920 I vision.svplaye: Background concurrent copying GC freed 203583(6MB) AllocSpace objects, 1(20KB) LOS objects, 23% free, 19MB/25MB, paused 181us total 219.938ms
07-15 01:01:52.567 17906 17920 I vision.svplaye: Background concurrent copying GC freed 203002(6MB) AllocSpace objects, 0(0B) LOS objects, 23% free, 19MB/25MB, paused 207us total 231.746ms
07-15 01:01:54.917 17906 17920 I vision.svplaye: Background concurrent copying GC freed 204240(6MB) AllocSpace objects, 0(0B) LOS objects, 23% free, 19MB/25MB, paused 245us total 224.247ms
07-15 01:01:57.271 17906 17920 I vision.svplaye: Background concurrent copying GC freed 205003(6MB) AllocSpace objects, 0(0B) LOS objects, 23% free, 19MB/25MB, paused 193us total 223.315ms
07-15 01:01:59.621 17906 17920 I vision.svplaye: Background concurrent copying GC freed 203765(6MB) AllocSpace objects, 0(0B) LOS objects, 23% free, 19MB/25MB, paused 245us total 221.643ms
07-15 01:02:01.976 17906 17920 I vision.svplaye: Background concurrent copying GC freed 202665(6MB) AllocSpace objects, 0(0B) LOS objects, 23% free, 19MB/25MB, paused 280us total 231.510ms
07-15 01:02:04.335 17906 17920 I vision.svplaye: Background concurrent copying GC freed 205013(6MB) AllocSpace objects, 0(0B) LOS objects, 23% free, 19MB/25MB, paused 241us total 234.366ms
07-15 01:02:06.687 17906 17920 I vision.svplaye: Background concurrent copying GC freed 204362(6MB) AllocSpace objects, 0(0B) LOS objects, 23% free, 19MB/25MB, paused 247us total 226.053ms
07-15 01:02:09.041 17906 17920 I vision.svplaye: Background concurrent copying GC freed 203453(6MB) AllocSpace objects, 0(0B) LOS objects, 23% free, 19MB/25MB, paused 235us total 233.649ms
07-15 01:02:11.410 17906 17920 I vision.svplaye: Background concurrent copying GC freed 204429(6MB) AllocSpace objects, 0(0B) LOS objects, 23% free, 19MB/25MB, paused 260us total 243.565ms
07-15 01:02:13.790 17906 17920 I vision.svplaye: Background concurrent copying GC freed 207212(6MB) AllocSpace objects, 0(0B) LOS objects, 23% free, 19MB/25MB, paused 202us total 234.178ms
07-15 01:02:16.143 17906 17920 I vision.svplaye: Background concurrent copying GC freed 205398(6MB) AllocSpace objects, 0(0B) LOS objects, 23% free, 19MB/25MB, paused 197us total 220.112ms
07-15 01:02:18.529 17906 17920 I vision.svplaye: Background concurrent copying GC freed 205259(6MB) AllocSpace objects, 0(0B) LOS objects, 23% free, 19MB/25MB, paused 215us total 239.706ms
07-15 01:02:20.900 17906 17920 I vision.svplaye: Background concurrent copying GC freed 207374(6MB) AllocSpace objects, 0(0B) LOS objects, 23% free, 19MB/25MB, paused 243us total 228.936ms
07-15 01:02:23.267 17906 17920 I vision.svplaye: Background concurrent copying GC freed 204095(6MB) AllocSpace objects, 0(0B) LOS objects, 23% free, 19MB/25MB, paused 218us total 236.421ms
07-15 01:02:25.629 17906 17920 I vision.svplaye: Background concurrent copying GC freed 205269(6MB) AllocSpace objects, 0(0B) LOS objects, 23% free, 19MB/25MB, paused 254us total 228.983ms
07-15 01:02:27.991 17906 17920 I vision.svplaye: Background concurrent copying GC freed 204446(6MB) AllocSpace objects, 0(0B) LOS objects, 23% free, 19MB/25MB, paused 192us total 236.823ms
07-15 01:02:30.342 17906 17920 I vision.svplaye: Background concurrent copying GC freed 204767(6MB) AllocSpace objects, 0(0B) LOS objects, 23% free, 19MB/25MB, paused 186us total 227.261ms
07-15 01:02:32.691 17906 17920 I vision.svplaye: Background concurrent copying GC freed 203838(6MB) AllocSpace objects, 0(0B) LOS objects, 23% free, 19MB/25MB, paused 193us total 232.606ms
07-15 01:02:35.038 17906 17920 I vision.svplaye: Background concurrent copying GC freed 203029(6MB) AllocSpace objects, 0(0B) LOS objects, 23% free, 19MB/25MB, paused 230us total 228.428ms
07-15 01:02:37.381 17906 17920 I vision.svplaye: Background concurrent copying GC freed 203822(6MB) AllocSpace objects, 0(0B) LOS objects, 23% free, 19MB/25MB, paused 182us total 219.899ms
07-15 01:02:39.041 17906 17906 I SVStartup: state localReady=true checking=false activated=true playableSource=true route=home
07-15 01:02:39.396 17906 17920 I vision.svplaye: NativeAlloc concurrent copying GC freed 165197(5MB) AllocSpace objects, 2(104KB) LOS objects, 23% free, 20MB/26MB, paused 161us total 221.509ms
07-15 01:02:39.626 17906 17920 I vision.svplaye: NativeAlloc concurrent copying GC freed 6137(270KB) AllocSpace objects, 1(24KB) LOS objects, 22% free, 20MB/26MB, paused 202us total 228.566ms
07-15 01:02:39.876 17906 17920 I vision.svplaye: NativeAlloc concurrent copying GC freed 7591(371KB) AllocSpace objects, 0(0B) LOS objects, 21% free, 21MB/27MB, paused 166us total 246.414ms
07-15 01:02:39.973 17906 17957 I OpenGLRenderer: Davey! duration=953ms; Flags=0, IntendedVsync=16203912827084, Vsync=16203929510434, OldestInputEvent=9223372036854775807, NewestInputEvent=0, HandleInputStart=16203937529119, AnimationStart=16203937565196, PerformTraversalsStart=16204267720811, DrawStart=16204267898580, SyncQueued=16204857115580, SyncStart=16204857263811, IssueDrawCommandsStart=16204858208427, SwapBuffers=16204865318042, FrameCompleted=16204866950504, DequeueBufferDuration=317000, QueueBufferDuration=645000, 
07-15 01:02:39.992 17906 17906 I Choreographer: Skipped 56 frames!  The application may be doing too much work on its main thread.
07-15 01:02:40.078 17906 17957 I OpenGLRenderer: Davey! duration=1025ms; Flags=0, IntendedVsync=16203946244101, Vsync=16204880511701, OldestInputEvent=9223372036854775807, NewestInputEvent=0, HandleInputStart=16204886279734, AnimationStart=16204886318119, PerformTraversalsStart=16204895722811, DrawStart=16204896025042, SyncQueued=16204907841657, SyncStart=16204908003811, IssueDrawCommandsStart=16204908716042, SwapBuffers=16204971307350, FrameCompleted=16204972323657, DequeueBufferDuration=317000, QueueBufferDuration=408000, 
07-15 01:02:41.431 17906 17920 I vision.svplaye: Background concurrent copying GC freed 165129(5MB) AllocSpace objects, 0(0B) LOS objects, 21% free, 22MB/28MB, paused 250us total 257.593ms
07-15 01:02:43.031 17906 17920 I vision.svplaye: Background concurrent copying GC freed 211246(6MB) AllocSpace objects, 0(0B) LOS objects, 21% free, 22MB/28MB, paused 138us total 252.019ms
07-15 01:02:44.585 17906 17920 I vision.svplaye: Background concurrent copying GC freed 201383(6MB) AllocSpace objects, 0(0B) LOS objects, 21% free, 22MB/28MB, paused 208us total 244.524ms
07-15 01:02:46.186 17906 17920 I vision.svplaye: Background concurrent copying GC freed 203334(6MB) AllocSpace objects, 0(0B) LOS objects, 21% free, 22MB/28MB, paused 187us total 251.494ms
07-15 01:02:47.788 17906 17920 I vision.svplaye: Background concurrent copying GC freed 205834(6MB) AllocSpace objects, 0(0B) LOS objects, 21% free, 22MB/28MB, paused 160us total 254.229ms
07-15 01:02:49.384 17906 17920 I vision.svplaye: Background concurrent copying GC freed 206396(6MB) AllocSpace objects, 0(0B) LOS objects, 21% free, 22MB/28MB, paused 209us total 252.137ms
07-15 01:02:50.968 17906 17920 I vision.svplaye: Background concurrent copying GC freed 203999(6MB) AllocSpace objects, 0(0B) LOS objects, 21% free, 22MB/28MB, paused 206us total 249.075ms
