--------- beginning of main
07-22 03:05:30.512 21761 21761 W vision.svplaye: Accessing hidden method Landroid/view/RenderNode;->setClipToOutline(Z)Z (dark greylist, linking)
07-22 03:05:30.513 21761 21761 W vision.svplaye: Accessing hidden method Landroid/view/RenderNode;->setLayerType(I)Z (dark greylist, linking)
07-22 03:05:30.513 21761 21761 I chatty  : uid=10247(com.smartvision.svplayer) identical 2 lines
07-22 03:05:30.513 21761 21761 W vision.svplaye: Accessing hidden method Landroid/view/RenderNode;->setLayerType(I)Z (dark greylist, linking)
07-22 03:05:30.513 21761 21761 W vision.svplaye: Accessing hidden method Landroid/view/RenderNode;->getMatrix(Landroid/graphics/Matrix;)V (dark greylist, linking)
07-22 03:05:30.515 21761 21761 W vision.svplaye: Accessing hidden method Landroid/view/RenderNode;->setAlpha(F)Z (dark greylist, linking)
07-22 03:05:30.516 21761 21761 W vision.svplaye: Accessing hidden method Landroid/view/RenderNode;->setCameraDistance(F)Z (dark greylist, linking)
07-22 03:05:30.516 21761 21761 W vision.svplaye: Accessing hidden method Landroid/view/RenderNode;->setLayerPaint(Landroid/graphics/Paint;)Z (dark greylist, linking)
07-22 03:05:30.517 21761 21761 W vision.svplaye: Accessing hidden method Landroid/view/RenderNode;->setOutline(Landroid/graphics/Outline;)Z (dark greylist, linking)
07-22 03:05:30.517 21761 21761 W vision.svplaye: Accessing hidden method Landroid/view/RenderNode;->setPivotX(F)Z (dark greylist, linking)
07-22 03:05:30.517 21761 21761 W vision.svplaye: Accessing hidden method Landroid/view/RenderNode;->setPivotX(F)Z (dark greylist, linking)
07-22 03:05:30.517 21761 21761 W vision.svplaye: Accessing hidden method Landroid/view/RenderNode;->setRotationX(F)Z (dark greylist, linking)
07-22 03:05:30.517 21761 21761 W vision.svplaye: Accessing hidden method Landroid/view/RenderNode;->setRotationY(F)Z (dark greylist, linking)
07-22 03:05:30.517 21761 21761 W vision.svplaye: Accessing hidden method Landroid/view/RenderNode;->setRotation(F)Z (dark greylist, linking)
07-22 03:05:30.517 21761 21761 W vision.svplaye: Accessing hidden method Landroid/view/RenderNode;->setScaleX(F)Z (dark greylist, linking)
07-22 03:05:30.518 21761 21761 W vision.svplaye: Accessing hidden method Landroid/view/RenderNode;->setScaleY(F)Z (dark greylist, linking)
07-22 03:05:30.518 21761 21761 W vision.svplaye: Accessing hidden method Landroid/view/RenderNode;->setElevation(F)Z (dark greylist, linking)
07-22 03:05:30.518 21761 21761 W vision.svplaye: Accessing hidden method Landroid/view/RenderNode;->setTranslationX(F)Z (dark greylist, linking)
07-22 03:05:30.518 21761 21761 W vision.svplaye: Accessing hidden method Landroid/view/RenderNode;->setTranslationY(F)Z (dark greylist, linking)
07-22 03:05:30.518 21761 21761 W vision.svplaye: Accessing hidden method Landroid/view/RenderNode;->getScaleX()F (dark greylist, linking)
07-22 03:05:30.529 21761 21808 I ConfigStore: android::hardware::configstore::V1_0::ISurfaceFlingerConfigs::hasWideColorDisplay retrieved: 0
07-22 03:05:30.529 21761 21808 I ConfigStore: android::hardware::configstore::V1_0::ISurfaceFlingerConfigs::hasHDRDisplay retrieved: 0
07-22 03:05:30.530 21761 21808 I OpenGLRenderer: Initialized EGL, version 1.4
07-22 03:05:30.590 21761 21761 I Choreographer: Skipped 51 frames!  The application may be doing too much work on its main thread.
07-22 03:05:30.790 21761 21808 E ion     : ioctl c0044901 failed with code -1: Invalid argument
07-22 03:05:30.793 21761 21808 I ConfigStore: android::hardware::configstore::V1_0::ISurfaceFlingerConfigs::vsyncEventPhaseOffsetNs retrieved: 1000000 (default)
07-22 03:05:30.793 21761 21808 I ConfigStore: android::hardware::configstore::V1_0::ISurfaceFlingerConfigs::vsyncSfEventPhaseOffsetNs retrieved: 1000000 (default)
07-22 03:05:30.957 21761 21808 I OpenGLRenderer: Davey! duration=1220ms; Flags=0, IntendedVsync=14327195143411, Vsync=14328045994261, OldestInputEvent=9223372036854775807, NewestInputEvent=0, HandleInputStart=14328057102698, AnimationStart=14328057153852, PerformTraversalsStart=14328106761467, DrawStart=14328110347006, SyncQueued=14328251716775, SyncStart=14328260122160, IssueDrawCommandsStart=14328260251237, SwapBuffers=14328422434544, FrameCompleted=14328423663237, DequeueBufferDuration=0, QueueBufferDuration=557000, 
07-22 03:05:31.138 21761 21761 I Choreographer: Skipped 32 frames!  The application may be doing too much work on its main thread.
07-22 03:05:31.604 21761 21808 I ConfigStore: android::hardware::configstore::V1_0::ISurfaceFlingerConfigs::vsyncEventPhaseOffsetNs retrieved: 1000000 (default)
07-22 03:05:31.604 21761 21808 I ConfigStore: android::hardware::configstore::V1_0::ISurfaceFlingerConfigs::vsyncSfEventPhaseOffsetNs retrieved: 1000000 (default)
07-22 03:05:32.084 21761 21761 I SVStartup: startup stage: Initializing
07-22 03:05:32.086 21761 21761 I SVStartup: startup stage: CheckingActivation
07-22 03:05:32.116 21761 21846 I vision.svplaye: Rejecting re-init on previously-failed class java.lang.Class<kotlinx.coroutines.internal.ClassValueCtorCache$cache$1>: java.lang.NoClassDefFoundError: Failed resolution of: Ljava/lang/ClassValue;
07-22 03:05:32.116 21761 21846 I vision.svplaye:   at boolean okio.NioSystemFileSystem$$ExternalSyntheticApiModelOutline0.m(java.lang.reflect.Method) (D8$$SyntheticClass:0)
07-22 03:05:32.116 21761 21846 I vision.svplaye:   at boolean retrofit2.Reflection$Android24.isDefaultMethod(java.lang.reflect.Method) (Reflection.java:76)
07-22 03:05:32.116 21761 21846 I vision.svplaye:   at java.lang.Object retrofit2.Retrofit$1.invoke(java.lang.Object, java.lang.reflect.Method, java.lang.Object[]) (Retrofit.java:175)
07-22 03:05:32.116 21761 21846 I vision.svplaye:   at java.lang.Object java.lang.reflect.Proxy.invoke(java.lang.reflect.Proxy, java.lang.reflect.Method, java.lang.Object[]) (Proxy.java:1006)
07-22 03:05:32.116 21761 21846 I vision.svplaye:   at java.lang.Object com.smartvision.svplayer.data.diagnostics.DeviceDiagnosticsApiService.upsert(com.smartvision.svplayer.data.diagnostics.DeviceDiagnosticsRequest, kotlin.coroutines.Continuation) ((null):-1)
07-22 03:05:32.116 21761 21846 I vision.svplaye:   at java.lang.Object com.smartvision.svplayer.data.diagnostics.DeviceDiagnosticsReporter.report(java.lang.String, java.util.Map, kotlin.coroutines.Continuation) (DeviceDiagnosticsReporter.kt:45)
07-22 03:05:32.116 21761 21846 I vision.svplaye:   at java.lang.Object com.smartvision.svplayer.data.diagnostics.DeviceDiagnosticsReporter.access$report(com.smartvision.svplayer.data.diagnostics.DeviceDiagnosticsReporter, java.lang.String, java.util.Map, kotlin.coroutines.Continuation) (DeviceDiagnosticsReporter.kt:14)
07-22 03:05:32.116 21761 21846 I vision.svplaye:   at java.lang.Object com.smartvision.svplayer.data.diagnostics.DeviceDiagnosticsReporter$report$1.invokeSuspend(java.lang.Object) (DeviceDiagnosticsReporter.kt:-1)
07-22 03:05:32.116 21761 21846 I vision.svplaye:   at void kotlin.coroutines.jvm.internal.BaseContinuationImpl.resumeWith(java.lang.Object) (ContinuationImpl.kt:33)
07-22 03:05:32.116 21761 21846 I vision.svplaye:   at void kotlinx.coroutines.UndispatchedCoroutine.afterResume(java.lang.Object) (CoroutineContext.kt:266)
07-22 03:05:32.116 21761 21846 I vision.svplaye:   at void kotlinx.coroutines.AbstractCoroutine.resumeWith(java.lang.Object) (AbstractCoroutine.kt:101)
07-22 03:05:32.116 21761 21846 I vision.svplaye:   at void kotlin.coroutines.jvm.internal.BaseContinuationImpl.resumeWith(java.lang.Object) (ContinuationImpl.kt:46)
07-22 03:05:32.116 21761 21846 I vision.svplaye:   at void kotlinx.coroutines.DispatchedTask.run() (DispatchedTask.kt:100)
07-22 03:05:32.116 21761 21846 I vision.svplaye:   at void kotlinx.coroutines.internal.LimitedDispatcher$Worker.run() (LimitedDispatcher.kt:124)
07-22 03:05:32.116 21761 21846 I vision.svplaye:   at void kotlinx.coroutines.scheduling.TaskImpl.run() (Tasks.kt:89)
07-22 03:05:32.116 21761 21846 I vision.svplaye:   at void kotlinx.coroutines.scheduling.CoroutineScheduler.runSafely(kotlinx.coroutines.scheduling.Task) (CoroutineScheduler.kt:586)
07-22 03:05:32.116 21761 21846 I vision.svplaye:   at void kotlinx.coroutines.scheduling.CoroutineScheduler$Worker.executeTask(kotlinx.coroutines.scheduling.Task) (CoroutineScheduler.kt:820)
07-22 03:05:32.116 21761 21846 I vision.svplaye:   at void kotlinx.coroutines.scheduling.CoroutineScheduler$Worker.runWorker() (CoroutineScheduler.kt:717)
07-22 03:05:32.116 21761 21846 I vision.svplaye:   at void kotlinx.coroutines.scheduling.CoroutineScheduler$Worker.run() (CoroutineScheduler.kt:704)
07-22 03:05:32.116 21761 21846 I vision.svplaye: Caused by: java.lang.ClassNotFoundException: Didn't find class "java.lang.ClassValue" on path: DexPathList[[zip file "/data/app/com.smartvision.svplayer-AKcItvJduKG3G97GrxHS2g==/base.apk"],nativeLibraryDirectories=[/data/app/com.smartvision.svplayer-AKcItvJduKG3G97GrxHS2g==/lib/arm, /data/app/com.smartvision.svplayer-AKcItvJduKG3G97GrxHS2g==/base.apk!/lib/armeabi-v7a, /system/lib]]
07-22 03:05:32.116 21761 21846 I vision.svplaye:   at java.lang.Class dalvik.system.BaseDexClassLoader.findClass(java.lang.String) (BaseDexClassLoader.java:134)
07-22 03:05:32.116 21761 21846 I vision.svplaye:   at java.lang.Class java.lang.ClassLoader.loadClass(java.lang.String, boolean) (ClassLoader.java:379)
07-22 03:05:32.116 21761 21846 I vision.svplaye:   at java.lang.Class java.lang.ClassLoader.loadClass(java.lang.String) (ClassLoader.java:312)
07-22 03:05:32.116 21761 21846 I vision.svplaye:   at boolean okio.NioSystemFileSystem$$ExternalSyntheticApiModelOutline0.m(java.lang.reflect.Method) (D8$$SyntheticClass:0)
07-22 03:05:32.116 21761 21846 I vision.svplaye:   at boolean retrofit2.Reflection$Android24.isDefaultMethod(java.lang.reflect.Method) (Reflection.java:76)
07-22 03:05:32.116 21761 21846 I vision.svplaye:   at java.lang.Object retrofit2.Retrofit$1.invoke(java.lang.Object, java.lang.reflect.Method, java.lang.Object[]) (Retrofit.java:175)
07-22 03:05:32.116 21761 21846 I vision.svplaye:   at java.lang.Object java.lang.reflect.Proxy.invoke(java.lang.reflect.Proxy, java.lang.reflect.Method, java.lang.Object[]) (Proxy.java:1006)
07-22 03:05:32.116 21761 21846 I vision.svplaye:   at java.lang.Object com.smartvision.svplayer.data.diagnostics.DeviceDiagnosticsApiService.upsert(com.smartvision.svplayer.data.diagnostics.DeviceDiagnosticsRequest, kotlin.coroutines.Continuation) ((null):-1)
07-22 03:05:32.116 21761 21846 I vision.svplaye:   at java.lang.Object com.smartvision.svplayer.data.diagnostics.DeviceDiagnosticsReporter.report(java.lang.String, java.util.Map, kotlin.coroutines.Continuation) (DeviceDiagnosticsReporter.kt:45)
07-22 03:05:32.116 21761 21846 I vision.svplaye:   at java.lang.Object com.smartvision.svplayer.data.diagnostics.DeviceDiagnosticsReporter.access$report(com.smartvision.svplayer.data.diagnostics.DeviceDiagnosticsReporter, java.lang.String, java.util.Map, kotlin.coroutines.Continuation) (DeviceDiagnosticsReporter.kt:14)
07-22 03:05:32.116 21761 21846 I vision.svplaye:   at java.lang.Object com.smartvision.svplayer.data.diagnostics.DeviceDiagnosticsReporter$report$1.invokeSuspend(java.lang.Object) (DeviceDiagnosticsReporter.kt:-1)
07-22 03:05:32.116 21761 21846 I vision.svplaye:   at void kotlin.coroutines.jvm.internal.BaseContinuationImpl.resumeWith(java.lang.Object) (ContinuationImpl.kt:33)
07-22 03:05:32.116 21761 21846 I vision.svplaye:   at void kotlinx.coroutines.UndispatchedCoroutine.afterResume(java.lang.Object) (CoroutineContext.kt:266)
07-22 03:05:32.116 21761 21846 I vision.svplaye:   at void kotlinx.coroutines.AbstractCoroutine.resumeWith(java.lang.Object) (AbstractCoroutine.kt:101)
07-22 03:05:32.116 21761 21846 I vision.svplaye:   at void kotlin.coroutines.jvm.internal.BaseContinuationImpl.resumeWith(java.lang.Object) (ContinuationImpl.kt:46)
07-22 03:05:32.116 21761 21846 I vision.svplaye:   at void kotlinx.coroutines.DispatchedTask.run() (DispatchedTask.kt:100)
07-22 03:05:32.116 21761 21846 I vision.svplaye:   at void kotlinx.coroutines.internal.LimitedDispatcher$Worker.run() (LimitedDispatcher.kt:124)
07-22 03:05:32.116 21761 21846 I vision.svplaye:   at void kotlinx.coroutines.scheduling.TaskImpl.run() (Tasks.kt:89)
07-22 03:05:32.117 21761 21846 I vision.svplaye:   at void kotlinx.coroutines.scheduling.CoroutineScheduler.runSafely(kotlinx.coroutines.scheduling.Task) (CoroutineScheduler.kt:586)
07-22 03:05:32.117 21761 21846 I vision.svplaye:   at void kotlinx.coroutines.scheduling.CoroutineScheduler$Worker.executeTask(kotlinx.coroutines.scheduling.Task) (CoroutineScheduler.kt:820)
07-22 03:05:32.117 21761 21846 I vision.svplaye:   at void kotlinx.coroutines.scheduling.CoroutineScheduler$Worker.runWorker() (CoroutineScheduler.kt:717)
07-22 03:05:32.117 21761 21846 I vision.svplaye:   at void kotlinx.coroutines.scheduling.CoroutineScheduler$Worker.run() (CoroutineScheduler.kt:704)
07-22 03:05:32.117 21761 21846 I vision.svplaye: 
07-22 03:05:32.120 21761 21846 I vision.svplaye: Rejecting re-init on previously-failed class java.lang.Class<kotlinx.coroutines.internal.ClassValueCtorCache$cache$1>: java.lang.NoClassDefFoundError: Failed resolution of: Ljava/lang/ClassValue;
07-22 03:05:32.120 21761 21846 I vision.svplaye:   at boolean okio.NioSystemFileSystem$$ExternalSyntheticApiModelOutline0.m(java.lang.reflect.Method) (D8$$SyntheticClass:0)
07-22 03:05:32.120 21761 21846 I vision.svplaye:   at boolean retrofit2.Reflection$Android24.isDefaultMethod(java.lang.reflect.Method) (Reflection.java:76)
07-22 03:05:32.120 21761 21846 I vision.svplaye:   at java.lang.Object retrofit2.Retrofit$1.invoke(java.lang.Object, java.lang.reflect.Method, java.lang.Object[]) (Retrofit.java:175)
07-22 03:05:32.120 21761 21846 I vision.svplaye:   at java.lang.Object java.lang.reflect.Proxy.invoke(java.lang.reflect.Proxy, java.lang.reflect.Method, java.lang.Object[]) (Proxy.java:1006)
07-22 03:05:32.120 21761 21846 I vision.svplaye:   at java.lang.Object com.smartvision.svplayer.data.diagnostics.DeviceDiagnosticsApiService.upsert(com.smartvision.svplayer.data.diagnostics.DeviceDiagnosticsRequest, kotlin.coroutines.Continuation) ((null):-1)
07-22 03:05:32.120 21761 21846 I vision.svplaye:   at java.lang.Object com.smartvision.svplayer.data.diagnostics.DeviceDiagnosticsReporter.report(java.lang.String, java.util.Map, kotlin.coroutines.Continuation) (DeviceDiagnosticsReporter.kt:45)
07-22 03:05:32.120 21761 21846 I vision.svplaye:   at java.lang.Object com.smartvision.svplayer.data.diagnostics.DeviceDiagnosticsReporter.access$report(com.smartvision.svplayer.data.diagnostics.DeviceDiagnosticsReporter, java.lang.String, java.util.Map, kotlin.coroutines.Continuation) (DeviceDiagnosticsReporter.kt:14)
07-22 03:05:32.120 21761 21846 I vision.svplaye:   at java.lang.Object com.smartvision.svplayer.data.diagnostics.DeviceDiagnosticsReporter$report$1.invokeSuspend(java.lang.Object) (DeviceDiagnosticsReporter.kt:-1)
07-22 03:05:32.120 21761 21846 I vision.svplaye:   at void kotlin.coroutines.jvm.internal.BaseContinuationImpl.resumeWith(java.lang.Object) (ContinuationImpl.kt:33)
07-22 03:05:32.120 21761 21846 I vision.svplaye:   at void kotlinx.coroutines.UndispatchedCoroutine.afterResume(java.lang.Object) (CoroutineContext.kt:266)
07-22 03:05:32.120 21761 21846 I vision.svplaye:   at void kotlinx.coroutines.AbstractCoroutine.resumeWith(java.lang.Object) (AbstractCoroutine.kt:101)
07-22 03:05:32.120 21761 21846 I vision.svplaye:   at void kotlin.coroutines.jvm.internal.BaseContinuationImpl.resumeWith(java.lang.Object) (ContinuationImpl.kt:46)
07-22 03:05:32.120 21761 21846 I vision.svplaye:   at void kotlinx.coroutines.DispatchedTask.run() (DispatchedTask.kt:100)
07-22 03:05:32.120 21761 21846 I vision.svplaye:   at void kotlinx.coroutines.internal.LimitedDispatcher$Worker.run() (LimitedDispatcher.kt:124)
07-22 03:05:32.120 21761 21846 I vision.svplaye:   at void kotlinx.coroutines.scheduling.TaskImpl.run() (Tasks.kt:89)
07-22 03:05:32.120 21761 21846 I vision.svplaye:   at void kotlinx.coroutines.scheduling.CoroutineScheduler.runSafely(kotlinx.coroutines.scheduling.Task) (CoroutineScheduler.kt:586)
07-22 03:05:32.120 21761 21846 I vision.svplaye:   at void kotlinx.coroutines.scheduling.CoroutineScheduler$Worker.executeTask(kotlinx.coroutines.scheduling.Task) (CoroutineScheduler.kt:820)
07-22 03:05:32.120 21761 21846 I vision.svplaye:   at void kotlinx.coroutines.scheduling.CoroutineScheduler$Worker.runWorker() (CoroutineScheduler.kt:717)
07-22 03:05:32.120 21761 21846 I vision.svplaye:   at void kotlinx.coroutines.scheduling.CoroutineScheduler$Worker.run() (CoroutineScheduler.kt:704)
07-22 03:05:32.120 21761 21846 I vision.svplaye: Caused by: java.lang.ClassNotFoundException: Didn't find class "java.lang.ClassValue" on path: DexPathList[[zip file "/data/app/com.smartvision.svplayer-AKcItvJduKG3G97GrxHS2g==/base.apk"],nativeLibraryDirectories=[/data/app/com.smartvision.svplayer-AKcItvJduKG3G97GrxHS2g==/lib/arm, /data/app/com.smartvision.svplayer-AKcItvJduKG3G97GrxHS2g==/base.apk!/lib/armeabi-v7a, /system/lib]]
07-22 03:05:32.120 21761 21846 I vision.svplaye:   at java.lang.Class dalvik.system.BaseDexClassLoader.findClass(java.lang.String) (BaseDexClassLoader.java:134)
07-22 03:05:32.120 21761 21846 I vision.svplaye:   at java.lang.Class java.lang.ClassLoader.loadClass(java.lang.String, boolean) (ClassLoader.java:379)
07-22 03:05:32.120 21761 21846 I vision.svplaye:   at java.lang.Class java.lang.ClassLoader.loadClass(java.lang.String) (ClassLoader.java:312)
07-22 03:05:32.120 21761 21846 I vision.svplaye:   at boolean okio.NioSystemFileSystem$$ExternalSyntheticApiModelOutline0.m(java.lang.reflect.Method) (D8$$SyntheticClass:0)
07-22 03:05:32.120 21761 21846 I vision.svplaye:   at boolean retrofit2.Reflection$Android24.isDefaultMethod(java.lang.reflect.Method) (Reflection.java:76)
07-22 03:05:32.120 21761 21846 I vision.svplaye:   at java.lang.Object retrofit2.Retrofit$1.invoke(java.lang.Object, java.lang.reflect.Method, java.lang.Object[]) (Retrofit.java:175)
07-22 03:05:32.120 21761 21846 I vision.svplaye:   at java.lang.Object java.lang.reflect.Proxy.invoke(java.lang.reflect.Proxy, java.lang.reflect.Method, java.lang.Object[]) (Proxy.java:1006)
07-22 03:05:32.120 21761 21846 I vision.svplaye:   at java.lang.Object com.smartvision.svplayer.data.diagnostics.DeviceDiagnosticsApiService.upsert(com.smartvision.svplayer.data.diagnostics.DeviceDiagnosticsRequest, kotlin.coroutines.Continuation) ((null):-1)
07-22 03:05:32.120 21761 21846 I vision.svplaye:   at java.lang.Object com.smartvision.svplayer.data.diagnostics.DeviceDiagnosticsReporter.report(java.lang.String, java.util.Map, kotlin.coroutines.Continuation) (DeviceDiagnosticsReporter.kt:45)
07-22 03:05:32.120 21761 21846 I vision.svplaye:   at java.lang.Object com.smartvision.svplayer.data.diagnostics.DeviceDiagnosticsReporter.access$report(com.smartvision.svplayer.data.diagnostics.DeviceDiagnosticsReporter, java.lang.String, java.util.Map, kotlin.coroutines.Continuation) (DeviceDiagnosticsReporter.kt:14)
07-22 03:05:32.120 21761 21846 I vision.svplaye:   at java.lang.Object com.smartvision.svplayer.data.diagnostics.DeviceDiagnosticsReporter$report$1.invokeSuspend(java.lang.Object) (DeviceDiagnosticsReporter.kt:-1)
07-22 03:05:32.120 21761 21846 I vision.svplaye:   at void kotlin.coroutines.jvm.internal.BaseContinuationImpl.resumeWith(java.lang.Object) (ContinuationImpl.kt:33)
07-22 03:05:32.120 21761 21846 I vision.svplaye:   at void kotlinx.coroutines.UndispatchedCoroutine.afterResume(java.lang.Object) (CoroutineContext.kt:266)
07-22 03:05:32.120 21761 21846 I vision.svplaye:   at void kotlinx.coroutines.AbstractCoroutine.resumeWith(java.lang.Object) (AbstractCoroutine.kt:101)
07-22 03:05:32.120 21761 21846 I vision.svplaye:   at void kotlin.coroutines.jvm.internal.BaseContinuationImpl.resumeWith(java.lang.Object) (ContinuationImpl.kt:46)
07-22 03:05:32.120 21761 21846 I vision.svplaye:   at void kotlinx.coroutines.DispatchedTask.run() (DispatchedTask.kt:100)
07-22 03:05:32.120 21761 21846 I vision.svplaye:   at void kotlinx.coroutines.internal.LimitedDispatcher$Worker.run() (LimitedDispatcher.kt:124)
07-22 03:05:32.120 21761 21846 I vision.svplaye:   at void kotlinx.coroutines.scheduling.TaskImpl.run() (Tasks.kt:89)
07-22 03:05:32.120 21761 21846 I vision.svplaye:   at void kotlinx.coroutines.scheduling.CoroutineScheduler.runSafely(kotlinx.coroutines.scheduling.Task) (CoroutineScheduler.kt:586)
07-22 03:05:32.120 21761 21846 I vision.svplaye:   at void kotlinx.coroutines.scheduling.CoroutineScheduler$Worker.executeTask(kotlinx.coroutines.scheduling.Task) (CoroutineScheduler.kt:820)
07-22 03:05:32.120 21761 21846 I vision.svplaye:   at void kotlinx.coroutines.scheduling.CoroutineScheduler$Worker.runWorker() (CoroutineScheduler.kt:717)
07-22 03:05:32.120 21761 21846 I vision.svplaye:   at void kotlinx.coroutines.scheduling.CoroutineScheduler$Worker.run() (CoroutineScheduler.kt:704)
07-22 03:05:32.120 21761 21846 I vision.svplaye: 
07-22 03:05:32.121 21761 21846 I vision.svplaye: Rejecting re-init on previously-failed class java.lang.Class<kotlinx.coroutines.internal.ClassValueCtorCache$cache$1>: java.lang.NoClassDefFoundError: Failed resolution of: Ljava/lang/ClassValue;
07-22 03:05:32.121 21761 21846 I vision.svplaye:   at boolean okio.NioSystemFileSystem$$ExternalSyntheticApiModelOutline0.m(java.lang.reflect.Method) (D8$$SyntheticClass:0)
07-22 03:05:32.121 21761 21846 I vision.svplaye:   at boolean retrofit2.Reflection$Android24.isDefaultMethod(java.lang.reflect.Method) (Reflection.java:76)
07-22 03:05:32.121 21761 21846 I vision.svplaye:   at java.lang.Object retrofit2.Retrofit$1.invoke(java.lang.Object, java.lang.reflect.Method, java.lang.Object[]) (Retrofit.java:175)
07-22 03:05:32.121 21761 21846 I vision.svplaye:   at java.lang.Object java.lang.reflect.Proxy.invoke(java.lang.reflect.Proxy, java.lang.reflect.Method, java.lang.Object[]) (Proxy.java:1006)
07-22 03:05:32.121 21761 21846 I vision.svplaye:   at java.lang.Object com.smartvision.svplayer.data.diagnostics.DeviceDiagnosticsApiService.upsert(com.smartvision.svplayer.data.diagnostics.DeviceDiagnosticsRequest, kotlin.coroutines.Continuation) ((null):-1)
07-22 03:05:32.121 21761 21846 I vision.svplaye:   at java.lang.Object com.smartvision.svplayer.data.diagnostics.DeviceDiagnosticsReporter.report(java.lang.String, java.util.Map, kotlin.coroutines.Continuation) (DeviceDiagnosticsReporter.kt:45)
07-22 03:05:32.121 21761 21846 I vision.svplaye:   at java.lang.Object com.smartvision.svplayer.data.diagnostics.DeviceDiagnosticsReporter.access$report(com.smartvision.svplayer.data.diagnostics.DeviceDiagnosticsReporter, java.lang.String, java.util.Map, kotlin.coroutines.Continuation) (DeviceDiagnosticsReporter.kt:14)
07-22 03:05:32.121 21761 21846 I vision.svplaye:   at java.lang.Object com.smartvision.svplayer.data.diagnostics.DeviceDiagnosticsReporter$report$1.invokeSuspend(java.lang.Object) (DeviceDiagnosticsReporter.kt:-1)
07-22 03:05:32.121 21761 21846 I vision.svplaye:   at void kotlin.coroutines.jvm.internal.BaseContinuationImpl.resumeWith(java.lang.Object) (ContinuationImpl.kt:33)
07-22 03:05:32.121 21761 21846 I vision.svplaye:   at void kotlinx.coroutines.UndispatchedCoroutine.afterResume(java.lang.Object) (CoroutineContext.kt:266)
07-22 03:05:32.121 21761 21846 I vision.svplaye:   at void kotlinx.coroutines.AbstractCoroutine.resumeWith(java.lang.Object) (AbstractCoroutine.kt:101)
07-22 03:05:32.121 21761 21846 I vision.svplaye:   at void kotlin.coroutines.jvm.internal.BaseContinuationImpl.resumeWith(java.lang.Object) (ContinuationImpl.kt:46)
07-22 03:05:32.121 21761 21846 I vision.svplaye:   at void kotlinx.coroutines.DispatchedTask.run() (DispatchedTask.kt:100)
07-22 03:05:32.121 21761 21846 I vision.svplaye:   at void kotlinx.coroutines.internal.LimitedDispatcher$Worker.run() (LimitedDispatcher.kt:124)
07-22 03:05:32.122 21761 21846 I vision.svplaye:   at void kotlinx.coroutines.scheduling.TaskImpl.run() (Tasks.kt:89)
07-22 03:05:32.122 21761 21846 I vision.svplaye:   at void kotlinx.coroutines.scheduling.CoroutineScheduler.runSafely(kotlinx.coroutines.scheduling.Task) (CoroutineScheduler.kt:586)
07-22 03:05:32.122 21761 21846 I vision.svplaye:   at void kotlinx.coroutines.scheduling.CoroutineScheduler$Worker.executeTask(kotlinx.coroutines.scheduling.Task) (CoroutineScheduler.kt:820)
07-22 03:05:32.122 21761 21846 I vision.svplaye:   at void kotlinx.coroutines.scheduling.CoroutineScheduler$Worker.runWorker() (CoroutineScheduler.kt:717)
07-22 03:05:32.122 21761 21846 I vision.svplaye:   at void kotlinx.coroutines.scheduling.CoroutineScheduler$Worker.run() (CoroutineScheduler.kt:704)
07-22 03:05:32.122 21761 21846 I vision.svplaye: Caused by: java.lang.ClassNotFoundException: Didn't find class "java.lang.ClassValue" on path: DexPathList[[zip file "/data/app/com.smartvision.svplayer-AKcItvJduKG3G97GrxHS2g==/base.apk"],nativeLibraryDirectories=[/data/app/com.smartvision.svplayer-AKcItvJduKG3G97GrxHS2g==/lib/arm, /data/app/com.smartvision.svplayer-AKcItvJduKG3G97GrxHS2g==/base.apk!/lib/armeabi-v7a, /system/lib]]
07-22 03:05:32.122 21761 21846 I vision.svplaye:   at java.lang.Class dalvik.system.BaseDexClassLoader.findClass(java.lang.String) (BaseDexClassLoader.java:134)
07-22 03:05:32.122 21761 21846 I vision.svplaye:   at java.lang.Class java.lang.ClassLoader.loadClass(java.lang.String, boolean) (ClassLoader.java:379)
07-22 03:05:32.122 21761 21846 I vision.svplaye:   at java.lang.Class java.lang.ClassLoader.loadClass(java.lang.String) (ClassLoader.java:312)
07-22 03:05:32.122 21761 21846 I vision.svplaye:   at boolean okio.NioSystemFileSystem$$ExternalSyntheticApiModelOutline0.m(java.lang.reflect.Method) (D8$$SyntheticClass:0)
07-22 03:05:32.122 21761 21846 I vision.svplaye:   at boolean retrofit2.Reflection$Android24.isDefaultMethod(java.lang.reflect.Method) (Reflection.java:76)
07-22 03:05:32.122 21761 21846 I vision.svplaye:   at java.lang.Object retrofit2.Retrofit$1.invoke(java.lang.Object, java.lang.reflect.Method, java.lang.Object[]) (Retrofit.java:175)
07-22 03:05:32.122 21761 21846 I vision.svplaye:   at java.lang.Object java.lang.reflect.Proxy.invoke(java.lang.reflect.Proxy, java.lang.reflect.Method, java.lang.Object[]) (Proxy.java:1006)
07-22 03:05:32.122 21761 21846 I vision.svplaye:   at java.lang.Object com.smartvision.svplayer.data.diagnostics.DeviceDiagnosticsApiService.upsert(com.smartvision.svplayer.data.diagnostics.DeviceDiagnosticsRequest, kotlin.coroutines.Continuation) ((null):-1)
07-22 03:05:32.122 21761 21846 I vision.svplaye:   at java.lang.Object com.smartvision.svplayer.data.diagnostics.DeviceDiagnosticsReporter.report(java.lang.String, java.util.Map, kotlin.coroutines.Continuation) (DeviceDiagnosticsReporter.kt:45)
07-22 03:05:32.122 21761 21846 I vision.svplaye:   at java.lang.Object com.smartvision.svplayer.data.diagnostics.DeviceDiagnosticsReporter.access$report(com.smartvision.svplayer.data.diagnostics.DeviceDiagnosticsReporter, java.lang.String, java.util.Map, kotlin.coroutines.Continuation) (DeviceDiagnosticsReporter.kt:14)
07-22 03:05:32.122 21761 21846 I vision.svplaye:   at java.lang.Object com.smartvision.svplayer.data.diagnostics.DeviceDiagnosticsReporter$report$1.invokeSuspend(java.lang.Object) (DeviceDiagnosticsReporter.kt:-1)
07-22 03:05:32.122 21761 21846 I vision.svplaye:   at void kotlin.coroutines.jvm.internal.BaseContinuationImpl.resumeWith(java.lang.Object) (ContinuationImpl.kt:33)
07-22 03:05:32.122 21761 21846 I vision.svplaye:   at void kotlinx.coroutines.UndispatchedCoroutine.afterResume(java.lang.Object) (CoroutineContext.kt:266)
07-22 03:05:32.122 21761 21846 I vision.svplaye:   at void kotlinx.coroutines.AbstractCoroutine.resumeWith(java.lang.Object) (AbstractCoroutine.kt:101)
07-22 03:05:32.122 21761 21846 I vision.svplaye:   at void kotlin.coroutines.jvm.internal.BaseContinuationImpl.resumeWith(java.lang.Object) (ContinuationImpl.kt:46)
07-22 03:05:32.122 21761 21846 I vision.svplaye:   at void kotlinx.coroutines.DispatchedTask.run() (DispatchedTask.kt:100)
07-22 03:05:32.122 21761 21846 I vision.svplaye:   at void kotlinx.coroutines.internal.LimitedDispatcher$Worker.run() (LimitedDispatcher.kt:124)
07-22 03:05:32.122 21761 21846 I vision.svplaye:   at void kotlinx.coroutines.scheduling.TaskImpl.run() (Tasks.kt:89)
07-22 03:05:32.122 21761 21846 I vision.svplaye:   at void kotlinx.coroutines.scheduling.CoroutineScheduler.runSafely(kotlinx.coroutines.scheduling.Task) (CoroutineScheduler.kt:586)
07-22 03:05:32.122 21761 21846 I vision.svplaye:   at void kotlinx.coroutines.scheduling.CoroutineScheduler$Worker.executeTask(kotlinx.coroutines.scheduling.Task) (CoroutineScheduler.kt:820)
07-22 03:05:32.122 21761 21846 I vision.svplaye:   at void kotlinx.coroutines.scheduling.CoroutineScheduler$Worker.runWorker() (CoroutineScheduler.kt:717)
07-22 03:05:32.122 21761 21846 I vision.svplaye:   at void kotlinx.coroutines.scheduling.CoroutineScheduler$Worker.run() (CoroutineScheduler.kt:704)
07-22 03:05:32.122 21761 21846 I vision.svplaye: 
07-22 03:05:32.140 21761 21773 I vision.svplaye: Background concurrent copying GC freed 11406(1096KB) AllocSpace objects, 14(280KB) LOS objects, 50% free, 3MB/6MB, paused 2.592ms total 267.518ms
07-22 03:05:32.161 21761 21761 I SVStartup: startup stage: PreparingHome
07-22 03:05:32.162 21761 21761 I SVStartup: startup stage: PreparingHome
07-22 03:05:32.361 21761 21761 I ExoPlayerImpl: Init 16341d4 [AndroidXMedia3/1.6.1] [sheldonp, AFTSSS, Amazon, 28]
07-22 03:05:32.368 21761 21849 E System  : TRACE Starting certificate trust
07-22 03:05:32.363 21761 21848 E System  : TRACE Starting certificate trust
07-22 03:05:33.254 21761 21768 I vision.svplaye: JIT allocated 121KB for stack maps of void com.smartvision.svplayer.ui.navigation.AppNavigationKt.AppNavigation(androidx.navigation.NavHostController, androidx.compose.ui.Modifier, kotlin.jvm.functions.Function0, boolean, androidx.compose.runtime.Composer, int, int)
07-22 03:05:35.755 21761 21773 I vision.svplaye: NativeAlloc concurrent copying GC freed 14930(677KB) AllocSpace objects, 1(44KB) LOS objects, 49% free, 5MB/11MB, paused 882us total 507.532ms
07-22 03:05:37.084 21761 21773 I vision.svplaye: NativeAlloc concurrent copying GC freed 65522(2MB) AllocSpace objects, 0(0B) LOS objects, 38% free, 9MB/15MB, paused 14.663ms total 1.163s
07-22 03:05:38.246 21761 21773 I vision.svplaye: NativeAlloc concurrent copying GC freed 109873(4MB) AllocSpace objects, 0(0B) LOS objects, 49% free, 5MB/11MB, paused 2.285ms total 450.199ms
07-22 03:05:41.508 21761 21761 I SVStartup: initial surface preloaded: ready=false durationMs=9346
07-22 03:05:42.022 21761 21808 I OpenGLRenderer: Davey! duration=9924ms; Flags=0, IntendedVsync=14329564223063, Vsync=14329630956463, OldestInputEvent=9223372036854775807, NewestInputEvent=0, HandleInputStart=14329631015775, AnimationStart=14329631050468, PerformTraversalsStart=14331857513160, DrawStart=14337155993545, SyncQueued=14338851649391, SyncStart=14338851762314, IssueDrawCommandsStart=14338856771237, SwapBuffers=14339436280699, FrameCompleted=14339488717930, DequeueBufferDuration=5841000, QueueBufferDuration=39040000, 
07-22 03:05:43.501 21761 21761 I SVStartup: state localReady=true checking=false activated=true playableSource=true route=home
07-22 03:05:45.218 21761 21761 I SVStartup: startup complete: rendering AppNavigation
07-22 03:05:46.504 21761 21761 I Choreographer: Skipped 858 frames!  The application may be doing too much work on its main thread.
