--------- beginning of main
07-15 00:39:07.077 17906 17920 I vision.svplaye: Background concurrent copying GC freed 201825(6MB) AllocSpace objects, 0(0B) LOS objects, 23% free, 19MB/25MB, paused 158us total 211.726ms
07-15 00:39:08.682 17906 17920 I vision.svplaye: Background concurrent copying GC freed 201294(6MB) AllocSpace objects, 0(0B) LOS objects, 23% free, 19MB/25MB, paused 153us total 218.540ms
07-15 00:39:10.276 17906 17920 I vision.svplaye: Background concurrent copying GC freed 201581(6MB) AllocSpace objects, 0(0B) LOS objects, 23% free, 19MB/25MB, paused 278us total 228.211ms
07-15 00:39:11.844 17906 17920 I vision.svplaye: Background concurrent copying GC freed 199718(6MB) AllocSpace objects, 0(0B) LOS objects, 23% free, 19MB/25MB, paused 211us total 211.854ms
07-15 00:39:13.440 17906 17920 I vision.svplaye: Background concurrent copying GC freed 199864(6MB) AllocSpace objects, 0(0B) LOS objects, 23% free, 19MB/25MB, paused 175us total 214.657ms
07-15 00:39:15.038 17906 17920 I vision.svplaye: Background concurrent copying GC freed 201015(6MB) AllocSpace objects, 0(0B) LOS objects, 23% free, 19MB/25MB, paused 234us total 230.484ms
07-15 00:39:16.644 17906 17920 I vision.svplaye: Background concurrent copying GC freed 204065(6MB) AllocSpace objects, 0(0B) LOS objects, 23% free, 19MB/25MB, paused 227us total 216.975ms
07-15 00:39:18.235 17906 17920 I vision.svplaye: Background concurrent copying GC freed 200425(6MB) AllocSpace objects, 0(0B) LOS objects, 23% free, 19MB/25MB, paused 153us total 216.588ms
07-15 00:39:19.822 17906 17920 I vision.svplaye: Background concurrent copying GC freed 202284(6MB) AllocSpace objects, 0(0B) LOS objects, 23% free, 19MB/25MB, paused 208us total 203.428ms
07-15 00:39:21.395 17906 17920 I vision.svplaye: Background concurrent copying GC freed 198622(6MB) AllocSpace objects, 0(0B) LOS objects, 23% free, 19MB/25MB, paused 175us total 211.603ms
07-15 00:39:22.992 17906 17920 I vision.svplaye: Background concurrent copying GC freed 200423(6MB) AllocSpace objects, 0(0B) LOS objects, 23% free, 19MB/25MB, paused 195us total 211.698ms
07-15 00:39:24.590 17906 17920 I vision.svplaye: Background concurrent copying GC freed 202136(6MB) AllocSpace objects, 0(0B) LOS objects, 23% free, 19MB/25MB, paused 185us total 214.306ms
07-15 00:39:26.185 17906 17920 I vision.svplaye: Background concurrent copying GC freed 201985(6MB) AllocSpace objects, 0(0B) LOS objects, 23% free, 19MB/25MB, paused 150us total 209.636ms
07-15 00:39:27.796 17906 17920 I vision.svplaye: Background concurrent copying GC freed 201875(6MB) AllocSpace objects, 0(0B) LOS objects, 23% free, 19MB/25MB, paused 160us total 222.626ms
07-15 00:39:29.374 17906 17920 I vision.svplaye: Background concurrent copying GC freed 200848(6MB) AllocSpace objects, 0(0B) LOS objects, 23% free, 19MB/25MB, paused 278us total 223.378ms
07-15 00:39:30.970 17906 17920 I vision.svplaye: Background concurrent copying GC freed 199411(6MB) AllocSpace objects, 0(0B) LOS objects, 23% free, 19MB/25MB, paused 191us total 223.162ms
07-15 00:39:32.561 17906 17920 I vision.svplaye: Background concurrent copying GC freed 200892(6MB) AllocSpace objects, 0(0B) LOS objects, 23% free, 19MB/25MB, paused 167us total 217.847ms
07-15 00:39:34.159 17906 17920 I vision.svplaye: Background concurrent copying GC freed 201566(6MB) AllocSpace objects, 0(0B) LOS objects, 23% free, 19MB/25MB, paused 184us total 218.190ms
07-15 00:39:35.761 17906 17920 I vision.svplaye: Background concurrent copying GC freed 201910(6MB) AllocSpace objects, 0(0B) LOS objects, 23% free, 19MB/25MB, paused 196us total 225.361ms
07-15 00:39:37.309 17906 17920 I vision.svplaye: Background concurrent copying GC freed 199837(6MB) AllocSpace objects, 0(0B) LOS objects, 23% free, 19MB/25MB, paused 177us total 205.801ms
07-15 00:39:38.889 17906 17920 I vision.svplaye: Background concurrent copying GC freed 199086(6MB) AllocSpace objects, 0(0B) LOS objects, 23% free, 19MB/25MB, paused 168us total 215.741ms
07-15 00:39:40.483 17906 17920 I vision.svplaye: Background concurrent copying GC freed 200279(6MB) AllocSpace objects, 0(0B) LOS objects, 23% free, 19MB/25MB, paused 237us total 218.414ms
07-15 00:39:42.053 17906 17920 I vision.svplaye: Background concurrent copying GC freed 198980(6MB) AllocSpace objects, 0(0B) LOS objects, 23% free, 19MB/25MB, paused 255us total 218.792ms
07-15 00:39:43.642 17906 17920 I vision.svplaye: Background concurrent copying GC freed 199907(6MB) AllocSpace objects, 0(0B) LOS objects, 23% free, 19MB/25MB, paused 185us total 220.645ms
07-15 00:39:45.238 17906 17920 I vision.svplaye: Background concurrent copying GC freed 200310(6MB) AllocSpace objects, 0(0B) LOS objects, 23% free, 19MB/25MB, paused 197us total 217.891ms
07-15 00:39:46.815 17906 17920 I vision.svplaye: Background concurrent copying GC freed 201134(6MB) AllocSpace objects, 0(0B) LOS objects, 23% free, 19MB/25MB, paused 190us total 213.501ms
07-15 00:39:48.389 17906 17920 I vision.svplaye: Background concurrent copying GC freed 200070(6MB) AllocSpace objects, 0(0B) LOS objects, 23% free, 19MB/25MB, paused 186us total 207.747ms
07-15 00:39:49.985 17906 17920 I vision.svplaye: Background concurrent copying GC freed 198738(6MB) AllocSpace objects, 0(0B) LOS objects, 23% free, 19MB/25MB, paused 204us total 210.902ms
07-15 00:39:51.577 17906 17920 I vision.svplaye: Background concurrent copying GC freed 202784(6MB) AllocSpace objects, 0(0B) LOS objects, 23% free, 19MB/25MB, paused 179us total 204.225ms
07-15 00:39:53.160 17906 17920 I vision.svplaye: Background concurrent copying GC freed 198384(6MB) AllocSpace objects, 0(0B) LOS objects, 23% free, 19MB/25MB, paused 165us total 221.824ms
07-15 00:39:54.750 17906 17920 I vision.svplaye: Background concurrent copying GC freed 200817(6MB) AllocSpace objects, 0(0B) LOS objects, 23% free, 19MB/25MB, paused 186us total 214.221ms
07-15 00:39:56.314 17906 17920 I vision.svplaye: Background concurrent copying GC freed 200953(6MB) AllocSpace objects, 0(0B) LOS objects, 23% free, 19MB/25MB, paused 149us total 205.441ms
07-15 00:39:57.904 17906 17920 I vision.svplaye: Background concurrent copying GC freed 198555(6MB) AllocSpace objects, 0(0B) LOS objects, 23% free, 19MB/25MB, paused 201us total 212.361ms
07-15 00:39:59.500 17906 17920 I vision.svplaye: Background concurrent copying GC freed 201717(6MB) AllocSpace objects, 0(0B) LOS objects, 23% free, 19MB/25MB, paused 150us total 210.276ms
07-15 00:40:01.105 17906 17920 I vision.svplaye: Background concurrent copying GC freed 201202(6MB) AllocSpace objects, 0(0B) LOS objects, 23% free, 19MB/25MB, paused 151us total 216.758ms
07-15 00:40:02.691 17906 17920 I vision.svplaye: Background concurrent copying GC freed 201999(6MB) AllocSpace objects, 0(0B) LOS objects, 23% free, 19MB/25MB, paused 145us total 204.376ms
07-15 00:40:04.280 17906 17920 I vision.svplaye: Background concurrent copying GC freed 198474(6MB) AllocSpace objects, 0(0B) LOS objects, 23% free, 19MB/25MB, paused 238us total 222.873ms
07-15 00:40:05.866 17906 17920 I vision.svplaye: Background concurrent copying GC freed 201041(6MB) AllocSpace objects, 0(0B) LOS objects, 23% free, 19MB/25MB, paused 172us total 213.709ms
07-15 00:40:07.454 17906 17920 I vision.svplaye: Background concurrent copying GC freed 201241(6MB) AllocSpace objects, 0(0B) LOS objects, 23% free, 19MB/25MB, paused 151us total 208.945ms
07-15 00:40:09.024 17906 17920 I vision.svplaye: Background concurrent copying GC freed 200128(6MB) AllocSpace objects, 0(0B) LOS objects, 23% free, 19MB/25MB, paused 180us total 206.024ms
07-15 00:40:10.614 17906 17920 I vision.svplaye: Background concurrent copying GC freed 198468(6MB) AllocSpace objects, 0(0B) LOS objects, 23% free, 19MB/25MB, paused 171us total 209.263ms
07-15 00:40:12.208 17906 17920 I vision.svplaye: Background concurrent copying GC freed 202257(6MB) AllocSpace objects, 0(0B) LOS objects, 23% free, 19MB/25MB, paused 145us total 204.933ms
07-15 00:40:13.777 17906 17920 I vision.svplaye: Background concurrent copying GC freed 199488(6MB) AllocSpace objects, 0(0B) LOS objects, 23% free, 19MB/25MB, paused 184us total 205.046ms
07-15 00:40:15.379 17906 17920 I vision.svplaye: Background concurrent copying GC freed 199011(6MB) AllocSpace objects, 0(0B) LOS objects, 23% free, 19MB/25MB, paused 206us total 215.959ms
07-15 00:40:16.969 17906 17920 I vision.svplaye: Background concurrent copying GC freed 203010(6MB) AllocSpace objects, 0(0B) LOS objects, 23% free, 19MB/25MB, paused 239us total 207.327ms
07-15 00:40:18.540 17906 17920 I vision.svplaye: Background concurrent copying GC freed 198068(6MB) AllocSpace objects, 0(0B) LOS objects, 23% free, 19MB/25MB, paused 170us total 212.258ms
07-15 00:40:20.135 17906 17920 I vision.svplaye: Background concurrent copying GC freed 200412(6MB) AllocSpace objects, 0(0B) LOS objects, 23% free, 19MB/25MB, paused 187us total 213.604ms
07-15 00:40:21.735 17906 17920 I vision.svplaye: Background concurrent copying GC freed 202351(6MB) AllocSpace objects, 0(0B) LOS objects, 23% free, 19MB/25MB, paused 186us total 213.751ms
07-15 00:40:23.329 17906 17920 I vision.svplaye: Background concurrent copying GC freed 202085(6MB) AllocSpace objects, 0(0B) LOS objects, 23% free, 19MB/25MB, paused 177us total 209.502ms
07-15 00:40:24.938 17906 17920 I vision.svplaye: Background concurrent copying GC freed 201342(6MB) AllocSpace objects, 0(0B) LOS objects, 23% free, 19MB/25MB, paused 153us total 220.506ms
07-15 00:40:26.498 17906 17920 I vision.svplaye: Background concurrent copying GC freed 202365(6MB) AllocSpace objects, 0(0B) LOS objects, 23% free, 19MB/25MB, paused 193us total 206.485ms
07-15 00:40:28.087 17906 17920 I vision.svplaye: Background concurrent copying GC freed 198091(6MB) AllocSpace objects, 0(0B) LOS objects, 23% free, 19MB/25MB, paused 146us total 208.868ms
07-15 00:40:29.657 17906 17920 I vision.svplaye: Background concurrent copying GC freed 197413(6MB) AllocSpace objects, 0(0B) LOS objects, 23% free, 19MB/25MB, paused 154us total 209.925ms
07-15 00:40:31.237 17906 17920 I vision.svplaye: Background concurrent copying GC freed 201176(6MB) AllocSpace objects, 0(0B) LOS objects, 23% free, 19MB/25MB, paused 152us total 207.878ms
07-15 00:40:32.810 17906 17920 I vision.svplaye: Background concurrent copying GC freed 197569(6MB) AllocSpace objects, 1(20KB) LOS objects, 23% free, 19MB/25MB, paused 151us total 205.223ms
07-15 00:40:34.381 17906 17920 I vision.svplaye: Background concurrent copying GC freed 198800(6MB) AllocSpace objects, 0(0B) LOS objects, 23% free, 19MB/25MB, paused 183us total 207.992ms
07-15 00:40:35.971 17906 17920 I vision.svplaye: Background concurrent copying GC freed 199069(6MB) AllocSpace objects, 0(0B) LOS objects, 23% free, 19MB/25MB, paused 368us total 226.464ms
07-15 00:40:37.513 17906 17920 I vision.svplaye: Background concurrent copying GC freed 197617(6MB) AllocSpace objects, 0(0B) LOS objects, 23% free, 19MB/25MB, paused 173us total 215.534ms
07-15 00:40:39.078 17906 17920 I vision.svplaye: Background concurrent copying GC freed 197811(6MB) AllocSpace objects, 0(0B) LOS objects, 23% free, 19MB/25MB, paused 193us total 209.477ms
07-15 00:40:40.659 17906 17920 I vision.svplaye: Background concurrent copying GC freed 199409(6MB) AllocSpace objects, 0(0B) LOS objects, 23% free, 19MB/25MB, paused 159us total 208.356ms
07-15 00:40:42.259 17906 17920 I vision.svplaye: Background concurrent copying GC freed 201179(6MB) AllocSpace objects, 0(0B) LOS objects, 23% free, 19MB/25MB, paused 157us total 211.056ms
07-15 00:40:43.860 17906 17920 I vision.svplaye: Background concurrent copying GC freed 202364(6MB) AllocSpace objects, 0(0B) LOS objects, 23% free, 19MB/25MB, paused 191us total 209.702ms
07-15 00:40:45.462 17906 17920 I vision.svplaye: Background concurrent copying GC freed 201539(6MB) AllocSpace objects, 0(0B) LOS objects, 23% free, 19MB/25MB, paused 170us total 214.552ms
07-15 00:40:46.710 17906 17906 I SVHomeFocus: scroll start target=continue_watching from=13 to=296 max=752
07-15 00:40:46.719 17906 17906 I SVHomeFocus: requestRowFocus target=continue_watching rowAlreadyAtFirst
07-15 00:40:46.719 17906 17906 I SVHomeFocus: requestRowFocus target=continue_watching rowScrolledToFirst
07-15 00:40:47.036 17906 17920 I vision.svplaye: Background concurrent copying GC freed 200504(6MB) AllocSpace objects, 0(0B) LOS objects, 23% free, 19MB/25MB, paused 187us total 212.412ms
07-15 00:40:47.090 17906 17906 I SVHomeFocus: scroll end target=continue_watching value=296
07-15 00:40:47.134 17906 17906 I SVHomeFocus: focus requested target=continue_watching
07-15 00:40:47.175 17906 17906 I SVHomeFocus: focused row=Continue watching index=0 id=live:1389624
07-15 00:40:47.817 17906 17906 I ExoPlayerImpl: Init 6c5419b [AndroidXMedia3/1.6.1] [sheldonp, AFTSSS, Amazon, 28]
07-15 00:40:48.371 17906 23328 I OMXClient: IOmx service obtained
07-15 00:40:48.444 17906 23327 I MediaCodec: [OMX.MTK.VIDEO.DECODER.AVC] setting surface generation to 18335774
07-15 00:40:48.445 17906 23327 I MediaCodecLogger: [ASAP] HW.video.avc P2 + 14893339
07-15 00:40:48.446 17906 23327 I MediaCodecLogger: HW.video.avc Adaptive Streaming max w:1280 h:720, screen size:FHD
07-15 00:40:48.447 17906 23328 I ACodec  : Call prepareForAdaptivePlayback. maxWidth 1280, maxHeight 720.
07-15 00:40:48.447 17906 23328 I ACodec  : [OMX.MTK.VIDEO.DECODER.AVC] prepareForAdaptivePlayback failed w/ err -1010
07-15 00:40:48.451 17906 23328 I ACodec  : codec does not support config priority (err -1010)
07-15 00:40:48.459 17906 23327 I MediaCodecLogger: [ASAP] HW.video.avc P2 - 14893353
07-15 00:40:48.465 17906 23323 I MediaCodecLogger: [ASAP] HW.video.avc P3 + 14893359
07-15 00:40:48.497 17906 23328 W ACodec  : [OMX.MTK.VIDEO.DECODER.AVC] setting nBufferCountActual to 8 failed: -22
07-15 00:40:48.497 17906 23328 W ACodec  : [OMX.MTK.VIDEO.DECODER.AVC] setting nBufferCountActual to 7 failed: -22
07-15 00:40:48.500 17906 23327 I MediaCodecLogger: [ASAP] HW.video.avc P3 - 14893394
07-15 00:40:48.500 17906 23328 W MapperHal: buffer descriptor with invalid usage bits 0x2000
07-15 00:40:48.504 17906 23327 I MediaCodecLogger: [ASAP] HW.video.avc Got First Input Frame 14893398 pts:1000000000000
07-15 00:40:48.505 17906 23328 W MapperHal: buffer descriptor with invalid usage bits 0x2000
07-15 00:40:48.513 17906 23336 I OMXClient: IOmx service obtained
07-15 00:40:48.518 17906 23328 W MapperHal: buffer descriptor with invalid usage bits 0x2000
07-15 00:40:48.523 17906 23336 I MediaCodecLogger: [ASAP] SW.audio.mp4a P2 + 14893417
07-15 00:40:48.524 17906 23336 I ACodec  : codec does not support config priority (err -2147483648)
07-15 00:40:48.524 17906 23336 I ACodec  : codec does not support config operating rate (err -2147483648)
07-15 00:40:48.524 17906 23336 I MediaCodecLogger: [ASAP] SW.audio.mp4a P2 - 14893418
07-15 00:40:48.525 17906 23323 I MediaCodecLogger: [ASAP] SW.audio.mp4a P3 + 14893419
07-15 00:40:48.535 17906 23336 I MediaCodecLogger: [ASAP] SW.audio.mp4a P3 - 14893429
07-15 00:40:48.537 17906 23336 I MediaCodecLogger: [ASAP] SW.audio.mp4a Got First Input Frame 14893431 pts:1000000015333
07-15 00:40:48.552 17906 23336 I MediaCodecLogger: updatePTSTime [SW.audio.mp4a] First PTS after Flush or reset = 1000000015333
07-15 00:40:48.552 17906 23336 I MediaCodecLogger: [ASAP] SW.audio.mp4a Got First Frame Ready 14893446(15)
07-15 00:40:48.569 17906 23328 W AHierarchicalStateMachine: Warning message AMessage(what = 'omxI') = {
07-15 00:40:48.569 17906 23328 W AHierarchicalStateMachine:   int32_t type = 0
07-15 00:40:48.569 17906 23328 W AHierarchicalStateMachine:   int32_t event = 3
07-15 00:40:48.569 17906 23328 W AHierarchicalStateMachine:   int32_t data1 = 1
07-15 00:40:48.569 17906 23328 W AHierarchicalStateMachine:   int32_t data2 = 117440527
07-15 00:40:48.569 17906 23328 W AHierarchicalStateMachine: } unhandled in root state.
07-15 00:40:48.574 17906 23323 I android.media.AudioTrack: AUDIOINFO: audio_input: format: 2 sample_rate: 48000 channels: 2 AudioAttributes: AudioAttributes: usage=USAGE_MEDIA content=CONTENT_TYPE_MUSIC flags=0x200 tags= bundle=null
07-15 00:40:48.574 17906 23328 W ACodec  : [OMX.MTK.VIDEO.DECODER.AVC] setting nBufferCountActual to 15 failed: -22
07-15 00:40:48.575 17906 23328 W ACodec  : [OMX.MTK.VIDEO.DECODER.AVC] setting nBufferCountActual to 14 failed: -22
07-15 00:40:48.580 17906 23328 W MapperHal: buffer descriptor with invalid usage bits 0x2000
07-15 00:40:48.586 17906 23328 W MapperHal: buffer descriptor with invalid usage bits 0x2000
07-15 00:40:48.589 17906 23328 I chatty  : uid=10247(com.smartvision.svplayer) JNISurfaceTextu identical 1 line
07-15 00:40:48.598 17906 23328 W MapperHal: buffer descriptor with invalid usage bits 0x2000
07-15 00:40:48.607 17906 23328 W MapperHal: buffer descriptor with invalid usage bits 0x2000
07-15 00:40:48.627 17906 23328 W MapperHal: buffer descriptor with invalid usage bits 0x2000
07-15 00:40:48.681 17906 23328 I chatty  : uid=10247(com.smartvision.svplayer) JNISurfaceTextu identical 3 lines
07-15 00:40:48.690 17906 23328 W MapperHal: buffer descriptor with invalid usage bits 0x2000
07-15 00:40:48.711 17906 23327 I MediaCodecLogger: updateFormatChanged width = 1280 height = 720
07-15 00:40:48.712 17906 23327 I MediaCodecLogger: updatePTSTime [HW.video.avc] First PTS after Flush or reset = 1000000000000
07-15 00:40:48.713 17906 23327 I MediaCodecLogger: [ASAP] HW.video.avc Got First Frame Ready 14893606(208)
07-15 00:40:48.727 17906 23327 I MediaCodecLogger: Rendering first frame after starting or flushing.
07-15 00:40:48.727 17906 23327 I MediaCodecLogger: [ASAP] HW.video.avc Got First Frame Render 14893621(223)
07-15 00:40:48.728 17906 23328 E FrameEvents: updateAcquireFence: Did not find frame.
07-15 00:40:48.728 17906 23328 W MapperHal: buffer descriptor with invalid usage bits 0x2000
07-15 00:40:48.728 17906 23327 I MediaCodecLogger: App sets Timestamps for render in SurfaceFlinger
07-15 00:40:48.742 17906 23328 E FrameEvents: updateAcquireFence: Did not find frame.
07-15 00:40:48.743 17906 23328 I chatty  : uid=10247(com.smartvision.svplayer) JNISurfaceTextu identical 1 line
07-15 00:40:48.743 17906 23328 E FrameEvents: updateAcquireFence: Did not find frame.
07-15 00:40:48.853 17906 17957 I MTK_IMGX: Max buffer size (2147483647 x 2147483647), dump level:0
07-15 00:40:48.843 17906 17906 W RenderThread: type=1400 audit(0.0:837): avc: denied { open } for path="/dev/__properties__/u:object_r:vendor_default_prop:s0" dev="tmpfs" ino=10686 scontext=u:r:untrusted_app:s0:c247,c256,c512,c768 tcontext=u:object_r:vendor_default_prop:s0 tclass=file permissive=0
07-15 00:40:48.853 17906 17957 E libc    : Access denied finding property "vendor.dpframework.log.enable"
07-15 00:40:48.854 17906 17957 I chatty  : uid=10247(com.smartvision.svplayer) RenderThread identical 3 lines
07-15 00:40:48.854 17906 17957 E libc    : Access denied finding property "vendor.dpframework.log.enable"
07-15 00:40:48.843 17906 17906 W RenderThread: type=1400 audit(0.0:838): avc: denied { open } for path="/dev/__properties__/u:object_r:vendor_default_prop:s0" dev="tmpfs" ino=10686 scontext=u:r:untrusted_app:s0:c247,c256,c512,c768 tcontext=u:object_r:vendor_default_prop:s0 tclass=file permissive=0
07-15 00:40:48.843 17906 17906 I chatty  : uid=10247(com.smartvision.svplayer) identical 4 lines
07-15 00:40:48.843 17906 17906 W RenderThread: type=1400 audit(0.0:843): avc: denied { open } for path="/dev/__properties__/u:object_r:vendor_default_prop:s0" dev="tmpfs" ino=10686 scontext=u:r:untrusted_app:s0:c247,c256,c512,c768 tcontext=u:object_r:vendor_default_prop:s0 tclass=file permissive=0
07-15 00:40:48.854 17906 17957 E libc    : Access denied finding property "vendor.dpframework.log.enable"
07-15 00:40:48.857 17906 17957 I chatty  : uid=10247(com.smartvision.svplayer) RenderThread identical 13 lines
07-15 00:40:48.858 17906 17957 E libc    : Access denied finding property "vendor.dpframework.log.enable"
07-15 00:40:48.858 17906 23328 E FrameEvents: updateAcquireFence: Did not find frame.
07-15 00:40:48.858 17906 23328 W MapperHal: buffer descriptor with invalid usage bits 0x2000
07-15 00:40:48.858 17906 17957 E libc    : Access denied finding property "vendor.dpframework.log.enable"
07-15 00:40:48.858 17906 17957 E MDP     : allocate buffer fd 149 size:64
07-15 00:40:48.859 17906 17957 E libc    : Access denied finding property "vendor.dpframework.dumpbuffer.checksum"
07-15 00:40:48.860 17906 17957 E libc    : Access denied finding property "vendor.dpframework.dumpbuffer.enable"
07-15 00:40:48.869 17906 23328 E FrameEvents: updateAcquireFence: Did not find frame.
07-15 00:40:48.870 17906 17957 E libc    : Access denied finding property "vendor.dpframework.log.enable"
07-15 00:40:48.871 17906 17957 I chatty  : uid=10247(com.smartvision.svplayer) RenderThread identical 16 lines
07-15 00:40:48.872 17906 17957 E libc    : Access denied finding property "vendor.dpframework.log.enable"
07-15 00:40:48.872 17906 17957 E libc    : Access denied finding property "vendor.dpframework.dumpbuffer.checksum"
07-15 00:40:48.872 17906 17957 E libc    : Access denied finding property "vendor.dpframework.dumpbuffer.enable"
07-15 00:40:48.875 17906 17957 E libc    : Access denied finding property "vendor.dpframework.log.enable"
07-15 00:40:48.876 17906 17957 I chatty  : uid=10247(com.smartvision.svplayer) RenderThread identical 16 lines
07-15 00:40:48.877 17906 17957 E libc    : Access denied finding property "vendor.dpframework.log.enable"
07-15 00:40:48.877 17906 17957 E libc    : Access denied finding property "vendor.dpframework.dumpbuffer.checksum"
07-15 00:40:48.877 17906 17920 I vision.svplaye: Background concurrent copying GC freed 179783(5MB) AllocSpace objects, 2(56KB) LOS objects, 22% free, 20MB/26MB, paused 189us total 563.141ms
07-15 00:40:48.877 17906 17957 E libc    : Access denied finding property "vendor.dpframework.dumpbuffer.enable"
07-15 00:40:48.888 17906 23328 E FrameEvents: updateAcquireFence: Did not find frame.
07-15 00:40:48.899 17906 23328 E FrameEvents: updateAcquireFence: Did not find frame.
07-15 00:40:48.940 17906 23328 E FrameEvents: updateAcquireFence: Did not find frame.
07-15 00:40:48.950 17906 23328 E FrameEvents: updateAcquireFence: Did not find frame.
07-15 00:40:48.972 17906 23328 E FrameEvents: updateAcquireFence: Did not find frame.
07-15 00:40:48.973 17906 17957 E libc    : Access denied finding property "vendor.dpframework.log.enable"
07-15 00:40:48.974 17906 17957 I chatty  : uid=10247(com.smartvision.svplayer) RenderThread identical 16 lines
07-15 00:40:48.974 17906 17957 E libc    : Access denied finding property "vendor.dpframework.log.enable"
07-15 00:40:48.974 17906 17957 E libc    : Access denied finding property "vendor.dpframework.dumpbuffer.checksum"
07-15 00:40:48.974 17906 17957 E libc    : Access denied finding property "vendor.dpframework.dumpbuffer.enable"
07-15 00:40:48.992 17906 23328 E FrameEvents: updateAcquireFence: Did not find frame.
07-15 00:40:49.052 17906 23328 I chatty  : uid=10247(com.smartvision.svplayer) JNISurfaceTextu identical 3 lines
07-15 00:40:49.073 17906 23328 E FrameEvents: updateAcquireFence: Did not find frame.
07-15 00:40:49.080 17906 17957 E libc    : Access denied finding property "vendor.dpframework.log.enable"
07-15 00:40:49.081 17906 17957 I chatty  : uid=10247(com.smartvision.svplayer) RenderThread identical 16 lines
07-15 00:40:49.081 17906 17957 E libc    : Access denied finding property "vendor.dpframework.log.enable"
07-15 00:40:49.081 17906 17957 E libc    : Access denied finding property "vendor.dpframework.dumpbuffer.checksum"
07-15 00:40:49.081 17906 17957 E libc    : Access denied finding property "vendor.dpframework.dumpbuffer.enable"
07-15 00:40:49.083 17906 23328 E FrameEvents: updateAcquireFence: Did not find frame.
07-15 00:40:49.084 17906 17957 E libc    : Access denied finding property "vendor.dpframework.log.enable"
07-15 00:40:49.085 17906 17957 I chatty  : uid=10247(com.smartvision.svplayer) RenderThread identical 16 lines
07-15 00:40:49.085 17906 17957 E libc    : Access denied finding property "vendor.dpframework.log.enable"
07-15 00:40:49.085 17906 17957 E libc    : Access denied finding property "vendor.dpframework.dumpbuffer.checksum"
07-15 00:40:49.086 17906 17957 E libc    : Access denied finding property "vendor.dpframework.dumpbuffer.enable"
07-15 00:40:49.104 17906 23328 E FrameEvents: updateAcquireFence: Did not find frame.
07-15 00:40:49.174 17906 23328 I chatty  : uid=10247(com.smartvision.svplayer) JNISurfaceTextu identical 3 lines
07-15 00:40:49.183 17906 23328 E FrameEvents: updateAcquireFence: Did not find frame.
07-15 00:40:49.188 17906 17957 E libc    : Access denied finding property "vendor.dpframework.log.enable"
07-15 00:40:49.189 17906 17957 I chatty  : uid=10247(com.smartvision.svplayer) RenderThread identical 16 lines
07-15 00:40:49.189 17906 17957 E libc    : Access denied finding property "vendor.dpframework.log.enable"
07-15 00:40:49.189 17906 17957 E libc    : Access denied finding property "vendor.dpframework.dumpbuffer.checksum"
07-15 00:40:49.189 17906 17957 E libc    : Access denied finding property "vendor.dpframework.dumpbuffer.enable"
07-15 00:40:49.204 17906 23328 E FrameEvents: updateAcquireFence: Did not find frame.
07-15 00:40:49.234 17906 23328 E FrameEvents: updateAcquireFence: Did not find frame.
07-15 00:40:49.242 17906 17957 E libc    : Access denied finding property "vendor.dpframework.log.enable"
07-15 00:40:49.243 17906 17957 I chatty  : uid=10247(com.smartvision.svplayer) RenderThread identical 13 lines
07-15 00:40:49.243 17906 17957 E libc    : Access denied finding property "vendor.dpframework.log.enable"
07-15 00:40:49.243 17906 23327 I MediaCodecLogger: 17906.HW.video.avc Resolution change from 0x0 to 1280x720 took = 9
07-15 00:40:49.243 17906 17957 E libc    : Access denied finding property "vendor.dpframework.log.enable"
07-15 00:40:49.243 17906 17957 I chatty  : uid=10247(com.smartvision.svplayer) RenderThread identical 1 line
07-15 00:40:49.243 17906 17957 E libc    : Access denied finding property "vendor.dpframework.log.enable"
07-15 00:40:49.243 17906 17957 E libc    : Access denied finding property "vendor.dpframework.dumpbuffer.checksum"
07-15 00:40:49.243 17906 17957 E libc    : Access denied finding property "vendor.dpframework.dumpbuffer.enable"
07-15 00:40:49.274 17906 23328 E FrameEvents: updateAcquireFence: Did not find frame.
07-15 00:40:49.283 17906 23328 E FrameEvents: updateAcquireFence: Did not find frame.
07-15 00:40:49.295 17906 17957 E libc    : Access denied finding property "vendor.dpframework.log.enable"
07-15 00:40:49.297 17906 17957 I chatty  : uid=10247(com.smartvision.svplayer) RenderThread identical 16 lines
07-15 00:40:49.297 17906 17957 E libc    : Access denied finding property "vendor.dpframework.log.enable"
07-15 00:40:49.298 17906 17957 E libc    : Access denied finding property "vendor.dpframework.dumpbuffer.checksum"
07-15 00:40:49.298 17906 17957 E libc    : Access denied finding property "vendor.dpframework.dumpbuffer.enable"
07-15 00:40:49.326 17906 23328 E FrameEvents: updateAcquireFence: Did not find frame.
07-15 00:40:49.376 17906 23328 I chatty  : uid=10247(com.smartvision.svplayer) JNISurfaceTextu identical 2 lines
07-15 00:40:49.385 17906 23328 E FrameEvents: updateAcquireFence: Did not find frame.
07-15 00:40:49.404 17906 17957 E libc    : Access denied finding property "vendor.dpframework.log.enable"
07-15 00:40:49.405 17906 17957 I chatty  : uid=10247(com.smartvision.svplayer) RenderThread identical 16 lines
07-15 00:40:49.405 17906 17957 E libc    : Access denied finding property "vendor.dpframework.log.enable"
07-15 00:40:49.405 17906 17957 E libc    : Access denied finding property "vendor.dpframework.dumpbuffer.checksum"
07-15 00:40:49.405 17906 17957 E libc    : Access denied finding property "vendor.dpframework.dumpbuffer.enable"
07-15 00:40:49.427 17906 23328 E FrameEvents: updateAcquireFence: Did not find frame.
07-15 00:40:49.457 17906 23328 E FrameEvents: updateAcquireFence: Did not find frame.
07-15 00:40:49.458 17906 17957 E libc    : Access denied finding property "vendor.dpframework.log.enable"
07-15 00:40:49.459 17906 17957 I chatty  : uid=10247(com.smartvision.svplayer) RenderThread identical 16 lines
07-15 00:40:49.460 17906 17957 E libc    : Access denied finding property "vendor.dpframework.log.enable"
07-15 00:40:49.460 17906 17957 E libc    : Access denied finding property "vendor.dpframework.dumpbuffer.checksum"
07-15 00:40:49.460 17906 17957 E libc    : Access denied finding property "vendor.dpframework.dumpbuffer.enable"
07-15 00:40:49.467 17906 23328 E FrameEvents: updateAcquireFence: Did not find frame.
07-15 00:40:49.558 17906 23328 I chatty  : uid=10247(com.smartvision.svplayer) JNISurfaceTextu identical 3 lines
07-15 00:40:49.567 17906 23328 E FrameEvents: updateAcquireFence: Did not find frame.
07-15 00:40:49.578 17906 17957 E libc    : Access denied finding property "vendor.dpframework.log.enable"
07-15 00:40:49.581 17906 17957 I chatty  : uid=10247(com.smartvision.svplayer) RenderThread identical 16 lines
07-15 00:40:49.582 17906 17957 E libc    : Access denied finding property "vendor.dpframework.log.enable"
07-15 00:40:49.582 17906 17957 E libc    : Access denied finding property "vendor.dpframework.dumpbuffer.checksum"
07-15 00:40:49.582 17906 17957 E libc    : Access denied finding property "vendor.dpframework.dumpbuffer.enable"
07-15 00:40:49.609 17906 23328 E FrameEvents: updateAcquireFence: Did not find frame.
07-15 00:40:49.619 17906 23328 E FrameEvents: updateAcquireFence: Did not find frame.
07-15 00:40:49.656 17906 23328 E FrameEvents: updateAcquireFence: Did not find frame.
07-15 00:40:49.667 17906 23328 E FrameEvents: updateAcquireFence: Did not find frame.
07-15 00:40:49.707 17906 23328 E FrameEvents: updateAcquireFence: Did not find frame.
07-15 00:40:49.717 17906 23328 E FrameEvents: updateAcquireFence: Did not find frame.
07-15 00:40:49.744 17906 17957 E libc    : Access denied finding property "vendor.dpframework.log.enable"
07-15 00:40:49.746 17906 17957 I chatty  : uid=10247(com.smartvision.svplayer) RenderThread identical 16 lines
07-15 00:40:49.746 17906 17957 E libc    : Access denied finding property "vendor.dpframework.log.enable"
07-15 00:40:49.746 17906 17957 E libc    : Access denied finding property "vendor.dpframework.dumpbuffer.checksum"
07-15 00:40:49.747 17906 17957 E libc    : Access denied finding property "vendor.dpframework.dumpbuffer.enable"
07-15 00:40:49.757 17906 23328 E FrameEvents: updateAcquireFence: Did not find frame.
07-15 00:40:49.808 17906 23328 I chatty  : uid=10247(com.smartvision.svplayer) JNISurfaceTextu identical 3 lines
07-15 00:40:49.818 17906 23328 E FrameEvents: updateAcquireFence: Did not find frame.
07-15 00:40:49.852 17906 17957 E libc    : Access denied finding property "vendor.dpframework.log.enable"
07-15 00:40:49.853 17906 17957 I chatty  : uid=10247(com.smartvision.svplayer) RenderThread identical 16 lines
07-15 00:40:49.853 17906 17957 E libc    : Access denied finding property "vendor.dpframework.log.enable"
07-15 00:40:49.854 17906 17957 E libc    : Access denied finding property "vendor.dpframework.dumpbuffer.checksum"
07-15 00:40:49.854 17906 17957 E libc    : Access denied finding property "vendor.dpframework.dumpbuffer.enable"
07-15 00:40:49.859 17906 23328 E FrameEvents: updateAcquireFence: Did not find frame.
07-15 00:40:49.919 17906 23328 I chatty  : uid=10247(com.smartvision.svplayer) JNISurfaceTextu identical 4 lines
07-15 00:40:49.950 17906 23328 E FrameEvents: updateAcquireFence: Did not find frame.
07-15 00:40:49.960 17906 17957 E libc    : Access denied finding property "vendor.dpframework.log.enable"
07-15 00:40:49.961 17906 17957 I chatty  : uid=10247(com.smartvision.svplayer) RenderThread identical 6 lines
07-15 00:40:49.961 17906 17957 E libc    : Access denied finding property "vendor.dpframework.log.enable"
07-15 00:40:49.953 17906 17906 W RenderThread: type=1400 audit(0.0:1123): avc: denied { open } for path="/dev/__properties__/u:object_r:vendor_default_prop:s0" dev="tmpfs" ino=10686 scontext=u:r:untrusted_app:s0:c247,c256,c512,c768 tcontext=u:object_r:vendor_default_prop:s0 tclass=file permissive=0
07-15 00:40:49.961 17906 17957 E libc    : Access denied finding property "vendor.dpframework.log.enable"
07-15 00:40:49.961 17906 17957 I chatty  : uid=10247(com.smartvision.svplayer) RenderThread identical 3 lines
07-15 00:40:49.961 17906 17957 E libc    : Access denied finding property "vendor.dpframework.log.enable"
07-15 00:40:49.953 17906 17906 W RenderThread: type=1400 audit(0.0:1124): avc: denied { open } for path="/dev/__properties__/u:object_r:vendor_default_prop:s0" dev="tmpfs" ino=10686 scontext=u:r:untrusted_app:s0:c247,c256,c512,c768 tcontext=u:object_r:vendor_default_prop:s0 tclass=file permissive=0
07-15 00:40:49.961 17906 17957 E libc    : Access denied finding property "vendor.dpframework.log.enable"
07-15 00:40:49.962 17906 17957 I chatty  : uid=10247(com.smartvision.svplayer) RenderThread identical 3 lines
07-15 00:40:49.962 17906 17957 E libc    : Access denied finding property "vendor.dpframework.log.enable"
07-15 00:40:49.963 17906 17957 E libc    : Access denied finding property "vendor.dpframework.dumpbuffer.checksum"
07-15 00:40:49.963 17906 17957 E libc    : Access denied finding property "vendor.dpframework.dumpbuffer.enable"
07-15 00:40:49.972 17906 23328 E FrameEvents: updateAcquireFence: Did not find frame.
07-15 00:40:49.953 17906 17906 W RenderThread: type=1400 audit(0.0:1125): avc: denied { open } for path="/dev/__properties__/u:object_r:vendor_default_prop:s0" dev="tmpfs" ino=10686 scontext=u:r:untrusted_app:s0:c247,c256,c512,c768 tcontext=u:object_r:vendor_default_prop:s0 tclass=file permissive=0
07-15 00:40:49.953 17906 17906 I chatty  : uid=10247(com.smartvision.svplayer) identical 1 line
07-15 00:40:49.953 17906 17906 W RenderThread: type=1400 audit(0.0:1127): avc: denied { open } for path="/dev/__properties__/u:object_r:vendor_default_prop:s0" dev="tmpfs" ino=10686 scontext=u:r:untrusted_app:s0:c247,c256,c512,c768 tcontext=u:object_r:vendor_default_prop:s0 tclass=file permissive=0
07-15 00:40:49.993 17906 23328 E FrameEvents: updateAcquireFence: Did not find frame.
07-15 00:40:50.023 17906 23328 I chatty  : uid=10247(com.smartvision.svplayer) JNISurfaceTextu identical 2 lines
07-15 00:40:50.054 17906 23328 E FrameEvents: updateAcquireFence: Did not find frame.
07-15 00:40:50.069 17906 17957 E libc    : Access denied finding property "vendor.dpframework.log.enable"
07-15 00:40:50.070 17906 17957 I chatty  : uid=10247(com.smartvision.svplayer) RenderThread identical 16 lines
07-15 00:40:50.070 17906 17957 E libc    : Access denied finding property "vendor.dpframework.log.enable"
07-15 00:40:50.070 17906 17957 E libc    : Access denied finding property "vendor.dpframework.dumpbuffer.checksum"
07-15 00:40:50.070 17906 17957 E libc    : Access denied finding property "vendor.dpframework.dumpbuffer.enable"
07-15 00:40:50.074 17906 23328 E FrameEvents: updateAcquireFence: Did not find frame.
07-15 00:40:50.150 17906 23328 I chatty  : uid=10247(com.smartvision.svplayer) JNISurfaceTextu identical 4 lines
07-15 00:40:50.170 17906 23328 E FrameEvents: updateAcquireFence: Did not find frame.
07-15 00:40:50.179 17906 17957 E libc    : Access denied finding property "vendor.dpframework.log.enable"
07-15 00:40:50.182 17906 17957 I chatty  : uid=10247(com.smartvision.svplayer) RenderThread identical 16 lines
07-15 00:40:50.183 17906 17957 E libc    : Access denied finding property "vendor.dpframework.log.enable"
07-15 00:40:50.183 17906 17957 E libc    : Access denied finding property "vendor.dpframework.dumpbuffer.checksum"
07-15 00:40:50.183 17906 17957 E libc    : Access denied finding property "vendor.dpframework.dumpbuffer.enable"
07-15 00:40:50.192 17906 23328 E FrameEvents: updateAcquireFence: Did not find frame.
07-15 00:40:50.252 17906 23328 I chatty  : uid=10247(com.smartvision.svplayer) JNISurfaceTextu identical 3 lines
07-15 00:40:50.271 17906 23328 E FrameEvents: updateAcquireFence: Did not find frame.
07-15 00:40:50.286 17906 17957 E libc    : Access denied finding property "vendor.dpframework.log.enable"
07-15 00:40:50.287 17906 17957 I chatty  : uid=10247(com.smartvision.svplayer) RenderThread identical 16 lines
07-15 00:40:50.287 17906 17957 E libc    : Access denied finding property "vendor.dpframework.log.enable"
07-15 00:40:50.287 17906 17957 E libc    : Access denied finding property "vendor.dpframework.dumpbuffer.checksum"
07-15 00:40:50.287 17906 17957 E libc    : Access denied finding property "vendor.dpframework.dumpbuffer.enable"
07-15 00:40:50.293 17906 23328 E FrameEvents: updateAcquireFence: Did not find frame.
07-15 00:40:50.303 17906 23328 E FrameEvents: updateAcquireFence: Did not find frame.
07-15 00:40:50.324 17906 23328 E FrameEvents: updateAcquireFence: Did not find frame.
07-15 00:40:50.373 17906 23328 I chatty  : uid=10247(com.smartvision.svplayer) JNISurfaceTextu identical 2 lines
07-15 00:40:50.384 17906 23328 E FrameEvents: updateAcquireFence: Did not find frame.
07-15 00:40:50.396 17906 17957 E libc    : Access denied finding property "vendor.dpframework.log.enable"
07-15 00:40:50.399 17906 17957 I chatty  : uid=10247(com.smartvision.svplayer) RenderThread identical 16 lines
07-15 00:40:50.399 17906 17957 E libc    : Access denied finding property "vendor.dpframework.log.enable"
07-15 00:40:50.399 17906 17957 E libc    : Access denied finding property "vendor.dpframework.dumpbuffer.checksum"
07-15 00:40:50.399 17906 17957 E libc    : Access denied finding property "vendor.dpframework.dumpbuffer.enable"
07-15 00:40:50.404 17906 23328 E FrameEvents: updateAcquireFence: Did not find frame.
07-15 00:40:50.484 17906 23328 I chatty  : uid=10247(com.smartvision.svplayer) JNISurfaceTextu identical 4 lines
07-15 00:40:50.505 17906 23328 E FrameEvents: updateAcquireFence: Did not find frame.
07-15 00:40:50.506 17906 17957 E libc    : Access denied finding property "vendor.dpframework.log.enable"
07-15 00:40:50.508 17906 17957 I chatty  : uid=10247(com.smartvision.svplayer) RenderThread identical 16 lines
07-15 00:40:50.508 17906 17957 E libc    : Access denied finding property "vendor.dpframework.log.enable"
07-15 00:40:50.508 17906 17957 E libc    : Access denied finding property "vendor.dpframework.dumpbuffer.checksum"
07-15 00:40:50.508 17906 17957 E libc    : Access denied finding property "vendor.dpframework.dumpbuffer.enable"
07-15 00:40:50.526 17906 23328 E FrameEvents: updateAcquireFence: Did not find frame.
07-15 00:40:50.585 17906 23328 I chatty  : uid=10247(com.smartvision.svplayer) JNISurfaceTextu identical 3 lines
07-15 00:40:50.607 17906 23328 E FrameEvents: updateAcquireFence: Did not find frame.
07-15 00:40:50.622 17906 17957 E libc    : Access denied finding property "vendor.dpframework.log.enable"
07-15 00:40:50.624 17906 17957 I chatty  : uid=10247(com.smartvision.svplayer) RenderThread identical 16 lines
07-15 00:40:50.624 17906 17957 E libc    : Access denied finding property "vendor.dpframework.log.enable"
07-15 00:40:50.624 17906 17957 E libc    : Access denied finding property "vendor.dpframework.dumpbuffer.checksum"
07-15 00:40:50.624 17906 17957 E libc    : Access denied finding property "vendor.dpframework.dumpbuffer.enable"
07-15 00:40:50.628 17906 23328 E FrameEvents: updateAcquireFence: Did not find frame.
07-15 00:40:50.658 17906 23328 E FrameEvents: updateAcquireFence: Did not find frame.
07-15 00:40:50.709 17906 23328 I chatty  : uid=10247(com.smartvision.svplayer) JNISurfaceTextu identical 3 lines
07-15 00:40:50.719 17906 23328 E FrameEvents: updateAcquireFence: Did not find frame.
07-15 00:40:50.726 17906 17957 E libc    : Access denied finding property "vendor.dpframework.log.enable"
07-15 00:40:50.727 17906 17957 I chatty  : uid=10247(com.smartvision.svplayer) RenderThread identical 16 lines
07-15 00:40:50.727 17906 17957 E libc    : Access denied finding property "vendor.dpframework.log.enable"
07-15 00:40:50.728 17906 17957 E libc    : Access denied finding property "vendor.dpframework.dumpbuffer.checksum"
07-15 00:40:50.728 17906 17957 E libc    : Access denied finding property "vendor.dpframework.dumpbuffer.enable"
07-15 00:40:50.760 17906 23328 E FrameEvents: updateAcquireFence: Did not find frame.
07-15 00:40:50.852 17906 23328 I chatty  : uid=10247(com.smartvision.svplayer) JNISurfaceTextu identical 5 lines
07-15 00:40:50.871 17906 23328 E FrameEvents: updateAcquireFence: Did not find frame.
07-15 00:40:50.880 17906 17920 I vision.svplaye: Background concurrent copying GC freed 193815(6MB) AllocSpace objects, 0(0B) LOS objects, 22% free, 20MB/26MB, paused 213us total 291.648ms
07-15 00:40:50.891 17906 17957 E libc    : Access denied finding property "vendor.dpframework.log.enable"
07-15 00:40:50.892 17906 17957 I chatty  : uid=10247(com.smartvision.svplayer) RenderThread identical 10 lines
07-15 00:40:50.892 17906 17957 E libc    : Access denied finding property "vendor.dpframework.log.enable"
07-15 00:40:50.892 17906 23328 E FrameEvents: updateAcquireFence: Did not find frame.
07-15 00:40:50.892 17906 17957 E libc    : Access denied finding property "vendor.dpframework.log.enable"
07-15 00:40:50.893 17906 17957 I chatty  : uid=10247(com.smartvision.svplayer) RenderThread identical 4 lines
07-15 00:40:50.893 17906 17957 E libc    : Access denied finding property "vendor.dpframework.log.enable"
07-15 00:40:50.893 17906 17957 E libc    : Access denied finding property "vendor.dpframework.dumpbuffer.checksum"
07-15 00:40:50.893 17906 17957 E libc    : Access denied finding property "vendor.dpframework.dumpbuffer.enable"
07-15 00:40:50.895 17906 17957 E libc    : Access denied finding property "vendor.dpframework.log.enable"
07-15 00:40:50.897 17906 17957 I chatty  : uid=10247(com.smartvision.svplayer) RenderThread identical 16 lines
07-15 00:40:50.897 17906 17957 E libc    : Access denied finding property "vendor.dpframework.log.enable"
07-15 00:40:50.897 17906 17957 E libc    : Access denied finding property "vendor.dpframework.dumpbuffer.checksum"
07-15 00:40:50.897 17906 17957 E libc    : Access denied finding property "vendor.dpframework.dumpbuffer.enable"
07-15 00:40:50.902 17906 23328 E FrameEvents: updateAcquireFence: Did not find frame.
07-15 00:40:50.921 17906 23328 E FrameEvents: updateAcquireFence: Did not find frame.
07-15 00:40:50.973 17906 23328 I chatty  : uid=10247(com.smartvision.svplayer) JNISurfaceTextu identical 2 lines
07-15 00:40:50.992 17906 23328 E FrameEvents: updateAcquireFence: Did not find frame.
07-15 00:40:50.993 17906 17906 W RenderThread: type=1400 audit(0.0:1323): avc: denied { open } for path="/dev/__properties__/u:object_r:vendor_default_prop:s0" dev="tmpfs" ino=10686 scontext=u:r:untrusted_app:s0:c247,c256,c512,c768 tcontext=u:object_r:vendor_default_prop:s0 tclass=file permissive=0
07-15 00:40:50.993 17906 17906 I chatty  : uid=10247(com.smartvision.svplayer) identical 3 lines
07-15 00:40:50.993 17906 17906 W RenderThread: type=1400 audit(0.0:1327): avc: denied { open } for path="/dev/__properties__/u:object_r:vendor_default_prop:s0" dev="tmpfs" ino=10686 scontext=u:r:untrusted_app:s0:c247,c256,c512,c768 tcontext=u:object_r:vendor_default_prop:s0 tclass=file permissive=0
07-15 00:40:51.000 17906 17957 E libc    : Access denied finding property "vendor.dpframework.log.enable"
07-15 00:40:51.002 17906 17957 I chatty  : uid=10247(com.smartvision.svplayer) RenderThread identical 16 lines
07-15 00:40:51.002 17906 17957 E libc    : Access denied finding property "vendor.dpframework.log.enable"
07-15 00:40:51.002 17906 17957 E libc    : Access denied finding property "vendor.dpframework.dumpbuffer.checksum"
07-15 00:40:51.002 17906 17957 E libc    : Access denied finding property "vendor.dpframework.dumpbuffer.enable"
07-15 00:40:51.003 17906 23328 E FrameEvents: updateAcquireFence: Did not find frame.
07-15 00:40:51.004 17906 17957 E libc    : Access denied finding property "vendor.dpframework.log.enable"
07-15 00:40:51.005 17906 17957 I chatty  : uid=10247(com.smartvision.svplayer) RenderThread identical 16 lines
07-15 00:40:51.006 17906 17957 E libc    : Access denied finding property "vendor.dpframework.log.enable"
07-15 00:40:51.006 17906 17957 E libc    : Access denied finding property "vendor.dpframework.dumpbuffer.checksum"
07-15 00:40:51.006 17906 17957 E libc    : Access denied finding property "vendor.dpframework.dumpbuffer.enable"
07-15 00:40:51.023 17906 23328 E FrameEvents: updateAcquireFence: Did not find frame.
07-15 00:40:51.093 17906 23328 I chatty  : uid=10247(com.smartvision.svplayer) JNISurfaceTextu identical 3 lines
07-15 00:40:51.103 17906 23328 E FrameEvents: updateAcquireFence: Did not find frame.
07-15 00:40:51.109 17906 17957 E libc    : Access denied finding property "vendor.dpframework.log.enable"
07-15 00:40:51.110 17906 17957 I chatty  : uid=10247(com.smartvision.svplayer) RenderThread identical 16 lines
07-15 00:40:51.110 17906 17957 E libc    : Access denied finding property "vendor.dpframework.log.enable"
07-15 00:40:51.110 17906 17957 E libc    : Access denied finding property "vendor.dpframework.dumpbuffer.checksum"
07-15 00:40:51.110 17906 17957 E libc    : Access denied finding property "vendor.dpframework.dumpbuffer.enable"
07-15 00:40:51.125 17906 23328 E FrameEvents: updateAcquireFence: Did not find frame.
07-15 00:40:51.154 17906 23328 E FrameEvents: updateAcquireFence: Did not find frame.
07-15 00:40:51.162 17906 17957 E libc    : Access denied finding property "vendor.dpframework.log.enable"
07-15 00:40:51.165 17906 17957 I chatty  : uid=10247(com.smartvision.svplayer) RenderThread identical 16 lines
07-15 00:40:51.165 17906 17957 E libc    : Access denied finding property "vendor.dpframework.log.enable"
07-15 00:40:51.166 17906 17957 E libc    : Access denied finding property "vendor.dpframework.dumpbuffer.checksum"
07-15 00:40:51.166 17906 17957 E libc    : Access denied finding property "vendor.dpframework.dumpbuffer.enable"
07-15 00:40:51.174 17906 23328 E FrameEvents: updateAcquireFence: Did not find frame.
07-15 00:40:51.194 17906 23328 I chatty  : uid=10247(com.smartvision.svplayer) JNISurfaceTextu identical 1 line
07-15 00:40:51.203 17906 23328 E FrameEvents: updateAcquireFence: Did not find frame.
07-15 00:40:51.216 17906 17957 E libc    : Access denied finding property "vendor.dpframework.log.enable"
07-15 00:40:51.218 17906 17957 I chatty  : uid=10247(com.smartvision.svplayer) RenderThread identical 16 lines
07-15 00:40:51.218 17906 17957 E libc    : Access denied finding property "vendor.dpframework.log.enable"
07-15 00:40:51.218 17906 17957 E libc    : Access denied finding property "vendor.dpframework.dumpbuffer.checksum"
07-15 00:40:51.218 17906 17957 E libc    : Access denied finding property "vendor.dpframework.dumpbuffer.enable"
07-15 00:40:51.224 17906 23328 E FrameEvents: updateAcquireFence: Did not find frame.
07-15 00:40:51.254 17906 23328 E FrameEvents: updateAcquireFence: Did not find frame.
07-15 00:40:51.270 17906 17957 E libc    : Access denied finding property "vendor.dpframework.log.enable"
07-15 00:40:51.272 17906 17957 I chatty  : uid=10247(com.smartvision.svplayer) RenderThread identical 16 lines
07-15 00:40:51.272 17906 17957 E libc    : Access denied finding property "vendor.dpframework.log.enable"
07-15 00:40:51.272 17906 17957 E libc    : Access denied finding property "vendor.dpframework.dumpbuffer.checksum"
07-15 00:40:51.272 17906 17957 E libc    : Access denied finding property "vendor.dpframework.dumpbuffer.enable"
07-15 00:40:51.274 17906 23328 E FrameEvents: updateAcquireFence: Did not find frame.
07-15 00:40:51.275 17906 17957 E libc    : Access denied finding property "vendor.dpframework.log.enable"
07-15 00:40:51.277 17906 17957 I chatty  : uid=10247(com.smartvision.svplayer) RenderThread identical 16 lines
07-15 00:40:51.277 17906 17957 E libc    : Access denied finding property "vendor.dpframework.log.enable"
07-15 00:40:51.277 17906 17957 E libc    : Access denied finding property "vendor.dpframework.dumpbuffer.checksum"
07-15 00:40:51.277 17906 17957 E libc    : Access denied finding property "vendor.dpframework.dumpbuffer.enable"
07-15 00:40:51.295 17906 23328 E FrameEvents: updateAcquireFence: Did not find frame.
07-15 00:40:51.304 17906 23328 I chatty  : uid=10247(com.smartvision.svplayer) JNISurfaceTextu identical 1 line
07-15 00:40:51.325 17906 23328 E FrameEvents: updateAcquireFence: Did not find frame.
07-15 00:40:51.326 17906 17957 E libc    : Access denied finding property "vendor.dpframework.log.enable"
07-15 00:40:51.327 17906 17957 I chatty  : uid=10247(com.smartvision.svplayer) RenderThread identical 16 lines
07-15 00:40:51.327 17906 17957 E libc    : Access denied finding property "vendor.dpframework.log.enable"
07-15 00:40:51.327 17906 17957 E libc    : Access denied finding property "vendor.dpframework.dumpbuffer.checksum"
07-15 00:40:51.328 17906 17957 E libc    : Access denied finding property "vendor.dpframework.dumpbuffer.enable"
07-15 00:40:51.355 17906 23328 E FrameEvents: updateAcquireFence: Did not find frame.
07-15 00:40:51.375 17906 23328 E FrameEvents: updateAcquireFence: Did not find frame.
07-15 00:40:51.379 17906 17957 E libc    : Access denied finding property "vendor.dpframework.log.enable"
07-15 00:40:51.381 17906 17957 I chatty  : uid=10247(com.smartvision.svplayer) RenderThread identical 16 lines
07-15 00:40:51.381 17906 17957 E libc    : Access denied finding property "vendor.dpframework.log.enable"
07-15 00:40:51.381 17906 17957 E libc    : Access denied finding property "vendor.dpframework.dumpbuffer.checksum"
07-15 00:40:51.381 17906 17957 E libc    : Access denied finding property "vendor.dpframework.dumpbuffer.enable"
