--------- beginning of main
07-21 20:39:58.122 15386 22786 I CameraManagerGlobal: Connecting to camera service
07-21 20:39:58.123 15386 22786 E CameraManagerGlobal: Camera service is unavailable
07-21 20:39:58.458 15386 15403 I vision.svplaye: Background concurrent copying GC freed 210604(6MB) AllocSpace objects, 0(0B) LOS objects, 21% free, 21MB/27MB, paused 227us total 237.828ms
07-21 20:39:59.123 15386 22786 I CameraManagerGlobal: Connecting to camera service
07-21 20:39:59.123 15386 22786 E CameraManagerGlobal: Camera service is unavailable
07-21 20:39:59.975 15386 15403 I vision.svplaye: Background concurrent copying GC freed 205915(6MB) AllocSpace objects, 1(20KB) LOS objects, 21% free, 21MB/27MB, paused 192us total 234.064ms
07-21 20:40:00.124 15386 22786 I CameraManagerGlobal: Connecting to camera service
07-21 20:40:00.124 15386 22786 E CameraManagerGlobal: Camera service is unavailable
07-21 20:40:01.124 15386 22786 I CameraManagerGlobal: Connecting to camera service
07-21 20:40:01.125 15386 22786 E CameraManagerGlobal: Camera service is unavailable
07-21 20:40:01.486 15386 15403 I vision.svplaye: Background concurrent copying GC freed 206547(6MB) AllocSpace objects, 0(0B) LOS objects, 21% free, 21MB/27MB, paused 180us total 234.522ms
07-21 20:40:02.125 15386 22786 I CameraManagerGlobal: Connecting to camera service
07-21 20:40:02.125 15386 22786 E CameraManagerGlobal: Camera service is unavailable
07-21 20:40:02.995 15386 15403 I vision.svplaye: Background concurrent copying GC freed 207873(6MB) AllocSpace objects, 0(0B) LOS objects, 21% free, 21MB/27MB, paused 196us total 236.353ms
07-21 20:40:03.126 15386 22786 I CameraManagerGlobal: Connecting to camera service
07-21 20:40:03.126 15386 22786 E CameraManagerGlobal: Camera service is unavailable
07-21 20:40:04.126 15386 22786 I CameraManagerGlobal: Connecting to camera service
07-21 20:40:04.127 15386 22786 E CameraManagerGlobal: Camera service is unavailable
07-21 20:40:04.505 15386 15403 I vision.svplaye: Background concurrent copying GC freed 206855(6MB) AllocSpace objects, 0(0B) LOS objects, 21% free, 21MB/27MB, paused 212us total 229.263ms
07-21 20:40:05.127 15386 22786 I CameraManagerGlobal: Connecting to camera service
07-21 20:40:05.127 15386 22786 E CameraManagerGlobal: Camera service is unavailable
07-21 20:40:06.011 15386 15403 I vision.svplaye: Background concurrent copying GC freed 207969(6MB) AllocSpace objects, 0(0B) LOS objects, 21% free, 21MB/27MB, paused 188us total 231.920ms
07-21 20:40:06.128 15386 22786 I CameraManagerGlobal: Connecting to camera service
07-21 20:40:06.128 15386 22786 E CameraManagerGlobal: Camera service is unavailable
07-21 20:40:07.128 15386 22786 I CameraManagerGlobal: Connecting to camera service
07-21 20:40:07.129 15386 22786 E CameraManagerGlobal: Camera service is unavailable
07-21 20:40:07.491 15386 15403 I vision.svplaye: Background concurrent copying GC freed 208146(6MB) AllocSpace objects, 0(0B) LOS objects, 21% free, 21MB/27MB, paused 184us total 218.115ms
07-21 20:40:08.129 15386 22786 I CameraManagerGlobal: Connecting to camera service
07-21 20:40:08.129 15386 22786 E CameraManagerGlobal: Camera service is unavailable
07-21 20:40:09.038 15386 15403 I vision.svplaye: Background concurrent copying GC freed 205400(6MB) AllocSpace objects, 0(0B) LOS objects, 21% free, 21MB/27MB, paused 262us total 235.496ms
07-21 20:40:09.130 15386 22786 I CameraManagerGlobal: Connecting to camera service
07-21 20:40:09.130 15386 22786 E CameraManagerGlobal: Camera service is unavailable
07-21 20:40:10.130 15386 22786 I CameraManagerGlobal: Connecting to camera service
07-21 20:40:10.131 15386 22786 E CameraManagerGlobal: Camera service is unavailable
07-21 20:40:10.537 15386 15403 I vision.svplaye: Background concurrent copying GC freed 205148(6MB) AllocSpace objects, 0(0B) LOS objects, 21% free, 21MB/27MB, paused 221us total 228.298ms
07-21 20:40:11.131 15386 22786 I CameraManagerGlobal: Connecting to camera service
07-21 20:40:11.132 15386 22786 E CameraManagerGlobal: Camera service is unavailable
07-21 20:40:12.038 15386 15403 I vision.svplaye: Background concurrent copying GC freed 205436(6MB) AllocSpace objects, 0(0B) LOS objects, 21% free, 21MB/27MB, paused 181us total 237.962ms
07-21 20:40:12.132 15386 22786 I CameraManagerGlobal: Connecting to camera service
07-21 20:40:12.132 15386 22786 E CameraManagerGlobal: Camera service is unavailable
07-21 20:40:13.133 15386 22786 I CameraManagerGlobal: Connecting to camera service
07-21 20:40:13.133 15386 22786 E CameraManagerGlobal: Camera service is unavailable
07-21 20:40:13.520 15386 15403 I vision.svplaye: Background concurrent copying GC freed 209072(6MB) AllocSpace objects, 0(0B) LOS objects, 21% free, 21MB/27MB, paused 197us total 226.268ms
07-21 20:40:14.133 15386 22786 I CameraManagerGlobal: Connecting to camera service
07-21 20:40:14.134 15386 22786 E CameraManagerGlobal: Camera service is unavailable
07-21 20:40:15.118 15386 15403 I vision.svplaye: Background concurrent copying GC freed 206147(6MB) AllocSpace objects, 0(0B) LOS objects, 21% free, 21MB/27MB, paused 216us total 250.200ms
07-21 20:40:15.134 15386 22786 I CameraManagerGlobal: Connecting to camera service
07-21 20:40:15.134 15386 22786 E CameraManagerGlobal: Camera service is unavailable
07-21 20:40:16.135 15386 22786 I CameraManagerGlobal: Connecting to camera service
07-21 20:40:16.135 15386 22786 E CameraManagerGlobal: Camera service is unavailable
07-21 20:40:16.676 15386 15403 I vision.svplaye: Background concurrent copying GC freed 202668(6MB) AllocSpace objects, 0(0B) LOS objects, 21% free, 21MB/27MB, paused 197us total 242.705ms
07-21 20:40:17.135 15386 22786 I CameraManagerGlobal: Connecting to camera service
07-21 20:40:17.136 15386 22786 E CameraManagerGlobal: Camera service is unavailable
07-21 20:40:17.889 15386 15403 I vision.svplaye: Background concurrent copying GC freed 161085(5MB) AllocSpace objects, 2(68KB) LOS objects, 20% free, 23MB/29MB, paused 197us total 248.584ms
07-21 20:40:18.136 15386 22786 I CameraManagerGlobal: Connecting to camera service
07-21 20:40:18.137 15386 22786 E CameraManagerGlobal: Camera service is unavailable
07-21 20:40:19.137 15386 22786 I CameraManagerGlobal: Connecting to camera service
07-21 20:40:19.138 15386 22786 E CameraManagerGlobal: Camera service is unavailable
07-21 20:40:19.189 15386 15403 I vision.svplaye: Background concurrent copying GC freed 224801(6MB) AllocSpace objects, 0(0B) LOS objects, 20% free, 22MB/28MB, paused 185us total 241.946ms
07-21 20:40:20.138 15386 22786 I CameraManagerGlobal: Connecting to camera service
07-21 20:40:20.138 15386 22786 E CameraManagerGlobal: Camera service is unavailable
07-21 20:40:20.447 15386 15403 I vision.svplaye: Background concurrent copying GC freed 219933(6MB) AllocSpace objects, 0(0B) LOS objects, 20% free, 22MB/28MB, paused 277us total 236.912ms
07-21 20:40:21.138 15386 22786 I CameraManagerGlobal: Connecting to camera service
07-21 20:40:21.139 15386 22786 E CameraManagerGlobal: Camera service is unavailable
07-21 20:40:21.610 15386 15403 I vision.svplaye: Background concurrent copying GC freed 221826(6MB) AllocSpace objects, 0(0B) LOS objects, 20% free, 22MB/28MB, paused 188us total 237.034ms
07-21 20:40:22.139 15386 22786 I CameraManagerGlobal: Connecting to camera service
07-21 20:40:22.139 15386 22786 E CameraManagerGlobal: Camera service is unavailable
07-21 20:40:22.760 15386 15403 I vision.svplaye: Background concurrent copying GC freed 225676(6MB) AllocSpace objects, 0(0B) LOS objects, 20% free, 22MB/28MB, paused 168us total 237.587ms
07-21 20:40:23.140 15386 22786 I CameraManagerGlobal: Connecting to camera service
07-21 20:40:23.140 15386 22786 E CameraManagerGlobal: Camera service is unavailable
07-21 20:40:23.908 15386 15403 I vision.svplaye: Background concurrent copying GC freed 220813(6MB) AllocSpace objects, 0(0B) LOS objects, 20% free, 22MB/28MB, paused 198us total 247.322ms
07-21 20:40:24.140 15386 22786 I CameraManagerGlobal: Connecting to camera service
07-21 20:40:24.141 15386 22786 E CameraManagerGlobal: Camera service is unavailable
07-21 20:40:25.055 15386 15403 I vision.svplaye: Background concurrent copying GC freed 222887(6MB) AllocSpace objects, 0(0B) LOS objects, 20% free, 22MB/28MB, paused 194us total 248.216ms
07-21 20:40:25.141 15386 22786 I CameraManagerGlobal: Connecting to camera service
07-21 20:40:25.141 15386 22786 E CameraManagerGlobal: Camera service is unavailable
07-21 20:40:26.142 15386 22786 I CameraManagerGlobal: Connecting to camera service
07-21 20:40:26.142 15386 22786 E CameraManagerGlobal: Camera service is unavailable
07-21 20:40:26.214 15386 15403 I vision.svplaye: Background concurrent copying GC freed 223759(6MB) AllocSpace objects, 0(0B) LOS objects, 20% free, 22MB/28MB, paused 183us total 244.533ms
07-21 20:40:27.142 15386 22786 I CameraManagerGlobal: Connecting to camera service
07-21 20:40:27.143 15386 22786 E CameraManagerGlobal: Camera service is unavailable
07-21 20:40:27.381 15386 15403 I vision.svplaye: Background concurrent copying GC freed 221075(6MB) AllocSpace objects, 0(0B) LOS objects, 20% free, 22MB/28MB, paused 180us total 242.716ms
07-21 20:40:28.143 15386 22786 I CameraManagerGlobal: Connecting to camera service
07-21 20:40:28.143 15386 22786 E CameraManagerGlobal: Camera service is unavailable
07-21 20:40:28.555 15386 15403 I vision.svplaye: Background concurrent copying GC freed 221030(6MB) AllocSpace objects, 0(0B) LOS objects, 20% free, 22MB/28MB, paused 208us total 236.276ms
07-21 20:40:29.144 15386 22786 I CameraManagerGlobal: Connecting to camera service
07-21 20:40:29.144 15386 22786 E CameraManagerGlobal: Camera service is unavailable
07-21 20:40:29.708 15386 15403 I vision.svplaye: Background concurrent copying GC freed 222899(6MB) AllocSpace objects, 0(0B) LOS objects, 20% free, 22MB/28MB, paused 198us total 241.026ms
07-21 20:40:30.144 15386 22786 I CameraManagerGlobal: Connecting to camera service
07-21 20:40:30.145 15386 22786 E CameraManagerGlobal: Camera service is unavailable
07-21 20:40:30.908 15386 15403 I vision.svplaye: Background concurrent copying GC freed 220572(6MB) AllocSpace objects, 0(0B) LOS objects, 20% free, 22MB/28MB, paused 197us total 243.789ms
07-21 20:40:31.145 15386 22786 I CameraManagerGlobal: Connecting to camera service
07-21 20:40:31.146 15386 22786 E CameraManagerGlobal: Camera service is unavailable
07-21 20:40:32.119 15386 15403 I vision.svplaye: Background concurrent copying GC freed 218582(6MB) AllocSpace objects, 1(20KB) LOS objects, 20% free, 23MB/29MB, paused 204us total 242.756ms
07-21 20:40:32.146 15386 22786 I CameraManagerGlobal: Connecting to camera service
07-21 20:40:32.146 15386 22786 E CameraManagerGlobal: Camera service is unavailable
07-21 20:40:33.147 15386 22786 I CameraManagerGlobal: Connecting to camera service
07-21 20:40:33.147 15386 22786 E CameraManagerGlobal: Camera service is unavailable
07-21 20:40:33.307 15386 15403 I vision.svplaye: Background concurrent copying GC freed 219689(6MB) AllocSpace objects, 0(0B) LOS objects, 20% free, 23MB/29MB, paused 281us total 241.108ms
07-21 20:40:34.147 15386 22786 I CameraManagerGlobal: Connecting to camera service
07-21 20:40:34.148 15386 22786 E CameraManagerGlobal: Camera service is unavailable
07-21 20:40:34.499 15386 15403 I vision.svplaye: Background concurrent copying GC freed 222205(6MB) AllocSpace objects, 0(0B) LOS objects, 20% free, 23MB/29MB, paused 184us total 242.577ms
07-21 20:40:35.148 15386 22786 I CameraManagerGlobal: Connecting to camera service
07-21 20:40:35.148 15386 22786 E CameraManagerGlobal: Camera service is unavailable
07-21 20:40:35.693 15386 15403 I vision.svplaye: Background concurrent copying GC freed 222561(6MB) AllocSpace objects, 0(0B) LOS objects, 20% free, 22MB/28MB, paused 189us total 241.618ms
07-21 20:40:36.149 15386 22786 I CameraManagerGlobal: Connecting to camera service
07-21 20:40:36.150 15386 22786 E CameraManagerGlobal: Camera service is unavailable
07-21 20:40:36.880 15386 15403 I vision.svplaye: Background concurrent copying GC freed 218203(6MB) AllocSpace objects, 0(0B) LOS objects, 20% free, 22MB/28MB, paused 201us total 248.849ms
07-21 20:40:37.150 15386 22786 I CameraManagerGlobal: Connecting to camera service
07-21 20:40:37.150 15386 22786 E CameraManagerGlobal: Camera service is unavailable
07-21 20:40:38.062 15386 15403 I vision.svplaye: Background concurrent copying GC freed 219510(6MB) AllocSpace objects, 0(0B) LOS objects, 20% free, 23MB/29MB, paused 203us total 247.548ms
07-21 20:40:38.151 15386 22786 I CameraManagerGlobal: Connecting to camera service
07-21 20:40:38.151 15386 22786 E CameraManagerGlobal: Camera service is unavailable
07-21 20:40:39.151 15386 22786 I CameraManagerGlobal: Connecting to camera service
07-21 20:40:39.152 15386 22786 E CameraManagerGlobal: Camera service is unavailable
07-21 20:40:39.231 15386 15403 I vision.svplaye: Background concurrent copying GC freed 220555(6MB) AllocSpace objects, 0(0B) LOS objects, 20% free, 22MB/28MB, paused 265us total 235.872ms
07-21 20:40:40.152 15386 22786 I CameraManagerGlobal: Connecting to camera service
07-21 20:40:40.152 15386 22786 E CameraManagerGlobal: Camera service is unavailable
07-21 20:40:40.407 15386 15403 I vision.svplaye: Background concurrent copying GC freed 219510(6MB) AllocSpace objects, 0(0B) LOS objects, 20% free, 22MB/28MB, paused 215us total 235.771ms
07-21 20:40:41.153 15386 22786 I CameraManagerGlobal: Connecting to camera service
07-21 20:40:41.153 15386 22786 E CameraManagerGlobal: Camera service is unavailable
07-21 20:40:41.577 15386 15403 I vision.svplaye: Background concurrent copying GC freed 217232(6MB) AllocSpace objects, 0(0B) LOS objects, 20% free, 22MB/28MB, paused 218us total 235.605ms
07-21 20:40:42.153 15386 22786 I CameraManagerGlobal: Connecting to camera service
07-21 20:40:42.154 15386 22786 E CameraManagerGlobal: Camera service is unavailable
07-21 20:40:42.776 15386 15403 I vision.svplaye: Background concurrent copying GC freed 217479(6MB) AllocSpace objects, 0(0B) LOS objects, 20% free, 22MB/28MB, paused 181us total 243.076ms
07-21 20:40:43.154 15386 22786 I CameraManagerGlobal: Connecting to camera service
07-21 20:40:43.154 15386 22786 E CameraManagerGlobal: Camera service is unavailable
07-21 20:40:43.971 15386 15403 I vision.svplaye: Background concurrent copying GC freed 218370(6MB) AllocSpace objects, 0(0B) LOS objects, 20% free, 22MB/28MB, paused 203us total 250.800ms
07-21 20:40:44.155 15386 22786 I CameraManagerGlobal: Connecting to camera service
07-21 20:40:44.155 15386 22786 E CameraManagerGlobal: Camera service is unavailable
07-21 20:40:45.156 15386 22786 I CameraManagerGlobal: Connecting to camera service
07-21 20:40:45.156 15386 22786 E CameraManagerGlobal: Camera service is unavailable
07-21 20:40:45.168 15386 15403 I vision.svplaye: Background concurrent copying GC freed 220197(6MB) AllocSpace objects, 0(0B) LOS objects, 20% free, 22MB/28MB, paused 196us total 236.108ms
07-21 20:40:46.156 15386 22786 I CameraManagerGlobal: Connecting to camera service
07-21 20:40:46.157 15386 22786 E CameraManagerGlobal: Camera service is unavailable
07-21 20:40:46.370 15386 15403 I vision.svplaye: Background concurrent copying GC freed 217177(6MB) AllocSpace objects, 0(0B) LOS objects, 20% free, 22MB/28MB, paused 204us total 243.178ms
07-21 20:40:47.157 15386 22786 I CameraManagerGlobal: Connecting to camera service
07-21 20:40:47.157 15386 22786 E CameraManagerGlobal: Camera service is unavailable
07-21 20:40:47.568 15386 15403 I vision.svplaye: Background concurrent copying GC freed 219487(6MB) AllocSpace objects, 0(0B) LOS objects, 20% free, 22MB/28MB, paused 195us total 233.887ms
07-21 20:40:48.158 15386 22786 I CameraManagerGlobal: Connecting to camera service
07-21 20:40:48.158 15386 22786 E CameraManagerGlobal: Camera service is unavailable
07-21 20:40:48.768 15386 15403 I vision.svplaye: Background concurrent copying GC freed 219211(6MB) AllocSpace objects, 0(0B) LOS objects, 20% free, 22MB/28MB, paused 284us total 238.705ms
07-21 20:40:49.159 15386 22786 I CameraManagerGlobal: Connecting to camera service
07-21 20:40:49.159 15386 22786 E CameraManagerGlobal: Camera service is unavailable
07-21 20:40:50.057 15386 15403 I vision.svplaye: Background concurrent copying GC freed 212620(6MB) AllocSpace objects, 0(0B) LOS objects, 20% free, 22MB/28MB, paused 198us total 235.461ms
07-21 20:40:50.160 15386 22786 I CameraManagerGlobal: Connecting to camera service
07-21 20:40:50.160 15386 22786 E CameraManagerGlobal: Camera service is unavailable
07-21 20:40:51.160 15386 22786 I CameraManagerGlobal: Connecting to camera service
07-21 20:40:51.161 15386 22786 E CameraManagerGlobal: Camera service is unavailable
07-21 20:40:51.288 15386 15403 I vision.svplaye: Background concurrent copying GC freed 218532(6MB) AllocSpace objects, 0(0B) LOS objects, 20% free, 22MB/28MB, paused 219us total 253.764ms
07-21 20:40:52.161 15386 22786 I CameraManagerGlobal: Connecting to camera service
07-21 20:40:52.162 15386 22786 E CameraManagerGlobal: Camera service is unavailable
07-21 20:40:52.565 15386 15403 I vision.svplaye: Background concurrent copying GC freed 215557(6MB) AllocSpace objects, 0(0B) LOS objects, 20% free, 22MB/28MB, paused 208us total 252.278ms
07-21 20:40:53.162 15386 22786 I CameraManagerGlobal: Connecting to camera service
07-21 20:40:53.162 15386 22786 E CameraManagerGlobal: Camera service is unavailable
07-21 20:40:53.766 15386 15403 I vision.svplaye: Background concurrent copying GC freed 221022(6MB) AllocSpace objects, 0(0B) LOS objects, 20% free, 22MB/28MB, paused 186us total 239.785ms
07-21 20:40:54.163 15386 22786 I CameraManagerGlobal: Connecting to camera service
07-21 20:40:54.163 15386 22786 E CameraManagerGlobal: Camera service is unavailable
07-21 20:40:54.925 15386 15403 I vision.svplaye: Background concurrent copying GC freed 220574(6MB) AllocSpace objects, 0(0B) LOS objects, 20% free, 22MB/28MB, paused 163us total 242.999ms
07-21 20:40:55.163 15386 22786 I CameraManagerGlobal: Connecting to camera service
07-21 20:40:55.164 15386 22786 E CameraManagerGlobal: Camera service is unavailable
07-21 20:40:56.079 15386 15403 I vision.svplaye: Background concurrent copying GC freed 226132(6MB) AllocSpace objects, 0(0B) LOS objects, 20% free, 22MB/28MB, paused 193us total 245.564ms
07-21 20:40:56.164 15386 22786 I CameraManagerGlobal: Connecting to camera service
07-21 20:40:56.164 15386 22786 E CameraManagerGlobal: Camera service is unavailable
07-21 20:40:57.165 15386 22786 I CameraManagerGlobal: Connecting to camera service
07-21 20:40:57.165 15386 22786 E CameraManagerGlobal: Camera service is unavailable
07-21 20:40:57.227 15386 15403 I vision.svplaye: Background concurrent copying GC freed 221488(6MB) AllocSpace objects, 0(0B) LOS objects, 20% free, 22MB/28MB, paused 202us total 245.622ms
07-21 20:40:58.166 15386 22786 I CameraManagerGlobal: Connecting to camera service
07-21 20:40:58.166 15386 22786 E CameraManagerGlobal: Camera service is unavailable
07-21 20:40:58.374 15386 15403 I vision.svplaye: Background concurrent copying GC freed 224534(6MB) AllocSpace objects, 0(0B) LOS objects, 20% free, 22MB/28MB, paused 194us total 235.678ms
07-21 20:40:59.166 15386 22786 I CameraManagerGlobal: Connecting to camera service
07-21 20:40:59.167 15386 22786 E CameraManagerGlobal: Camera service is unavailable
07-21 20:40:59.543 15386 15403 I vision.svplaye: Background concurrent copying GC freed 221209(6MB) AllocSpace objects, 0(0B) LOS objects, 20% free, 22MB/28MB, paused 197us total 244.142ms
07-21 20:41:00.167 15386 22786 I CameraManagerGlobal: Connecting to camera service
07-21 20:41:00.167 15386 22786 E CameraManagerGlobal: Camera service is unavailable
07-21 20:41:00.719 15386 15403 I vision.svplaye: Background concurrent copying GC freed 226004(6MB) AllocSpace objects, 0(0B) LOS objects, 20% free, 22MB/28MB, paused 188us total 243.944ms
07-21 20:41:01.168 15386 22786 I CameraManagerGlobal: Connecting to camera service
07-21 20:41:01.168 15386 22786 E CameraManagerGlobal: Camera service is unavailable
07-21 20:41:01.878 15386 15403 I vision.svplaye: Background concurrent copying GC freed 221495(6MB) AllocSpace objects, 0(0B) LOS objects, 20% free, 23MB/29MB, paused 199us total 244.137ms
07-21 20:41:02.169 15386 22786 I CameraManagerGlobal: Connecting to camera service
07-21 20:41:02.169 15386 22786 E CameraManagerGlobal: Camera service is unavailable
07-21 20:41:03.040 15386 15403 I vision.svplaye: Background concurrent copying GC freed 225574(6MB) AllocSpace objects, 0(0B) LOS objects, 20% free, 23MB/29MB, paused 199us total 248.951ms
07-21 20:41:03.169 15386 22786 I CameraManagerGlobal: Connecting to camera service
07-21 20:41:03.170 15386 22786 E CameraManagerGlobal: Camera service is unavailable
07-21 20:41:04.170 15386 22786 I CameraManagerGlobal: Connecting to camera service
07-21 20:41:04.171 15386 22786 E CameraManagerGlobal: Camera service is unavailable
07-21 20:41:04.276 15386 15403 I vision.svplaye: Background concurrent copying GC freed 221758(6MB) AllocSpace objects, 0(0B) LOS objects, 20% free, 22MB/28MB, paused 211us total 243.565ms
07-21 20:41:05.171 15386 22786 I CameraManagerGlobal: Connecting to camera service
07-21 20:41:05.172 15386 22786 E CameraManagerGlobal: Camera service is unavailable
07-21 20:41:05.466 15386 15403 I vision.svplaye: Background concurrent copying GC freed 218154(6MB) AllocSpace objects, 1(20KB) LOS objects, 20% free, 22MB/28MB, paused 198us total 239.045ms
07-21 20:41:06.172 15386 22786 I CameraManagerGlobal: Connecting to camera service
07-21 20:41:06.172 15386 22786 E CameraManagerGlobal: Camera service is unavailable
07-21 20:41:06.664 15386 15403 I vision.svplaye: Background concurrent copying GC freed 216620(6MB) AllocSpace objects, 0(0B) LOS objects, 20% free, 22MB/28MB, paused 207us total 235.867ms
07-21 20:41:07.173 15386 22786 I CameraManagerGlobal: Connecting to camera service
07-21 20:41:07.173 15386 22786 E CameraManagerGlobal: Camera service is unavailable
07-21 20:41:07.841 15386 15403 I vision.svplaye: Background concurrent copying GC freed 216911(6MB) AllocSpace objects, 0(0B) LOS objects, 20% free, 22MB/28MB, paused 201us total 243.478ms
07-21 20:41:08.173 15386 22786 I CameraManagerGlobal: Connecting to camera service
07-21 20:41:08.174 15386 22786 E CameraManagerGlobal: Camera service is unavailable
07-21 20:41:09.018 15386 15403 I vision.svplaye: Background concurrent copying GC freed 221490(6MB) AllocSpace objects, 0(0B) LOS objects, 20% free, 22MB/28MB, paused 201us total 235.931ms
07-21 20:41:09.174 15386 22786 I CameraManagerGlobal: Connecting to camera service
07-21 20:41:09.174 15386 22786 E CameraManagerGlobal: Camera service is unavailable
07-21 20:41:10.175 15386 22786 I CameraManagerGlobal: Connecting to camera service
07-21 20:41:10.175 15386 22786 E CameraManagerGlobal: Camera service is unavailable
07-21 20:41:10.219 15386 15403 I vision.svplaye: Background concurrent copying GC freed 220097(6MB) AllocSpace objects, 0(0B) LOS objects, 20% free, 22MB/28MB, paused 165us total 238.225ms
07-21 20:41:11.176 15386 22786 I CameraManagerGlobal: Connecting to camera service
07-21 20:41:11.176 15386 22786 E CameraManagerGlobal: Camera service is unavailable
07-21 20:41:11.395 15386 15403 I vision.svplaye: Background concurrent copying GC freed 218425(6MB) AllocSpace objects, 0(0B) LOS objects, 20% free, 22MB/28MB, paused 188us total 238.238ms
07-21 20:41:12.177 15386 22786 I CameraManagerGlobal: Connecting to camera service
07-21 20:41:12.177 15386 22786 E CameraManagerGlobal: Camera service is unavailable
07-21 20:41:12.585 15386 15403 I vision.svplaye: Background concurrent copying GC freed 220166(6MB) AllocSpace objects, 0(0B) LOS objects, 20% free, 22MB/28MB, paused 198us total 248.571ms
07-21 20:41:13.177 15386 22786 I CameraManagerGlobal: Connecting to camera service
07-21 20:41:13.178 15386 22786 E CameraManagerGlobal: Camera service is unavailable
07-21 20:41:13.786 15386 15403 I vision.svplaye: Background concurrent copying GC freed 218831(6MB) AllocSpace objects, 0(0B) LOS objects, 20% free, 22MB/28MB, paused 210us total 239.238ms
07-21 20:41:14.178 15386 22786 I CameraManagerGlobal: Connecting to camera service
07-21 20:41:14.178 15386 22786 E CameraManagerGlobal: Camera service is unavailable
07-21 20:41:14.987 15386 15403 I vision.svplaye: Background concurrent copying GC freed 216541(6MB) AllocSpace objects, 0(0B) LOS objects, 20% free, 22MB/28MB, paused 196us total 239.393ms
07-21 20:41:15.179 15386 22786 I CameraManagerGlobal: Connecting to camera service
07-21 20:41:15.179 15386 22786 E CameraManagerGlobal: Camera service is unavailable
07-21 20:41:16.179 15386 22786 I CameraManagerGlobal: Connecting to camera service
07-21 20:41:16.180 15386 22786 E CameraManagerGlobal: Camera service is unavailable
07-21 20:41:16.189 15386 15403 I vision.svplaye: Background concurrent copying GC freed 218042(6MB) AllocSpace objects, 0(0B) LOS objects, 20% free, 22MB/28MB, paused 180us total 239.013ms
07-21 20:41:17.180 15386 22786 I CameraManagerGlobal: Connecting to camera service
07-21 20:41:17.181 15386 22786 E CameraManagerGlobal: Camera service is unavailable
07-21 20:41:17.367 15386 15403 I vision.svplaye: Background concurrent copying GC freed 219385(6MB) AllocSpace objects, 0(0B) LOS objects, 20% free, 22MB/28MB, paused 195us total 236.191ms
07-21 20:41:18.181 15386 22786 I CameraManagerGlobal: Connecting to camera service
07-21 20:41:18.181 15386 22786 E CameraManagerGlobal: Camera service is unavailable
07-21 20:41:18.571 15386 15403 I vision.svplaye: Background concurrent copying GC freed 218830(6MB) AllocSpace objects, 0(0B) LOS objects, 20% free, 22MB/28MB, paused 187us total 250.438ms
07-21 20:41:19.182 15386 22786 I CameraManagerGlobal: Connecting to camera service
07-21 20:41:19.182 15386 22786 E CameraManagerGlobal: Camera service is unavailable
07-21 20:41:19.746 15386 15403 I vision.svplaye: Background concurrent copying GC freed 220692(6MB) AllocSpace objects, 0(0B) LOS objects, 20% free, 22MB/28MB, paused 198us total 233.880ms
07-21 20:41:20.182 15386 22786 I CameraManagerGlobal: Connecting to camera service
07-21 20:41:20.183 15386 22786 E CameraManagerGlobal: Camera service is unavailable
07-21 20:41:20.940 15386 15403 I vision.svplaye: Background concurrent copying GC freed 218761(6MB) AllocSpace objects, 0(0B) LOS objects, 20% free, 22MB/28MB, paused 187us total 236.075ms
07-21 20:41:21.183 15386 22786 I CameraManagerGlobal: Connecting to camera service
07-21 20:41:21.183 15386 22786 E CameraManagerGlobal: Camera service is unavailable
07-21 20:41:22.108 15386 15403 I vision.svplaye: Background concurrent copying GC freed 218034(6MB) AllocSpace objects, 0(0B) LOS objects, 20% free, 22MB/28MB, paused 206us total 238.350ms
07-21 20:41:22.184 15386 22786 I CameraManagerGlobal: Connecting to camera service
07-21 20:41:22.184 15386 22786 E CameraManagerGlobal: Camera service is unavailable
07-21 20:41:23.184 15386 22786 I CameraManagerGlobal: Connecting to camera service
07-21 20:41:23.185 15386 22786 E CameraManagerGlobal: Camera service is unavailable
07-21 20:41:23.295 15386 15403 I vision.svplaye: Background concurrent copying GC freed 218882(6MB) AllocSpace objects, 0(0B) LOS objects, 20% free, 22MB/28MB, paused 184us total 243.262ms
07-21 20:41:24.185 15386 22786 I CameraManagerGlobal: Connecting to camera service
07-21 20:41:24.186 15386 22786 E CameraManagerGlobal: Camera service is unavailable
07-21 20:41:24.571 15386 15403 I vision.svplaye: Background concurrent copying GC freed 215810(6MB) AllocSpace objects, 0(0B) LOS objects, 20% free, 23MB/29MB, paused 238us total 242.170ms
07-21 20:41:25.186 15386 22786 I CameraManagerGlobal: Connecting to camera service
07-21 20:41:25.186 15386 22786 E CameraManagerGlobal: Camera service is unavailable
07-21 20:41:25.860 15386 15403 I vision.svplaye: Background concurrent copying GC freed 219632(6MB) AllocSpace objects, 0(0B) LOS objects, 20% free, 22MB/28MB, paused 216us total 266.373ms
07-21 20:41:26.187 15386 22786 I CameraManagerGlobal: Connecting to camera service
07-21 20:41:26.187 15386 22786 E CameraManagerGlobal: Camera service is unavailable
07-21 20:41:27.083 15386 15403 I vision.svplaye: Background concurrent copying GC freed 214980(6MB) AllocSpace objects, 0(0B) LOS objects, 20% free, 22MB/28MB, paused 205us total 252.657ms
07-21 20:41:27.187 15386 22786 I CameraManagerGlobal: Connecting to camera service
07-21 20:41:27.188 15386 22786 E CameraManagerGlobal: Camera service is unavailable
07-21 20:41:28.188 15386 22786 I CameraManagerGlobal: Connecting to camera service
07-21 20:41:28.189 15386 22786 E CameraManagerGlobal: Camera service is unavailable
07-21 20:41:28.331 15386 15403 I vision.svplaye: Background concurrent copying GC freed 215298(6MB) AllocSpace objects, 0(0B) LOS objects, 20% free, 23MB/29MB, paused 230us total 247.043ms
07-21 20:41:29.189 15386 22786 I CameraManagerGlobal: Connecting to camera service
07-21 20:41:29.189 15386 22786 E CameraManagerGlobal: Camera service is unavailable
07-21 20:41:29.634 15386 15403 I vision.svplaye: Background concurrent copying GC freed 218654(6MB) AllocSpace objects, 0(0B) LOS objects, 20% free, 22MB/28MB, paused 233us total 243.319ms
07-21 20:41:30.189 15386 22786 I CameraManagerGlobal: Connecting to camera service
07-21 20:41:30.190 15386 22786 E CameraManagerGlobal: Camera service is unavailable
07-21 20:41:30.909 15386 15403 I vision.svplaye: Background concurrent copying GC freed 217958(6MB) AllocSpace objects, 0(0B) LOS objects, 20% free, 22MB/28MB, paused 230us total 242.165ms
07-21 20:41:31.190 15386 22786 I CameraManagerGlobal: Connecting to camera service
07-21 20:41:31.191 15386 22786 E CameraManagerGlobal: Camera service is unavailable
07-21 20:41:32.136 15386 15403 I vision.svplaye: Background concurrent copying GC freed 220075(6MB) AllocSpace objects, 0(0B) LOS objects, 20% free, 22MB/28MB, paused 197us total 256.501ms
07-21 20:41:32.191 15386 22786 I CameraManagerGlobal: Connecting to camera service
07-21 20:41:32.191 15386 22786 E CameraManagerGlobal: Camera service is unavailable
07-21 20:41:33.192 15386 22786 I CameraManagerGlobal: Connecting to camera service
07-21 20:41:33.192 15386 22786 E CameraManagerGlobal: Camera service is unavailable
07-21 20:41:33.379 15386 15403 I vision.svplaye: Background concurrent copying GC freed 216998(6MB) AllocSpace objects, 0(0B) LOS objects, 20% free, 22MB/28MB, paused 225us total 248.517ms
07-21 20:41:34.193 15386 22786 I CameraManagerGlobal: Connecting to camera service
07-21 20:41:34.194 15386 22786 E CameraManagerGlobal: Camera service is unavailable
07-21 20:41:34.545 15386 15403 I vision.svplaye: Background concurrent copying GC freed 218857(6MB) AllocSpace objects, 0(0B) LOS objects, 20% free, 23MB/29MB, paused 195us total 242.273ms
07-21 20:41:35.194 15386 22786 I CameraManagerGlobal: Connecting to camera service
07-21 20:41:35.195 15386 22786 E CameraManagerGlobal: Camera service is unavailable
07-21 20:41:35.701 15386 15403 I vision.svplaye: Background concurrent copying GC freed 223265(6MB) AllocSpace objects, 0(0B) LOS objects, 20% free, 23MB/29MB, paused 192us total 244.545ms
07-21 20:41:36.195 15386 22786 I CameraManagerGlobal: Connecting to camera service
07-21 20:41:36.195 15386 22786 E CameraManagerGlobal: Camera service is unavailable
07-21 20:41:36.851 15386 15403 I vision.svplaye: Background concurrent copying GC freed 225812(6MB) AllocSpace objects, 0(0B) LOS objects, 20% free, 22MB/28MB, paused 195us total 242.455ms
07-21 20:41:37.196 15386 22786 I CameraManagerGlobal: Connecting to camera service
07-21 20:41:37.196 15386 22786 E CameraManagerGlobal: Camera service is unavailable
07-21 20:41:37.994 15386 15403 I vision.svplaye: Background concurrent copying GC freed 222082(6MB) AllocSpace objects, 0(0B) LOS objects, 20% free, 22MB/28MB, paused 208us total 241.862ms
07-21 20:41:38.196 15386 22786 I CameraManagerGlobal: Connecting to camera service
07-21 20:41:38.197 15386 22786 E CameraManagerGlobal: Camera service is unavailable
07-21 20:41:39.144 15386 15403 I vision.svplaye: Background concurrent copying GC freed 224867(6MB) AllocSpace objects, 0(0B) LOS objects, 20% free, 22MB/28MB, paused 188us total 242.206ms
07-21 20:41:39.197 15386 22786 I CameraManagerGlobal: Connecting to camera service
07-21 20:41:39.197 15386 22786 E CameraManagerGlobal: Camera service is unavailable
07-21 20:41:40.198 15386 22786 I CameraManagerGlobal: Connecting to camera service
07-21 20:41:40.198 15386 22786 E CameraManagerGlobal: Camera service is unavailable
07-21 20:41:40.312 15386 15403 I vision.svplaye: Background concurrent copying GC freed 221171(6MB) AllocSpace objects, 0(0B) LOS objects, 20% free, 23MB/29MB, paused 193us total 243.741ms
07-21 20:41:41.199 15386 22786 I CameraManagerGlobal: Connecting to camera service
07-21 20:41:41.199 15386 22786 E CameraManagerGlobal: Camera service is unavailable
07-21 20:41:41.454 15386 15403 I vision.svplaye: Background concurrent copying GC freed 226520(6MB) AllocSpace objects, 0(0B) LOS objects, 20% free, 22MB/28MB, paused 205us total 242.416ms
07-21 20:41:42.199 15386 22786 I CameraManagerGlobal: Connecting to camera service
07-21 20:41:42.200 15386 22786 E CameraManagerGlobal: Camera service is unavailable
07-21 20:41:42.607 15386 15403 I vision.svplaye: Background concurrent copying GC freed 223585(6MB) AllocSpace objects, 0(0B) LOS objects, 20% free, 22MB/28MB, paused 188us total 244.841ms
07-21 20:41:43.200 15386 22786 I CameraManagerGlobal: Connecting to camera service
07-21 20:41:43.200 15386 22786 E CameraManagerGlobal: Camera service is unavailable
07-21 20:41:43.767 15386 15403 I vision.svplaye: Background concurrent copying GC freed 223119(6MB) AllocSpace objects, 0(0B) LOS objects, 20% free, 22MB/28MB, paused 203us total 239.160ms
07-21 20:41:44.201 15386 22786 I CameraManagerGlobal: Connecting to camera service
07-21 20:41:44.201 15386 22786 E CameraManagerGlobal: Camera service is unavailable
