--------- beginning of main
07-21 20:23:50.650 15386 15403 I vision.svplaye: Background concurrent copying GC freed 196025(6MB) AllocSpace objects, 2(40KB) LOS objects, 19% free, 24MB/30MB, paused 315us total 309.635ms
07-21 20:23:58.614 15386 15403 I vision.svplaye: Background concurrent copying GC freed 194803(6MB) AllocSpace objects, 1(20KB) LOS objects, 19% free, 24MB/30MB, paused 275us total 286.744ms
07-21 20:24:07.010 15386 15403 I vision.svplaye: Background concurrent copying GC freed 198041(5MB) AllocSpace objects, 0(0B) LOS objects, 19% free, 24MB/30MB, paused 256us total 287.089ms
07-21 20:24:15.413 15386 15403 I vision.svplaye: Background concurrent copying GC freed 198130(5MB) AllocSpace objects, 0(0B) LOS objects, 19% free, 24MB/30MB, paused 313us total 285.243ms
07-21 20:24:22.115 15386 15386 I SmartVisionAds: Statut monetisation actuel: FREE_WITH_ADS
07-21 20:24:22.192 15386 15386 I SmartVisionAds: Pub refusee: pubs desactivees
07-21 20:24:22.903 15386 15403 I vision.svplaye: Background concurrent copying GC freed 166060(5MB) AllocSpace objects, 2(56KB) LOS objects, 18% free, 26MB/32MB, paused 234us total 326.173ms
07-21 20:24:23.147 15386 21801 I OMXClient: IOmx service obtained
07-21 20:24:23.209 15386 21800 I MediaCodec: [OMX.MTK.VIDEO.DECODER.AVC] setting surface generation to 15755275
07-21 20:24:23.210 15386 21800 I MediaCodecLogger: [ASAP] HW.video.avc P2 + 14621023
07-21 20:24:23.211 15386 21800 I MediaCodecLogger: HW.video.avc Adaptive Streaming max w:1920 h:1080, screen size:FHD
07-21 20:24:23.212 15386 21801 I ACodec  : Call prepareForAdaptivePlayback. maxWidth 1920, maxHeight 1080.
07-21 20:24:23.212 15386 21801 I ACodec  : [OMX.MTK.VIDEO.DECODER.AVC] prepareForAdaptivePlayback failed w/ err -1010
07-21 20:24:23.214 15386 21801 I ACodec  : codec does not support config priority (err -1010)
07-21 20:24:23.227 15386 21800 I MediaCodecLogger: [ASAP] HW.video.avc P2 - 14621040
07-21 20:24:23.231 15386 21195 I MediaCodecLogger: [ASAP] HW.video.avc P3 + 14621044
07-21 20:24:23.269 15386 21801 W ACodec  : [OMX.MTK.VIDEO.DECODER.AVC] setting nBufferCountActual to 7 failed: -22
07-21 20:24:23.272 15386 21800 I MediaCodecLogger: [ASAP] HW.video.avc P3 - 14621085
07-21 20:24:23.327 15386 21801 W AHierarchicalStateMachine: Warning message AMessage(what = 'omxI') = {
07-21 20:24:23.327 15386 21801 W AHierarchicalStateMachine:   int32_t type = 0
07-21 20:24:23.327 15386 21801 W AHierarchicalStateMachine:   int32_t event = 3
07-21 20:24:23.327 15386 21801 W AHierarchicalStateMachine:   int32_t data1 = 1
07-21 20:24:23.327 15386 21801 W AHierarchicalStateMachine:   int32_t data2 = 117440527
07-21 20:24:23.327 15386 21801 W AHierarchicalStateMachine: } unhandled in root state.
07-21 20:24:23.330 15386 21800 I MediaCodecLogger: [ASAP] HW.video.avc Got First Input Frame 14621143 pts:1000004004000
07-21 20:24:23.333 15386 21801 W ACodec  : [OMX.MTK.VIDEO.DECODER.AVC] setting nBufferCountActual to 14 failed: -22
07-21 20:24:23.365 15386 21195 I android.media.AudioTrack: AUDIOINFO: audio_input: format: 6 sample_rate: 48000 channels: 6 AudioAttributes: AudioAttributes: usage=USAGE_MEDIA content=CONTENT_TYPE_MUSIC flags=0x0 tags= bundle=null
07-21 20:24:23.370 15386 21800 I MediaCodecLogger: updateFormatChanged width = 1920 height = 1080
07-21 20:24:23.371 15386 21800 I MediaCodecLogger: updatePTSTime [HW.video.avc] First PTS after Flush or reset = 1000004004000
07-21 20:24:23.373 15386 21800 I MediaCodecLogger: [ASAP] HW.video.avc Got First Frame Ready 14621184(41)
07-21 20:24:23.526 15386 21800 I MediaCodecLogger: Rendering first frame after starting or flushing.
07-21 20:24:23.526 15386 21800 I MediaCodecLogger: [ASAP] HW.video.avc Got First Frame Render 14621339(196)
07-21 20:24:23.526 15386 21800 I MediaCodecLogger: App sets Timestamps for render in SurfaceFlinger
07-21 20:24:23.975 15386 15403 I vision.svplaye: Background concurrent copying GC freed 23344(2MB) AllocSpace objects, 31(716KB) LOS objects, 15% free, 33MB/39MB, paused 240us total 329.912ms
07-21 20:24:24.044 15386 21800 I MediaCodecLogger: 15386.HW.video.avc Resolution change from 0x0 to 1920x1080 took = 4
07-21 20:24:25.181 15386 15403 I vision.svplaye: Background concurrent copying GC freed 5428(336KB) AllocSpace objects, 22(440KB) LOS objects, 12% free, 40MB/46MB, paused 752us total 294.121ms
07-21 20:24:26.468 15386 15386 I SVHomeLoad: continue ready profile=de993c35 revision=0
07-21 20:24:26.724 15386 15403 I vision.svplaye: Background concurrent copying GC freed 443(73KB) AllocSpace objects, 0(0B) LOS objects, 10% free, 53MB/59MB, paused 459us total 701.534ms
07-21 20:24:28.040 15386 15403 I vision.svplaye: Background concurrent copying GC freed 86656(2MB) AllocSpace objects, 73(1460KB) LOS objects, 9% free, 58MB/64MB, paused 384us total 347.120ms
07-21 20:24:28.353 15386 21800 I MediaCodecLogger: 15386.HW.video.avc.bitrateInKbps = 2337
07-21 20:24:30.956 15386 15403 I vision.svplaye: Background concurrent copying GC freed 20301(1058KB) AllocSpace objects, 67(1340KB) LOS objects, 8% free, 66MB/72MB, paused 280us total 444.560ms
07-21 20:24:31.366 15386 15386 I SVHomeLoad: continue ready profile=de993c35 revision=0
07-21 20:24:32.411 15386 15403 I vision.svplaye: Background concurrent copying GC freed 101469(3MB) AllocSpace objects, 66(1320KB) LOS objects, 7% free, 71MB/77MB, paused 217us total 440.160ms
07-21 20:24:33.414 15386 21800 I MediaCodecLogger: 15386.HW.video.avc.bitrateInKbps = 6487
07-21 20:24:36.362 15386 15386 I SVHomeLoad: continue ready profile=de993c35 revision=0
07-21 20:24:38.450 15386 21800 I MediaCodecLogger: 15386.HW.video.avc.bitrateInKbps = 7845
07-21 20:24:41.417 15386 15386 I SVHomeLoad: continue ready profile=de993c35 revision=0
07-21 20:24:41.735 15386 15403 I vision.svplaye: Background concurrent copying GC freed 102458(3MB) AllocSpace objects, 73(1460KB) LOS objects, 7% free, 74MB/80MB, paused 264us total 350.724ms
07-21 20:24:43.541 15386 21800 I MediaCodecLogger: 15386.HW.video.avc.bitrateInKbps = 7857
07-21 20:24:46.413 15386 15386 I SVHomeLoad: continue ready profile=de993c35 revision=0
07-21 20:24:48.579 15386 21800 I MediaCodecLogger: 15386.HW.video.avc.bitrateInKbps = 4694
07-21 20:24:51.480 15386 15386 I SVHomeLoad: continue ready profile=de993c35 revision=0
07-21 20:24:53.633 15386 21800 I MediaCodecLogger: 15386.HW.video.avc.bitrateInKbps = 4570
07-21 20:24:56.487 15386 15386 I SVHomeLoad: continue ready profile=de993c35 revision=0
07-21 20:24:56.818 15386 15403 I vision.svplaye: Background concurrent copying GC freed 243519(7MB) AllocSpace objects, 0(0B) LOS objects, 7% free, 73MB/79MB, paused 178us total 286.949ms
07-21 20:24:58.001 15386 21195 I MediaCodecLogger: Flushing: 15386.HW.video.avc.framerate = 23.976 fps
07-21 20:24:58.095 15386 21929 E libc    : Access denied finding property "media.metrics.enabled"
07-21 20:24:58.083 15386 15386 W ExoPlayer:Audio: type=1400 audit(0.0:1303): avc: denied { read } for name="u:object_r:media_prop:s0" dev="tmpfs" ino=12650 scontext=u:r:untrusted_app:s0:c247,c256,c512,c768 tcontext=u:object_r:media_prop:s0 tclass=file permissive=0
07-21 20:24:58.151 15386 21195 I MediaCodecLogger: 15386.HW.video.avc.TotalVideoPlaybackTimeMs = 34701
07-21 20:24:58.151 15386 21195 I MediaCodecLogger: 15386.HW.video.avc.StreamAvgFramerate = 23.976
07-21 20:24:58.151 15386 21195 I MediaCodecLogger: 15386.HW.video.avc.videoResolution.FHD = 34701
07-21 20:24:58.151 15386 21195 I MediaCodecLogger: 15386.HW.video.avc.StreamFramerate = 23.977
07-21 20:24:58.151 15386 21195 I MediaCodecLogger: 15386.HW.video.avc.AspectRatio = 1.778
07-21 20:24:58.151 15386 21195 I MediaCodecLogger: 15386.HW.video.avc.ASAP-P5Ms = 196
07-21 20:24:58.151 15386 21195 I MediaCodecLogger: 15386.HW.video.avc.ASAP-P2Ms = 17
07-21 20:24:58.151 15386 21195 I MediaCodecLogger: 15386.HW.video.avc.ASAP-P3Ms = 41
07-21 20:24:58.151 15386 21195 I MediaCodecLogger: 15386.HW.video.avc.FirstFrameReadyMs = 41
07-21 20:24:58.151 15386 21195 I MediaCodecLogger: 15386.HW.video.avc.StreamAvgBitrateInKbps = 5632
07-21 20:24:58.154 15386 21195 E libc    : Access denied finding property "media.metrics.enabled"
07-21 20:24:58.143 15386 15386 W ExoPlayer:Playb: type=1400 audit(0.0:1304): avc: denied { read } for name="u:object_r:media_prop:s0" dev="tmpfs" ino=12650 scontext=u:r:untrusted_app:s0:c247,c256,c512,c768 tcontext=u:object_r:media_prop:s0 tclass=file permissive=0
07-21 20:24:58.179 15386 15386 I ExoPlayerImpl: Release fdf4359 [AndroidXMedia3/1.6.1] [sheldonp, AFTSSS, Amazon, 28] [media3.common, media3.exoplayer, media3.decoder, media3.ui, media3.datasource, media3.extractor]
07-21 20:24:58.235 15386 15386 I SVStartup: state localReady=true checking=false activated=true playableSource=true route=series_detail/{seriesId}
07-21 20:24:58.857 15386 15403 I vision.svplaye: NativeAlloc concurrent copying GC freed 57160(4MB) AllocSpace objects, 716(46MB) LOS objects, 18% free, 26MB/32MB, paused 182us total 314.421ms
07-21 20:24:59.120 15386 15386 I SVHomeLoad: continue ready profile=de993c35 revision=0
07-21 20:25:00.194 15386 15403 I vision.svplaye: Background concurrent copying GC freed 217657(7MB) AllocSpace objects, 1(24KB) LOS objects, 19% free, 25MB/31MB, paused 241us total 296.474ms
07-21 20:25:02.076 15386 15403 I vision.svplaye: Background concurrent copying GC freed 207857(6MB) AllocSpace objects, 0(0B) LOS objects, 19% free, 25MB/31MB, paused 197us total 306.701ms
07-21 20:25:03.927 15386 15403 I vision.svplaye: Background concurrent copying GC freed 207063(6MB) AllocSpace objects, 0(0B) LOS objects, 19% free, 25MB/31MB, paused 183us total 280.837ms
07-21 20:25:05.612 15386 15403 I vision.svplaye: Background concurrent copying GC freed 210871(6MB) AllocSpace objects, 0(0B) LOS objects, 19% free, 25MB/31MB, paused 210us total 274.522ms
07-21 20:25:07.301 15386 15403 I vision.svplaye: Background concurrent copying GC freed 210635(6MB) AllocSpace objects, 0(0B) LOS objects, 19% free, 25MB/31MB, paused 172us total 279.527ms
07-21 20:25:08.978 15386 15403 I vision.svplaye: Background concurrent copying GC freed 212123(6MB) AllocSpace objects, 0(0B) LOS objects, 19% free, 25MB/31MB, paused 179us total 271.940ms
07-21 20:25:10.675 15386 15403 I vision.svplaye: Background concurrent copying GC freed 212522(6MB) AllocSpace objects, 0(0B) LOS objects, 19% free, 25MB/31MB, paused 267us total 283.223ms
07-21 20:25:12.367 15386 15403 I vision.svplaye: Background concurrent copying GC freed 213282(6MB) AllocSpace objects, 0(0B) LOS objects, 19% free, 25MB/31MB, paused 199us total 277.310ms
07-21 20:25:14.076 15386 15403 I vision.svplaye: Background concurrent copying GC freed 212135(6MB) AllocSpace objects, 0(0B) LOS objects, 19% free, 25MB/31MB, paused 198us total 285.677ms
07-21 20:25:15.868 15386 15403 I vision.svplaye: Background concurrent copying GC freed 205096(6MB) AllocSpace objects, 1(20KB) LOS objects, 19% free, 25MB/31MB, paused 160us total 300.858ms
07-21 20:25:17.633 15386 15403 I vision.svplaye: Background concurrent copying GC freed 210575(6MB) AllocSpace objects, 0(0B) LOS objects, 19% free, 25MB/31MB, paused 171us total 281.906ms
07-21 20:25:19.416 15386 15403 I vision.svplaye: Background concurrent copying GC freed 209742(6MB) AllocSpace objects, 0(0B) LOS objects, 19% free, 25MB/31MB, paused 228us total 280.290ms
07-21 20:25:21.176 15386 15403 I vision.svplaye: Background concurrent copying GC freed 208695(6MB) AllocSpace objects, 0(0B) LOS objects, 19% free, 25MB/31MB, paused 251us total 273.684ms
07-21 20:25:22.939 15386 15403 I vision.svplaye: Background concurrent copying GC freed 205950(6MB) AllocSpace objects, 0(0B) LOS objects, 19% free, 25MB/31MB, paused 232us total 285.374ms
07-21 20:25:24.737 15386 15403 I vision.svplaye: Background concurrent copying GC freed 208646(6MB) AllocSpace objects, 0(0B) LOS objects, 19% free, 25MB/31MB, paused 176us total 298.945ms
07-21 20:25:26.525 15386 15403 I vision.svplaye: Background concurrent copying GC freed 210261(6MB) AllocSpace objects, 0(0B) LOS objects, 18% free, 25MB/31MB, paused 175us total 301.718ms
07-21 20:25:28.303 15386 15403 I vision.svplaye: Background concurrent copying GC freed 210921(6MB) AllocSpace objects, 0(0B) LOS objects, 19% free, 25MB/31MB, paused 164us total 289.932ms
07-21 20:25:30.082 15386 15403 I vision.svplaye: Background concurrent copying GC freed 210420(6MB) AllocSpace objects, 0(0B) LOS objects, 19% free, 25MB/31MB, paused 175us total 288.074ms
07-21 20:25:31.891 15386 15403 I vision.svplaye: Background concurrent copying GC freed 208773(6MB) AllocSpace objects, 0(0B) LOS objects, 19% free, 25MB/31MB, paused 158us total 296.396ms
07-21 20:25:33.681 15386 15403 I vision.svplaye: Background concurrent copying GC freed 209851(6MB) AllocSpace objects, 0(0B) LOS objects, 19% free, 25MB/31MB, paused 180us total 300.312ms
07-21 20:25:35.467 15386 15403 I vision.svplaye: Background concurrent copying GC freed 210073(6MB) AllocSpace objects, 0(0B) LOS objects, 18% free, 25MB/31MB, paused 188us total 302.108ms
07-21 20:25:37.236 15386 15403 I vision.svplaye: Background concurrent copying GC freed 211515(6MB) AllocSpace objects, 0(0B) LOS objects, 19% free, 25MB/31MB, paused 138us total 278.088ms
07-21 20:25:39.007 15386 15403 I vision.svplaye: Background concurrent copying GC freed 209173(6MB) AllocSpace objects, 0(0B) LOS objects, 19% free, 25MB/31MB, paused 200us total 281.668ms
07-21 20:25:40.785 15386 15403 I vision.svplaye: Background concurrent copying GC freed 207979(6MB) AllocSpace objects, 0(0B) LOS objects, 19% free, 25MB/31MB, paused 176us total 280.491ms
07-21 20:25:42.565 15386 15415 I vision.svplaye: Waiting for a blocking GC ProfileSaver
07-21 20:25:42.581 15386 15403 I vision.svplaye: Background concurrent copying GC freed 207275(6MB) AllocSpace objects, 0(0B) LOS objects, 19% free, 25MB/31MB, paused 202us total 290.869ms
07-21 20:25:42.581 15386 15415 I vision.svplaye: WaitForGcToComplete blocked ProfileSaver on HeapTrim for 16.526ms
07-21 20:25:44.373 15386 15403 I vision.svplaye: Background concurrent copying GC freed 202547(6MB) AllocSpace objects, 0(0B) LOS objects, 19% free, 25MB/31MB, paused 179us total 286.227ms
07-21 20:25:46.173 15386 15403 I vision.svplaye: Background concurrent copying GC freed 209040(6MB) AllocSpace objects, 0(0B) LOS objects, 19% free, 25MB/31MB, paused 185us total 309.703ms
07-21 20:25:47.974 15386 15403 I vision.svplaye: Background concurrent copying GC freed 207006(6MB) AllocSpace objects, 0(0B) LOS objects, 19% free, 25MB/31MB, paused 182us total 291.762ms
07-21 20:25:49.748 15386 15403 I vision.svplaye: Background concurrent copying GC freed 210281(6MB) AllocSpace objects, 0(0B) LOS objects, 19% free, 25MB/31MB, paused 191us total 276.445ms
07-21 20:25:51.014 15386 15386 I SVStartup: state localReady=true checking=false activated=true playableSource=true route=media
07-21 20:25:51.490 15386 15403 I vision.svplaye: NativeAlloc concurrent copying GC freed 179570(5MB) AllocSpace objects, 2(104KB) LOS objects, 18% free, 26MB/32MB, paused 154us total 286.637ms
07-21 20:25:51.525 15386 15386 I Choreographer: Skipped 30 frames!  The application may be doing too much work on its main thread.
07-21 20:25:53.910 15386 15403 I vision.svplaye: Background concurrent copying GC freed 184955(5MB) AllocSpace objects, 2(68KB) LOS objects, 18% free, 26MB/32MB, paused 195us total 312.083ms
07-21 20:25:56.331 15386 15403 I vision.svplaye: Background concurrent copying GC freed 231807(7MB) AllocSpace objects, 0(0B) LOS objects, 19% free, 25MB/31MB, paused 162us total 293.447ms
07-21 20:25:58.606 15386 15403 I vision.svplaye: Background concurrent copying GC freed 207856(6MB) AllocSpace objects, 0(0B) LOS objects, 18% free, 25MB/31MB, paused 251us total 309.123ms
07-21 20:26:00.864 15386 15403 I vision.svplaye: Background concurrent copying GC freed 212550(6MB) AllocSpace objects, 0(0B) LOS objects, 18% free, 25MB/31MB, paused 267us total 304.928ms
07-21 20:26:03.129 15386 15403 I vision.svplaye: Background concurrent copying GC freed 216335(6MB) AllocSpace objects, 0(0B) LOS objects, 18% free, 25MB/31MB, paused 174us total 284.391ms
07-21 20:26:05.398 15386 15403 I vision.svplaye: Background concurrent copying GC freed 213307(6MB) AllocSpace objects, 0(0B) LOS objects, 19% free, 25MB/31MB, paused 169us total 296.700ms
07-21 20:26:07.713 15386 15403 I vision.svplaye: Background concurrent copying GC freed 210607(6MB) AllocSpace objects, 0(0B) LOS objects, 19% free, 25MB/31MB, paused 162us total 297.462ms
07-21 20:26:10.097 15386 15403 I vision.svplaye: Background concurrent copying GC freed 207159(6MB) AllocSpace objects, 1(20KB) LOS objects, 19% free, 25MB/31MB, paused 163us total 290.010ms
07-21 20:26:12.516 15386 15403 I vision.svplaye: Background concurrent copying GC freed 208263(6MB) AllocSpace objects, 0(0B) LOS objects, 19% free, 25MB/31MB, paused 283us total 289.166ms
07-21 20:26:14.933 15386 15403 I vision.svplaye: Background concurrent copying GC freed 208164(6MB) AllocSpace objects, 0(0B) LOS objects, 18% free, 25MB/31MB, paused 172us total 282.888ms
07-21 20:26:17.390 15386 15403 I vision.svplaye: Background concurrent copying GC freed 208595(6MB) AllocSpace objects, 0(0B) LOS objects, 19% free, 25MB/31MB, paused 207us total 299.534ms
07-21 20:26:19.765 15386 15403 I vision.svplaye: Background concurrent copying GC freed 206392(6MB) AllocSpace objects, 0(0B) LOS objects, 19% free, 25MB/31MB, paused 215us total 277.614ms
07-21 20:26:22.126 15386 15403 I vision.svplaye: Background concurrent copying GC freed 204139(6MB) AllocSpace objects, 0(0B) LOS objects, 18% free, 25MB/31MB, paused 288us total 286.124ms
07-21 20:26:24.520 15386 15403 I vision.svplaye: Background concurrent copying GC freed 208119(6MB) AllocSpace objects, 0(0B) LOS objects, 19% free, 25MB/31MB, paused 311us total 273.924ms
07-21 20:26:26.929 15386 15403 I vision.svplaye: Background concurrent copying GC freed 206413(6MB) AllocSpace objects, 0(0B) LOS objects, 18% free, 25MB/31MB, paused 200us total 286.727ms
07-21 20:26:29.359 15386 15403 I vision.svplaye: Background concurrent copying GC freed 209129(6MB) AllocSpace objects, 0(0B) LOS objects, 18% free, 25MB/31MB, paused 188us total 290.038ms
07-21 20:26:31.765 15386 15403 I vision.svplaye: Background concurrent copying GC freed 209024(6MB) AllocSpace objects, 0(0B) LOS objects, 19% free, 25MB/31MB, paused 153us total 275.385ms
07-21 20:26:34.152 15386 15403 I vision.svplaye: Background concurrent copying GC freed 204925(6MB) AllocSpace objects, 0(0B) LOS objects, 18% free, 25MB/31MB, paused 210us total 299.462ms
07-21 20:26:36.536 15386 15403 I vision.svplaye: Background concurrent copying GC freed 206775(6MB) AllocSpace objects, 0(0B) LOS objects, 18% free, 25MB/31MB, paused 168us total 288.527ms
07-21 20:26:38.899 15386 15403 I vision.svplaye: Background concurrent copying GC freed 207520(6MB) AllocSpace objects, 0(0B) LOS objects, 19% free, 25MB/31MB, paused 205us total 287.245ms
07-21 20:26:41.287 15386 15403 I vision.svplaye: Background concurrent copying GC freed 205670(6MB) AllocSpace objects, 0(0B) LOS objects, 18% free, 25MB/31MB, paused 180us total 300.331ms
07-21 20:26:43.615 15386 15403 I vision.svplaye: Background concurrent copying GC freed 209553(6MB) AllocSpace objects, 0(0B) LOS objects, 18% free, 25MB/31MB, paused 214us total 303.471ms
07-21 20:26:45.887 15386 15403 I vision.svplaye: Background concurrent copying GC freed 215068(6MB) AllocSpace objects, 0(0B) LOS objects, 18% free, 25MB/31MB, paused 205us total 298.755ms
07-21 20:26:48.162 15386 15403 I vision.svplaye: Background concurrent copying GC freed 215880(6MB) AllocSpace objects, 0(0B) LOS objects, 18% free, 25MB/31MB, paused 190us total 300.267ms
07-21 20:26:50.437 15386 15403 I vision.svplaye: Background concurrent copying GC freed 214683(6MB) AllocSpace objects, 0(0B) LOS objects, 18% free, 25MB/31MB, paused 226us total 299.477ms
07-21 20:26:52.705 15386 15403 I vision.svplaye: Background concurrent copying GC freed 214310(6MB) AllocSpace objects, 0(0B) LOS objects, 18% free, 25MB/31MB, paused 170us total 306.077ms
