--------- beginning of main
07-17 03:43:41.148 30630 30755 E libc    : Access denied finding property "vendor.dpframework.log.enable"
07-17 03:43:41.148 30630 30755 E libc    : Access denied finding property "vendor.dpframework.dumpbuffer.checksum"
07-17 03:43:41.148 30630 30755 E libc    : Access denied finding property "vendor.dpframework.dumpbuffer.enable"
07-17 03:43:41.153 30630 31778 E FrameEvents: updateAcquireFence: Did not find frame.
07-17 03:43:41.162 30630 31778 E FrameEvents: updateAcquireFence: Did not find frame.
07-17 03:43:41.200 30630 30755 E libc    : Access denied finding property "vendor.dpframework.log.enable"
07-17 03:43:41.201 30630 30755 I chatty  : uid=10247(com.smartvision.svplayer) RenderThread identical 16 lines
07-17 03:43:41.202 30630 30755 E libc    : Access denied finding property "vendor.dpframework.log.enable"
07-17 03:43:41.202 30630 30755 E libc    : Access denied finding property "vendor.dpframework.dumpbuffer.checksum"
07-17 03:43:41.202 30630 30755 E libc    : Access denied finding property "vendor.dpframework.dumpbuffer.enable"
07-17 03:43:41.203 30630 31778 E FrameEvents: updateAcquireFence: Did not find frame.
07-17 03:43:41.205 30630 30755 E libc    : Access denied finding property "vendor.dpframework.log.enable"
07-17 03:43:41.206 30630 30755 I chatty  : uid=10247(com.smartvision.svplayer) RenderThread identical 16 lines
07-17 03:43:41.207 30630 30755 E libc    : Access denied finding property "vendor.dpframework.log.enable"
07-17 03:43:41.207 30630 30755 E libc    : Access denied finding property "vendor.dpframework.dumpbuffer.checksum"
07-17 03:43:41.208 30630 30755 E libc    : Access denied finding property "vendor.dpframework.dumpbuffer.enable"
07-17 03:43:41.213 30630 31778 E FrameEvents: updateAcquireFence: Did not find frame.
07-17 03:43:41.232 30630 31778 E FrameEvents: updateAcquireFence: Did not find frame.
07-17 03:43:41.253 30630 30755 E libc    : Access denied finding property "vendor.dpframework.log.enable"
07-17 03:43:41.254 30630 30755 I chatty  : uid=10247(com.smartvision.svplayer) RenderThread identical 6 lines
07-17 03:43:41.254 30630 30755 E libc    : Access denied finding property "vendor.dpframework.log.enable"
07-17 03:43:41.254 30630 31778 E FrameEvents: updateAcquireFence: Did not find frame.
07-17 03:43:41.254 30630 30755 E libc    : Access denied finding property "vendor.dpframework.log.enable"
07-17 03:43:41.256 30630 30755 I chatty  : uid=10247(com.smartvision.svplayer) RenderThread identical 8 lines
07-17 03:43:41.256 30630 30755 E libc    : Access denied finding property "vendor.dpframework.log.enable"
07-17 03:43:41.256 30630 30755 E libc    : Access denied finding property "vendor.dpframework.dumpbuffer.checksum"
07-17 03:43:41.257 30630 30755 E libc    : Access denied finding property "vendor.dpframework.dumpbuffer.enable"
07-17 03:43:41.260 30630 30755 E libc    : Access denied finding property "vendor.dpframework.log.enable"
07-17 03:43:41.264 30630 30755 I chatty  : uid=10247(com.smartvision.svplayer) RenderThread identical 16 lines
07-17 03:43:41.265 30630 30755 E libc    : Access denied finding property "vendor.dpframework.log.enable"
07-17 03:43:41.265 30630 30755 E libc    : Access denied finding property "vendor.dpframework.dumpbuffer.checksum"
07-17 03:43:41.265 30630 30755 E libc    : Access denied finding property "vendor.dpframework.dumpbuffer.enable"
07-17 03:43:41.266 30630 31778 E FrameEvents: updateAcquireFence: Did not find frame.
07-17 03:43:41.269 30630 30755 E libc    : Access denied finding property "vendor.dpframework.log.enable"
07-17 03:43:41.271 30630 30755 I chatty  : uid=10247(com.smartvision.svplayer) RenderThread identical 16 lines
07-17 03:43:41.272 30630 30755 E libc    : Access denied finding property "vendor.dpframework.log.enable"
07-17 03:43:41.272 30630 30755 E libc    : Access denied finding property "vendor.dpframework.dumpbuffer.checksum"
07-17 03:43:41.272 30630 30755 E libc    : Access denied finding property "vendor.dpframework.dumpbuffer.enable"
07-17 03:43:41.295 30630 31778 E FrameEvents: updateAcquireFence: Did not find frame.
07-17 03:43:41.314 30630 31778 E FrameEvents: updateAcquireFence: Did not find frame.
07-17 03:43:41.316 30630 30755 E libc    : Access denied finding property "vendor.dpframework.log.enable"
07-17 03:43:41.317 30630 30755 I chatty  : uid=10247(com.smartvision.svplayer) RenderThread identical 16 lines
07-17 03:43:41.317 30630 30755 E libc    : Access denied finding property "vendor.dpframework.log.enable"
07-17 03:43:41.317 30630 30755 E libc    : Access denied finding property "vendor.dpframework.dumpbuffer.checksum"
07-17 03:43:41.318 30630 30755 E libc    : Access denied finding property "vendor.dpframework.dumpbuffer.enable"
07-17 03:43:41.335 30630 31778 E FrameEvents: updateAcquireFence: Did not find frame.
07-17 03:43:41.345 30630 31778 E FrameEvents: updateAcquireFence: Did not find frame.
07-17 03:43:41.359 30630 30755 E libc    : Access denied finding property "vendor.dpframework.log.enable"
07-17 03:43:41.360 30630 30755 I chatty  : uid=10247(com.smartvision.svplayer) RenderThread identical 16 lines
07-17 03:43:41.360 30630 30755 E libc    : Access denied finding property "vendor.dpframework.log.enable"
07-17 03:43:41.361 30630 30755 E libc    : Access denied finding property "vendor.dpframework.dumpbuffer.checksum"
07-17 03:43:41.361 30630 30755 E libc    : Access denied finding property "vendor.dpframework.dumpbuffer.enable"
07-17 03:43:41.365 30630 31778 E FrameEvents: updateAcquireFence: Did not find frame.
07-17 03:43:41.395 30630 31778 E FrameEvents: updateAcquireFence: Did not find frame.
07-17 03:43:41.410 30630 30755 E libc    : Access denied finding property "vendor.dpframework.log.enable"
07-17 03:43:41.412 30630 30755 I chatty  : uid=10247(com.smartvision.svplayer) RenderThread identical 16 lines
07-17 03:43:41.412 30630 30755 E libc    : Access denied finding property "vendor.dpframework.log.enable"
07-17 03:43:41.412 30630 30755 E libc    : Access denied finding property "vendor.dpframework.dumpbuffer.checksum"
07-17 03:43:41.412 30630 30755 E libc    : Access denied finding property "vendor.dpframework.dumpbuffer.enable"
07-17 03:43:41.416 30630 31778 E FrameEvents: updateAcquireFence: Did not find frame.
07-17 03:43:41.436 30630 31778 I chatty  : uid=10247(com.smartvision.svplayer) identical 1 line
07-17 03:43:41.446 30630 31778 E FrameEvents: updateAcquireFence: Did not find frame.
07-17 03:43:41.463 30630 30755 E libc    : Access denied finding property "vendor.dpframework.log.enable"
07-17 03:43:41.464 30630 30755 I chatty  : uid=10247(com.smartvision.svplayer) RenderThread identical 16 lines
07-17 03:43:41.464 30630 30755 E libc    : Access denied finding property "vendor.dpframework.log.enable"
07-17 03:43:41.465 30630 30755 E libc    : Access denied finding property "vendor.dpframework.dumpbuffer.checksum"
07-17 03:43:41.465 30630 30755 E libc    : Access denied finding property "vendor.dpframework.dumpbuffer.enable"
07-17 03:43:41.466 30630 31778 E FrameEvents: updateAcquireFence: Did not find frame.
07-17 03:43:41.468 30630 30755 E libc    : Access denied finding property "vendor.dpframework.log.enable"
07-17 03:43:41.470 30630 30755 I chatty  : uid=10247(com.smartvision.svplayer) RenderThread identical 16 lines
07-17 03:43:41.470 30630 30755 E libc    : Access denied finding property "vendor.dpframework.log.enable"
07-17 03:43:41.470 30630 30755 E libc    : Access denied finding property "vendor.dpframework.dumpbuffer.checksum"
07-17 03:43:41.470 30630 30755 E libc    : Access denied finding property "vendor.dpframework.dumpbuffer.enable"
07-17 03:43:41.498 30630 31778 E FrameEvents: updateAcquireFence: Did not find frame.
07-17 03:43:41.516 30630 30755 E libc    : Access denied finding property "vendor.dpframework.log.enable"
07-17 03:43:41.518 30630 30755 I chatty  : uid=10247(com.smartvision.svplayer) RenderThread identical 16 lines
07-17 03:43:41.518 30630 30755 E libc    : Access denied finding property "vendor.dpframework.log.enable"
07-17 03:43:41.518 30630 30755 E libc    : Access denied finding property "vendor.dpframework.dumpbuffer.checksum"
07-17 03:43:41.518 30630 30755 E libc    : Access denied finding property "vendor.dpframework.dumpbuffer.enable"
07-17 03:43:41.518 30630 31778 E FrameEvents: updateAcquireFence: Did not find frame.
07-17 03:43:41.522 30630 30755 E libc    : Access denied finding property "vendor.dpframework.log.enable"
07-17 03:43:41.523 30630 30755 I chatty  : uid=10247(com.smartvision.svplayer) RenderThread identical 16 lines
07-17 03:43:41.523 30630 30755 E libc    : Access denied finding property "vendor.dpframework.log.enable"
07-17 03:43:41.523 30630 30755 E libc    : Access denied finding property "vendor.dpframework.dumpbuffer.checksum"
07-17 03:43:41.523 30630 30755 E libc    : Access denied finding property "vendor.dpframework.dumpbuffer.enable"
07-17 03:43:41.528 30630 31778 E FrameEvents: updateAcquireFence: Did not find frame.
07-17 03:43:41.548 30630 31778 E FrameEvents: updateAcquireFence: Did not find frame.
07-17 03:43:41.569 30630 30755 E libc    : Access denied finding property "vendor.dpframework.log.enable"
07-17 03:43:41.569 30630 30755 I chatty  : uid=10247(com.smartvision.svplayer) RenderThread identical 3 lines
07-17 03:43:41.570 30630 30755 E libc    : Access denied finding property "vendor.dpframework.log.enable"
07-17 03:43:41.570 30630 31778 E FrameEvents: updateAcquireFence: Did not find frame.
07-17 03:43:41.570 30630 30755 E libc    : Access denied finding property "vendor.dpframework.log.enable"
07-17 03:43:41.571 30630 30755 I chatty  : uid=10247(com.smartvision.svplayer) RenderThread identical 11 lines
07-17 03:43:41.571 30630 30755 E libc    : Access denied finding property "vendor.dpframework.log.enable"
07-17 03:43:41.571 30630 30755 E libc    : Access denied finding property "vendor.dpframework.dumpbuffer.checksum"
07-17 03:43:41.571 30630 30755 E libc    : Access denied finding property "vendor.dpframework.dumpbuffer.enable"
07-17 03:43:41.575 30630 30755 E libc    : Access denied finding property "vendor.dpframework.log.enable"
07-17 03:43:41.577 30630 30755 I chatty  : uid=10247(com.smartvision.svplayer) RenderThread identical 16 lines
07-17 03:43:41.577 30630 30755 E libc    : Access denied finding property "vendor.dpframework.log.enable"
07-17 03:43:41.577 30630 30755 E libc    : Access denied finding property "vendor.dpframework.dumpbuffer.checksum"
07-17 03:43:41.577 30630 30755 E libc    : Access denied finding property "vendor.dpframework.dumpbuffer.enable"
07-17 03:43:41.601 30630 31778 E FrameEvents: updateAcquireFence: Did not find frame.
07-17 03:43:41.611 30630 31778 E FrameEvents: updateAcquireFence: Did not find frame.
07-17 03:43:41.622 30630 30755 E libc    : Access denied finding property "vendor.dpframework.log.enable"
07-17 03:43:41.623 30630 30755 I chatty  : uid=10247(com.smartvision.svplayer) RenderThread identical 16 lines
07-17 03:43:41.623 30630 30755 E libc    : Access denied finding property "vendor.dpframework.log.enable"
07-17 03:43:41.623 30630 30755 E libc    : Access denied finding property "vendor.dpframework.dumpbuffer.checksum"
07-17 03:43:41.624 30630 30755 E libc    : Access denied finding property "vendor.dpframework.dumpbuffer.enable"
07-17 03:43:41.631 30630 31778 E FrameEvents: updateAcquireFence: Did not find frame.
07-17 03:43:41.651 30630 31778 I chatty  : uid=10247(com.smartvision.svplayer) identical 1 line
07-17 03:43:41.670 30630 31778 E FrameEvents: updateAcquireFence: Did not find frame.
07-17 03:43:41.676 30630 30755 E libc    : Access denied finding property "vendor.dpframework.log.enable"
07-17 03:43:41.678 30630 30755 I chatty  : uid=10247(com.smartvision.svplayer) RenderThread identical 16 lines
07-17 03:43:41.678 30630 30755 E libc    : Access denied finding property "vendor.dpframework.log.enable"
07-17 03:43:41.678 30630 30755 E libc    : Access denied finding property "vendor.dpframework.dumpbuffer.checksum"
07-17 03:43:41.678 30630 30755 E libc    : Access denied finding property "vendor.dpframework.dumpbuffer.enable"
07-17 03:43:41.702 30630 31778 E FrameEvents: updateAcquireFence: Did not find frame.
07-17 03:43:41.712 30630 31778 E FrameEvents: updateAcquireFence: Did not find frame.
07-17 03:43:41.727 30630 30755 E libc    : Access denied finding property "vendor.dpframework.log.enable"
07-17 03:43:41.728 30630 30755 I chatty  : uid=10247(com.smartvision.svplayer) RenderThread identical 16 lines
07-17 03:43:41.729 30630 30755 E libc    : Access denied finding property "vendor.dpframework.log.enable"
07-17 03:43:41.729 30630 30755 E libc    : Access denied finding property "vendor.dpframework.dumpbuffer.checksum"
07-17 03:43:41.729 30630 30755 E libc    : Access denied finding property "vendor.dpframework.dumpbuffer.enable"
07-17 03:43:41.732 30630 30755 E libc    : Access denied finding property "vendor.dpframework.log.enable"
07-17 03:43:41.733 30630 30755 I chatty  : uid=10247(com.smartvision.svplayer) RenderThread identical 1 line
07-17 03:43:41.733 30630 30755 E libc    : Access denied finding property "vendor.dpframework.log.enable"
07-17 03:43:41.733 30630 31778 E FrameEvents: updateAcquireFence: Did not find frame.
07-17 03:43:41.733 30630 30755 E libc    : Access denied finding property "vendor.dpframework.log.enable"
07-17 03:43:41.734 30630 30755 I chatty  : uid=10247(com.smartvision.svplayer) RenderThread identical 13 lines
07-17 03:43:41.734 30630 30755 E libc    : Access denied finding property "vendor.dpframework.log.enable"
07-17 03:43:41.734 30630 30755 E libc    : Access denied finding property "vendor.dpframework.dumpbuffer.checksum"
07-17 03:43:41.734 30630 30755 E libc    : Access denied finding property "vendor.dpframework.dumpbuffer.enable"
07-17 03:43:41.753 30630 31778 E FrameEvents: updateAcquireFence: Did not find frame.
07-17 03:43:41.804 30630 31778 I chatty  : uid=10247(com.smartvision.svplayer) identical 2 lines
07-17 03:43:41.814 30630 31778 E FrameEvents: updateAcquireFence: Did not find frame.
07-17 03:43:41.833 30630 30755 E libc    : Access denied finding property "vendor.dpframework.log.enable"
07-17 03:43:41.834 30630 30755 I chatty  : uid=10247(com.smartvision.svplayer) RenderThread identical 16 lines
07-17 03:43:41.835 30630 30755 E libc    : Access denied finding property "vendor.dpframework.log.enable"
07-17 03:43:41.835 30630 30755 E libc    : Access denied finding property "vendor.dpframework.dumpbuffer.checksum"
07-17 03:43:41.835 30630 30755 E libc    : Access denied finding property "vendor.dpframework.dumpbuffer.enable"
07-17 03:43:41.835 30630 31778 E FrameEvents: updateAcquireFence: Did not find frame.
07-17 03:43:41.838 30630 30755 E libc    : Access denied finding property "vendor.dpframework.log.enable"
07-17 03:43:41.840 30630 30755 I chatty  : uid=10247(com.smartvision.svplayer) RenderThread identical 16 lines
07-17 03:43:41.840 30630 30755 E libc    : Access denied finding property "vendor.dpframework.log.enable"
07-17 03:43:41.840 30630 30755 E libc    : Access denied finding property "vendor.dpframework.dumpbuffer.checksum"
07-17 03:43:41.840 30630 30755 E libc    : Access denied finding property "vendor.dpframework.dumpbuffer.enable"
07-17 03:43:41.846 30630 31778 E FrameEvents: updateAcquireFence: Did not find frame.
07-17 03:43:41.917 30630 31778 I chatty  : uid=10247(com.smartvision.svplayer) identical 3 lines
07-17 03:43:41.937 30630 31778 E FrameEvents: updateAcquireFence: Did not find frame.
07-17 03:43:41.936 30630 30630 W RenderThread: type=1400 audit(0.0:88345): avc: denied { open } for path="/dev/__properties__/u:object_r:vendor_default_prop:s0" dev="tmpfs" ino=355 scontext=u:r:untrusted_app:s0:c247,c256,c512,c768 tcontext=u:object_r:vendor_default_prop:s0 tclass=file permissive=0
07-17 03:43:41.939 30630 30755 E libc    : Access denied finding property "vendor.dpframework.log.enable"
07-17 03:43:41.940 30630 30755 I chatty  : uid=10247(com.smartvision.svplayer) RenderThread identical 2 lines
07-17 03:43:41.940 30630 30755 E libc    : Access denied finding property "vendor.dpframework.log.enable"
07-17 03:43:41.936 30630 30630 W RenderThread: type=1400 audit(0.0:88346): avc: denied { open } for path="/dev/__properties__/u:object_r:vendor_default_prop:s0" dev="tmpfs" ino=355 scontext=u:r:untrusted_app:s0:c247,c256,c512,c768 tcontext=u:object_r:vendor_default_prop:s0 tclass=file permissive=0
07-17 03:43:41.940 30630 30755 E libc    : Access denied finding property "vendor.dpframework.log.enable"
07-17 03:43:41.940 30630 30755 I chatty  : uid=10247(com.smartvision.svplayer) RenderThread identical 2 lines
07-17 03:43:41.940 30630 30755 E libc    : Access denied finding property "vendor.dpframework.log.enable"
07-17 03:43:41.936 30630 30630 W RenderThread: type=1400 audit(0.0:88347): avc: denied { open } for path="/dev/__properties__/u:object_r:vendor_default_prop:s0" dev="tmpfs" ino=355 scontext=u:r:untrusted_app:s0:c247,c256,c512,c768 tcontext=u:object_r:vendor_default_prop:s0 tclass=file permissive=0
07-17 03:43:41.940 30630 30755 E libc    : Access denied finding property "vendor.dpframework.log.enable"
07-17 03:43:41.941 30630 30755 I chatty  : uid=10247(com.smartvision.svplayer) RenderThread identical 2 lines
07-17 03:43:41.941 30630 30755 E libc    : Access denied finding property "vendor.dpframework.log.enable"
07-17 03:43:41.936 30630 30630 W RenderThread: type=1400 audit(0.0:88348): avc: denied { open } for path="/dev/__properties__/u:object_r:vendor_default_prop:s0" dev="tmpfs" ino=355 scontext=u:r:untrusted_app:s0:c247,c256,c512,c768 tcontext=u:object_r:vendor_default_prop:s0 tclass=file permissive=0
07-17 03:43:41.941 30630 30755 E libc    : Access denied finding property "vendor.dpframework.log.enable"
07-17 03:43:41.941 30630 30755 I chatty  : uid=10247(com.smartvision.svplayer) RenderThread identical 2 lines
07-17 03:43:41.941 30630 30755 E libc    : Access denied finding property "vendor.dpframework.log.enable"
07-17 03:43:41.936 30630 30630 W RenderThread: type=1400 audit(0.0:88349): avc: denied { open } for path="/dev/__properties__/u:object_r:vendor_default_prop:s0" dev="tmpfs" ino=355 scontext=u:r:untrusted_app:s0:c247,c256,c512,c768 tcontext=u:object_r:vendor_default_prop:s0 tclass=file permissive=0
07-17 03:43:41.941 30630 30755 E libc    : Access denied finding property "vendor.dpframework.log.enable"
07-17 03:43:41.941 30630 30755 E libc    : Access denied finding property "vendor.dpframework.log.enable"
07-17 03:43:41.942 30630 30755 E libc    : Access denied finding property "vendor.dpframework.dumpbuffer.checksum"
07-17 03:43:41.942 30630 30755 E libc    : Access denied finding property "vendor.dpframework.dumpbuffer.enable"
07-17 03:43:41.947 30630 31778 E FrameEvents: updateAcquireFence: Did not find frame.
07-17 03:43:42.017 30630 31778 I chatty  : uid=10247(com.smartvision.svplayer) identical 3 lines
07-17 03:43:42.028 30630 31778 E FrameEvents: updateAcquireFence: Did not find frame.
07-17 03:43:42.045 30630 30755 E libc    : Access denied finding property "vendor.dpframework.log.enable"
07-17 03:43:42.046 30630 30755 I chatty  : uid=10247(com.smartvision.svplayer) RenderThread identical 16 lines
07-17 03:43:42.046 30630 30755 E libc    : Access denied finding property "vendor.dpframework.log.enable"
07-17 03:43:42.046 30630 30755 E libc    : Access denied finding property "vendor.dpframework.dumpbuffer.checksum"
07-17 03:43:42.046 30630 30755 E libc    : Access denied finding property "vendor.dpframework.dumpbuffer.enable"
07-17 03:43:42.048 30630 31778 E FrameEvents: updateAcquireFence: Did not find frame.
07-17 03:43:42.050 30630 30755 E libc    : Access denied finding property "vendor.dpframework.log.enable"
07-17 03:43:42.051 30630 30755 I chatty  : uid=10247(com.smartvision.svplayer) RenderThread identical 16 lines
07-17 03:43:42.051 30630 30755 E libc    : Access denied finding property "vendor.dpframework.log.enable"
07-17 03:43:42.051 30630 30755 E libc    : Access denied finding property "vendor.dpframework.dumpbuffer.checksum"
07-17 03:43:42.051 30630 30755 E libc    : Access denied finding property "vendor.dpframework.dumpbuffer.enable"
07-17 03:43:42.069 30630 31778 E FrameEvents: updateAcquireFence: Did not find frame.
07-17 03:43:42.130 30630 31778 I chatty  : uid=10247(com.smartvision.svplayer) identical 3 lines
07-17 03:43:42.151 30630 31778 E FrameEvents: updateAcquireFence: Did not find frame.
07-17 03:43:42.151 30630 30755 E libc    : Access denied finding property "vendor.dpframework.log.enable"
07-17 03:43:42.154 30630 30755 I chatty  : uid=10247(com.smartvision.svplayer) RenderThread identical 16 lines
07-17 03:43:42.154 30630 30755 E libc    : Access denied finding property "vendor.dpframework.log.enable"
07-17 03:43:42.154 30630 30755 E libc    : Access denied finding property "vendor.dpframework.dumpbuffer.checksum"
07-17 03:43:42.154 30630 30755 E libc    : Access denied finding property "vendor.dpframework.dumpbuffer.enable"
07-17 03:43:42.162 30630 31778 E FrameEvents: updateAcquireFence: Did not find frame.
07-17 03:43:42.233 30630 31778 I chatty  : uid=10247(com.smartvision.svplayer) identical 3 lines
07-17 03:43:42.254 30630 31778 E FrameEvents: updateAcquireFence: Did not find frame.
07-17 03:43:42.257 30630 30755 E libc    : Access denied finding property "vendor.dpframework.log.enable"
07-17 03:43:42.259 30630 30755 I chatty  : uid=10247(com.smartvision.svplayer) RenderThread identical 16 lines
07-17 03:43:42.259 30630 30755 E libc    : Access denied finding property "vendor.dpframework.log.enable"
07-17 03:43:42.259 30630 30755 E libc    : Access denied finding property "vendor.dpframework.dumpbuffer.checksum"
07-17 03:43:42.259 30630 30755 E libc    : Access denied finding property "vendor.dpframework.dumpbuffer.enable"
07-17 03:43:42.264 30630 31778 E FrameEvents: updateAcquireFence: Did not find frame.
07-17 03:43:42.334 30630 31778 I chatty  : uid=10247(com.smartvision.svplayer) identical 3 lines
07-17 03:43:42.345 30630 31778 E FrameEvents: updateAcquireFence: Did not find frame.
07-17 03:43:42.362 30630 30755 E libc    : Access denied finding property "vendor.dpframework.log.enable"
07-17 03:43:42.363 30630 30755 I chatty  : uid=10247(com.smartvision.svplayer) RenderThread identical 16 lines
07-17 03:43:42.363 30630 30755 E libc    : Access denied finding property "vendor.dpframework.log.enable"
07-17 03:43:42.363 30630 30755 E libc    : Access denied finding property "vendor.dpframework.dumpbuffer.checksum"
07-17 03:43:42.364 30630 30755 E libc    : Access denied finding property "vendor.dpframework.dumpbuffer.enable"
07-17 03:43:42.366 30630 31778 E FrameEvents: updateAcquireFence: Did not find frame.
07-17 03:43:42.367 30630 30755 E libc    : Access denied finding property "vendor.dpframework.log.enable"
07-17 03:43:42.368 30630 30755 I chatty  : uid=10247(com.smartvision.svplayer) RenderThread identical 16 lines
07-17 03:43:42.368 30630 30755 E libc    : Access denied finding property "vendor.dpframework.log.enable"
07-17 03:43:42.368 30630 30755 E libc    : Access denied finding property "vendor.dpframework.dumpbuffer.checksum"
07-17 03:43:42.369 30630 30755 E libc    : Access denied finding property "vendor.dpframework.dumpbuffer.enable"
07-17 03:43:42.396 30630 31778 E FrameEvents: updateAcquireFence: Did not find frame.
07-17 03:43:42.447 30630 31778 I chatty  : uid=10247(com.smartvision.svplayer) identical 3 lines
07-17 03:43:42.467 30630 31778 E FrameEvents: updateAcquireFence: Did not find frame.
07-17 03:43:42.469 30630 30755 E libc    : Access denied finding property "vendor.dpframework.log.enable"
07-17 03:43:42.471 30630 30755 I chatty  : uid=10247(com.smartvision.svplayer) RenderThread identical 16 lines
07-17 03:43:42.471 30630 30755 E libc    : Access denied finding property "vendor.dpframework.log.enable"
07-17 03:43:42.471 30630 30755 E libc    : Access denied finding property "vendor.dpframework.dumpbuffer.checksum"
07-17 03:43:42.471 30630 30755 E libc    : Access denied finding property "vendor.dpframework.dumpbuffer.enable"
07-17 03:43:42.499 30630 31778 E FrameEvents: updateAcquireFence: Did not find frame.
07-17 03:43:42.519 30630 31778 E FrameEvents: updateAcquireFence: Did not find frame.
07-17 03:43:42.525 30630 30755 E libc    : Access denied finding property "vendor.dpframework.log.enable"
07-17 03:43:42.526 30630 30755 I chatty  : uid=10247(com.smartvision.svplayer) RenderThread identical 10 lines
07-17 03:43:42.526 30630 30755 E libc    : Access denied finding property "vendor.dpframework.log.enable"
07-17 03:43:42.526 30630 30755 E libc    : Access denied finding property "vendor.dpframework.log.enable"
07-17 03:43:42.527 30630 30755 I chatty  : uid=10247(com.smartvision.svplayer) RenderThread identical 4 lines
07-17 03:43:42.527 30630 30755 E libc    : Access denied finding property "vendor.dpframework.log.enable"
07-17 03:43:42.527 30630 30755 E libc    : Access denied finding property "vendor.dpframework.dumpbuffer.checksum"
07-17 03:43:42.528 30630 30755 E libc    : Access denied finding property "vendor.dpframework.dumpbuffer.enable"
07-17 03:43:42.529 30630 31778 E FrameEvents: updateAcquireFence: Did not find frame.
07-17 03:43:42.531 30630 30755 E libc    : Access denied finding property "vendor.dpframework.log.enable"
07-17 03:43:42.532 30630 30755 I chatty  : uid=10247(com.smartvision.svplayer) RenderThread identical 16 lines
07-17 03:43:42.533 30630 30755 E libc    : Access denied finding property "vendor.dpframework.log.enable"
07-17 03:43:42.533 30630 30755 E libc    : Access denied finding property "vendor.dpframework.dumpbuffer.checksum"
07-17 03:43:42.533 30630 30755 E libc    : Access denied finding property "vendor.dpframework.dumpbuffer.enable"
07-17 03:43:42.550 30630 31778 E FrameEvents: updateAcquireFence: Did not find frame.
07-17 03:43:42.599 30630 31778 I chatty  : uid=10247(com.smartvision.svplayer) identical 2 lines
07-17 03:43:42.620 30630 31778 E FrameEvents: updateAcquireFence: Did not find frame.
07-17 03:43:42.628 30630 30755 E libc    : Access denied finding property "vendor.dpframework.log.enable"
07-17 03:43:42.629 30630 30755 I chatty  : uid=10247(com.smartvision.svplayer) RenderThread identical 16 lines
07-17 03:43:42.629 30630 30755 E libc    : Access denied finding property "vendor.dpframework.log.enable"
07-17 03:43:42.629 30630 30755 E libc    : Access denied finding property "vendor.dpframework.dumpbuffer.checksum"
07-17 03:43:42.629 30630 30755 E libc    : Access denied finding property "vendor.dpframework.dumpbuffer.enable"
07-17 03:43:42.630 30630 31778 E FrameEvents: updateAcquireFence: Did not find frame.
07-17 03:43:42.633 30630 30755 E libc    : Access denied finding property "vendor.dpframework.log.enable"
07-17 03:43:42.634 30630 30755 I chatty  : uid=10247(com.smartvision.svplayer) RenderThread identical 16 lines
07-17 03:43:42.634 30630 30755 E libc    : Access denied finding property "vendor.dpframework.log.enable"
07-17 03:43:42.634 30630 30755 E libc    : Access denied finding property "vendor.dpframework.dumpbuffer.checksum"
07-17 03:43:42.634 30630 30755 E libc    : Access denied finding property "vendor.dpframework.dumpbuffer.enable"
07-17 03:43:42.650 30630 31778 E FrameEvents: updateAcquireFence: Did not find frame.
07-17 03:43:42.721 30630 31778 I chatty  : uid=10247(com.smartvision.svplayer) identical 3 lines
07-17 03:43:42.730 30630 31778 E FrameEvents: updateAcquireFence: Did not find frame.
07-17 03:43:42.736 30630 30755 E libc    : Access denied finding property "vendor.dpframework.log.enable"
07-17 03:43:42.737 30630 30755 I chatty  : uid=10247(com.smartvision.svplayer) RenderThread identical 16 lines
07-17 03:43:42.737 30630 30755 E libc    : Access denied finding property "vendor.dpframework.log.enable"
07-17 03:43:42.737 30630 30755 E libc    : Access denied finding property "vendor.dpframework.dumpbuffer.checksum"
07-17 03:43:42.737 30630 30755 E libc    : Access denied finding property "vendor.dpframework.dumpbuffer.enable"
07-17 03:43:42.752 30630 31778 E FrameEvents: updateAcquireFence: Did not find frame.
07-17 03:43:42.772 30630 31778 E FrameEvents: updateAcquireFence: Did not find frame.
07-17 03:43:42.822 30630 31778 I chatty  : uid=10247(com.smartvision.svplayer) identical 2 lines
07-17 03:43:42.832 30630 31778 E FrameEvents: updateAcquireFence: Did not find frame.
07-17 03:43:42.842 30630 30755 E libc    : Access denied finding property "vendor.dpframework.log.enable"
07-17 03:43:42.844 30630 30755 I chatty  : uid=10247(com.smartvision.svplayer) RenderThread identical 16 lines
07-17 03:43:42.844 30630 30755 E libc    : Access denied finding property "vendor.dpframework.log.enable"
07-17 03:43:42.844 30630 30755 E libc    : Access denied finding property "vendor.dpframework.dumpbuffer.checksum"
07-17 03:43:42.844 30630 30755 E libc    : Access denied finding property "vendor.dpframework.dumpbuffer.enable"
07-17 03:43:42.853 30630 31778 E FrameEvents: updateAcquireFence: Did not find frame.
07-17 03:43:42.863 30630 31778 E FrameEvents: updateAcquireFence: Did not find frame.
07-17 03:43:42.873 30630 30640 I vision.svplaye: Background concurrent copying GC freed 170961(6MB) AllocSpace objects, 0(0B) LOS objects, 21% free, 21MB/27MB, paused 214us total 179.272ms
07-17 03:43:42.902 30630 31778 E FrameEvents: updateAcquireFence: Did not find frame.
07-17 03:43:42.912 30630 31778 I chatty  : uid=10247(com.smartvision.svplayer) identical 1 line
07-17 03:43:42.933 30630 31778 E FrameEvents: updateAcquireFence: Did not find frame.
07-17 03:43:42.946 30630 30630 W RenderThread: type=1400 audit(0.0:88625): avc: denied { open } for path="/dev/__properties__/u:object_r:vendor_default_prop:s0" dev="tmpfs" ino=355 scontext=u:r:untrusted_app:s0:c247,c256,c512,c768 tcontext=u:object_r:vendor_default_prop:s0 tclass=file permissive=0
07-17 03:43:42.948 30630 30755 E libc    : Access denied finding property "vendor.dpframework.log.enable"
07-17 03:43:42.946 30630 30630 W RenderThread: type=1400 audit(0.0:88626): avc: denied { open } for path="/dev/__properties__/u:object_r:vendor_default_prop:s0" dev="tmpfs" ino=355 scontext=u:r:untrusted_app:s0:c247,c256,c512,c768 tcontext=u:object_r:vendor_default_prop:s0 tclass=file permissive=0
07-17 03:43:42.948 30630 30755 E libc    : Access denied finding property "vendor.dpframework.log.enable"
07-17 03:43:42.948 30630 30755 I chatty  : uid=10247(com.smartvision.svplayer) RenderThread identical 1 line
07-17 03:43:42.948 30630 30755 E libc    : Access denied finding property "vendor.dpframework.log.enable"
07-17 03:43:42.946 30630 30630 W RenderThread: type=1400 audit(0.0:88627): avc: denied { open } for path="/dev/__properties__/u:object_r:vendor_default_prop:s0" dev="tmpfs" ino=355 scontext=u:r:untrusted_app:s0:c247,c256,c512,c768 tcontext=u:object_r:vendor_default_prop:s0 tclass=file permissive=0
07-17 03:43:42.949 30630 30755 E libc    : Access denied finding property "vendor.dpframework.log.enable"
07-17 03:43:42.949 30630 30755 I chatty  : uid=10247(com.smartvision.svplayer) RenderThread identical 2 lines
07-17 03:43:42.949 30630 30755 E libc    : Access denied finding property "vendor.dpframework.log.enable"
07-17 03:43:42.946 30630 30630 W RenderThread: type=1400 audit(0.0:88628): avc: denied { open } for path="/dev/__properties__/u:object_r:vendor_default_prop:s0" dev="tmpfs" ino=355 scontext=u:r:untrusted_app:s0:c247,c256,c512,c768 tcontext=u:object_r:vendor_default_prop:s0 tclass=file permissive=0
07-17 03:43:42.949 30630 30755 E libc    : Access denied finding property "vendor.dpframework.log.enable"
07-17 03:43:42.949 30630 30755 I chatty  : uid=10247(com.smartvision.svplayer) RenderThread identical 2 lines
07-17 03:43:42.949 30630 30755 E libc    : Access denied finding property "vendor.dpframework.log.enable"
07-17 03:43:42.946 30630 30630 W RenderThread: type=1400 audit(0.0:88629): avc: denied { open } for path="/dev/__properties__/u:object_r:vendor_default_prop:s0" dev="tmpfs" ino=355 scontext=u:r:untrusted_app:s0:c247,c256,c512,c768 tcontext=u:object_r:vendor_default_prop:s0 tclass=file permissive=0
07-17 03:43:42.949 30630 30755 E libc    : Access denied finding property "vendor.dpframework.log.enable"
07-17 03:43:42.949 30630 30755 I chatty  : uid=10247(com.smartvision.svplayer) RenderThread identical 4 lines
07-17 03:43:42.949 30630 30755 E libc    : Access denied finding property "vendor.dpframework.log.enable"
07-17 03:43:42.950 30630 30755 E libc    : Access denied finding property "vendor.dpframework.dumpbuffer.checksum"
07-17 03:43:42.950 30630 30755 E libc    : Access denied finding property "vendor.dpframework.dumpbuffer.enable"
07-17 03:43:42.953 30630 31778 E FrameEvents: updateAcquireFence: Did not find frame.
07-17 03:43:42.953 30630 30755 E libc    : Access denied finding property "vendor.dpframework.log.enable"
07-17 03:43:42.954 30630 30755 I chatty  : uid=10247(com.smartvision.svplayer) RenderThread identical 16 lines
07-17 03:43:42.954 30630 30755 E libc    : Access denied finding property "vendor.dpframework.log.enable"
07-17 03:43:42.955 30630 30755 E libc    : Access denied finding property "vendor.dpframework.dumpbuffer.checksum"
07-17 03:43:42.955 30630 30755 E libc    : Access denied finding property "vendor.dpframework.dumpbuffer.enable"
07-17 03:43:42.963 30630 31778 E FrameEvents: updateAcquireFence: Did not find frame.
07-17 03:43:43.033 30630 31778 I chatty  : uid=10247(com.smartvision.svplayer) identical 3 lines
07-17 03:43:43.052 30630 31778 E FrameEvents: updateAcquireFence: Did not find frame.
07-17 03:43:43.055 30630 30755 E libc    : Access denied finding property "vendor.dpframework.log.enable"
07-17 03:43:43.056 30630 30755 I chatty  : uid=10247(com.smartvision.svplayer) RenderThread identical 16 lines
07-17 03:43:43.056 30630 30755 E libc    : Access denied finding property "vendor.dpframework.log.enable"
07-17 03:43:43.057 30630 30755 E libc    : Access denied finding property "vendor.dpframework.dumpbuffer.checksum"
07-17 03:43:43.057 30630 30755 E libc    : Access denied finding property "vendor.dpframework.dumpbuffer.enable"
07-17 03:43:43.063 30630 31778 E FrameEvents: updateAcquireFence: Did not find frame.
07-17 03:43:43.133 30630 31778 I chatty  : uid=10247(com.smartvision.svplayer) identical 3 lines
07-17 03:43:43.153 30630 31778 E FrameEvents: updateAcquireFence: Did not find frame.
07-17 03:43:43.162 30630 30755 E libc    : Access denied finding property "vendor.dpframework.log.enable"
07-17 03:43:43.163 30630 30755 I chatty  : uid=10247(com.smartvision.svplayer) RenderThread identical 16 lines
07-17 03:43:43.163 30630 30755 E libc    : Access denied finding property "vendor.dpframework.log.enable"
07-17 03:43:43.163 30630 30755 E libc    : Access denied finding property "vendor.dpframework.dumpbuffer.checksum"
07-17 03:43:43.163 30630 30755 E libc    : Access denied finding property "vendor.dpframework.dumpbuffer.enable"
07-17 03:43:43.165 30630 31778 E FrameEvents: updateAcquireFence: Did not find frame.
07-17 03:43:43.167 30630 30755 E libc    : Access denied finding property "vendor.dpframework.log.enable"
07-17 03:43:43.168 30630 30755 I chatty  : uid=10247(com.smartvision.svplayer) RenderThread identical 16 lines
07-17 03:43:43.168 30630 30755 E libc    : Access denied finding property "vendor.dpframework.log.enable"
07-17 03:43:43.168 30630 30755 E libc    : Access denied finding property "vendor.dpframework.dumpbuffer.checksum"
07-17 03:43:43.168 30630 30755 E libc    : Access denied finding property "vendor.dpframework.dumpbuffer.enable"
07-17 03:43:43.206 30630 31778 E FrameEvents: updateAcquireFence: Did not find frame.
07-17 03:43:43.246 30630 31778 I chatty  : uid=10247(com.smartvision.svplayer) identical 3 lines
07-17 03:43:43.267 30630 31778 E FrameEvents: updateAcquireFence: Did not find frame.
07-17 03:43:43.268 30630 30755 E libc    : Access denied finding property "vendor.dpframework.log.enable"
07-17 03:43:43.269 30630 30755 I chatty  : uid=10247(com.smartvision.svplayer) RenderThread identical 16 lines
07-17 03:43:43.270 30630 30755 E libc    : Access denied finding property "vendor.dpframework.log.enable"
07-17 03:43:43.270 30630 30755 E libc    : Access denied finding property "vendor.dpframework.dumpbuffer.checksum"
07-17 03:43:43.270 30630 30755 E libc    : Access denied finding property "vendor.dpframework.dumpbuffer.enable"
07-17 03:43:43.299 30630 31778 E FrameEvents: updateAcquireFence: Did not find frame.
07-17 03:43:43.319 30630 31778 E FrameEvents: updateAcquireFence: Did not find frame.
07-17 03:43:43.321 30630 30755 E libc    : Access denied finding property "vendor.dpframework.log.enable"
07-17 03:43:43.322 30630 30755 I chatty  : uid=10247(com.smartvision.svplayer) RenderThread identical 16 lines
07-17 03:43:43.322 30630 30755 E libc    : Access denied finding property "vendor.dpframework.log.enable"
07-17 03:43:43.322 30630 30755 E libc    : Access denied finding property "vendor.dpframework.dumpbuffer.checksum"
07-17 03:43:43.322 30630 30755 E libc    : Access denied finding property "vendor.dpframework.dumpbuffer.enable"
07-17 03:43:43.329 30630 31778 E FrameEvents: updateAcquireFence: Did not find frame.
07-17 03:43:43.400 30630 31778 I chatty  : uid=10247(com.smartvision.svplayer) identical 3 lines
07-17 03:43:43.419 30630 31778 E FrameEvents: updateAcquireFence: Did not find frame.
07-17 03:43:43.427 30630 30755 E libc    : Access denied finding property "vendor.dpframework.log.enable"
07-17 03:43:43.428 30630 30755 I chatty  : uid=10247(com.smartvision.svplayer) RenderThread identical 16 lines
07-17 03:43:43.428 30630 30755 E libc    : Access denied finding property "vendor.dpframework.log.enable"
07-17 03:43:43.429 30630 30755 E libc    : Access denied finding property "vendor.dpframework.dumpbuffer.checksum"
07-17 03:43:43.429 30630 30755 E libc    : Access denied finding property "vendor.dpframework.dumpbuffer.enable"
07-17 03:43:43.430 30630 31778 E FrameEvents: updateAcquireFence: Did not find frame.
07-17 03:43:43.432 30630 30755 E libc    : Access denied finding property "vendor.dpframework.log.enable"
07-17 03:43:43.433 30630 30755 I chatty  : uid=10247(com.smartvision.svplayer) RenderThread identical 16 lines
07-17 03:43:43.433 30630 30755 E libc    : Access denied finding property "vendor.dpframework.log.enable"
07-17 03:43:43.433 30630 30755 E libc    : Access denied finding property "vendor.dpframework.dumpbuffer.checksum"
07-17 03:43:43.434 30630 30755 E libc    : Access denied finding property "vendor.dpframework.dumpbuffer.enable"
07-17 03:43:43.450 30630 31778 E FrameEvents: updateAcquireFence: Did not find frame.
07-17 03:43:43.519 30630 31778 I chatty  : uid=10247(com.smartvision.svplayer) identical 3 lines
07-17 03:43:43.530 30630 31778 E FrameEvents: updateAcquireFence: Did not find frame.
07-17 03:43:43.535 30630 30755 E libc    : Access denied finding property "vendor.dpframework.log.enable"
07-17 03:43:43.536 30630 30755 I chatty  : uid=10247(com.smartvision.svplayer) RenderThread identical 16 lines
07-17 03:43:43.536 30630 30755 E libc    : Access denied finding property "vendor.dpframework.log.enable"
07-17 03:43:43.537 30630 30755 E libc    : Access denied finding property "vendor.dpframework.dumpbuffer.checksum"
07-17 03:43:43.537 30630 30755 E libc    : Access denied finding property "vendor.dpframework.dumpbuffer.enable"
07-17 03:43:43.552 30630 31778 E FrameEvents: updateAcquireFence: Did not find frame.
07-17 03:43:43.601 30630 31778 I chatty  : uid=10247(com.smartvision.svplayer) identical 2 lines
07-17 03:43:43.620 30630 31778 E FrameEvents: updateAcquireFence: Did not find frame.
07-17 03:43:43.631 30630 31778 E FrameEvents: updateAcquireFence: Did not find frame.
07-17 03:43:43.631 30630 31777 I MediaCodecLogger: 30630.HW.video.avc.bitrateInKbps = 3370
07-17 03:43:43.633 30630 31786 I MediaCodecLogger: 30630.SW.audio.mp4a.bitrateInKbps = 93
07-17 03:43:43.642 30630 30755 E libc    : Access denied finding property "vendor.dpframework.log.enable"
07-17 03:43:43.644 30630 30755 I chatty  : uid=10247(com.smartvision.svplayer) RenderThread identical 16 lines
07-17 03:43:43.644 30630 30755 E libc    : Access denied finding property "vendor.dpframework.log.enable"
07-17 03:43:43.644 30630 30755 E libc    : Access denied finding property "vendor.dpframework.dumpbuffer.checksum"
07-17 03:43:43.645 30630 30755 E libc    : Access denied finding property "vendor.dpframework.dumpbuffer.enable"
07-17 03:43:43.651 30630 31778 E FrameEvents: updateAcquireFence: Did not find frame.
07-17 03:43:43.722 30630 31778 I chatty  : uid=10247(com.smartvision.svplayer) identical 3 lines
07-17 03:43:43.732 30630 31778 E FrameEvents: updateAcquireFence: Did not find frame.
07-17 03:43:43.749 30630 30755 E libc    : Access denied finding property "vendor.dpframework.log.enable"
07-17 03:43:43.750 30630 30755 I chatty  : uid=10247(com.smartvision.svplayer) RenderThread identical 16 lines
07-17 03:43:43.751 30630 30755 E libc    : Access denied finding property "vendor.dpframework.log.enable"
07-17 03:43:43.751 30630 30755 E libc    : Access denied finding property "vendor.dpframework.dumpbuffer.checksum"
07-17 03:43:43.751 30630 30755 E libc    : Access denied finding property "vendor.dpframework.dumpbuffer.enable"
07-17 03:43:43.753 30630 31778 E FrameEvents: updateAcquireFence: Did not find frame.
07-17 03:43:43.754 30630 30755 E libc    : Access denied finding property "vendor.dpframework.log.enable"
07-17 03:43:43.756 30630 30755 I chatty  : uid=10247(com.smartvision.svplayer) RenderThread identical 16 lines
07-17 03:43:43.756 30630 30755 E libc    : Access denied finding property "vendor.dpframework.log.enable"
07-17 03:43:43.756 30630 30755 E libc    : Access denied finding property "vendor.dpframework.dumpbuffer.checksum"
07-17 03:43:43.756 30630 30755 E libc    : Access denied finding property "vendor.dpframework.dumpbuffer.enable"
07-17 03:43:43.764 30630 31778 E FrameEvents: updateAcquireFence: Did not find frame.
07-17 03:43:43.804 30630 31778 I chatty  : uid=10247(com.smartvision.svplayer) identical 1 line
07-17 03:43:43.813 30630 31778 E FrameEvents: updateAcquireFence: Did not find frame.
07-17 03:43:43.834 30630 31778 E FrameEvents: updateAcquireFence: Did not find frame.
07-17 03:43:43.855 30630 31778 E FrameEvents: updateAcquireFence: Did not find frame.
07-17 03:43:43.856 30630 30755 E libc    : Access denied finding property "vendor.dpframework.log.enable"
07-17 03:43:43.858 30630 30755 I chatty  : uid=10247(com.smartvision.svplayer) RenderThread identical 16 lines
07-17 03:43:43.858 30630 30755 E libc    : Access denied finding property "vendor.dpframework.log.enable"
07-17 03:43:43.858 30630 30755 E libc    : Access denied finding property "vendor.dpframework.dumpbuffer.checksum"
07-17 03:43:43.858 30630 30755 E libc    : Access denied finding property "vendor.dpframework.dumpbuffer.enable"
07-17 03:43:43.865 30630 31778 E FrameEvents: updateAcquireFence: Did not find frame.
07-17 03:43:43.930 30630 31778 I chatty  : uid=10247(com.smartvision.svplayer) identical 3 lines
07-17 03:43:43.950 30630 31778 E FrameEvents: updateAcquireFence: Did not find frame.
07-17 03:43:43.964 30630 30755 E libc    : Access denied finding property "vendor.dpframework.log.enable"
07-17 03:43:43.964 30630 30755 I chatty  : uid=10247(com.smartvision.svplayer) RenderThread identical 4 lines
07-17 03:43:43.964 30630 30755 E libc    : Access denied finding property "vendor.dpframework.log.enable"
07-17 03:43:43.956 30630 30630 W RenderThread: type=1400 audit(0.0:88905): avc: denied { open } for path="/dev/__properties__/u:object_r:vendor_default_prop:s0" dev="tmpfs" ino=355 scontext=u:r:untrusted_app:s0:c247,c256,c512,c768 tcontext=u:object_r:vendor_default_prop:s0 tclass=file permissive=0
07-17 03:43:43.964 30630 30755 E libc    : Access denied finding property "vendor.dpframework.log.enable"
07-17 03:43:43.965 30630 30755 I chatty  : uid=10247(com.smartvision.svplayer) RenderThread identical 6 lines
07-17 03:43:43.965 30630 30755 E libc    : Access denied finding property "vendor.dpframework.log.enable"
07-17 03:43:43.956 30630 30630 W RenderThread: type=1400 audit(0.0:88906): avc: denied { open } for path="/dev/__properties__/u:object_r:vendor_default_prop:s0" dev="tmpfs" ino=355 scontext=u:r:untrusted_app:s0:c247,c256,c512,c768 tcontext=u:object_r:vendor_default_prop:s0 tclass=file permissive=0
07-17 03:43:43.965 30630 30755 E libc    : Access denied finding property "vendor.dpframework.log.enable"
07-17 03:43:43.965 30630 30755 I chatty  : uid=10247(com.smartvision.svplayer) RenderThread identical 2 lines
07-17 03:43:43.965 30630 30755 E libc    : Access denied finding property "vendor.dpframework.log.enable"
07-17 03:43:43.965 30630 30755 E libc    : Access denied finding property "vendor.dpframework.dumpbuffer.checksum"
07-17 03:43:43.956 30630 30630 W RenderThread: type=1400 audit(0.0:88907): avc: denied { open } for path="/dev/__properties__/u:object_r:vendor_default_prop:s0" dev="tmpfs" ino=355 scontext=u:r:untrusted_app:s0:c247,c256,c512,c768 tcontext=u:object_r:vendor_default_prop:s0 tclass=file permissive=0
07-17 03:43:43.965 30630 30755 E libc    : Access denied finding property "vendor.dpframework.dumpbuffer.enable"
07-17 03:43:43.956 30630 30630 W RenderThread: type=1400 audit(0.0:88908): avc: denied { open } for path="/dev/__properties__/u:object_r:vendor_default_prop:s0" dev="tmpfs" ino=355 scontext=u:r:untrusted_app:s0:c247,c256,c512,c768 tcontext=u:object_r:vendor_default_prop:s0 tclass=file permissive=0
07-17 03:43:43.956 30630 30630 W RenderThread: type=1400 audit(0.0:88909): avc: denied { open } for path="/dev/__properties__/u:object_r:vendor_default_prop:s0" dev="tmpfs" ino=355 scontext=u:r:untrusted_app:s0:c247,c256,c512,c768 tcontext=u:object_r:vendor_default_prop:s0 tclass=file permissive=0
07-17 03:43:43.972 30630 31778 E FrameEvents: updateAcquireFence: Did not find frame.
07-17 03:43:44.000 30630 31778 E FrameEvents: updateAcquireFence: Did not find frame.
07-17 03:43:44.020 30630 31778 E FrameEvents: updateAcquireFence: Did not find frame.
07-17 03:43:44.024 30630 30630 I SVHomeFocus: scroll start target=trending_movies from=436 to=624 max=800
07-17 03:43:44.024 30630 30630 I SVHomeFocus: requestRowFocus target=trending_movies rowAlreadyAtFirst
07-17 03:43:44.024 30630 30630 I SVHomeFocus: requestRowFocus target=trending_movies rowScrolledToFirst
07-17 03:43:44.031 30630 31778 E FrameEvents: updateAcquireFence: Did not find frame.
07-17 03:43:44.051 30630 31778 E FrameEvents: updateAcquireFence: Did not find frame.
07-17 03:43:44.071 30630 30755 E libc    : Access denied finding property "vendor.dpframework.log.enable"
07-17 03:43:44.071 30630 30755 I chatty  : uid=10247(com.smartvision.svplayer) RenderThread identical 6 lines
07-17 03:43:44.071 30630 30755 E libc    : Access denied finding property "vendor.dpframework.log.enable"
07-17 03:43:44.071 30630 31778 E FrameEvents: updateAcquireFence: Did not find frame.
07-17 03:43:44.071 30630 30755 E libc    : Access denied finding property "vendor.dpframework.log.enable"
07-17 03:43:44.072 30630 30755 I chatty  : uid=10247(com.smartvision.svplayer) RenderThread identical 8 lines
07-17 03:43:44.072 30630 30755 E libc    : Access denied finding property "vendor.dpframework.log.enable"
07-17 03:43:44.072 30630 30755 E libc    : Access denied finding property "vendor.dpframework.dumpbuffer.checksum"
07-17 03:43:44.072 30630 30755 E libc    : Access denied finding property "vendor.dpframework.dumpbuffer.enable"
07-17 03:43:44.076 30630 30755 E libc    : Access denied finding property "vendor.dpframework.log.enable"
07-17 03:43:44.078 30630 30755 I chatty  : uid=10247(com.smartvision.svplayer) RenderThread identical 16 lines
07-17 03:43:44.078 30630 30755 E libc    : Access denied finding property "vendor.dpframework.log.enable"
07-17 03:43:44.078 30630 30755 E libc    : Access denied finding property "vendor.dpframework.dumpbuffer.checksum"
07-17 03:43:44.078 30630 30755 E libc    : Access denied finding property "vendor.dpframework.dumpbuffer.enable"
07-17 03:43:44.101 30630 31778 E FrameEvents: updateAcquireFence: Did not find frame.
07-17 03:43:44.152 30630 31778 I chatty  : uid=10247(com.smartvision.svplayer) identical 3 lines
07-17 03:43:44.172 30630 31778 E FrameEvents: updateAcquireFence: Did not find frame.
07-17 03:43:44.181 30630 30755 E libc    : Access denied finding property "vendor.dpframework.log.enable"
07-17 03:43:44.182 30630 30755 I chatty  : uid=10247(com.smartvision.svplayer) RenderThread identical 16 lines
07-17 03:43:44.183 30630 30755 E libc    : Access denied finding property "vendor.dpframework.log.enable"
07-17 03:43:44.183 30630 30755 E libc    : Access denied finding property "vendor.dpframework.dumpbuffer.checksum"
07-17 03:43:44.183 30630 30755 E libc    : Access denied finding property "vendor.dpframework.dumpbuffer.enable"
07-17 03:43:44.203 30630 31778 E FrameEvents: updateAcquireFence: Did not find frame.
07-17 03:43:44.323 30630 31778 I chatty  : uid=10247(com.smartvision.svplayer) identical 6 lines
07-17 03:43:44.332 30630 31778 E FrameEvents: updateAcquireFence: Did not find frame.
07-17 03:43:44.347 30630 30755 E libc    : Access denied finding property "vendor.dpframework.log.enable"
07-17 03:43:44.348 30630 30755 I chatty  : uid=10247(com.smartvision.svplayer) RenderThread identical 16 lines
07-17 03:43:44.349 30630 30755 E libc    : Access denied finding property "vendor.dpframework.log.enable"
07-17 03:43:44.349 30630 30755 E libc    : Access denied finding property "vendor.dpframework.dumpbuffer.checksum"
07-17 03:43:44.349 30630 30755 E libc    : Access denied finding property "vendor.dpframework.dumpbuffer.enable"
07-17 03:43:44.353 30630 31778 E FrameEvents: updateAcquireFence: Did not find frame.
