--------- beginning of main
07-21 20:07:10.136 15386 15403 I chatty  : uid=10247(com.smartvision.svplayer) HeapTaskDaemon expire 10 lines
07-21 20:07:26.574 15386 15403 I chatty  : uid=10247(com.smartvision.svplayer) HeapTaskDaemon expire 10 lines
07-21 20:07:43.040 15386 15403 I chatty  : uid=10247(com.smartvision.svplayer) HeapTaskDaemon expire 10 lines
07-21 20:07:59.423 15386 15403 I chatty  : uid=10247(com.smartvision.svplayer) HeapTaskDaemon expire 1 line
07-21 20:08:01.077 15386 15403 I vision.svplaye: Background concurrent copying GC freed 213307(6MB) AllocSpace objects, 0(0B) LOS objects, 19% free, 24MB/30MB, paused 158us total 271.235ms
07-21 20:08:02.720 15386 15403 I vision.svplaye: Background concurrent copying GC freed 211677(6MB) AllocSpace objects, 0(0B) LOS objects, 20% free, 23MB/29MB, paused 134us total 258.189ms
07-21 20:08:04.338 15386 15403 I vision.svplaye: Background concurrent copying GC freed 207852(6MB) AllocSpace objects, 0(0B) LOS objects, 20% free, 23MB/29MB, paused 183us total 255.392ms
07-21 20:08:05.978 15386 15403 I vision.svplaye: Background concurrent copying GC freed 207723(6MB) AllocSpace objects, 0(0B) LOS objects, 19% free, 24MB/30MB, paused 148us total 267.131ms
07-21 20:08:07.662 15386 15403 I vision.svplaye: Background concurrent copying GC freed 208872(6MB) AllocSpace objects, 0(0B) LOS objects, 19% free, 24MB/30MB, paused 180us total 277.223ms
07-21 20:08:09.332 15386 15403 I vision.svplaye: Background concurrent copying GC freed 208230(6MB) AllocSpace objects, 0(0B) LOS objects, 19% free, 24MB/30MB, paused 215us total 296.248ms
07-21 20:08:11.035 15386 15403 I vision.svplaye: Background concurrent copying GC freed 211194(6MB) AllocSpace objects, 0(0B) LOS objects, 20% free, 23MB/29MB, paused 184us total 284.529ms
07-21 20:08:12.603 15386 15403 I vision.svplaye: Background concurrent copying GC freed 211040(6MB) AllocSpace objects, 0(0B) LOS objects, 19% free, 24MB/30MB, paused 232us total 262.260ms
07-21 20:08:14.163 15386 15403 I vision.svplaye: Background concurrent copying GC freed 214493(6MB) AllocSpace objects, 0(0B) LOS objects, 19% free, 24MB/30MB, paused 170us total 257.810ms
07-21 20:08:15.732 15386 15403 I vision.svplaye: Background concurrent copying GC freed 214616(6MB) AllocSpace objects, 0(0B) LOS objects, 19% free, 24MB/30MB, paused 196us total 265.551ms
07-21 20:08:17.263 15386 15403 I vision.svplaye: Background concurrent copying GC freed 211415(6MB) AllocSpace objects, 0(0B) LOS objects, 19% free, 24MB/30MB, paused 138us total 259.517ms
07-21 20:08:18.829 15386 15403 I vision.svplaye: Background concurrent copying GC freed 215012(6MB) AllocSpace objects, 0(0B) LOS objects, 19% free, 24MB/30MB, paused 184us total 258.189ms
07-21 20:08:20.397 15386 15403 I vision.svplaye: Background concurrent copying GC freed 214326(6MB) AllocSpace objects, 0(0B) LOS objects, 19% free, 24MB/30MB, paused 161us total 260.718ms
07-21 20:08:21.987 15386 15403 I vision.svplaye: Background concurrent copying GC freed 212737(6MB) AllocSpace objects, 0(0B) LOS objects, 19% free, 24MB/30MB, paused 210us total 270.719ms
07-21 20:08:23.627 15386 15403 I vision.svplaye: Background concurrent copying GC freed 210862(6MB) AllocSpace objects, 1(20KB) LOS objects, 19% free, 24MB/30MB, paused 155us total 265.191ms
07-21 20:08:25.276 15386 15403 I vision.svplaye: Background concurrent copying GC freed 211732(6MB) AllocSpace objects, 0(0B) LOS objects, 19% free, 24MB/30MB, paused 187us total 258.358ms
07-21 20:08:26.905 15386 15403 I vision.svplaye: Background concurrent copying GC freed 210337(6MB) AllocSpace objects, 0(0B) LOS objects, 20% free, 23MB/29MB, paused 240us total 250.905ms
07-21 20:08:28.531 15386 15403 I vision.svplaye: Background concurrent copying GC freed 207387(6MB) AllocSpace objects, 0(0B) LOS objects, 20% free, 23MB/29MB, paused 184us total 255.512ms
07-21 20:08:30.175 15386 15403 I vision.svplaye: Background concurrent copying GC freed 208443(6MB) AllocSpace objects, 0(0B) LOS objects, 19% free, 24MB/30MB, paused 198us total 265.559ms
07-21 20:08:31.822 15386 15403 I vision.svplaye: Background concurrent copying GC freed 211763(6MB) AllocSpace objects, 0(0B) LOS objects, 19% free, 24MB/30MB, paused 153us total 268.450ms
07-21 20:08:33.462 15386 15403 I vision.svplaye: Background concurrent copying GC freed 210330(6MB) AllocSpace objects, 0(0B) LOS objects, 19% free, 24MB/30MB, paused 214us total 267.342ms
07-21 20:08:35.103 15386 15403 I vision.svplaye: Background concurrent copying GC freed 209294(6MB) AllocSpace objects, 0(0B) LOS objects, 19% free, 24MB/30MB, paused 217us total 265.149ms
07-21 20:08:36.766 15386 15403 I vision.svplaye: Background concurrent copying GC freed 212341(6MB) AllocSpace objects, 0(0B) LOS objects, 19% free, 24MB/30MB, paused 142us total 277.335ms
07-21 20:08:38.400 15386 15403 I vision.svplaye: Background concurrent copying GC freed 211909(6MB) AllocSpace objects, 0(0B) LOS objects, 20% free, 23MB/29MB, paused 155us total 254.592ms
07-21 20:08:40.041 15386 15403 I vision.svplaye: Background concurrent copying GC freed 209490(6MB) AllocSpace objects, 0(0B) LOS objects, 19% free, 24MB/30MB, paused 154us total 262.804ms
07-21 20:08:41.687 15386 15403 I vision.svplaye: Background concurrent copying GC freed 209188(6MB) AllocSpace objects, 0(0B) LOS objects, 20% free, 23MB/29MB, paused 225us total 265.554ms
07-21 20:08:42.195 15386 15386 W vision.svplaye: Accessing hidden method Landroid/view/RenderNode;->getScaleX()F (dark greylist, linking)
07-21 20:08:42.196 15386 15386 W vision.svplaye: Accessing hidden method Landroid/view/RenderNode;->getScaleX()F (dark greylist, linking)
07-21 20:08:42.196 15386 15386 W vision.svplaye: Accessing hidden method Landroid/view/RenderNode;->getAlpha()F (dark greylist, linking)
07-21 20:08:42.196 15386 15386 W vision.svplaye: Accessing hidden method Landroid/view/RenderNode;->getCameraDistance()F (dark greylist, linking)
07-21 20:08:42.196 15386 15386 W vision.svplaye: Accessing hidden method Landroid/view/RenderNode;->getClipToOutline()Z (dark greylist, linking)
07-21 20:08:42.196 15386 15386 W vision.svplaye: Accessing hidden method Landroid/view/RenderNode;->getElevation()F (dark greylist, linking)
07-21 20:08:42.197 15386 15386 W vision.svplaye: Accessing hidden method Landroid/view/RenderNode;->getInverseMatrix(Landroid/graphics/Matrix;)V (dark greylist, linking)
07-21 20:08:42.197 15386 15386 W vision.svplaye: Accessing hidden method Landroid/view/RenderNode;->getMatrix(Landroid/graphics/Matrix;)V (dark greylist, linking)
07-21 20:08:42.197 15386 15386 W vision.svplaye: Accessing hidden method Landroid/view/RenderNode;->getPivotX()F (dark greylist, linking)
07-21 20:08:42.197 15386 15386 W vision.svplaye: Accessing hidden method Landroid/view/RenderNode;->getPivotY()F (dark greylist, linking)
07-21 20:08:42.197 15386 15386 W vision.svplaye: Accessing hidden method Landroid/view/RenderNode;->getRotationX()F (dark greylist, linking)
07-21 20:08:42.197 15386 15386 W vision.svplaye: Accessing hidden method Landroid/view/RenderNode;->getRotationY()F (dark greylist, linking)
07-21 20:08:42.197 15386 15386 W vision.svplaye: Accessing hidden method Landroid/view/RenderNode;->getRotation()F (dark greylist, linking)
07-21 20:08:42.197 15386 15386 W vision.svplaye: Accessing hidden method Landroid/view/RenderNode;->getScaleX()F (dark greylist, linking)
07-21 20:08:42.197 15386 15386 W vision.svplaye: Accessing hidden method Landroid/view/RenderNode;->getScaleY()F (dark greylist, linking)
07-21 20:08:42.197 15386 15386 W vision.svplaye: Accessing hidden method Landroid/view/RenderNode;->getTranslationX()F (dark greylist, linking)
07-21 20:08:42.197 15386 15386 W vision.svplaye: Accessing hidden method Landroid/view/RenderNode;->getTranslationY()F (dark greylist, linking)
07-21 20:08:42.197 15386 15386 W vision.svplaye: Accessing hidden method Landroid/view/RenderNode;->hasOverlappingRendering()Z (dark greylist, linking)
07-21 20:08:42.198 15386 15386 W vision.svplaye: Accessing hidden method Landroid/view/RenderNode;->offsetTopAndBottom(I)Z (dark greylist, linking)
07-21 20:08:42.198 15386 15386 W vision.svplaye: Accessing hidden method Landroid/view/RenderNode;->setAlpha(F)Z (dark greylist, linking)
07-21 20:08:42.198 15386 15386 W vision.svplaye: Accessing hidden method Landroid/view/RenderNode;->setCameraDistance(F)Z (dark greylist, linking)
07-21 20:08:42.198 15386 15386 W vision.svplaye: Accessing hidden method Landroid/view/RenderNode;->setClipToOutline(Z)Z (dark greylist, linking)
07-21 20:08:42.198 15386 15386 W vision.svplaye: Accessing hidden method Landroid/view/RenderNode;->setLayerType(I)Z (dark greylist, linking)
07-21 20:08:42.198 15386 15386 W vision.svplaye: Accessing hidden method Landroid/view/RenderNode;->setLayerType(I)Z (dark greylist, linking)
07-21 20:08:42.198 15386 15386 W vision.svplaye: Accessing hidden method Landroid/view/RenderNode;->setElevation(F)Z (dark greylist, linking)
07-21 20:08:42.199 15386 15386 W vision.svplaye: Accessing hidden method Landroid/view/RenderNode;->setOutline(Landroid/graphics/Outline;)Z (dark greylist, linking)
07-21 20:08:42.199 15386 15386 W vision.svplaye: Accessing hidden method Landroid/view/RenderNode;->setPivotX(F)Z (dark greylist, linking)
07-21 20:08:42.199 15386 15386 W vision.svplaye: Accessing hidden method Landroid/view/RenderNode;->setPivotY(F)Z (dark greylist, linking)
07-21 20:08:42.199 15386 15386 W vision.svplaye: Accessing hidden method Landroid/view/RenderNode;->setRotationX(F)Z (dark greylist, linking)
07-21 20:08:42.199 15386 15386 W vision.svplaye: Accessing hidden method Landroid/view/RenderNode;->setRotationY(F)Z (dark greylist, linking)
07-21 20:08:42.199 15386 15386 W vision.svplaye: Accessing hidden method Landroid/view/RenderNode;->setRotation(F)Z (dark greylist, linking)
07-21 20:08:42.199 15386 15386 W vision.svplaye: Accessing hidden method Landroid/view/RenderNode;->setScaleX(F)Z (dark greylist, linking)
07-21 20:08:42.199 15386 15386 W vision.svplaye: Accessing hidden method Landroid/view/RenderNode;->setScaleY(F)Z (dark greylist, linking)
07-21 20:08:42.199 15386 15386 W vision.svplaye: Accessing hidden method Landroid/view/RenderNode;->setTranslationX(F)Z (dark greylist, linking)
07-21 20:08:42.199 15386 15386 W vision.svplaye: Accessing hidden method Landroid/view/RenderNode;->setTranslationY(F)Z (dark greylist, linking)
07-21 20:08:42.200 15386 15386 W vision.svplaye: Accessing hidden method Landroid/view/RenderNode;->getScaleX()F (dark greylist, linking)
07-21 20:08:43.381 15386 15403 I vision.svplaye: Background concurrent copying GC freed 176101(5MB) AllocSpace objects, 3(60KB) LOS objects, 19% free, 24MB/30MB, paused 188us total 281.047ms
07-21 20:08:44.010 15386 15697 W VideoCapabilities: Unrecognized profile 4 for video/hevc
07-21 20:08:44.015 15386 15697 W VideoCapabilities: Unrecognized profile/level 1/32 for video/mp4v-es
07-21 20:08:44.015 15386 15697 W VideoCapabilities: Unrecognized profile/level 32768/2 for video/mp4v-es
07-21 20:08:44.015 15386 15697 W VideoCapabilities: Unrecognized profile/level 32768/64 for video/mp4v-es
07-21 20:08:44.046 15386 15697 I VideoCapabilities: Unsupported profile 4 for video/mp4v-es
07-21 20:08:44.118 15386 17472 I OMXClient: IOmx service obtained
07-21 20:08:44.200 15386 17471 I MediaCodec: [OMX.MTK.VIDEO.DECODER.AVC] setting surface generation to 15755265
07-21 20:08:44.202 15386 17471 I MediaCodecLogger: [ASAP] HW.video.avc P2 + 13682015
07-21 20:08:44.204 15386 17471 I MediaCodecLogger: HW.video.avc Adaptive Streaming max w:1920 h:1080, screen size:FHD
07-21 20:08:44.205 15386 17472 I ACodec  : Call prepareForAdaptivePlayback. maxWidth 1920, maxHeight 1080.
07-21 20:08:44.206 15386 17472 I ACodec  : [OMX.MTK.VIDEO.DECODER.AVC] prepareForAdaptivePlayback failed w/ err -1010
07-21 20:08:44.210 15386 17472 I ACodec  : codec does not support config priority (err -1010)
07-21 20:08:44.222 15386 17471 I MediaCodecLogger: [ASAP] HW.video.avc P2 - 13682035
07-21 20:08:44.226 15386 15697 I MediaCodecLogger: [ASAP] HW.video.avc P3 + 13682039
07-21 20:08:44.268 15386 17472 W ACodec  : [OMX.MTK.VIDEO.DECODER.AVC] setting nBufferCountActual to 7 failed: -22
07-21 20:08:44.272 15386 17471 I MediaCodecLogger: [ASAP] HW.video.avc P3 - 13682085
07-21 20:08:44.276 15386 17471 I MediaCodecLogger: [ASAP] HW.video.avc Got First Input Frame 13682089 pts:1000000080000
07-21 20:08:44.309 15386 17482 I OMXClient: IOmx service obtained
07-21 20:08:44.320 15386 17482 I MediaCodecLogger: [ASAP] SW.audio.mp4a P2 + 13682133
07-21 20:08:44.321 15386 17482 I ACodec  : codec does not support config priority (err -2147483648)
07-21 20:08:44.321 15386 17482 I ACodec  : codec does not support config operating rate (err -2147483648)
07-21 20:08:44.321 15386 17482 I MediaCodecLogger: [ASAP] SW.audio.mp4a P2 - 13682134
07-21 20:08:44.322 15386 15697 I MediaCodecLogger: [ASAP] SW.audio.mp4a P3 + 13682135
07-21 20:08:44.324 15386 17472 W AHierarchicalStateMachine: Warning message AMessage(what = 'omxI') = {
07-21 20:08:44.324 15386 17472 W AHierarchicalStateMachine:   int32_t type = 0
07-21 20:08:44.324 15386 17472 W AHierarchicalStateMachine:   int32_t event = 3
07-21 20:08:44.324 15386 17472 W AHierarchicalStateMachine:   int32_t data1 = 1
07-21 20:08:44.324 15386 17472 W AHierarchicalStateMachine:   int32_t data2 = 117440527
07-21 20:08:44.324 15386 17472 W AHierarchicalStateMachine: } unhandled in root state.
07-21 20:08:44.327 15386 17472 W ACodec  : [OMX.MTK.VIDEO.DECODER.AVC] setting nBufferCountActual to 14 failed: -22
07-21 20:08:44.333 15386 17482 I MediaCodecLogger: [ASAP] SW.audio.mp4a P3 - 13682147
07-21 20:08:44.341 15386 17482 I MediaCodecLogger: [ASAP] SW.audio.mp4a Got First Input Frame 13682154 pts:1000000012000
07-21 20:08:44.377 15386 17482 I MediaCodecLogger: updatePTSTime [SW.audio.mp4a] First PTS after Flush or reset = 1000000012000
07-21 20:08:44.382 15386 17482 I MediaCodecLogger: [ASAP] SW.audio.mp4a Got First Frame Ready 13682190(36)
07-21 20:08:44.417 15386 17471 I MediaCodecLogger: updateFormatChanged width = 1920 height = 1080
07-21 20:08:44.418 15386 17471 I MediaCodecLogger: updatePTSTime [HW.video.avc] First PTS after Flush or reset = 1000000080000
07-21 20:08:44.418 15386 17471 I MediaCodecLogger: [ASAP] HW.video.avc Got First Frame Ready 13682231(142)
07-21 20:08:44.436 15386 15697 I android.media.AudioTrack: AUDIOINFO: audio_input: format: 2 sample_rate: 48000 channels: 2 AudioAttributes: AudioAttributes: usage=USAGE_MEDIA content=CONTENT_TYPE_MUSIC flags=0x200 tags= bundle=null
07-21 20:08:44.482 15386 15697 W vision.svplaye: Accessing hidden method Landroid/media/AudioTrack$Builder;->setOffloadedPlayback(Z)Landroid/media/AudioTrack$Builder; (dark greylist, linking)
07-21 20:08:44.587 15386 17471 I MediaCodecLogger: Rendering first frame after starting or flushing.
07-21 20:08:44.587 15386 17471 I MediaCodecLogger: [ASAP] HW.video.avc Got First Frame Render 13682400(311)
07-21 20:08:44.588 15386 17471 I libperfstatsclient: start attempting to update service remote
07-21 20:08:44.589 15386 17471 I MediaCodecLogger: App sets Timestamps for render in SurfaceFlinger
07-21 20:08:44.911 15386 15403 I vision.svplaye: Background concurrent copying GC freed 154717(4MB) AllocSpace objects, 2(56KB) LOS objects, 17% free, 28MB/34MB, paused 223us total 641.755ms
07-21 20:08:45.130 15386 17471 I MediaCodecLogger: 15386.HW.video.avc Resolution change from 0x0 to 1920x1080 took = 4
07-21 20:08:46.113 15386 15403 I vision.svplaye: Background concurrent copying GC freed 88670(4MB) AllocSpace objects, 0(0B) LOS objects, 14% free, 36MB/42MB, paused 193us total 599.048ms
07-21 20:08:47.094 15386 15403 I vision.svplaye: Background concurrent copying GC freed 118511(3MB) AllocSpace objects, 0(0B) LOS objects, 13% free, 39MB/45MB, paused 203us total 291.478ms
07-21 20:08:48.571 15386 15403 I vision.svplaye: Background concurrent copying GC freed 183965(5MB) AllocSpace objects, 0(0B) LOS objects, 13% free, 39MB/45MB, paused 196us total 322.518ms
07-21 20:08:49.299 15386 17471 I MediaCodecLogger: 15386.HW.video.avc.bitrateInKbps = 4419
07-21 20:08:49.380 15386 17482 I MediaCodecLogger: 15386.SW.audio.mp4a.bitrateInKbps = 96
07-21 20:08:50.379 15386 15403 I vision.svplaye: Background concurrent copying GC freed 200779(6MB) AllocSpace objects, 0(0B) LOS objects, 12% free, 40MB/46MB, paused 180us total 318.373ms
07-21 20:08:52.235 15386 15403 I vision.svplaye: Background concurrent copying GC freed 206064(6MB) AllocSpace objects, 0(0B) LOS objects, 12% free, 40MB/46MB, paused 179us total 319.899ms
07-21 20:08:53.753 15386 15403 I vision.svplaye: Background concurrent copying GC freed 212441(6MB) AllocSpace objects, 0(0B) LOS objects, 12% free, 40MB/46MB, paused 218us total 279.507ms
07-21 20:08:54.381 15386 17471 I MediaCodecLogger: 15386.HW.video.avc.bitrateInKbps = 4592
07-21 20:08:54.442 15386 17482 I MediaCodecLogger: 15386.SW.audio.mp4a.bitrateInKbps = 93
07-21 20:08:55.226 15386 15403 I vision.svplaye: Background concurrent copying GC freed 212744(6MB) AllocSpace objects, 0(0B) LOS objects, 12% free, 40MB/46MB, paused 164us total 283.118ms
07-21 20:08:56.726 15386 15403 I vision.svplaye: Background concurrent copying GC freed 213095(6MB) AllocSpace objects, 0(0B) LOS objects, 12% free, 40MB/46MB, paused 727us total 301.662ms
07-21 20:08:58.238 15386 15403 I vision.svplaye: Background concurrent copying GC freed 217326(6MB) AllocSpace objects, 0(0B) LOS objects, 12% free, 40MB/46MB, paused 201us total 282.485ms
07-21 20:08:59.420 15386 17471 I MediaCodecLogger: 15386.HW.video.avc.bitrateInKbps = 4420
07-21 20:08:59.502 15386 17482 I MediaCodecLogger: 15386.SW.audio.mp4a.bitrateInKbps = 93
07-21 20:08:59.747 15386 15403 I vision.svplaye: Background concurrent copying GC freed 213068(6MB) AllocSpace objects, 0(0B) LOS objects, 12% free, 40MB/46MB, paused 206us total 285.920ms
07-21 20:09:01.261 15386 15403 I vision.svplaye: Background concurrent copying GC freed 214429(6MB) AllocSpace objects, 0(0B) LOS objects, 12% free, 40MB/46MB, paused 183us total 311.260ms
07-21 20:09:02.829 15386 15403 I vision.svplaye: Background concurrent copying GC freed 214531(6MB) AllocSpace objects, 0(0B) LOS objects, 12% free, 40MB/46MB, paused 285us total 312.440ms
07-21 20:09:04.415 15386 15403 I vision.svplaye: Background concurrent copying GC freed 212940(6MB) AllocSpace objects, 1(20KB) LOS objects, 12% free, 40MB/46MB, paused 272us total 286.986ms
07-21 20:09:04.456 15386 17471 I MediaCodecLogger: 15386.HW.video.avc.bitrateInKbps = 4344
07-21 20:09:04.560 15386 17482 I MediaCodecLogger: 15386.SW.audio.mp4a.bitrateInKbps = 93
07-21 20:09:05.989 15386 15403 I vision.svplaye: Background concurrent copying GC freed 209294(6MB) AllocSpace objects, 0(0B) LOS objects, 12% free, 40MB/46MB, paused 218us total 286.753ms
07-21 20:09:07.553 15386 15403 I vision.svplaye: Background concurrent copying GC freed 211118(6MB) AllocSpace objects, 0(0B) LOS objects, 12% free, 40MB/46MB, paused 165us total 285.208ms
07-21 20:09:09.131 15386 15403 I vision.svplaye: Background concurrent copying GC freed 207854(6MB) AllocSpace objects, 0(0B) LOS objects, 12% free, 40MB/46MB, paused 224us total 295.879ms
07-21 20:09:09.499 15386 17471 I MediaCodecLogger: 15386.HW.video.avc.bitrateInKbps = 3506
07-21 20:09:09.603 15386 17482 I MediaCodecLogger: 15386.SW.audio.mp4a.bitrateInKbps = 93
07-21 20:09:10.810 15386 15403 I vision.svplaye: Background concurrent copying GC freed 211030(6MB) AllocSpace objects, 0(0B) LOS objects, 12% free, 40MB/46MB, paused 173us total 416.768ms
07-21 20:09:12.409 15386 15403 I vision.svplaye: Background concurrent copying GC freed 215096(6MB) AllocSpace objects, 0(0B) LOS objects, 12% free, 40MB/46MB, paused 163us total 284.885ms
07-21 20:09:13.974 15386 15403 I vision.svplaye: Background concurrent copying GC freed 210556(6MB) AllocSpace objects, 0(0B) LOS objects, 12% free, 40MB/46MB, paused 180us total 279.942ms
07-21 20:09:14.583 15386 17471 I MediaCodecLogger: 15386.HW.video.avc.bitrateInKbps = 4445
07-21 20:09:14.666 15386 17482 I MediaCodecLogger: 15386.SW.audio.mp4a.bitrateInKbps = 93
07-21 20:09:15.522 15386 15403 I vision.svplaye: Background concurrent copying GC freed 208441(6MB) AllocSpace objects, 0(0B) LOS objects, 12% free, 41MB/47MB, paused 163us total 315.414ms
07-21 20:09:17.070 15386 15403 I vision.svplaye: Background concurrent copying GC freed 203526(6MB) AllocSpace objects, 0(0B) LOS objects, 12% free, 41MB/47MB, paused 173us total 294.376ms
07-21 20:09:18.683 15386 15403 I vision.svplaye: Background concurrent copying GC freed 204844(6MB) AllocSpace objects, 0(0B) LOS objects, 12% free, 41MB/47MB, paused 156us total 305.691ms
07-21 20:09:19.627 15386 17471 I MediaCodecLogger: 15386.HW.video.avc.bitrateInKbps = 5083
07-21 20:09:19.720 15386 17482 I MediaCodecLogger: 15386.SW.audio.mp4a.bitrateInKbps = 93
07-21 20:09:20.336 15386 15403 I vision.svplaye: Background concurrent copying GC freed 210654(6MB) AllocSpace objects, 0(0B) LOS objects, 12% free, 41MB/47MB, paused 186us total 387.922ms
07-21 20:09:20.884 15386 15386 I SVStartup: state localReady=true checking=false activated=true playableSource=true route=player/{channelId}
07-21 20:09:20.950 15386 15393 I vision.svplaye: Method exceeds compiler instruction limit: 17224 in void com.smartvision.svplayer.ui.player.FullScreenPlayerScreenKt.FullScreenPlayerScreen(com.smartvision.svplayer.ui.player.FullScreenPlayback, com.smartvision.svplayer.ui.player.FullScreenContentKind, com.smartvision.svplayer.data.monetization.MonetizationManager, com.smartvision.svplayer.data.monetization.IdleVastAdLoader, com.smartvision.svplayer.data.anomaly.AnomalyReporter, com.smartvision.svplayer.data.xtream.XtreamConnectionManager, com.smartvision.svplayer.data.behavior.BehaviorReporter, long, kotlin.jvm.functions.Function0, kotlin.jvm.functions.Function1, kotlin.jvm.functions.Function1, kotlin.jvm.functions.Function1, kotlin.jvm.functions.Function1, kotlin.jvm.functions.Function1, kotlin.jvm.functions.Function3, com.smartvision.svplayer.domain.access.PremiumFeatureGateResult, com.smartvision.svplayer.ui.i18n.SmartVisionStrings, kotlin.jvm.functions.Function0, com.smartvision.svplayer.ui.player.LivePlaybackSession, androidx.compose.ui.geometry.Rect, 
07-21 20:09:21.050 15386 17471 I MediaCodec: [OMX.MTK.VIDEO.DECODER.AVC] setting surface generation to 15755266
07-21 20:09:21.293 15386 17471 I MediaCodec: [OMX.MTK.VIDEO.DECODER.AVC] setting surface generation to 15755267
07-21 20:09:21.574 15386 15386 I SmartVisionAds: Statut monetisation actuel: FREE_WITH_ADS
07-21 20:09:21.697 15386 15386 I SmartVisionAds: Pub refusee: pubs desactivees
07-21 20:09:21.732 15386 15386 I SVHomeLoad: continue ready profile=de993c35 revision=0
07-21 20:09:22.186 15386 15403 I vision.svplaye: Background concurrent copying GC freed 177808(5MB) AllocSpace objects, 7(332KB) LOS objects, 12% free, 41MB/47MB, paused 540us total 320.456ms
07-21 20:09:24.662 15386 17471 I MediaCodecLogger: 15386.HW.video.avc.bitrateInKbps = 4180
07-21 20:09:24.735 15386 17482 I MediaCodecLogger: 15386.SW.audio.mp4a.bitrateInKbps = 93
07-21 20:09:26.440 15386 15386 I SVHomeLoad: continue ready profile=de993c35 revision=0
07-21 20:09:29.702 15386 17471 I MediaCodecLogger: 15386.HW.video.avc.bitrateInKbps = 4325
07-21 20:09:29.833 15386 17482 I MediaCodecLogger: 15386.SW.audio.mp4a.bitrateInKbps = 93
07-21 20:09:31.457 15386 15386 I SVHomeLoad: continue ready profile=de993c35 revision=0
07-21 20:09:34.785 15386 17471 I MediaCodecLogger: 15386.HW.video.avc.bitrateInKbps = 5173
07-21 20:09:34.845 15386 17482 I MediaCodecLogger: 15386.SW.audio.mp4a.bitrateInKbps = 94
07-21 20:09:36.476 15386 15386 I SVHomeLoad: continue ready profile=de993c35 revision=0
07-21 20:09:36.851 15386 15403 I vision.svplaye: Background concurrent copying GC freed 227539(6MB) AllocSpace objects, 3(60KB) LOS objects, 12% free, 41MB/47MB, paused 178us total 285.453ms
07-21 20:09:39.829 15386 17471 I MediaCodecLogger: 15386.HW.video.avc.bitrateInKbps = 4954
07-21 20:09:39.945 15386 17482 I MediaCodecLogger: 15386.SW.audio.mp4a.bitrateInKbps = 93
07-21 20:09:41.507 15386 15386 I SVHomeLoad: continue ready profile=de993c35 revision=0
07-21 20:09:44.866 15386 17471 I MediaCodecLogger: 15386.HW.video.avc.bitrateInKbps = 5089
07-21 20:09:44.957 15386 17482 I MediaCodecLogger: 15386.SW.audio.mp4a.bitrateInKbps = 93
07-21 20:09:46.518 15386 15386 I SVHomeLoad: continue ready profile=de993c35 revision=0
07-21 20:09:49.905 15386 17471 I MediaCodecLogger: 15386.HW.video.avc.bitrateInKbps = 3198
07-21 20:09:50.016 15386 17482 I MediaCodecLogger: 15386.SW.audio.mp4a.bitrateInKbps = 94
07-21 20:09:51.545 15386 15386 I SVHomeLoad: continue ready profile=de993c35 revision=0
07-21 20:09:51.902 15386 15403 I vision.svplaye: Background concurrent copying GC freed 208104(5MB) AllocSpace objects, 0(0B) LOS objects, 12% free, 40MB/46MB, paused 174us total 273.485ms
07-21 20:09:54.938 15386 17471 I MediaCodecLogger: 15386.HW.video.avc.bitrateInKbps = 4714
07-21 20:09:55.068 15386 17482 I MediaCodecLogger: 15386.SW.audio.mp4a.bitrateInKbps = 94
07-21 20:09:56.553 15386 15386 I SVHomeLoad: continue ready profile=de993c35 revision=0
07-21 20:09:59.983 15386 17471 I MediaCodecLogger: 15386.HW.video.avc.bitrateInKbps = 4486
07-21 20:10:00.127 15386 17482 I MediaCodecLogger: 15386.SW.audio.mp4a.bitrateInKbps = 94
07-21 20:10:01.590 15386 15386 I SVHomeLoad: continue ready profile=de993c35 revision=0
07-21 20:10:05.056 15386 17471 I MediaCodecLogger: 15386.HW.video.avc.bitrateInKbps = 4160
07-21 20:10:05.180 15386 17482 I MediaCodecLogger: 15386.SW.audio.mp4a.bitrateInKbps = 94
07-21 20:10:06.635 15386 15386 I SVHomeLoad: continue ready profile=de993c35 revision=0
07-21 20:10:07.013 15386 15403 I vision.svplaye: Background concurrent copying GC freed 207318(5MB) AllocSpace objects, 1(20KB) LOS objects, 12% free, 40MB/46MB, paused 167us total 295.838ms
07-21 20:10:10.109 15386 17471 I MediaCodecLogger: 15386.HW.video.avc.bitrateInKbps = 5152
07-21 20:10:10.240 15386 17482 I MediaCodecLogger: 15386.SW.audio.mp4a.bitrateInKbps = 94
07-21 20:10:11.644 15386 15386 I SVHomeLoad: continue ready profile=de993c35 revision=0
07-21 20:10:15.143 15386 17471 I MediaCodecLogger: 15386.HW.video.avc.bitrateInKbps = 4545
07-21 20:10:15.286 15386 17482 I MediaCodecLogger: 15386.SW.audio.mp4a.bitrateInKbps = 93
07-21 20:10:16.649 15386 15386 I SVHomeLoad: continue ready profile=de993c35 revision=0
07-21 20:10:20.185 15386 17471 I MediaCodecLogger: 15386.HW.video.avc.bitrateInKbps = 4671
07-21 20:10:20.330 15386 17482 I MediaCodecLogger: 15386.SW.audio.mp4a.bitrateInKbps = 93
07-21 20:10:21.663 15386 15386 I SVHomeLoad: continue ready profile=de993c35 revision=0
07-21 20:10:22.027 15386 15403 I vision.svplaye: Background concurrent copying GC freed 195800(5MB) AllocSpace objects, 0(0B) LOS objects, 12% free, 41MB/47MB, paused 167us total 289.784ms
07-21 20:10:25.221 15386 17471 I MediaCodecLogger: 15386.HW.video.avc.bitrateInKbps = 4460
07-21 20:10:25.344 15386 17482 I MediaCodecLogger: 15386.SW.audio.mp4a.bitrateInKbps = 93
07-21 20:10:26.677 15386 15386 I SVHomeLoad: continue ready profile=de993c35 revision=0
07-21 20:10:30.261 15386 17471 I MediaCodecLogger: 15386.HW.video.avc.bitrateInKbps = 5709
07-21 20:10:30.445 15386 17482 I MediaCodecLogger: 15386.SW.audio.mp4a.bitrateInKbps = 94
07-21 20:10:31.727 15386 15386 I SVHomeLoad: continue ready profile=de993c35 revision=0
07-21 20:10:35.299 15386 17471 I MediaCodecLogger: 15386.HW.video.avc.bitrateInKbps = 4290
07-21 20:10:35.498 15386 17482 I MediaCodecLogger: 15386.SW.audio.mp4a.bitrateInKbps = 93
07-21 20:10:36.718 15386 15386 I SVHomeLoad: continue ready profile=de993c35 revision=0
07-21 20:10:37.075 15386 15403 I vision.svplaye: Background concurrent copying GC freed 214592(6MB) AllocSpace objects, 1(20KB) LOS objects, 12% free, 41MB/47MB, paused 164us total 277.284ms
07-21 20:10:40.381 15386 17471 I MediaCodecLogger: 15386.HW.video.avc.bitrateInKbps = 4504
07-21 20:10:40.512 15386 17482 I MediaCodecLogger: 15386.SW.audio.mp4a.bitrateInKbps = 93
07-21 20:10:41.761 15386 15386 I SVHomeLoad: continue ready profile=de993c35 revision=0
07-21 20:10:45.429 15386 17471 I MediaCodecLogger: 15386.HW.video.avc.bitrateInKbps = 3985
07-21 20:10:45.554 15386 17482 I MediaCodecLogger: 15386.SW.audio.mp4a.bitrateInKbps = 93
07-21 20:10:46.765 15386 15386 I SVHomeLoad: continue ready profile=de993c35 revision=0
07-21 20:10:50.503 15386 17471 I MediaCodecLogger: 15386.HW.video.avc.bitrateInKbps = 3626
07-21 20:10:50.555 15386 17482 I MediaCodecLogger: 15386.SW.audio.mp4a.bitrateInKbps = 93
07-21 20:10:51.791 15386 15386 I SVHomeLoad: continue ready profile=de993c35 revision=0
07-21 20:10:52.143 15386 15403 I vision.svplaye: Background concurrent copying GC freed 203443(5MB) AllocSpace objects, 0(0B) LOS objects, 12% free, 41MB/47MB, paused 175us total 276.067ms
07-21 20:10:55.541 15386 17471 I MediaCodecLogger: 15386.HW.video.avc.bitrateInKbps = 4938
07-21 20:10:55.613 15386 17482 I MediaCodecLogger: 15386.SW.audio.mp4a.bitrateInKbps = 94
07-21 20:10:56.814 15386 15386 I SVHomeLoad: continue ready profile=de993c35 revision=0
07-21 20:11:00.625 15386 17471 I MediaCodecLogger: 15386.HW.video.avc.bitrateInKbps = 4255
07-21 20:11:00.665 15386 17482 I MediaCodecLogger: 15386.SW.audio.mp4a.bitrateInKbps = 94
07-21 20:11:01.825 15386 15386 I SVHomeLoad: continue ready profile=de993c35 revision=0
07-21 20:11:05.664 15386 17471 I MediaCodecLogger: 15386.HW.video.avc.bitrateInKbps = 4150
07-21 20:11:05.726 15386 17482 I MediaCodecLogger: 15386.SW.audio.mp4a.bitrateInKbps = 94
07-21 20:11:06.838 15386 15386 I SVHomeLoad: continue ready profile=de993c35 revision=0
07-21 20:11:08.101 15386 15403 I vision.svplaye: Background concurrent copying GC freed 214873(6MB) AllocSpace objects, 0(0B) LOS objects, 12% free, 40MB/46MB, paused 172us total 285.397ms
07-21 20:11:10.706 15386 17471 I MediaCodecLogger: 15386.HW.video.avc.bitrateInKbps = 5591
07-21 20:11:10.828 15386 17482 I MediaCodecLogger: 15386.SW.audio.mp4a.bitrateInKbps = 94
07-21 20:11:11.860 15386 15386 I SVHomeLoad: continue ready profile=de993c35 revision=0
07-21 20:11:15.742 15386 17471 I MediaCodecLogger: 15386.HW.video.avc.bitrateInKbps = 5283
07-21 20:11:15.885 15386 17482 I MediaCodecLogger: 15386.SW.audio.mp4a.bitrateInKbps = 93
07-21 20:11:16.896 15386 15386 I SVHomeLoad: continue ready profile=de993c35 revision=0
07-21 20:11:20.818 15386 17471 I MediaCodecLogger: 15386.HW.video.avc.bitrateInKbps = 3990
07-21 20:11:20.899 15386 17482 I MediaCodecLogger: 15386.SW.audio.mp4a.bitrateInKbps = 94
07-21 20:11:21.923 15386 15386 I SVHomeLoad: continue ready profile=de993c35 revision=0
07-21 20:11:22.278 15386 15403 I vision.svplaye: Background concurrent copying GC freed 200876(5MB) AllocSpace objects, 1(20KB) LOS objects, 12% free, 41MB/47MB, paused 168us total 279.661ms
07-21 20:11:25.869 15386 17471 I MediaCodecLogger: 15386.HW.video.avc.bitrateInKbps = 4400
07-21 20:11:25.943 15386 17482 I MediaCodecLogger: 15386.SW.audio.mp4a.bitrateInKbps = 94
07-21 20:11:26.937 15386 15386 I SVHomeLoad: continue ready profile=de993c35 revision=0
07-21 20:11:30.908 15386 17471 I MediaCodecLogger: 15386.HW.video.avc.bitrateInKbps = 3598
07-21 20:11:30.990 15386 17482 I MediaCodecLogger: 15386.SW.audio.mp4a.bitrateInKbps = 93
07-21 20:11:31.935 15386 15386 I SVHomeLoad: continue ready profile=de993c35 revision=0
07-21 20:11:32.855 15386 17471 I MediaCodec: [OMX.MTK.VIDEO.DECODER.AVC] setting surface generation to 15755268
07-21 20:11:33.001 15386 15386 I SVStartup: state localReady=true checking=false activated=true playableSource=true route=live_tv
07-21 20:11:33.581 15386 15403 I vision.svplaye: NativeAlloc concurrent copying GC freed 151694(4MB) AllocSpace objects, 4(208KB) LOS objects, 12% free, 42MB/48MB, paused 1.797ms total 367.909ms
07-21 20:11:33.699 15386 15386 I SVHomeLoad: continue ready profile=de993c35 revision=0
07-21 20:11:35.019 15386 15386 I Choreographer: Skipped 36 frames!  The application may be doing too much work on its main thread.
07-21 20:11:35.061 15386 17471 I MediaCodec: [OMX.MTK.VIDEO.DECODER.AVC] setting surface generation to 15755269
07-21 20:11:35.067 15386 17471 I MediaCodecLogger: the latest buffer is 2222 old with packageName com.smartvision.svplayer. Possible resume detected
07-21 20:11:35.068 15386 17471 I MediaCodecLogger: 15386.HW.video.avc Dropped 60 frames
07-21 20:11:35.104 15386 15403 I vision.svplaye: Background concurrent copying GC freed 148826(5MB) AllocSpace objects, 2(48KB) LOS objects, 12% free, 42MB/48MB, paused 170us total 337.070ms
07-21 20:11:35.942 15386 17471 I MediaCodecLogger: W.mcfd54.15386.HW.video.avc.bitrateInKbps = 4809
07-21 20:11:36.037 15386 17482 I MediaCodecLogger: 15386.SW.audio.mp4a.bitrateInKbps = 93
07-21 20:11:37.003 15386 15403 I vision.svplaye: Background concurrent copying GC freed 189903(6MB) AllocSpace objects, 0(0B) LOS objects, 12% free, 43MB/49MB, paused 198us total 379.612ms
07-21 20:11:38.774 15386 15403 I vision.svplaye: Background concurrent copying GC freed 216851(6MB) AllocSpace objects, 0(0B) LOS objects, 12% free, 43MB/49MB, paused 276us total 347.056ms
07-21 20:11:40.328 15386 15403 I vision.svplaye: Background concurrent copying GC freed 214492(6MB) AllocSpace objects, 0(0B) LOS objects, 12% free, 43MB/49MB, paused 278us total 316.059ms
07-21 20:11:40.984 15386 17471 I MediaCodecLogger: W.mcfd54.15386.HW.video.avc.bitrateInKbps = 5841
07-21 20:11:41.096 15386 17482 I MediaCodecLogger: 15386.SW.audio.mp4a.bitrateInKbps = 93
07-21 20:11:41.893 15386 15403 I vision.svplaye: Background concurrent copying GC freed 217307(6MB) AllocSpace objects, 0(0B) LOS objects, 12% free, 43MB/49MB, paused 234us total 318.305ms
07-21 20:11:43.463 15386 15403 I vision.svplaye: Background concurrent copying GC freed 217180(6MB) AllocSpace objects, 0(0B) LOS objects, 12% free, 43MB/49MB, paused 196us total 351.069ms
07-21 20:11:44.999 15386 15403 I vision.svplaye: Background concurrent copying GC freed 220619(6MB) AllocSpace objects, 0(0B) LOS objects, 12% free, 43MB/49MB, paused 214us total 313.618ms
07-21 20:11:46.022 15386 17471 I MediaCodecLogger: W.mcfd54.15386.HW.video.avc.bitrateInKbps = 4191
07-21 20:11:46.153 15386 17482 I MediaCodecLogger: 15386.SW.audio.mp4a.bitrateInKbps = 93
07-21 20:11:46.566 15386 15403 I vision.svplaye: Background concurrent copying GC freed 215613(6MB) AllocSpace objects, 0(0B) LOS objects, 12% free, 43MB/49MB, paused 185us total 318.565ms
07-21 20:11:48.100 15386 15403 I vision.svplaye: Background concurrent copying GC freed 211354(6MB) AllocSpace objects, 0(0B) LOS objects, 12% free, 43MB/49MB, paused 226us total 343.774ms
07-21 20:11:49.820 15386 15403 I vision.svplaye: Background concurrent copying GC freed 218068(6MB) AllocSpace objects, 0(0B) LOS objects, 12% free, 43MB/49MB, paused 307us total 363.885ms
07-21 20:11:51.057 15386 17471 I MediaCodecLogger: W.mcfd54.15386.HW.video.avc.bitrateInKbps = 4630
07-21 20:11:51.167 15386 17482 I MediaCodecLogger: 15386.SW.audio.mp4a.bitrateInKbps = 93
07-21 20:11:51.394 15386 15403 I vision.svplaye: Background concurrent copying GC freed 211375(6MB) AllocSpace objects, 1(20KB) LOS objects, 12% free, 43MB/49MB, paused 412us total 319.248ms
07-21 20:11:52.957 15386 15403 I vision.svplaye: Background concurrent copying GC freed 211006(6MB) AllocSpace objects, 0(0B) LOS objects, 12% free, 43MB/49MB, paused 171us total 311.085ms
07-21 20:11:54.505 15386 15403 I vision.svplaye: Background concurrent copying GC freed 212760(6MB) AllocSpace objects, 0(0B) LOS objects, 12% free, 43MB/49MB, paused 169us total 307.774ms
07-21 20:11:56.092 15386 15403 I vision.svplaye: Background concurrent copying GC freed 207909(6MB) AllocSpace objects, 0(0B) LOS objects, 12% free, 43MB/49MB, paused 167us total 332.318ms
07-21 20:11:56.097 15386 17471 I MediaCodecLogger: W.mcfd54.15386.HW.video.avc.bitrateInKbps = 4784
07-21 20:11:56.210 15386 17482 I MediaCodecLogger: 15386.SW.audio.mp4a.bitrateInKbps = 94
07-21 20:11:57.355 15386 15415 I vision.svplaye: Waiting for a blocking GC ProfileSaver
07-21 20:11:57.677 15386 15403 I vision.svplaye: Background concurrent copying GC freed 212216(6MB) AllocSpace objects, 0(0B) LOS objects, 12% free, 43MB/49MB, paused 290us total 321.676ms
07-21 20:11:57.677 15386 15415 I vision.svplaye: WaitForGcToComplete blocked ProfileSaver on HeapTrim for 321.898ms
07-21 20:11:59.704 15386 15403 I vision.svplaye: Background concurrent copying GC freed 212834(6MB) AllocSpace objects, 0(0B) LOS objects, 12% free, 43MB/49MB, paused 224us total 351.419ms
07-21 20:12:01.134 15386 17471 I MediaCodecLogger: W.mcfd54.15386.HW.video.avc.bitrateInKbps = 4033
07-21 20:12:01.217 15386 17482 I MediaCodecLogger: 15386.SW.audio.mp4a.bitrateInKbps = 93
07-21 20:12:01.593 15386 15403 I vision.svplaye: Background concurrent copying GC freed 208291(6MB) AllocSpace objects, 0(0B) LOS objects, 12% free, 43MB/49MB, paused 190us total 308.185ms
07-21 20:12:03.291 15386 15403 I vision.svplaye: Background concurrent copying GC freed 210604(6MB) AllocSpace objects, 0(0B) LOS objects, 12% free, 43MB/49MB, paused 238us total 323.921ms
07-21 20:12:05.029 15386 15403 I vision.svplaye: Background concurrent copying GC freed 214222(6MB) AllocSpace objects, 0(0B) LOS objects, 12% free, 43MB/49MB, paused 186us total 312.775ms
07-21 20:12:06.226 15386 17471 I MediaCodecLogger: W.mcfd54.15386.HW.video.avc.bitrateInKbps = 4521
07-21 20:12:06.268 15386 17482 I MediaCodecLogger: 15386.SW.audio.mp4a.bitrateInKbps = 94
07-21 20:12:06.627 15386 15403 I vision.svplaye: Background concurrent copying GC freed 211843(6MB) AllocSpace objects, 0(0B) LOS objects, 12% free, 43MB/49MB, paused 195us total 343.634ms
07-21 20:12:08.463 15386 15403 I vision.svplaye: Background concurrent copying GC freed 214705(6MB) AllocSpace objects, 0(0B) LOS objects, 12% free, 43MB/49MB, paused 211us total 382.872ms
07-21 20:12:10.167 15386 15403 I vision.svplaye: Background concurrent copying GC freed 214949(6MB) AllocSpace objects, 0(0B) LOS objects, 12% free, 43MB/49MB, paused 205us total 334.116ms
07-21 20:12:11.267 15386 17471 I MediaCodecLogger: W.mcfd54.15386.HW.video.avc.bitrateInKbps = 3856
07-21 20:12:11.319 15386 17482 I MediaCodecLogger: 15386.SW.audio.mp4a.bitrateInKbps = 93
07-21 20:12:11.762 15386 15403 I vision.svplaye: Background concurrent copying GC freed 213139(6MB) AllocSpace objects, 0(0B) LOS objects, 12% free, 43MB/49MB, paused 160us total 321.162ms
07-21 20:12:13.350 15386 15403 I vision.svplaye: Background concurrent copying GC freed 212551(6MB) AllocSpace objects, 0(0B) LOS objects, 12% free, 43MB/49MB, paused 165us total 329.587ms
07-21 20:12:15.433 15386 15403 I vision.svplaye: Background concurrent copying GC freed 211213(6MB) AllocSpace objects, 0(0B) LOS objects, 12% free, 43MB/49MB, paused 208us total 536.420ms
07-21 20:12:16.304 15386 17471 I MediaCodecLogger: W.mcfd54.15386.HW.video.avc.bitrateInKbps = 5585
07-21 20:12:16.359 15386 17482 I MediaCodecLogger: 15386.SW.audio.mp4a.bitrateInKbps = 93
07-21 20:12:16.371 15386 16020 W AmazonKeyEventLogging: remote_perf key event latency detected [Source: ViewRootImpl, KeyCode: KEYCODE_XXXX, IsDown: 1, Repeat: 0, EventTime: 13893954, Latency: 229, DeviceId: -1, AppPackage: com.smartvision.svplayer]
07-21 20:12:16.418 15386 16020 W AmazonKeyEventLogging: remote_perf key event latency detected [Source: ViewRootImpl, KeyCode: KEYCODE_XXXX, IsDown: 0, Repeat: 0, EventTime: 13893954, Latency: 275, DeviceId: -1, AppPackage: com.smartvision.svplayer]
07-21 20:12:17.694 15386 15403 I vision.svplaye: Background concurrent copying GC freed 216578(6MB) AllocSpace objects, 0(0B) LOS objects, 12% free, 43MB/49MB, paused 260us total 327.660ms
07-21 20:12:19.294 15386 15403 I vision.svplaye: Background concurrent copying GC freed 230557(7MB) AllocSpace objects, 0(0B) LOS objects, 12% free, 42MB/48MB, paused 197us total 310.496ms
07-21 20:12:21.088 15386 15403 I vision.svplaye: Background concurrent copying GC freed 212001(6MB) AllocSpace objects, 0(0B) LOS objects, 12% free, 42MB/48MB, paused 212us total 321.203ms
07-21 20:12:21.341 15386 17471 I MediaCodecLogger: W.mcfd54.15386.HW.video.avc.bitrateInKbps = 4026
07-21 20:12:21.363 15386 17482 I MediaCodecLogger: 15386.SW.audio.mp4a.bitrateInKbps = 93
07-21 20:12:22.704 15386 15403 I vision.svplaye: Background concurrent copying GC freed 201383(6MB) AllocSpace objects, 0(0B) LOS objects, 12% free, 42MB/48MB, paused 179us total 292.413ms
07-21 20:12:24.468 15386 15403 I vision.svplaye: Background concurrent copying GC freed 209732(6MB) AllocSpace objects, 0(0B) LOS objects, 12% free, 42MB/48MB, paused 191us total 294.860ms
07-21 20:12:26.381 15386 17471 I MediaCodecLogger: W.mcfd54.15386.HW.video.avc.bitrateInKbps = 4663
07-21 20:12:26.405 15386 17482 I MediaCodecLogger: 15386.SW.audio.mp4a.bitrateInKbps = 93
07-21 20:12:26.467 15386 15403 I vision.svplaye: Background concurrent copying GC freed 194797(6MB) AllocSpace objects, 0(0B) LOS objects, 12% free, 42MB/48MB, paused 334us total 329.491ms
07-21 20:12:28.029 15386 15403 I vision.svplaye: Background concurrent copying GC freed 215850(6MB) AllocSpace objects, 0(0B) LOS objects, 12% free, 42MB/48MB, paused 183us total 310.557ms
07-21 20:12:29.880 15386 15403 I vision.svplaye: Background concurrent copying GC freed 207581(6MB) AllocSpace objects, 0(0B) LOS objects, 12% free, 42MB/48MB, paused 213us total 478.355ms
07-21 20:12:29.990 15386 16020 W AmazonKeyEventLogging: remote_perf key event latency detected [Source: ViewRootImpl, KeyCode: KEYCODE_XXXX, IsDown: 0, Repeat: 0, EventTime: 13907581, Latency: 221, DeviceId: -1, AppPackage: com.smartvision.svplayer]
07-21 20:12:31.422 15386 17471 I MediaCodecLogger: W.mcfd54.15386.HW.video.avc.bitrateInKbps = 4350
07-21 20:12:31.457 15386 17482 I MediaCodecLogger: 15386.SW.audio.mp4a.bitrateInKbps = 93
07-21 20:12:31.492 15386 15403 I vision.svplaye: Background concurrent copying GC freed 212852(6MB) AllocSpace objects, 0(0B) LOS objects, 12% free, 42MB/48MB, paused 203us total 320.225ms
07-21 20:12:33.156 15386 15403 I vision.svplaye: Background concurrent copying GC freed 212250(6MB) AllocSpace objects, 0(0B) LOS objects, 12% free, 42MB/48MB, paused 201us total 319.076ms
07-21 20:12:34.933 15386 15403 I vision.svplaye: Background concurrent copying GC freed 209372(6MB) AllocSpace objects, 0(0B) LOS objects, 12% free, 42MB/48MB, paused 259us total 298.689ms
07-21 20:12:36.482 15386 17482 I MediaCodecLogger: 15386.SW.audio.mp4a.bitrateInKbps = 93
07-21 20:12:36.501 15386 17471 I MediaCodecLogger: W.mcfd54.15386.HW.video.avc.bitrateInKbps = 3463
07-21 20:12:36.527 15386 15403 I vision.svplaye: Background concurrent copying GC freed 215557(6MB) AllocSpace objects, 0(0B) LOS objects, 12% free, 42MB/48MB, paused 172us total 312.131ms
07-21 20:12:38.932 15386 15403 I vision.svplaye: Background concurrent copying GC freed 225917(6MB) AllocSpace objects, 0(0B) LOS objects, 12% free, 42MB/48MB, paused 286us total 697.974ms
07-21 20:12:41.039 15386 15403 I vision.svplaye: Background concurrent copying GC freed 227036(7MB) AllocSpace objects, 0(0B) LOS objects, 12% free, 42MB/48MB, paused 311us total 369.353ms
07-21 20:12:41.551 15386 17471 I MediaCodecLogger: W.mcfd54.15386.HW.video.avc.bitrateInKbps = 4199
07-21 20:12:41.552 15386 17482 I MediaCodecLogger: 15386.SW.audio.mp4a.bitrateInKbps = 93
07-21 20:12:42.826 15386 15403 I vision.svplaye: Background concurrent copying GC freed 212269(6MB) AllocSpace objects, 0(0B) LOS objects, 12% free, 42MB/48MB, paused 526us total 335.200ms
07-21 20:12:44.533 15386 15403 I vision.svplaye: Background concurrent copying GC freed 215201(6MB) AllocSpace objects, 0(0B) LOS objects, 12% free, 42MB/48MB, paused 262us total 343.118ms
07-21 20:12:46.086 15386 15403 I vision.svplaye: Background concurrent copying GC freed 216360(6MB) AllocSpace objects, 0(0B) LOS objects, 12% free, 42MB/48MB, paused 193us total 300.525ms
07-21 20:12:46.563 15386 17482 I MediaCodecLogger: 15386.SW.audio.mp4a.bitrateInKbps = 94
07-21 20:12:46.583 15386 17471 I MediaCodecLogger: W.mcfd54.15386.HW.video.avc.bitrateInKbps = 4620
07-21 20:12:47.831 15386 15403 I vision.svplaye: Background concurrent copying GC freed 215252(6MB) AllocSpace objects, 0(0B) LOS objects, 12% free, 42MB/48MB, paused 209us total 377.916ms
07-21 20:12:49.463 15386 15403 I vision.svplaye: Background concurrent copying GC freed 216664(6MB) AllocSpace objects, 0(0B) LOS objects, 12% free, 42MB/48MB, paused 190us total 302.320ms
07-21 20:12:51.011 15386 15403 I vision.svplaye: Background concurrent copying GC freed 214783(6MB) AllocSpace objects, 0(0B) LOS objects, 12% free, 42MB/48MB, paused 530us total 292.395ms
07-21 20:12:51.612 15386 17482 I MediaCodecLogger: 15386.SW.audio.mp4a.bitrateInKbps = 93
07-21 20:12:51.622 15386 17471 I MediaCodecLogger: W.mcfd54.15386.HW.video.avc.bitrateInKbps = 4372
07-21 20:12:52.597 15386 15403 I vision.svplaye: Background concurrent copying GC freed 211232(6MB) AllocSpace objects, 0(0B) LOS objects, 12% free, 42MB/48MB, paused 208us total 304.804ms
