--------- beginning of main
07-21 20:54:17.800 15386 22786 I CameraManagerGlobal: Connecting to camera service
07-21 20:54:17.800 15386 22786 E CameraManagerGlobal: Camera service is unavailable
07-21 20:54:18.800 15386 22786 I CameraManagerGlobal: Connecting to camera service
07-21 20:54:18.801 15386 22786 E CameraManagerGlobal: Camera service is unavailable
07-21 20:54:19.119 15386 15403 I vision.svplaye: Background concurrent copying GC freed 215388(6MB) AllocSpace objects, 0(0B) LOS objects, 19% free, 25MB/31MB, paused 211us total 282.034ms
07-21 20:54:19.801 15386 22786 I CameraManagerGlobal: Connecting to camera service
07-21 20:54:19.801 15386 22786 E CameraManagerGlobal: Camera service is unavailable
07-21 20:54:20.705 15386 15403 I vision.svplaye: Background concurrent copying GC freed 214854(6MB) AllocSpace objects, 0(0B) LOS objects, 19% free, 25MB/31MB, paused 203us total 292.742ms
07-21 20:54:20.802 15386 22786 I CameraManagerGlobal: Connecting to camera service
07-21 20:54:20.802 15386 22786 E CameraManagerGlobal: Camera service is unavailable
07-21 20:54:21.802 15386 22786 I CameraManagerGlobal: Connecting to camera service
07-21 20:54:21.803 15386 22786 E CameraManagerGlobal: Camera service is unavailable
07-21 20:54:22.337 15386 15403 I vision.svplaye: Background concurrent copying GC freed 216591(6MB) AllocSpace objects, 0(0B) LOS objects, 19% free, 25MB/31MB, paused 193us total 309.963ms
07-21 20:54:22.803 15386 22786 I CameraManagerGlobal: Connecting to camera service
07-21 20:54:22.803 15386 22786 E CameraManagerGlobal: Camera service is unavailable
07-21 20:54:23.804 15386 22786 I CameraManagerGlobal: Connecting to camera service
07-21 20:54:23.804 15386 22786 E CameraManagerGlobal: Camera service is unavailable
07-21 20:54:23.959 15386 15403 I vision.svplaye: Background concurrent copying GC freed 209698(6MB) AllocSpace objects, 1(20KB) LOS objects, 19% free, 25MB/31MB, paused 180us total 281.795ms
07-21 20:54:24.805 15386 22786 I CameraManagerGlobal: Connecting to camera service
07-21 20:54:24.806 15386 22786 E CameraManagerGlobal: Camera service is unavailable
07-21 20:54:25.611 15386 15403 I vision.svplaye: Background concurrent copying GC freed 212026(6MB) AllocSpace objects, 0(0B) LOS objects, 19% free, 25MB/31MB, paused 201us total 277.141ms
07-21 20:54:25.806 15386 22786 I CameraManagerGlobal: Connecting to camera service
07-21 20:54:25.807 15386 22786 E CameraManagerGlobal: Camera service is unavailable
07-21 20:54:26.807 15386 22786 I CameraManagerGlobal: Connecting to camera service
07-21 20:54:26.808 15386 22786 E CameraManagerGlobal: Camera service is unavailable
07-21 20:54:27.264 15386 15403 I vision.svplaye: Background concurrent copying GC freed 210651(6MB) AllocSpace objects, 0(0B) LOS objects, 19% free, 25MB/31MB, paused 178us total 278.879ms
07-21 20:54:27.808 15386 22786 I CameraManagerGlobal: Connecting to camera service
07-21 20:54:27.809 15386 22786 E CameraManagerGlobal: Camera service is unavailable
07-21 20:54:28.809 15386 22786 I CameraManagerGlobal: Connecting to camera service
07-21 20:54:28.811 15386 22786 E CameraManagerGlobal: Camera service is unavailable
07-21 20:54:28.909 15386 15403 I vision.svplaye: Background concurrent copying GC freed 210675(6MB) AllocSpace objects, 0(0B) LOS objects, 19% free, 25MB/31MB, paused 189us total 277.214ms
07-21 20:54:29.811 15386 22786 I CameraManagerGlobal: Connecting to camera service
07-21 20:54:29.812 15386 22786 E CameraManagerGlobal: Camera service is unavailable
07-21 20:54:30.567 15386 15403 I vision.svplaye: Background concurrent copying GC freed 212019(6MB) AllocSpace objects, 0(0B) LOS objects, 19% free, 25MB/31MB, paused 186us total 280.593ms
07-21 20:54:30.812 15386 22786 I CameraManagerGlobal: Connecting to camera service
07-21 20:54:30.812 15386 22786 E CameraManagerGlobal: Camera service is unavailable
07-21 20:54:31.812 15386 22786 I CameraManagerGlobal: Connecting to camera service
07-21 20:54:31.813 15386 22786 E CameraManagerGlobal: Camera service is unavailable
07-21 20:54:32.201 15386 15403 I vision.svplaye: Background concurrent copying GC freed 209899(6MB) AllocSpace objects, 0(0B) LOS objects, 19% free, 25MB/31MB, paused 191us total 274.693ms
07-21 20:54:32.813 15386 22786 I CameraManagerGlobal: Connecting to camera service
07-21 20:54:32.813 15386 22786 E CameraManagerGlobal: Camera service is unavailable
07-21 20:54:33.814 15386 22786 I CameraManagerGlobal: Connecting to camera service
07-21 20:54:33.814 15386 22786 E CameraManagerGlobal: Camera service is unavailable
07-21 20:54:33.867 15386 15403 I vision.svplaye: Background concurrent copying GC freed 209534(6MB) AllocSpace objects, 0(0B) LOS objects, 19% free, 25MB/31MB, paused 195us total 296.198ms
07-21 20:54:34.814 15386 22786 I CameraManagerGlobal: Connecting to camera service
07-21 20:54:34.815 15386 22786 E CameraManagerGlobal: Camera service is unavailable
07-21 20:54:35.542 15386 15403 I vision.svplaye: Background concurrent copying GC freed 215708(6MB) AllocSpace objects, 0(0B) LOS objects, 19% free, 25MB/31MB, paused 220us total 289.523ms
07-21 20:54:35.815 15386 22786 I CameraManagerGlobal: Connecting to camera service
07-21 20:54:35.815 15386 22786 E CameraManagerGlobal: Camera service is unavailable
07-21 20:54:36.815 15386 22786 I CameraManagerGlobal: Connecting to camera service
07-21 20:54:36.816 15386 22786 E CameraManagerGlobal: Camera service is unavailable
07-21 20:54:37.194 15386 15403 I vision.svplaye: Background concurrent copying GC freed 211103(6MB) AllocSpace objects, 0(0B) LOS objects, 19% free, 25MB/31MB, paused 203us total 289.333ms
07-21 20:54:37.816 15386 22786 I CameraManagerGlobal: Connecting to camera service
07-21 20:54:37.816 15386 22786 E CameraManagerGlobal: Camera service is unavailable
07-21 20:54:38.817 15386 22786 I CameraManagerGlobal: Connecting to camera service
07-21 20:54:38.817 15386 22786 E CameraManagerGlobal: Camera service is unavailable
07-21 20:54:38.848 15386 15403 I vision.svplaye: Background concurrent copying GC freed 211384(6MB) AllocSpace objects, 0(0B) LOS objects, 19% free, 25MB/31MB, paused 224us total 292.136ms
07-21 20:54:39.817 15386 22786 I CameraManagerGlobal: Connecting to camera service
07-21 20:54:39.818 15386 22786 E CameraManagerGlobal: Camera service is unavailable
07-21 20:54:40.545 15386 15403 I vision.svplaye: Background concurrent copying GC freed 214674(6MB) AllocSpace objects, 0(0B) LOS objects, 19% free, 25MB/31MB, paused 330us total 297.576ms
07-21 20:54:40.818 15386 22786 I CameraManagerGlobal: Connecting to camera service
07-21 20:54:40.819 15386 22786 E CameraManagerGlobal: Camera service is unavailable
07-21 20:54:41.819 15386 22786 I CameraManagerGlobal: Connecting to camera service
07-21 20:54:41.819 15386 22786 E CameraManagerGlobal: Camera service is unavailable
07-21 20:54:42.196 15386 15403 I vision.svplaye: Background concurrent copying GC freed 211144(6MB) AllocSpace objects, 0(0B) LOS objects, 19% free, 25MB/31MB, paused 216us total 285.287ms
07-21 20:54:42.820 15386 22786 I CameraManagerGlobal: Connecting to camera service
07-21 20:54:42.820 15386 22786 E CameraManagerGlobal: Camera service is unavailable
07-21 20:54:43.820 15386 22786 I CameraManagerGlobal: Connecting to camera service
07-21 20:54:43.821 15386 22786 E CameraManagerGlobal: Camera service is unavailable
07-21 20:54:43.837 15386 15403 I vision.svplaye: Background concurrent copying GC freed 210905(6MB) AllocSpace objects, 0(0B) LOS objects, 19% free, 25MB/31MB, paused 213us total 276.659ms
07-21 20:54:44.821 15386 22786 I CameraManagerGlobal: Connecting to camera service
07-21 20:54:44.821 15386 22786 E CameraManagerGlobal: Camera service is unavailable
07-21 20:54:45.485 15386 15403 I vision.svplaye: Background concurrent copying GC freed 211671(6MB) AllocSpace objects, 0(0B) LOS objects, 19% free, 25MB/31MB, paused 214us total 273.729ms
07-21 20:54:45.821 15386 22786 I CameraManagerGlobal: Connecting to camera service
07-21 20:54:45.822 15386 22786 E CameraManagerGlobal: Camera service is unavailable
07-21 20:54:46.822 15386 22786 I CameraManagerGlobal: Connecting to camera service
07-21 20:54:46.823 15386 22786 E CameraManagerGlobal: Camera service is unavailable
07-21 20:54:46.977 15386 15415 I vision.svplaye: Waiting for a blocking GC ProfileSaver
07-21 20:54:47.103 15386 15403 I vision.svplaye: Background concurrent copying GC freed 208397(6MB) AllocSpace objects, 0(0B) LOS objects, 19% free, 25MB/31MB, paused 204us total 284.077ms
07-21 20:54:47.105 15386 15415 I vision.svplaye: WaitForGcToComplete blocked ProfileSaver on HeapTrim for 127.130ms
07-21 20:54:47.823 15386 22786 I CameraManagerGlobal: Connecting to camera service
07-21 20:54:47.823 15386 22786 E CameraManagerGlobal: Camera service is unavailable
07-21 20:54:48.824 15386 22786 I CameraManagerGlobal: Connecting to camera service
07-21 20:54:48.824 15386 22786 E CameraManagerGlobal: Camera service is unavailable
07-21 20:54:48.828 15386 15403 I vision.svplaye: Background concurrent copying GC freed 208968(6MB) AllocSpace objects, 0(0B) LOS objects, 19% free, 25MB/31MB, paused 190us total 312.229ms
07-21 20:54:49.826 15386 22786 I CameraManagerGlobal: Connecting to camera service
07-21 20:54:49.826 15386 22786 E CameraManagerGlobal: Camera service is unavailable
07-21 20:54:50.599 15386 15403 I vision.svplaye: Background concurrent copying GC freed 207195(6MB) AllocSpace objects, 0(0B) LOS objects, 19% free, 25MB/31MB, paused 221us total 308.645ms
07-21 20:54:50.826 15386 22786 I CameraManagerGlobal: Connecting to camera service
07-21 20:54:50.827 15386 22786 E CameraManagerGlobal: Camera service is unavailable
07-21 20:54:51.827 15386 22786 I CameraManagerGlobal: Connecting to camera service
07-21 20:54:51.828 15386 22786 E CameraManagerGlobal: Camera service is unavailable
07-21 20:54:52.250 15386 15403 I vision.svplaye: Background concurrent copying GC freed 208351(6MB) AllocSpace objects, 0(0B) LOS objects, 19% free, 25MB/31MB, paused 218us total 282.542ms
07-21 20:54:52.828 15386 22786 I CameraManagerGlobal: Connecting to camera service
07-21 20:54:52.828 15386 22786 E CameraManagerGlobal: Camera service is unavailable
07-21 20:54:53.828 15386 15403 I vision.svplaye: Background concurrent copying GC freed 214566(6MB) AllocSpace objects, 0(0B) LOS objects, 19% free, 25MB/31MB, paused 190us total 280.817ms
07-21 20:54:53.828 15386 22786 I CameraManagerGlobal: Connecting to camera service
07-21 20:54:53.829 15386 22786 E CameraManagerGlobal: Camera service is unavailable
07-21 20:54:54.829 15386 22786 I CameraManagerGlobal: Connecting to camera service
07-21 20:54:54.829 15386 22786 E CameraManagerGlobal: Camera service is unavailable
07-21 20:54:55.418 15386 15403 I vision.svplaye: Background concurrent copying GC freed 212619(6MB) AllocSpace objects, 0(0B) LOS objects, 19% free, 25MB/31MB, paused 189us total 292.020ms
07-21 20:54:55.830 15386 22786 I CameraManagerGlobal: Connecting to camera service
07-21 20:54:55.830 15386 22786 E CameraManagerGlobal: Camera service is unavailable
07-21 20:54:56.830 15386 22786 I CameraManagerGlobal: Connecting to camera service
07-21 20:54:56.831 15386 22786 E CameraManagerGlobal: Camera service is unavailable
07-21 20:54:56.995 15386 15403 I vision.svplaye: Background concurrent copying GC freed 216851(6MB) AllocSpace objects, 0(0B) LOS objects, 19% free, 25MB/31MB, paused 207us total 286.998ms
07-21 20:54:57.831 15386 22786 I CameraManagerGlobal: Connecting to camera service
07-21 20:54:57.832 15386 22786 E CameraManagerGlobal: Camera service is unavailable
07-21 20:54:58.616 15386 15403 I vision.svplaye: Background concurrent copying GC freed 215995(6MB) AllocSpace objects, 0(0B) LOS objects, 19% free, 25MB/31MB, paused 227us total 294.711ms
07-21 20:54:58.832 15386 22786 I CameraManagerGlobal: Connecting to camera service
07-21 20:54:58.832 15386 22786 E CameraManagerGlobal: Camera service is unavailable
07-21 20:54:59.832 15386 22786 I CameraManagerGlobal: Connecting to camera service
07-21 20:54:59.833 15386 22786 E CameraManagerGlobal: Camera service is unavailable
07-21 20:55:00.194 15386 15403 I vision.svplaye: Background concurrent copying GC freed 217275(6MB) AllocSpace objects, 0(0B) LOS objects, 19% free, 25MB/31MB, paused 184us total 289.961ms
07-21 20:55:00.833 15386 22786 I CameraManagerGlobal: Connecting to camera service
07-21 20:55:00.833 15386 22786 E CameraManagerGlobal: Camera service is unavailable
07-21 20:55:01.773 15386 15403 I vision.svplaye: Background concurrent copying GC freed 214898(6MB) AllocSpace objects, 0(0B) LOS objects, 19% free, 25MB/31MB, paused 188us total 286.823ms
07-21 20:55:01.834 15386 22786 I CameraManagerGlobal: Connecting to camera service
07-21 20:55:01.835 15386 22786 E CameraManagerGlobal: Camera service is unavailable
07-21 20:55:02.835 15386 22786 I CameraManagerGlobal: Connecting to camera service
07-21 20:55:02.835 15386 22786 E CameraManagerGlobal: Camera service is unavailable
07-21 20:55:03.419 15386 15403 I vision.svplaye: Background concurrent copying GC freed 211061(6MB) AllocSpace objects, 1(20KB) LOS objects, 19% free, 25MB/31MB, paused 178us total 299.025ms
07-21 20:55:03.836 15386 22786 I CameraManagerGlobal: Connecting to camera service
07-21 20:55:03.836 15386 22786 E CameraManagerGlobal: Camera service is unavailable
07-21 20:55:04.836 15386 22786 I CameraManagerGlobal: Connecting to camera service
07-21 20:55:04.837 15386 22786 E CameraManagerGlobal: Camera service is unavailable
07-21 20:55:05.095 15386 15403 I vision.svplaye: Background concurrent copying GC freed 214465(6MB) AllocSpace objects, 0(0B) LOS objects, 19% free, 25MB/31MB, paused 223us total 285.636ms
07-21 20:55:05.837 15386 22786 I CameraManagerGlobal: Connecting to camera service
07-21 20:55:05.837 15386 22786 E CameraManagerGlobal: Camera service is unavailable
07-21 20:55:06.766 15386 15403 I vision.svplaye: Background concurrent copying GC freed 210849(6MB) AllocSpace objects, 0(0B) LOS objects, 19% free, 25MB/31MB, paused 197us total 291.345ms
07-21 20:55:06.838 15386 22786 I CameraManagerGlobal: Connecting to camera service
07-21 20:55:06.838 15386 22786 E CameraManagerGlobal: Camera service is unavailable
07-21 20:55:07.838 15386 22786 I CameraManagerGlobal: Connecting to camera service
07-21 20:55:07.839 15386 22786 E CameraManagerGlobal: Camera service is unavailable
07-21 20:55:08.418 15386 15403 I vision.svplaye: Background concurrent copying GC freed 213023(6MB) AllocSpace objects, 0(0B) LOS objects, 19% free, 25MB/31MB, paused 221us total 275.972ms
07-21 20:55:08.839 15386 22786 I CameraManagerGlobal: Connecting to camera service
07-21 20:55:08.840 15386 22786 E CameraManagerGlobal: Camera service is unavailable
07-21 20:55:09.840 15386 22786 I CameraManagerGlobal: Connecting to camera service
07-21 20:55:09.840 15386 22786 E CameraManagerGlobal: Camera service is unavailable
07-21 20:55:10.067 15386 15403 I vision.svplaye: Background concurrent copying GC freed 209650(6MB) AllocSpace objects, 0(0B) LOS objects, 19% free, 25MB/31MB, paused 186us total 274.056ms
07-21 20:55:10.841 15386 22786 I CameraManagerGlobal: Connecting to camera service
07-21 20:55:10.841 15386 22786 E CameraManagerGlobal: Camera service is unavailable
07-21 20:55:11.721 15386 15403 I vision.svplaye: Background concurrent copying GC freed 209850(6MB) AllocSpace objects, 0(0B) LOS objects, 19% free, 25MB/31MB, paused 202us total 278.647ms
07-21 20:55:11.841 15386 22786 I CameraManagerGlobal: Connecting to camera service
07-21 20:55:11.842 15386 22786 E CameraManagerGlobal: Camera service is unavailable
07-21 20:55:12.843 15386 22786 I CameraManagerGlobal: Connecting to camera service
07-21 20:55:12.843 15386 22786 E CameraManagerGlobal: Camera service is unavailable
07-21 20:55:13.367 15386 15403 I vision.svplaye: Background concurrent copying GC freed 208424(6MB) AllocSpace objects, 0(0B) LOS objects, 19% free, 25MB/31MB, paused 214us total 276.798ms
07-21 20:55:13.843 15386 22786 I CameraManagerGlobal: Connecting to camera service
07-21 20:55:13.844 15386 22786 E CameraManagerGlobal: Camera service is unavailable
07-21 20:55:14.844 15386 22786 I CameraManagerGlobal: Connecting to camera service
07-21 20:55:14.844 15386 22786 E CameraManagerGlobal: Camera service is unavailable
07-21 20:55:15.034 15386 15403 I vision.svplaye: Background concurrent copying GC freed 210485(6MB) AllocSpace objects, 0(0B) LOS objects, 19% free, 25MB/31MB, paused 279us total 287.674ms
07-21 20:55:15.845 15386 22786 I CameraManagerGlobal: Connecting to camera service
07-21 20:55:15.845 15386 22786 E CameraManagerGlobal: Camera service is unavailable
07-21 20:55:16.705 15386 15403 I vision.svplaye: Background concurrent copying GC freed 211313(6MB) AllocSpace objects, 0(0B) LOS objects, 19% free, 25MB/31MB, paused 192us total 292.093ms
07-21 20:55:16.845 15386 22786 I CameraManagerGlobal: Connecting to camera service
07-21 20:55:16.846 15386 22786 E CameraManagerGlobal: Camera service is unavailable
07-21 20:55:17.846 15386 22786 I CameraManagerGlobal: Connecting to camera service
07-21 20:55:17.847 15386 22786 E CameraManagerGlobal: Camera service is unavailable
07-21 20:55:18.352 15386 15403 I vision.svplaye: Background concurrent copying GC freed 210864(6MB) AllocSpace objects, 0(0B) LOS objects, 19% free, 25MB/31MB, paused 204us total 282.055ms
07-21 20:55:18.847 15386 22786 I CameraManagerGlobal: Connecting to camera service
07-21 20:55:18.847 15386 22786 E CameraManagerGlobal: Camera service is unavailable
07-21 20:55:19.848 15386 22786 I CameraManagerGlobal: Connecting to camera service
07-21 20:55:19.848 15386 22786 E CameraManagerGlobal: Camera service is unavailable
07-21 20:55:20.004 15386 15403 I vision.svplaye: Background concurrent copying GC freed 210390(6MB) AllocSpace objects, 0(0B) LOS objects, 19% free, 25MB/31MB, paused 219us total 275.580ms
07-21 20:55:20.848 15386 22786 I CameraManagerGlobal: Connecting to camera service
07-21 20:55:20.849 15386 22786 E CameraManagerGlobal: Camera service is unavailable
07-21 20:55:21.674 15386 15403 I vision.svplaye: Background concurrent copying GC freed 211478(6MB) AllocSpace objects, 0(0B) LOS objects, 19% free, 25MB/31MB, paused 189us total 281.375ms
07-21 20:55:21.849 15386 22786 I CameraManagerGlobal: Connecting to camera service
07-21 20:55:21.850 15386 22786 E CameraManagerGlobal: Camera service is unavailable
07-21 20:55:22.850 15386 22786 I CameraManagerGlobal: Connecting to camera service
07-21 20:55:22.851 15386 22786 E CameraManagerGlobal: Camera service is unavailable
07-21 20:55:23.349 15386 15403 I vision.svplaye: Background concurrent copying GC freed 211942(6MB) AllocSpace objects, 0(0B) LOS objects, 19% free, 25MB/31MB, paused 300us total 296.596ms
07-21 20:55:23.851 15386 22786 I CameraManagerGlobal: Connecting to camera service
07-21 20:55:23.852 15386 22786 E CameraManagerGlobal: Camera service is unavailable
07-21 20:55:24.852 15386 22786 I CameraManagerGlobal: Connecting to camera service
07-21 20:55:24.852 15386 22786 E CameraManagerGlobal: Camera service is unavailable
07-21 20:55:25.018 15386 15403 I vision.svplaye: Background concurrent copying GC freed 212040(6MB) AllocSpace objects, 0(0B) LOS objects, 19% free, 25MB/31MB, paused 194us total 288.941ms
07-21 20:55:25.853 15386 22786 I CameraManagerGlobal: Connecting to camera service
07-21 20:55:25.853 15386 22786 E CameraManagerGlobal: Camera service is unavailable
07-21 20:55:26.666 15386 15403 I vision.svplaye: Background concurrent copying GC freed 210291(6MB) AllocSpace objects, 0(0B) LOS objects, 19% free, 25MB/31MB, paused 391us total 278.615ms
07-21 20:55:26.853 15386 22786 I CameraManagerGlobal: Connecting to camera service
07-21 20:55:26.854 15386 22786 E CameraManagerGlobal: Camera service is unavailable
07-21 20:55:27.854 15386 22786 I CameraManagerGlobal: Connecting to camera service
07-21 20:55:27.854 15386 22786 E CameraManagerGlobal: Camera service is unavailable
07-21 20:55:28.352 15386 15403 I vision.svplaye: Background concurrent copying GC freed 212635(6MB) AllocSpace objects, 0(0B) LOS objects, 19% free, 25MB/31MB, paused 184us total 289.819ms
07-21 20:55:28.855 15386 22786 I CameraManagerGlobal: Connecting to camera service
07-21 20:55:28.855 15386 22786 E CameraManagerGlobal: Camera service is unavailable
07-21 20:55:29.855 15386 22786 I CameraManagerGlobal: Connecting to camera service
07-21 20:55:29.856 15386 22786 E CameraManagerGlobal: Camera service is unavailable
07-21 20:55:30.024 15386 15403 I vision.svplaye: Background concurrent copying GC freed 212535(6MB) AllocSpace objects, 0(0B) LOS objects, 19% free, 25MB/31MB, paused 185us total 291.080ms
07-21 20:55:30.856 15386 22786 I CameraManagerGlobal: Connecting to camera service
07-21 20:55:30.857 15386 22786 E CameraManagerGlobal: Camera service is unavailable
07-21 20:55:31.668 15386 15403 I vision.svplaye: Background concurrent copying GC freed 209114(6MB) AllocSpace objects, 0(0B) LOS objects, 19% free, 25MB/31MB, paused 179us total 291.193ms
07-21 20:55:31.857 15386 22786 I CameraManagerGlobal: Connecting to camera service
07-21 20:55:31.857 15386 22786 E CameraManagerGlobal: Camera service is unavailable
07-21 20:55:32.857 15386 22786 I CameraManagerGlobal: Connecting to camera service
07-21 20:55:32.858 15386 22786 E CameraManagerGlobal: Camera service is unavailable
07-21 20:55:33.322 15386 15403 I vision.svplaye: Background concurrent copying GC freed 212576(6MB) AllocSpace objects, 0(0B) LOS objects, 19% free, 25MB/31MB, paused 205us total 283.607ms
07-21 20:55:33.859 15386 22786 I CameraManagerGlobal: Connecting to camera service
07-21 20:55:33.859 15386 22786 E CameraManagerGlobal: Camera service is unavailable
07-21 20:55:34.859 15386 22786 I CameraManagerGlobal: Connecting to camera service
07-21 20:55:34.860 15386 22786 E CameraManagerGlobal: Camera service is unavailable
07-21 20:55:35.008 15386 15403 I vision.svplaye: Background concurrent copying GC freed 209986(6MB) AllocSpace objects, 0(0B) LOS objects, 19% free, 25MB/31MB, paused 244us total 288.483ms
07-21 20:55:35.860 15386 22786 I CameraManagerGlobal: Connecting to camera service
07-21 20:55:35.861 15386 22786 E CameraManagerGlobal: Camera service is unavailable
07-21 20:55:36.635 15386 16020 W AmazonKeyEventLogging: remote_perf key event latency detected [Source: ViewRootImpl, KeyCode: KEYCODE_XXXX, IsDown: 0, Repeat: 0, EventTime: 16494207, Latency: 241, DeviceId: -1, AppPackage: com.smartvision.svplayer]
07-21 20:55:36.722 15386 15403 I vision.svplaye: Background concurrent copying GC freed 211766(6MB) AllocSpace objects, 0(0B) LOS objects, 19% free, 24MB/30MB, paused 203us total 330.807ms
07-21 20:55:36.861 15386 22786 I CameraManagerGlobal: Connecting to camera service
07-21 20:55:36.861 15386 22786 E CameraManagerGlobal: Camera service is unavailable
07-21 20:55:37.862 15386 22786 I CameraManagerGlobal: Connecting to camera service
07-21 20:55:37.863 15386 22786 E CameraManagerGlobal: Camera service is unavailable
07-21 20:55:38.863 15386 22786 I CameraManagerGlobal: Connecting to camera service
07-21 20:55:38.864 15386 22786 E CameraManagerGlobal: Camera service is unavailable
07-21 20:55:38.909 15386 15403 I vision.svplaye: Background concurrent copying GC freed 187935(6MB) AllocSpace objects, 0(0B) LOS objects, 18% free, 25MB/31MB, paused 236us total 417.744ms
07-21 20:55:39.864 15386 22786 I CameraManagerGlobal: Connecting to camera service
07-21 20:55:39.865 15386 22786 E CameraManagerGlobal: Camera service is unavailable
07-21 20:55:40.866 15386 22786 I CameraManagerGlobal: Connecting to camera service
07-21 20:55:40.866 15386 22786 E CameraManagerGlobal: Camera service is unavailable
07-21 20:55:40.910 15386 15403 I vision.svplaye: Background concurrent copying GC freed 216667(6MB) AllocSpace objects, 0(0B) LOS objects, 19% free, 25MB/31MB, paused 557us total 329.421ms
07-21 20:55:41.866 15386 22786 I CameraManagerGlobal: Connecting to camera service
07-21 20:55:41.867 15386 22786 E CameraManagerGlobal: Camera service is unavailable
07-21 20:55:42.583 15386 15403 I vision.svplaye: Background concurrent copying GC freed 208833(6MB) AllocSpace objects, 0(0B) LOS objects, 19% free, 25MB/31MB, paused 174us total 288.622ms
07-21 20:55:42.868 15386 22786 I CameraManagerGlobal: Connecting to camera service
07-21 20:55:42.868 15386 22786 E CameraManagerGlobal: Camera service is unavailable
07-21 20:55:43.868 15386 22786 I CameraManagerGlobal: Connecting to camera service
07-21 20:55:43.868 15386 22786 E CameraManagerGlobal: Camera service is unavailable
07-21 20:55:44.185 15386 15403 I vision.svplaye: Background concurrent copying GC freed 213635(6MB) AllocSpace objects, 0(0B) LOS objects, 18% free, 25MB/31MB, paused 186us total 304.546ms
07-21 20:55:44.869 15386 22786 I CameraManagerGlobal: Connecting to camera service
07-21 20:55:44.869 15386 22786 E CameraManagerGlobal: Camera service is unavailable
07-21 20:55:45.767 15386 15403 I vision.svplaye: Background concurrent copying GC freed 217573(6MB) AllocSpace objects, 0(0B) LOS objects, 19% free, 25MB/31MB, paused 211us total 284.512ms
07-21 20:55:45.869 15386 22786 I CameraManagerGlobal: Connecting to camera service
07-21 20:55:45.870 15386 22786 E CameraManagerGlobal: Camera service is unavailable
07-21 20:55:46.870 15386 22786 I CameraManagerGlobal: Connecting to camera service
07-21 20:55:46.871 15386 22786 E CameraManagerGlobal: Camera service is unavailable
07-21 20:55:47.338 15386 15403 I vision.svplaye: Background concurrent copying GC freed 214486(6MB) AllocSpace objects, 0(0B) LOS objects, 18% free, 25MB/31MB, paused 219us total 278.251ms
07-21 20:55:47.871 15386 22786 I CameraManagerGlobal: Connecting to camera service
07-21 20:55:47.871 15386 22786 E CameraManagerGlobal: Camera service is unavailable
07-21 20:55:48.872 15386 22786 I CameraManagerGlobal: Connecting to camera service
07-21 20:55:48.873 15386 22786 E CameraManagerGlobal: Camera service is unavailable
07-21 20:55:48.922 15386 15403 I vision.svplaye: Background concurrent copying GC freed 215492(6MB) AllocSpace objects, 0(0B) LOS objects, 18% free, 25MB/31MB, paused 286us total 286.388ms
07-21 20:55:49.873 15386 22786 I CameraManagerGlobal: Connecting to camera service
07-21 20:55:49.873 15386 22786 E CameraManagerGlobal: Camera service is unavailable
07-21 20:55:50.499 15386 15403 I vision.svplaye: Background concurrent copying GC freed 215867(6MB) AllocSpace objects, 0(0B) LOS objects, 19% free, 25MB/31MB, paused 219us total 281.891ms
07-21 20:55:50.873 15386 22786 I CameraManagerGlobal: Connecting to camera service
07-21 20:55:50.874 15386 22786 E CameraManagerGlobal: Camera service is unavailable
07-21 20:55:51.874 15386 22786 I CameraManagerGlobal: Connecting to camera service
07-21 20:55:51.875 15386 22786 E CameraManagerGlobal: Camera service is unavailable
07-21 20:55:52.112 15386 15403 I vision.svplaye: Background concurrent copying GC freed 215354(6MB) AllocSpace objects, 0(0B) LOS objects, 19% free, 25MB/31MB, paused 202us total 307.897ms
