--------- beginning of main
07-15 00:44:45.445 17906 23460 I chatty  : uid=10247(com.smartvision.svplayer) expire 2 lines
07-15 00:44:45.455 17906 23460 E FrameEvents: updateAcquireFence: Did not find frame.
07-15 00:44:45.458 17906 17957 E libc    : Access denied finding property "vendor.dpframework.log.enable"
07-15 00:44:45.459 17906 17957 I chatty  : uid=10247(com.smartvision.svplayer) RenderThread identical 16 lines
07-15 00:44:45.459 17906 17957 E libc    : Access denied finding property "vendor.dpframework.log.enable"
07-15 00:44:45.459 17906 17957 E libc    : Access denied finding property "vendor.dpframework.dumpbuffer.checksum"
07-15 00:44:45.459 17906 17957 E libc    : Access denied finding property "vendor.dpframework.dumpbuffer.enable"
07-15 00:44:45.496 17906 23460 E FrameEvents: updateAcquireFence: Did not find frame.
07-15 00:44:45.596 17906 23460 I chatty  : uid=10247(com.smartvision.svplayer) identical 4 lines
07-15 00:44:45.606 17906 23460 E FrameEvents: updateAcquireFence: Did not find frame.
07-15 00:44:45.619 17906 17957 E libc    : Access denied finding property "vendor.dpframework.log.enable"
07-15 00:44:45.620 17906 17957 I chatty  : uid=10247(com.smartvision.svplayer) RenderThread identical 16 lines
07-15 00:44:45.620 17906 17957 E libc    : Access denied finding property "vendor.dpframework.log.enable"
07-15 00:44:45.620 17906 17957 E libc    : Access denied finding property "vendor.dpframework.dumpbuffer.checksum"
07-15 00:44:45.620 17906 17957 E libc    : Access denied finding property "vendor.dpframework.dumpbuffer.enable"
07-15 00:44:45.646 17906 23460 E FrameEvents: updateAcquireFence: Did not find frame.
07-15 00:44:45.738 17906 23460 I chatty  : uid=10247(com.smartvision.svplayer) identical 4 lines
07-15 00:44:45.758 17906 23460 E FrameEvents: updateAcquireFence: Did not find frame.
07-15 00:44:45.780 17906 17957 E libc    : Access denied finding property "vendor.dpframework.log.enable"
07-15 00:44:45.782 17906 17957 I chatty  : uid=10247(com.smartvision.svplayer) RenderThread identical 16 lines
07-15 00:44:45.782 17906 17957 E libc    : Access denied finding property "vendor.dpframework.log.enable"
07-15 00:44:45.782 17906 17957 E libc    : Access denied finding property "vendor.dpframework.dumpbuffer.checksum"
07-15 00:44:45.782 17906 17957 E libc    : Access denied finding property "vendor.dpframework.dumpbuffer.enable"
07-15 00:44:45.789 17906 23460 E FrameEvents: updateAcquireFence: Did not find frame.
07-15 00:44:45.840 17906 23460 I chatty  : uid=10247(com.smartvision.svplayer) identical 2 lines
07-15 00:44:45.860 17906 23460 E FrameEvents: updateAcquireFence: Did not find frame.
07-15 00:44:45.887 17906 17957 E libc    : Access denied finding property "vendor.dpframework.log.enable"
07-15 00:44:45.889 17906 17957 I chatty  : uid=10247(com.smartvision.svplayer) RenderThread identical 16 lines
07-15 00:44:45.889 17906 17957 E libc    : Access denied finding property "vendor.dpframework.log.enable"
07-15 00:44:45.889 17906 17957 E libc    : Access denied finding property "vendor.dpframework.dumpbuffer.checksum"
07-15 00:44:45.889 17906 17957 E libc    : Access denied finding property "vendor.dpframework.dumpbuffer.enable"
07-15 00:44:45.891 17906 23460 E FrameEvents: updateAcquireFence: Did not find frame.
07-15 00:44:45.891 17906 17957 E libc    : Access denied finding property "vendor.dpframework.log.enable"
07-15 00:44:45.893 17906 17957 I chatty  : uid=10247(com.smartvision.svplayer) RenderThread identical 16 lines
07-15 00:44:45.893 17906 17957 E libc    : Access denied finding property "vendor.dpframework.log.enable"
07-15 00:44:45.893 17906 17957 E libc    : Access denied finding property "vendor.dpframework.dumpbuffer.checksum"
07-15 00:44:45.893 17906 17957 E libc    : Access denied finding property "vendor.dpframework.dumpbuffer.enable"
07-15 00:44:45.912 17906 23460 E FrameEvents: updateAcquireFence: Did not find frame.
07-15 00:44:45.961 17906 23460 I chatty  : uid=10247(com.smartvision.svplayer) identical 2 lines
07-15 00:44:45.992 17906 23460 E FrameEvents: updateAcquireFence: Did not find frame.
07-15 00:44:45.995 17906 17957 E libc    : Access denied finding property "vendor.dpframework.log.enable"
07-15 00:44:45.997 17906 17957 I chatty  : uid=10247(com.smartvision.svplayer) RenderThread identical 16 lines
07-15 00:44:45.997 17906 17957 E libc    : Access denied finding property "vendor.dpframework.log.enable"
07-15 00:44:45.997 17906 17957 E libc    : Access denied finding property "vendor.dpframework.dumpbuffer.checksum"
07-15 00:44:45.997 17906 17957 E libc    : Access denied finding property "vendor.dpframework.dumpbuffer.enable"
07-15 00:44:46.013 17906 23460 E FrameEvents: updateAcquireFence: Did not find frame.
07-15 00:44:46.043 17906 23460 E FrameEvents: updateAcquireFence: Did not find frame.
07-15 00:44:46.043 17906 17906 W RenderThread: type=1400 audit(0.0:53409): avc: denied { open } for path="/dev/__properties__/u:object_r:vendor_default_prop:s0" dev="tmpfs" ino=10686 scontext=u:r:untrusted_app:s0:c247,c256,c512,c768 tcontext=u:object_r:vendor_default_prop:s0 tclass=file permissive=0
07-15 00:44:46.049 17906 17957 E libc    : Access denied finding property "vendor.dpframework.log.enable"
07-15 00:44:46.043 17906 17906 W RenderThread: type=1400 audit(0.0:53410): avc: denied { open } for path="/dev/__properties__/u:object_r:vendor_default_prop:s0" dev="tmpfs" ino=10686 scontext=u:r:untrusted_app:s0:c247,c256,c512,c768 tcontext=u:object_r:vendor_default_prop:s0 tclass=file permissive=0
07-15 00:44:46.043 17906 17906 I chatty  : uid=10247(com.smartvision.svplayer) identical 2 lines
07-15 00:44:46.043 17906 17906 W RenderThread: type=1400 audit(0.0:53413): avc: denied { open } for path="/dev/__properties__/u:object_r:vendor_default_prop:s0" dev="tmpfs" ino=10686 scontext=u:r:untrusted_app:s0:c247,c256,c512,c768 tcontext=u:object_r:vendor_default_prop:s0 tclass=file permissive=0
07-15 00:44:46.050 17906 17957 E libc    : Access denied finding property "vendor.dpframework.log.enable"
07-15 00:44:46.053 17906 17957 I chatty  : uid=10247(com.smartvision.svplayer) RenderThread identical 15 lines
07-15 00:44:46.053 17906 17957 E libc    : Access denied finding property "vendor.dpframework.log.enable"
07-15 00:44:46.053 17906 17957 E libc    : Access denied finding property "vendor.dpframework.dumpbuffer.checksum"
07-15 00:44:46.053 17906 17957 E libc    : Access denied finding property "vendor.dpframework.dumpbuffer.enable"
07-15 00:44:46.064 17906 23460 E FrameEvents: updateAcquireFence: Did not find frame.
07-15 00:44:46.094 17906 23460 E FrameEvents: updateAcquireFence: Did not find frame.
07-15 00:44:46.102 17906 17957 E libc    : Access denied finding property "vendor.dpframework.log.enable"
07-15 00:44:46.104 17906 17957 I chatty  : uid=10247(com.smartvision.svplayer) RenderThread identical 16 lines
07-15 00:44:46.104 17906 17957 E libc    : Access denied finding property "vendor.dpframework.log.enable"
07-15 00:44:46.104 17906 17957 E libc    : Access denied finding property "vendor.dpframework.dumpbuffer.checksum"
07-15 00:44:46.104 17906 17957 E libc    : Access denied finding property "vendor.dpframework.dumpbuffer.enable"
07-15 00:44:46.115 17906 23460 E FrameEvents: updateAcquireFence: Did not find frame.
07-15 00:44:46.145 17906 23460 E FrameEvents: updateAcquireFence: Did not find frame.
07-15 00:44:46.156 17906 17957 E libc    : Access denied finding property "vendor.dpframework.log.enable"
07-15 00:44:46.157 17906 17957 I chatty  : uid=10247(com.smartvision.svplayer) RenderThread identical 16 lines
07-15 00:44:46.158 17906 17957 E libc    : Access denied finding property "vendor.dpframework.log.enable"
07-15 00:44:46.158 17906 17957 E libc    : Access denied finding property "vendor.dpframework.dumpbuffer.checksum"
07-15 00:44:46.158 17906 17957 E libc    : Access denied finding property "vendor.dpframework.dumpbuffer.enable"
07-15 00:44:46.165 17906 23460 E FrameEvents: updateAcquireFence: Did not find frame.
07-15 00:44:46.194 17906 23460 E FrameEvents: updateAcquireFence: Did not find frame.
07-15 00:44:46.209 17906 17957 E libc    : Access denied finding property "vendor.dpframework.log.enable"
07-15 00:44:46.211 17906 17957 I chatty  : uid=10247(com.smartvision.svplayer) RenderThread identical 16 lines
07-15 00:44:46.211 17906 17957 E libc    : Access denied finding property "vendor.dpframework.log.enable"
07-15 00:44:46.211 17906 17957 E libc    : Access denied finding property "vendor.dpframework.dumpbuffer.checksum"
07-15 00:44:46.211 17906 17957 E libc    : Access denied finding property "vendor.dpframework.dumpbuffer.enable"
07-15 00:44:46.215 17906 23460 E FrameEvents: updateAcquireFence: Did not find frame.
07-15 00:44:46.245 17906 23460 E FrameEvents: updateAcquireFence: Did not find frame.
07-15 00:44:46.263 17906 17957 E libc    : Access denied finding property "vendor.dpframework.log.enable"
07-15 00:44:46.265 17906 17957 I chatty  : uid=10247(com.smartvision.svplayer) RenderThread identical 16 lines
07-15 00:44:46.265 17906 17957 E libc    : Access denied finding property "vendor.dpframework.log.enable"
07-15 00:44:46.265 17906 17957 E libc    : Access denied finding property "vendor.dpframework.dumpbuffer.checksum"
07-15 00:44:46.265 17906 17957 E libc    : Access denied finding property "vendor.dpframework.dumpbuffer.enable"
07-15 00:44:46.266 17906 23460 E FrameEvents: updateAcquireFence: Did not find frame.
07-15 00:44:46.267 17906 17957 E libc    : Access denied finding property "vendor.dpframework.log.enable"
07-15 00:44:46.268 17906 17957 I chatty  : uid=10247(com.smartvision.svplayer) RenderThread identical 16 lines
07-15 00:44:46.268 17906 17957 E libc    : Access denied finding property "vendor.dpframework.log.enable"
07-15 00:44:46.268 17906 17957 E libc    : Access denied finding property "vendor.dpframework.dumpbuffer.checksum"
07-15 00:44:46.268 17906 17957 E libc    : Access denied finding property "vendor.dpframework.dumpbuffer.enable"
07-15 00:44:46.295 17906 23460 E FrameEvents: updateAcquireFence: Did not find frame.
07-15 00:44:46.315 17906 23460 E FrameEvents: updateAcquireFence: Did not find frame.
07-15 00:44:46.317 17906 17957 E libc    : Access denied finding property "vendor.dpframework.log.enable"
07-15 00:44:46.318 17906 17957 I chatty  : uid=10247(com.smartvision.svplayer) RenderThread identical 16 lines
07-15 00:44:46.318 17906 17957 E libc    : Access denied finding property "vendor.dpframework.log.enable"
07-15 00:44:46.320 17906 17957 E libc    : Access denied finding property "vendor.dpframework.dumpbuffer.checksum"
07-15 00:44:46.320 17906 17957 E libc    : Access denied finding property "vendor.dpframework.dumpbuffer.enable"
07-15 00:44:46.345 17906 23460 E FrameEvents: updateAcquireFence: Did not find frame.
07-15 00:44:46.365 17906 23460 E FrameEvents: updateAcquireFence: Did not find frame.
07-15 00:44:46.370 17906 17957 E libc    : Access denied finding property "vendor.dpframework.log.enable"
07-15 00:44:46.372 17906 17957 I chatty  : uid=10247(com.smartvision.svplayer) RenderThread identical 16 lines
07-15 00:44:46.372 17906 17957 E libc    : Access denied finding property "vendor.dpframework.log.enable"
07-15 00:44:46.372 17906 17957 E libc    : Access denied finding property "vendor.dpframework.dumpbuffer.checksum"
07-15 00:44:46.372 17906 17957 E libc    : Access denied finding property "vendor.dpframework.dumpbuffer.enable"
07-15 00:44:46.396 17906 23459 I MediaCodecLogger: 17906.HW.video.avc Dropped 430 frames
07-15 00:44:46.396 17906 23460 E FrameEvents: updateAcquireFence: Did not find frame.
07-15 00:44:46.407 17906 23460 E FrameEvents: updateAcquireFence: Did not find frame.
07-15 00:44:46.424 17906 17957 E libc    : Access denied finding property "vendor.dpframework.log.enable"
07-15 00:44:46.426 17906 17957 I chatty  : uid=10247(com.smartvision.svplayer) RenderThread identical 16 lines
07-15 00:44:46.426 17906 17957 E libc    : Access denied finding property "vendor.dpframework.log.enable"
07-15 00:44:46.426 17906 17957 E libc    : Access denied finding property "vendor.dpframework.dumpbuffer.checksum"
07-15 00:44:46.426 17906 17957 E libc    : Access denied finding property "vendor.dpframework.dumpbuffer.enable"
07-15 00:44:46.447 17906 23460 E FrameEvents: updateAcquireFence: Did not find frame.
07-15 00:44:46.457 17906 23460 E FrameEvents: updateAcquireFence: Did not find frame.
07-15 00:44:46.478 17906 17957 E libc    : Access denied finding property "vendor.dpframework.log.enable"
07-15 00:44:46.479 17906 17957 I chatty  : uid=10247(com.smartvision.svplayer) RenderThread identical 16 lines
07-15 00:44:46.479 17906 17957 E libc    : Access denied finding property "vendor.dpframework.log.enable"
07-15 00:44:46.480 17906 17957 E libc    : Access denied finding property "vendor.dpframework.dumpbuffer.checksum"
07-15 00:44:46.480 17906 17957 E libc    : Access denied finding property "vendor.dpframework.dumpbuffer.enable"
07-15 00:44:46.500 17906 23460 E FrameEvents: updateAcquireFence: Did not find frame.
07-15 00:44:46.507 17906 23460 E FrameEvents: updateAcquireFence: Did not find frame.
07-15 00:44:46.531 17906 17957 E libc    : Access denied finding property "vendor.dpframework.log.enable"
07-15 00:44:46.533 17906 17957 I chatty  : uid=10247(com.smartvision.svplayer) RenderThread identical 16 lines
07-15 00:44:46.533 17906 17957 E libc    : Access denied finding property "vendor.dpframework.log.enable"
07-15 00:44:46.533 17906 17957 E libc    : Access denied finding property "vendor.dpframework.dumpbuffer.checksum"
07-15 00:44:46.533 17906 17957 E libc    : Access denied finding property "vendor.dpframework.dumpbuffer.enable"
07-15 00:44:46.549 17906 23460 E FrameEvents: updateAcquireFence: Did not find frame.
07-15 00:44:46.559 17906 23460 E FrameEvents: updateAcquireFence: Did not find frame.
07-15 00:44:46.585 17906 17957 E libc    : Access denied finding property "vendor.dpframework.log.enable"
07-15 00:44:46.587 17906 17957 I chatty  : uid=10247(com.smartvision.svplayer) RenderThread identical 16 lines
07-15 00:44:46.587 17906 17957 E libc    : Access denied finding property "vendor.dpframework.log.enable"
07-15 00:44:46.587 17906 17957 E libc    : Access denied finding property "vendor.dpframework.dumpbuffer.checksum"
07-15 00:44:46.587 17906 17957 E libc    : Access denied finding property "vendor.dpframework.dumpbuffer.enable"
07-15 00:44:46.599 17906 23460 E FrameEvents: updateAcquireFence: Did not find frame.
07-15 00:44:46.608 17906 23460 E FrameEvents: updateAcquireFence: Did not find frame.
07-15 00:44:46.638 17906 17957 E libc    : Access denied finding property "vendor.dpframework.log.enable"
07-15 00:44:46.640 17906 17957 I chatty  : uid=10247(com.smartvision.svplayer) RenderThread identical 16 lines
07-15 00:44:46.640 17906 17957 E libc    : Access denied finding property "vendor.dpframework.log.enable"
07-15 00:44:46.640 17906 17957 E libc    : Access denied finding property "vendor.dpframework.dumpbuffer.checksum"
07-15 00:44:46.640 17906 17957 E libc    : Access denied finding property "vendor.dpframework.dumpbuffer.enable"
07-15 00:44:46.649 17906 23460 E FrameEvents: updateAcquireFence: Did not find frame.
07-15 00:44:46.659 17906 23460 I chatty  : uid=10247(com.smartvision.svplayer) identical 1 line
07-15 00:44:46.690 17906 23460 E FrameEvents: updateAcquireFence: Did not find frame.
07-15 00:44:46.692 17906 17957 E libc    : Access denied finding property "vendor.dpframework.log.enable"
07-15 00:44:46.693 17906 17957 I chatty  : uid=10247(com.smartvision.svplayer) RenderThread identical 16 lines
07-15 00:44:46.693 17906 17957 E libc    : Access denied finding property "vendor.dpframework.log.enable"
07-15 00:44:46.694 17906 17957 E libc    : Access denied finding property "vendor.dpframework.dumpbuffer.checksum"
07-15 00:44:46.694 17906 17957 E libc    : Access denied finding property "vendor.dpframework.dumpbuffer.enable"
07-15 00:44:46.710 17906 23460 E FrameEvents: updateAcquireFence: Did not find frame.
07-15 00:44:46.739 17906 23460 E FrameEvents: updateAcquireFence: Did not find frame.
07-15 00:44:46.746 17906 17957 E libc    : Access denied finding property "vendor.dpframework.log.enable"
07-15 00:44:46.748 17906 17957 I chatty  : uid=10247(com.smartvision.svplayer) RenderThread identical 16 lines
07-15 00:44:46.748 17906 17957 E libc    : Access denied finding property "vendor.dpframework.log.enable"
07-15 00:44:46.748 17906 17957 E libc    : Access denied finding property "vendor.dpframework.dumpbuffer.checksum"
07-15 00:44:46.748 17906 17957 E libc    : Access denied finding property "vendor.dpframework.dumpbuffer.enable"
07-15 00:44:46.760 17906 23460 E FrameEvents: updateAcquireFence: Did not find frame.
07-15 00:44:46.812 17906 23460 I chatty  : uid=10247(com.smartvision.svplayer) identical 2 lines
07-15 00:44:46.841 17906 23460 E FrameEvents: updateAcquireFence: Did not find frame.
07-15 00:44:46.855 17906 17957 E libc    : Access denied finding property "vendor.dpframework.log.enable"
07-15 00:44:46.856 17906 17957 I chatty  : uid=10247(com.smartvision.svplayer) RenderThread identical 16 lines
07-15 00:44:46.856 17906 17957 E libc    : Access denied finding property "vendor.dpframework.log.enable"
07-15 00:44:46.856 17906 17957 E libc    : Access denied finding property "vendor.dpframework.dumpbuffer.checksum"
07-15 00:44:46.856 17906 17957 E libc    : Access denied finding property "vendor.dpframework.dumpbuffer.enable"
07-15 00:44:46.862 17906 23460 E FrameEvents: updateAcquireFence: Did not find frame.
07-15 00:44:46.892 17906 23460 E FrameEvents: updateAcquireFence: Did not find frame.
07-15 00:44:46.914 17906 23459 I MediaCodecLogger: 17906.HW.video.avc.bitrateInKbps = 140
07-15 00:44:46.915 17906 23460 E FrameEvents: updateAcquireFence: Did not find frame.
07-15 00:44:46.945 17906 23460 E FrameEvents: updateAcquireFence: Did not find frame.
07-15 00:44:46.964 17906 17957 E libc    : Access denied finding property "vendor.dpframework.log.enable"
07-15 00:44:46.965 17906 17957 I chatty  : uid=10247(com.smartvision.svplayer) RenderThread identical 16 lines
07-15 00:44:46.965 17906 17957 E libc    : Access denied finding property "vendor.dpframework.log.enable"
07-15 00:44:46.965 17906 17957 E libc    : Access denied finding property "vendor.dpframework.dumpbuffer.checksum"
07-15 00:44:46.965 17906 17957 E libc    : Access denied finding property "vendor.dpframework.dumpbuffer.enable"
07-15 00:44:46.967 17906 17957 E libc    : Access denied finding property "vendor.dpframework.log.enable"
07-15 00:44:46.969 17906 17957 I chatty  : uid=10247(com.smartvision.svplayer) RenderThread identical 16 lines
07-15 00:44:46.969 17906 17957 E libc    : Access denied finding property "vendor.dpframework.log.enable"
07-15 00:44:46.969 17906 17957 E libc    : Access denied finding property "vendor.dpframework.dumpbuffer.checksum"
07-15 00:44:46.969 17906 17957 E libc    : Access denied finding property "vendor.dpframework.dumpbuffer.enable"
07-15 00:44:46.971 17906 23460 E FrameEvents: updateAcquireFence: Did not find frame.
07-15 00:44:46.975 17906 17920 I vision.svplaye: Background concurrent copying GC freed 182401(6MB) AllocSpace objects, 0(0B) LOS objects, 22% free, 20MB/26MB, paused 185us total 222.838ms
07-15 00:44:46.997 17906 23460 E FrameEvents: updateAcquireFence: Did not find frame.
07-15 00:44:47.046 17906 23460 I chatty  : uid=10247(com.smartvision.svplayer) identical 2 lines
07-15 00:44:47.056 17906 23460 E FrameEvents: updateAcquireFence: Did not find frame.
07-15 00:44:47.063 17906 17906 W RenderThread: type=1400 audit(0.0:53769): avc: denied { open } for path="/dev/__properties__/u:object_r:vendor_default_prop:s0" dev="tmpfs" ino=10686 scontext=u:r:untrusted_app:s0:c247,c256,c512,c768 tcontext=u:object_r:vendor_default_prop:s0 tclass=file permissive=0
07-15 00:44:47.072 17906 17957 E libc    : Access denied finding property "vendor.dpframework.log.enable"
07-15 00:44:47.072 17906 17957 I chatty  : uid=10247(com.smartvision.svplayer) RenderThread identical 3 lines
07-15 00:44:47.072 17906 17957 E libc    : Access denied finding property "vendor.dpframework.log.enable"
07-15 00:44:47.063 17906 17906 W RenderThread: type=1400 audit(0.0:53770): avc: denied { open } for path="/dev/__properties__/u:object_r:vendor_default_prop:s0" dev="tmpfs" ino=10686 scontext=u:r:untrusted_app:s0:c247,c256,c512,c768 tcontext=u:object_r:vendor_default_prop:s0 tclass=file permissive=0
07-15 00:44:47.072 17906 17957 E libc    : Access denied finding property "vendor.dpframework.log.enable"
07-15 00:44:47.072 17906 17957 E libc    : Access denied finding property "vendor.dpframework.log.enable"
07-15 00:44:47.063 17906 17906 W RenderThread: type=1400 audit(0.0:53771): avc: denied { open } for path="/dev/__properties__/u:object_r:vendor_default_prop:s0" dev="tmpfs" ino=10686 scontext=u:r:untrusted_app:s0:c247,c256,c512,c768 tcontext=u:object_r:vendor_default_prop:s0 tclass=file permissive=0
07-15 00:44:47.072 17906 17957 E libc    : Access denied finding property "vendor.dpframework.log.enable"
07-15 00:44:47.072 17906 17957 I chatty  : uid=10247(com.smartvision.svplayer) RenderThread identical 3 lines
07-15 00:44:47.072 17906 17957 E libc    : Access denied finding property "vendor.dpframework.log.enable"
07-15 00:44:47.063 17906 17906 W RenderThread: type=1400 audit(0.0:53772): avc: denied { open } for path="/dev/__properties__/u:object_r:vendor_default_prop:s0" dev="tmpfs" ino=10686 scontext=u:r:untrusted_app:s0:c247,c256,c512,c768 tcontext=u:object_r:vendor_default_prop:s0 tclass=file permissive=0
07-15 00:44:47.063 17906 17906 W RenderThread: type=1400 audit(0.0:53773): avc: denied { open } for path="/dev/__properties__/u:object_r:vendor_default_prop:s0" dev="tmpfs" ino=10686 scontext=u:r:untrusted_app:s0:c247,c256,c512,c768 tcontext=u:object_r:vendor_default_prop:s0 tclass=file permissive=0
07-15 00:44:47.072 17906 17957 E libc    : Access denied finding property "vendor.dpframework.log.enable"
07-15 00:44:47.073 17906 17957 I chatty  : uid=10247(com.smartvision.svplayer) RenderThread identical 4 lines
07-15 00:44:47.073 17906 17957 E libc    : Access denied finding property "vendor.dpframework.log.enable"
07-15 00:44:47.073 17906 17957 E libc    : Access denied finding property "vendor.dpframework.dumpbuffer.checksum"
07-15 00:44:47.073 17906 17957 E libc    : Access denied finding property "vendor.dpframework.dumpbuffer.enable"
07-15 00:44:47.097 17906 23460 E FrameEvents: updateAcquireFence: Did not find frame.
07-15 00:44:47.106 17906 23460 E FrameEvents: updateAcquireFence: Did not find frame.
07-15 00:44:47.125 17906 17957 E libc    : Access denied finding property "vendor.dpframework.log.enable"
07-15 00:44:47.127 17906 17957 I chatty  : uid=10247(com.smartvision.svplayer) RenderThread identical 16 lines
07-15 00:44:47.127 17906 17957 E libc    : Access denied finding property "vendor.dpframework.log.enable"
07-15 00:44:47.127 17906 17957 E libc    : Access denied finding property "vendor.dpframework.dumpbuffer.checksum"
07-15 00:44:47.128 17906 17957 E libc    : Access denied finding property "vendor.dpframework.dumpbuffer.enable"
07-15 00:44:47.148 17906 23460 E FrameEvents: updateAcquireFence: Did not find frame.
07-15 00:44:47.158 17906 23460 I chatty  : uid=10247(com.smartvision.svplayer) identical 1 line
07-15 00:44:47.198 17906 23460 E FrameEvents: updateAcquireFence: Did not find frame.
07-15 00:44:47.200 17906 23468 I MediaCodecLogger: 17906.SW.audio.mp4a.bitrateInKbps = 121
07-15 00:44:47.209 17906 23460 E FrameEvents: updateAcquireFence: Did not find frame.
07-15 00:44:47.233 17906 17957 E libc    : Access denied finding property "vendor.dpframework.log.enable"
07-15 00:44:47.234 17906 17957 I chatty  : uid=10247(com.smartvision.svplayer) RenderThread identical 16 lines
07-15 00:44:47.234 17906 17957 E libc    : Access denied finding property "vendor.dpframework.log.enable"
07-15 00:44:47.234 17906 17957 E libc    : Access denied finding property "vendor.dpframework.dumpbuffer.checksum"
07-15 00:44:47.235 17906 17957 E libc    : Access denied finding property "vendor.dpframework.dumpbuffer.enable"
07-15 00:44:47.249 17906 23460 E FrameEvents: updateAcquireFence: Did not find frame.
07-15 00:44:47.258 17906 23460 E FrameEvents: updateAcquireFence: Did not find frame.
07-15 00:44:47.287 17906 17957 E libc    : Access denied finding property "vendor.dpframework.log.enable"
07-15 00:44:47.289 17906 17957 I chatty  : uid=10247(com.smartvision.svplayer) RenderThread identical 16 lines
07-15 00:44:47.289 17906 17957 E libc    : Access denied finding property "vendor.dpframework.log.enable"
07-15 00:44:47.290 17906 17957 E libc    : Access denied finding property "vendor.dpframework.dumpbuffer.checksum"
07-15 00:44:47.290 17906 17957 E libc    : Access denied finding property "vendor.dpframework.dumpbuffer.enable"
07-15 00:44:47.299 17906 23460 E FrameEvents: updateAcquireFence: Did not find frame.
07-15 00:44:47.309 17906 23460 E FrameEvents: updateAcquireFence: Did not find frame.
07-15 00:44:47.340 17906 17957 E libc    : Access denied finding property "vendor.dpframework.log.enable"
07-15 00:44:47.341 17906 17957 I chatty  : uid=10247(com.smartvision.svplayer) RenderThread identical 16 lines
07-15 00:44:47.342 17906 17957 E libc    : Access denied finding property "vendor.dpframework.log.enable"
07-15 00:44:47.342 17906 17957 E libc    : Access denied finding property "vendor.dpframework.dumpbuffer.checksum"
07-15 00:44:47.342 17906 17957 E libc    : Access denied finding property "vendor.dpframework.dumpbuffer.enable"
07-15 00:44:47.350 17906 23460 E FrameEvents: updateAcquireFence: Did not find frame.
07-15 00:44:47.360 17906 23460 E FrameEvents: updateAcquireFence: Did not find frame.
07-15 00:44:47.391 17906 23459 I MediaCodecLogger: 17906.HW.video.avc Dropped 440 frames
07-15 00:44:47.391 17906 23460 E FrameEvents: updateAcquireFence: Did not find frame.
07-15 00:44:47.394 17906 17957 E libc    : Access denied finding property "vendor.dpframework.log.enable"
07-15 00:44:47.395 17906 17957 I chatty  : uid=10247(com.smartvision.svplayer) RenderThread identical 16 lines
07-15 00:44:47.395 17906 17957 E libc    : Access denied finding property "vendor.dpframework.log.enable"
07-15 00:44:47.395 17906 17957 E libc    : Access denied finding property "vendor.dpframework.dumpbuffer.checksum"
07-15 00:44:47.395 17906 17957 E libc    : Access denied finding property "vendor.dpframework.dumpbuffer.enable"
07-15 00:44:47.413 17906 23460 E FrameEvents: updateAcquireFence: Did not find frame.
07-15 00:44:47.442 17906 23460 E FrameEvents: updateAcquireFence: Did not find frame.
07-15 00:44:47.447 17906 17957 E libc    : Access denied finding property "vendor.dpframework.log.enable"
07-15 00:44:47.449 17906 17957 I chatty  : uid=10247(com.smartvision.svplayer) RenderThread identical 16 lines
07-15 00:44:47.449 17906 17957 E libc    : Access denied finding property "vendor.dpframework.log.enable"
07-15 00:44:47.449 17906 17957 E libc    : Access denied finding property "vendor.dpframework.dumpbuffer.checksum"
07-15 00:44:47.449 17906 17957 E libc    : Access denied finding property "vendor.dpframework.dumpbuffer.enable"
07-15 00:44:47.463 17906 23460 E FrameEvents: updateAcquireFence: Did not find frame.
07-15 00:44:47.514 17906 23460 I chatty  : uid=10247(com.smartvision.svplayer) identical 2 lines
07-15 00:44:47.548 17906 23460 E FrameEvents: updateAcquireFence: Did not find frame.
07-15 00:44:47.555 17906 17957 E libc    : Access denied finding property "vendor.dpframework.log.enable"
07-15 00:44:47.556 17906 17957 I chatty  : uid=10247(com.smartvision.svplayer) RenderThread identical 16 lines
07-15 00:44:47.556 17906 17957 E libc    : Access denied finding property "vendor.dpframework.log.enable"
07-15 00:44:47.556 17906 17957 E libc    : Access denied finding property "vendor.dpframework.dumpbuffer.checksum"
07-15 00:44:47.556 17906 17957 E libc    : Access denied finding property "vendor.dpframework.dumpbuffer.enable"
07-15 00:44:47.558 17906 23460 E FrameEvents: updateAcquireFence: Did not find frame.
07-15 00:44:47.558 17906 17957 E libc    : Access denied finding property "vendor.dpframework.log.enable"
07-15 00:44:47.560 17906 17957 I chatty  : uid=10247(com.smartvision.svplayer) RenderThread identical 16 lines
07-15 00:44:47.560 17906 17957 E libc    : Access denied finding property "vendor.dpframework.log.enable"
07-15 00:44:47.560 17906 17957 E libc    : Access denied finding property "vendor.dpframework.dumpbuffer.checksum"
07-15 00:44:47.560 17906 17957 E libc    : Access denied finding property "vendor.dpframework.dumpbuffer.enable"
07-15 00:44:47.598 17906 23460 E FrameEvents: updateAcquireFence: Did not find frame.
07-15 00:44:47.648 17906 23460 I chatty  : uid=10247(com.smartvision.svplayer) identical 2 lines
07-15 00:44:47.657 17906 23460 E FrameEvents: updateAcquireFence: Did not find frame.
07-15 00:44:47.662 17906 17957 E libc    : Access denied finding property "vendor.dpframework.log.enable"
07-15 00:44:47.664 17906 17957 I chatty  : uid=10247(com.smartvision.svplayer) RenderThread identical 16 lines
07-15 00:44:47.664 17906 17957 E libc    : Access denied finding property "vendor.dpframework.log.enable"
07-15 00:44:47.664 17906 17957 E libc    : Access denied finding property "vendor.dpframework.dumpbuffer.checksum"
07-15 00:44:47.664 17906 17957 E libc    : Access denied finding property "vendor.dpframework.dumpbuffer.enable"
07-15 00:44:47.698 17906 23460 E FrameEvents: updateAcquireFence: Did not find frame.
07-15 00:44:47.708 17906 23460 E FrameEvents: updateAcquireFence: Did not find frame.
07-15 00:44:47.717 17906 17957 E libc    : Access denied finding property "vendor.dpframework.log.enable"
07-15 00:44:47.720 17906 17957 I chatty  : uid=10247(com.smartvision.svplayer) RenderThread identical 16 lines
07-15 00:44:47.720 17906 17957 E libc    : Access denied finding property "vendor.dpframework.log.enable"
07-15 00:44:47.720 17906 17957 E libc    : Access denied finding property "vendor.dpframework.dumpbuffer.checksum"
07-15 00:44:47.720 17906 17957 E libc    : Access denied finding property "vendor.dpframework.dumpbuffer.enable"
07-15 00:44:47.749 17906 23460 E FrameEvents: updateAcquireFence: Did not find frame.
07-15 00:44:47.790 17906 23460 I chatty  : uid=10247(com.smartvision.svplayer) identical 2 lines
07-15 00:44:47.811 17906 23460 E FrameEvents: updateAcquireFence: Did not find frame.
07-15 00:44:47.824 17906 17957 E libc    : Access denied finding property "vendor.dpframework.log.enable"
07-15 00:44:47.825 17906 17957 I chatty  : uid=10247(com.smartvision.svplayer) RenderThread identical 16 lines
07-15 00:44:47.826 17906 17957 E libc    : Access denied finding property "vendor.dpframework.log.enable"
07-15 00:44:47.826 17906 17957 E libc    : Access denied finding property "vendor.dpframework.dumpbuffer.checksum"
07-15 00:44:47.826 17906 17957 E libc    : Access denied finding property "vendor.dpframework.dumpbuffer.enable"
07-15 00:44:47.842 17906 23460 E FrameEvents: updateAcquireFence: Did not find frame.
07-15 00:44:47.861 17906 23460 E FrameEvents: updateAcquireFence: Did not find frame.
07-15 00:44:47.878 17906 17957 E libc    : Access denied finding property "vendor.dpframework.log.enable"
07-15 00:44:47.880 17906 17957 I chatty  : uid=10247(com.smartvision.svplayer) RenderThread identical 16 lines
07-15 00:44:47.880 17906 17957 E libc    : Access denied finding property "vendor.dpframework.log.enable"
07-15 00:44:47.880 17906 17957 E libc    : Access denied finding property "vendor.dpframework.dumpbuffer.checksum"
07-15 00:44:47.880 17906 17957 E libc    : Access denied finding property "vendor.dpframework.dumpbuffer.enable"
07-15 00:44:47.883 17906 23460 E FrameEvents: updateAcquireFence: Did not find frame.
07-15 00:44:47.884 17906 17957 E libc    : Access denied finding property "vendor.dpframework.log.enable"
07-15 00:44:47.885 17906 17957 I chatty  : uid=10247(com.smartvision.svplayer) RenderThread identical 16 lines
07-15 00:44:47.885 17906 17957 E libc    : Access denied finding property "vendor.dpframework.log.enable"
07-15 00:44:47.885 17906 17957 E libc    : Access denied finding property "vendor.dpframework.dumpbuffer.checksum"
07-15 00:44:47.885 17906 17957 E libc    : Access denied finding property "vendor.dpframework.dumpbuffer.enable"
07-15 00:44:47.913 17906 23460 E FrameEvents: updateAcquireFence: Did not find frame.
07-15 00:44:47.964 17906 23460 I chatty  : uid=10247(com.smartvision.svplayer) identical 2 lines
07-15 00:44:47.984 17906 23460 E FrameEvents: updateAcquireFence: Did not find frame.
07-15 00:44:47.987 17906 17957 E libc    : Access denied finding property "vendor.dpframework.log.enable"
07-15 00:44:47.988 17906 17957 I chatty  : uid=10247(com.smartvision.svplayer) RenderThread identical 16 lines
07-15 00:44:47.988 17906 17957 E libc    : Access denied finding property "vendor.dpframework.log.enable"
07-15 00:44:47.988 17906 17957 E libc    : Access denied finding property "vendor.dpframework.dumpbuffer.checksum"
07-15 00:44:47.988 17906 17957 E libc    : Access denied finding property "vendor.dpframework.dumpbuffer.enable"
07-15 00:44:48.014 17906 23460 E FrameEvents: updateAcquireFence: Did not find frame.
07-15 00:44:48.024 17906 23460 E FrameEvents: updateAcquireFence: Did not find frame.
07-15 00:44:48.040 17906 17957 E libc    : Access denied finding property "vendor.dpframework.log.enable"
07-15 00:44:48.042 17906 17957 I chatty  : uid=10247(com.smartvision.svplayer) RenderThread identical 16 lines
07-15 00:44:48.042 17906 17957 E libc    : Access denied finding property "vendor.dpframework.log.enable"
07-15 00:44:48.042 17906 17957 E libc    : Access denied finding property "vendor.dpframework.dumpbuffer.checksum"
07-15 00:44:48.042 17906 17957 E libc    : Access denied finding property "vendor.dpframework.dumpbuffer.enable"
07-15 00:44:48.064 17906 23460 E FrameEvents: updateAcquireFence: Did not find frame.
07-15 00:44:48.074 17906 23460 E FrameEvents: updateAcquireFence: Did not find frame.
07-15 00:44:48.116 17906 23460 E FrameEvents: updateAcquireFence: Did not find frame.
07-15 00:44:48.125 17906 23460 E FrameEvents: updateAcquireFence: Did not find frame.
07-15 00:44:48.143 17906 17906 W RenderThread: type=1400 audit(0.0:54089): avc: denied { open } for path="/dev/__properties__/u:object_r:vendor_default_prop:s0" dev="tmpfs" ino=10686 scontext=u:r:untrusted_app:s0:c247,c256,c512,c768 tcontext=u:object_r:vendor_default_prop:s0 tclass=file permissive=0
07-15 00:44:48.143 17906 17906 I chatty  : uid=10247(com.smartvision.svplayer) identical 3 lines
07-15 00:44:48.143 17906 17906 W RenderThread: type=1400 audit(0.0:54093): avc: denied { open } for path="/dev/__properties__/u:object_r:vendor_default_prop:s0" dev="tmpfs" ino=10686 scontext=u:r:untrusted_app:s0:c247,c256,c512,c768 tcontext=u:object_r:vendor_default_prop:s0 tclass=file permissive=0
07-15 00:44:48.148 17906 17957 E libc    : Access denied finding property "vendor.dpframework.log.enable"
07-15 00:44:48.149 17906 17957 I chatty  : uid=10247(com.smartvision.svplayer) RenderThread identical 16 lines
07-15 00:44:48.149 17906 17957 E libc    : Access denied finding property "vendor.dpframework.log.enable"
07-15 00:44:48.149 17906 17957 E libc    : Access denied finding property "vendor.dpframework.dumpbuffer.checksum"
07-15 00:44:48.149 17906 17957 E libc    : Access denied finding property "vendor.dpframework.dumpbuffer.enable"
07-15 00:44:48.166 17906 23460 E FrameEvents: updateAcquireFence: Did not find frame.
07-15 00:44:48.175 17906 23460 E FrameEvents: updateAcquireFence: Did not find frame.
07-15 00:44:48.202 17906 17957 E libc    : Access denied finding property "vendor.dpframework.log.enable"
07-15 00:44:48.203 17906 17957 I chatty  : uid=10247(com.smartvision.svplayer) RenderThread identical 16 lines
07-15 00:44:48.204 17906 17957 E libc    : Access denied finding property "vendor.dpframework.log.enable"
07-15 00:44:48.204 17906 17957 E libc    : Access denied finding property "vendor.dpframework.dumpbuffer.checksum"
07-15 00:44:48.204 17906 17957 E libc    : Access denied finding property "vendor.dpframework.dumpbuffer.enable"
07-15 00:44:48.217 17906 23460 E FrameEvents: updateAcquireFence: Did not find frame.
07-15 00:44:48.226 17906 23460 E FrameEvents: updateAcquireFence: Did not find frame.
07-15 00:44:48.258 17906 17957 E libc    : Access denied finding property "vendor.dpframework.log.enable"
07-15 00:44:48.260 17906 17957 I chatty  : uid=10247(com.smartvision.svplayer) RenderThread identical 16 lines
07-15 00:44:48.260 17906 17957 E libc    : Access denied finding property "vendor.dpframework.log.enable"
07-15 00:44:48.260 17906 17957 E libc    : Access denied finding property "vendor.dpframework.dumpbuffer.checksum"
07-15 00:44:48.260 17906 17957 E libc    : Access denied finding property "vendor.dpframework.dumpbuffer.enable"
07-15 00:44:48.267 17906 23460 E FrameEvents: updateAcquireFence: Did not find frame.
07-15 00:44:48.278 17906 23460 I chatty  : uid=10247(com.smartvision.svplayer) identical 1 line
07-15 00:44:48.308 17906 23460 E FrameEvents: updateAcquireFence: Did not find frame.
07-15 00:44:48.311 17906 17957 E libc    : Access denied finding property "vendor.dpframework.log.enable"
07-15 00:44:48.313 17906 17957 I chatty  : uid=10247(com.smartvision.svplayer) RenderThread identical 16 lines
07-15 00:44:48.313 17906 17957 E libc    : Access denied finding property "vendor.dpframework.log.enable"
07-15 00:44:48.313 17906 17957 E libc    : Access denied finding property "vendor.dpframework.dumpbuffer.checksum"
07-15 00:44:48.313 17906 17957 E libc    : Access denied finding property "vendor.dpframework.dumpbuffer.enable"
07-15 00:44:48.328 17906 23460 E FrameEvents: updateAcquireFence: Did not find frame.
07-15 00:44:48.357 17906 23460 E FrameEvents: updateAcquireFence: Did not find frame.
07-15 00:44:48.366 17906 17957 E libc    : Access denied finding property "vendor.dpframework.log.enable"
07-15 00:44:48.367 17906 17957 I chatty  : uid=10247(com.smartvision.svplayer) RenderThread identical 16 lines
07-15 00:44:48.367 17906 17957 E libc    : Access denied finding property "vendor.dpframework.log.enable"
07-15 00:44:48.368 17906 17957 E libc    : Access denied finding property "vendor.dpframework.dumpbuffer.checksum"
07-15 00:44:48.368 17906 17957 E libc    : Access denied finding property "vendor.dpframework.dumpbuffer.enable"
07-15 00:44:48.378 17906 23459 I MediaCodecLogger: 17906.HW.video.avc Dropped 450 frames
07-15 00:44:48.378 17906 23460 E FrameEvents: updateAcquireFence: Did not find frame.
07-15 00:44:48.408 17906 23460 E FrameEvents: updateAcquireFence: Did not find frame.
07-15 00:44:48.428 17906 23460 I chatty  : uid=10247(com.smartvision.svplayer) identical 1 line
07-15 00:44:48.458 17906 23460 E FrameEvents: updateAcquireFence: Did not find frame.
07-15 00:44:48.475 17906 17957 E libc    : Access denied finding property "vendor.dpframework.log.enable"
07-15 00:44:48.476 17906 17957 I chatty  : uid=10247(com.smartvision.svplayer) RenderThread identical 16 lines
07-15 00:44:48.476 17906 17957 E libc    : Access denied finding property "vendor.dpframework.log.enable"
07-15 00:44:48.476 17906 17957 E libc    : Access denied finding property "vendor.dpframework.dumpbuffer.checksum"
07-15 00:44:48.476 17906 17957 E libc    : Access denied finding property "vendor.dpframework.dumpbuffer.enable"
07-15 00:44:48.478 17906 23460 E FrameEvents: updateAcquireFence: Did not find frame.
07-15 00:44:48.478 17906 17957 E libc    : Access denied finding property "vendor.dpframework.log.enable"
07-15 00:44:48.480 17906 17957 I chatty  : uid=10247(com.smartvision.svplayer) RenderThread identical 16 lines
07-15 00:44:48.480 17906 17957 E libc    : Access denied finding property "vendor.dpframework.log.enable"
07-15 00:44:48.480 17906 17957 E libc    : Access denied finding property "vendor.dpframework.dumpbuffer.checksum"
07-15 00:44:48.480 17906 17957 E libc    : Access denied finding property "vendor.dpframework.dumpbuffer.enable"
07-15 00:44:48.518 17906 23460 E FrameEvents: updateAcquireFence: Did not find frame.
07-15 00:44:48.527 17906 23460 I chatty  : uid=10247(com.smartvision.svplayer) identical 1 line
07-15 00:44:48.558 17906 23460 E FrameEvents: updateAcquireFence: Did not find frame.
07-15 00:44:48.577 17906 23460 E FrameEvents: updateAcquireFence: Did not find frame.
07-15 00:44:48.584 17906 17957 E libc    : Access denied finding property "vendor.dpframework.log.enable"
07-15 00:44:48.585 17906 17957 I chatty  : uid=10247(com.smartvision.svplayer) RenderThread identical 16 lines
07-15 00:44:48.585 17906 17957 E libc    : Access denied finding property "vendor.dpframework.log.enable"
07-15 00:44:48.585 17906 17957 E libc    : Access denied finding property "vendor.dpframework.dumpbuffer.checksum"
07-15 00:44:48.585 17906 17957 E libc    : Access denied finding property "vendor.dpframework.dumpbuffer.enable"
07-15 00:44:48.592 17906 17906 I SVHomeFocus: scroll start target=trending_movies from=427 to=632 max=752
07-15 00:44:48.592 17906 17906 I SVHomeFocus: requestRowFocus target=trending_movies rowAlreadyAtFirst
07-15 00:44:48.592 17906 17906 I SVHomeFocus: requestRowFocus target=trending_movies rowScrolledToFirst
07-15 00:44:48.608 17906 23460 E FrameEvents: updateAcquireFence: Did not find frame.
07-15 00:44:48.627 17906 23460 E FrameEvents: updateAcquireFence: Did not find frame.
07-15 00:44:48.637 17906 17957 E libc    : Access denied finding property "vendor.dpframework.log.enable"
07-15 00:44:48.640 17906 17957 I chatty  : uid=10247(com.smartvision.svplayer) RenderThread identical 16 lines
07-15 00:44:48.640 17906 17957 E libc    : Access denied finding property "vendor.dpframework.log.enable"
07-15 00:44:48.640 17906 17957 E libc    : Access denied finding property "vendor.dpframework.dumpbuffer.checksum"
07-15 00:44:48.640 17906 17957 E libc    : Access denied finding property "vendor.dpframework.dumpbuffer.enable"
07-15 00:44:48.660 17906 23460 E FrameEvents: updateAcquireFence: Did not find frame.
07-15 00:44:48.710 17906 23460 I chatty  : uid=10247(com.smartvision.svplayer) identical 2 lines
07-15 00:44:48.730 17906 23460 E FrameEvents: updateAcquireFence: Did not find frame.
07-15 00:44:48.747 17906 17957 E libc    : Access denied finding property "vendor.dpframework.log.enable"
07-15 00:44:48.748 17906 17957 I chatty  : uid=10247(com.smartvision.svplayer) RenderThread identical 16 lines
07-15 00:44:48.748 17906 17957 E libc    : Access denied finding property "vendor.dpframework.log.enable"
07-15 00:44:48.748 17906 17957 E libc    : Access denied finding property "vendor.dpframework.dumpbuffer.checksum"
07-15 00:44:48.748 17906 17957 E libc    : Access denied finding property "vendor.dpframework.dumpbuffer.enable"
07-15 00:44:48.761 17906 23460 E FrameEvents: updateAcquireFence: Did not find frame.
07-15 00:44:48.781 17906 23460 E FrameEvents: updateAcquireFence: Did not find frame.
07-15 00:44:48.806 17906 17957 E libc    : Access denied finding property "vendor.dpframework.log.enable"
07-15 00:44:48.808 17906 17957 I chatty  : uid=10247(com.smartvision.svplayer) RenderThread identical 16 lines
07-15 00:44:48.808 17906 17957 E libc    : Access denied finding property "vendor.dpframework.log.enable"
07-15 00:44:48.808 17906 17957 E libc    : Access denied finding property "vendor.dpframework.dumpbuffer.checksum"
07-15 00:44:48.808 17906 17957 E libc    : Access denied finding property "vendor.dpframework.dumpbuffer.enable"
07-15 00:44:48.813 17906 23460 E FrameEvents: updateAcquireFence: Did not find frame.
07-15 00:44:48.832 17906 23460 I chatty  : uid=10247(com.smartvision.svplayer) identical 1 line
07-15 00:44:48.863 17906 23460 E FrameEvents: updateAcquireFence: Did not find frame.
07-15 00:44:48.869 17906 17957 E libc    : Access denied finding property "vendor.dpframework.log.enable"
07-15 00:44:48.871 17906 17957 I chatty  : uid=10247(com.smartvision.svplayer) RenderThread identical 16 lines
07-15 00:44:48.871 17906 17957 E libc    : Access denied finding property "vendor.dpframework.log.enable"
07-15 00:44:48.871 17906 17957 E libc    : Access denied finding property "vendor.dpframework.dumpbuffer.checksum"
07-15 00:44:48.871 17906 17957 E libc    : Access denied finding property "vendor.dpframework.dumpbuffer.enable"
07-15 00:44:48.883 17906 23460 E FrameEvents: updateAcquireFence: Did not find frame.
07-15 00:44:48.913 17906 23460 E FrameEvents: updateAcquireFence: Did not find frame.
07-15 00:44:48.925 17906 17920 I vision.svplaye: Background concurrent copying GC freed 178113(6MB) AllocSpace objects, 0(0B) LOS objects, 22% free, 20MB/26MB, paused 188us total 216.867ms
07-15 00:44:48.932 17906 17957 E libc    : Access denied finding property "vendor.dpframework.log.enable"
07-15 00:44:48.934 17906 17957 I chatty  : uid=10247(com.smartvision.svplayer) RenderThread identical 16 lines
07-15 00:44:48.934 17906 17957 E libc    : Access denied finding property "vendor.dpframework.log.enable"
07-15 00:44:48.934 17906 17957 E libc    : Access denied finding property "vendor.dpframework.dumpbuffer.checksum"
07-15 00:44:48.934 17906 23460 E FrameEvents: updateAcquireFence: Did not find frame.
07-15 00:44:48.934 17906 17957 E libc    : Access denied finding property "vendor.dpframework.dumpbuffer.enable"
07-15 00:44:48.937 17906 17957 E libc    : Access denied finding property "vendor.dpframework.log.enable"
07-15 00:44:48.938 17906 17957 I chatty  : uid=10247(com.smartvision.svplayer) RenderThread identical 16 lines
07-15 00:44:48.938 17906 17957 E libc    : Access denied finding property "vendor.dpframework.log.enable"
07-15 00:44:48.938 17906 17957 E libc    : Access denied finding property "vendor.dpframework.dumpbuffer.checksum"
07-15 00:44:48.938 17906 17957 E libc    : Access denied finding property "vendor.dpframework.dumpbuffer.enable"
07-15 00:44:48.964 17906 23460 E FrameEvents: updateAcquireFence: Did not find frame.
07-15 00:44:48.983 17906 23460 E FrameEvents: updateAcquireFence: Did not find frame.
07-15 00:44:48.994 17906 17957 E libc    : Access denied finding property "vendor.dpframework.log.enable"
07-15 00:44:48.996 17906 17957 I chatty  : uid=10247(com.smartvision.svplayer) RenderThread identical 16 lines
07-15 00:44:48.996 17906 17957 E libc    : Access denied finding property "vendor.dpframework.log.enable"
07-15 00:44:48.997 17906 17957 E libc    : Access denied finding property "vendor.dpframework.dumpbuffer.checksum"
07-15 00:44:48.997 17906 17957 E libc    : Access denied finding property "vendor.dpframework.dumpbuffer.enable"
07-15 00:44:49.000 17906 17906 I SVHomeFocus: scroll end target=trending_movies value=632
07-15 00:44:49.016 17906 23460 E FrameEvents: updateAcquireFence: Did not find frame.
07-15 00:44:49.026 17906 23460 E FrameEvents: updateAcquireFence: Did not find frame.
07-15 00:44:49.056 17906 17957 E libc    : Access denied finding property "vendor.dpframework.log.enable"
07-15 00:44:49.058 17906 17957 I chatty  : uid=10247(com.smartvision.svplayer) RenderThread identical 16 lines
07-15 00:44:49.058 17906 17957 E libc    : Access denied finding property "vendor.dpframework.log.enable"
07-15 00:44:49.058 17906 17957 E libc    : Access denied finding property "vendor.dpframework.dumpbuffer.checksum"
07-15 00:44:49.058 17906 17957 E libc    : Access denied finding property "vendor.dpframework.dumpbuffer.enable"
07-15 00:44:49.063 17906 17906 I SVHomeFocus: focus requested target=trending_movies
07-15 00:44:49.067 17906 23460 E FrameEvents: updateAcquireFence: Did not find frame.
07-15 00:44:49.077 17906 23460 I chatty  : uid=10247(com.smartvision.svplayer) identical 1 line
07-15 00:44:49.108 17906 23460 E FrameEvents: updateAcquireFence: Did not find frame.
07-15 00:44:49.118 17906 17957 E libc    : Access denied finding property "vendor.dpframework.log.enable"
07-15 00:44:49.120 17906 17957 I chatty  : uid=10247(com.smartvision.svplayer) RenderThread identical 16 lines
07-15 00:44:49.120 17906 17957 E libc    : Access denied finding property "vendor.dpframework.log.enable"
07-15 00:44:49.120 17906 17957 E libc    : Access denied finding property "vendor.dpframework.dumpbuffer.checksum"
07-15 00:44:49.120 17906 17957 E libc    : Access denied finding property "vendor.dpframework.dumpbuffer.enable"
07-15 00:44:49.130 17906 23460 E FrameEvents: updateAcquireFence: Did not find frame.
07-15 00:44:49.131 17906 17906 I ExoPlayerImpl: Release 3509d5 [AndroidXMedia3/1.6.1] [sheldonp, AFTSSS, Amazon, 28] [media3.common, media3.exoplayer, media3.decoder, media3.ui, media3.datasource, media3.extractor]
07-15 00:44:49.138 17906 23457 I MediaCodecLogger: Flushing: 17906.HW.video.avc.framerate = 50.000 fps
07-15 00:44:49.212 17906 23532 E libc    : Access denied finding property "media.metrics.enabled"
07-15 00:44:49.203 17906 17906 W ExoPlayer:Audio: type=1400 audit(0.0:54429): avc: denied { read } for name="u:object_r:media_prop:s0" dev="tmpfs" ino=10500 scontext=u:r:untrusted_app:s0:c247,c256,c512,c768 tcontext=u:object_r:media_prop:s0 tclass=file permissive=0
07-15 00:44:49.231 17906 23457 I MediaCodecLogger: 17906.HW.video.avc.TotalVideoPlaybackTimeMs = 102920
07-15 00:44:49.231 17906 23457 I MediaCodecLogger: 17906.HW.video.avc.StreamAvgFramerate = 50.000
07-15 00:44:49.231 17906 23457 I MediaCodecLogger: 17906.HW.video.avc.videoResolution.HD = 102920
07-15 00:44:49.231 17906 23457 I MediaCodecLogger: 17906.HW.video.avc.StreamFramerate = 49.896
07-15 00:44:49.231 17906 23457 I MediaCodecLogger: 17906.HW.video.avc.AspectRatio = 1.778
07-15 00:44:49.231 17906 23457 I MediaCodecLogger: 17906.HW.video.avc.OneConsecutiveFramesDropped = 457
