--------- beginning of main
07-15 00:58:18.578 17906 17920 I chatty  : uid=10247(com.smartvision.svplayer) HeapTaskDaemon expire 10 lines
07-15 00:58:42.182 17906 17920 I chatty  : uid=10247(com.smartvision.svplayer) HeapTaskDaemon expire 10 lines
07-15 00:59:05.759 17906 17920 I chatty  : uid=10247(com.smartvision.svplayer) HeapTaskDaemon expire 10 lines
07-15 00:59:29.302 17906 17920 I chatty  : uid=10247(com.smartvision.svplayer) HeapTaskDaemon expire 10 lines
07-15 00:59:52.777 17906 17920 I chatty  : uid=10247(com.smartvision.svplayer) HeapTaskDaemon expire 10 lines
07-15 01:00:16.250 17906 17920 I chatty  : uid=10247(com.smartvision.svplayer) HeapTaskDaemon expire 3 lines
07-15 01:00:23.316 17906 17920 I vision.svplaye: Background concurrent copying GC freed 204347(6MB) AllocSpace objects, 0(0B) LOS objects, 23% free, 19MB/25MB, paused 173us total 219.669ms
07-15 01:00:25.632 17906 17920 I vision.svplaye: Background concurrent copying GC freed 201766(6MB) AllocSpace objects, 0(0B) LOS objects, 23% free, 19MB/25MB, paused 206us total 233.958ms
07-15 01:00:27.984 17906 17920 I vision.svplaye: Background concurrent copying GC freed 204907(6MB) AllocSpace objects, 0(0B) LOS objects, 23% free, 19MB/25MB, paused 259us total 228.889ms
07-15 01:00:30.364 17906 17920 I vision.svplaye: Background concurrent copying GC freed 202858(6MB) AllocSpace objects, 0(0B) LOS objects, 23% free, 19MB/25MB, paused 193us total 234.877ms
07-15 01:00:32.714 17906 17920 I vision.svplaye: Background concurrent copying GC freed 207992(6MB) AllocSpace objects, 0(0B) LOS objects, 23% free, 19MB/25MB, paused 206us total 225.210ms
07-15 01:00:35.065 17906 17920 I vision.svplaye: Background concurrent copying GC freed 202936(6MB) AllocSpace objects, 0(0B) LOS objects, 23% free, 19MB/25MB, paused 283us total 230.957ms
07-15 01:00:37.428 17906 17920 I vision.svplaye: Background concurrent copying GC freed 205256(6MB) AllocSpace objects, 0(0B) LOS objects, 23% free, 19MB/25MB, paused 294us total 231.761ms
07-15 01:00:39.769 17906 17920 I vision.svplaye: Background concurrent copying GC freed 203256(6MB) AllocSpace objects, 0(0B) LOS objects, 23% free, 19MB/25MB, paused 195us total 227.681ms
07-15 01:00:42.129 17906 17920 I vision.svplaye: Background concurrent copying GC freed 204538(6MB) AllocSpace objects, 0(0B) LOS objects, 23% free, 19MB/25MB, paused 215us total 227.360ms
07-15 01:00:44.422 17906 17920 I vision.svplaye: Background concurrent copying GC freed 201098(6MB) AllocSpace objects, 0(0B) LOS objects, 23% free, 19MB/25MB, paused 213us total 223.498ms
07-15 01:00:46.784 17906 17920 I vision.svplaye: Background concurrent copying GC freed 203254(6MB) AllocSpace objects, 0(0B) LOS objects, 23% free, 19MB/25MB, paused 219us total 234.655ms
07-15 01:00:49.132 17906 17920 I vision.svplaye: Background concurrent copying GC freed 205365(6MB) AllocSpace objects, 0(0B) LOS objects, 23% free, 19MB/25MB, paused 157us total 219.944ms
07-15 01:00:51.455 17906 17920 I vision.svplaye: Background concurrent copying GC freed 202549(6MB) AllocSpace objects, 0(0B) LOS objects, 23% free, 19MB/25MB, paused 201us total 232.445ms
07-15 01:00:53.797 17906 17920 I vision.svplaye: Background concurrent copying GC freed 203856(6MB) AllocSpace objects, 0(0B) LOS objects, 23% free, 19MB/25MB, paused 217us total 219.762ms
07-15 01:00:56.155 17906 17920 I vision.svplaye: Background concurrent copying GC freed 204323(6MB) AllocSpace objects, 0(0B) LOS objects, 23% free, 19MB/25MB, paused 211us total 223.568ms
07-15 01:00:58.508 17906 17920 I vision.svplaye: Background concurrent copying GC freed 205267(6MB) AllocSpace objects, 0(0B) LOS objects, 23% free, 19MB/25MB, paused 229us total 213.403ms
07-15 01:01:00.866 17906 17920 I vision.svplaye: Background concurrent copying GC freed 203011(6MB) AllocSpace objects, 0(0B) LOS objects, 23% free, 19MB/25MB, paused 188us total 232.756ms
07-15 01:01:03.222 17906 17920 I vision.svplaye: Background concurrent copying GC freed 205373(6MB) AllocSpace objects, 0(0B) LOS objects, 23% free, 19MB/25MB, paused 202us total 222.115ms
07-15 01:01:05.584 17906 17920 I vision.svplaye: Background concurrent copying GC freed 204025(6MB) AllocSpace objects, 0(0B) LOS objects, 23% free, 19MB/25MB, paused 219us total 232.670ms
07-15 01:01:07.890 17906 17920 I vision.svplaye: Background concurrent copying GC freed 201867(6MB) AllocSpace objects, 0(0B) LOS objects, 23% free, 19MB/25MB, paused 440us total 232.742ms
07-15 01:01:10.245 17906 17920 I vision.svplaye: Background concurrent copying GC freed 205007(6MB) AllocSpace objects, 0(0B) LOS objects, 23% free, 19MB/25MB, paused 193us total 224.010ms
07-15 01:01:12.605 17906 17920 I vision.svplaye: Background concurrent copying GC freed 204998(6MB) AllocSpace objects, 0(0B) LOS objects, 23% free, 19MB/25MB, paused 323us total 222.530ms
07-15 01:01:14.960 17906 17920 I vision.svplaye: Background concurrent copying GC freed 203481(6MB) AllocSpace objects, 0(0B) LOS objects, 23% free, 19MB/25MB, paused 205us total 230.456ms
07-15 01:01:17.303 17906 17920 I vision.svplaye: Background concurrent copying GC freed 202576(6MB) AllocSpace objects, 0(0B) LOS objects, 23% free, 19MB/25MB, paused 201us total 226.695ms
07-15 01:01:19.651 17906 17920 I vision.svplaye: Background concurrent copying GC freed 205971(6MB) AllocSpace objects, 0(0B) LOS objects, 23% free, 19MB/25MB, paused 155us total 217.698ms
07-15 01:01:21.998 17906 17920 I vision.svplaye: Background concurrent copying GC freed 202321(6MB) AllocSpace objects, 0(0B) LOS objects, 23% free, 19MB/25MB, paused 178us total 229.660ms
07-15 01:01:24.351 17906 17920 I vision.svplaye: Background concurrent copying GC freed 203962(6MB) AllocSpace objects, 0(0B) LOS objects, 23% free, 19MB/25MB, paused 391us total 230.777ms
07-15 01:01:26.660 17906 17920 I vision.svplaye: Background concurrent copying GC freed 202105(6MB) AllocSpace objects, 0(0B) LOS objects, 23% free, 19MB/25MB, paused 205us total 224.074ms
07-15 01:01:29.010 17906 17920 I vision.svplaye: Background concurrent copying GC freed 204159(6MB) AllocSpace objects, 0(0B) LOS objects, 23% free, 19MB/25MB, paused 175us total 221.314ms
07-15 01:01:31.371 17906 17920 I vision.svplaye: Background concurrent copying GC freed 204566(6MB) AllocSpace objects, 0(0B) LOS objects, 23% free, 19MB/25MB, paused 200us total 226.694ms
07-15 01:01:33.745 17906 17920 I vision.svplaye: Background concurrent copying GC freed 204849(6MB) AllocSpace objects, 0(0B) LOS objects, 23% free, 19MB/25MB, paused 202us total 230.803ms
07-15 01:01:36.102 17906 17920 I vision.svplaye: Background concurrent copying GC freed 206822(6MB) AllocSpace objects, 0(0B) LOS objects, 23% free, 19MB/25MB, paused 216us total 206.830ms
07-15 01:01:38.459 17906 17920 I vision.svplaye: Background concurrent copying GC freed 203433(6MB) AllocSpace objects, 0(0B) LOS objects, 23% free, 19MB/25MB, paused 219us total 224.131ms
07-15 01:01:40.834 17906 17920 I vision.svplaye: Background concurrent copying GC freed 204209(6MB) AllocSpace objects, 0(0B) LOS objects, 23% free, 19MB/25MB, paused 233us total 246.516ms
07-15 01:01:43.198 17906 17920 I vision.svplaye: Background concurrent copying GC freed 206972(6MB) AllocSpace objects, 0(0B) LOS objects, 23% free, 19MB/25MB, paused 199us total 228.634ms
07-15 01:01:45.509 17906 17920 I vision.svplaye: Background concurrent copying GC freed 202111(6MB) AllocSpace objects, 0(0B) LOS objects, 23% free, 19MB/25MB, paused 302us total 226.762ms
07-15 01:01:47.880 17906 17920 I vision.svplaye: Background concurrent copying GC freed 204493(6MB) AllocSpace objects, 0(0B) LOS objects, 23% free, 19MB/25MB, paused 172us total 223.107ms
07-15 01:01:50.213 17906 17920 I vision.svplaye: Background concurrent copying GC freed 203583(6MB) AllocSpace objects, 1(20KB) LOS objects, 23% free, 19MB/25MB, paused 181us total 219.938ms
07-15 01:01:52.567 17906 17920 I vision.svplaye: Background concurrent copying GC freed 203002(6MB) AllocSpace objects, 0(0B) LOS objects, 23% free, 19MB/25MB, paused 207us total 231.746ms
07-15 01:01:54.917 17906 17920 I vision.svplaye: Background concurrent copying GC freed 204240(6MB) AllocSpace objects, 0(0B) LOS objects, 23% free, 19MB/25MB, paused 245us total 224.247ms
07-15 01:01:57.271 17906 17920 I vision.svplaye: Background concurrent copying GC freed 205003(6MB) AllocSpace objects, 0(0B) LOS objects, 23% free, 19MB/25MB, paused 193us total 223.315ms
07-15 01:01:59.621 17906 17920 I vision.svplaye: Background concurrent copying GC freed 203765(6MB) AllocSpace objects, 0(0B) LOS objects, 23% free, 19MB/25MB, paused 245us total 221.643ms
07-15 01:02:01.976 17906 17920 I vision.svplaye: Background concurrent copying GC freed 202665(6MB) AllocSpace objects, 0(0B) LOS objects, 23% free, 19MB/25MB, paused 280us total 231.510ms
07-15 01:02:04.335 17906 17920 I vision.svplaye: Background concurrent copying GC freed 205013(6MB) AllocSpace objects, 0(0B) LOS objects, 23% free, 19MB/25MB, paused 241us total 234.366ms
07-15 01:02:06.687 17906 17920 I vision.svplaye: Background concurrent copying GC freed 204362(6MB) AllocSpace objects, 0(0B) LOS objects, 23% free, 19MB/25MB, paused 247us total 226.053ms
07-15 01:02:09.041 17906 17920 I vision.svplaye: Background concurrent copying GC freed 203453(6MB) AllocSpace objects, 0(0B) LOS objects, 23% free, 19MB/25MB, paused 235us total 233.649ms
07-15 01:02:11.410 17906 17920 I vision.svplaye: Background concurrent copying GC freed 204429(6MB) AllocSpace objects, 0(0B) LOS objects, 23% free, 19MB/25MB, paused 260us total 243.565ms
07-15 01:02:13.790 17906 17920 I vision.svplaye: Background concurrent copying GC freed 207212(6MB) AllocSpace objects, 0(0B) LOS objects, 23% free, 19MB/25MB, paused 202us total 234.178ms
07-15 01:02:16.143 17906 17920 I vision.svplaye: Background concurrent copying GC freed 205398(6MB) AllocSpace objects, 0(0B) LOS objects, 23% free, 19MB/25MB, paused 197us total 220.112ms
07-15 01:02:18.529 17906 17920 I vision.svplaye: Background concurrent copying GC freed 205259(6MB) AllocSpace objects, 0(0B) LOS objects, 23% free, 19MB/25MB, paused 215us total 239.706ms
07-15 01:02:20.900 17906 17920 I vision.svplaye: Background concurrent copying GC freed 207374(6MB) AllocSpace objects, 0(0B) LOS objects, 23% free, 19MB/25MB, paused 243us total 228.936ms
07-15 01:02:23.267 17906 17920 I vision.svplaye: Background concurrent copying GC freed 204095(6MB) AllocSpace objects, 0(0B) LOS objects, 23% free, 19MB/25MB, paused 218us total 236.421ms
07-15 01:02:25.629 17906 17920 I vision.svplaye: Background concurrent copying GC freed 205269(6MB) AllocSpace objects, 0(0B) LOS objects, 23% free, 19MB/25MB, paused 254us total 228.983ms
07-15 01:02:27.991 17906 17920 I vision.svplaye: Background concurrent copying GC freed 204446(6MB) AllocSpace objects, 0(0B) LOS objects, 23% free, 19MB/25MB, paused 192us total 236.823ms
07-15 01:02:30.342 17906 17920 I vision.svplaye: Background concurrent copying GC freed 204767(6MB) AllocSpace objects, 0(0B) LOS objects, 23% free, 19MB/25MB, paused 186us total 227.261ms
07-15 01:02:32.691 17906 17920 I vision.svplaye: Background concurrent copying GC freed 203838(6MB) AllocSpace objects, 0(0B) LOS objects, 23% free, 19MB/25MB, paused 193us total 232.606ms
07-15 01:02:35.038 17906 17920 I vision.svplaye: Background concurrent copying GC freed 203029(6MB) AllocSpace objects, 0(0B) LOS objects, 23% free, 19MB/25MB, paused 230us total 228.428ms
07-15 01:02:37.381 17906 17920 I vision.svplaye: Background concurrent copying GC freed 203822(6MB) AllocSpace objects, 0(0B) LOS objects, 23% free, 19MB/25MB, paused 182us total 219.899ms
07-15 01:02:39.041 17906 17906 I SVStartup: state localReady=true checking=false activated=true playableSource=true route=home
07-15 01:02:39.396 17906 17920 I vision.svplaye: NativeAlloc concurrent copying GC freed 165197(5MB) AllocSpace objects, 2(104KB) LOS objects, 23% free, 20MB/26MB, paused 161us total 221.509ms
07-15 01:02:39.626 17906 17920 I vision.svplaye: NativeAlloc concurrent copying GC freed 6137(270KB) AllocSpace objects, 1(24KB) LOS objects, 22% free, 20MB/26MB, paused 202us total 228.566ms
07-15 01:02:39.876 17906 17920 I vision.svplaye: NativeAlloc concurrent copying GC freed 7591(371KB) AllocSpace objects, 0(0B) LOS objects, 21% free, 21MB/27MB, paused 166us total 246.414ms
07-15 01:02:39.973 17906 17957 I OpenGLRenderer: Davey! duration=953ms; Flags=0, IntendedVsync=16203912827084, Vsync=16203929510434, OldestInputEvent=9223372036854775807, NewestInputEvent=0, HandleInputStart=16203937529119, AnimationStart=16203937565196, PerformTraversalsStart=16204267720811, DrawStart=16204267898580, SyncQueued=16204857115580, SyncStart=16204857263811, IssueDrawCommandsStart=16204858208427, SwapBuffers=16204865318042, FrameCompleted=16204866950504, DequeueBufferDuration=317000, QueueBufferDuration=645000, 
07-15 01:02:39.992 17906 17906 I Choreographer: Skipped 56 frames!  The application may be doing too much work on its main thread.
07-15 01:02:40.078 17906 17957 I OpenGLRenderer: Davey! duration=1025ms; Flags=0, IntendedVsync=16203946244101, Vsync=16204880511701, OldestInputEvent=9223372036854775807, NewestInputEvent=0, HandleInputStart=16204886279734, AnimationStart=16204886318119, PerformTraversalsStart=16204895722811, DrawStart=16204896025042, SyncQueued=16204907841657, SyncStart=16204908003811, IssueDrawCommandsStart=16204908716042, SwapBuffers=16204971307350, FrameCompleted=16204972323657, DequeueBufferDuration=317000, QueueBufferDuration=408000, 
07-15 01:02:41.431 17906 17920 I vision.svplaye: Background concurrent copying GC freed 165129(5MB) AllocSpace objects, 0(0B) LOS objects, 21% free, 22MB/28MB, paused 250us total 257.593ms
07-15 01:02:43.031 17906 17920 I vision.svplaye: Background concurrent copying GC freed 211246(6MB) AllocSpace objects, 0(0B) LOS objects, 21% free, 22MB/28MB, paused 138us total 252.019ms
07-15 01:02:44.585 17906 17920 I vision.svplaye: Background concurrent copying GC freed 201383(6MB) AllocSpace objects, 0(0B) LOS objects, 21% free, 22MB/28MB, paused 208us total 244.524ms
07-15 01:02:46.186 17906 17920 I vision.svplaye: Background concurrent copying GC freed 203334(6MB) AllocSpace objects, 0(0B) LOS objects, 21% free, 22MB/28MB, paused 187us total 251.494ms
07-15 01:02:47.788 17906 17920 I vision.svplaye: Background concurrent copying GC freed 205834(6MB) AllocSpace objects, 0(0B) LOS objects, 21% free, 22MB/28MB, paused 160us total 254.229ms
07-15 01:02:49.384 17906 17920 I vision.svplaye: Background concurrent copying GC freed 206396(6MB) AllocSpace objects, 0(0B) LOS objects, 21% free, 22MB/28MB, paused 209us total 252.137ms
07-15 01:02:50.968 17906 17920 I vision.svplaye: Background concurrent copying GC freed 203999(6MB) AllocSpace objects, 0(0B) LOS objects, 21% free, 22MB/28MB, paused 206us total 249.075ms
07-15 01:02:52.530 17906 17920 I vision.svplaye: Background concurrent copying GC freed 203240(6MB) AllocSpace objects, 1(20KB) LOS objects, 21% free, 22MB/28MB, paused 191us total 242.759ms
07-15 01:02:54.110 17906 17920 I vision.svplaye: Background concurrent copying GC freed 203064(6MB) AllocSpace objects, 0(0B) LOS objects, 21% free, 22MB/28MB, paused 164us total 251.105ms
07-15 01:02:55.673 17906 17920 I vision.svplaye: Background concurrent copying GC freed 201515(6MB) AllocSpace objects, 0(0B) LOS objects, 21% free, 22MB/28MB, paused 207us total 256.162ms
07-15 01:02:57.260 17906 17920 I vision.svplaye: Background concurrent copying GC freed 205019(6MB) AllocSpace objects, 0(0B) LOS objects, 21% free, 22MB/28MB, paused 196us total 245.954ms
07-15 01:02:58.865 17906 17920 I vision.svplaye: Background concurrent copying GC freed 206522(6MB) AllocSpace objects, 0(0B) LOS objects, 21% free, 22MB/28MB, paused 148us total 250.882ms
07-15 01:03:00.442 17906 17920 I vision.svplaye: Background concurrent copying GC freed 206277(6MB) AllocSpace objects, 0(0B) LOS objects, 21% free, 22MB/28MB, paused 175us total 243.242ms
07-15 01:03:02.039 17906 17920 I vision.svplaye: Background concurrent copying GC freed 203451(6MB) AllocSpace objects, 0(0B) LOS objects, 21% free, 22MB/28MB, paused 152us total 253.794ms
07-15 01:03:03.622 17906 17920 I vision.svplaye: Background concurrent copying GC freed 205677(6MB) AllocSpace objects, 0(0B) LOS objects, 21% free, 22MB/28MB, paused 205us total 253.463ms
07-15 01:03:05.199 17906 17920 I vision.svplaye: Background concurrent copying GC freed 203106(6MB) AllocSpace objects, 0(0B) LOS objects, 21% free, 22MB/28MB, paused 179us total 242.133ms
07-15 01:03:06.774 17906 17920 I vision.svplaye: Background concurrent copying GC freed 205193(6MB) AllocSpace objects, 0(0B) LOS objects, 21% free, 22MB/28MB, paused 273us total 244.861ms
07-15 01:03:08.361 17906 17920 I vision.svplaye: Background concurrent copying GC freed 202292(6MB) AllocSpace objects, 0(0B) LOS objects, 21% free, 22MB/28MB, paused 188us total 253.975ms
07-15 01:03:09.934 17906 17920 I vision.svplaye: Background concurrent copying GC freed 204434(6MB) AllocSpace objects, 0(0B) LOS objects, 21% free, 22MB/28MB, paused 172us total 238.910ms
07-15 01:03:11.522 17906 17920 I vision.svplaye: Background concurrent copying GC freed 203629(6MB) AllocSpace objects, 0(0B) LOS objects, 21% free, 22MB/28MB, paused 223us total 243.639ms
07-15 01:03:13.113 17906 17920 I vision.svplaye: Background concurrent copying GC freed 204665(6MB) AllocSpace objects, 0(0B) LOS objects, 21% free, 22MB/28MB, paused 173us total 249.385ms
07-15 01:03:14.685 17906 17920 I vision.svplaye: Background concurrent copying GC freed 204246(6MB) AllocSpace objects, 0(0B) LOS objects, 21% free, 22MB/28MB, paused 169us total 248.133ms
07-15 01:03:16.242 17906 17920 I vision.svplaye: Background concurrent copying GC freed 202633(6MB) AllocSpace objects, 0(0B) LOS objects, 21% free, 22MB/28MB, paused 211us total 235.716ms
07-15 01:03:17.821 17906 17920 I vision.svplaye: Background concurrent copying GC freed 202153(6MB) AllocSpace objects, 0(0B) LOS objects, 21% free, 22MB/28MB, paused 197us total 245.288ms
07-15 01:03:19.344 17906 17932 I vision.svplaye: Waiting for a blocking GC ProfileSaver
07-15 01:03:19.402 17906 17920 I vision.svplaye: Background concurrent copying GC freed 202260(6MB) AllocSpace objects, 0(0B) LOS objects, 21% free, 22MB/28MB, paused 381us total 242.242ms
07-15 01:03:19.403 17906 17932 I vision.svplaye: WaitForGcToComplete blocked ProfileSaver on HeapTrim for 58.430ms
07-15 01:03:20.977 17906 17920 I vision.svplaye: Background concurrent copying GC freed 206267(6MB) AllocSpace objects, 0(0B) LOS objects, 21% free, 22MB/28MB, paused 177us total 234.696ms
07-15 01:03:22.564 17906 17920 I vision.svplaye: Background concurrent copying GC freed 202565(6MB) AllocSpace objects, 0(0B) LOS objects, 21% free, 22MB/28MB, paused 157us total 235.535ms
07-15 01:03:24.138 17906 17920 I vision.svplaye: Background concurrent copying GC freed 202887(6MB) AllocSpace objects, 0(0B) LOS objects, 21% free, 22MB/28MB, paused 197us total 238.050ms
07-15 01:03:25.712 17906 17920 I vision.svplaye: Background concurrent copying GC freed 203374(6MB) AllocSpace objects, 0(0B) LOS objects, 21% free, 22MB/28MB, paused 202us total 240.682ms
07-15 01:03:27.291 17906 17920 I vision.svplaye: Background concurrent copying GC freed 202878(6MB) AllocSpace objects, 0(0B) LOS objects, 21% free, 22MB/28MB, paused 287us total 237.006ms
07-15 01:03:28.843 17906 17920 I vision.svplaye: Background concurrent copying GC freed 203250(6MB) AllocSpace objects, 0(0B) LOS objects, 21% free, 21MB/27MB, paused 862us total 235.327ms
07-15 01:03:30.412 17906 17920 I vision.svplaye: Background concurrent copying GC freed 201915(6MB) AllocSpace objects, 0(0B) LOS objects, 21% free, 22MB/28MB, paused 272us total 242.324ms
07-15 01:03:32.005 17906 17920 I vision.svplaye: Background concurrent copying GC freed 202598(6MB) AllocSpace objects, 0(0B) LOS objects, 21% free, 22MB/28MB, paused 145us total 243.405ms
07-15 01:03:33.579 17906 17920 I vision.svplaye: Background concurrent copying GC freed 205770(6MB) AllocSpace objects, 0(0B) LOS objects, 21% free, 22MB/28MB, paused 688us total 239.168ms
07-15 01:03:35.167 17906 17920 I vision.svplaye: Background concurrent copying GC freed 202852(6MB) AllocSpace objects, 0(0B) LOS objects, 21% free, 22MB/28MB, paused 143us total 235.878ms
07-15 01:03:36.736 17906 17920 I vision.svplaye: Background concurrent copying GC freed 202332(6MB) AllocSpace objects, 0(0B) LOS objects, 21% free, 22MB/28MB, paused 269us total 236.572ms
07-15 01:03:38.308 17906 17920 I vision.svplaye: Background concurrent copying GC freed 203670(6MB) AllocSpace objects, 0(0B) LOS objects, 21% free, 22MB/28MB, paused 204us total 236.237ms
07-15 01:03:39.880 17906 17920 I vision.svplaye: Background concurrent copying GC freed 203339(6MB) AllocSpace objects, 0(0B) LOS objects, 21% free, 22MB/28MB, paused 228us total 235.604ms
07-15 01:03:41.456 17906 17920 I vision.svplaye: Background concurrent copying GC freed 202979(6MB) AllocSpace objects, 0(0B) LOS objects, 21% free, 22MB/28MB, paused 297us total 236.999ms
07-15 01:03:43.039 17906 17920 I vision.svplaye: Background concurrent copying GC freed 203024(6MB) AllocSpace objects, 0(0B) LOS objects, 21% free, 22MB/28MB, paused 164us total 239.451ms
07-15 01:03:44.618 17906 17920 I vision.svplaye: Background concurrent copying GC freed 205524(6MB) AllocSpace objects, 0(0B) LOS objects, 21% free, 22MB/28MB, paused 185us total 240.302ms
07-15 01:03:46.188 17906 17920 I vision.svplaye: Background concurrent copying GC freed 202744(6MB) AllocSpace objects, 0(0B) LOS objects, 21% free, 22MB/28MB, paused 187us total 245.639ms
07-15 01:03:47.767 17906 17920 I vision.svplaye: Background concurrent copying GC freed 202357(6MB) AllocSpace objects, 0(0B) LOS objects, 21% free, 22MB/28MB, paused 200us total 244.768ms
07-15 01:03:47.965 17906 17906 I SVStartup: state localReady=true checking=false activated=true playableSource=true route=profile
07-15 01:03:48.325 17906 17920 I vision.svplaye: NativeAlloc concurrent copying GC freed 60990(2MB) AllocSpace objects, 2(104KB) LOS objects, 21% free, 22MB/28MB, paused 165us total 236.383ms
07-15 01:03:48.593 17906 17920 I vision.svplaye: NativeAlloc concurrent copying GC freed 6921(230KB) AllocSpace objects, 2(68KB) LOS objects, 20% free, 22MB/28MB, paused 199us total 267.486ms
07-15 01:03:50.754 17906 17920 I vision.svplaye: Background concurrent copying GC freed 189291(6MB) AllocSpace objects, 0(0B) LOS objects, 20% free, 22MB/28MB, paused 221us total 254.204ms
07-15 01:03:53.140 17906 17920 I vision.svplaye: Background concurrent copying GC freed 249206(7MB) AllocSpace objects, 0(0B) LOS objects, 22% free, 21MB/27MB, paused 360us total 254.276ms
07-15 01:03:55.534 17906 17920 I vision.svplaye: Background concurrent copying GC freed 207072(6MB) AllocSpace objects, 0(0B) LOS objects, 22% free, 21MB/27MB, paused 228us total 256.409ms
07-15 01:03:57.908 17906 17920 I vision.svplaye: Background concurrent copying GC freed 202860(6MB) AllocSpace objects, 0(0B) LOS objects, 22% free, 21MB/27MB, paused 243us total 240.109ms
07-15 01:04:00.269 17906 17920 I vision.svplaye: Background concurrent copying GC freed 204825(6MB) AllocSpace objects, 0(0B) LOS objects, 22% free, 21MB/27MB, paused 185us total 227.942ms
07-15 01:04:02.641 17906 17920 I vision.svplaye: Background concurrent copying GC freed 205312(6MB) AllocSpace objects, 0(0B) LOS objects, 22% free, 21MB/27MB, paused 245us total 240.457ms
07-15 01:04:05.029 17906 17920 I vision.svplaye: Background concurrent copying GC freed 204334(6MB) AllocSpace objects, 0(0B) LOS objects, 22% free, 21MB/27MB, paused 244us total 250.474ms
07-15 01:04:07.421 17906 17920 I vision.svplaye: Background concurrent copying GC freed 206312(6MB) AllocSpace objects, 0(0B) LOS objects, 21% free, 21MB/27MB, paused 158us total 251.331ms
07-15 01:04:09.846 17906 17920 I vision.svplaye: Background concurrent copying GC freed 208048(6MB) AllocSpace objects, 0(0B) LOS objects, 21% free, 21MB/27MB, paused 489us total 269.101ms
07-15 01:04:12.238 17906 17920 I vision.svplaye: Background concurrent copying GC freed 209047(6MB) AllocSpace objects, 0(0B) LOS objects, 22% free, 21MB/27MB, paused 286us total 249.782ms
07-15 01:04:14.637 17906 17920 I vision.svplaye: Background concurrent copying GC freed 206133(6MB) AllocSpace objects, 0(0B) LOS objects, 22% free, 21MB/27MB, paused 1.105ms total 234.936ms
07-15 01:04:17.009 17906 17920 I vision.svplaye: Background concurrent copying GC freed 203140(6MB) AllocSpace objects, 1(20KB) LOS objects, 22% free, 21MB/27MB, paused 181us total 231.027ms
07-15 01:04:19.434 17906 17920 I vision.svplaye: Background concurrent copying GC freed 204179(6MB) AllocSpace objects, 0(0B) LOS objects, 22% free, 21MB/27MB, paused 202us total 257.339ms
07-15 01:04:21.838 17906 17920 I vision.svplaye: Background concurrent copying GC freed 207870(6MB) AllocSpace objects, 0(0B) LOS objects, 22% free, 21MB/27MB, paused 214us total 251.406ms
07-15 01:04:24.252 17906 17920 I vision.svplaye: Background concurrent copying GC freed 206875(6MB) AllocSpace objects, 0(0B) LOS objects, 22% free, 21MB/27MB, paused 196us total 248.333ms
07-15 01:04:26.649 17906 17920 I vision.svplaye: Background concurrent copying GC freed 205143(6MB) AllocSpace objects, 0(0B) LOS objects, 22% free, 21MB/27MB, paused 204us total 258.403ms
07-15 01:04:29.052 17906 17920 I vision.svplaye: Background concurrent copying GC freed 206712(6MB) AllocSpace objects, 0(0B) LOS objects, 22% free, 21MB/27MB, paused 201us total 244.395ms
07-15 01:04:31.459 17906 17920 I vision.svplaye: Background concurrent copying GC freed 206076(6MB) AllocSpace objects, 0(0B) LOS objects, 22% free, 21MB/27MB, paused 200us total 247.276ms
07-15 01:04:33.852 17906 17920 I vision.svplaye: Background concurrent copying GC freed 206097(6MB) AllocSpace objects, 0(0B) LOS objects, 22% free, 21MB/27MB, paused 213us total 237.013ms
07-15 01:04:36.247 17906 17920 I vision.svplaye: Background concurrent copying GC freed 204156(6MB) AllocSpace objects, 0(0B) LOS objects, 22% free, 21MB/27MB, paused 220us total 246.711ms
07-15 01:04:38.645 17906 17920 I vision.svplaye: Background concurrent copying GC freed 205366(6MB) AllocSpace objects, 0(0B) LOS objects, 22% free, 21MB/27MB, paused 211us total 242.863ms
07-15 01:04:41.047 17906 17920 I vision.svplaye: Background concurrent copying GC freed 205094(6MB) AllocSpace objects, 0(0B) LOS objects, 22% free, 21MB/27MB, paused 222us total 248.450ms
07-15 01:04:43.438 17906 17920 I vision.svplaye: Background concurrent copying GC freed 206232(6MB) AllocSpace objects, 0(0B) LOS objects, 22% free, 21MB/27MB, paused 164us total 237.184ms
07-15 01:04:45.808 17906 17920 I vision.svplaye: Background concurrent copying GC freed 203362(6MB) AllocSpace objects, 0(0B) LOS objects, 22% free, 21MB/27MB, paused 240us total 250.791ms
07-15 01:04:48.200 17906 17920 I vision.svplaye: Background concurrent copying GC freed 205979(6MB) AllocSpace objects, 0(0B) LOS objects, 22% free, 21MB/27MB, paused 227us total 238.754ms
07-15 01:04:50.592 17906 17920 I vision.svplaye: Background concurrent copying GC freed 203063(6MB) AllocSpace objects, 0(0B) LOS objects, 22% free, 21MB/27MB, paused 174us total 233.930ms
07-15 01:04:53.007 17906 17920 I vision.svplaye: Background concurrent copying GC freed 206496(6MB) AllocSpace objects, 0(0B) LOS objects, 21% free, 21MB/27MB, paused 253us total 245.239ms
07-15 01:04:55.415 17906 17920 I vision.svplaye: Background concurrent copying GC freed 207460(6MB) AllocSpace objects, 0(0B) LOS objects, 21% free, 21MB/27MB, paused 635us total 242.913ms
07-15 01:04:57.828 17906 17920 I vision.svplaye: Background concurrent copying GC freed 206211(6MB) AllocSpace objects, 0(0B) LOS objects, 22% free, 21MB/27MB, paused 192us total 240.832ms
07-15 01:05:00.222 17906 17920 I vision.svplaye: Background concurrent copying GC freed 205393(6MB) AllocSpace objects, 0(0B) LOS objects, 22% free, 21MB/27MB, paused 319us total 237.405ms
07-15 01:05:02.615 17906 17920 I vision.svplaye: Background concurrent copying GC freed 205058(6MB) AllocSpace objects, 0(0B) LOS objects, 22% free, 21MB/27MB, paused 215us total 240.854ms
07-15 01:05:05.033 17906 17920 I vision.svplaye: Background concurrent copying GC freed 205461(6MB) AllocSpace objects, 0(0B) LOS objects, 21% free, 21MB/27MB, paused 218us total 253.255ms
07-15 01:05:07.443 17906 17920 I vision.svplaye: Background concurrent copying GC freed 207782(6MB) AllocSpace objects, 0(0B) LOS objects, 22% free, 21MB/27MB, paused 229us total 235.061ms
07-15 01:05:09.852 17906 17920 I vision.svplaye: Background concurrent copying GC freed 206088(6MB) AllocSpace objects, 0(0B) LOS objects, 22% free, 21MB/27MB, paused 244us total 246.070ms
07-15 01:05:12.252 17906 17920 I vision.svplaye: Background concurrent copying GC freed 205252(6MB) AllocSpace objects, 0(0B) LOS objects, 21% free, 21MB/27MB, paused 191us total 249.958ms
07-15 01:05:14.664 17906 17920 I vision.svplaye: Background concurrent copying GC freed 207637(6MB) AllocSpace objects, 0(0B) LOS objects, 22% free, 21MB/27MB, paused 236us total 249.878ms
07-15 01:05:17.026 17906 17920 I vision.svplaye: Background concurrent copying GC freed 204481(6MB) AllocSpace objects, 0(0B) LOS objects, 21% free, 21MB/27MB, paused 181us total 252.632ms
07-15 01:05:19.407 17906 17920 I vision.svplaye: Background concurrent copying GC freed 207804(6MB) AllocSpace objects, 0(0B) LOS objects, 22% free, 21MB/27MB, paused 202us total 231.132ms
07-15 01:05:21.793 17906 17920 I vision.svplaye: Background concurrent copying GC freed 204494(6MB) AllocSpace objects, 0(0B) LOS objects, 22% free, 21MB/27MB, paused 163us total 234.447ms
07-15 01:05:24.191 17906 17920 I vision.svplaye: Background concurrent copying GC freed 205986(6MB) AllocSpace objects, 0(0B) LOS objects, 21% free, 21MB/27MB, paused 190us total 248.275ms
07-15 01:05:26.570 17906 17920 I vision.svplaye: Background concurrent copying GC freed 207744(6MB) AllocSpace objects, 1(20KB) LOS objects, 21% free, 21MB/27MB, paused 272us total 244.503ms
07-15 01:05:28.343 17906 17920 I vision.svplaye: Background concurrent copying GC freed 149971(4MB) AllocSpace objects, 0(0B) LOS objects, 21% free, 21MB/27MB, paused 201us total 242.440ms
07-15 01:05:30.716 17906 17920 I vision.svplaye: Background concurrent copying GC freed 206567(6MB) AllocSpace objects, 0(0B) LOS objects, 21% free, 21MB/27MB, paused 213us total 243.545ms
07-15 01:05:33.093 17906 17920 I vision.svplaye: Background concurrent copying GC freed 206302(6MB) AllocSpace objects, 0(0B) LOS objects, 22% free, 21MB/27MB, paused 225us total 237.258ms
07-15 01:05:35.481 17906 17920 I vision.svplaye: Background concurrent copying GC freed 205601(6MB) AllocSpace objects, 0(0B) LOS objects, 21% free, 21MB/27MB, paused 192us total 254.100ms
07-15 01:05:37.857 17906 17920 I vision.svplaye: Background concurrent copying GC freed 207943(6MB) AllocSpace objects, 0(0B) LOS objects, 22% free, 21MB/27MB, paused 271us total 238.599ms
07-15 01:05:40.245 17906 17920 I vision.svplaye: Background concurrent copying GC freed 206092(6MB) AllocSpace objects, 0(0B) LOS objects, 21% free, 21MB/27MB, paused 208us total 251.046ms
07-15 01:05:42.637 17906 17920 I vision.svplaye: Background concurrent copying GC freed 207795(6MB) AllocSpace objects, 0(0B) LOS objects, 21% free, 21MB/27MB, paused 252us total 246.977ms
07-15 01:05:45.017 17906 17920 I vision.svplaye: Background concurrent copying GC freed 205147(6MB) AllocSpace objects, 0(0B) LOS objects, 21% free, 21MB/27MB, paused 222us total 249.516ms
07-15 01:05:47.362 17906 17920 I vision.svplaye: Background concurrent copying GC freed 204838(6MB) AllocSpace objects, 0(0B) LOS objects, 21% free, 21MB/27MB, paused 207us total 246.468ms
07-15 01:05:49.749 17906 17920 I vision.svplaye: Background concurrent copying GC freed 208141(6MB) AllocSpace objects, 0(0B) LOS objects, 21% free, 21MB/27MB, paused 184us total 244.982ms
07-15 01:05:52.124 17906 17920 I vision.svplaye: Background concurrent copying GC freed 206401(6MB) AllocSpace objects, 0(0B) LOS objects, 22% free, 21MB/27MB, paused 291us total 238.348ms
07-15 01:05:54.502 17906 17920 I vision.svplaye: Background concurrent copying GC freed 205178(6MB) AllocSpace objects, 0(0B) LOS objects, 21% free, 21MB/27MB, paused 238us total 252.320ms
07-15 01:05:56.870 17906 17920 I vision.svplaye: Background concurrent copying GC freed 206862(6MB) AllocSpace objects, 0(0B) LOS objects, 22% free, 21MB/27MB, paused 178us total 237.312ms
07-15 01:05:59.221 17906 17920 I vision.svplaye: Background concurrent copying GC freed 204326(6MB) AllocSpace objects, 0(0B) LOS objects, 22% free, 21MB/27MB, paused 160us total 239.141ms
07-15 01:06:01.592 17906 17920 I vision.svplaye: Background concurrent copying GC freed 204299(6MB) AllocSpace objects, 0(0B) LOS objects, 21% free, 21MB/27MB, paused 181us total 248.332ms
07-15 01:06:03.960 17906 17920 I vision.svplaye: Background concurrent copying GC freed 206113(6MB) AllocSpace objects, 0(0B) LOS objects, 22% free, 21MB/27MB, paused 299us total 241.294ms
07-15 01:06:06.327 17906 17920 I vision.svplaye: Background concurrent copying GC freed 204511(6MB) AllocSpace objects, 0(0B) LOS objects, 21% free, 21MB/27MB, paused 204us total 241.580ms
07-15 01:06:08.724 17906 17920 I vision.svplaye: Background concurrent copying GC freed 206611(6MB) AllocSpace objects, 0(0B) LOS objects, 21% free, 21MB/27MB, paused 207us total 259.497ms
07-15 01:06:11.108 17906 17920 I vision.svplaye: Background concurrent copying GC freed 207091(6MB) AllocSpace objects, 0(0B) LOS objects, 21% free, 21MB/27MB, paused 526us total 251.261ms
07-15 01:06:13.497 17906 17920 I vision.svplaye: Background concurrent copying GC freed 207501(6MB) AllocSpace objects, 0(0B) LOS objects, 21% free, 21MB/27MB, paused 230us total 250.490ms
07-15 01:06:15.871 17906 17920 I vision.svplaye: Background concurrent copying GC freed 207136(6MB) AllocSpace objects, 0(0B) LOS objects, 22% free, 21MB/27MB, paused 294us total 240.114ms
07-15 01:06:18.243 17906 17920 I vision.svplaye: Background concurrent copying GC freed 204972(6MB) AllocSpace objects, 0(0B) LOS objects, 21% free, 21MB/27MB, paused 184us total 245.513ms
07-15 01:06:20.611 17906 17920 I vision.svplaye: Background concurrent copying GC freed 205591(6MB) AllocSpace objects, 0(0B) LOS objects, 22% free, 21MB/27MB, paused 391us total 248.247ms
07-15 01:06:22.974 17906 17920 I vision.svplaye: Background concurrent copying GC freed 204843(6MB) AllocSpace objects, 0(0B) LOS objects, 21% free, 21MB/27MB, paused 218us total 248.611ms
07-15 01:06:25.308 17906 17920 I vision.svplaye: Background concurrent copying GC freed 204397(6MB) AllocSpace objects, 0(0B) LOS objects, 21% free, 21MB/27MB, paused 208us total 248.932ms
07-15 01:06:27.670 17906 17920 I vision.svplaye: Background concurrent copying GC freed 204460(6MB) AllocSpace objects, 0(0B) LOS objects, 22% free, 21MB/27MB, paused 266us total 249.969ms
07-15 01:06:30.027 17906 17920 I vision.svplaye: Background concurrent copying GC freed 208400(6MB) AllocSpace objects, 0(0B) LOS objects, 22% free, 21MB/27MB, paused 240us total 238.697ms
07-15 01:06:32.416 17906 17920 I vision.svplaye: Background concurrent copying GC freed 204644(6MB) AllocSpace objects, 0(0B) LOS objects, 21% free, 21MB/27MB, paused 211us total 253.252ms
07-15 01:06:34.795 17906 17920 I vision.svplaye: Background concurrent copying GC freed 208285(6MB) AllocSpace objects, 0(0B) LOS objects, 22% free, 21MB/27MB, paused 153us total 231.957ms
07-15 01:06:37.173 17906 17920 I vision.svplaye: Background concurrent copying GC freed 205645(6MB) AllocSpace objects, 0(0B) LOS objects, 22% free, 21MB/27MB, paused 204us total 234.901ms
07-15 01:06:39.583 17906 17920 I vision.svplaye: Background concurrent copying GC freed 206503(6MB) AllocSpace objects, 0(0B) LOS objects, 21% free, 21MB/27MB, paused 200us total 264.358ms
07-15 01:06:41.963 17906 17920 I vision.svplaye: Background concurrent copying GC freed 208748(6MB) AllocSpace objects, 0(0B) LOS objects, 22% free, 21MB/27MB, paused 159us total 242.248ms
07-15 01:06:44.350 17906 17920 I vision.svplaye: Background concurrent copying GC freed 207616(6MB) AllocSpace objects, 0(0B) LOS objects, 22% free, 21MB/27MB, paused 197us total 242.673ms
07-15 01:06:46.658 17906 17920 I vision.svplaye: Background concurrent copying GC freed 202665(6MB) AllocSpace objects, 0(0B) LOS objects, 21% free, 21MB/27MB, paused 318us total 246.390ms
07-15 01:06:49.042 17906 17920 I vision.svplaye: Background concurrent copying GC freed 207611(6MB) AllocSpace objects, 0(0B) LOS objects, 22% free, 21MB/27MB, paused 230us total 237.385ms
07-15 01:06:51.435 17906 17920 I vision.svplaye: Background concurrent copying GC freed 205764(6MB) AllocSpace objects, 0(0B) LOS objects, 22% free, 21MB/27MB, paused 216us total 250.923ms
07-15 01:06:53.786 17906 17920 I vision.svplaye: Background concurrent copying GC freed 207248(6MB) AllocSpace objects, 0(0B) LOS objects, 22% free, 21MB/27MB, paused 166us total 226.752ms
07-15 01:06:56.148 17906 17920 I vision.svplaye: Background concurrent copying GC freed 203433(6MB) AllocSpace objects, 0(0B) LOS objects, 22% free, 21MB/27MB, paused 175us total 238.271ms
07-15 01:06:58.512 17906 17920 I vision.svplaye: Background concurrent copying GC freed 204507(6MB) AllocSpace objects, 0(0B) LOS objects, 22% free, 21MB/27MB, paused 240us total 243.082ms
07-15 01:07:00.901 17906 17920 I vision.svplaye: Background concurrent copying GC freed 206762(6MB) AllocSpace objects, 0(0B) LOS objects, 22% free, 21MB/27MB, paused 211us total 254.126ms
07-15 01:07:03.261 17906 17920 I vision.svplaye: Background concurrent copying GC freed 206074(6MB) AllocSpace objects, 0(0B) LOS objects, 22% free, 21MB/27MB, paused 245us total 238.733ms
07-15 01:07:05.621 17906 17920 I vision.svplaye: Background concurrent copying GC freed 204851(6MB) AllocSpace objects, 0(0B) LOS objects, 22% free, 21MB/27MB, paused 203us total 236.989ms
07-15 01:07:07.985 17906 17920 I vision.svplaye: Background concurrent copying GC freed 204062(6MB) AllocSpace objects, 0(0B) LOS objects, 22% free, 21MB/27MB, paused 201us total 252.490ms
07-15 01:07:10.386 17906 17920 I vision.svplaye: Background concurrent copying GC freed 207425(6MB) AllocSpace objects, 0(0B) LOS objects, 22% free, 21MB/27MB, paused 232us total 243.316ms
07-15 01:07:12.776 17906 17920 I vision.svplaye: Background concurrent copying GC freed 203883(6MB) AllocSpace objects, 0(0B) LOS objects, 22% free, 21MB/27MB, paused 194us total 234.766ms
07-15 01:07:15.162 17906 17920 I vision.svplaye: Background concurrent copying GC freed 204822(6MB) AllocSpace objects, 0(0B) LOS objects, 22% free, 21MB/27MB, paused 221us total 237.366ms
07-15 01:07:17.565 17906 17920 I vision.svplaye: Background concurrent copying GC freed 205166(6MB) AllocSpace objects, 0(0B) LOS objects, 22% free, 21MB/27MB, paused 257us total 240.403ms
07-15 01:07:19.964 17906 17920 I vision.svplaye: Background concurrent copying GC freed 206173(6MB) AllocSpace objects, 0(0B) LOS objects, 22% free, 21MB/27MB, paused 194us total 238.786ms
07-15 01:07:22.370 17906 17920 I vision.svplaye: Background concurrent copying GC freed 205968(6MB) AllocSpace objects, 0(0B) LOS objects, 22% free, 21MB/27MB, paused 217us total 241.985ms
07-15 01:07:24.781 17906 17920 I vision.svplaye: Background concurrent copying GC freed 206212(6MB) AllocSpace objects, 0(0B) LOS objects, 21% free, 21MB/27MB, paused 200us total 249.452ms
07-15 01:07:27.191 17906 17920 I vision.svplaye: Background concurrent copying GC freed 207679(6MB) AllocSpace objects, 0(0B) LOS objects, 22% free, 21MB/27MB, paused 212us total 251.239ms
07-15 01:07:29.526 17906 17920 I vision.svplaye: Background concurrent copying GC freed 202851(6MB) AllocSpace objects, 0(0B) LOS objects, 22% free, 21MB/27MB, paused 190us total 239.625ms
07-15 01:07:31.908 17906 17920 I vision.svplaye: Background concurrent copying GC freed 205780(6MB) AllocSpace objects, 0(0B) LOS objects, 21% free, 21MB/27MB, paused 158us total 237.074ms
07-15 01:07:34.295 17906 17920 I vision.svplaye: Background concurrent copying GC freed 206184(6MB) AllocSpace objects, 0(0B) LOS objects, 22% free, 21MB/27MB, paused 225us total 248.804ms
