--------- beginning of main
07-15 05:13:51.137  5646  5656 I vision.svplaye: Background concurrent copying GC freed 188007(6MB) AllocSpace objects, 0(0B) LOS objects, 23% free, 19MB/25MB, paused 172us total 249.166ms
07-15 05:13:54.478  5646  5656 I vision.svplaye: Background concurrent copying GC freed 185917(5MB) AllocSpace objects, 0(0B) LOS objects, 23% free, 19MB/25MB, paused 213us total 245.047ms
07-15 05:13:57.714  5646  5656 I vision.svplaye: Background concurrent copying GC freed 185044(5MB) AllocSpace objects, 0(0B) LOS objects, 23% free, 19MB/25MB, paused 270us total 216.525ms
07-15 05:14:00.853  5646  5656 I vision.svplaye: Background concurrent copying GC freed 188508(5MB) AllocSpace objects, 0(0B) LOS objects, 23% free, 19MB/25MB, paused 262us total 216.214ms
07-15 05:14:03.977  5646  5656 I vision.svplaye: Background concurrent copying GC freed 190125(5MB) AllocSpace objects, 0(0B) LOS objects, 23% free, 19MB/25MB, paused 204us total 223.288ms
07-15 05:14:07.096  5646  5656 I vision.svplaye: Background concurrent copying GC freed 189687(6MB) AllocSpace objects, 0(0B) LOS objects, 23% free, 19MB/25MB, paused 295us total 295.171ms
07-15 05:14:10.151  5646  5656 I vision.svplaye: Background concurrent copying GC freed 185837(5MB) AllocSpace objects, 1(20KB) LOS objects, 23% free, 19MB/25MB, paused 183us total 211.921ms
07-15 05:14:12.563  5646  5656 I vision.svplaye: Background concurrent copying GC freed 180362(5MB) AllocSpace objects, 0(0B) LOS objects, 23% free, 19MB/25MB, paused 158us total 210.547ms
07-15 05:14:14.102  5646  5656 I vision.svplaye: Background concurrent copying GC freed 205194(6MB) AllocSpace objects, 0(0B) LOS objects, 23% free, 19MB/25MB, paused 164us total 207.504ms
07-15 05:14:15.628  5646  5656 I vision.svplaye: Background concurrent copying GC freed 197925(6MB) AllocSpace objects, 0(0B) LOS objects, 23% free, 19MB/25MB, paused 193us total 203.807ms
07-15 05:14:17.164  5646  5656 I vision.svplaye: Background concurrent copying GC freed 195238(6MB) AllocSpace objects, 0(0B) LOS objects, 23% free, 19MB/25MB, paused 148us total 214.761ms
07-15 05:14:18.689  5646  5656 I vision.svplaye: Background concurrent copying GC freed 200234(6MB) AllocSpace objects, 0(0B) LOS objects, 23% free, 19MB/25MB, paused 212us total 200.343ms
07-15 05:14:20.215  5646  5656 I vision.svplaye: Background concurrent copying GC freed 196652(6MB) AllocSpace objects, 0(0B) LOS objects, 23% free, 19MB/25MB, paused 216us total 199.454ms
07-15 05:14:21.749  5646  5656 I vision.svplaye: Background concurrent copying GC freed 198916(6MB) AllocSpace objects, 0(0B) LOS objects, 23% free, 19MB/25MB, paused 194us total 201.949ms
07-15 05:14:23.290  5646  5656 I vision.svplaye: Background concurrent copying GC freed 197636(6MB) AllocSpace objects, 0(0B) LOS objects, 23% free, 19MB/25MB, paused 270us total 213.891ms
07-15 05:14:24.808  5646  5656 I vision.svplaye: Background concurrent copying GC freed 201014(6MB) AllocSpace objects, 0(0B) LOS objects, 23% free, 19MB/25MB, paused 175us total 200.769ms
07-15 05:14:26.343  5646  5656 I vision.svplaye: Background concurrent copying GC freed 196188(6MB) AllocSpace objects, 0(0B) LOS objects, 23% free, 19MB/25MB, paused 229us total 209.894ms
07-15 05:14:27.863  5646  5656 I vision.svplaye: Background concurrent copying GC freed 199140(6MB) AllocSpace objects, 0(0B) LOS objects, 23% free, 19MB/25MB, paused 248us total 200.152ms
07-15 05:14:29.409  5646  5656 I vision.svplaye: Background concurrent copying GC freed 196884(6MB) AllocSpace objects, 0(0B) LOS objects, 23% free, 19MB/25MB, paused 229us total 216.555ms
07-15 05:14:30.999  5646  5656 I vision.svplaye: Background concurrent copying GC freed 200391(6MB) AllocSpace objects, 0(0B) LOS objects, 23% free, 19MB/25MB, paused 155us total 261.595ms
07-15 05:14:32.560  5646  5656 I vision.svplaye: Background concurrent copying GC freed 205849(6MB) AllocSpace objects, 0(0B) LOS objects, 23% free, 19MB/25MB, paused 194us total 227.605ms
07-15 05:14:34.099  5646  5656 I vision.svplaye: Background concurrent copying GC freed 200752(6MB) AllocSpace objects, 0(0B) LOS objects, 23% free, 19MB/25MB, paused 145us total 208.465ms
07-15 05:14:35.647  5646  5656 I vision.svplaye: Background concurrent copying GC freed 201311(6MB) AllocSpace objects, 0(0B) LOS objects, 23% free, 19MB/25MB, paused 262us total 212.530ms
07-15 05:14:37.171  5646  5656 I vision.svplaye: Background concurrent copying GC freed 198807(6MB) AllocSpace objects, 0(0B) LOS objects, 23% free, 19MB/25MB, paused 275us total 206.568ms
07-15 05:14:38.696  5646  5656 I vision.svplaye: Background concurrent copying GC freed 199481(6MB) AllocSpace objects, 0(0B) LOS objects, 23% free, 19MB/25MB, paused 165us total 207.642ms
07-15 05:14:40.223  5646  5656 I vision.svplaye: Background concurrent copying GC freed 195354(6MB) AllocSpace objects, 0(0B) LOS objects, 23% free, 19MB/25MB, paused 156us total 202.886ms
07-15 05:14:41.760  5646  5656 I vision.svplaye: Background concurrent copying GC freed 198462(6MB) AllocSpace objects, 0(0B) LOS objects, 23% free, 19MB/25MB, paused 188us total 210.915ms
07-15 05:14:43.292  5646  5656 I vision.svplaye: Background concurrent copying GC freed 197905(6MB) AllocSpace objects, 0(0B) LOS objects, 23% free, 19MB/25MB, paused 308us total 215.419ms
07-15 05:14:44.832  5646  5656 I vision.svplaye: Background concurrent copying GC freed 199036(6MB) AllocSpace objects, 0(0B) LOS objects, 23% free, 19MB/25MB, paused 184us total 199.948ms
07-15 05:14:46.338  5646  5656 I vision.svplaye: Background concurrent copying GC freed 196171(6MB) AllocSpace objects, 0(0B) LOS objects, 23% free, 19MB/25MB, paused 272us total 206.588ms
07-15 05:14:47.876  5646  5656 I vision.svplaye: Background concurrent copying GC freed 197061(6MB) AllocSpace objects, 0(0B) LOS objects, 23% free, 19MB/25MB, paused 199us total 215.859ms
07-15 05:14:49.391  5646  5656 I vision.svplaye: Background concurrent copying GC freed 198695(6MB) AllocSpace objects, 0(0B) LOS objects, 23% free, 19MB/25MB, paused 184us total 199.033ms
07-15 05:14:50.932  5646  5656 I vision.svplaye: Background concurrent copying GC freed 197141(6MB) AllocSpace objects, 0(0B) LOS objects, 23% free, 19MB/25MB, paused 226us total 206.458ms
07-15 05:14:52.462  5646  5656 I vision.svplaye: Background concurrent copying GC freed 197460(6MB) AllocSpace objects, 0(0B) LOS objects, 23% free, 19MB/25MB, paused 141us total 212.767ms
07-15 05:14:54.006  5646  5656 I vision.svplaye: Background concurrent copying GC freed 199034(6MB) AllocSpace objects, 0(0B) LOS objects, 23% free, 19MB/25MB, paused 172us total 223.024ms
07-15 05:14:55.454  5646  5656 I vision.svplaye: Background concurrent copying GC freed 202050(6MB) AllocSpace objects, 0(0B) LOS objects, 23% free, 19MB/25MB, paused 169us total 211.300ms
07-15 05:14:56.917  5646  5656 I vision.svplaye: Background concurrent copying GC freed 202826(6MB) AllocSpace objects, 0(0B) LOS objects, 23% free, 19MB/25MB, paused 131us total 208.450ms
07-15 05:14:58.384  5646  5656 I vision.svplaye: Background concurrent copying GC freed 203298(6MB) AllocSpace objects, 0(0B) LOS objects, 23% free, 19MB/25MB, paused 154us total 204.529ms
07-15 05:14:59.843  5646  5656 I vision.svplaye: Background concurrent copying GC freed 205215(6MB) AllocSpace objects, 0(0B) LOS objects, 23% free, 19MB/25MB, paused 142us total 199.689ms
07-15 05:15:01.323  5646  5656 I vision.svplaye: Background concurrent copying GC freed 200013(6MB) AllocSpace objects, 0(0B) LOS objects, 23% free, 19MB/25MB, paused 368us total 226.310ms
07-15 05:15:02.797  5646  5656 I vision.svplaye: Background concurrent copying GC freed 204383(6MB) AllocSpace objects, 0(0B) LOS objects, 23% free, 19MB/25MB, paused 181us total 210.963ms
07-15 05:15:04.269  5646  5656 I vision.svplaye: Background concurrent copying GC freed 205637(6MB) AllocSpace objects, 0(0B) LOS objects, 23% free, 19MB/25MB, paused 123us total 215.287ms
07-15 05:15:05.779  5646  5656 I vision.svplaye: Background concurrent copying GC freed 196845(6MB) AllocSpace objects, 1(20KB) LOS objects, 23% free, 19MB/25MB, paused 211us total 207.094ms
07-15 05:15:07.310  5646  5656 I vision.svplaye: Background concurrent copying GC freed 197452(6MB) AllocSpace objects, 0(0B) LOS objects, 23% free, 19MB/25MB, paused 175us total 210.843ms
07-15 05:15:08.808  5646  5656 I vision.svplaye: Background concurrent copying GC freed 197403(6MB) AllocSpace objects, 0(0B) LOS objects, 23% free, 19MB/25MB, paused 174us total 209.230ms
07-15 05:15:10.334  5646  5656 I vision.svplaye: Background concurrent copying GC freed 199012(6MB) AllocSpace objects, 0(0B) LOS objects, 23% free, 19MB/25MB, paused 149us total 202.713ms
07-15 05:15:11.863  5646  5656 I vision.svplaye: Background concurrent copying GC freed 196805(6MB) AllocSpace objects, 0(0B) LOS objects, 23% free, 19MB/25MB, paused 198us total 210.218ms
07-15 05:15:13.402  5646  5656 I vision.svplaye: Background concurrent copying GC freed 197485(6MB) AllocSpace objects, 0(0B) LOS objects, 23% free, 19MB/25MB, paused 209us total 215.722ms
07-15 05:15:14.940  5646  5656 I vision.svplaye: Background concurrent copying GC freed 200225(6MB) AllocSpace objects, 0(0B) LOS objects, 23% free, 19MB/25MB, paused 134us total 202.040ms
07-15 05:15:16.482  5646  5656 I vision.svplaye: Background concurrent copying GC freed 199598(6MB) AllocSpace objects, 0(0B) LOS objects, 23% free, 19MB/25MB, paused 220us total 207.784ms
07-15 05:15:18.009  5646  5656 I vision.svplaye: Background concurrent copying GC freed 199969(6MB) AllocSpace objects, 0(0B) LOS objects, 23% free, 19MB/25MB, paused 138us total 200.749ms
07-15 05:15:19.545  5646  5656 I vision.svplaye: Background concurrent copying GC freed 197212(6MB) AllocSpace objects, 0(0B) LOS objects, 23% free, 19MB/25MB, paused 179us total 206.763ms
07-15 05:15:21.078  5646  5656 I vision.svplaye: Background concurrent copying GC freed 199596(6MB) AllocSpace objects, 0(0B) LOS objects, 23% free, 19MB/25MB, paused 151us total 212.440ms
07-15 05:15:22.598  5646  5656 I vision.svplaye: Background concurrent copying GC freed 198131(6MB) AllocSpace objects, 0(0B) LOS objects, 23% free, 19MB/25MB, paused 143us total 200.235ms
07-15 05:15:24.145  5646  5656 I vision.svplaye: Background concurrent copying GC freed 197456(6MB) AllocSpace objects, 0(0B) LOS objects, 23% free, 19MB/25MB, paused 202us total 216.304ms
07-15 05:15:25.660  5646  5656 I vision.svplaye: Background concurrent copying GC freed 199400(6MB) AllocSpace objects, 0(0B) LOS objects, 23% free, 19MB/25MB, paused 148us total 205.644ms
07-15 05:15:27.187  5646  5656 I vision.svplaye: Background concurrent copying GC freed 196144(6MB) AllocSpace objects, 0(0B) LOS objects, 23% free, 19MB/25MB, paused 207us total 203.201ms
07-15 05:15:28.705  5646  5656 I vision.svplaye: Background concurrent copying GC freed 197397(6MB) AllocSpace objects, 0(0B) LOS objects, 23% free, 19MB/25MB, paused 156us total 197.107ms
07-15 05:15:30.245  5646  5656 I vision.svplaye: Background concurrent copying GC freed 197757(6MB) AllocSpace objects, 0(0B) LOS objects, 23% free, 19MB/25MB, paused 155us total 209.283ms
07-15 05:15:31.772  5646  5656 I vision.svplaye: Background concurrent copying GC freed 199042(6MB) AllocSpace objects, 0(0B) LOS objects, 23% free, 19MB/25MB, paused 164us total 203.731ms
07-15 05:15:33.295  5646  5656 I vision.svplaye: Background concurrent copying GC freed 197815(6MB) AllocSpace objects, 0(0B) LOS objects, 23% free, 19MB/25MB, paused 195us total 199.436ms
07-15 05:15:34.834  5646  5656 I vision.svplaye: Background concurrent copying GC freed 198234(6MB) AllocSpace objects, 0(0B) LOS objects, 23% free, 19MB/25MB, paused 168us total 209.048ms
07-15 05:15:36.359  5646  5656 I vision.svplaye: Background concurrent copying GC freed 198510(6MB) AllocSpace objects, 0(0B) LOS objects, 23% free, 19MB/25MB, paused 194us total 202.872ms
07-15 05:15:37.900  5646  5656 I vision.svplaye: Background concurrent copying GC freed 197942(6MB) AllocSpace objects, 0(0B) LOS objects, 23% free, 19MB/25MB, paused 203us total 213.425ms
07-15 05:15:39.421  5646  5656 I vision.svplaye: Background concurrent copying GC freed 200021(6MB) AllocSpace objects, 0(0B) LOS objects, 23% free, 19MB/25MB, paused 187us total 203.261ms
07-15 05:15:40.941  5646  5656 I vision.svplaye: Background concurrent copying GC freed 197118(6MB) AllocSpace objects, 0(0B) LOS objects, 23% free, 19MB/25MB, paused 191us total 198.070ms
07-15 05:15:42.547  5646  5656 I vision.svplaye: Background concurrent copying GC freed 195597(6MB) AllocSpace objects, 0(0B) LOS objects, 23% free, 19MB/25MB, paused 198us total 250.359ms
07-15 05:15:44.052  5646  5656 I vision.svplaye: Background concurrent copying GC freed 203035(6MB) AllocSpace objects, 0(0B) LOS objects, 23% free, 19MB/25MB, paused 159us total 198.501ms
07-15 05:15:45.594  5646  5656 I vision.svplaye: Background concurrent copying GC freed 197053(6MB) AllocSpace objects, 0(0B) LOS objects, 23% free, 19MB/25MB, paused 222us total 214.477ms
07-15 05:15:47.122  5646  5656 I vision.svplaye: Background concurrent copying GC freed 201734(6MB) AllocSpace objects, 0(0B) LOS objects, 23% free, 19MB/25MB, paused 208us total 208.864ms
07-15 05:15:48.626  5646  5656 I vision.svplaye: Background concurrent copying GC freed 195161(6MB) AllocSpace objects, 0(0B) LOS objects, 23% free, 19MB/25MB, paused 812us total 209.363ms
07-15 05:15:50.121  5646  5656 I vision.svplaye: Background concurrent copying GC freed 197425(6MB) AllocSpace objects, 0(0B) LOS objects, 23% free, 19MB/25MB, paused 165us total 208.685ms
07-15 05:15:51.583  5646  5656 I vision.svplaye: Background concurrent copying GC freed 196817(6MB) AllocSpace objects, 0(0B) LOS objects, 23% free, 19MB/25MB, paused 209us total 204.542ms
07-15 05:15:53.047  5646  5656 I vision.svplaye: Background concurrent copying GC freed 196421(6MB) AllocSpace objects, 0(0B) LOS objects, 23% free, 19MB/25MB, paused 168us total 200.448ms
07-15 05:15:54.530  5646  5656 I vision.svplaye: Background concurrent copying GC freed 195120(6MB) AllocSpace objects, 0(0B) LOS objects, 23% free, 19MB/25MB, paused 187us total 215.353ms
07-15 05:15:56.021  5646  5656 I vision.svplaye: Background concurrent copying GC freed 196822(6MB) AllocSpace objects, 0(0B) LOS objects, 23% free, 19MB/25MB, paused 195us total 213.842ms
07-15 05:15:57.518  5646  5656 I vision.svplaye: Background concurrent copying GC freed 199507(6MB) AllocSpace objects, 0(0B) LOS objects, 23% free, 19MB/25MB, paused 192us total 210.354ms
07-15 05:15:59.016  5646  5656 I vision.svplaye: Background concurrent copying GC freed 199063(6MB) AllocSpace objects, 0(0B) LOS objects, 23% free, 19MB/25MB, paused 139us total 212.362ms
07-15 05:16:00.549  5646  5656 I vision.svplaye: Background concurrent copying GC freed 200436(6MB) AllocSpace objects, 0(0B) LOS objects, 23% free, 19MB/25MB, paused 192us total 226.567ms
07-15 05:16:02.063  5646  5656 I vision.svplaye: Background concurrent copying GC freed 202655(6MB) AllocSpace objects, 0(0B) LOS objects, 23% free, 19MB/25MB, paused 166us total 210.576ms
07-15 05:16:03.529  5646  5656 I vision.svplaye: Background concurrent copying GC freed 200301(6MB) AllocSpace objects, 0(0B) LOS objects, 23% free, 19MB/25MB, paused 133us total 206.386ms
07-15 05:16:04.981  5646  5656 I vision.svplaye: Background concurrent copying GC freed 203797(6MB) AllocSpace objects, 0(0B) LOS objects, 23% free, 19MB/25MB, paused 246us total 212.733ms
07-15 05:16:06.402  5646  5656 I vision.svplaye: Background concurrent copying GC freed 205740(6MB) AllocSpace objects, 0(0B) LOS objects, 23% free, 19MB/25MB, paused 240us total 195.872ms
07-15 05:16:07.844  5646  5656 I vision.svplaye: Background concurrent copying GC freed 201988(6MB) AllocSpace objects, 0(0B) LOS objects, 23% free, 19MB/25MB, paused 137us total 209.931ms
07-15 05:16:09.257  5646  5656 I vision.svplaye: Background concurrent copying GC freed 198816(6MB) AllocSpace objects, 0(0B) LOS objects, 23% free, 19MB/25MB, paused 188us total 220.179ms
07-15 05:16:10.697  5646  5656 I vision.svplaye: Background concurrent copying GC freed 204241(6MB) AllocSpace objects, 0(0B) LOS objects, 23% free, 19MB/25MB, paused 181us total 214.337ms
07-15 05:16:12.127  5646  5656 I vision.svplaye: Background concurrent copying GC freed 205156(6MB) AllocSpace objects, 0(0B) LOS objects, 23% free, 19MB/25MB, paused 161us total 205.284ms
07-15 05:16:13.591  5646  5656 I vision.svplaye: Background concurrent copying GC freed 200574(6MB) AllocSpace objects, 0(0B) LOS objects, 23% free, 19MB/25MB, paused 184us total 215.278ms
07-15 05:16:15.093  5646  5656 I vision.svplaye: Background concurrent copying GC freed 200056(6MB) AllocSpace objects, 1(20KB) LOS objects, 23% free, 19MB/25MB, paused 260us total 213.113ms
07-15 05:16:16.610  5646  5656 I vision.svplaye: Background concurrent copying GC freed 200844(6MB) AllocSpace objects, 0(0B) LOS objects, 23% free, 19MB/25MB, paused 190us total 209.861ms
07-15 05:16:18.102  5646  5656 I vision.svplaye: Background concurrent copying GC freed 198905(6MB) AllocSpace objects, 0(0B) LOS objects, 23% free, 19MB/25MB, paused 185us total 199.959ms
07-15 05:16:19.604  5646  5656 I vision.svplaye: Background concurrent copying GC freed 197261(6MB) AllocSpace objects, 0(0B) LOS objects, 23% free, 19MB/25MB, paused 181us total 206.465ms
07-15 05:16:21.109  5646  5656 I vision.svplaye: Background concurrent copying GC freed 198786(6MB) AllocSpace objects, 0(0B) LOS objects, 23% free, 19MB/25MB, paused 212us total 215.025ms
07-15 05:16:22.609  5646  5656 I vision.svplaye: Background concurrent copying GC freed 200044(6MB) AllocSpace objects, 0(0B) LOS objects, 23% free, 19MB/25MB, paused 196us total 209.402ms
07-15 05:16:24.107  5646  5656 I vision.svplaye: Background concurrent copying GC freed 199272(6MB) AllocSpace objects, 0(0B) LOS objects, 23% free, 19MB/25MB, paused 155us total 206.691ms
07-15 05:16:25.608  5646  5656 I vision.svplaye: Background concurrent copying GC freed 198210(6MB) AllocSpace objects, 0(0B) LOS objects, 23% free, 19MB/25MB, paused 168us total 205.949ms
07-15 05:16:27.103  5646  5656 I vision.svplaye: Background concurrent copying GC freed 198351(6MB) AllocSpace objects, 0(0B) LOS objects, 23% free, 19MB/25MB, paused 158us total 204.213ms
07-15 05:16:28.588  5646  5656 I vision.svplaye: Background concurrent copying GC freed 197889(6MB) AllocSpace objects, 0(0B) LOS objects, 23% free, 19MB/25MB, paused 151us total 202.821ms
07-15 05:16:30.082  5646  5656 I vision.svplaye: Background concurrent copying GC freed 197365(6MB) AllocSpace objects, 0(0B) LOS objects, 23% free, 19MB/25MB, paused 140us total 200.133ms
07-15 05:16:31.587  5646  5656 I vision.svplaye: Background concurrent copying GC freed 198439(6MB) AllocSpace objects, 0(0B) LOS objects, 23% free, 19MB/25MB, paused 212us total 206.730ms
07-15 05:16:33.079  5646  5656 I vision.svplaye: Background concurrent copying GC freed 197339(6MB) AllocSpace objects, 0(0B) LOS objects, 23% free, 19MB/25MB, paused 155us total 205.998ms
07-15 05:16:34.574  5646  5656 I vision.svplaye: Background concurrent copying GC freed 198480(6MB) AllocSpace objects, 0(0B) LOS objects, 23% free, 19MB/25MB, paused 154us total 202.559ms
07-15 05:16:36.072  5646  5656 I vision.svplaye: Background concurrent copying GC freed 198033(6MB) AllocSpace objects, 0(0B) LOS objects, 23% free, 19MB/25MB, paused 179us total 202.363ms
07-15 05:16:37.580  5646  5656 I vision.svplaye: Background concurrent copying GC freed 196819(6MB) AllocSpace objects, 0(0B) LOS objects, 23% free, 19MB/25MB, paused 198us total 208.997ms
07-15 05:16:39.065  5646  5656 I vision.svplaye: Background concurrent copying GC freed 199516(6MB) AllocSpace objects, 0(0B) LOS objects, 23% free, 19MB/25MB, paused 156us total 197.487ms
07-15 05:16:40.566  5646  5656 I vision.svplaye: Background concurrent copying GC freed 196169(6MB) AllocSpace objects, 0(0B) LOS objects, 23% free, 19MB/25MB, paused 181us total 207.407ms
07-15 05:16:42.071  5646  5656 I vision.svplaye: Background concurrent copying GC freed 197441(6MB) AllocSpace objects, 0(0B) LOS objects, 23% free, 19MB/25MB, paused 172us total 211.840ms
07-15 05:16:43.569  5646  5656 I vision.svplaye: Background concurrent copying GC freed 199941(6MB) AllocSpace objects, 0(0B) LOS objects, 23% free, 19MB/25MB, paused 182us total 202.261ms
07-15 05:16:45.057  5646  5656 I vision.svplaye: Background concurrent copying GC freed 199074(6MB) AllocSpace objects, 0(0B) LOS objects, 23% free, 19MB/25MB, paused 160us total 204.458ms
07-15 05:16:46.557  5646  5656 I vision.svplaye: Background concurrent copying GC freed 198557(6MB) AllocSpace objects, 0(0B) LOS objects, 23% free, 19MB/25MB, paused 153us total 205.871ms
07-15 05:16:48.063  5646  5656 I vision.svplaye: Background concurrent copying GC freed 198011(6MB) AllocSpace objects, 0(0B) LOS objects, 23% free, 19MB/25MB, paused 325us total 210.443ms
07-15 05:16:49.574  5646  5656 I vision.svplaye: Background concurrent copying GC freed 199004(6MB) AllocSpace objects, 0(0B) LOS objects, 23% free, 19MB/25MB, paused 131us total 203.410ms
07-15 05:16:51.081  5646  5656 I vision.svplaye: Background concurrent copying GC freed 199015(6MB) AllocSpace objects, 0(0B) LOS objects, 23% free, 19MB/25MB, paused 157us total 207.545ms
07-15 05:16:52.583  5646  5656 I vision.svplaye: Background concurrent copying GC freed 201112(6MB) AllocSpace objects, 0(0B) LOS objects, 23% free, 19MB/25MB, paused 213us total 207.503ms
07-15 05:16:54.060  5646  5646 I SVStartup: state localReady=true checking=false activated=true playableSource=true route=profile
07-15 05:16:54.103  5646  5660 I vision.svplaye: Waiting for a blocking GC ProfileSaver
07-15 05:16:54.214  5646  5656 I vision.svplaye: Background concurrent copying GC freed 195166(6MB) AllocSpace objects, 0(0B) LOS objects, 23% free, 19MB/25MB, paused 191us total 218.578ms
07-15 05:16:54.215  5646  5660 I vision.svplaye: WaitForGcToComplete blocked ProfileSaver on HeapTrim for 111.947ms
07-15 05:16:54.431  5646  5651 I vision.svplaye: JIT allocated 51KB for stack maps of void com.smartvision.svplayer.ui.profile.ProfileAreaScreenKt.ProfileAreaScreen(com.smartvision.svplayer.ui.i18n.SmartVisionStrings, com.smartvision.svplayer.ui.profile.ProfileAreaDestination, com.smartvision.svplayer.ui.profile.ProfileUiState, com.smartvision.svplayer.domain.model.SyncStatus, com.smartvision.svplayer.domain.model.PlayerSettings, com.smartvision.svplayer.domain.model.ParentalControlScope, java.lang.Integer, boolean, boolean, boolean, com.smartvision.svplayer.ui.profile.ParentalControlUiState, com.smartvision.svplayer.ui.profile.ParentalControlViewModel, java.lang.String, java.util.List, boolean, boolean, int, com.smartvision.svplayer.domain.access.PremiumFeatureGateResult, boolean, kotlin.jvm.functions.Function1, kotlin.jvm.functions.Function1, kotlin.jvm.functions.Function0, kotlin.jvm.functions.Function0, kotlin.jvm.functions.Function0, kotlin.jvm.functions.Function0, kotlin.jvm.functions.Function1, kotlin.jvm.functions.Function0, kotlin.jvm.functions.Fu
07-15 05:16:54.442  5646  5651 I vision.svplaye: Compiler allocated 4MB to compile void com.smartvision.svplayer.ui.profile.ProfileAreaScreenKt.ProfileAreaScreen(com.smartvision.svplayer.ui.i18n.SmartVisionStrings, com.smartvision.svplayer.ui.profile.ProfileAreaDestination, com.smartvision.svplayer.ui.profile.ProfileUiState, com.smartvision.svplayer.domain.model.SyncStatus, com.smartvision.svplayer.domain.model.PlayerSettings, com.smartvision.svplayer.domain.model.ParentalControlScope, java.lang.Integer, boolean, boolean, boolean, com.smartvision.svplayer.ui.profile.ParentalControlUiState, com.smartvision.svplayer.ui.profile.ParentalControlViewModel, java.lang.String, java.util.List, boolean, boolean, int, com.smartvision.svplayer.domain.access.PremiumFeatureGateResult, boolean, kotlin.jvm.functions.Function1, kotlin.jvm.functions.Function1, kotlin.jvm.functions.Function0, kotlin.jvm.functions.Function0, kotlin.jvm.functions.Function0, kotlin.jvm.functions.Function0, kotlin.jvm.functions.Function1, kotlin.jvm.functions.Function0, kotlin.jvm.functions.Funct
07-15 05:16:56.109  5646  5656 I vision.svplaye: Background concurrent copying GC freed 148420(5MB) AllocSpace objects, 4(176KB) LOS objects, 22% free, 20MB/26MB, paused 289us total 228.392ms
07-15 05:16:57.613  5646  5656 I vision.svplaye: Background concurrent copying GC freed 254149(7MB) AllocSpace objects, 0(0B) LOS objects, 24% free, 18MB/24MB, paused 147us total 218.405ms
07-15 05:16:59.036  5646  5656 I vision.svplaye: Background concurrent copying GC freed 213732(6MB) AllocSpace objects, 0(0B) LOS objects, 24% free, 18MB/24MB, paused 197us total 195.647ms
07-15 05:17:00.420  5646  5656 I vision.svplaye: Background concurrent copying GC freed 215233(6MB) AllocSpace objects, 0(0B) LOS objects, 23% free, 19MB/25MB, paused 130us total 192.503ms
07-15 05:17:01.817  5646  5656 I vision.svplaye: Background concurrent copying GC freed 216533(6MB) AllocSpace objects, 0(0B) LOS objects, 23% free, 19MB/25MB, paused 148us total 206.422ms
07-15 05:17:03.227  5646  5656 I vision.svplaye: Background concurrent copying GC freed 219288(6MB) AllocSpace objects, 0(0B) LOS objects, 23% free, 19MB/25MB, paused 134us total 212.411ms
07-15 05:17:04.622  5646  5656 I vision.svplaye: Background concurrent copying GC freed 220001(6MB) AllocSpace objects, 0(0B) LOS objects, 23% free, 19MB/25MB, paused 183us total 198.303ms
07-15 05:17:06.009  5646  5656 I vision.svplaye: Background concurrent copying GC freed 215646(6MB) AllocSpace objects, 0(0B) LOS objects, 23% free, 19MB/25MB, paused 122us total 192.261ms
07-15 05:17:07.395  5646  5656 I vision.svplaye: Background concurrent copying GC freed 216588(6MB) AllocSpace objects, 0(0B) LOS objects, 23% free, 19MB/25MB, paused 160us total 195.470ms
07-15 05:17:08.764  5646  5656 I vision.svplaye: Background concurrent copying GC freed 210430(6MB) AllocSpace objects, 0(0B) LOS objects, 23% free, 19MB/25MB, paused 143us total 203.095ms
07-15 05:17:10.223  5646  5656 I vision.svplaye: Background concurrent copying GC freed 211094(6MB) AllocSpace objects, 1(20KB) LOS objects, 23% free, 19MB/25MB, paused 151us total 198.992ms
07-15 05:17:11.690  5646  5656 I vision.svplaye: Background concurrent copying GC freed 214312(6MB) AllocSpace objects, 0(0B) LOS objects, 23% free, 19MB/25MB, paused 133us total 197.603ms
07-15 05:17:13.174  5646  5656 I vision.svplaye: Background concurrent copying GC freed 214587(6MB) AllocSpace objects, 0(0B) LOS objects, 23% free, 19MB/25MB, paused 151us total 212.809ms
07-15 05:17:14.646  5646  5656 I vision.svplaye: Background concurrent copying GC freed 217432(6MB) AllocSpace objects, 0(0B) LOS objects, 24% free, 18MB/24MB, paused 192us total 196.749ms
07-15 05:17:16.151  5646  5656 I vision.svplaye: Background concurrent copying GC freed 206517(6MB) AllocSpace objects, 0(0B) LOS objects, 24% free, 18MB/24MB, paused 167us total 194.771ms
07-15 05:17:17.624  5646  5656 I vision.svplaye: Background concurrent copying GC freed 211933(6MB) AllocSpace objects, 0(0B) LOS objects, 23% free, 19MB/25MB, paused 153us total 198.522ms
07-15 05:17:19.125  5646  5656 I vision.svplaye: Background concurrent copying GC freed 213571(6MB) AllocSpace objects, 0(0B) LOS objects, 23% free, 19MB/25MB, paused 227us total 218.164ms
07-15 05:17:20.613  5646  5656 I vision.svplaye: Background concurrent copying GC freed 217290(6MB) AllocSpace objects, 0(0B) LOS objects, 23% free, 19MB/25MB, paused 233us total 216.611ms
07-15 05:17:22.104  5646  5656 I vision.svplaye: Background concurrent copying GC freed 217614(6MB) AllocSpace objects, 0(0B) LOS objects, 23% free, 19MB/25MB, paused 248us total 220.399ms
07-15 05:17:23.594  5646  5656 I vision.svplaye: Background concurrent copying GC freed 215466(6MB) AllocSpace objects, 0(0B) LOS objects, 23% free, 19MB/25MB, paused 206us total 218.136ms
07-15 05:17:25.061  5646  5656 I vision.svplaye: Background concurrent copying GC freed 217943(6MB) AllocSpace objects, 0(0B) LOS objects, 23% free, 19MB/25MB, paused 211us total 197.152ms
07-15 05:17:26.543  5646  5656 I vision.svplaye: Background concurrent copying GC freed 213166(6MB) AllocSpace objects, 0(0B) LOS objects, 23% free, 19MB/25MB, paused 139us total 202.183ms
07-15 05:17:28.020  5646  5656 I vision.svplaye: Background concurrent copying GC freed 212349(6MB) AllocSpace objects, 0(0B) LOS objects, 23% free, 19MB/25MB, paused 177us total 206.808ms
07-15 05:17:29.487  5646  5656 I vision.svplaye: Background concurrent copying GC freed 215697(6MB) AllocSpace objects, 0(0B) LOS objects, 24% free, 18MB/24MB, paused 233us total 200.197ms
07-15 05:17:30.953  5646  5656 I vision.svplaye: Background concurrent copying GC freed 203136(6MB) AllocSpace objects, 0(0B) LOS objects, 23% free, 19MB/25MB, paused 172us total 201.910ms
07-15 05:17:32.423  5646  5656 I vision.svplaye: Background concurrent copying GC freed 211418(6MB) AllocSpace objects, 0(0B) LOS objects, 23% free, 19MB/25MB, paused 225us total 208.787ms
07-15 05:17:33.890  5646  5656 I vision.svplaye: Background concurrent copying GC freed 214408(6MB) AllocSpace objects, 0(0B) LOS objects, 23% free, 19MB/25MB, paused 139us total 207.446ms
07-15 05:17:35.320  5646  5656 I vision.svplaye: Background concurrent copying GC freed 216377(6MB) AllocSpace objects, 0(0B) LOS objects, 23% free, 19MB/25MB, paused 145us total 203.343ms
07-15 05:17:36.713  5646  5656 I vision.svplaye: Background concurrent copying GC freed 218433(6MB) AllocSpace objects, 0(0B) LOS objects, 23% free, 19MB/25MB, paused 185us total 203.492ms
07-15 05:17:38.098  5646  5656 I vision.svplaye: Background concurrent copying GC freed 217873(6MB) AllocSpace objects, 0(0B) LOS objects, 23% free, 19MB/25MB, paused 134us total 194.737ms
07-15 05:17:39.492  5646  5656 I vision.svplaye: Background concurrent copying GC freed 217118(6MB) AllocSpace objects, 0(0B) LOS objects, 23% free, 19MB/25MB, paused 702us total 197.358ms
07-15 05:17:40.893  5646  5656 I vision.svplaye: Background concurrent copying GC freed 218533(6MB) AllocSpace objects, 0(0B) LOS objects, 23% free, 19MB/25MB, paused 185us total 215.039ms
07-15 05:17:42.295  5646  5656 I vision.svplaye: Background concurrent copying GC freed 221171(6MB) AllocSpace objects, 0(0B) LOS objects, 23% free, 19MB/25MB, paused 144us total 205.090ms
07-15 05:17:43.702  5646  5656 I vision.svplaye: Background concurrent copying GC freed 219022(6MB) AllocSpace objects, 0(0B) LOS objects, 23% free, 19MB/25MB, paused 219us total 214.998ms
07-15 05:17:45.117  5646  5656 I vision.svplaye: Background concurrent copying GC freed 219632(6MB) AllocSpace objects, 0(0B) LOS objects, 23% free, 19MB/25MB, paused 201us total 201.439ms
07-15 05:17:46.599  5646  5656 I vision.svplaye: Background concurrent copying GC freed 210899(6MB) AllocSpace objects, 1(20KB) LOS objects, 23% free, 19MB/25MB, paused 183us total 195.863ms
07-15 05:17:48.069  5646  5656 I vision.svplaye: Background concurrent copying GC freed 212418(6MB) AllocSpace objects, 0(0B) LOS objects, 23% free, 19MB/25MB, paused 231us total 195.776ms
07-15 05:17:49.544  5646  5656 I vision.svplaye: Background concurrent copying GC freed 212442(6MB) AllocSpace objects, 0(0B) LOS objects, 23% free, 19MB/25MB, paused 139us total 195.859ms
07-15 05:17:51.019  5646  5656 I vision.svplaye: Background concurrent copying GC freed 211707(6MB) AllocSpace objects, 0(0B) LOS objects, 23% free, 19MB/25MB, paused 145us total 203.517ms
07-15 05:17:52.495  5646  5656 I vision.svplaye: Background concurrent copying GC freed 215160(6MB) AllocSpace objects, 0(0B) LOS objects, 23% free, 19MB/25MB, paused 224us total 205.506ms
07-15 05:17:53.960  5646  5656 I vision.svplaye: Background concurrent copying GC freed 214648(6MB) AllocSpace objects, 0(0B) LOS objects, 23% free, 19MB/25MB, paused 139us total 201.825ms
07-15 05:17:55.438  5646  5656 I vision.svplaye: Background concurrent copying GC freed 214256(6MB) AllocSpace objects, 0(0B) LOS objects, 23% free, 19MB/25MB, paused 184us total 196.098ms
07-15 05:17:56.917  5646  5656 I vision.svplaye: Background concurrent copying GC freed 213863(6MB) AllocSpace objects, 0(0B) LOS objects, 23% free, 19MB/25MB, paused 159us total 211.862ms
07-15 05:17:58.390  5646  5656 I vision.svplaye: Background concurrent copying GC freed 215694(6MB) AllocSpace objects, 0(0B) LOS objects, 23% free, 19MB/25MB, paused 200us total 191.757ms
07-15 05:17:59.882  5646  5656 I vision.svplaye: Background concurrent copying GC freed 211313(6MB) AllocSpace objects, 0(0B) LOS objects, 23% free, 19MB/25MB, paused 187us total 217.732ms
07-15 05:18:01.370  5646  5656 I vision.svplaye: Background concurrent copying GC freed 218469(6MB) AllocSpace objects, 0(0B) LOS objects, 23% free, 19MB/25MB, paused 145us total 210.487ms
07-15 05:18:02.866  5646  5656 I vision.svplaye: Background concurrent copying GC freed 215330(6MB) AllocSpace objects, 0(0B) LOS objects, 23% free, 19MB/25MB, paused 255us total 216.324ms
07-15 05:18:04.340  5646  5656 I vision.svplaye: Background concurrent copying GC freed 217370(6MB) AllocSpace objects, 0(0B) LOS objects, 23% free, 19MB/25MB, paused 262us total 204.870ms
07-15 05:18:05.801  5646  5656 I vision.svplaye: Background concurrent copying GC freed 214322(6MB) AllocSpace objects, 0(0B) LOS objects, 23% free, 19MB/25MB, paused 191us total 197.212ms
07-15 05:18:07.278  5646  5656 I vision.svplaye: Background concurrent copying GC freed 213670(6MB) AllocSpace objects, 0(0B) LOS objects, 23% free, 19MB/25MB, paused 169us total 204.996ms
07-15 05:18:08.748  5646  5656 I vision.svplaye: Background concurrent copying GC freed 213632(6MB) AllocSpace objects, 0(0B) LOS objects, 23% free, 19MB/25MB, paused 190us total 208.753ms
07-15 05:18:10.244  5646  5656 I vision.svplaye: Background concurrent copying GC freed 216496(6MB) AllocSpace objects, 0(0B) LOS objects, 23% free, 19MB/25MB, paused 184us total 219.194ms
07-15 05:18:11.733  5646  5656 I vision.svplaye: Background concurrent copying GC freed 218351(6MB) AllocSpace objects, 0(0B) LOS objects, 23% free, 19MB/25MB, paused 145us total 213.053ms
07-15 05:18:13.189  5646  5656 I vision.svplaye: Background concurrent copying GC freed 215883(6MB) AllocSpace objects, 0(0B) LOS objects, 23% free, 19MB/25MB, paused 162us total 196.512ms
07-15 05:18:14.656  5646  5656 I vision.svplaye: Background concurrent copying GC freed 211597(6MB) AllocSpace objects, 0(0B) LOS objects, 23% free, 19MB/25MB, paused 156us total 197.814ms
07-15 05:18:16.119  5646  5656 I vision.svplaye: Background concurrent copying GC freed 214141(6MB) AllocSpace objects, 0(0B) LOS objects, 23% free, 19MB/25MB, paused 132us total 199.635ms
07-15 05:18:17.581  5646  5656 I vision.svplaye: Background concurrent copying GC freed 213909(6MB) AllocSpace objects, 0(0B) LOS objects, 23% free, 19MB/25MB, paused 220us total 198.736ms
07-15 05:18:19.052  5646  5656 I vision.svplaye: Background concurrent copying GC freed 213473(6MB) AllocSpace objects, 0(0B) LOS objects, 23% free, 19MB/25MB, paused 198us total 199.717ms
07-15 05:18:20.536  5646  5656 I vision.svplaye: Background concurrent copying GC freed 212577(6MB) AllocSpace objects, 0(0B) LOS objects, 23% free, 19MB/25MB, paused 207us total 201.190ms
07-15 05:18:21.948  5646  5656 I vision.svplaye: Background concurrent copying GC freed 213520(6MB) AllocSpace objects, 0(0B) LOS objects, 23% free, 19MB/25MB, paused 184us total 194.162ms
07-15 05:18:23.361  5646  5656 I vision.svplaye: Background concurrent copying GC freed 216442(6MB) AllocSpace objects, 0(0B) LOS objects, 23% free, 19MB/25MB, paused 239us total 206.962ms
07-15 05:18:24.750  5646  5656 I vision.svplaye: Background concurrent copying GC freed 220991(6MB) AllocSpace objects, 0(0B) LOS objects, 23% free, 19MB/25MB, paused 193us total 204.193ms
07-15 05:18:26.144  5646  5656 I vision.svplaye: Background concurrent copying GC freed 218513(6MB) AllocSpace objects, 0(0B) LOS objects, 23% free, 19MB/25MB, paused 135us total 203.850ms
07-15 05:18:27.538  5646  5656 I vision.svplaye: Background concurrent copying GC freed 217308(6MB) AllocSpace objects, 0(0B) LOS objects, 23% free, 19MB/25MB, paused 166us total 208.902ms
07-15 05:18:28.918  5646  5656 I vision.svplaye: Background concurrent copying GC freed 215812(6MB) AllocSpace objects, 0(0B) LOS objects, 23% free, 19MB/25MB, paused 192us total 192.597ms
07-15 05:18:30.320  5646  5656 I vision.svplaye: Background concurrent copying GC freed 216178(6MB) AllocSpace objects, 0(0B) LOS objects, 23% free, 19MB/25MB, paused 137us total 197.676ms
