--------- beginning of main
07-21 19:59:06.373 15386 15403 I chatty  : uid=10247(com.smartvision.svplayer) HeapTaskDaemon expire 1 line
07-21 19:59:06.496 15386 15657 I chatty  : uid=10247(com.smartvision.svplayer) expire 132 lines
07-21 19:59:06.551 15386 15386 I chatty  : uid=10247(com.smartvision.svplayer) expire 3 lines
07-21 19:59:06.678 15386 15668 I chatty  : uid=10247(com.smartvision.svplayer) expire 1 line
07-21 19:59:06.678 15386 15670 I chatty  : uid=10247(com.smartvision.svplayer) expire 1 line
07-21 19:59:06.976 15386 15403 I chatty  : uid=10247(com.smartvision.svplayer) HeapTaskDaemon expire 2 lines
07-21 19:59:10.213 15386 15386 I chatty  : uid=10247(com.smartvision.svplayer) expire 3 lines
07-21 19:59:10.456 15386 15489 I chatty  : uid=10247(com.smartvision.svplayer) RenderThread expire 2 lines
07-21 19:59:10.626 15386 15386 I chatty  : uid=10247(com.smartvision.svplayer) expire 4 lines
07-21 19:59:11.885 15386 15403 I chatty  : uid=10247(com.smartvision.svplayer) HeapTaskDaemon expire 3 lines
07-21 19:59:12.693 15386 15393 I chatty  : uid=10247(com.smartvision.svplayer) Jit thread pool expire 2 lines
07-21 19:59:12.948 15386 15489 I chatty  : uid=10247(com.smartvision.svplayer) RenderThread expire 1 line
07-21 19:59:13.016 15386 15386 I chatty  : uid=10247(com.smartvision.svplayer) expire 2 lines
07-21 19:59:13.151 15386 15489 I chatty  : uid=10247(com.smartvision.svplayer) RenderThread expire 1 line
07-21 19:59:13.327 15386 15386 I chatty  : uid=10247(com.smartvision.svplayer) expire 3 lines
07-21 19:59:14.851 15386 15403 I chatty  : uid=10247(com.smartvision.svplayer) HeapTaskDaemon expire 2 lines
07-21 19:59:15.086 15386 15393 I chatty  : uid=10247(com.smartvision.svplayer) Jit thread pool expire 1 line
07-21 19:59:15.742 15386 15489 I OpenGLRenderer: Davey! duration=1531ms; Flags=0, IntendedVsync=13112023448971, Vsync=13112156915771, OldestInputEvent=9223372036854775807, NewestInputEvent=0, HandleInputStart=13112165747779, AnimationStart=13112165779010, PerformTraversalsStart=13112301890933, DrawStart=13112302121318, SyncQueued=13113509137395, SyncStart=13113509243703, IssueDrawCommandsStart=13113510387549, SwapBuffers=13113553243241, FrameCompleted=13113555208087, DequeueBufferDuration=472000, QueueBufferDuration=991000, 
07-21 19:59:15.808 15386 15386 I Choreographer: Skipped 86 frames!  The application may be doing too much work on its main thread.
07-21 19:59:16.119 15386 15489 I OpenGLRenderer: Davey! duration=1758ms; Flags=0, IntendedVsync=13112173615653, Vsync=13113608383753, OldestInputEvent=9223372036854775807, NewestInputEvent=0, HandleInputStart=13113621974087, AnimationStart=13113622079780, PerformTraversalsStart=13113852541318, DrawStart=13113852846780, SyncQueued=13113922703241, SyncStart=13113922842318, IssueDrawCommandsStart=13113923575395, SwapBuffers=13113931182703, FrameCompleted=13113932433318, DequeueBufferDuration=327000, QueueBufferDuration=362000, 
07-21 19:59:17.090 15386 15386 I SVHomeLoad: continue ready profile=de993c35 revision=0
07-21 19:59:17.670 15386 15403 I vision.svplaye: NativeAlloc concurrent copying GC freed 54885(2MB) AllocSpace objects, 10(200KB) LOS objects, 41% free, 8MB/14MB, paused 233us total 261.054ms
07-21 19:59:17.974 15386 15386 I Choreographer: Skipped 52 frames!  The application may be doing too much work on its main thread.
07-21 19:59:17.995 15386 15489 I OpenGLRenderer: Davey! duration=998ms; Flags=0, IntendedVsync=13114809561496, Vsync=13114892978246, OldestInputEvent=9223372036854775807, NewestInputEvent=0, HandleInputStart=13114905348318, AnimationStart=13114905381010, PerformTraversalsStart=13115088356318, DrawStart=13115088628934, SyncQueued=13115762113318, SyncStart=13115762249472, IssueDrawCommandsStart=13115763216087, SwapBuffers=13115802030318, FrameCompleted=13115808299010, DequeueBufferDuration=536000, QueueBufferDuration=5302000, 
07-21 19:59:18.069 15386 15393 I vision.svplaye: Compiler allocated 4MB to compile void com.smartvision.svplayer.ui.home.ContentProgressCardKt.ContentProgressCard(com.smartvision.svplayer.data.mock.ContinueItem, java.lang.String, kotlin.jvm.functions.Function0, androidx.compose.ui.Modifier, androidx.compose.ui.focus.FocusRequester, kotlin.jvm.functions.Function0, kotlin.jvm.functions.Function1, kotlin.jvm.functions.Function0, kotlin.jvm.functions.Function0, boolean, kotlin.jvm.functions.Function0, kotlin.jvm.functions.Function0, boolean, java.lang.String, java.lang.String, boolean, java.lang.String, com.smartvision.svplayer.ui.home.HomePreviewController, androidx.compose.runtime.Composer, int, int, int)
07-21 19:59:18.131 15386 15489 I OpenGLRenderer: Davey! duration=1035ms; Flags=0, IntendedVsync=13114909636472, Vsync=13115777170672, OldestInputEvent=9223372036854775807, NewestInputEvent=0, HandleInputStart=13115788104934, AnimationStart=13115788139241, PerformTraversalsStart=13115867821472, DrawStart=13115868188164, SyncQueued=13115933803626, SyncStart=13115933959164, IssueDrawCommandsStart=13115934807703, SwapBuffers=13115943370164, FrameCompleted=13115944829395, DequeueBufferDuration=542000, QueueBufferDuration=496000, 
07-21 19:59:20.062 15386 15403 I vision.svplaye: Background concurrent copying GC freed 162506(5MB) AllocSpace objects, 13(268KB) LOS objects, 40% free, 8MB/14MB, paused 186us total 166.372ms
07-21 19:59:21.273 15386 15403 I vision.svplaye: Background concurrent copying GC freed 192398(5MB) AllocSpace objects, 0(0B) LOS objects, 39% free, 9MB/15MB, paused 183us total 130.051ms
07-21 19:59:22.401 15386 15403 I vision.svplaye: Background concurrent copying GC freed 192043(5MB) AllocSpace objects, 0(0B) LOS objects, 39% free, 9MB/15MB, paused 157us total 131.015ms
07-21 19:59:23.473 15386 15403 I vision.svplaye: Background concurrent copying GC freed 196826(6MB) AllocSpace objects, 0(0B) LOS objects, 39% free, 9MB/15MB, paused 181us total 135.248ms
07-21 19:59:24.534 15386 15403 I vision.svplaye: Background concurrent copying GC freed 198886(6MB) AllocSpace objects, 0(0B) LOS objects, 39% free, 9MB/15MB, paused 266us total 131.156ms
07-21 19:59:25.594 15386 15403 I vision.svplaye: Background concurrent copying GC freed 196782(6MB) AllocSpace objects, 0(0B) LOS objects, 39% free, 9MB/15MB, paused 150us total 135.493ms
07-21 19:59:26.641 15386 15403 I vision.svplaye: Background concurrent copying GC freed 197747(6MB) AllocSpace objects, 0(0B) LOS objects, 39% free, 9MB/15MB, paused 213us total 132.091ms
07-21 19:59:27.688 15386 15403 I vision.svplaye: Background concurrent copying GC freed 198007(6MB) AllocSpace objects, 0(0B) LOS objects, 39% free, 9MB/15MB, paused 156us total 150.018ms
07-21 19:59:28.884 15386 15403 I vision.svplaye: Background concurrent copying GC freed 194791(6MB) AllocSpace objects, 0(0B) LOS objects, 39% free, 9MB/15MB, paused 155us total 132.938ms
07-21 19:59:29.977 15386 15403 I vision.svplaye: Background concurrent copying GC freed 190750(5MB) AllocSpace objects, 1(20KB) LOS objects, 39% free, 9MB/15MB, paused 147us total 133.309ms
07-21 19:59:31.047 15386 15403 I vision.svplaye: Background concurrent copying GC freed 193248(6MB) AllocSpace objects, 0(0B) LOS objects, 39% free, 9MB/15MB, paused 189us total 125.941ms
07-21 19:59:32.110 15386 15403 I vision.svplaye: Background concurrent copying GC freed 192157(6MB) AllocSpace objects, 0(0B) LOS objects, 39% free, 9MB/15MB, paused 161us total 133.700ms
07-21 19:59:33.168 15386 15403 I vision.svplaye: Background concurrent copying GC freed 195080(6MB) AllocSpace objects, 0(0B) LOS objects, 39% free, 9MB/15MB, paused 171us total 129.836ms
07-21 19:59:34.223 15386 15403 I vision.svplaye: Background concurrent copying GC freed 193606(6MB) AllocSpace objects, 0(0B) LOS objects, 39% free, 9MB/15MB, paused 150us total 127.903ms
07-21 19:59:35.272 15386 15403 I vision.svplaye: Background concurrent copying GC freed 193345(6MB) AllocSpace objects, 0(0B) LOS objects, 39% free, 9MB/15MB, paused 181us total 127.258ms
07-21 19:59:36.343 15386 15403 I vision.svplaye: Background concurrent copying GC freed 193736(6MB) AllocSpace objects, 0(0B) LOS objects, 39% free, 9MB/15MB, paused 176us total 141.115ms
07-21 19:59:37.579 15386 15403 I vision.svplaye: Background concurrent copying GC freed 193167(6MB) AllocSpace objects, 0(0B) LOS objects, 39% free, 9MB/15MB, paused 194us total 139.215ms
07-21 19:59:38.680 15386 15403 I vision.svplaye: Background concurrent copying GC freed 193490(6MB) AllocSpace objects, 0(0B) LOS objects, 39% free, 9MB/15MB, paused 172us total 131.869ms
07-21 19:59:39.747 15386 15403 I vision.svplaye: Background concurrent copying GC freed 192912(6MB) AllocSpace objects, 0(0B) LOS objects, 39% free, 9MB/15MB, paused 147us total 128.162ms
07-21 19:59:40.809 15386 15403 I vision.svplaye: Background concurrent copying GC freed 192406(6MB) AllocSpace objects, 0(0B) LOS objects, 39% free, 9MB/15MB, paused 203us total 130.479ms
07-21 19:59:41.857 15386 15403 I vision.svplaye: Background concurrent copying GC freed 193661(6MB) AllocSpace objects, 0(0B) LOS objects, 39% free, 9MB/15MB, paused 160us total 128.336ms
07-21 19:59:42.929 15386 15403 I vision.svplaye: Background concurrent copying GC freed 193524(6MB) AllocSpace objects, 0(0B) LOS objects, 39% free, 9MB/15MB, paused 143us total 132.795ms
07-21 19:59:43.995 15386 15403 I vision.svplaye: Background concurrent copying GC freed 193456(6MB) AllocSpace objects, 0(0B) LOS objects, 39% free, 9MB/15MB, paused 157us total 128.780ms
07-21 19:59:45.046 15386 15403 I vision.svplaye: Background concurrent copying GC freed 193526(6MB) AllocSpace objects, 0(0B) LOS objects, 39% free, 9MB/15MB, paused 163us total 125.740ms
07-21 19:59:46.099 15386 15403 I vision.svplaye: Background concurrent copying GC freed 193557(6MB) AllocSpace objects, 0(0B) LOS objects, 39% free, 9MB/15MB, paused 157us total 127.055ms
07-21 19:59:47.170 15386 15403 I vision.svplaye: Background concurrent copying GC freed 193581(6MB) AllocSpace objects, 0(0B) LOS objects, 39% free, 9MB/15MB, paused 160us total 130.896ms
07-21 19:59:48.228 15386 15403 I vision.svplaye: Background concurrent copying GC freed 191381(5MB) AllocSpace objects, 0(0B) LOS objects, 39% free, 9MB/15MB, paused 168us total 128.141ms
07-21 19:59:49.319 15386 15403 I vision.svplaye: Background concurrent copying GC freed 193436(6MB) AllocSpace objects, 0(0B) LOS objects, 39% free, 9MB/15MB, paused 151us total 128.687ms
07-21 19:59:50.382 15386 15403 I vision.svplaye: Background concurrent copying GC freed 194886(6MB) AllocSpace objects, 0(0B) LOS objects, 39% free, 9MB/15MB, paused 146us total 130.784ms
07-21 19:59:51.425 15386 15403 I vision.svplaye: Background concurrent copying GC freed 194283(6MB) AllocSpace objects, 0(0B) LOS objects, 39% free, 9MB/15MB, paused 231us total 132.012ms
07-21 19:59:52.493 15386 15403 I vision.svplaye: Background concurrent copying GC freed 194374(6MB) AllocSpace objects, 0(0B) LOS objects, 39% free, 9MB/15MB, paused 170us total 125.994ms
07-21 19:59:53.542 15386 15403 I vision.svplaye: Background concurrent copying GC freed 192694(6MB) AllocSpace objects, 0(0B) LOS objects, 39% free, 9MB/15MB, paused 179us total 125.387ms
07-21 19:59:54.597 15386 15403 I vision.svplaye: Background concurrent copying GC freed 193463(6MB) AllocSpace objects, 0(0B) LOS objects, 39% free, 9MB/15MB, paused 146us total 126.170ms
07-21 19:59:55.661 15386 15403 I vision.svplaye: Background concurrent copying GC freed 192732(6MB) AllocSpace objects, 0(0B) LOS objects, 39% free, 9MB/15MB, paused 169us total 130.811ms
07-21 19:59:56.705 15386 15403 I vision.svplaye: Background concurrent copying GC freed 193885(6MB) AllocSpace objects, 0(0B) LOS objects, 39% free, 9MB/15MB, paused 168us total 129.335ms
07-21 19:59:57.753 15386 15403 I vision.svplaye: Background concurrent copying GC freed 194748(6MB) AllocSpace objects, 0(0B) LOS objects, 39% free, 9MB/15MB, paused 703us total 132.125ms
07-21 19:59:58.816 15386 15403 I vision.svplaye: Background concurrent copying GC freed 194219(6MB) AllocSpace objects, 0(0B) LOS objects, 39% free, 9MB/15MB, paused 163us total 127.559ms
07-21 19:59:59.873 15386 15403 I vision.svplaye: Background concurrent copying GC freed 193110(6MB) AllocSpace objects, 0(0B) LOS objects, 39% free, 9MB/15MB, paused 174us total 131.484ms
07-21 20:00:00.989 15386 15403 I vision.svplaye: Background concurrent copying GC freed 193627(6MB) AllocSpace objects, 0(0B) LOS objects, 39% free, 9MB/15MB, paused 197us total 128.068ms
07-21 20:00:02.039 15386 15403 I vision.svplaye: Background concurrent copying GC freed 193143(6MB) AllocSpace objects, 0(0B) LOS objects, 39% free, 9MB/15MB, paused 162us total 132.289ms
07-21 20:00:03.341 15386 15403 I vision.svplaye: Background concurrent copying GC freed 194193(6MB) AllocSpace objects, 0(0B) LOS objects, 39% free, 9MB/15MB, paused 162us total 140.741ms
07-21 20:00:04.530 15386 15403 I vision.svplaye: Background concurrent copying GC freed 192701(6MB) AllocSpace objects, 0(0B) LOS objects, 39% free, 9MB/15MB, paused 193us total 138.461ms
07-21 20:00:05.702 15386 15403 I vision.svplaye: Background concurrent copying GC freed 192864(6MB) AllocSpace objects, 0(0B) LOS objects, 39% free, 9MB/15MB, paused 142us total 127.387ms
07-21 20:00:06.744 15386 15403 I vision.svplaye: Background concurrent copying GC freed 196383(6MB) AllocSpace objects, 0(0B) LOS objects, 39% free, 9MB/15MB, paused 167us total 132.726ms
07-21 20:00:07.809 15386 15403 I vision.svplaye: Background concurrent copying GC freed 197194(6MB) AllocSpace objects, 0(0B) LOS objects, 39% free, 9MB/15MB, paused 171us total 134.596ms
07-21 20:00:08.834 15386 15403 I vision.svplaye: Background concurrent copying GC freed 196667(6MB) AllocSpace objects, 0(0B) LOS objects, 39% free, 9MB/15MB, paused 167us total 128.638ms
07-21 20:00:09.856 15386 15403 I vision.svplaye: Background concurrent copying GC freed 195986(6MB) AllocSpace objects, 0(0B) LOS objects, 39% free, 9MB/15MB, paused 172us total 133.846ms
07-21 20:00:10.880 15386 15403 I vision.svplaye: Background concurrent copying GC freed 198828(6MB) AllocSpace objects, 0(0B) LOS objects, 39% free, 9MB/15MB, paused 149us total 130.641ms
07-21 20:00:11.934 15386 15403 I vision.svplaye: Background concurrent copying GC freed 196036(6MB) AllocSpace objects, 0(0B) LOS objects, 39% free, 9MB/15MB, paused 204us total 130.628ms
07-21 20:00:12.973 15386 15403 I vision.svplaye: Background concurrent copying GC freed 197127(6MB) AllocSpace objects, 0(0B) LOS objects, 39% free, 9MB/15MB, paused 171us total 131.108ms
07-21 20:00:14.071 15386 15403 I vision.svplaye: Background concurrent copying GC freed 193668(6MB) AllocSpace objects, 0(0B) LOS objects, 39% free, 9MB/15MB, paused 149us total 129.133ms
07-21 20:00:15.083 15386 15403 I vision.svplaye: Background concurrent copying GC freed 190507(6MB) AllocSpace objects, 0(0B) LOS objects, 39% free, 9MB/15MB, paused 727us total 127.927ms
07-21 20:00:16.238 15386 15403 I vision.svplaye: Background concurrent copying GC freed 192893(6MB) AllocSpace objects, 0(0B) LOS objects, 39% free, 9MB/15MB, paused 143us total 136.112ms
07-21 20:00:17.282 15386 15403 I vision.svplaye: Background concurrent copying GC freed 191794(6MB) AllocSpace objects, 1(20KB) LOS objects, 39% free, 9MB/15MB, paused 217us total 125.756ms
07-21 20:00:18.329 15386 15403 I vision.svplaye: Background concurrent copying GC freed 192800(6MB) AllocSpace objects, 0(0B) LOS objects, 39% free, 9MB/15MB, paused 152us total 126.173ms
07-21 20:00:19.375 15386 15403 I vision.svplaye: Background concurrent copying GC freed 192989(6MB) AllocSpace objects, 0(0B) LOS objects, 39% free, 9MB/15MB, paused 173us total 127.397ms
07-21 20:00:20.407 15386 15403 I vision.svplaye: Background concurrent copying GC freed 192750(6MB) AllocSpace objects, 0(0B) LOS objects, 39% free, 9MB/15MB, paused 127us total 124.974ms
07-21 20:00:21.443 15386 15403 I vision.svplaye: Background concurrent copying GC freed 193501(6MB) AllocSpace objects, 0(0B) LOS objects, 39% free, 9MB/15MB, paused 146us total 125.098ms
07-21 20:00:22.487 15386 15403 I vision.svplaye: Background concurrent copying GC freed 193185(6MB) AllocSpace objects, 0(0B) LOS objects, 39% free, 9MB/15MB, paused 163us total 125.299ms
07-21 20:00:23.521 15386 15403 I vision.svplaye: Background concurrent copying GC freed 193303(6MB) AllocSpace objects, 0(0B) LOS objects, 39% free, 9MB/15MB, paused 363us total 125.298ms
07-21 20:00:24.551 15386 15403 I vision.svplaye: Background concurrent copying GC freed 192693(6MB) AllocSpace objects, 0(0B) LOS objects, 39% free, 9MB/15MB, paused 143us total 131.998ms
07-21 20:00:25.585 15386 15403 I vision.svplaye: Background concurrent copying GC freed 194089(6MB) AllocSpace objects, 0(0B) LOS objects, 39% free, 9MB/15MB, paused 145us total 131.047ms
07-21 20:00:26.634 15386 15403 I vision.svplaye: Background concurrent copying GC freed 194375(6MB) AllocSpace objects, 0(0B) LOS objects, 39% free, 9MB/15MB, paused 142us total 130.895ms
07-21 20:00:27.680 15386 15403 I vision.svplaye: Background concurrent copying GC freed 194022(6MB) AllocSpace objects, 0(0B) LOS objects, 39% free, 9MB/15MB, paused 149us total 130.492ms
07-21 20:00:28.721 15386 15403 I vision.svplaye: Background concurrent copying GC freed 193136(6MB) AllocSpace objects, 0(0B) LOS objects, 39% free, 9MB/15MB, paused 148us total 127.291ms
07-21 20:00:29.764 15386 15403 I vision.svplaye: Background concurrent copying GC freed 193935(6MB) AllocSpace objects, 0(0B) LOS objects, 39% free, 9MB/15MB, paused 156us total 131.995ms
07-21 20:00:30.810 15386 15403 I vision.svplaye: Background concurrent copying GC freed 193875(6MB) AllocSpace objects, 0(0B) LOS objects, 39% free, 9MB/15MB, paused 210us total 134.542ms
07-21 20:00:31.841 15386 15403 I vision.svplaye: Background concurrent copying GC freed 194332(6MB) AllocSpace objects, 0(0B) LOS objects, 39% free, 9MB/15MB, paused 199us total 130.828ms
07-21 20:00:32.885 15386 15403 I vision.svplaye: Background concurrent copying GC freed 193676(6MB) AllocSpace objects, 0(0B) LOS objects, 39% free, 9MB/15MB, paused 132us total 130.117ms
07-21 20:00:33.935 15386 15403 I vision.svplaye: Background concurrent copying GC freed 193866(6MB) AllocSpace objects, 0(0B) LOS objects, 39% free, 9MB/15MB, paused 248us total 129.650ms
07-21 20:00:34.989 15386 15403 I vision.svplaye: Background concurrent copying GC freed 194255(6MB) AllocSpace objects, 0(0B) LOS objects, 39% free, 9MB/15MB, paused 176us total 131.658ms
07-21 20:00:36.026 15386 15403 I vision.svplaye: Background concurrent copying GC freed 194821(6MB) AllocSpace objects, 0(0B) LOS objects, 39% free, 9MB/15MB, paused 147us total 127.398ms
07-21 20:00:37.056 15386 15403 I vision.svplaye: Background concurrent copying GC freed 194704(6MB) AllocSpace objects, 0(0B) LOS objects, 39% free, 9MB/15MB, paused 145us total 125.994ms
07-21 20:00:38.083 15386 15403 I vision.svplaye: Background concurrent copying GC freed 192589(6MB) AllocSpace objects, 0(0B) LOS objects, 39% free, 9MB/15MB, paused 135us total 128.292ms
07-21 20:00:39.124 15386 15403 I vision.svplaye: Background concurrent copying GC freed 193839(6MB) AllocSpace objects, 0(0B) LOS objects, 39% free, 9MB/15MB, paused 143us total 124.881ms
07-21 20:00:40.166 15386 15403 I vision.svplaye: Background concurrent copying GC freed 194027(6MB) AllocSpace objects, 0(0B) LOS objects, 39% free, 9MB/15MB, paused 134us total 124.945ms
07-21 20:00:41.206 15386 15403 I vision.svplaye: Background concurrent copying GC freed 192936(6MB) AllocSpace objects, 0(0B) LOS objects, 39% free, 9MB/15MB, paused 142us total 125.961ms
07-21 20:00:42.280 15386 15403 I vision.svplaye: Background concurrent copying GC freed 193876(6MB) AllocSpace objects, 0(0B) LOS objects, 39% free, 9MB/15MB, paused 208us total 131.443ms
07-21 20:00:43.634 15386 15403 I vision.svplaye: NativeAlloc concurrent copying GC freed 153894(4MB) AllocSpace objects, 0(0B) LOS objects, 39% free, 9MB/15MB, paused 154us total 148.193ms
07-21 20:00:45.734 15386 15403 I vision.svplaye: Background concurrent copying GC freed 185373(5MB) AllocSpace objects, 0(0B) LOS objects, 40% free, 8MB/14MB, paused 795us total 150.345ms
07-21 20:00:47.630 15386 15403 I vision.svplaye: Background concurrent copying GC freed 192113(6MB) AllocSpace objects, 0(0B) LOS objects, 39% free, 9MB/15MB, paused 162us total 137.915ms
07-21 20:00:49.541 15386 15403 I vision.svplaye: Background concurrent copying GC freed 200351(6MB) AllocSpace objects, 0(0B) LOS objects, 40% free, 8MB/14MB, paused 161us total 136.039ms
07-21 20:00:49.582 15386 15396 W MediaPlayer-JNI: MediaPlayer finalized without being released
07-21 20:00:51.415 15386 15403 I vision.svplaye: Background concurrent copying GC freed 191319(5MB) AllocSpace objects, 0(0B) LOS objects, 40% free, 8MB/14MB, paused 168us total 130.064ms
07-21 20:00:53.233 15386 15403 I vision.svplaye: Background concurrent copying GC freed 194420(5MB) AllocSpace objects, 0(0B) LOS objects, 40% free, 8MB/14MB, paused 172us total 129.292ms
07-21 20:00:55.046 15386 15403 I vision.svplaye: Background concurrent copying GC freed 195714(6MB) AllocSpace objects, 0(0B) LOS objects, 40% free, 8MB/14MB, paused 169us total 127.110ms
07-21 20:00:56.862 15386 15403 I vision.svplaye: Background concurrent copying GC freed 196460(6MB) AllocSpace objects, 0(0B) LOS objects, 40% free, 8MB/14MB, paused 207us total 126.782ms
07-21 20:00:58.679 15386 15403 I vision.svplaye: Background concurrent copying GC freed 195738(6MB) AllocSpace objects, 0(0B) LOS objects, 40% free, 8MB/14MB, paused 146us total 125.759ms
07-21 20:01:00.496 15386 15403 I vision.svplaye: Background concurrent copying GC freed 193448(5MB) AllocSpace objects, 0(0B) LOS objects, 40% free, 8MB/14MB, paused 167us total 127.019ms
07-21 20:01:02.368 15386 15403 I vision.svplaye: Background concurrent copying GC freed 191357(5MB) AllocSpace objects, 0(0B) LOS objects, 40% free, 8MB/14MB, paused 195us total 128.974ms
07-21 20:01:04.236 15386 15403 I vision.svplaye: Background concurrent copying GC freed 192991(6MB) AllocSpace objects, 1(20KB) LOS objects, 40% free, 8MB/14MB, paused 178us total 123.398ms
07-21 20:01:06.164 15386 15403 I vision.svplaye: Background concurrent copying GC freed 191956(6MB) AllocSpace objects, 0(0B) LOS objects, 40% free, 8MB/14MB, paused 171us total 131.465ms
07-21 20:01:08.045 15386 15403 I vision.svplaye: Background concurrent copying GC freed 191820(6MB) AllocSpace objects, 0(0B) LOS objects, 40% free, 8MB/14MB, paused 170us total 127.967ms
07-21 20:01:09.957 15386 15403 I vision.svplaye: Background concurrent copying GC freed 192455(6MB) AllocSpace objects, 0(0B) LOS objects, 40% free, 8MB/14MB, paused 177us total 125.092ms
07-21 20:01:11.876 15386 15403 I vision.svplaye: Background concurrent copying GC freed 191595(5MB) AllocSpace objects, 0(0B) LOS objects, 40% free, 8MB/14MB, paused 146us total 131.365ms
07-21 20:01:13.758 15386 15403 I vision.svplaye: Background concurrent copying GC freed 192684(5MB) AllocSpace objects, 0(0B) LOS objects, 40% free, 8MB/14MB, paused 195us total 124.485ms
07-21 20:01:15.626 15386 15403 I vision.svplaye: Background concurrent copying GC freed 188057(5MB) AllocSpace objects, 0(0B) LOS objects, 40% free, 8MB/14MB, paused 158us total 125.438ms
07-21 20:01:17.546 15386 15403 I vision.svplaye: Background concurrent copying GC freed 192929(6MB) AllocSpace objects, 0(0B) LOS objects, 40% free, 8MB/14MB, paused 139us total 123.499ms
07-21 20:01:19.428 15386 15403 I vision.svplaye: Background concurrent copying GC freed 192565(5MB) AllocSpace objects, 0(0B) LOS objects, 40% free, 8MB/14MB, paused 154us total 124.343ms
07-21 20:01:21.346 15386 15403 I vision.svplaye: Background concurrent copying GC freed 191656(5MB) AllocSpace objects, 0(0B) LOS objects, 40% free, 8MB/14MB, paused 155us total 124.302ms
07-21 20:01:23.221 15386 15403 I vision.svplaye: Background concurrent copying GC freed 191357(6MB) AllocSpace objects, 0(0B) LOS objects, 40% free, 8MB/14MB, paused 175us total 126.229ms
07-21 20:01:25.077 15386 15403 I vision.svplaye: Background concurrent copying GC freed 192221(6MB) AllocSpace objects, 0(0B) LOS objects, 40% free, 8MB/14MB, paused 211us total 127.460ms
07-21 20:01:26.940 15386 15403 I vision.svplaye: Background concurrent copying GC freed 192816(5MB) AllocSpace objects, 0(0B) LOS objects, 40% free, 8MB/14MB, paused 2.013ms total 133.682ms
07-21 20:01:28.751 15386 15403 I vision.svplaye: Background concurrent copying GC freed 191893(5MB) AllocSpace objects, 0(0B) LOS objects, 40% free, 8MB/14MB, paused 306us total 123.966ms
07-21 20:01:30.529 15386 15403 I vision.svplaye: Background concurrent copying GC freed 195390(6MB) AllocSpace objects, 0(0B) LOS objects, 40% free, 8MB/14MB, paused 160us total 130.521ms
07-21 20:01:32.296 15386 15403 I vision.svplaye: Background concurrent copying GC freed 195189(5MB) AllocSpace objects, 0(0B) LOS objects, 40% free, 8MB/14MB, paused 149us total 127.164ms
07-21 20:01:34.063 15386 15403 I vision.svplaye: Background concurrent copying GC freed 195097(5MB) AllocSpace objects, 0(0B) LOS objects, 40% free, 8MB/14MB, paused 162us total 125.456ms
07-21 20:01:35.830 15386 15403 I vision.svplaye: Background concurrent copying GC freed 195225(5MB) AllocSpace objects, 0(0B) LOS objects, 40% free, 8MB/14MB, paused 278us total 124.204ms
07-21 20:01:37.606 15386 15403 I vision.svplaye: Background concurrent copying GC freed 196544(6MB) AllocSpace objects, 0(0B) LOS objects, 40% free, 8MB/14MB, paused 170us total 126.954ms
07-21 20:01:39.423 15386 15403 I vision.svplaye: Background concurrent copying GC freed 193529(5MB) AllocSpace objects, 1(20KB) LOS objects, 40% free, 8MB/14MB, paused 173us total 124.394ms
07-21 20:01:41.315 15386 15403 I vision.svplaye: Background concurrent copying GC freed 191616(5MB) AllocSpace objects, 0(0B) LOS objects, 40% free, 8MB/14MB, paused 177us total 144.014ms
07-21 20:01:43.132 15386 15403 I vision.svplaye: Background concurrent copying GC freed 191482(6MB) AllocSpace objects, 0(0B) LOS objects, 40% free, 8MB/14MB, paused 140us total 138.882ms
07-21 20:01:44.974 15386 15403 I vision.svplaye: Background concurrent copying GC freed 192504(6MB) AllocSpace objects, 0(0B) LOS objects, 40% free, 8MB/14MB, paused 166us total 130.055ms
07-21 20:01:46.858 15386 15403 I vision.svplaye: Background concurrent copying GC freed 192862(5MB) AllocSpace objects, 0(0B) LOS objects, 40% free, 8MB/14MB, paused 177us total 147.818ms
07-21 20:01:48.667 15386 15403 I vision.svplaye: Background concurrent copying GC freed 191626(6MB) AllocSpace objects, 0(0B) LOS objects, 40% free, 8MB/14MB, paused 225us total 126.235ms
07-21 20:01:50.434 15386 15403 I vision.svplaye: Background concurrent copying GC freed 196268(6MB) AllocSpace objects, 0(0B) LOS objects, 40% free, 8MB/14MB, paused 136us total 126.451ms
07-21 20:01:52.209 15386 15403 I vision.svplaye: Background concurrent copying GC freed 195381(6MB) AllocSpace objects, 0(0B) LOS objects, 40% free, 8MB/14MB, paused 119us total 127.475ms
07-21 20:01:54.018 15386 15403 I vision.svplaye: Background concurrent copying GC freed 195279(5MB) AllocSpace objects, 0(0B) LOS objects, 40% free, 8MB/14MB, paused 146us total 142.422ms
07-21 20:01:55.789 15386 15403 I vision.svplaye: Background concurrent copying GC freed 196132(6MB) AllocSpace objects, 0(0B) LOS objects, 40% free, 8MB/14MB, paused 166us total 135.061ms
07-21 20:01:57.555 15386 15403 I vision.svplaye: Background concurrent copying GC freed 195003(5MB) AllocSpace objects, 0(0B) LOS objects, 40% free, 8MB/14MB, paused 136us total 127.753ms
07-21 20:01:59.342 15386 15403 I vision.svplaye: Background concurrent copying GC freed 193783(6MB) AllocSpace objects, 0(0B) LOS objects, 40% free, 8MB/14MB, paused 217us total 130.969ms
07-21 20:02:01.213 15386 15403 I vision.svplaye: Background concurrent copying GC freed 191566(5MB) AllocSpace objects, 1(20KB) LOS objects, 40% free, 8MB/14MB, paused 219us total 140.811ms
07-21 20:02:03.062 15386 15403 I vision.svplaye: Background concurrent copying GC freed 190406(5MB) AllocSpace objects, 0(0B) LOS objects, 40% free, 8MB/14MB, paused 325us total 130.215ms
07-21 20:02:04.955 15386 15403 I vision.svplaye: Background concurrent copying GC freed 192249(6MB) AllocSpace objects, 0(0B) LOS objects, 40% free, 8MB/14MB, paused 165us total 124.107ms
07-21 20:02:06.897 15386 15403 I vision.svplaye: Background concurrent copying GC freed 192556(5MB) AllocSpace objects, 0(0B) LOS objects, 40% free, 8MB/14MB, paused 2.617ms total 147.612ms
07-21 20:02:08.747 15386 15403 I vision.svplaye: Background concurrent copying GC freed 190867(5MB) AllocSpace objects, 0(0B) LOS objects, 40% free, 8MB/14MB, paused 155us total 127.352ms
07-21 20:02:10.569 15386 15403 I vision.svplaye: Background concurrent copying GC freed 195324(6MB) AllocSpace objects, 0(0B) LOS objects, 40% free, 8MB/14MB, paused 196us total 128.896ms
07-21 20:02:12.386 15386 15403 I vision.svplaye: Background concurrent copying GC freed 196857(6MB) AllocSpace objects, 0(0B) LOS objects, 40% free, 8MB/14MB, paused 153us total 125.531ms
07-21 20:02:14.211 15386 15403 I vision.svplaye: Background concurrent copying GC freed 196180(6MB) AllocSpace objects, 0(0B) LOS objects, 40% free, 8MB/14MB, paused 179us total 132.345ms
07-21 20:02:16.004 15386 15403 I vision.svplaye: Background concurrent copying GC freed 191001(5MB) AllocSpace objects, 0(0B) LOS objects, 40% free, 8MB/14MB, paused 134us total 129.669ms
07-21 20:02:17.835 15386 15403 I vision.svplaye: Background concurrent copying GC freed 194802(5MB) AllocSpace objects, 0(0B) LOS objects, 40% free, 8MB/14MB, paused 135us total 142.079ms
07-21 20:02:19.699 15386 15403 I vision.svplaye: Background concurrent copying GC freed 193797(6MB) AllocSpace objects, 1(20KB) LOS objects, 40% free, 8MB/14MB, paused 147us total 131.864ms
07-21 20:02:21.588 15386 15403 I vision.svplaye: Background concurrent copying GC freed 191996(5MB) AllocSpace objects, 0(0B) LOS objects, 40% free, 8MB/14MB, paused 193us total 129.396ms
07-21 20:02:23.510 15386 15403 I vision.svplaye: Background concurrent copying GC freed 191983(5MB) AllocSpace objects, 0(0B) LOS objects, 40% free, 8MB/14MB, paused 186us total 129.628ms
07-21 20:02:25.395 15386 15403 I vision.svplaye: Background concurrent copying GC freed 193405(6MB) AllocSpace objects, 0(0B) LOS objects, 40% free, 8MB/14MB, paused 185us total 125.286ms
07-21 20:02:27.321 15386 15403 I vision.svplaye: Background concurrent copying GC freed 192981(5MB) AllocSpace objects, 0(0B) LOS objects, 40% free, 8MB/14MB, paused 156us total 130.694ms
07-21 20:02:29.240 15386 15403 I vision.svplaye: Background concurrent copying GC freed 191967(5MB) AllocSpace objects, 0(0B) LOS objects, 40% free, 8MB/14MB, paused 190us total 130.907ms
07-21 20:02:31.125 15386 15403 I vision.svplaye: Background concurrent copying GC freed 193117(6MB) AllocSpace objects, 0(0B) LOS objects, 40% free, 8MB/14MB, paused 214us total 127.191ms
07-21 20:02:33.043 15386 15403 I vision.svplaye: Background concurrent copying GC freed 192260(5MB) AllocSpace objects, 0(0B) LOS objects, 40% free, 8MB/14MB, paused 168us total 128.353ms
07-21 20:02:34.957 15386 15403 I vision.svplaye: Background concurrent copying GC freed 192134(6MB) AllocSpace objects, 0(0B) LOS objects, 40% free, 8MB/14MB, paused 485us total 128.337ms
07-21 20:02:36.848 15386 15403 I vision.svplaye: Background concurrent copying GC freed 192487(5MB) AllocSpace objects, 0(0B) LOS objects, 40% free, 8MB/14MB, paused 169us total 128.595ms
07-21 20:02:38.765 15386 15403 I vision.svplaye: Background concurrent copying GC freed 191694(5MB) AllocSpace objects, 0(0B) LOS objects, 40% free, 8MB/14MB, paused 186us total 124.293ms
07-21 20:02:40.651 15386 15403 I vision.svplaye: Background concurrent copying GC freed 193490(6MB) AllocSpace objects, 0(0B) LOS objects, 40% free, 8MB/14MB, paused 187us total 128.224ms
07-21 20:02:42.576 15386 15403 I vision.svplaye: Background concurrent copying GC freed 192237(5MB) AllocSpace objects, 0(0B) LOS objects, 40% free, 8MB/14MB, paused 211us total 128.140ms
07-21 20:02:44.487 15386 15403 I vision.svplaye: Background concurrent copying GC freed 191817(5MB) AllocSpace objects, 0(0B) LOS objects, 40% free, 8MB/14MB, paused 134us total 126.011ms
07-21 20:02:46.380 15386 15403 I vision.svplaye: Background concurrent copying GC freed 192670(5MB) AllocSpace objects, 0(0B) LOS objects, 40% free, 8MB/14MB, paused 158us total 125.189ms
07-21 20:02:48.294 15386 15403 I vision.svplaye: Background concurrent copying GC freed 191809(6MB) AllocSpace objects, 0(0B) LOS objects, 40% free, 8MB/14MB, paused 152us total 124.777ms
07-21 20:02:50.198 15386 15403 I vision.svplaye: Background concurrent copying GC freed 193836(6MB) AllocSpace objects, 0(0B) LOS objects, 40% free, 8MB/14MB, paused 171us total 135.831ms
07-21 20:02:52.026 15386 15403 I vision.svplaye: Background concurrent copying GC freed 190807(6MB) AllocSpace objects, 0(0B) LOS objects, 40% free, 8MB/14MB, paused 165us total 128.562ms
07-21 20:02:53.900 15386 15403 I vision.svplaye: Background concurrent copying GC freed 192193(5MB) AllocSpace objects, 0(0B) LOS objects, 40% free, 8MB/14MB, paused 152us total 133.164ms
07-21 20:02:54.570 15386 15386 I SVStartup: state localReady=true checking=false activated=true playableSource=true route=series
07-21 20:02:54.837 15386 15393 I vision.svplaye: JIT allocated 56KB for stack maps of void com.smartvision.svplayer.ui.series.SeriesScreenKt.SeriesScreen(com.smartvision.svplayer.ui.i18n.SmartVisionStrings, java.lang.String, java.util.List, kotlin.jvm.functions.Function1, kotlin.jvm.functions.Function0, kotlin.jvm.functions.Function0, kotlin.jvm.functions.Function0, kotlin.jvm.functions.Function0, kotlin.jvm.functions.Function0, boolean, boolean, int, java.lang.Integer, kotlin.jvm.functions.Function0, kotlin.jvm.functions.Function1, kotlin.jvm.functions.Function2, androidx.compose.ui.Modifier, androidx.compose.runtime.Composer, int, int, int)
07-21 20:02:54.844 15386 15393 I vision.svplaye: Compiler allocated 5MB to compile void com.smartvision.svplayer.ui.series.SeriesScreenKt.SeriesScreen(com.smartvision.svplayer.ui.i18n.SmartVisionStrings, java.lang.String, java.util.List, kotlin.jvm.functions.Function1, kotlin.jvm.functions.Function0, kotlin.jvm.functions.Function0, kotlin.jvm.functions.Function0, kotlin.jvm.functions.Function0, kotlin.jvm.functions.Function0, boolean, boolean, int, java.lang.Integer, kotlin.jvm.functions.Function0, kotlin.jvm.functions.Function1, kotlin.jvm.functions.Function2, androidx.compose.ui.Modifier, androidx.compose.runtime.Composer, int, int, int)
07-21 20:02:54.943 15386 15403 I vision.svplaye: NativeAlloc concurrent copying GC freed 82924(2MB) AllocSpace objects, 2(104KB) LOS objects, 39% free, 9MB/15MB, paused 139us total 141.301ms
07-21 20:02:55.413 15386 15393 I vision.svplaye: JIT allocated 56KB for stack maps of void com.smartvision.svplayer.ui.series.SeriesScreenKt.SeriesScreen(com.smartvision.svplayer.ui.i18n.SmartVisionStrings, java.lang.String, java.util.List, kotlin.jvm.functions.Function1, kotlin.jvm.functions.Function0, kotlin.jvm.functions.Function0, kotlin.jvm.functions.Function0, kotlin.jvm.functions.Function0, kotlin.jvm.functions.Function0, boolean, boolean, int, java.lang.Integer, kotlin.jvm.functions.Function0, kotlin.jvm.functions.Function1, kotlin.jvm.functions.Function2, androidx.compose.ui.Modifier, androidx.compose.runtime.Composer, int, int, int)
07-21 20:02:55.425 15386 15393 I vision.svplaye: Compiler allocated 5MB to compile void com.smartvision.svplayer.ui.series.SeriesScreenKt.SeriesScreen(com.smartvision.svplayer.ui.i18n.SmartVisionStrings, java.lang.String, java.util.List, kotlin.jvm.functions.Function1, kotlin.jvm.functions.Function0, kotlin.jvm.functions.Function0, kotlin.jvm.functions.Function0, kotlin.jvm.functions.Function0, kotlin.jvm.functions.Function0, boolean, boolean, int, java.lang.Integer, kotlin.jvm.functions.Function0, kotlin.jvm.functions.Function1, kotlin.jvm.functions.Function2, androidx.compose.ui.Modifier, androidx.compose.runtime.Composer, int, int, int)
07-21 20:02:56.084 15386 15489 I OpenGLRenderer: Davey! duration=1000ms; Flags=0, IntendedVsync=13332896552884, Vsync=13332963286284, OldestInputEvent=9223372036854775807, NewestInputEvent=0, HandleInputStart=13332975025562, AnimationStart=13332975137177, PerformTraversalsStart=13333719579331, DrawStart=13333719927100, SyncQueued=13333874756793, SyncStart=13333874911947, IssueDrawCommandsStart=13333877192639, SwapBuffers=13333896280639, FrameCompleted=13333897292947, DequeueBufferDuration=467000, QueueBufferDuration=377000, 
07-21 20:02:56.105 15386 15386 I Choreographer: Skipped 56 frames!  The application may be doing too much work on its main thread.
07-21 20:02:56.148 15386 15489 I OpenGLRenderer: Davey! duration=981ms; Flags=0, IntendedVsync=13332979973574, Vsync=13333914241174, OldestInputEvent=9223372036854775807, NewestInputEvent=0, HandleInputStart=13333918226177, AnimationStart=13333918274793, PerformTraversalsStart=13333942566023, DrawStart=13333942760331, SyncQueued=13333952888870, SyncStart=13333952990793, IssueDrawCommandsStart=13333953332331, SwapBuffers=13333960261331, FrameCompleted=13333961312716, DequeueBufferDuration=278000, QueueBufferDuration=393000, 
07-21 20:02:56.733 15386 15386 I SmartVisionAds: Statut monetisation actuel: FREE_WITH_ADS
07-21 20:02:56.851 15386 15403 I vision.svplaye: Background concurrent copying GC freed 71809(3MB) AllocSpace objects, 20(992KB) LOS objects, 35% free, 10MB/16MB, paused 180us total 201.588ms
07-21 20:02:58.524 15386 15403 I vision.svplaye: Background concurrent copying GC freed 190995(6MB) AllocSpace objects, 8(160KB) LOS objects, 37% free, 10MB/16MB, paused 187us total 172.399ms
07-21 20:03:00.080 15386 15403 I vision.svplaye: Background concurrent copying GC freed 173867(5MB) AllocSpace objects, 6(120KB) LOS objects, 37% free, 10MB/16MB, paused 414us total 190.699ms
07-21 20:03:01.532 15386 15403 I vision.svplaye: Background concurrent copying GC freed 185577(5MB) AllocSpace objects, 0(0B) LOS objects, 37% free, 10MB/16MB, paused 161us total 144.124ms
07-21 20:03:02.971 15386 15403 I vision.svplaye: Background concurrent copying GC freed 183993(5MB) AllocSpace objects, 0(0B) LOS objects, 36% free, 10MB/16MB, paused 179us total 142.850ms
07-21 20:03:04.452 15386 15403 I vision.svplaye: Background concurrent copying GC freed 189871(6MB) AllocSpace objects, 0(0B) LOS objects, 36% free, 10MB/16MB, paused 134us total 145.931ms
07-21 20:03:05.890 15386 15403 I vision.svplaye: Background concurrent copying GC freed 184418(5MB) AllocSpace objects, 0(0B) LOS objects, 36% free, 10MB/16MB, paused 188us total 144.634ms
07-21 20:03:07.310 15386 15403 I vision.svplaye: Background concurrent copying GC freed 184111(5MB) AllocSpace objects, 0(0B) LOS objects, 36% free, 10MB/16MB, paused 162us total 154.400ms
07-21 20:03:07.784 15386 16435 E System  : TRACE Starting certificate trust
07-21 20:03:08.626 15386 15403 I vision.svplaye: Background concurrent copying GC freed 180709(6MB) AllocSpace objects, 0(0B) LOS objects, 36% free, 10MB/16MB, paused 254us total 147.741ms
07-21 20:03:10.222 15386 15403 I vision.svplaye: Background concurrent copying GC freed 189027(6MB) AllocSpace objects, 0(0B) LOS objects, 35% free, 10MB/16MB, paused 176us total 233.617ms
