--------- beginning of main
07-21 20:43:28.282 15386 22786 I CameraManagerGlobal: Connecting to camera service
07-21 20:43:28.282 15386 22786 E CameraManagerGlobal: Camera service is unavailable
07-21 20:43:29.282 15386 22786 I CameraManagerGlobal: Connecting to camera service
07-21 20:43:29.283 15386 22786 E CameraManagerGlobal: Camera service is unavailable
07-21 20:43:29.413 15386 15403 I vision.svplaye: Background concurrent copying GC freed 210051(6MB) AllocSpace objects, 0(0B) LOS objects, 20% free, 23MB/29MB, paused 192us total 262.914ms
07-21 20:43:30.283 15386 22786 I CameraManagerGlobal: Connecting to camera service
07-21 20:43:30.283 15386 22786 E CameraManagerGlobal: Camera service is unavailable
07-21 20:43:31.207 15386 15403 I vision.svplaye: Background concurrent copying GC freed 213667(6MB) AllocSpace objects, 0(0B) LOS objects, 20% free, 23MB/29MB, paused 191us total 269.342ms
07-21 20:43:31.284 15386 22786 I CameraManagerGlobal: Connecting to camera service
07-21 20:43:31.284 15386 22786 E CameraManagerGlobal: Camera service is unavailable
07-21 20:43:32.284 15386 22786 I CameraManagerGlobal: Connecting to camera service
07-21 20:43:32.285 15386 22786 E CameraManagerGlobal: Camera service is unavailable
07-21 20:43:33.001 15386 15403 I vision.svplaye: Background concurrent copying GC freed 214115(6MB) AllocSpace objects, 0(0B) LOS objects, 20% free, 23MB/29MB, paused 253us total 277.448ms
07-21 20:43:33.285 15386 22786 I CameraManagerGlobal: Connecting to camera service
07-21 20:43:33.285 15386 22786 E CameraManagerGlobal: Camera service is unavailable
07-21 20:43:34.286 15386 22786 I CameraManagerGlobal: Connecting to camera service
07-21 20:43:34.286 15386 22786 E CameraManagerGlobal: Camera service is unavailable
07-21 20:43:34.850 15386 15403 I vision.svplaye: Background concurrent copying GC freed 215429(6MB) AllocSpace objects, 0(0B) LOS objects, 20% free, 23MB/29MB, paused 197us total 280.574ms
07-21 20:43:35.287 15386 22786 I CameraManagerGlobal: Connecting to camera service
07-21 20:43:35.287 15386 22786 E CameraManagerGlobal: Camera service is unavailable
07-21 20:43:36.288 15386 22786 I CameraManagerGlobal: Connecting to camera service
07-21 20:43:36.288 15386 22786 E CameraManagerGlobal: Camera service is unavailable
07-21 20:43:36.712 15386 15403 I vision.svplaye: Background concurrent copying GC freed 211059(6MB) AllocSpace objects, 1(20KB) LOS objects, 20% free, 23MB/29MB, paused 151us total 265.865ms
07-21 20:43:37.288 15386 22786 I CameraManagerGlobal: Connecting to camera service
07-21 20:43:37.289 15386 22786 E CameraManagerGlobal: Camera service is unavailable
07-21 20:43:38.289 15386 22786 I CameraManagerGlobal: Connecting to camera service
07-21 20:43:38.289 15386 22786 E CameraManagerGlobal: Camera service is unavailable
07-21 20:43:38.569 15386 15403 I vision.svplaye: Background concurrent copying GC freed 210191(6MB) AllocSpace objects, 0(0B) LOS objects, 20% free, 23MB/29MB, paused 189us total 259.361ms
07-21 20:43:39.290 15386 22786 I CameraManagerGlobal: Connecting to camera service
07-21 20:43:39.290 15386 22786 E CameraManagerGlobal: Camera service is unavailable
07-21 20:43:40.291 15386 22786 I CameraManagerGlobal: Connecting to camera service
07-21 20:43:40.291 15386 22786 E CameraManagerGlobal: Camera service is unavailable
07-21 20:43:40.446 15386 15403 I vision.svplaye: Background concurrent copying GC freed 208155(6MB) AllocSpace objects, 0(0B) LOS objects, 20% free, 23MB/29MB, paused 199us total 268.065ms
07-21 20:43:41.291 15386 22786 I CameraManagerGlobal: Connecting to camera service
07-21 20:43:41.292 15386 22786 E CameraManagerGlobal: Camera service is unavailable
07-21 20:43:42.292 15386 22786 I CameraManagerGlobal: Connecting to camera service
07-21 20:43:42.292 15386 22786 E CameraManagerGlobal: Camera service is unavailable
07-21 20:43:42.314 15386 15403 I vision.svplaye: Background concurrent copying GC freed 211196(6MB) AllocSpace objects, 0(0B) LOS objects, 20% free, 23MB/29MB, paused 149us total 261.335ms
07-21 20:43:43.293 15386 22786 I CameraManagerGlobal: Connecting to camera service
07-21 20:43:43.293 15386 22786 E CameraManagerGlobal: Camera service is unavailable
07-21 20:43:44.189 15386 15403 I vision.svplaye: Background concurrent copying GC freed 210586(6MB) AllocSpace objects, 0(0B) LOS objects, 20% free, 23MB/29MB, paused 208us total 256.186ms
07-21 20:43:44.293 15386 22786 I CameraManagerGlobal: Connecting to camera service
07-21 20:43:44.294 15386 22786 E CameraManagerGlobal: Camera service is unavailable
07-21 20:43:45.294 15386 22786 I CameraManagerGlobal: Connecting to camera service
07-21 20:43:45.295 15386 22786 E CameraManagerGlobal: Camera service is unavailable
07-21 20:43:46.067 15386 15403 I vision.svplaye: Background concurrent copying GC freed 209356(6MB) AllocSpace objects, 0(0B) LOS objects, 20% free, 23MB/29MB, paused 212us total 271.605ms
07-21 20:43:46.295 15386 22786 I CameraManagerGlobal: Connecting to camera service
07-21 20:43:46.295 15386 22786 E CameraManagerGlobal: Camera service is unavailable
07-21 20:43:47.296 15386 22786 I CameraManagerGlobal: Connecting to camera service
07-21 20:43:47.296 15386 22786 E CameraManagerGlobal: Camera service is unavailable
07-21 20:43:47.933 15386 15403 I vision.svplaye: Background concurrent copying GC freed 209940(6MB) AllocSpace objects, 0(0B) LOS objects, 20% free, 23MB/29MB, paused 203us total 261.847ms
07-21 20:43:48.296 15386 22786 I CameraManagerGlobal: Connecting to camera service
07-21 20:43:48.297 15386 22786 E CameraManagerGlobal: Camera service is unavailable
07-21 20:43:49.297 15386 22786 I CameraManagerGlobal: Connecting to camera service
07-21 20:43:49.298 15386 22786 E CameraManagerGlobal: Camera service is unavailable
07-21 20:43:49.837 15386 15403 I vision.svplaye: Background concurrent copying GC freed 210484(6MB) AllocSpace objects, 0(0B) LOS objects, 20% free, 23MB/29MB, paused 179us total 269.093ms
07-21 20:43:50.298 15386 22786 I CameraManagerGlobal: Connecting to camera service
07-21 20:43:50.298 15386 22786 E CameraManagerGlobal: Camera service is unavailable
07-21 20:43:51.299 15386 22786 I CameraManagerGlobal: Connecting to camera service
07-21 20:43:51.299 15386 22786 E CameraManagerGlobal: Camera service is unavailable
07-21 20:43:51.699 15386 15403 I vision.svplaye: Background concurrent copying GC freed 210552(6MB) AllocSpace objects, 0(0B) LOS objects, 20% free, 23MB/29MB, paused 188us total 259.141ms
07-21 20:43:52.299 15386 22786 I CameraManagerGlobal: Connecting to camera service
07-21 20:43:52.300 15386 22786 E CameraManagerGlobal: Camera service is unavailable
07-21 20:43:53.300 15386 22786 I CameraManagerGlobal: Connecting to camera service
07-21 20:43:53.301 15386 22786 E CameraManagerGlobal: Camera service is unavailable
07-21 20:43:53.596 15386 15403 I vision.svplaye: Background concurrent copying GC freed 209303(6MB) AllocSpace objects, 0(0B) LOS objects, 20% free, 23MB/29MB, paused 209us total 291.731ms
07-21 20:43:54.301 15386 22786 I CameraManagerGlobal: Connecting to camera service
07-21 20:43:54.301 15386 22786 E CameraManagerGlobal: Camera service is unavailable
07-21 20:43:55.302 15386 22786 I CameraManagerGlobal: Connecting to camera service
07-21 20:43:55.302 15386 22786 E CameraManagerGlobal: Camera service is unavailable
07-21 20:43:55.484 15386 15403 I vision.svplaye: Background concurrent copying GC freed 205669(6MB) AllocSpace objects, 0(0B) LOS objects, 20% free, 23MB/29MB, paused 186us total 292.819ms
07-21 20:43:56.302 15386 22786 I CameraManagerGlobal: Connecting to camera service
07-21 20:43:56.303 15386 22786 E CameraManagerGlobal: Camera service is unavailable
07-21 20:43:57.304 15386 22786 I CameraManagerGlobal: Connecting to camera service
07-21 20:43:57.304 15386 22786 E CameraManagerGlobal: Camera service is unavailable
07-21 20:43:57.374 15386 15403 I vision.svplaye: Background concurrent copying GC freed 206712(6MB) AllocSpace objects, 0(0B) LOS objects, 19% free, 24MB/30MB, paused 191us total 282.570ms
07-21 20:43:58.304 15386 22786 I CameraManagerGlobal: Connecting to camera service
07-21 20:43:58.305 15386 22786 E CameraManagerGlobal: Camera service is unavailable
07-21 20:43:59.289 15386 15403 I vision.svplaye: Background concurrent copying GC freed 212348(6MB) AllocSpace objects, 0(0B) LOS objects, 20% free, 23MB/29MB, paused 377us total 278.870ms
07-21 20:43:59.305 15386 22786 I CameraManagerGlobal: Connecting to camera service
07-21 20:43:59.305 15386 22786 E CameraManagerGlobal: Camera service is unavailable
07-21 20:44:00.306 15386 22786 I CameraManagerGlobal: Connecting to camera service
07-21 20:44:00.306 15386 22786 E CameraManagerGlobal: Camera service is unavailable
07-21 20:44:01.092 15386 15403 I vision.svplaye: Background concurrent copying GC freed 211351(6MB) AllocSpace objects, 0(0B) LOS objects, 20% free, 23MB/29MB, paused 202us total 260.598ms
07-21 20:44:01.306 15386 22786 I CameraManagerGlobal: Connecting to camera service
07-21 20:44:01.307 15386 22786 E CameraManagerGlobal: Camera service is unavailable
07-21 20:44:02.307 15386 22786 I CameraManagerGlobal: Connecting to camera service
07-21 20:44:02.307 15386 22786 E CameraManagerGlobal: Camera service is unavailable
07-21 20:44:02.897 15386 15403 I vision.svplaye: Background concurrent copying GC freed 213006(6MB) AllocSpace objects, 0(0B) LOS objects, 20% free, 23MB/29MB, paused 192us total 283.148ms
07-21 20:44:03.308 15386 22786 I CameraManagerGlobal: Connecting to camera service
07-21 20:44:03.308 15386 22786 E CameraManagerGlobal: Camera service is unavailable
07-21 20:44:04.308 15386 22786 I CameraManagerGlobal: Connecting to camera service
07-21 20:44:04.308 15386 22786 E CameraManagerGlobal: Camera service is unavailable
07-21 20:44:04.690 15386 15403 I vision.svplaye: Background concurrent copying GC freed 216503(6MB) AllocSpace objects, 0(0B) LOS objects, 20% free, 23MB/29MB, paused 185us total 273.084ms
07-21 20:44:05.309 15386 22786 I CameraManagerGlobal: Connecting to camera service
07-21 20:44:05.309 15386 22786 E CameraManagerGlobal: Camera service is unavailable
07-21 20:44:06.310 15386 22786 I CameraManagerGlobal: Connecting to camera service
07-21 20:44:06.310 15386 22786 E CameraManagerGlobal: Camera service is unavailable
07-21 20:44:06.492 15386 15403 I vision.svplaye: Background concurrent copying GC freed 214692(6MB) AllocSpace objects, 0(0B) LOS objects, 20% free, 23MB/29MB, paused 166us total 255.225ms
07-21 20:44:07.311 15386 22786 I CameraManagerGlobal: Connecting to camera service
07-21 20:44:07.311 15386 22786 E CameraManagerGlobal: Camera service is unavailable
07-21 20:44:08.272 15386 15403 I vision.svplaye: Background concurrent copying GC freed 212395(6MB) AllocSpace objects, 0(0B) LOS objects, 20% free, 23MB/29MB, paused 176us total 258.829ms
07-21 20:44:08.311 15386 22786 I CameraManagerGlobal: Connecting to camera service
07-21 20:44:08.311 15386 22786 E CameraManagerGlobal: Camera service is unavailable
07-21 20:44:09.312 15386 22786 I CameraManagerGlobal: Connecting to camera service
07-21 20:44:09.312 15386 22786 E CameraManagerGlobal: Camera service is unavailable
07-21 20:44:10.092 15386 15403 I vision.svplaye: Background concurrent copying GC freed 212525(6MB) AllocSpace objects, 0(0B) LOS objects, 20% free, 23MB/29MB, paused 233us total 285.123ms
07-21 20:44:10.313 15386 22786 I CameraManagerGlobal: Connecting to camera service
07-21 20:44:10.313 15386 22786 E CameraManagerGlobal: Camera service is unavailable
07-21 20:44:11.313 15386 22786 I CameraManagerGlobal: Connecting to camera service
07-21 20:44:11.314 15386 22786 E CameraManagerGlobal: Camera service is unavailable
07-21 20:44:12.086 15386 15403 I vision.svplaye: Background concurrent copying GC freed 208586(6MB) AllocSpace objects, 1(20KB) LOS objects, 20% free, 23MB/29MB, paused 209us total 272.712ms
07-21 20:44:12.314 15386 22786 I CameraManagerGlobal: Connecting to camera service
07-21 20:44:12.314 15386 22786 E CameraManagerGlobal: Camera service is unavailable
07-21 20:44:13.315 15386 22786 I CameraManagerGlobal: Connecting to camera service
07-21 20:44:13.315 15386 22786 E CameraManagerGlobal: Camera service is unavailable
07-21 20:44:13.969 15386 15403 I vision.svplaye: Background concurrent copying GC freed 208535(6MB) AllocSpace objects, 0(0B) LOS objects, 20% free, 23MB/29MB, paused 152us total 284.715ms
07-21 20:44:14.315 15386 22786 I CameraManagerGlobal: Connecting to camera service
07-21 20:44:14.316 15386 22786 E CameraManagerGlobal: Camera service is unavailable
07-21 20:44:15.316 15386 22786 I CameraManagerGlobal: Connecting to camera service
07-21 20:44:15.316 15386 22786 E CameraManagerGlobal: Camera service is unavailable
07-21 20:44:15.840 15386 15403 I vision.svplaye: Background concurrent copying GC freed 212213(6MB) AllocSpace objects, 0(0B) LOS objects, 20% free, 23MB/29MB, paused 196us total 258.324ms
07-21 20:44:16.317 15386 22786 I CameraManagerGlobal: Connecting to camera service
07-21 20:44:16.317 15386 22786 E CameraManagerGlobal: Camera service is unavailable
07-21 20:44:17.317 15386 22786 I CameraManagerGlobal: Connecting to camera service
07-21 20:44:17.318 15386 22786 E CameraManagerGlobal: Camera service is unavailable
07-21 20:44:17.708 15386 15403 I vision.svplaye: Background concurrent copying GC freed 208371(6MB) AllocSpace objects, 0(0B) LOS objects, 20% free, 23MB/29MB, paused 204us total 259.669ms
07-21 20:44:18.318 15386 22786 I CameraManagerGlobal: Connecting to camera service
07-21 20:44:18.318 15386 22786 E CameraManagerGlobal: Camera service is unavailable
07-21 20:44:19.319 15386 22786 I CameraManagerGlobal: Connecting to camera service
07-21 20:44:19.319 15386 22786 E CameraManagerGlobal: Camera service is unavailable
07-21 20:44:19.583 15386 15403 I vision.svplaye: Background concurrent copying GC freed 208905(6MB) AllocSpace objects, 0(0B) LOS objects, 20% free, 23MB/29MB, paused 192us total 260.381ms
07-21 20:44:20.319 15386 22786 I CameraManagerGlobal: Connecting to camera service
07-21 20:44:20.320 15386 22786 E CameraManagerGlobal: Camera service is unavailable
07-21 20:44:21.320 15386 22786 I CameraManagerGlobal: Connecting to camera service
07-21 20:44:21.321 15386 22786 E CameraManagerGlobal: Camera service is unavailable
07-21 20:44:21.456 15386 15403 I vision.svplaye: Background concurrent copying GC freed 209107(6MB) AllocSpace objects, 0(0B) LOS objects, 20% free, 23MB/29MB, paused 153us total 264.503ms
07-21 20:44:22.321 15386 22786 I CameraManagerGlobal: Connecting to camera service
07-21 20:44:22.321 15386 22786 E CameraManagerGlobal: Camera service is unavailable
07-21 20:44:23.322 15386 22786 I CameraManagerGlobal: Connecting to camera service
07-21 20:44:23.324 15386 22786 E CameraManagerGlobal: Camera service is unavailable
07-21 20:44:23.325 15386 15403 I vision.svplaye: Background concurrent copying GC freed 210566(6MB) AllocSpace objects, 0(0B) LOS objects, 20% free, 23MB/29MB, paused 150us total 264.019ms
07-21 20:44:24.324 15386 22786 I CameraManagerGlobal: Connecting to camera service
07-21 20:44:24.324 15386 22786 E CameraManagerGlobal: Camera service is unavailable
07-21 20:44:25.199 15386 15403 I vision.svplaye: Background concurrent copying GC freed 210815(6MB) AllocSpace objects, 0(0B) LOS objects, 20% free, 23MB/29MB, paused 183us total 259.653ms
07-21 20:44:25.324 15386 22786 I CameraManagerGlobal: Connecting to camera service
07-21 20:44:25.325 15386 22786 E CameraManagerGlobal: Camera service is unavailable
07-21 20:44:26.325 15386 22786 I CameraManagerGlobal: Connecting to camera service
07-21 20:44:26.325 15386 22786 E CameraManagerGlobal: Camera service is unavailable
07-21 20:44:27.068 15386 15403 I vision.svplaye: Background concurrent copying GC freed 209658(6MB) AllocSpace objects, 0(0B) LOS objects, 20% free, 23MB/29MB, paused 179us total 259.159ms
07-21 20:44:27.326 15386 22786 I CameraManagerGlobal: Connecting to camera service
07-21 20:44:27.326 15386 22786 E CameraManagerGlobal: Camera service is unavailable
07-21 20:44:28.326 15386 22786 I CameraManagerGlobal: Connecting to camera service
07-21 20:44:28.327 15386 22786 E CameraManagerGlobal: Camera service is unavailable
07-21 20:44:28.917 15386 15403 I vision.svplaye: Background concurrent copying GC freed 204113(6MB) AllocSpace objects, 0(0B) LOS objects, 20% free, 23MB/29MB, paused 172us total 255.606ms
07-21 20:44:29.327 15386 22786 I CameraManagerGlobal: Connecting to camera service
07-21 20:44:29.327 15386 22786 E CameraManagerGlobal: Camera service is unavailable
07-21 20:44:30.328 15386 22786 I CameraManagerGlobal: Connecting to camera service
07-21 20:44:30.328 15386 22786 E CameraManagerGlobal: Camera service is unavailable
07-21 20:44:30.800 15386 15403 I vision.svplaye: Background concurrent copying GC freed 208794(6MB) AllocSpace objects, 0(0B) LOS objects, 20% free, 23MB/29MB, paused 194us total 269.177ms
07-21 20:44:30.983 15386 15386 I SVStartup: state localReady=true checking=false activated=true playableSource=true route=home
07-21 20:44:31.328 15386 22786 I CameraManagerGlobal: Connecting to camera service
07-21 20:44:31.329 15386 22786 E CameraManagerGlobal: Camera service is unavailable
07-21 20:44:31.410 15386 15403 I vision.svplaye: NativeAlloc concurrent copying GC freed 41475(1420KB) AllocSpace objects, 2(104KB) LOS objects, 20% free, 23MB/29MB, paused 197us total 265.985ms
07-21 20:44:31.766 15386 15403 I vision.svplaye: NativeAlloc concurrent copying GC freed 1963(128KB) AllocSpace objects, 1(24KB) LOS objects, 19% free, 25MB/31MB, paused 180us total 288.588ms
07-21 20:44:32.247 15386 15386 I Choreographer: Skipped 75 frames!  The application may be doing too much work on its main thread.
07-21 20:44:32.329 15386 22786 I CameraManagerGlobal: Connecting to camera service
07-21 20:44:32.330 15386 22786 E CameraManagerGlobal: Camera service is unavailable
07-21 20:44:32.363 15386 15489 I OpenGLRenderer: Davey! duration=1408ms; Flags=0, IntendedVsync=15828767619916, Vsync=15828784303266, OldestInputEvent=9223372036854775807, NewestInputEvent=0, HandleInputStart=15828798529557, AnimationStart=15828798564941, PerformTraversalsStart=15829333891557, DrawStart=15829334156172, SyncQueued=15830024659018, SyncStart=15830024798557, IssueDrawCommandsStart=15830026482480, SwapBuffers=15830174418557, FrameCompleted=15830176495788, DequeueBufferDuration=334000, QueueBufferDuration=1231000, 
07-21 20:44:32.430 15386 15489 I OpenGLRenderer: Davey! duration=1418ms; Flags=0, IntendedVsync=15828800978251, Vsync=15830052229501, OldestInputEvent=9223372036854775807, NewestInputEvent=0, HandleInputStart=15830060641095, AnimationStart=15830060693941, PerformTraversalsStart=15830116612326, DrawStart=15830116928557, SyncQueued=15830152963711, SyncStart=15830176936865, IssueDrawCommandsStart=15830178403942, SwapBuffers=15830194370557, FrameCompleted=15830243440942, DequeueBufferDuration=730000, QueueBufferDuration=48394000, 
07-21 20:44:33.330 15386 22786 I CameraManagerGlobal: Connecting to camera service
07-21 20:44:33.331 15386 22786 E CameraManagerGlobal: Camera service is unavailable
07-21 20:44:33.666 15386 15403 I vision.svplaye: Background concurrent copying GC freed 132702(5MB) AllocSpace objects, 1(44KB) LOS objects, 18% free, 26MB/32MB, paused 185us total 293.705ms
07-21 20:44:34.331 15386 22786 I CameraManagerGlobal: Connecting to camera service
07-21 20:44:34.332 15386 22786 E CameraManagerGlobal: Camera service is unavailable
07-21 20:44:35.332 15386 22786 I CameraManagerGlobal: Connecting to camera service
07-21 20:44:35.333 15386 22786 E CameraManagerGlobal: Camera service is unavailable
07-21 20:44:35.552 15386 15403 I vision.svplaye: Background concurrent copying GC freed 284751(9MB) AllocSpace objects, 0(0B) LOS objects, 20% free, 23MB/29MB, paused 209us total 266.292ms
07-21 20:44:36.333 15386 22786 I CameraManagerGlobal: Connecting to camera service
07-21 20:44:36.333 15386 22786 E CameraManagerGlobal: Camera service is unavailable
07-21 20:44:37.333 15386 22786 I CameraManagerGlobal: Connecting to camera service
07-21 20:44:37.334 15386 22786 E CameraManagerGlobal: Camera service is unavailable
07-21 20:44:37.414 15386 15403 I vision.svplaye: Background concurrent copying GC freed 203117(6MB) AllocSpace objects, 0(0B) LOS objects, 20% free, 23MB/29MB, paused 200us total 254.268ms
07-21 20:44:38.334 15386 22786 I CameraManagerGlobal: Connecting to camera service
07-21 20:44:38.335 15386 22786 E CameraManagerGlobal: Camera service is unavailable
07-21 20:44:39.288 15386 15403 I vision.svplaye: Background concurrent copying GC freed 205910(6MB) AllocSpace objects, 0(0B) LOS objects, 20% free, 23MB/29MB, paused 194us total 257.057ms
07-21 20:44:39.335 15386 22786 I CameraManagerGlobal: Connecting to camera service
07-21 20:44:39.335 15386 22786 E CameraManagerGlobal: Camera service is unavailable
07-21 20:44:40.336 15386 22786 I CameraManagerGlobal: Connecting to camera service
07-21 20:44:40.336 15386 22786 E CameraManagerGlobal: Camera service is unavailable
07-21 20:44:41.151 15386 15403 I vision.svplaye: Background concurrent copying GC freed 205004(6MB) AllocSpace objects, 0(0B) LOS objects, 20% free, 23MB/29MB, paused 222us total 257.495ms
07-21 20:44:41.336 15386 22786 I CameraManagerGlobal: Connecting to camera service
07-21 20:44:41.337 15386 22786 E CameraManagerGlobal: Camera service is unavailable
07-21 20:44:42.337 15386 22786 I CameraManagerGlobal: Connecting to camera service
07-21 20:44:42.337 15386 22786 E CameraManagerGlobal: Camera service is unavailable
07-21 20:44:43.021 15386 15403 I vision.svplaye: Background concurrent copying GC freed 205375(6MB) AllocSpace objects, 0(0B) LOS objects, 20% free, 23MB/29MB, paused 220us total 262.004ms
07-21 20:44:43.338 15386 22786 I CameraManagerGlobal: Connecting to camera service
07-21 20:44:43.338 15386 22786 E CameraManagerGlobal: Camera service is unavailable
07-21 20:44:44.339 15386 22786 I CameraManagerGlobal: Connecting to camera service
07-21 20:44:44.339 15386 22786 E CameraManagerGlobal: Camera service is unavailable
