--------- beginning of main
07-17 10:08:50.788 24603 24707 E libc    : Access denied finding property "vendor.dpframework.log.enable"
07-17 10:08:50.789 24603 24707 I chatty  : uid=10247(com.smartvision.svplayer) RenderThread identical 16 lines
07-17 10:08:50.789 24603 24707 E libc    : Access denied finding property "vendor.dpframework.log.enable"
07-17 10:08:50.790 24603 24707 E libc    : Access denied finding property "vendor.dpframework.dumpbuffer.checksum"
07-17 10:08:50.790 24603 24707 E libc    : Access denied finding property "vendor.dpframework.dumpbuffer.enable"
07-17 10:08:50.791 24603 31574 E FrameEvents: updateAcquireFence: Did not find frame.
07-17 10:08:50.793 24603 24707 E libc    : Access denied finding property "vendor.dpframework.log.enable"
07-17 10:08:50.794 24603 24707 I chatty  : uid=10247(com.smartvision.svplayer) RenderThread identical 16 lines
07-17 10:08:50.794 24603 24707 E libc    : Access denied finding property "vendor.dpframework.log.enable"
07-17 10:08:50.794 24603 24707 E libc    : Access denied finding property "vendor.dpframework.dumpbuffer.checksum"
07-17 10:08:50.794 24603 24707 E libc    : Access denied finding property "vendor.dpframework.dumpbuffer.enable"
07-17 10:08:50.816 24603 31574 E FrameEvents: updateAcquireFence: Did not find frame.
07-17 10:08:50.911 24603 31574 I chatty  : uid=10247(com.smartvision.svplayer) JNISurfaceTextu identical 5 lines
07-17 10:08:50.921 24603 31574 E FrameEvents: updateAcquireFence: Did not find frame.
07-17 10:08:50.929 24603 24707 E libc    : Access denied finding property "vendor.dpframework.log.enable"
07-17 10:08:50.930 24603 24707 I chatty  : uid=10247(com.smartvision.svplayer) RenderThread identical 16 lines
07-17 10:08:50.930 24603 24707 E libc    : Access denied finding property "vendor.dpframework.log.enable"
07-17 10:08:50.930 24603 24707 E libc    : Access denied finding property "vendor.dpframework.dumpbuffer.checksum"
07-17 10:08:50.931 24603 24707 E libc    : Access denied finding property "vendor.dpframework.dumpbuffer.enable"
07-17 10:08:50.963 24603 31574 E FrameEvents: updateAcquireFence: Did not find frame.
07-17 10:08:51.004 24603 31574 I chatty  : uid=10247(com.smartvision.svplayer) JNISurfaceTextu identical 3 lines
07-17 10:08:51.025 24603 31574 E FrameEvents: updateAcquireFence: Did not find frame.
07-17 10:08:51.040 24603 24616 I vision.svplaye: Background concurrent copying GC freed 189316(6MB) AllocSpace objects, 0(0B) LOS objects, 17% free, 28MB/34MB, paused 303us total 445.998ms
07-17 10:08:51.055 24603 31574 E FrameEvents: updateAcquireFence: Did not find frame.
07-17 10:08:51.104 24603 31574 I chatty  : uid=10247(com.smartvision.svplayer) JNISurfaceTextu identical 3 lines
07-17 10:08:51.125 24603 31574 E FrameEvents: updateAcquireFence: Did not find frame.
07-17 10:08:51.136 24603 24603 W RenderThread: type=1400 audit(0.0:557760): avc: denied { open } for path="/dev/__properties__/u:object_r:vendor_default_prop:s0" dev="tmpfs" ino=355 scontext=u:r:untrusted_app:s0:c247,c256,c512,c768 tcontext=u:object_r:vendor_default_prop:s0 tclass=file permissive=0
07-17 10:08:51.139 24603 24707 E libc    : Access denied finding property "vendor.dpframework.log.enable"
07-17 10:08:51.136 24603 24603 W RenderThread: type=1400 audit(0.0:557761): avc: denied { open } for path="/dev/__properties__/u:object_r:vendor_default_prop:s0" dev="tmpfs" ino=355 scontext=u:r:untrusted_app:s0:c247,c256,c512,c768 tcontext=u:object_r:vendor_default_prop:s0 tclass=file permissive=0
07-17 10:08:51.136 24603 24603 I chatty  : uid=10247(com.smartvision.svplayer) identical 1 line
07-17 10:08:51.136 24603 24603 W RenderThread: type=1400 audit(0.0:557763): avc: denied { open } for path="/dev/__properties__/u:object_r:vendor_default_prop:s0" dev="tmpfs" ino=355 scontext=u:r:untrusted_app:s0:c247,c256,c512,c768 tcontext=u:object_r:vendor_default_prop:s0 tclass=file permissive=0
07-17 10:08:51.139 24603 24707 E libc    : Access denied finding property "vendor.dpframework.log.enable"
07-17 10:08:51.140 24603 24707 I chatty  : uid=10247(com.smartvision.svplayer) RenderThread identical 15 lines
07-17 10:08:51.140 24603 24707 E libc    : Access denied finding property "vendor.dpframework.log.enable"
07-17 10:08:51.140 24603 24707 E libc    : Access denied finding property "vendor.dpframework.dumpbuffer.checksum"
07-17 10:08:51.140 24603 24707 E libc    : Access denied finding property "vendor.dpframework.dumpbuffer.enable"
07-17 10:08:51.136 24603 24603 W RenderThread: type=1400 audit(0.0:557764): avc: denied { open } for path="/dev/__properties__/u:object_r:vendor_default_prop:s0" dev="tmpfs" ino=355 scontext=u:r:untrusted_app:s0:c247,c256,c512,c768 tcontext=u:object_r:vendor_default_prop:s0 tclass=file permissive=0
07-17 10:08:51.156 24603 31574 E FrameEvents: updateAcquireFence: Did not find frame.
07-17 10:08:51.307 24603 31574 I chatty  : uid=10247(com.smartvision.svplayer) JNISurfaceTextu identical 8 lines
07-17 10:08:51.327 24603 31574 E FrameEvents: updateAcquireFence: Did not find frame.
07-17 10:08:51.348 24603 24707 E libc    : Access denied finding property "vendor.dpframework.log.enable"
07-17 10:08:51.349 24603 24707 I chatty  : uid=10247(com.smartvision.svplayer) RenderThread identical 16 lines
07-17 10:08:51.350 24603 24707 E libc    : Access denied finding property "vendor.dpframework.log.enable"
07-17 10:08:51.350 24603 24707 E libc    : Access denied finding property "vendor.dpframework.dumpbuffer.checksum"
07-17 10:08:51.350 24603 24707 E libc    : Access denied finding property "vendor.dpframework.dumpbuffer.enable"
07-17 10:08:51.359 24603 31574 E FrameEvents: updateAcquireFence: Did not find frame.
07-17 10:08:51.459 24603 31574 I chatty  : uid=10247(com.smartvision.svplayer) JNISurfaceTextu identical 5 lines
07-17 10:08:51.479 24603 31574 E FrameEvents: updateAcquireFence: Did not find frame.
07-17 10:08:51.487 24603 24707 E libc    : Access denied finding property "vendor.dpframework.log.enable"
07-17 10:08:51.488 24603 24707 I chatty  : uid=10247(com.smartvision.svplayer) RenderThread identical 16 lines
07-17 10:08:51.489 24603 24707 E libc    : Access denied finding property "vendor.dpframework.log.enable"
07-17 10:08:51.489 24603 24707 E libc    : Access denied finding property "vendor.dpframework.dumpbuffer.checksum"
07-17 10:08:51.489 24603 24707 E libc    : Access denied finding property "vendor.dpframework.dumpbuffer.enable"
07-17 10:08:51.490 24603 31574 E FrameEvents: updateAcquireFence: Did not find frame.
07-17 10:08:51.491 24603 24707 E libc    : Access denied finding property "vendor.dpframework.log.enable"
07-17 10:08:51.492 24603 24707 I chatty  : uid=10247(com.smartvision.svplayer) RenderThread identical 16 lines
07-17 10:08:51.492 24603 24707 E libc    : Access denied finding property "vendor.dpframework.log.enable"
07-17 10:08:51.492 24603 24707 E libc    : Access denied finding property "vendor.dpframework.dumpbuffer.checksum"
07-17 10:08:51.492 24603 24707 E libc    : Access denied finding property "vendor.dpframework.dumpbuffer.enable"
07-17 10:08:51.511 24603 31574 E FrameEvents: updateAcquireFence: Did not find frame.
07-17 10:08:51.610 24603 31574 I chatty  : uid=10247(com.smartvision.svplayer) JNISurfaceTextu identical 5 lines
07-17 10:08:51.620 24603 31574 E FrameEvents: updateAcquireFence: Did not find frame.
07-17 10:08:51.627 24603 24707 E libc    : Access denied finding property "vendor.dpframework.log.enable"
07-17 10:08:51.628 24603 24707 I chatty  : uid=10247(com.smartvision.svplayer) RenderThread identical 16 lines
07-17 10:08:51.629 24603 24707 E libc    : Access denied finding property "vendor.dpframework.log.enable"
07-17 10:08:51.629 24603 24707 E libc    : Access denied finding property "vendor.dpframework.dumpbuffer.checksum"
07-17 10:08:51.629 24603 24707 E libc    : Access denied finding property "vendor.dpframework.dumpbuffer.enable"
07-17 10:08:51.662 24603 31574 E FrameEvents: updateAcquireFence: Did not find frame.
07-17 10:08:51.813 24603 31574 I chatty  : uid=10247(com.smartvision.svplayer) JNISurfaceTextu identical 8 lines
07-17 10:08:51.823 24603 31574 E FrameEvents: updateAcquireFence: Did not find frame.
07-17 10:08:51.836 24603 24707 E libc    : Access denied finding property "vendor.dpframework.log.enable"
07-17 10:08:51.838 24603 24707 I chatty  : uid=10247(com.smartvision.svplayer) RenderThread identical 16 lines
07-17 10:08:51.838 24603 24707 E libc    : Access denied finding property "vendor.dpframework.log.enable"
07-17 10:08:51.838 24603 24707 E libc    : Access denied finding property "vendor.dpframework.dumpbuffer.checksum"
07-17 10:08:51.838 24603 24707 E libc    : Access denied finding property "vendor.dpframework.dumpbuffer.enable"
07-17 10:08:51.863 24603 31574 E FrameEvents: updateAcquireFence: Did not find frame.
07-17 10:08:51.873 24603 31574 E FrameEvents: updateAcquireFence: Did not find frame.
07-17 10:08:51.894 24603 31574 E FrameEvents: updateAcquireFence: Did not find frame.
07-17 10:08:51.914 24603 31574 I chatty  : uid=10247(com.smartvision.svplayer) JNISurfaceTextu identical 1 line
07-17 10:08:51.925 24603 31574 E FrameEvents: updateAcquireFence: Did not find frame.
07-17 10:08:51.955 24603 31574 E FrameEvents: updateAcquireFence: Did not find frame.
07-17 10:08:52.006 24603 31574 I chatty  : uid=10247(com.smartvision.svplayer) JNISurfaceTextu identical 3 lines
07-17 10:08:52.026 24603 31574 E FrameEvents: updateAcquireFence: Did not find frame.
07-17 10:08:52.047 24603 24707 E libc    : Access denied finding property "vendor.dpframework.log.enable"
07-17 10:08:52.048 24603 24707 I chatty  : uid=10247(com.smartvision.svplayer) RenderThread identical 16 lines
07-17 10:08:52.049 24603 24707 E libc    : Access denied finding property "vendor.dpframework.log.enable"
07-17 10:08:52.049 24603 24707 E libc    : Access denied finding property "vendor.dpframework.dumpbuffer.checksum"
07-17 10:08:52.049 24603 24707 E libc    : Access denied finding property "vendor.dpframework.dumpbuffer.enable"
07-17 10:08:52.057 24603 31574 E FrameEvents: updateAcquireFence: Did not find frame.
07-17 10:08:52.158 24603 31574 I chatty  : uid=10247(com.smartvision.svplayer) JNISurfaceTextu identical 5 lines
07-17 10:08:52.178 24603 31574 E FrameEvents: updateAcquireFence: Did not find frame.
07-17 10:08:52.176 24603 24603 W RenderThread: type=1400 audit(0.0:557900): avc: denied { open } for path="/dev/__properties__/u:object_r:vendor_default_prop:s0" dev="tmpfs" ino=355 scontext=u:r:untrusted_app:s0:c247,c256,c512,c768 tcontext=u:object_r:vendor_default_prop:s0 tclass=file permissive=0
07-17 10:08:52.186 24603 24603 I chatty  : uid=10247(com.smartvision.svplayer) identical 3 lines
07-17 10:08:52.186 24603 24603 W RenderThread: type=1400 audit(0.0:557904): avc: denied { open } for path="/dev/__properties__/u:object_r:vendor_default_prop:s0" dev="tmpfs" ino=355 scontext=u:r:untrusted_app:s0:c247,c256,c512,c768 tcontext=u:object_r:vendor_default_prop:s0 tclass=file permissive=0
07-17 10:08:52.186 24603 24707 E libc    : Access denied finding property "vendor.dpframework.log.enable"
07-17 10:08:52.188 24603 24707 I chatty  : uid=10247(com.smartvision.svplayer) RenderThread identical 16 lines
07-17 10:08:52.188 24603 24707 E libc    : Access denied finding property "vendor.dpframework.log.enable"
07-17 10:08:52.188 24603 24707 E libc    : Access denied finding property "vendor.dpframework.dumpbuffer.checksum"
07-17 10:08:52.188 24603 24707 E libc    : Access denied finding property "vendor.dpframework.dumpbuffer.enable"
07-17 10:08:52.191 24603 31574 E FrameEvents: updateAcquireFence: Did not find frame.
07-17 10:08:52.313 24603 31574 I chatty  : uid=10247(com.smartvision.svplayer) JNISurfaceTextu identical 6 lines
07-17 10:08:52.323 24603 31574 E FrameEvents: updateAcquireFence: Did not find frame.
07-17 10:08:52.328 24603 24707 E libc    : Access denied finding property "vendor.dpframework.log.enable"
07-17 10:08:52.329 24603 24707 I chatty  : uid=10247(com.smartvision.svplayer) RenderThread identical 16 lines
07-17 10:08:52.329 24603 24707 E libc    : Access denied finding property "vendor.dpframework.log.enable"
07-17 10:08:52.329 24603 24707 E libc    : Access denied finding property "vendor.dpframework.dumpbuffer.checksum"
07-17 10:08:52.329 24603 24707 E libc    : Access denied finding property "vendor.dpframework.dumpbuffer.enable"
07-17 10:08:52.364 24603 31574 E FrameEvents: updateAcquireFence: Did not find frame.
07-17 10:08:52.514 24603 31574 I chatty  : uid=10247(com.smartvision.svplayer) JNISurfaceTextu identical 8 lines
07-17 10:08:52.525 24603 31574 E FrameEvents: updateAcquireFence: Did not find frame.
07-17 10:08:52.538 24603 24707 E libc    : Access denied finding property "vendor.dpframework.log.enable"
07-17 10:08:52.539 24603 24707 I chatty  : uid=10247(com.smartvision.svplayer) RenderThread identical 16 lines
07-17 10:08:52.539 24603 24707 E libc    : Access denied finding property "vendor.dpframework.log.enable"
07-17 10:08:52.539 24603 24707 E libc    : Access denied finding property "vendor.dpframework.dumpbuffer.checksum"
07-17 10:08:52.539 24603 24707 E libc    : Access denied finding property "vendor.dpframework.dumpbuffer.enable"
07-17 10:08:52.566 24603 31574 E FrameEvents: updateAcquireFence: Did not find frame.
07-17 10:08:52.710 24603 31574 I chatty  : uid=10247(com.smartvision.svplayer) JNISurfaceTextu identical 8 lines
07-17 10:08:52.730 24603 31574 E FrameEvents: updateAcquireFence: Did not find frame.
07-17 10:08:52.746 24603 24707 E libc    : Access denied finding property "vendor.dpframework.log.enable"
07-17 10:08:52.747 24603 24707 I chatty  : uid=10247(com.smartvision.svplayer) RenderThread identical 16 lines
07-17 10:08:52.747 24603 24707 E libc    : Access denied finding property "vendor.dpframework.log.enable"
07-17 10:08:52.748 24603 24707 E libc    : Access denied finding property "vendor.dpframework.dumpbuffer.checksum"
07-17 10:08:52.748 24603 24707 E libc    : Access denied finding property "vendor.dpframework.dumpbuffer.enable"
07-17 10:08:52.760 24603 31574 E FrameEvents: updateAcquireFence: Did not find frame.
07-17 10:08:52.810 24603 31574 I chatty  : uid=10247(com.smartvision.svplayer) JNISurfaceTextu identical 3 lines
07-17 10:08:52.831 24603 31574 E FrameEvents: updateAcquireFence: Did not find frame.
07-17 10:08:52.832 24603 31573 I MediaCodecLogger: 24603.HW.video.avc.bitrateInKbps = 178
07-17 10:08:52.860 24603 31574 E FrameEvents: updateAcquireFence: Did not find frame.
07-17 10:08:52.873 24603 31582 I MediaCodecLogger: 24603.SW.audio.mp4a.bitrateInKbps = 121
07-17 10:08:52.880 24603 31574 E FrameEvents: updateAcquireFence: Did not find frame.
07-17 10:08:52.884 24603 24707 E libc    : Access denied finding property "vendor.dpframework.log.enable"
07-17 10:08:52.885 24603 24707 I chatty  : uid=10247(com.smartvision.svplayer) RenderThread identical 16 lines
07-17 10:08:52.885 24603 24707 E libc    : Access denied finding property "vendor.dpframework.log.enable"
07-17 10:08:52.885 24603 24707 E libc    : Access denied finding property "vendor.dpframework.dumpbuffer.checksum"
07-17 10:08:52.886 24603 24707 E libc    : Access denied finding property "vendor.dpframework.dumpbuffer.enable"
07-17 10:08:52.892 24603 31574 E FrameEvents: updateAcquireFence: Did not find frame.
07-17 10:08:52.992 24603 31574 I chatty  : uid=10247(com.smartvision.svplayer) JNISurfaceTextu identical 5 lines
07-17 10:08:53.011 24603 31574 E FrameEvents: updateAcquireFence: Did not find frame.
07-17 10:08:53.020 24603 24707 E libc    : Access denied finding property "vendor.dpframework.log.enable"
07-17 10:08:53.021 24603 24707 I chatty  : uid=10247(com.smartvision.svplayer) RenderThread identical 16 lines
07-17 10:08:53.022 24603 24707 E libc    : Access denied finding property "vendor.dpframework.log.enable"
07-17 10:08:53.022 24603 24707 E libc    : Access denied finding property "vendor.dpframework.dumpbuffer.checksum"
07-17 10:08:53.022 24603 24707 E libc    : Access denied finding property "vendor.dpframework.dumpbuffer.enable"
07-17 10:08:53.023 24603 31574 E FrameEvents: updateAcquireFence: Did not find frame.
07-17 10:08:53.024 24603 24707 E libc    : Access denied finding property "vendor.dpframework.log.enable"
07-17 10:08:53.025 24603 24707 I chatty  : uid=10247(com.smartvision.svplayer) RenderThread identical 16 lines
07-17 10:08:53.025 24603 24707 E libc    : Access denied finding property "vendor.dpframework.log.enable"
07-17 10:08:53.025 24603 24707 E libc    : Access denied finding property "vendor.dpframework.dumpbuffer.checksum"
07-17 10:08:53.025 24603 24707 E libc    : Access denied finding property "vendor.dpframework.dumpbuffer.enable"
07-17 10:08:53.062 24603 31574 E FrameEvents: updateAcquireFence: Did not find frame.
07-17 10:08:53.112 24603 31574 I chatty  : uid=10247(com.smartvision.svplayer) JNISurfaceTextu identical 2 lines
07-17 10:08:53.132 24603 31574 E FrameEvents: updateAcquireFence: Did not find frame.
07-17 10:08:53.157 24603 24707 E libc    : Access denied finding property "vendor.dpframework.log.enable"
07-17 10:08:53.158 24603 24707 I chatty  : uid=10247(com.smartvision.svplayer) RenderThread identical 16 lines
07-17 10:08:53.158 24603 24707 E libc    : Access denied finding property "vendor.dpframework.log.enable"
07-17 10:08:53.158 24603 24707 E libc    : Access denied finding property "vendor.dpframework.dumpbuffer.checksum"
07-17 10:08:53.158 24603 24707 E libc    : Access denied finding property "vendor.dpframework.dumpbuffer.enable"
07-17 10:08:53.165 24603 31574 E FrameEvents: updateAcquireFence: Did not find frame.
07-17 10:08:53.175 24603 31574 I chatty  : uid=10247(com.smartvision.svplayer) JNISurfaceTextu identical 1 line
07-17 10:08:53.206 24603 31574 E FrameEvents: updateAcquireFence: Did not find frame.
07-17 10:08:53.216 24603 24603 W RenderThread: type=1400 audit(0.0:558060): avc: denied { open } for path="/dev/__properties__/u:object_r:vendor_default_prop:s0" dev="tmpfs" ino=355 scontext=u:r:untrusted_app:s0:c247,c256,c512,c768 tcontext=u:object_r:vendor_default_prop:s0 tclass=file permissive=0
07-17 10:08:53.225 24603 24707 E libc    : Access denied finding property "vendor.dpframework.log.enable"
07-17 10:08:53.226 24603 24707 I chatty  : uid=10247(com.smartvision.svplayer) RenderThread identical 1 line
07-17 10:08:53.226 24603 24707 E libc    : Access denied finding property "vendor.dpframework.log.enable"
07-17 10:08:53.216 24603 24603 W RenderThread: type=1400 audit(0.0:558061): avc: denied { open } for path="/dev/__properties__/u:object_r:vendor_default_prop:s0" dev="tmpfs" ino=355 scontext=u:r:untrusted_app:s0:c247,c256,c512,c768 tcontext=u:object_r:vendor_default_prop:s0 tclass=file permissive=0
07-17 10:08:53.216 24603 24603 I chatty  : uid=10247(com.smartvision.svplayer) identical 2 lines
07-17 10:08:53.216 24603 24603 W RenderThread: type=1400 audit(0.0:558064): avc: denied { open } for path="/dev/__properties__/u:object_r:vendor_default_prop:s0" dev="tmpfs" ino=355 scontext=u:r:untrusted_app:s0:c247,c256,c512,c768 tcontext=u:object_r:vendor_default_prop:s0 tclass=file permissive=0
07-17 10:08:53.226 24603 24707 E libc    : Access denied finding property "vendor.dpframework.log.enable"
07-17 10:08:53.228 24603 24707 I chatty  : uid=10247(com.smartvision.svplayer) RenderThread identical 10 lines
07-17 10:08:53.228 24603 24707 E libc    : Access denied finding property "vendor.dpframework.log.enable"
07-17 10:08:53.228 24603 31574 E FrameEvents: updateAcquireFence: Did not find frame.
07-17 10:08:53.228 24603 24707 E libc    : Access denied finding property "vendor.dpframework.log.enable"
07-17 10:08:53.229 24603 24707 I chatty  : uid=10247(com.smartvision.svplayer) RenderThread identical 1 line
07-17 10:08:53.229 24603 24707 E libc    : Access denied finding property "vendor.dpframework.log.enable"
07-17 10:08:53.229 24603 24707 E libc    : Access denied finding property "vendor.dpframework.dumpbuffer.checksum"
07-17 10:08:53.229 24603 24707 E libc    : Access denied finding property "vendor.dpframework.dumpbuffer.enable"
07-17 10:08:53.232 24603 24707 E libc    : Access denied finding property "vendor.dpframework.log.enable"
07-17 10:08:53.233 24603 24707 I chatty  : uid=10247(com.smartvision.svplayer) RenderThread identical 16 lines
07-17 10:08:53.234 24603 24707 E libc    : Access denied finding property "vendor.dpframework.log.enable"
07-17 10:08:53.234 24603 24707 E libc    : Access denied finding property "vendor.dpframework.dumpbuffer.checksum"
07-17 10:08:53.234 24603 24707 E libc    : Access denied finding property "vendor.dpframework.dumpbuffer.enable"
07-17 10:08:53.258 24603 31574 E FrameEvents: updateAcquireFence: Did not find frame.
07-17 10:08:53.277 24603 31574 E FrameEvents: updateAcquireFence: Did not find frame.
07-17 10:08:53.296 24603 24707 E libc    : Access denied finding property "vendor.dpframework.log.enable"
07-17 10:08:53.297 24603 24707 I chatty  : uid=10247(com.smartvision.svplayer) RenderThread identical 16 lines
07-17 10:08:53.298 24603 24707 E libc    : Access denied finding property "vendor.dpframework.log.enable"
07-17 10:08:53.298 24603 24707 E libc    : Access denied finding property "vendor.dpframework.dumpbuffer.checksum"
07-17 10:08:53.298 24603 24707 E libc    : Access denied finding property "vendor.dpframework.dumpbuffer.enable"
07-17 10:08:53.298 24603 31574 E FrameEvents: updateAcquireFence: Did not find frame.
07-17 10:08:53.300 24603 24707 E libc    : Access denied finding property "vendor.dpframework.log.enable"
07-17 10:08:53.301 24603 24707 I chatty  : uid=10247(com.smartvision.svplayer) RenderThread identical 16 lines
07-17 10:08:53.301 24603 24707 E libc    : Access denied finding property "vendor.dpframework.log.enable"
07-17 10:08:53.301 24603 24707 E libc    : Access denied finding property "vendor.dpframework.dumpbuffer.checksum"
07-17 10:08:53.301 24603 24707 E libc    : Access denied finding property "vendor.dpframework.dumpbuffer.enable"
07-17 10:08:53.323 24603 31574 E FrameEvents: updateAcquireFence: Did not find frame.
07-17 10:08:53.363 24603 31574 E FrameEvents: updateAcquireFence: Did not find frame.
07-17 10:08:53.367 24603 24707 E libc    : Access denied finding property "vendor.dpframework.log.enable"
07-17 10:08:53.369 24603 24707 I chatty  : uid=10247(com.smartvision.svplayer) RenderThread identical 16 lines
07-17 10:08:53.369 24603 24707 E libc    : Access denied finding property "vendor.dpframework.log.enable"
07-17 10:08:53.369 24603 24707 E libc    : Access denied finding property "vendor.dpframework.dumpbuffer.checksum"
07-17 10:08:53.369 24603 24707 E libc    : Access denied finding property "vendor.dpframework.dumpbuffer.enable"
07-17 10:08:53.375 24603 31574 E FrameEvents: updateAcquireFence: Did not find frame.
07-17 10:08:53.393 24603 31574 I chatty  : uid=10247(com.smartvision.svplayer) JNISurfaceTextu identical 1 line
07-17 10:08:53.423 24603 31574 E FrameEvents: updateAcquireFence: Did not find frame.
07-17 10:08:53.440 24603 24707 E libc    : Access denied finding property "vendor.dpframework.log.enable"
07-17 10:08:53.441 24603 24707 I chatty  : uid=10247(com.smartvision.svplayer) RenderThread identical 16 lines
07-17 10:08:53.442 24603 24707 E libc    : Access denied finding property "vendor.dpframework.log.enable"
07-17 10:08:53.442 24603 24707 E libc    : Access denied finding property "vendor.dpframework.dumpbuffer.checksum"
07-17 10:08:53.442 24603 24707 E libc    : Access denied finding property "vendor.dpframework.dumpbuffer.enable"
07-17 10:08:53.444 24603 31574 E FrameEvents: updateAcquireFence: Did not find frame.
07-17 10:08:53.474 24603 31574 I chatty  : uid=10247(com.smartvision.svplayer) JNISurfaceTextu identical 1 line
07-17 10:08:53.494 24603 31574 E FrameEvents: updateAcquireFence: Did not find frame.
07-17 10:08:53.506 24603 24707 E libc    : Access denied finding property "vendor.dpframework.log.enable"
07-17 10:08:53.507 24603 24707 I chatty  : uid=10247(com.smartvision.svplayer) RenderThread identical 16 lines
07-17 10:08:53.508 24603 24707 E libc    : Access denied finding property "vendor.dpframework.log.enable"
07-17 10:08:53.508 24603 24707 E libc    : Access denied finding property "vendor.dpframework.dumpbuffer.checksum"
07-17 10:08:53.508 24603 24707 E libc    : Access denied finding property "vendor.dpframework.dumpbuffer.enable"
07-17 10:08:53.525 24603 31574 E FrameEvents: updateAcquireFence: Did not find frame.
07-17 10:08:53.545 24603 31574 I chatty  : uid=10247(com.smartvision.svplayer) JNISurfaceTextu identical 1 line
07-17 10:08:53.575 24603 31574 E FrameEvents: updateAcquireFence: Did not find frame.
07-17 10:08:53.576 24603 24707 E libc    : Access denied finding property "vendor.dpframework.log.enable"
07-17 10:08:53.577 24603 24707 I chatty  : uid=10247(com.smartvision.svplayer) RenderThread identical 16 lines
07-17 10:08:53.577 24603 24707 E libc    : Access denied finding property "vendor.dpframework.log.enable"
07-17 10:08:53.578 24603 24707 E libc    : Access denied finding property "vendor.dpframework.dumpbuffer.checksum"
07-17 10:08:53.578 24603 24707 E libc    : Access denied finding property "vendor.dpframework.dumpbuffer.enable"
07-17 10:08:53.587 24603 24616 I vision.svplaye: Background concurrent copying GC freed 196864(6MB) AllocSpace objects, 0(0B) LOS objects, 17% free, 28MB/34MB, paused 215us total 334.389ms
07-17 10:08:53.596 24603 31574 E FrameEvents: updateAcquireFence: Did not find frame.
07-17 10:08:53.625 24603 31574 E FrameEvents: updateAcquireFence: Did not find frame.
07-17 10:08:53.645 24603 24707 E libc    : Access denied finding property "vendor.dpframework.log.enable"
07-17 10:08:53.646 24603 24707 I chatty  : uid=10247(com.smartvision.svplayer) RenderThread identical 11 lines
07-17 10:08:53.646 24603 24707 E libc    : Access denied finding property "vendor.dpframework.log.enable"
07-17 10:08:53.646 24603 31574 E FrameEvents: updateAcquireFence: Did not find frame.
07-17 10:08:53.646 24603 24707 E libc    : Access denied finding property "vendor.dpframework.log.enable"
07-17 10:08:53.646 24603 24707 I chatty  : uid=10247(com.smartvision.svplayer) RenderThread identical 3 lines
07-17 10:08:53.647 24603 24707 E libc    : Access denied finding property "vendor.dpframework.log.enable"
07-17 10:08:53.647 24603 24707 E libc    : Access denied finding property "vendor.dpframework.dumpbuffer.checksum"
07-17 10:08:53.647 24603 24707 E libc    : Access denied finding property "vendor.dpframework.dumpbuffer.enable"
07-17 10:08:53.649 24603 24707 E libc    : Access denied finding property "vendor.dpframework.log.enable"
07-17 10:08:53.650 24603 24707 I chatty  : uid=10247(com.smartvision.svplayer) RenderThread identical 16 lines
07-17 10:08:53.650 24603 24707 E libc    : Access denied finding property "vendor.dpframework.log.enable"
07-17 10:08:53.651 24603 24707 E libc    : Access denied finding property "vendor.dpframework.dumpbuffer.checksum"
07-17 10:08:53.651 24603 24707 E libc    : Access denied finding property "vendor.dpframework.dumpbuffer.enable"
07-17 10:08:53.676 24603 31574 E FrameEvents: updateAcquireFence: Did not find frame.
07-17 10:08:53.696 24603 31574 E FrameEvents: updateAcquireFence: Did not find frame.
07-17 10:08:53.713 24603 24707 E libc    : Access denied finding property "vendor.dpframework.log.enable"
07-17 10:08:53.715 24603 24707 I chatty  : uid=10247(com.smartvision.svplayer) RenderThread identical 16 lines
07-17 10:08:53.715 24603 24707 E libc    : Access denied finding property "vendor.dpframework.log.enable"
07-17 10:08:53.716 24603 24707 E libc    : Access denied finding property "vendor.dpframework.dumpbuffer.checksum"
07-17 10:08:53.716 24603 24707 E libc    : Access denied finding property "vendor.dpframework.dumpbuffer.enable"
07-17 10:08:53.728 24603 31574 E FrameEvents: updateAcquireFence: Did not find frame.
07-17 10:08:53.749 24603 31574 I chatty  : uid=10247(com.smartvision.svplayer) JNISurfaceTextu identical 1 line
07-17 10:08:53.779 24603 31574 E FrameEvents: updateAcquireFence: Did not find frame.
07-17 10:08:53.782 24603 24707 E libc    : Access denied finding property "vendor.dpframework.log.enable"
07-17 10:08:53.784 24603 24707 I chatty  : uid=10247(com.smartvision.svplayer) RenderThread identical 16 lines
07-17 10:08:53.784 24603 24707 E libc    : Access denied finding property "vendor.dpframework.log.enable"
07-17 10:08:53.784 24603 24707 E libc    : Access denied finding property "vendor.dpframework.dumpbuffer.checksum"
07-17 10:08:53.784 24603 24707 E libc    : Access denied finding property "vendor.dpframework.dumpbuffer.enable"
07-17 10:08:53.799 24603 31574 E FrameEvents: updateAcquireFence: Did not find frame.
07-17 10:08:53.828 24603 31574 I chatty  : uid=10247(com.smartvision.svplayer) JNISurfaceTextu identical 1 line
07-17 10:08:53.849 24603 31574 E FrameEvents: updateAcquireFence: Did not find frame.
07-17 10:08:53.854 24603 24707 E libc    : Access denied finding property "vendor.dpframework.log.enable"
07-17 10:08:53.856 24603 24707 I chatty  : uid=10247(com.smartvision.svplayer) RenderThread identical 16 lines
07-17 10:08:53.856 24603 24707 E libc    : Access denied finding property "vendor.dpframework.log.enable"
07-17 10:08:53.856 24603 24707 E libc    : Access denied finding property "vendor.dpframework.dumpbuffer.checksum"
07-17 10:08:53.856 24603 24707 E libc    : Access denied finding property "vendor.dpframework.dumpbuffer.enable"
07-17 10:08:53.882 24603 31574 E FrameEvents: updateAcquireFence: Did not find frame.
07-17 10:08:53.891 24603 31574 E FrameEvents: updateAcquireFence: Did not find frame.
07-17 10:08:53.922 24603 24707 E libc    : Access denied finding property "vendor.dpframework.log.enable"
07-17 10:08:53.925 24603 24707 I chatty  : uid=10247(com.smartvision.svplayer) RenderThread identical 16 lines
07-17 10:08:53.925 24603 24707 E libc    : Access denied finding property "vendor.dpframework.log.enable"
07-17 10:08:53.925 24603 24707 E libc    : Access denied finding property "vendor.dpframework.dumpbuffer.checksum"
07-17 10:08:53.925 24603 24707 E libc    : Access denied finding property "vendor.dpframework.dumpbuffer.enable"
07-17 10:08:53.933 24603 31574 E FrameEvents: updateAcquireFence: Did not find frame.
07-17 10:08:53.942 24603 31574 I chatty  : uid=10247(com.smartvision.svplayer) JNISurfaceTextu identical 1 line
07-17 10:08:53.973 24603 31574 E FrameEvents: updateAcquireFence: Did not find frame.
07-17 10:08:53.994 24603 31573 I MediaCodecLogger: 24603.HW.video.avc Dropped 10 frames
07-17 10:08:53.994 24603 31574 E FrameEvents: updateAcquireFence: Did not find frame.
07-17 10:08:54.026 24603 31574 I chatty  : uid=10247(com.smartvision.svplayer) JNISurfaceTextu identical 1 line
07-17 10:08:54.045 24603 31574 E FrameEvents: updateAcquireFence: Did not find frame.
07-17 10:08:54.059 24603 24707 E libc    : Access denied finding property "vendor.dpframework.log.enable"
07-17 10:08:54.060 24603 24707 I chatty  : uid=10247(com.smartvision.svplayer) RenderThread identical 16 lines
07-17 10:08:54.060 24603 24707 E libc    : Access denied finding property "vendor.dpframework.log.enable"
07-17 10:08:54.060 24603 24707 E libc    : Access denied finding property "vendor.dpframework.dumpbuffer.checksum"
07-17 10:08:54.060 24603 24707 E libc    : Access denied finding property "vendor.dpframework.dumpbuffer.enable"
07-17 10:08:54.076 24603 31574 E FrameEvents: updateAcquireFence: Did not find frame.
07-17 10:08:54.230 24603 31574 I chatty  : uid=10247(com.smartvision.svplayer) JNISurfaceTextu identical 6 lines
07-17 10:08:54.250 24603 31574 E FrameEvents: updateAcquireFence: Did not find frame.
07-17 10:08:54.256 24603 24603 W RenderThread: type=1400 audit(0.0:558360): avc: denied { open } for path="/dev/__properties__/u:object_r:vendor_default_prop:s0" dev="tmpfs" ino=355 scontext=u:r:untrusted_app:s0:c247,c256,c512,c768 tcontext=u:object_r:vendor_default_prop:s0 tclass=file permissive=0
07-17 10:08:54.265 24603 24707 E libc    : Access denied finding property "vendor.dpframework.log.enable"
07-17 10:08:54.256 24603 24603 W RenderThread: type=1400 audit(0.0:558361): avc: denied { open } for path="/dev/__properties__/u:object_r:vendor_default_prop:s0" dev="tmpfs" ino=355 scontext=u:r:untrusted_app:s0:c247,c256,c512,c768 tcontext=u:object_r:vendor_default_prop:s0 tclass=file permissive=0
07-17 10:08:54.256 24603 24603 W RenderThread: type=1400 audit(0.0:558362): avc: denied { open } for path="/dev/__properties__/u:object_r:vendor_default_prop:s0" dev="tmpfs" ino=355 scontext=u:r:untrusted_app:s0:c247,c256,c512,c768 tcontext=u:object_r:vendor_default_prop:s0 tclass=file permissive=0
07-17 10:08:54.266 24603 24707 E libc    : Access denied finding property "vendor.dpframework.log.enable"
07-17 10:08:54.256 24603 24603 W RenderThread: type=1400 audit(0.0:558363): avc: denied { open } for path="/dev/__properties__/u:object_r:vendor_default_prop:s0" dev="tmpfs" ino=355 scontext=u:r:untrusted_app:s0:c247,c256,c512,c768 tcontext=u:object_r:vendor_default_prop:s0 tclass=file permissive=0
07-17 10:08:54.256 24603 24603 W RenderThread: type=1400 audit(0.0:558364): avc: denied { open } for path="/dev/__properties__/u:object_r:vendor_default_prop:s0" dev="tmpfs" ino=355 scontext=u:r:untrusted_app:s0:c247,c256,c512,c768 tcontext=u:object_r:vendor_default_prop:s0 tclass=file permissive=0
07-17 10:08:54.266 24603 24707 E libc    : Access denied finding property "vendor.dpframework.log.enable"
07-17 10:08:54.268 24603 24707 I chatty  : uid=10247(com.smartvision.svplayer) RenderThread identical 14 lines
07-17 10:08:54.268 24603 24707 E libc    : Access denied finding property "vendor.dpframework.log.enable"
07-17 10:08:54.268 24603 24707 E libc    : Access denied finding property "vendor.dpframework.dumpbuffer.checksum"
07-17 10:08:54.268 24603 24707 E libc    : Access denied finding property "vendor.dpframework.dumpbuffer.enable"
07-17 10:08:54.281 24603 31574 E FrameEvents: updateAcquireFence: Did not find frame.
07-17 10:08:54.381 24603 31574 I chatty  : uid=10247(com.smartvision.svplayer) JNISurfaceTextu identical 4 lines
07-17 10:08:54.391 24603 31574 E FrameEvents: updateAcquireFence: Did not find frame.
07-17 10:08:54.401 24603 24707 E libc    : Access denied finding property "vendor.dpframework.log.enable"
07-17 10:08:54.403 24603 24707 I chatty  : uid=10247(com.smartvision.svplayer) RenderThread identical 16 lines
07-17 10:08:54.403 24603 24707 E libc    : Access denied finding property "vendor.dpframework.log.enable"
07-17 10:08:54.403 24603 24707 E libc    : Access denied finding property "vendor.dpframework.dumpbuffer.checksum"
07-17 10:08:54.403 24603 24707 E libc    : Access denied finding property "vendor.dpframework.dumpbuffer.enable"
07-17 10:08:54.431 24603 31574 E FrameEvents: updateAcquireFence: Did not find frame.
07-17 10:08:54.580 24603 31574 I chatty  : uid=10247(com.smartvision.svplayer) JNISurfaceTextu identical 6 lines
07-17 10:08:54.591 24603 31574 E FrameEvents: updateAcquireFence: Did not find frame.
07-17 10:08:54.606 24603 24707 E libc    : Access denied finding property "vendor.dpframework.log.enable"
07-17 10:08:54.607 24603 24707 I chatty  : uid=10247(com.smartvision.svplayer) RenderThread identical 16 lines
07-17 10:08:54.607 24603 24707 E libc    : Access denied finding property "vendor.dpframework.log.enable"
07-17 10:08:54.607 24603 24707 E libc    : Access denied finding property "vendor.dpframework.dumpbuffer.checksum"
07-17 10:08:54.607 24603 24707 E libc    : Access denied finding property "vendor.dpframework.dumpbuffer.enable"
07-17 10:08:54.633 24603 31574 E FrameEvents: updateAcquireFence: Did not find frame.
07-17 10:08:54.775 24603 31574 I chatty  : uid=10247(com.smartvision.svplayer) JNISurfaceTextu identical 6 lines
07-17 10:08:54.795 24603 31574 E FrameEvents: updateAcquireFence: Did not find frame.
07-17 10:08:54.811 24603 24707 E libc    : Access denied finding property "vendor.dpframework.log.enable"
07-17 10:08:54.812 24603 24707 I chatty  : uid=10247(com.smartvision.svplayer) RenderThread identical 16 lines
07-17 10:08:54.813 24603 24707 E libc    : Access denied finding property "vendor.dpframework.log.enable"
07-17 10:08:54.813 24603 24707 E libc    : Access denied finding property "vendor.dpframework.dumpbuffer.checksum"
07-17 10:08:54.813 24603 24707 E libc    : Access denied finding property "vendor.dpframework.dumpbuffer.enable"
07-17 10:08:54.826 24603 31574 E FrameEvents: updateAcquireFence: Did not find frame.
07-17 10:08:54.946 24603 31574 I chatty  : uid=10247(com.smartvision.svplayer) JNISurfaceTextu identical 5 lines
07-17 10:08:54.977 24603 31574 E FrameEvents: updateAcquireFence: Did not find frame.
07-17 10:08:54.998 24603 31573 I MediaCodecLogger: 24603.HW.video.avc Dropped 20 frames
07-17 10:08:54.998 24603 31574 E FrameEvents: updateAcquireFence: Did not find frame.
07-17 10:08:55.017 24603 24707 E libc    : Access denied finding property "vendor.dpframework.log.enable"
07-17 10:08:55.018 24603 24707 I chatty  : uid=10247(com.smartvision.svplayer) RenderThread identical 16 lines
07-17 10:08:55.018 24603 24707 E libc    : Access denied finding property "vendor.dpframework.log.enable"
07-17 10:08:55.018 24603 24707 E libc    : Access denied finding property "vendor.dpframework.dumpbuffer.checksum"
07-17 10:08:55.018 24603 24707 E libc    : Access denied finding property "vendor.dpframework.dumpbuffer.enable"
07-17 10:08:55.029 24603 31574 E FrameEvents: updateAcquireFence: Did not find frame.
07-17 10:08:55.130 24603 31574 I chatty  : uid=10247(com.smartvision.svplayer) JNISurfaceTextu identical 4 lines
07-17 10:08:55.150 24603 31574 E FrameEvents: updateAcquireFence: Did not find frame.
07-17 10:08:55.154 24603 24707 E libc    : Access denied finding property "vendor.dpframework.log.enable"
07-17 10:08:55.155 24603 24707 I chatty  : uid=10247(com.smartvision.svplayer) RenderThread identical 16 lines
07-17 10:08:55.155 24603 24707 E libc    : Access denied finding property "vendor.dpframework.log.enable"
07-17 10:08:55.155 24603 24707 E libc    : Access denied finding property "vendor.dpframework.dumpbuffer.checksum"
07-17 10:08:55.155 24603 24707 E libc    : Access denied finding property "vendor.dpframework.dumpbuffer.enable"
07-17 10:08:55.180 24603 31574 E FrameEvents: updateAcquireFence: Did not find frame.
07-17 10:08:55.331 24603 31574 I chatty  : uid=10247(com.smartvision.svplayer) JNISurfaceTextu identical 6 lines
07-17 10:08:55.350 24603 31574 E FrameEvents: updateAcquireFence: Did not find frame.
07-17 10:08:55.359 24603 24707 E libc    : Access denied finding property "vendor.dpframework.log.enable"
07-17 10:08:55.359 24603 24707 E libc    : Access denied finding property "vendor.dpframework.log.enable"
07-17 10:08:55.356 24603 24603 W RenderThread: type=1400 audit(0.0:558480): avc: denied { open } for path="/dev/__properties__/u:object_r:vendor_default_prop:s0" dev="tmpfs" ino=355 scontext=u:r:untrusted_app:s0:c247,c256,c512,c768 tcontext=u:object_r:vendor_default_prop:s0 tclass=file permissive=0
07-17 10:08:55.359 24603 24707 E libc    : Access denied finding property "vendor.dpframework.log.enable"
07-17 10:08:55.360 24603 24707 I chatty  : uid=10247(com.smartvision.svplayer) RenderThread identical 1 line
07-17 10:08:55.360 24603 24707 E libc    : Access denied finding property "vendor.dpframework.log.enable"
07-17 10:08:55.356 24603 24603 W RenderThread: type=1400 audit(0.0:558481): avc: denied { open } for path="/dev/__properties__/u:object_r:vendor_default_prop:s0" dev="tmpfs" ino=355 scontext=u:r:untrusted_app:s0:c247,c256,c512,c768 tcontext=u:object_r:vendor_default_prop:s0 tclass=file permissive=0
07-17 10:08:55.360 24603 24707 E libc    : Access denied finding property "vendor.dpframework.log.enable"
07-17 10:08:55.360 24603 24707 I chatty  : uid=10247(com.smartvision.svplayer) RenderThread identical 3 lines
07-17 10:08:55.360 24603 24707 E libc    : Access denied finding property "vendor.dpframework.log.enable"
07-17 10:08:55.356 24603 24603 W RenderThread: type=1400 audit(0.0:558482): avc: denied { open } for path="/dev/__properties__/u:object_r:vendor_default_prop:s0" dev="tmpfs" ino=355 scontext=u:r:untrusted_app:s0:c247,c256,c512,c768 tcontext=u:object_r:vendor_default_prop:s0 tclass=file permissive=0
07-17 10:08:55.356 24603 24603 I chatty  : uid=10247(com.smartvision.svplayer) identical 1 line
07-17 10:08:55.356 24603 24603 W RenderThread: type=1400 audit(0.0:558484): avc: denied { open } for path="/dev/__properties__/u:object_r:vendor_default_prop:s0" dev="tmpfs" ino=355 scontext=u:r:untrusted_app:s0:c247,c256,c512,c768 tcontext=u:object_r:vendor_default_prop:s0 tclass=file permissive=0
07-17 10:08:55.360 24603 24707 E libc    : Access denied finding property "vendor.dpframework.log.enable"
07-17 10:08:55.360 24603 24707 I chatty  : uid=10247(com.smartvision.svplayer) RenderThread identical 6 lines
07-17 10:08:55.361 24603 24707 E libc    : Access denied finding property "vendor.dpframework.log.enable"
07-17 10:08:55.361 24603 24707 E libc    : Access denied finding property "vendor.dpframework.dumpbuffer.checksum"
07-17 10:08:55.361 24603 24707 E libc    : Access denied finding property "vendor.dpframework.dumpbuffer.enable"
07-17 10:08:55.383 24603 31574 E FrameEvents: updateAcquireFence: Did not find frame.
07-17 10:08:55.535 24603 31574 I chatty  : uid=10247(com.smartvision.svplayer) JNISurfaceTextu identical 6 lines
07-17 10:08:55.544 24603 31574 E FrameEvents: updateAcquireFence: Did not find frame.
07-17 10:08:55.565 24603 24707 E libc    : Access denied finding property "vendor.dpframework.log.enable"
07-17 10:08:55.566 24603 24707 I chatty  : uid=10247(com.smartvision.svplayer) RenderThread identical 16 lines
07-17 10:08:55.566 24603 24707 E libc    : Access denied finding property "vendor.dpframework.log.enable"
07-17 10:08:55.566 24603 24707 E libc    : Access denied finding property "vendor.dpframework.dumpbuffer.checksum"
07-17 10:08:55.567 24603 24707 E libc    : Access denied finding property "vendor.dpframework.dumpbuffer.enable"
07-17 10:08:55.575 24603 31574 E FrameEvents: updateAcquireFence: Did not find frame.
07-17 10:08:55.676 24603 31574 I chatty  : uid=10247(com.smartvision.svplayer) JNISurfaceTextu identical 4 lines
07-17 10:08:55.696 24603 31574 E FrameEvents: updateAcquireFence: Did not find frame.
07-17 10:08:55.703 24603 24707 E libc    : Access denied finding property "vendor.dpframework.log.enable"
07-17 10:08:55.705 24603 24707 I chatty  : uid=10247(com.smartvision.svplayer) RenderThread identical 16 lines
07-17 10:08:55.705 24603 24707 E libc    : Access denied finding property "vendor.dpframework.log.enable"
07-17 10:08:55.705 24603 24707 E libc    : Access denied finding property "vendor.dpframework.dumpbuffer.checksum"
07-17 10:08:55.705 24603 24707 E libc    : Access denied finding property "vendor.dpframework.dumpbuffer.enable"
07-17 10:08:55.727 24603 31574 E FrameEvents: updateAcquireFence: Did not find frame.
07-17 10:08:55.879 24603 31574 I chatty  : uid=10247(com.smartvision.svplayer) JNISurfaceTextu identical 7 lines
07-17 10:08:55.899 24603 31574 E FrameEvents: updateAcquireFence: Did not find frame.
07-17 10:08:55.911 24603 24707 E libc    : Access denied finding property "vendor.dpframework.log.enable"
07-17 10:08:55.912 24603 24707 I chatty  : uid=10247(com.smartvision.svplayer) RenderThread identical 16 lines
07-17 10:08:55.912 24603 24707 E libc    : Access denied finding property "vendor.dpframework.log.enable"
07-17 10:08:55.912 24603 24707 E libc    : Access denied finding property "vendor.dpframework.dumpbuffer.checksum"
07-17 10:08:55.912 24603 24707 E libc    : Access denied finding property "vendor.dpframework.dumpbuffer.enable"
07-17 10:08:55.931 24603 31574 E FrameEvents: updateAcquireFence: Did not find frame.
07-17 10:08:55.951 24603 31574 I chatty  : uid=10247(com.smartvision.svplayer) JNISurfaceTextu identical 1 line
07-17 10:08:55.982 24603 31574 E FrameEvents: updateAcquireFence: Did not find frame.
07-17 10:08:55.985 24603 24616 I vision.svplaye: Background concurrent copying GC freed 191836(6MB) AllocSpace objects, 0(0B) LOS objects, 17% free, 28MB/34MB, paused 216us total 330.274ms
07-17 10:08:55.997 24603 31574 E FrameEvents: updateAcquireFence: Did not find frame.
07-17 10:08:56.031 24603 31574 E FrameEvents: updateAcquireFence: Did not find frame.
07-17 10:08:56.048 24603 24707 E libc    : Access denied finding property "vendor.dpframework.log.enable"
07-17 10:08:56.049 24603 24707 I chatty  : uid=10247(com.smartvision.svplayer) RenderThread identical 16 lines
07-17 10:08:56.049 24603 24707 E libc    : Access denied finding property "vendor.dpframework.log.enable"
07-17 10:08:56.049 24603 24707 E libc    : Access denied finding property "vendor.dpframework.dumpbuffer.checksum"
07-17 10:08:56.049 24603 24707 E libc    : Access denied finding property "vendor.dpframework.dumpbuffer.enable"
07-17 10:08:56.052 24603 31574 E FrameEvents: updateAcquireFence: Did not find frame.
07-17 10:08:56.082 24603 31574 E FrameEvents: updateAcquireFence: Did not find frame.
07-17 10:08:56.101 24603 31573 I MediaCodecLogger: 24603.HW.video.avc Dropped 30 frames
07-17 10:08:56.101 24603 31574 E FrameEvents: updateAcquireFence: Did not find frame.
07-17 10:08:56.142 24603 31574 I chatty  : uid=10247(com.smartvision.svplayer) JNISurfaceTextu identical 2 lines
07-17 10:08:56.181 24603 31574 E FrameEvents: updateAcquireFence: Did not find frame.
07-17 10:08:56.185 24603 24707 E libc    : Access denied finding property "vendor.dpframework.log.enable"
07-17 10:08:56.186 24603 24707 I chatty  : uid=10247(com.smartvision.svplayer) RenderThread identical 16 lines
07-17 10:08:56.187 24603 24707 E libc    : Access denied finding property "vendor.dpframework.log.enable"
07-17 10:08:56.187 24603 24707 E libc    : Access denied finding property "vendor.dpframework.dumpbuffer.checksum"
07-17 10:08:56.187 24603 24707 E libc    : Access denied finding property "vendor.dpframework.dumpbuffer.enable"
07-17 10:08:56.193 24603 31574 E FrameEvents: updateAcquireFence: Did not find frame.
07-17 10:08:56.283 24603 31574 I chatty  : uid=10247(com.smartvision.svplayer) JNISurfaceTextu identical 3 lines
07-17 10:08:56.294 24603 31574 E FrameEvents: updateAcquireFence: Did not find frame.
07-17 10:08:56.321 24603 24707 E libc    : Access denied finding property "vendor.dpframework.log.enable"
07-17 10:08:56.322 24603 24707 I chatty  : uid=10247(com.smartvision.svplayer) RenderThread identical 16 lines
07-17 10:08:56.323 24603 24707 E libc    : Access denied finding property "vendor.dpframework.log.enable"
07-17 10:08:56.323 24603 24707 E libc    : Access denied finding property "vendor.dpframework.dumpbuffer.checksum"
07-17 10:08:56.323 24603 24707 E libc    : Access denied finding property "vendor.dpframework.dumpbuffer.enable"
07-17 10:08:56.335 24603 31574 E FrameEvents: updateAcquireFence: Did not find frame.
07-17 10:08:56.436 24603 31574 I chatty  : uid=10247(com.smartvision.svplayer) JNISurfaceTextu identical 4 lines
07-17 10:08:56.446 24603 31574 E FrameEvents: updateAcquireFence: Did not find frame.
07-17 10:08:56.457 24603 24707 E libc    : Access denied finding property "vendor.dpframework.log.enable"
07-17 10:08:56.456 24603 24603 W RenderThread: type=1400 audit(0.0:558620): avc: denied { open } for path="/dev/__properties__/u:object_r:vendor_default_prop:s0" dev="tmpfs" ino=355 scontext=u:r:untrusted_app:s0:c247,c256,c512,c768 tcontext=u:object_r:vendor_default_prop:s0 tclass=file permissive=0
07-17 10:08:56.457 24603 24707 E libc    : Access denied finding property "vendor.dpframework.log.enable"
07-17 10:08:56.458 24603 24707 I chatty  : uid=10247(com.smartvision.svplayer) RenderThread identical 3 lines
07-17 10:08:56.458 24603 24707 E libc    : Access denied finding property "vendor.dpframework.log.enable"
07-17 10:08:56.456 24603 24603 W RenderThread: type=1400 audit(0.0:558621): avc: denied { open } for path="/dev/__properties__/u:object_r:vendor_default_prop:s0" dev="tmpfs" ino=355 scontext=u:r:untrusted_app:s0:c247,c256,c512,c768 tcontext=u:object_r:vendor_default_prop:s0 tclass=file permissive=0
07-17 10:08:56.458 24603 24707 E libc    : Access denied finding property "vendor.dpframework.log.enable"
07-17 10:08:56.458 24603 24707 I chatty  : uid=10247(com.smartvision.svplayer) RenderThread identical 3 lines
07-17 10:08:56.458 24603 24707 E libc    : Access denied finding property "vendor.dpframework.log.enable"
07-17 10:08:56.456 24603 24603 W RenderThread: type=1400 audit(0.0:558622): avc: denied { open } for path="/dev/__properties__/u:object_r:vendor_default_prop:s0" dev="tmpfs" ino=355 scontext=u:r:untrusted_app:s0:c247,c256,c512,c768 tcontext=u:object_r:vendor_default_prop:s0 tclass=file permissive=0
07-17 10:08:56.456 24603 24603 I chatty  : uid=10247(com.smartvision.svplayer) identical 1 line
07-17 10:08:56.456 24603 24603 W RenderThread: type=1400 audit(0.0:558624): avc: denied { open } for path="/dev/__properties__/u:object_r:vendor_default_prop:s0" dev="tmpfs" ino=355 scontext=u:r:untrusted_app:s0:c247,c256,c512,c768 tcontext=u:object_r:vendor_default_prop:s0 tclass=file permissive=0
07-17 10:08:56.458 24603 24707 E libc    : Access denied finding property "vendor.dpframework.log.enable"
07-17 10:08:56.458 24603 24707 I chatty  : uid=10247(com.smartvision.svplayer) RenderThread identical 5 lines
07-17 10:08:56.459 24603 24707 E libc    : Access denied finding property "vendor.dpframework.log.enable"
07-17 10:08:56.459 24603 24707 E libc    : Access denied finding property "vendor.dpframework.dumpbuffer.checksum"
07-17 10:08:56.459 24603 24707 E libc    : Access denied finding property "vendor.dpframework.dumpbuffer.enable"
07-17 10:08:56.476 24603 31574 E FrameEvents: updateAcquireFence: Did not find frame.
