--------- beginning of main
07-21 20:54:56.830 15386 22786 I CameraManagerGlobal: Connecting to camera service
07-21 20:54:56.831 15386 22786 E CameraManagerGlobal: Camera service is unavailable
07-21 20:54:56.995 15386 15403 I vision.svplaye: Background concurrent copying GC freed 216851(6MB) AllocSpace objects, 0(0B) LOS objects, 19% free, 25MB/31MB, paused 207us total 286.998ms
07-21 20:54:57.831 15386 22786 I CameraManagerGlobal: Connecting to camera service
07-21 20:54:57.832 15386 22786 E CameraManagerGlobal: Camera service is unavailable
07-21 20:54:58.616 15386 15403 I vision.svplaye: Background concurrent copying GC freed 215995(6MB) AllocSpace objects, 0(0B) LOS objects, 19% free, 25MB/31MB, paused 227us total 294.711ms
07-21 20:54:58.832 15386 22786 I CameraManagerGlobal: Connecting to camera service
07-21 20:54:58.832 15386 22786 E CameraManagerGlobal: Camera service is unavailable
07-21 20:54:59.832 15386 22786 I CameraManagerGlobal: Connecting to camera service
07-21 20:54:59.833 15386 22786 E CameraManagerGlobal: Camera service is unavailable
07-21 20:55:00.194 15386 15403 I vision.svplaye: Background concurrent copying GC freed 217275(6MB) AllocSpace objects, 0(0B) LOS objects, 19% free, 25MB/31MB, paused 184us total 289.961ms
07-21 20:55:00.833 15386 22786 I CameraManagerGlobal: Connecting to camera service
07-21 20:55:00.833 15386 22786 E CameraManagerGlobal: Camera service is unavailable
07-21 20:55:01.773 15386 15403 I vision.svplaye: Background concurrent copying GC freed 214898(6MB) AllocSpace objects, 0(0B) LOS objects, 19% free, 25MB/31MB, paused 188us total 286.823ms
07-21 20:55:01.834 15386 22786 I CameraManagerGlobal: Connecting to camera service
07-21 20:55:01.835 15386 22786 E CameraManagerGlobal: Camera service is unavailable
07-21 20:55:02.835 15386 22786 I CameraManagerGlobal: Connecting to camera service
07-21 20:55:02.835 15386 22786 E CameraManagerGlobal: Camera service is unavailable
07-21 20:55:03.419 15386 15403 I vision.svplaye: Background concurrent copying GC freed 211061(6MB) AllocSpace objects, 1(20KB) LOS objects, 19% free, 25MB/31MB, paused 178us total 299.025ms
07-21 20:55:03.836 15386 22786 I CameraManagerGlobal: Connecting to camera service
07-21 20:55:03.836 15386 22786 E CameraManagerGlobal: Camera service is unavailable
07-21 20:55:04.836 15386 22786 I CameraManagerGlobal: Connecting to camera service
07-21 20:55:04.837 15386 22786 E CameraManagerGlobal: Camera service is unavailable
07-21 20:55:05.095 15386 15403 I vision.svplaye: Background concurrent copying GC freed 214465(6MB) AllocSpace objects, 0(0B) LOS objects, 19% free, 25MB/31MB, paused 223us total 285.636ms
07-21 20:55:05.837 15386 22786 I CameraManagerGlobal: Connecting to camera service
07-21 20:55:05.837 15386 22786 E CameraManagerGlobal: Camera service is unavailable
07-21 20:55:06.766 15386 15403 I vision.svplaye: Background concurrent copying GC freed 210849(6MB) AllocSpace objects, 0(0B) LOS objects, 19% free, 25MB/31MB, paused 197us total 291.345ms
07-21 20:55:06.838 15386 22786 I CameraManagerGlobal: Connecting to camera service
07-21 20:55:06.838 15386 22786 E CameraManagerGlobal: Camera service is unavailable
07-21 20:55:07.838 15386 22786 I CameraManagerGlobal: Connecting to camera service
07-21 20:55:07.839 15386 22786 E CameraManagerGlobal: Camera service is unavailable
07-21 20:55:08.418 15386 15403 I vision.svplaye: Background concurrent copying GC freed 213023(6MB) AllocSpace objects, 0(0B) LOS objects, 19% free, 25MB/31MB, paused 221us total 275.972ms
07-21 20:55:08.839 15386 22786 I CameraManagerGlobal: Connecting to camera service
07-21 20:55:08.840 15386 22786 E CameraManagerGlobal: Camera service is unavailable
07-21 20:55:09.840 15386 22786 I CameraManagerGlobal: Connecting to camera service
07-21 20:55:09.840 15386 22786 E CameraManagerGlobal: Camera service is unavailable
07-21 20:55:10.067 15386 15403 I vision.svplaye: Background concurrent copying GC freed 209650(6MB) AllocSpace objects, 0(0B) LOS objects, 19% free, 25MB/31MB, paused 186us total 274.056ms
07-21 20:55:10.841 15386 22786 I CameraManagerGlobal: Connecting to camera service
07-21 20:55:10.841 15386 22786 E CameraManagerGlobal: Camera service is unavailable
07-21 20:55:11.721 15386 15403 I vision.svplaye: Background concurrent copying GC freed 209850(6MB) AllocSpace objects, 0(0B) LOS objects, 19% free, 25MB/31MB, paused 202us total 278.647ms
07-21 20:55:11.841 15386 22786 I CameraManagerGlobal: Connecting to camera service
07-21 20:55:11.842 15386 22786 E CameraManagerGlobal: Camera service is unavailable
07-21 20:55:12.843 15386 22786 I CameraManagerGlobal: Connecting to camera service
07-21 20:55:12.843 15386 22786 E CameraManagerGlobal: Camera service is unavailable
07-21 20:55:13.367 15386 15403 I vision.svplaye: Background concurrent copying GC freed 208424(6MB) AllocSpace objects, 0(0B) LOS objects, 19% free, 25MB/31MB, paused 214us total 276.798ms
07-21 20:55:13.843 15386 22786 I CameraManagerGlobal: Connecting to camera service
07-21 20:55:13.844 15386 22786 E CameraManagerGlobal: Camera service is unavailable
07-21 20:55:14.844 15386 22786 I CameraManagerGlobal: Connecting to camera service
07-21 20:55:14.844 15386 22786 E CameraManagerGlobal: Camera service is unavailable
07-21 20:55:15.034 15386 15403 I vision.svplaye: Background concurrent copying GC freed 210485(6MB) AllocSpace objects, 0(0B) LOS objects, 19% free, 25MB/31MB, paused 279us total 287.674ms
07-21 20:55:15.845 15386 22786 I CameraManagerGlobal: Connecting to camera service
07-21 20:55:15.845 15386 22786 E CameraManagerGlobal: Camera service is unavailable
07-21 20:55:16.705 15386 15403 I vision.svplaye: Background concurrent copying GC freed 211313(6MB) AllocSpace objects, 0(0B) LOS objects, 19% free, 25MB/31MB, paused 192us total 292.093ms
07-21 20:55:16.845 15386 22786 I CameraManagerGlobal: Connecting to camera service
07-21 20:55:16.846 15386 22786 E CameraManagerGlobal: Camera service is unavailable
07-21 20:55:17.846 15386 22786 I CameraManagerGlobal: Connecting to camera service
07-21 20:55:17.847 15386 22786 E CameraManagerGlobal: Camera service is unavailable
07-21 20:55:18.352 15386 15403 I vision.svplaye: Background concurrent copying GC freed 210864(6MB) AllocSpace objects, 0(0B) LOS objects, 19% free, 25MB/31MB, paused 204us total 282.055ms
07-21 20:55:18.847 15386 22786 I CameraManagerGlobal: Connecting to camera service
07-21 20:55:18.847 15386 22786 E CameraManagerGlobal: Camera service is unavailable
07-21 20:55:19.848 15386 22786 I CameraManagerGlobal: Connecting to camera service
07-21 20:55:19.848 15386 22786 E CameraManagerGlobal: Camera service is unavailable
07-21 20:55:20.004 15386 15403 I vision.svplaye: Background concurrent copying GC freed 210390(6MB) AllocSpace objects, 0(0B) LOS objects, 19% free, 25MB/31MB, paused 219us total 275.580ms
07-21 20:55:20.848 15386 22786 I CameraManagerGlobal: Connecting to camera service
07-21 20:55:20.849 15386 22786 E CameraManagerGlobal: Camera service is unavailable
07-21 20:55:21.674 15386 15403 I vision.svplaye: Background concurrent copying GC freed 211478(6MB) AllocSpace objects, 0(0B) LOS objects, 19% free, 25MB/31MB, paused 189us total 281.375ms
07-21 20:55:21.849 15386 22786 I CameraManagerGlobal: Connecting to camera service
07-21 20:55:21.850 15386 22786 E CameraManagerGlobal: Camera service is unavailable
07-21 20:55:22.850 15386 22786 I CameraManagerGlobal: Connecting to camera service
07-21 20:55:22.851 15386 22786 E CameraManagerGlobal: Camera service is unavailable
07-21 20:55:23.349 15386 15403 I vision.svplaye: Background concurrent copying GC freed 211942(6MB) AllocSpace objects, 0(0B) LOS objects, 19% free, 25MB/31MB, paused 300us total 296.596ms
07-21 20:55:23.851 15386 22786 I CameraManagerGlobal: Connecting to camera service
07-21 20:55:23.852 15386 22786 E CameraManagerGlobal: Camera service is unavailable
07-21 20:55:24.852 15386 22786 I CameraManagerGlobal: Connecting to camera service
07-21 20:55:24.852 15386 22786 E CameraManagerGlobal: Camera service is unavailable
07-21 20:55:25.018 15386 15403 I vision.svplaye: Background concurrent copying GC freed 212040(6MB) AllocSpace objects, 0(0B) LOS objects, 19% free, 25MB/31MB, paused 194us total 288.941ms
07-21 20:55:25.853 15386 22786 I CameraManagerGlobal: Connecting to camera service
07-21 20:55:25.853 15386 22786 E CameraManagerGlobal: Camera service is unavailable
07-21 20:55:26.666 15386 15403 I vision.svplaye: Background concurrent copying GC freed 210291(6MB) AllocSpace objects, 0(0B) LOS objects, 19% free, 25MB/31MB, paused 391us total 278.615ms
07-21 20:55:26.853 15386 22786 I CameraManagerGlobal: Connecting to camera service
07-21 20:55:26.854 15386 22786 E CameraManagerGlobal: Camera service is unavailable
07-21 20:55:27.854 15386 22786 I CameraManagerGlobal: Connecting to camera service
07-21 20:55:27.854 15386 22786 E CameraManagerGlobal: Camera service is unavailable
07-21 20:55:28.352 15386 15403 I vision.svplaye: Background concurrent copying GC freed 212635(6MB) AllocSpace objects, 0(0B) LOS objects, 19% free, 25MB/31MB, paused 184us total 289.819ms
07-21 20:55:28.855 15386 22786 I CameraManagerGlobal: Connecting to camera service
07-21 20:55:28.855 15386 22786 E CameraManagerGlobal: Camera service is unavailable
07-21 20:55:29.855 15386 22786 I CameraManagerGlobal: Connecting to camera service
07-21 20:55:29.856 15386 22786 E CameraManagerGlobal: Camera service is unavailable
07-21 20:55:30.024 15386 15403 I vision.svplaye: Background concurrent copying GC freed 212535(6MB) AllocSpace objects, 0(0B) LOS objects, 19% free, 25MB/31MB, paused 185us total 291.080ms
07-21 20:55:30.856 15386 22786 I CameraManagerGlobal: Connecting to camera service
07-21 20:55:30.857 15386 22786 E CameraManagerGlobal: Camera service is unavailable
07-21 20:55:31.668 15386 15403 I vision.svplaye: Background concurrent copying GC freed 209114(6MB) AllocSpace objects, 0(0B) LOS objects, 19% free, 25MB/31MB, paused 179us total 291.193ms
07-21 20:55:31.857 15386 22786 I CameraManagerGlobal: Connecting to camera service
07-21 20:55:31.857 15386 22786 E CameraManagerGlobal: Camera service is unavailable
07-21 20:55:32.857 15386 22786 I CameraManagerGlobal: Connecting to camera service
07-21 20:55:32.858 15386 22786 E CameraManagerGlobal: Camera service is unavailable
07-21 20:55:33.322 15386 15403 I vision.svplaye: Background concurrent copying GC freed 212576(6MB) AllocSpace objects, 0(0B) LOS objects, 19% free, 25MB/31MB, paused 205us total 283.607ms
07-21 20:55:33.859 15386 22786 I CameraManagerGlobal: Connecting to camera service
07-21 20:55:33.859 15386 22786 E CameraManagerGlobal: Camera service is unavailable
07-21 20:55:34.859 15386 22786 I CameraManagerGlobal: Connecting to camera service
07-21 20:55:34.860 15386 22786 E CameraManagerGlobal: Camera service is unavailable
07-21 20:55:35.008 15386 15403 I vision.svplaye: Background concurrent copying GC freed 209986(6MB) AllocSpace objects, 0(0B) LOS objects, 19% free, 25MB/31MB, paused 244us total 288.483ms
07-21 20:55:35.860 15386 22786 I CameraManagerGlobal: Connecting to camera service
07-21 20:55:35.861 15386 22786 E CameraManagerGlobal: Camera service is unavailable
07-21 20:55:36.635 15386 16020 W AmazonKeyEventLogging: remote_perf key event latency detected [Source: ViewRootImpl, KeyCode: KEYCODE_XXXX, IsDown: 0, Repeat: 0, EventTime: 16494207, Latency: 241, DeviceId: -1, AppPackage: com.smartvision.svplayer]
07-21 20:55:36.722 15386 15403 I vision.svplaye: Background concurrent copying GC freed 211766(6MB) AllocSpace objects, 0(0B) LOS objects, 19% free, 24MB/30MB, paused 203us total 330.807ms
07-21 20:55:36.861 15386 22786 I CameraManagerGlobal: Connecting to camera service
07-21 20:55:36.861 15386 22786 E CameraManagerGlobal: Camera service is unavailable
07-21 20:55:37.862 15386 22786 I CameraManagerGlobal: Connecting to camera service
07-21 20:55:37.863 15386 22786 E CameraManagerGlobal: Camera service is unavailable
07-21 20:55:38.863 15386 22786 I CameraManagerGlobal: Connecting to camera service
07-21 20:55:38.864 15386 22786 E CameraManagerGlobal: Camera service is unavailable
07-21 20:55:38.909 15386 15403 I vision.svplaye: Background concurrent copying GC freed 187935(6MB) AllocSpace objects, 0(0B) LOS objects, 18% free, 25MB/31MB, paused 236us total 417.744ms
07-21 20:55:39.864 15386 22786 I CameraManagerGlobal: Connecting to camera service
07-21 20:55:39.865 15386 22786 E CameraManagerGlobal: Camera service is unavailable
07-21 20:55:40.866 15386 22786 I CameraManagerGlobal: Connecting to camera service
07-21 20:55:40.866 15386 22786 E CameraManagerGlobal: Camera service is unavailable
07-21 20:55:40.910 15386 15403 I vision.svplaye: Background concurrent copying GC freed 216667(6MB) AllocSpace objects, 0(0B) LOS objects, 19% free, 25MB/31MB, paused 557us total 329.421ms
07-21 20:55:41.866 15386 22786 I CameraManagerGlobal: Connecting to camera service
07-21 20:55:41.867 15386 22786 E CameraManagerGlobal: Camera service is unavailable
07-21 20:55:42.583 15386 15403 I vision.svplaye: Background concurrent copying GC freed 208833(6MB) AllocSpace objects, 0(0B) LOS objects, 19% free, 25MB/31MB, paused 174us total 288.622ms
07-21 20:55:42.868 15386 22786 I CameraManagerGlobal: Connecting to camera service
07-21 20:55:42.868 15386 22786 E CameraManagerGlobal: Camera service is unavailable
07-21 20:55:43.868 15386 22786 I CameraManagerGlobal: Connecting to camera service
07-21 20:55:43.868 15386 22786 E CameraManagerGlobal: Camera service is unavailable
07-21 20:55:44.185 15386 15403 I vision.svplaye: Background concurrent copying GC freed 213635(6MB) AllocSpace objects, 0(0B) LOS objects, 18% free, 25MB/31MB, paused 186us total 304.546ms
07-21 20:55:44.869 15386 22786 I CameraManagerGlobal: Connecting to camera service
07-21 20:55:44.869 15386 22786 E CameraManagerGlobal: Camera service is unavailable
07-21 20:55:45.767 15386 15403 I vision.svplaye: Background concurrent copying GC freed 217573(6MB) AllocSpace objects, 0(0B) LOS objects, 19% free, 25MB/31MB, paused 211us total 284.512ms
07-21 20:55:45.869 15386 22786 I CameraManagerGlobal: Connecting to camera service
07-21 20:55:45.870 15386 22786 E CameraManagerGlobal: Camera service is unavailable
07-21 20:55:46.870 15386 22786 I CameraManagerGlobal: Connecting to camera service
07-21 20:55:46.871 15386 22786 E CameraManagerGlobal: Camera service is unavailable
07-21 20:55:47.338 15386 15403 I vision.svplaye: Background concurrent copying GC freed 214486(6MB) AllocSpace objects, 0(0B) LOS objects, 18% free, 25MB/31MB, paused 219us total 278.251ms
07-21 20:55:47.871 15386 22786 I CameraManagerGlobal: Connecting to camera service
07-21 20:55:47.871 15386 22786 E CameraManagerGlobal: Camera service is unavailable
07-21 20:55:48.872 15386 22786 I CameraManagerGlobal: Connecting to camera service
07-21 20:55:48.873 15386 22786 E CameraManagerGlobal: Camera service is unavailable
07-21 20:55:48.922 15386 15403 I vision.svplaye: Background concurrent copying GC freed 215492(6MB) AllocSpace objects, 0(0B) LOS objects, 18% free, 25MB/31MB, paused 286us total 286.388ms
07-21 20:55:49.873 15386 22786 I CameraManagerGlobal: Connecting to camera service
07-21 20:55:49.873 15386 22786 E CameraManagerGlobal: Camera service is unavailable
07-21 20:55:50.499 15386 15403 I vision.svplaye: Background concurrent copying GC freed 215867(6MB) AllocSpace objects, 0(0B) LOS objects, 19% free, 25MB/31MB, paused 219us total 281.891ms
07-21 20:55:50.873 15386 22786 I CameraManagerGlobal: Connecting to camera service
07-21 20:55:50.874 15386 22786 E CameraManagerGlobal: Camera service is unavailable
07-21 20:55:51.874 15386 22786 I CameraManagerGlobal: Connecting to camera service
07-21 20:55:51.875 15386 22786 E CameraManagerGlobal: Camera service is unavailable
07-21 20:55:52.112 15386 15403 I vision.svplaye: Background concurrent copying GC freed 215354(6MB) AllocSpace objects, 0(0B) LOS objects, 19% free, 25MB/31MB, paused 202us total 307.897ms
07-21 20:55:52.875 15386 22786 I CameraManagerGlobal: Connecting to camera service
07-21 20:55:52.875 15386 22786 E CameraManagerGlobal: Camera service is unavailable
07-21 20:55:53.763 15386 15403 I vision.svplaye: Background concurrent copying GC freed 209591(6MB) AllocSpace objects, 1(20KB) LOS objects, 18% free, 25MB/31MB, paused 212us total 295.325ms
07-21 20:55:53.876 15386 22786 I CameraManagerGlobal: Connecting to camera service
07-21 20:55:53.876 15386 22786 E CameraManagerGlobal: Camera service is unavailable
07-21 20:55:54.876 15386 22786 I CameraManagerGlobal: Connecting to camera service
07-21 20:55:54.877 15386 22786 E CameraManagerGlobal: Camera service is unavailable
07-21 20:55:55.436 15386 15403 I vision.svplaye: Background concurrent copying GC freed 212107(6MB) AllocSpace objects, 0(0B) LOS objects, 18% free, 25MB/31MB, paused 208us total 294.345ms
07-21 20:55:55.877 15386 22786 I CameraManagerGlobal: Connecting to camera service
07-21 20:55:55.877 15386 22786 E CameraManagerGlobal: Camera service is unavailable
07-21 20:55:56.878 15386 22786 I CameraManagerGlobal: Connecting to camera service
07-21 20:55:56.878 15386 22786 E CameraManagerGlobal: Camera service is unavailable
07-21 20:55:57.110 15386 15403 I vision.svplaye: Background concurrent copying GC freed 213662(6MB) AllocSpace objects, 0(0B) LOS objects, 19% free, 25MB/31MB, paused 215us total 290.924ms
07-21 20:55:57.878 15386 22786 I CameraManagerGlobal: Connecting to camera service
07-21 20:55:57.879 15386 22786 E CameraManagerGlobal: Camera service is unavailable
07-21 20:55:58.751 15386 15403 I vision.svplaye: Background concurrent copying GC freed 211014(6MB) AllocSpace objects, 0(0B) LOS objects, 19% free, 25MB/31MB, paused 311us total 277.773ms
07-21 20:55:58.879 15386 22786 I CameraManagerGlobal: Connecting to camera service
07-21 20:55:58.879 15386 22786 E CameraManagerGlobal: Camera service is unavailable
07-21 20:55:59.879 15386 22786 I CameraManagerGlobal: Connecting to camera service
07-21 20:55:59.880 15386 22786 E CameraManagerGlobal: Camera service is unavailable
07-21 20:56:00.402 15386 15403 I vision.svplaye: Background concurrent copying GC freed 209282(6MB) AllocSpace objects, 0(0B) LOS objects, 19% free, 25MB/31MB, paused 192us total 278.439ms
07-21 20:56:00.880 15386 22786 I CameraManagerGlobal: Connecting to camera service
07-21 20:56:00.881 15386 22786 E CameraManagerGlobal: Camera service is unavailable
07-21 20:56:01.881 15386 22786 I CameraManagerGlobal: Connecting to camera service
07-21 20:56:01.881 15386 22786 E CameraManagerGlobal: Camera service is unavailable
07-21 20:56:02.050 15386 15403 I vision.svplaye: Background concurrent copying GC freed 208785(6MB) AllocSpace objects, 0(0B) LOS objects, 19% free, 25MB/31MB, paused 219us total 277.031ms
07-21 20:56:02.882 15386 22786 I CameraManagerGlobal: Connecting to camera service
07-21 20:56:02.882 15386 22786 E CameraManagerGlobal: Camera service is unavailable
07-21 20:56:03.720 15386 15403 I vision.svplaye: Background concurrent copying GC freed 211417(6MB) AllocSpace objects, 0(0B) LOS objects, 18% free, 25MB/31MB, paused 209us total 293.872ms
07-21 20:56:03.882 15386 22786 I CameraManagerGlobal: Connecting to camera service
07-21 20:56:03.883 15386 22786 E CameraManagerGlobal: Camera service is unavailable
07-21 20:56:04.883 15386 22786 I CameraManagerGlobal: Connecting to camera service
07-21 20:56:04.883 15386 22786 E CameraManagerGlobal: Camera service is unavailable
07-21 20:56:05.385 15386 15403 I vision.svplaye: Background concurrent copying GC freed 212553(6MB) AllocSpace objects, 0(0B) LOS objects, 19% free, 25MB/31MB, paused 222us total 282.673ms
07-21 20:56:05.884 15386 22786 I CameraManagerGlobal: Connecting to camera service
07-21 20:56:05.884 15386 22786 E CameraManagerGlobal: Camera service is unavailable
07-21 20:56:06.884 15386 22786 I CameraManagerGlobal: Connecting to camera service
07-21 20:56:06.885 15386 22786 E CameraManagerGlobal: Camera service is unavailable
07-21 20:56:07.042 15386 15403 I vision.svplaye: Background concurrent copying GC freed 210649(6MB) AllocSpace objects, 0(0B) LOS objects, 19% free, 25MB/31MB, paused 200us total 287.032ms
07-21 20:56:07.885 15386 22786 I CameraManagerGlobal: Connecting to camera service
07-21 20:56:07.886 15386 22786 E CameraManagerGlobal: Camera service is unavailable
07-21 20:56:08.690 15386 15403 I vision.svplaye: Background concurrent copying GC freed 210689(6MB) AllocSpace objects, 0(0B) LOS objects, 19% free, 25MB/31MB, paused 429us total 280.980ms
07-21 20:56:08.886 15386 22786 I CameraManagerGlobal: Connecting to camera service
07-21 20:56:08.886 15386 22786 E CameraManagerGlobal: Camera service is unavailable
07-21 20:56:09.887 15386 22786 I CameraManagerGlobal: Connecting to camera service
07-21 20:56:09.887 15386 22786 E CameraManagerGlobal: Camera service is unavailable
07-21 20:56:10.347 15386 15403 I vision.svplaye: Background concurrent copying GC freed 206954(6MB) AllocSpace objects, 0(0B) LOS objects, 19% free, 25MB/31MB, paused 223us total 297.414ms
07-21 20:56:10.887 15386 22786 I CameraManagerGlobal: Connecting to camera service
07-21 20:56:10.888 15386 22786 E CameraManagerGlobal: Camera service is unavailable
07-21 20:56:11.726 15386 15415 I vision.svplaye: Waiting for a blocking GC ProfileSaver
07-21 20:56:11.888 15386 22786 I CameraManagerGlobal: Connecting to camera service
07-21 20:56:11.889 15386 22786 E CameraManagerGlobal: Camera service is unavailable
07-21 20:56:12.019 15386 15403 I vision.svplaye: Background concurrent copying GC freed 212438(6MB) AllocSpace objects, 0(0B) LOS objects, 18% free, 25MB/31MB, paused 223us total 300.376ms
07-21 20:56:12.019 15386 15415 I vision.svplaye: WaitForGcToComplete blocked ProfileSaver on HeapTrim for 292.804ms
07-21 20:56:12.889 15386 22786 I CameraManagerGlobal: Connecting to camera service
07-21 20:56:12.889 15386 22786 E CameraManagerGlobal: Camera service is unavailable
07-21 20:56:13.675 15386 15403 I vision.svplaye: Background concurrent copying GC freed 212730(6MB) AllocSpace objects, 0(0B) LOS objects, 19% free, 25MB/31MB, paused 193us total 280.733ms
07-21 20:56:13.889 15386 22786 I CameraManagerGlobal: Connecting to camera service
07-21 20:56:13.890 15386 22786 E CameraManagerGlobal: Camera service is unavailable
07-21 20:56:14.890 15386 22786 I CameraManagerGlobal: Connecting to camera service
07-21 20:56:14.891 15386 22786 E CameraManagerGlobal: Camera service is unavailable
07-21 20:56:15.354 15386 15403 I vision.svplaye: Background concurrent copying GC freed 209814(6MB) AllocSpace objects, 0(0B) LOS objects, 19% free, 25MB/31MB, paused 226us total 300.825ms
07-21 20:56:15.716 15386 15386 W IInputConnectionWrapper: setSelection on inactive InputConnection
07-21 20:56:15.891 15386 22786 I CameraManagerGlobal: Connecting to camera service
07-21 20:56:15.891 15386 22786 E CameraManagerGlobal: Camera service is unavailable
07-21 20:56:16.892 15386 22786 I CameraManagerGlobal: Connecting to camera service
07-21 20:56:16.892 15386 22786 E CameraManagerGlobal: Camera service is unavailable
07-21 20:56:17.135 15386 15403 I vision.svplaye: Background concurrent copying GC freed 203677(6MB) AllocSpace objects, 0(0B) LOS objects, 19% free, 25MB/31MB, paused 220us total 307.672ms
07-21 20:56:17.893 15386 22786 I CameraManagerGlobal: Connecting to camera service
07-21 20:56:17.893 15386 22786 E CameraManagerGlobal: Camera service is unavailable
07-21 20:56:18.756 15386 15403 I vision.svplaye: Background concurrent copying GC freed 227881(7MB) AllocSpace objects, 0(0B) LOS objects, 19% free, 24MB/30MB, paused 205us total 289.942ms
07-21 20:56:18.893 15386 22786 I CameraManagerGlobal: Connecting to camera service
07-21 20:56:18.894 15386 22786 E CameraManagerGlobal: Camera service is unavailable
07-21 20:56:19.894 15386 22786 I CameraManagerGlobal: Connecting to camera service
07-21 20:56:19.894 15386 22786 E CameraManagerGlobal: Camera service is unavailable
07-21 20:56:20.224 15386 28274 I OMXClient: IOmx service obtained
07-21 20:56:20.300 15386 28273 I MediaCodec: [OMX.MTK.VIDEO.DECODER.AVC] setting surface generation to 15755276
07-21 20:56:20.301 15386 28273 I MediaCodecLogger: [ASAP] HW.video.avc P2 + 16538114
07-21 20:56:20.302 15386 28273 I MediaCodecLogger: HW.video.avc Adaptive Streaming max w:1920 h:1080, screen size:FHD
07-21 20:56:20.304 15386 28274 I ACodec  : Call prepareForAdaptivePlayback. maxWidth 1920, maxHeight 1080.
07-21 20:56:20.305 15386 28274 I ACodec  : [OMX.MTK.VIDEO.DECODER.AVC] prepareForAdaptivePlayback failed w/ err -1010
07-21 20:56:20.308 15386 28274 I ACodec  : codec does not support config priority (err -1010)
07-21 20:56:20.322 15386 28273 I MediaCodecLogger: [ASAP] HW.video.avc P2 - 16538135
07-21 20:56:20.327 15386 15697 I MediaCodecLogger: [ASAP] HW.video.avc P3 + 16538140
07-21 20:56:20.373 15386 28274 W ACodec  : [OMX.MTK.VIDEO.DECODER.AVC] setting nBufferCountActual to 7 failed: -22
07-21 20:56:20.377 15386 28273 I MediaCodecLogger: [ASAP] HW.video.avc P3 - 16538190
07-21 20:56:20.389 15386 28285 I OMXClient: IOmx service obtained
07-21 20:56:20.417 15386 28285 I MediaCodecLogger: [ASAP] SW.audio.mp4a P2 + 16538230
07-21 20:56:20.418 15386 28285 I ACodec  : codec does not support config priority (err -2147483648)
07-21 20:56:20.418 15386 28285 I ACodec  : codec does not support config operating rate (err -2147483648)
07-21 20:56:20.419 15386 28285 I MediaCodecLogger: [ASAP] SW.audio.mp4a P2 - 16538232
07-21 20:56:20.420 15386 15697 I MediaCodecLogger: [ASAP] SW.audio.mp4a P3 + 16538233
07-21 20:56:20.430 15386 28285 I MediaCodecLogger: [ASAP] SW.audio.mp4a P3 - 16538243
07-21 20:56:20.433 15386 28273 I MediaCodecLogger: [ASAP] HW.video.avc Got First Input Frame 16538246 pts:1000000080000
07-21 20:56:20.439 15386 28285 I MediaCodecLogger: [ASAP] SW.audio.mp4a Got First Input Frame 16538252 pts:1000000012000
07-21 20:56:20.452 15386 28285 I MediaCodecLogger: updatePTSTime [SW.audio.mp4a] First PTS after Flush or reset = 1000000012000
07-21 20:56:20.453 15386 28285 I MediaCodecLogger: [ASAP] SW.audio.mp4a Got First Frame Ready 16538265(13)
07-21 20:56:20.472 15386 28274 W AHierarchicalStateMachine: Warning message AMessage(what = 'omxI') = {
07-21 20:56:20.472 15386 28274 W AHierarchicalStateMachine:   int32_t type = 0
07-21 20:56:20.472 15386 28274 W AHierarchicalStateMachine:   int32_t event = 3
07-21 20:56:20.472 15386 28274 W AHierarchicalStateMachine:   int32_t data1 = 1
07-21 20:56:20.472 15386 28274 W AHierarchicalStateMachine:   int32_t data2 = 117440527
07-21 20:56:20.472 15386 28274 W AHierarchicalStateMachine: } unhandled in root state.
07-21 20:56:20.480 15386 28274 W ACodec  : [OMX.MTK.VIDEO.DECODER.AVC] setting nBufferCountActual to 14 failed: -22
07-21 20:56:20.501 15386 15697 I android.media.AudioTrack: AUDIOINFO: audio_input: format: 2 sample_rate: 48000 channels: 2 AudioAttributes: AudioAttributes: usage=USAGE_MEDIA content=CONTENT_TYPE_MUSIC flags=0x200 tags= bundle=null
07-21 20:56:20.560 15386 28273 I MediaCodecLogger: updateFormatChanged width = 1920 height = 1080
07-21 20:56:20.561 15386 28273 I MediaCodecLogger: updatePTSTime [HW.video.avc] First PTS after Flush or reset = 1000000080000
07-21 20:56:20.561 15386 28273 I MediaCodecLogger: [ASAP] HW.video.avc Got First Frame Ready 16538374(128)
07-21 20:56:20.628 15386 28273 I MediaCodecLogger: Rendering first frame after starting or flushing.
07-21 20:56:20.629 15386 28273 I MediaCodecLogger: [ASAP] HW.video.avc Got First Frame Render 16538442(196)
07-21 20:56:20.629 15386 28273 I MediaCodecLogger: App sets Timestamps for render in SurfaceFlinger
07-21 20:56:20.895 15386 22786 I CameraManagerGlobal: Connecting to camera service
07-21 20:56:20.899 15386 22786 E CameraManagerGlobal: Camera service is unavailable
07-21 20:56:21.031 15386 15403 I vision.svplaye: Background concurrent copying GC freed 185891(5MB) AllocSpace objects, 3(76KB) LOS objects, 17% free, 27MB/33MB, paused 208us total 1.014s
07-21 20:56:21.149 15386 28273 I MediaCodecLogger: 15386.HW.video.avc Resolution change from 0x0 to 1920x1080 took = 6
07-21 20:56:21.901 15386 22786 I CameraManagerGlobal: Connecting to camera service
07-21 20:56:21.901 15386 22786 E CameraManagerGlobal: Camera service is unavailable
07-21 20:56:22.901 15386 22786 I CameraManagerGlobal: Connecting to camera service
07-21 20:56:22.906 15386 22786 E CameraManagerGlobal: Camera service is unavailable
07-21 20:56:22.914 15386 15403 I vision.svplaye: Background concurrent copying GC freed 130136(4MB) AllocSpace objects, 0(0B) LOS objects, 14% free, 36MB/42MB, paused 4.541ms total 1.002s
07-21 20:56:23.907 15386 22786 I CameraManagerGlobal: Connecting to camera service
07-21 20:56:23.913 15386 22786 E CameraManagerGlobal: Camera service is unavailable
07-21 20:56:24.291 15386 15403 I vision.svplaye: Background concurrent copying GC freed 104681(3MB) AllocSpace objects, 0(0B) LOS objects, 11% free, 44MB/50MB, paused 5.674ms total 775.700ms
07-21 20:56:24.918 15386 22786 I CameraManagerGlobal: Connecting to camera service
07-21 20:56:24.919 15386 22786 E CameraManagerGlobal: Camera service is unavailable
07-21 20:56:25.471 15386 28285 I MediaCodecLogger: 15386.SW.audio.mp4a.bitrateInKbps = 97
07-21 20:56:25.479 15386 28273 I MediaCodecLogger: 15386.HW.video.avc.bitrateInKbps = 5097
07-21 20:56:25.683 15386 15403 I vision.svplaye: Background concurrent copying GC freed 172853(5MB) AllocSpace objects, 0(0B) LOS objects, 11% free, 45MB/51MB, paused 240us total 307.165ms
07-21 20:56:25.919 15386 22786 I CameraManagerGlobal: Connecting to camera service
07-21 20:56:25.919 15386 22786 E CameraManagerGlobal: Camera service is unavailable
07-21 20:56:26.920 15386 22786 I CameraManagerGlobal: Connecting to camera service
07-21 20:56:26.920 15386 22786 E CameraManagerGlobal: Camera service is unavailable
07-21 20:56:27.222 15386 15403 I vision.svplaye: Background concurrent copying GC freed 214593(6MB) AllocSpace objects, 0(0B) LOS objects, 11% free, 45MB/51MB, paused 288us total 309.565ms
07-21 20:56:27.920 15386 22786 I CameraManagerGlobal: Connecting to camera service
07-21 20:56:27.921 15386 22786 E CameraManagerGlobal: Camera service is unavailable
07-21 20:56:28.766 15386 15403 I vision.svplaye: Background concurrent copying GC freed 216688(6MB) AllocSpace objects, 0(0B) LOS objects, 11% free, 45MB/51MB, paused 220us total 285.397ms
07-21 20:56:28.921 15386 22786 I CameraManagerGlobal: Connecting to camera service
07-21 20:56:28.922 15386 22786 E CameraManagerGlobal: Camera service is unavailable
07-21 20:56:29.922 15386 22786 I CameraManagerGlobal: Connecting to camera service
07-21 20:56:29.923 15386 22786 E CameraManagerGlobal: Camera service is unavailable
07-21 20:56:30.335 15386 15403 I vision.svplaye: Background concurrent copying GC freed 213936(6MB) AllocSpace objects, 0(0B) LOS objects, 11% free, 45MB/51MB, paused 918us total 303.445ms
07-21 20:56:30.475 15386 28285 I MediaCodecLogger: 15386.SW.audio.mp4a.bitrateInKbps = 94
07-21 20:56:30.514 15386 28273 I MediaCodecLogger: 15386.HW.video.avc.bitrateInKbps = 4399
07-21 20:56:30.924 15386 22786 I CameraManagerGlobal: Connecting to camera service
07-21 20:56:30.924 15386 22786 E CameraManagerGlobal: Camera service is unavailable
07-21 20:56:31.925 15386 22786 I CameraManagerGlobal: Connecting to camera service
07-21 20:56:31.926 15386 22786 E CameraManagerGlobal: Camera service is unavailable
07-21 20:56:31.991 15386 15403 I vision.svplaye: Background concurrent copying GC freed 213535(6MB) AllocSpace objects, 0(0B) LOS objects, 11% free, 45MB/51MB, paused 211us total 318.624ms
07-21 20:56:32.929 15386 22786 I CameraManagerGlobal: Connecting to camera service
07-21 20:56:32.930 15386 22786 E CameraManagerGlobal: Camera service is unavailable
07-21 20:56:33.535 15386 15403 I vision.svplaye: Background concurrent copying GC freed 218116(6MB) AllocSpace objects, 0(0B) LOS objects, 11% free, 45MB/51MB, paused 834us total 310.102ms
07-21 20:56:33.930 15386 22786 I CameraManagerGlobal: Connecting to camera service
07-21 20:56:33.931 15386 22786 E CameraManagerGlobal: Camera service is unavailable
07-21 20:56:34.931 15386 22786 I CameraManagerGlobal: Connecting to camera service
07-21 20:56:34.932 15386 22786 E CameraManagerGlobal: Camera service is unavailable
07-21 20:56:35.112 15386 15403 I vision.svplaye: Background concurrent copying GC freed 214390(6MB) AllocSpace objects, 0(0B) LOS objects, 11% free, 45MB/51MB, paused 329us total 310.972ms
07-21 20:56:35.542 15386 28285 I MediaCodecLogger: 15386.SW.audio.mp4a.bitrateInKbps = 94
07-21 20:56:35.592 15386 28273 I MediaCodecLogger: 15386.HW.video.avc.bitrateInKbps = 4728
