--------- beginning of main
07-17 10:12:39.433 24603 24707 I chatty  : uid=10247(com.smartvision.svplayer) RenderThread expire 16 lines
07-17 10:12:39.434 24603 24707 E libc    : Access denied finding property "vendor.dpframework.log.enable"
07-17 10:12:39.434 24603 24707 E libc    : Access denied finding property "vendor.dpframework.dumpbuffer.checksum"
07-17 10:12:39.434 24603 24707 E libc    : Access denied finding property "vendor.dpframework.dumpbuffer.enable"
07-17 10:12:39.455 24603 31574 E FrameEvents: updateAcquireFence: Did not find frame.
07-17 10:12:39.456 24603 31582 I MediaCodecLogger: 24603.SW.audio.mp4a.bitrateInKbps = 120
07-17 10:12:39.474 24603 31574 E FrameEvents: updateAcquireFence: Did not find frame.
07-17 10:12:39.485 24603 31574 I chatty  : uid=10247(com.smartvision.svplayer) identical 1 line
07-17 10:12:39.504 24603 31574 E FrameEvents: updateAcquireFence: Did not find frame.
07-17 10:12:39.514 24603 31573 I MediaCodecLogger: 24603.HW.video.avc.bitrateInKbps = 181
07-17 10:12:39.525 24603 31574 E FrameEvents: updateAcquireFence: Did not find frame.
07-17 10:12:39.606 24603 31574 I chatty  : uid=10247(com.smartvision.svplayer) identical 4 lines
07-17 10:12:39.627 24603 31574 E FrameEvents: updateAcquireFence: Did not find frame.
07-17 10:12:39.638 24603 24707 E libc    : Access denied finding property "vendor.dpframework.log.enable"
07-17 10:12:39.639 24603 24707 I chatty  : uid=10247(com.smartvision.svplayer) RenderThread identical 16 lines
07-17 10:12:39.639 24603 24707 E libc    : Access denied finding property "vendor.dpframework.log.enable"
07-17 10:12:39.639 24603 24707 E libc    : Access denied finding property "vendor.dpframework.dumpbuffer.checksum"
07-17 10:12:39.639 24603 24707 E libc    : Access denied finding property "vendor.dpframework.dumpbuffer.enable"
07-17 10:12:39.657 24603 31574 E FrameEvents: updateAcquireFence: Did not find frame.
07-17 10:12:39.802 24603 31574 I chatty  : uid=10247(com.smartvision.svplayer) identical 8 lines
07-17 10:12:39.823 24603 31574 E FrameEvents: updateAcquireFence: Did not find frame.
07-17 10:12:39.846 24603 24707 E libc    : Access denied finding property "vendor.dpframework.log.enable"
07-17 10:12:39.847 24603 24707 I chatty  : uid=10247(com.smartvision.svplayer) RenderThread identical 16 lines
07-17 10:12:39.847 24603 24707 E libc    : Access denied finding property "vendor.dpframework.log.enable"
07-17 10:12:39.847 24603 24707 E libc    : Access denied finding property "vendor.dpframework.dumpbuffer.checksum"
07-17 10:12:39.847 24603 24707 E libc    : Access denied finding property "vendor.dpframework.dumpbuffer.enable"
07-17 10:12:39.854 24603 31574 E FrameEvents: updateAcquireFence: Did not find frame.
07-17 10:12:39.873 24603 31574 E FrameEvents: updateAcquireFence: Did not find frame.
07-17 10:12:39.893 24603 31574 E FrameEvents: updateAcquireFence: Did not find frame.
07-17 10:12:39.954 24603 31574 I chatty  : uid=10247(com.smartvision.svplayer) identical 3 lines
07-17 10:12:39.975 24603 31574 E FrameEvents: updateAcquireFence: Did not find frame.
07-17 10:12:39.983 24603 24707 E libc    : Access denied finding property "vendor.dpframework.log.enable"
07-17 10:12:39.984 24603 24707 I chatty  : uid=10247(com.smartvision.svplayer) RenderThread identical 16 lines
07-17 10:12:39.984 24603 24707 E libc    : Access denied finding property "vendor.dpframework.log.enable"
07-17 10:12:39.985 24603 24707 E libc    : Access denied finding property "vendor.dpframework.dumpbuffer.checksum"
07-17 10:12:39.985 24603 24707 E libc    : Access denied finding property "vendor.dpframework.dumpbuffer.enable"
07-17 10:12:39.986 24603 24707 E libc    : Access denied finding property "vendor.dpframework.log.enable"
07-17 10:12:39.987 24603 24707 I chatty  : uid=10247(com.smartvision.svplayer) RenderThread identical 11 lines
07-17 10:12:39.987 24603 24707 E libc    : Access denied finding property "vendor.dpframework.log.enable"
07-17 10:12:39.987 24603 31574 E FrameEvents: updateAcquireFence: Did not find frame.
07-17 10:12:39.987 24603 24707 E libc    : Access denied finding property "vendor.dpframework.log.enable"
07-17 10:12:39.988 24603 24707 I chatty  : uid=10247(com.smartvision.svplayer) RenderThread identical 3 lines
07-17 10:12:39.988 24603 24707 E libc    : Access denied finding property "vendor.dpframework.log.enable"
07-17 10:12:39.988 24603 24707 E libc    : Access denied finding property "vendor.dpframework.dumpbuffer.checksum"
07-17 10:12:39.988 24603 24707 E libc    : Access denied finding property "vendor.dpframework.dumpbuffer.enable"
07-17 10:12:39.990 24603 24616 I vision.svplaye: Background concurrent copying GC freed 188990(6MB) AllocSpace objects, 0(0B) LOS objects, 17% free, 28MB/34MB, paused 195us total 324.999ms
07-17 10:12:40.006 24603 31574 E FrameEvents: updateAcquireFence: Did not find frame.
07-17 10:12:40.108 24603 31574 I chatty  : uid=10247(com.smartvision.svplayer) identical 5 lines
07-17 10:12:40.118 24603 31574 E FrameEvents: updateAcquireFence: Did not find frame.
07-17 10:12:40.121 24603 24707 E libc    : Access denied finding property "vendor.dpframework.log.enable"
07-17 10:12:40.122 24603 24707 I chatty  : uid=10247(com.smartvision.svplayer) RenderThread identical 16 lines
07-17 10:12:40.122 24603 24707 E libc    : Access denied finding property "vendor.dpframework.log.enable"
07-17 10:12:40.122 24603 24707 E libc    : Access denied finding property "vendor.dpframework.dumpbuffer.checksum"
07-17 10:12:40.122 24603 24707 E libc    : Access denied finding property "vendor.dpframework.dumpbuffer.enable"
07-17 10:12:40.159 24603 31574 E FrameEvents: updateAcquireFence: Did not find frame.
07-17 10:12:40.168 24603 31574 E FrameEvents: updateAcquireFence: Did not find frame.
07-17 10:12:40.188 24603 24707 E libc    : Access denied finding property "vendor.dpframework.log.enable"
07-17 10:12:40.189 24603 24707 I chatty  : uid=10247(com.smartvision.svplayer) RenderThread identical 4 lines
07-17 10:12:40.189 24603 24707 E libc    : Access denied finding property "vendor.dpframework.log.enable"
07-17 10:12:40.189 24603 31574 E FrameEvents: updateAcquireFence: Did not find frame.
07-17 10:12:40.189 24603 24707 E libc    : Access denied finding property "vendor.dpframework.log.enable"
07-17 10:12:40.190 24603 24707 I chatty  : uid=10247(com.smartvision.svplayer) RenderThread identical 10 lines
07-17 10:12:40.190 24603 24707 E libc    : Access denied finding property "vendor.dpframework.log.enable"
07-17 10:12:40.190 24603 24707 E libc    : Access denied finding property "vendor.dpframework.dumpbuffer.checksum"
07-17 10:12:40.190 24603 24707 E libc    : Access denied finding property "vendor.dpframework.dumpbuffer.enable"
07-17 10:12:40.193 24603 24707 E libc    : Access denied finding property "vendor.dpframework.log.enable"
07-17 10:12:40.194 24603 24707 I chatty  : uid=10247(com.smartvision.svplayer) RenderThread identical 16 lines
07-17 10:12:40.194 24603 24707 E libc    : Access denied finding property "vendor.dpframework.log.enable"
07-17 10:12:40.194 24603 24707 E libc    : Access denied finding property "vendor.dpframework.dumpbuffer.checksum"
07-17 10:12:40.194 24603 24707 E libc    : Access denied finding property "vendor.dpframework.dumpbuffer.enable"
07-17 10:12:40.210 24603 31574 E FrameEvents: updateAcquireFence: Did not find frame.
07-17 10:12:40.301 24603 31574 I chatty  : uid=10247(com.smartvision.svplayer) identical 5 lines
07-17 10:12:40.321 24603 31574 E FrameEvents: updateAcquireFence: Did not find frame.
07-17 10:12:40.326 24603 24707 E libc    : Access denied finding property "vendor.dpframework.log.enable"
07-17 10:12:40.327 24603 24707 I chatty  : uid=10247(com.smartvision.svplayer) RenderThread identical 15 lines
07-17 10:12:40.327 24603 24707 E libc    : Access denied finding property "vendor.dpframework.log.enable"
07-17 10:12:40.316 24603 24603 W RenderThread: type=1400 audit(0.0:591523): avc: denied { open } for path="/dev/__properties__/u:object_r:vendor_default_prop:s0" dev="tmpfs" ino=355 scontext=u:r:untrusted_app:s0:c247,c256,c512,c768 tcontext=u:object_r:vendor_default_prop:s0 tclass=file permissive=0
07-17 10:12:40.327 24603 24707 E libc    : Access denied finding property "vendor.dpframework.log.enable"
07-17 10:12:40.328 24603 24707 E libc    : Access denied finding property "vendor.dpframework.dumpbuffer.checksum"
07-17 10:12:40.328 24603 24707 E libc    : Access denied finding property "vendor.dpframework.dumpbuffer.enable"
07-17 10:12:40.316 24603 24603 W RenderThread: type=1400 audit(0.0:591524): avc: denied { open } for path="/dev/__properties__/u:object_r:vendor_default_prop:s0" dev="tmpfs" ino=355 scontext=u:r:untrusted_app:s0:c247,c256,c512,c768 tcontext=u:object_r:vendor_default_prop:s0 tclass=file permissive=0
07-17 10:12:40.316 24603 24603 I chatty  : uid=10247(com.smartvision.svplayer) identical 2 lines
07-17 10:12:40.316 24603 24603 W RenderThread: type=1400 audit(0.0:591527): avc: denied { open } for path="/dev/__properties__/u:object_r:vendor_default_prop:s0" dev="tmpfs" ino=355 scontext=u:r:untrusted_app:s0:c247,c256,c512,c768 tcontext=u:object_r:vendor_default_prop:s0 tclass=file permissive=0
07-17 10:12:40.352 24603 31574 E FrameEvents: updateAcquireFence: Did not find frame.
07-17 10:12:40.502 24603 31574 I chatty  : uid=10247(com.smartvision.svplayer) identical 8 lines
07-17 10:12:40.522 24603 31574 E FrameEvents: updateAcquireFence: Did not find frame.
07-17 10:12:40.531 24603 24707 E libc    : Access denied finding property "vendor.dpframework.log.enable"
07-17 10:12:40.532 24603 24707 I chatty  : uid=10247(com.smartvision.svplayer) RenderThread identical 16 lines
07-17 10:12:40.532 24603 24707 E libc    : Access denied finding property "vendor.dpframework.log.enable"
07-17 10:12:40.532 24603 24707 E libc    : Access denied finding property "vendor.dpframework.dumpbuffer.checksum"
07-17 10:12:40.532 24603 24707 E libc    : Access denied finding property "vendor.dpframework.dumpbuffer.enable"
07-17 10:12:40.554 24603 31574 E FrameEvents: updateAcquireFence: Did not find frame.
07-17 10:12:40.706 24603 31574 I chatty  : uid=10247(com.smartvision.svplayer) identical 7 lines
07-17 10:12:40.726 24603 31574 E FrameEvents: updateAcquireFence: Did not find frame.
07-17 10:12:40.736 24603 24707 E libc    : Access denied finding property "vendor.dpframework.log.enable"
07-17 10:12:40.737 24603 24707 I chatty  : uid=10247(com.smartvision.svplayer) RenderThread identical 16 lines
07-17 10:12:40.737 24603 24707 E libc    : Access denied finding property "vendor.dpframework.log.enable"
07-17 10:12:40.737 24603 24707 E libc    : Access denied finding property "vendor.dpframework.dumpbuffer.checksum"
07-17 10:12:40.737 24603 24707 E libc    : Access denied finding property "vendor.dpframework.dumpbuffer.enable"
07-17 10:12:40.756 24603 31574 E FrameEvents: updateAcquireFence: Did not find frame.
07-17 10:12:40.856 24603 31574 I chatty  : uid=10247(com.smartvision.svplayer) identical 5 lines
07-17 10:12:40.876 24603 31574 E FrameEvents: updateAcquireFence: Did not find frame.
07-17 10:12:40.906 24603 31573 I MediaCodecLogger: 24603.HW.video.avc Dropped 900 frames
07-17 10:12:40.906 24603 31574 E FrameEvents: updateAcquireFence: Did not find frame.
07-17 10:12:40.926 24603 31574 E FrameEvents: updateAcquireFence: Did not find frame.
07-17 10:12:40.941 24603 24707 E libc    : Access denied finding property "vendor.dpframework.log.enable"
07-17 10:12:40.942 24603 24707 I chatty  : uid=10247(com.smartvision.svplayer) RenderThread identical 16 lines
07-17 10:12:40.943 24603 24707 E libc    : Access denied finding property "vendor.dpframework.log.enable"
07-17 10:12:40.943 24603 24707 E libc    : Access denied finding property "vendor.dpframework.dumpbuffer.checksum"
07-17 10:12:40.943 24603 24707 E libc    : Access denied finding property "vendor.dpframework.dumpbuffer.enable"
07-17 10:12:40.956 24603 31574 E FrameEvents: updateAcquireFence: Did not find frame.
07-17 10:12:41.057 24603 31574 I chatty  : uid=10247(com.smartvision.svplayer) identical 4 lines
07-17 10:12:41.077 24603 31574 E FrameEvents: updateAcquireFence: Did not find frame.
07-17 10:12:41.078 24603 24707 E libc    : Access denied finding property "vendor.dpframework.log.enable"
07-17 10:12:41.079 24603 24707 I chatty  : uid=10247(com.smartvision.svplayer) RenderThread identical 16 lines
07-17 10:12:41.079 24603 24707 E libc    : Access denied finding property "vendor.dpframework.log.enable"
07-17 10:12:41.079 24603 24707 E libc    : Access denied finding property "vendor.dpframework.dumpbuffer.checksum"
07-17 10:12:41.079 24603 24707 E libc    : Access denied finding property "vendor.dpframework.dumpbuffer.enable"
07-17 10:12:41.108 24603 31574 E FrameEvents: updateAcquireFence: Did not find frame.
07-17 10:12:41.260 24603 31574 I chatty  : uid=10247(com.smartvision.svplayer) identical 6 lines
07-17 10:12:41.270 24603 31574 E FrameEvents: updateAcquireFence: Did not find frame.
07-17 10:12:41.282 24603 24707 E libc    : Access denied finding property "vendor.dpframework.log.enable"
07-17 10:12:41.284 24603 24707 I chatty  : uid=10247(com.smartvision.svplayer) RenderThread identical 16 lines
07-17 10:12:41.284 24603 24707 E libc    : Access denied finding property "vendor.dpframework.log.enable"
07-17 10:12:41.284 24603 24707 E libc    : Access denied finding property "vendor.dpframework.dumpbuffer.checksum"
07-17 10:12:41.284 24603 24707 E libc    : Access denied finding property "vendor.dpframework.dumpbuffer.enable"
07-17 10:12:41.310 24603 31574 E FrameEvents: updateAcquireFence: Did not find frame.
07-17 10:12:41.461 24603 31574 I chatty  : uid=10247(com.smartvision.svplayer) identical 6 lines
07-17 10:12:41.471 24603 31574 E FrameEvents: updateAcquireFence: Did not find frame.
07-17 10:12:41.487 24603 24707 E libc    : Access denied finding property "vendor.dpframework.log.enable"
07-17 10:12:41.486 24603 24603 W RenderThread: type=1400 audit(0.0:591643): avc: denied { open } for path="/dev/__properties__/u:object_r:vendor_default_prop:s0" dev="tmpfs" ino=355 scontext=u:r:untrusted_app:s0:c247,c256,c512,c768 tcontext=u:object_r:vendor_default_prop:s0 tclass=file permissive=0
07-17 10:12:41.488 24603 24707 E libc    : Access denied finding property "vendor.dpframework.log.enable"
07-17 10:12:41.488 24603 24707 I chatty  : uid=10247(com.smartvision.svplayer) RenderThread identical 3 lines
07-17 10:12:41.488 24603 24707 E libc    : Access denied finding property "vendor.dpframework.log.enable"
07-17 10:12:41.486 24603 24603 W RenderThread: type=1400 audit(0.0:591644): avc: denied { open } for path="/dev/__properties__/u:object_r:vendor_default_prop:s0" dev="tmpfs" ino=355 scontext=u:r:untrusted_app:s0:c247,c256,c512,c768 tcontext=u:object_r:vendor_default_prop:s0 tclass=file permissive=0
07-17 10:12:41.488 24603 24707 E libc    : Access denied finding property "vendor.dpframework.log.enable"
07-17 10:12:41.488 24603 24707 I chatty  : uid=10247(com.smartvision.svplayer) RenderThread identical 4 lines
07-17 10:12:41.488 24603 24707 E libc    : Access denied finding property "vendor.dpframework.log.enable"
07-17 10:12:41.486 24603 24603 W RenderThread: type=1400 audit(0.0:591645): avc: denied { open } for path="/dev/__properties__/u:object_r:vendor_default_prop:s0" dev="tmpfs" ino=355 scontext=u:r:untrusted_app:s0:c247,c256,c512,c768 tcontext=u:object_r:vendor_default_prop:s0 tclass=file permissive=0
07-17 10:12:41.488 24603 24707 E libc    : Access denied finding property "vendor.dpframework.log.enable"
07-17 10:12:41.488 24603 24707 I chatty  : uid=10247(com.smartvision.svplayer) RenderThread identical 2 lines
07-17 10:12:41.489 24603 24707 E libc    : Access denied finding property "vendor.dpframework.log.enable"
07-17 10:12:41.486 24603 24603 W RenderThread: type=1400 audit(0.0:591646): avc: denied { open } for path="/dev/__properties__/u:object_r:vendor_default_prop:s0" dev="tmpfs" ino=355 scontext=u:r:untrusted_app:s0:c247,c256,c512,c768 tcontext=u:object_r:vendor_default_prop:s0 tclass=file permissive=0
07-17 10:12:41.489 24603 24707 E libc    : Access denied finding property "vendor.dpframework.log.enable"
07-17 10:12:41.489 24603 24707 E libc    : Access denied finding property "vendor.dpframework.log.enable"
07-17 10:12:41.489 24603 24707 E libc    : Access denied finding property "vendor.dpframework.dumpbuffer.checksum"
07-17 10:12:41.489 24603 24707 E libc    : Access denied finding property "vendor.dpframework.dumpbuffer.enable"
07-17 10:12:41.486 24603 24603 W RenderThread: type=1400 audit(0.0:591647): avc: denied { open } for path="/dev/__properties__/u:object_r:vendor_default_prop:s0" dev="tmpfs" ino=355 scontext=u:r:untrusted_app:s0:c247,c256,c512,c768 tcontext=u:object_r:vendor_default_prop:s0 tclass=file permissive=0
07-17 10:12:41.512 24603 31574 E FrameEvents: updateAcquireFence: Did not find frame.
07-17 10:12:41.653 24603 31574 I chatty  : uid=10247(com.smartvision.svplayer) identical 6 lines
07-17 10:12:41.673 24603 31574 E FrameEvents: updateAcquireFence: Did not find frame.
07-17 10:12:41.693 24603 24707 E libc    : Access denied finding property "vendor.dpframework.log.enable"
07-17 10:12:41.695 24603 24707 I chatty  : uid=10247(com.smartvision.svplayer) RenderThread identical 16 lines
07-17 10:12:41.695 24603 24707 E libc    : Access denied finding property "vendor.dpframework.log.enable"
07-17 10:12:41.695 24603 24707 E libc    : Access denied finding property "vendor.dpframework.dumpbuffer.checksum"
07-17 10:12:41.695 24603 24707 E libc    : Access denied finding property "vendor.dpframework.dumpbuffer.enable"
07-17 10:12:41.704 24603 31574 E FrameEvents: updateAcquireFence: Did not find frame.
07-17 10:12:41.804 24603 31574 I chatty  : uid=10247(com.smartvision.svplayer) identical 4 lines
07-17 10:12:41.825 24603 31574 E FrameEvents: updateAcquireFence: Did not find frame.
07-17 10:12:41.830 24603 24707 E libc    : Access denied finding property "vendor.dpframework.log.enable"
07-17 10:12:41.831 24603 24707 I chatty  : uid=10247(com.smartvision.svplayer) RenderThread identical 16 lines
07-17 10:12:41.831 24603 24707 E libc    : Access denied finding property "vendor.dpframework.log.enable"
07-17 10:12:41.831 24603 24707 E libc    : Access denied finding property "vendor.dpframework.dumpbuffer.checksum"
07-17 10:12:41.831 24603 24707 E libc    : Access denied finding property "vendor.dpframework.dumpbuffer.enable"
07-17 10:12:41.855 24603 31574 E FrameEvents: updateAcquireFence: Did not find frame.
07-17 10:12:41.874 24603 31574 E FrameEvents: updateAcquireFence: Did not find frame.
07-17 10:12:41.906 24603 31573 I MediaCodecLogger: 24603.HW.video.avc Dropped 910 frames
07-17 10:12:41.906 24603 31574 E FrameEvents: updateAcquireFence: Did not find frame.
07-17 10:12:42.008 24603 31574 I chatty  : uid=10247(com.smartvision.svplayer) identical 4 lines
07-17 10:12:42.028 24603 31574 E FrameEvents: updateAcquireFence: Did not find frame.
07-17 10:12:42.034 24603 24707 E libc    : Access denied finding property "vendor.dpframework.log.enable"
07-17 10:12:42.035 24603 24707 I chatty  : uid=10247(com.smartvision.svplayer) RenderThread identical 16 lines
07-17 10:12:42.036 24603 24707 E libc    : Access denied finding property "vendor.dpframework.log.enable"
07-17 10:12:42.036 24603 24707 E libc    : Access denied finding property "vendor.dpframework.dumpbuffer.checksum"
07-17 10:12:42.036 24603 24707 E libc    : Access denied finding property "vendor.dpframework.dumpbuffer.enable"
07-17 10:12:42.059 24603 31574 E FrameEvents: updateAcquireFence: Did not find frame.
07-17 10:12:42.212 24603 31574 I chatty  : uid=10247(com.smartvision.svplayer) identical 6 lines
07-17 10:12:42.221 24603 31574 E FrameEvents: updateAcquireFence: Did not find frame.
07-17 10:12:42.241 24603 24707 E libc    : Access denied finding property "vendor.dpframework.log.enable"
07-17 10:12:42.243 24603 24707 I chatty  : uid=10247(com.smartvision.svplayer) RenderThread identical 16 lines
07-17 10:12:42.243 24603 24707 E libc    : Access denied finding property "vendor.dpframework.log.enable"
07-17 10:12:42.243 24603 24707 E libc    : Access denied finding property "vendor.dpframework.dumpbuffer.checksum"
07-17 10:12:42.243 24603 24707 E libc    : Access denied finding property "vendor.dpframework.dumpbuffer.enable"
07-17 10:12:42.264 24603 31574 E FrameEvents: updateAcquireFence: Did not find frame.
07-17 10:12:42.274 24603 31574 E FrameEvents: updateAcquireFence: Did not find frame.
07-17 10:12:42.305 24603 31574 E FrameEvents: updateAcquireFence: Did not find frame.
07-17 10:12:42.357 24603 31574 I chatty  : uid=10247(com.smartvision.svplayer) identical 2 lines
07-17 10:12:42.377 24603 31574 E FrameEvents: updateAcquireFence: Did not find frame.
07-17 10:12:42.380 24603 24707 E libc    : Access denied finding property "vendor.dpframework.log.enable"
07-17 10:12:42.381 24603 24707 I chatty  : uid=10247(com.smartvision.svplayer) RenderThread identical 16 lines
07-17 10:12:42.381 24603 24707 E libc    : Access denied finding property "vendor.dpframework.log.enable"
07-17 10:12:42.381 24603 24707 E libc    : Access denied finding property "vendor.dpframework.dumpbuffer.checksum"
07-17 10:12:42.381 24603 24707 E libc    : Access denied finding property "vendor.dpframework.dumpbuffer.enable"
07-17 10:12:42.409 24603 31574 E FrameEvents: updateAcquireFence: Did not find frame.
07-17 10:12:42.430 24603 31574 E FrameEvents: updateAcquireFence: Did not find frame.
07-17 10:12:42.445 24603 24616 I vision.svplaye: Background concurrent copying GC freed 188404(6MB) AllocSpace objects, 0(0B) LOS objects, 17% free, 28MB/34MB, paused 542us total 316.887ms
07-17 10:12:42.460 24603 31574 E FrameEvents: updateAcquireFence: Did not find frame.
07-17 10:12:42.562 24603 31574 I chatty  : uid=10247(com.smartvision.svplayer) identical 4 lines
07-17 10:12:42.572 24603 31574 E FrameEvents: updateAcquireFence: Did not find frame.
07-17 10:12:42.576 24603 24603 W RenderThread: type=1400 audit(0.0:591763): avc: denied { open } for path="/dev/__properties__/u:object_r:vendor_default_prop:s0" dev="tmpfs" ino=355 scontext=u:r:untrusted_app:s0:c247,c256,c512,c768 tcontext=u:object_r:vendor_default_prop:s0 tclass=file permissive=0
07-17 10:12:42.585 24603 24707 E libc    : Access denied finding property "vendor.dpframework.log.enable"
07-17 10:12:42.585 24603 24707 I chatty  : uid=10247(com.smartvision.svplayer) RenderThread identical 3 lines
07-17 10:12:42.586 24603 24707 E libc    : Access denied finding property "vendor.dpframework.log.enable"
07-17 10:12:42.576 24603 24603 W RenderThread: type=1400 audit(0.0:591764): avc: denied { open } for path="/dev/__properties__/u:object_r:vendor_default_prop:s0" dev="tmpfs" ino=355 scontext=u:r:untrusted_app:s0:c247,c256,c512,c768 tcontext=u:object_r:vendor_default_prop:s0 tclass=file permissive=0
07-17 10:12:42.586 24603 24707 E libc    : Access denied finding property "vendor.dpframework.log.enable"
07-17 10:12:42.586 24603 24707 I chatty  : uid=10247(com.smartvision.svplayer) RenderThread identical 2 lines
07-17 10:12:42.586 24603 24707 E libc    : Access denied finding property "vendor.dpframework.log.enable"
07-17 10:12:42.576 24603 24603 W RenderThread: type=1400 audit(0.0:591765): avc: denied { open } for path="/dev/__properties__/u:object_r:vendor_default_prop:s0" dev="tmpfs" ino=355 scontext=u:r:untrusted_app:s0:c247,c256,c512,c768 tcontext=u:object_r:vendor_default_prop:s0 tclass=file permissive=0
07-17 10:12:42.576 24603 24603 I chatty  : uid=10247(com.smartvision.svplayer) identical 1 line
07-17 10:12:42.576 24603 24603 W RenderThread: type=1400 audit(0.0:591767): avc: denied { open } for path="/dev/__properties__/u:object_r:vendor_default_prop:s0" dev="tmpfs" ino=355 scontext=u:r:untrusted_app:s0:c247,c256,c512,c768 tcontext=u:object_r:vendor_default_prop:s0 tclass=file permissive=0
07-17 10:12:42.586 24603 24707 E libc    : Access denied finding property "vendor.dpframework.log.enable"
07-17 10:12:42.586 24603 24707 I chatty  : uid=10247(com.smartvision.svplayer) RenderThread identical 7 lines
07-17 10:12:42.587 24603 24707 E libc    : Access denied finding property "vendor.dpframework.log.enable"
07-17 10:12:42.587 24603 24707 E libc    : Access denied finding property "vendor.dpframework.dumpbuffer.checksum"
07-17 10:12:42.587 24603 24707 E libc    : Access denied finding property "vendor.dpframework.dumpbuffer.enable"
07-17 10:12:42.613 24603 31574 E FrameEvents: updateAcquireFence: Did not find frame.
07-17 10:12:42.763 24603 31574 I chatty  : uid=10247(com.smartvision.svplayer) identical 6 lines
07-17 10:12:42.773 24603 31574 E FrameEvents: updateAcquireFence: Did not find frame.
07-17 10:12:42.791 24603 24707 E libc    : Access denied finding property "vendor.dpframework.log.enable"
07-17 10:12:42.793 24603 24707 I chatty  : uid=10247(com.smartvision.svplayer) RenderThread identical 16 lines
07-17 10:12:42.793 24603 24707 E libc    : Access denied finding property "vendor.dpframework.log.enable"
07-17 10:12:42.794 24603 24707 E libc    : Access denied finding property "vendor.dpframework.dumpbuffer.checksum"
07-17 10:12:42.794 24603 24707 E libc    : Access denied finding property "vendor.dpframework.dumpbuffer.enable"
07-17 10:12:42.814 24603 31574 E FrameEvents: updateAcquireFence: Did not find frame.
07-17 10:12:42.855 24603 31574 I chatty  : uid=10247(com.smartvision.svplayer) identical 2 lines
07-17 10:12:42.875 24603 31574 E FrameEvents: updateAcquireFence: Did not find frame.
07-17 10:12:42.906 24603 31573 I MediaCodecLogger: 24603.HW.video.avc Dropped 920 frames
07-17 10:12:42.906 24603 31574 E FrameEvents: updateAcquireFence: Did not find frame.
07-17 10:12:42.926 24603 31574 E FrameEvents: updateAcquireFence: Did not find frame.
07-17 10:12:42.927 24603 24707 E libc    : Access denied finding property "vendor.dpframework.log.enable"
07-17 10:12:42.929 24603 24707 I chatty  : uid=10247(com.smartvision.svplayer) RenderThread identical 16 lines
07-17 10:12:42.929 24603 24707 E libc    : Access denied finding property "vendor.dpframework.log.enable"
07-17 10:12:42.929 24603 24707 E libc    : Access denied finding property "vendor.dpframework.dumpbuffer.checksum"
07-17 10:12:42.929 24603 24707 E libc    : Access denied finding property "vendor.dpframework.dumpbuffer.enable"
07-17 10:12:42.958 24603 31574 E FrameEvents: updateAcquireFence: Did not find frame.
07-17 10:12:43.108 24603 31574 I chatty  : uid=10247(com.smartvision.svplayer) identical 6 lines
07-17 10:12:43.129 24603 31574 E FrameEvents: updateAcquireFence: Did not find frame.
07-17 10:12:43.132 24603 24707 E libc    : Access denied finding property "vendor.dpframework.log.enable"
07-17 10:12:43.133 24603 24707 I chatty  : uid=10247(com.smartvision.svplayer) RenderThread identical 16 lines
07-17 10:12:43.133 24603 24707 E libc    : Access denied finding property "vendor.dpframework.log.enable"
07-17 10:12:43.133 24603 24707 E libc    : Access denied finding property "vendor.dpframework.dumpbuffer.checksum"
07-17 10:12:43.133 24603 24707 E libc    : Access denied finding property "vendor.dpframework.dumpbuffer.enable"
07-17 10:12:43.160 24603 31574 E FrameEvents: updateAcquireFence: Did not find frame.
07-17 10:12:43.289 24603 31574 I chatty  : uid=10247(com.smartvision.svplayer) identical 6 lines
07-17 10:12:43.328 24603 31574 E FrameEvents: updateAcquireFence: Did not find frame.
07-17 10:12:43.336 24603 24707 E libc    : Access denied finding property "vendor.dpframework.log.enable"
07-17 10:12:43.337 24603 24707 I chatty  : uid=10247(com.smartvision.svplayer) RenderThread identical 16 lines
07-17 10:12:43.337 24603 24707 E libc    : Access denied finding property "vendor.dpframework.log.enable"
07-17 10:12:43.337 24603 24707 E libc    : Access denied finding property "vendor.dpframework.dumpbuffer.checksum"
07-17 10:12:43.337 24603 24707 E libc    : Access denied finding property "vendor.dpframework.dumpbuffer.enable"
07-17 10:12:43.359 24603 31574 E FrameEvents: updateAcquireFence: Did not find frame.
07-17 10:12:43.510 24603 31574 I chatty  : uid=10247(com.smartvision.svplayer) identical 6 lines
07-17 10:12:43.531 24603 31574 E FrameEvents: updateAcquireFence: Did not find frame.
07-17 10:12:43.542 24603 24707 E libc    : Access denied finding property "vendor.dpframework.log.enable"
07-17 10:12:43.543 24603 24707 I chatty  : uid=10247(com.smartvision.svplayer) RenderThread identical 16 lines
07-17 10:12:43.543 24603 24707 E libc    : Access denied finding property "vendor.dpframework.log.enable"
07-17 10:12:43.543 24603 24707 E libc    : Access denied finding property "vendor.dpframework.dumpbuffer.checksum"
07-17 10:12:43.543 24603 24707 E libc    : Access denied finding property "vendor.dpframework.dumpbuffer.enable"
07-17 10:12:43.562 24603 31574 E FrameEvents: updateAcquireFence: Did not find frame.
07-17 10:12:43.663 24603 31574 I chatty  : uid=10247(com.smartvision.svplayer) identical 4 lines
07-17 10:12:43.673 24603 31574 E FrameEvents: updateAcquireFence: Did not find frame.
07-17 10:12:43.679 24603 24707 E libc    : Access denied finding property "vendor.dpframework.log.enable"
07-17 10:12:43.680 24603 24707 I chatty  : uid=10247(com.smartvision.svplayer) RenderThread identical 12 lines
07-17 10:12:43.680 24603 24707 E libc    : Access denied finding property "vendor.dpframework.log.enable"
07-17 10:12:43.676 24603 24603 W RenderThread: type=1400 audit(0.0:591883): avc: denied { open } for path="/dev/__properties__/u:object_r:vendor_default_prop:s0" dev="tmpfs" ino=355 scontext=u:r:untrusted_app:s0:c247,c256,c512,c768 tcontext=u:object_r:vendor_default_prop:s0 tclass=file permissive=0
07-17 10:12:43.680 24603 24707 E libc    : Access denied finding property "vendor.dpframework.log.enable"
07-17 10:12:43.680 24603 24707 I chatty  : uid=10247(com.smartvision.svplayer) RenderThread identical 2 lines
07-17 10:12:43.680 24603 24707 E libc    : Access denied finding property "vendor.dpframework.log.enable"
07-17 10:12:43.680 24603 24707 E libc    : Access denied finding property "vendor.dpframework.dumpbuffer.checksum"
07-17 10:12:43.676 24603 24603 W RenderThread: type=1400 audit(0.0:591884): avc: denied { open } for path="/dev/__properties__/u:object_r:vendor_default_prop:s0" dev="tmpfs" ino=355 scontext=u:r:untrusted_app:s0:c247,c256,c512,c768 tcontext=u:object_r:vendor_default_prop:s0 tclass=file permissive=0
07-17 10:12:43.680 24603 24707 E libc    : Access denied finding property "vendor.dpframework.dumpbuffer.enable"
07-17 10:12:43.676 24603 24603 W RenderThread: type=1400 audit(0.0:591885): avc: denied { open } for path="/dev/__properties__/u:object_r:vendor_default_prop:s0" dev="tmpfs" ino=355 scontext=u:r:untrusted_app:s0:c247,c256,c512,c768 tcontext=u:object_r:vendor_default_prop:s0 tclass=file permissive=0
07-17 10:12:43.676 24603 24603 I chatty  : uid=10247(com.smartvision.svplayer) identical 1 line
07-17 10:12:43.676 24603 24603 W RenderThread: type=1400 audit(0.0:591887): avc: denied { open } for path="/dev/__properties__/u:object_r:vendor_default_prop:s0" dev="tmpfs" ino=355 scontext=u:r:untrusted_app:s0:c247,c256,c512,c768 tcontext=u:object_r:vendor_default_prop:s0 tclass=file permissive=0
07-17 10:12:43.714 24603 31574 E FrameEvents: updateAcquireFence: Did not find frame.
07-17 10:12:43.857 24603 31574 I chatty  : uid=10247(com.smartvision.svplayer) identical 6 lines
07-17 10:12:43.877 24603 31574 E FrameEvents: updateAcquireFence: Did not find frame.
07-17 10:12:43.884 24603 24707 E libc    : Access denied finding property "vendor.dpframework.log.enable"
07-17 10:12:43.885 24603 24707 I chatty  : uid=10247(com.smartvision.svplayer) RenderThread identical 16 lines
07-17 10:12:43.885 24603 24707 E libc    : Access denied finding property "vendor.dpframework.log.enable"
07-17 10:12:43.886 24603 24707 E libc    : Access denied finding property "vendor.dpframework.dumpbuffer.checksum"
07-17 10:12:43.886 24603 24707 E libc    : Access denied finding property "vendor.dpframework.dumpbuffer.enable"
07-17 10:12:43.907 24603 31573 I MediaCodecLogger: 24603.HW.video.avc Dropped 930 frames
07-17 10:12:43.907 24603 31574 E FrameEvents: updateAcquireFence: Did not find frame.
07-17 10:12:44.059 24603 31574 I chatty  : uid=10247(com.smartvision.svplayer) identical 6 lines
07-17 10:12:44.079 24603 31574 E FrameEvents: updateAcquireFence: Did not find frame.
07-17 10:12:44.090 24603 24707 E libc    : Access denied finding property "vendor.dpframework.log.enable"
07-17 10:12:44.092 24603 24707 I chatty  : uid=10247(com.smartvision.svplayer) RenderThread identical 16 lines
07-17 10:12:44.092 24603 24707 E libc    : Access denied finding property "vendor.dpframework.log.enable"
07-17 10:12:44.092 24603 24707 E libc    : Access denied finding property "vendor.dpframework.dumpbuffer.checksum"
07-17 10:12:44.093 24603 24707 E libc    : Access denied finding property "vendor.dpframework.dumpbuffer.enable"
07-17 10:12:44.110 24603 31574 E FrameEvents: updateAcquireFence: Did not find frame.
07-17 10:12:44.213 24603 31574 I chatty  : uid=10247(com.smartvision.svplayer) identical 4 lines
07-17 10:12:44.223 24603 31574 E FrameEvents: updateAcquireFence: Did not find frame.
07-17 10:12:44.227 24603 24707 E libc    : Access denied finding property "vendor.dpframework.log.enable"
07-17 10:12:44.228 24603 24707 I chatty  : uid=10247(com.smartvision.svplayer) RenderThread identical 16 lines
07-17 10:12:44.228 24603 24707 E libc    : Access denied finding property "vendor.dpframework.log.enable"
07-17 10:12:44.228 24603 24707 E libc    : Access denied finding property "vendor.dpframework.dumpbuffer.checksum"
07-17 10:12:44.228 24603 24707 E libc    : Access denied finding property "vendor.dpframework.dumpbuffer.enable"
07-17 10:12:44.264 24603 31574 E FrameEvents: updateAcquireFence: Did not find frame.
07-17 10:12:44.396 24603 31574 I chatty  : uid=10247(com.smartvision.svplayer) identical 6 lines
07-17 10:12:44.426 24603 31574 E FrameEvents: updateAcquireFence: Did not find frame.
07-17 10:12:44.432 24603 24707 E libc    : Access denied finding property "vendor.dpframework.log.enable"
07-17 10:12:44.433 24603 24707 I chatty  : uid=10247(com.smartvision.svplayer) RenderThread identical 16 lines
07-17 10:12:44.433 24603 24707 E libc    : Access denied finding property "vendor.dpframework.log.enable"
07-17 10:12:44.433 24603 24707 E libc    : Access denied finding property "vendor.dpframework.dumpbuffer.checksum"
07-17 10:12:44.433 24603 24707 E libc    : Access denied finding property "vendor.dpframework.dumpbuffer.enable"
07-17 10:12:44.448 24603 31574 E FrameEvents: updateAcquireFence: Did not find frame.
07-17 10:12:44.477 24603 31574 I chatty  : uid=10247(com.smartvision.svplayer) identical 1 line
07-17 10:12:44.496 24603 31574 E FrameEvents: updateAcquireFence: Did not find frame.
07-17 10:12:44.516 24603 31573 I MediaCodecLogger: 24603.HW.video.avc.bitrateInKbps = 133
07-17 10:12:44.517 24603 31582 I MediaCodecLogger: 24603.SW.audio.mp4a.bitrateInKbps = 121
07-17 10:12:44.527 24603 31574 E FrameEvents: updateAcquireFence: Did not find frame.
07-17 10:12:44.547 24603 31574 E FrameEvents: updateAcquireFence: Did not find frame.
07-17 10:12:44.570 24603 24707 E libc    : Access denied finding property "vendor.dpframework.log.enable"
07-17 10:12:44.572 24603 24707 I chatty  : uid=10247(com.smartvision.svplayer) RenderThread identical 16 lines
07-17 10:12:44.572 24603 24707 E libc    : Access denied finding property "vendor.dpframework.log.enable"
07-17 10:12:44.572 24603 24707 E libc    : Access denied finding property "vendor.dpframework.dumpbuffer.checksum"
07-17 10:12:44.572 24603 24707 E libc    : Access denied finding property "vendor.dpframework.dumpbuffer.enable"
07-17 10:12:44.578 24603 31574 E FrameEvents: updateAcquireFence: Did not find frame.
07-17 10:12:44.680 24603 31574 I chatty  : uid=10247(com.smartvision.svplayer) identical 4 lines
07-17 10:12:44.689 24603 31574 E FrameEvents: updateAcquireFence: Did not find frame.
07-17 10:12:44.706 24603 24603 W RenderThread: type=1400 audit(0.0:592003): avc: denied { open } for path="/dev/__properties__/u:object_r:vendor_default_prop:s0" dev="tmpfs" ino=355 scontext=u:r:untrusted_app:s0:c247,c256,c512,c768 tcontext=u:object_r:vendor_default_prop:s0 tclass=file permissive=0
07-17 10:12:44.706 24603 24603 I chatty  : uid=10247(com.smartvision.svplayer) identical 3 lines
07-17 10:12:44.706 24603 24603 W RenderThread: type=1400 audit(0.0:592007): avc: denied { open } for path="/dev/__properties__/u:object_r:vendor_default_prop:s0" dev="tmpfs" ino=355 scontext=u:r:untrusted_app:s0:c247,c256,c512,c768 tcontext=u:object_r:vendor_default_prop:s0 tclass=file permissive=0
07-17 10:12:44.707 24603 24707 E libc    : Access denied finding property "vendor.dpframework.log.enable"
07-17 10:12:44.708 24603 24707 I chatty  : uid=10247(com.smartvision.svplayer) RenderThread identical 16 lines
07-17 10:12:44.708 24603 24707 E libc    : Access denied finding property "vendor.dpframework.log.enable"
07-17 10:12:44.709 24603 24707 E libc    : Access denied finding property "vendor.dpframework.dumpbuffer.checksum"
07-17 10:12:44.709 24603 24707 E libc    : Access denied finding property "vendor.dpframework.dumpbuffer.enable"
07-17 10:12:44.731 24603 31574 E FrameEvents: updateAcquireFence: Did not find frame.
07-17 10:12:44.842 24603 31574 I chatty  : uid=10247(com.smartvision.svplayer) identical 5 lines
07-17 10:12:44.883 24603 31574 E FrameEvents: updateAcquireFence: Did not find frame.
07-17 10:12:44.892 24603 31573 I MediaCodecLogger: 24603.HW.video.avc Dropped 940 frames
07-17 10:12:44.893 24603 31574 E FrameEvents: updateAcquireFence: Did not find frame.
07-17 10:12:44.915 24603 24707 E libc    : Access denied finding property "vendor.dpframework.log.enable"
07-17 10:12:44.916 24603 24707 I chatty  : uid=10247(com.smartvision.svplayer) RenderThread identical 16 lines
07-17 10:12:44.917 24603 24707 E libc    : Access denied finding property "vendor.dpframework.log.enable"
07-17 10:12:44.917 24603 24707 E libc    : Access denied finding property "vendor.dpframework.dumpbuffer.checksum"
07-17 10:12:44.917 24603 24707 E libc    : Access denied finding property "vendor.dpframework.dumpbuffer.enable"
07-17 10:12:44.925 24603 31574 E FrameEvents: updateAcquireFence: Did not find frame.
07-17 10:12:44.945 24603 31574 I chatty  : uid=10247(com.smartvision.svplayer) identical 1 line
07-17 10:12:44.976 24603 31574 E FrameEvents: updateAcquireFence: Did not find frame.
07-17 10:12:44.981 24603 24616 I vision.svplaye: Background concurrent copying GC freed 187971(6MB) AllocSpace objects, 0(0B) LOS objects, 17% free, 28MB/34MB, paused 196us total 368.082ms
07-17 10:12:44.995 24603 31574 E FrameEvents: updateAcquireFence: Did not find frame.
07-17 10:12:45.025 24603 31574 I chatty  : uid=10247(com.smartvision.svplayer) identical 1 line
07-17 10:12:45.046 24603 31574 E FrameEvents: updateAcquireFence: Did not find frame.
07-17 10:12:45.053 24603 24707 E libc    : Access denied finding property "vendor.dpframework.log.enable"
07-17 10:12:45.055 24603 24707 I chatty  : uid=10247(com.smartvision.svplayer) RenderThread identical 16 lines
07-17 10:12:45.056 24603 24707 E libc    : Access denied finding property "vendor.dpframework.log.enable"
07-17 10:12:45.056 24603 24707 E libc    : Access denied finding property "vendor.dpframework.dumpbuffer.checksum"
07-17 10:12:45.056 24603 24707 E libc    : Access denied finding property "vendor.dpframework.dumpbuffer.enable"
07-17 10:12:45.076 24603 31574 E FrameEvents: updateAcquireFence: Did not find frame.
07-17 10:12:45.095 24603 31574 E FrameEvents: updateAcquireFence: Did not find frame.
07-17 10:12:45.227 24603 31574 I chatty  : uid=10247(com.smartvision.svplayer) identical 5 lines
07-17 10:12:45.246 24603 31574 E FrameEvents: updateAcquireFence: Did not find frame.
07-17 10:12:45.261 24603 24707 E libc    : Access denied finding property "vendor.dpframework.log.enable"
07-17 10:12:45.262 24603 24707 I chatty  : uid=10247(com.smartvision.svplayer) RenderThread identical 16 lines
07-17 10:12:45.263 24603 24707 E libc    : Access denied finding property "vendor.dpframework.log.enable"
07-17 10:12:45.263 24603 24707 E libc    : Access denied finding property "vendor.dpframework.dumpbuffer.checksum"
07-17 10:12:45.263 24603 24707 E libc    : Access denied finding property "vendor.dpframework.dumpbuffer.enable"
07-17 10:12:45.278 24603 31574 E FrameEvents: updateAcquireFence: Did not find frame.
07-17 10:12:45.298 24603 31574 E FrameEvents: updateAcquireFence: Did not find frame.
07-17 10:12:45.328 24603 31574 E FrameEvents: updateAcquireFence: Did not find frame.
07-17 10:12:45.348 24603 31574 I chatty  : uid=10247(com.smartvision.svplayer) identical 1 line
07-17 10:12:45.379 24603 31574 E FrameEvents: updateAcquireFence: Did not find frame.
07-17 10:12:45.399 24603 24707 E libc    : Access denied finding property "vendor.dpframework.log.enable"
07-17 10:12:45.399 24603 24707 I chatty  : uid=10247(com.smartvision.svplayer) RenderThread identical 1 line
07-17 10:12:45.399 24603 24707 E libc    : Access denied finding property "vendor.dpframework.log.enable"
07-17 10:12:45.399 24603 31574 E FrameEvents: updateAcquireFence: Did not find frame.
07-17 10:12:45.399 24603 24707 E libc    : Access denied finding property "vendor.dpframework.log.enable"
07-17 10:12:45.400 24603 24707 I chatty  : uid=10247(com.smartvision.svplayer) RenderThread identical 13 lines
07-17 10:12:45.400 24603 24707 E libc    : Access denied finding property "vendor.dpframework.log.enable"
07-17 10:12:45.400 24603 24707 E libc    : Access denied finding property "vendor.dpframework.dumpbuffer.checksum"
07-17 10:12:45.401 24603 24707 E libc    : Access denied finding property "vendor.dpframework.dumpbuffer.enable"
07-17 10:12:45.403 24603 24707 E libc    : Access denied finding property "vendor.dpframework.log.enable"
07-17 10:12:45.406 24603 24707 I chatty  : uid=10247(com.smartvision.svplayer) RenderThread identical 16 lines
07-17 10:12:45.406 24603 24707 E libc    : Access denied finding property "vendor.dpframework.log.enable"
07-17 10:12:45.406 24603 24707 E libc    : Access denied finding property "vendor.dpframework.dumpbuffer.checksum"
07-17 10:12:45.406 24603 24707 E libc    : Access denied finding property "vendor.dpframework.dumpbuffer.enable"
07-17 10:12:45.430 24603 31574 E FrameEvents: updateAcquireFence: Did not find frame.
07-17 10:12:45.450 24603 31574 E FrameEvents: updateAcquireFence: Did not find frame.
07-17 10:12:45.482 24603 31574 E FrameEvents: updateAcquireFence: Did not find frame.
07-17 10:12:45.492 24603 31574 I chatty  : uid=10247(com.smartvision.svplayer) identical 1 line
07-17 10:12:45.532 24603 31574 E FrameEvents: updateAcquireFence: Did not find frame.
07-17 10:12:45.536 24603 24707 E libc    : Access denied finding property "vendor.dpframework.log.enable"
07-17 10:12:45.537 24603 24707 I chatty  : uid=10247(com.smartvision.svplayer) RenderThread identical 16 lines
07-17 10:12:45.537 24603 24707 E libc    : Access denied finding property "vendor.dpframework.log.enable"
07-17 10:12:45.537 24603 24707 E libc    : Access denied finding property "vendor.dpframework.dumpbuffer.checksum"
07-17 10:12:45.538 24603 24707 E libc    : Access denied finding property "vendor.dpframework.dumpbuffer.enable"
07-17 10:12:45.543 24603 31574 E FrameEvents: updateAcquireFence: Did not find frame.
07-17 10:12:45.547 24603 24603 I SVHomeFocus: scroll start target=categories from=288 to=0 max=587
07-17 10:12:45.583 24603 31574 E FrameEvents: updateAcquireFence: Did not find frame.
07-17 10:12:45.593 24603 31574 E FrameEvents: updateAcquireFence: Did not find frame.
07-17 10:12:45.604 24603 24707 E libc    : Access denied finding property "vendor.dpframework.log.enable"
07-17 10:12:45.605 24603 24707 I chatty  : uid=10247(com.smartvision.svplayer) RenderThread identical 16 lines
07-17 10:12:45.606 24603 24707 E libc    : Access denied finding property "vendor.dpframework.log.enable"
07-17 10:12:45.606 24603 24707 E libc    : Access denied finding property "vendor.dpframework.dumpbuffer.checksum"
07-17 10:12:45.606 24603 24707 E libc    : Access denied finding property "vendor.dpframework.dumpbuffer.enable"
07-17 10:12:45.625 24603 31574 E FrameEvents: updateAcquireFence: Did not find frame.
07-17 10:12:45.646 24603 31574 E FrameEvents: updateAcquireFence: Did not find frame.
07-17 10:12:45.673 24603 24707 E libc    : Access denied finding property "vendor.dpframework.log.enable"
07-17 10:12:45.674 24603 24707 I chatty  : uid=10247(com.smartvision.svplayer) RenderThread identical 16 lines
07-17 10:12:45.675 24603 24707 E libc    : Access denied finding property "vendor.dpframework.log.enable"
07-17 10:12:45.675 24603 24707 E libc    : Access denied finding property "vendor.dpframework.dumpbuffer.checksum"
07-17 10:12:45.675 24603 24707 E libc    : Access denied finding property "vendor.dpframework.dumpbuffer.enable"
07-17 10:12:45.676 24603 31574 E FrameEvents: updateAcquireFence: Did not find frame.
07-17 10:12:45.677 24603 24707 E libc    : Access denied finding property "vendor.dpframework.log.enable"
07-17 10:12:45.679 24603 24707 I chatty  : uid=10247(com.smartvision.svplayer) RenderThread identical 16 lines
07-17 10:12:45.679 24603 24707 E libc    : Access denied finding property "vendor.dpframework.log.enable"
07-17 10:12:45.679 24603 24707 E libc    : Access denied finding property "vendor.dpframework.dumpbuffer.checksum"
07-17 10:12:45.679 24603 24707 E libc    : Access denied finding property "vendor.dpframework.dumpbuffer.enable"
07-17 10:12:45.696 24603 31574 E FrameEvents: updateAcquireFence: Did not find frame.
07-17 10:12:45.778 24603 31574 I chatty  : uid=10247(com.smartvision.svplayer) identical 3 lines
07-17 10:12:45.798 24603 31574 E FrameEvents: updateAcquireFence: Did not find frame.
07-17 10:12:45.806 24603 24603 W RenderThread: type=1400 audit(0.0:592203): avc: denied { open } for path="/dev/__properties__/u:object_r:vendor_default_prop:s0" dev="tmpfs" ino=355 scontext=u:r:untrusted_app:s0:c247,c256,c512,c768 tcontext=u:object_r:vendor_default_prop:s0 tclass=file permissive=0
07-17 10:12:45.808 24603 24707 E libc    : Access denied finding property "vendor.dpframework.log.enable"
07-17 10:12:45.808 24603 24707 I chatty  : uid=10247(com.smartvision.svplayer) RenderThread identical 1 line
07-17 10:12:45.808 24603 24707 E libc    : Access denied finding property "vendor.dpframework.log.enable"
07-17 10:12:45.806 24603 24603 W RenderThread: type=1400 audit(0.0:592204): avc: denied { open } for path="/dev/__properties__/u:object_r:vendor_default_prop:s0" dev="tmpfs" ino=355 scontext=u:r:untrusted_app:s0:c247,c256,c512,c768 tcontext=u:object_r:vendor_default_prop:s0 tclass=file permissive=0
07-17 10:12:45.809 24603 24707 E libc    : Access denied finding property "vendor.dpframework.log.enable"
07-17 10:12:45.809 24603 24707 I chatty  : uid=10247(com.smartvision.svplayer) RenderThread identical 2 lines
07-17 10:12:45.809 24603 24707 E libc    : Access denied finding property "vendor.dpframework.log.enable"
07-17 10:12:45.806 24603 24603 W RenderThread: type=1400 audit(0.0:592205): avc: denied { open } for path="/dev/__properties__/u:object_r:vendor_default_prop:s0" dev="tmpfs" ino=355 scontext=u:r:untrusted_app:s0:c247,c256,c512,c768 tcontext=u:object_r:vendor_default_prop:s0 tclass=file permissive=0
07-17 10:12:45.809 24603 24707 E libc    : Access denied finding property "vendor.dpframework.log.enable"
07-17 10:12:45.809 24603 24707 I chatty  : uid=10247(com.smartvision.svplayer) RenderThread identical 1 line
07-17 10:12:45.809 24603 24707 E libc    : Access denied finding property "vendor.dpframework.log.enable"
07-17 10:12:45.806 24603 24603 W RenderThread: type=1400 audit(0.0:592206): avc: denied { open } for path="/dev/__properties__/u:object_r:vendor_default_prop:s0" dev="tmpfs" ino=355 scontext=u:r:untrusted_app:s0:c247,c256,c512,c768 tcontext=u:object_r:vendor_default_prop:s0 tclass=file permissive=0
07-17 10:12:45.806 24603 24603 W RenderThread: type=1400 audit(0.0:592207): avc: denied { open } for path="/dev/__properties__/u:object_r:vendor_default_prop:s0" dev="tmpfs" ino=355 scontext=u:r:untrusted_app:s0:c247,c256,c512,c768 tcontext=u:object_r:vendor_default_prop:s0 tclass=file permissive=0
07-17 10:12:45.809 24603 24707 E libc    : Access denied finding property "vendor.dpframework.log.enable"
07-17 10:12:45.809 24603 24707 I chatty  : uid=10247(com.smartvision.svplayer) RenderThread identical 6 lines
07-17 10:12:45.810 24603 24707 E libc    : Access denied finding property "vendor.dpframework.log.enable"
07-17 10:12:45.810 24603 24707 E libc    : Access denied finding property "vendor.dpframework.dumpbuffer.checksum"
07-17 10:12:45.810 24603 24707 E libc    : Access denied finding property "vendor.dpframework.dumpbuffer.enable"
07-17 10:12:45.829 24603 31574 E FrameEvents: updateAcquireFence: Did not find frame.
07-17 10:12:45.849 24603 31574 E FrameEvents: updateAcquireFence: Did not find frame.
07-17 10:12:45.862 24603 24707 E libc    : Access denied finding property "vendor.dpframework.log.enable"
07-17 10:12:45.863 24603 24707 I chatty  : uid=10247(com.smartvision.svplayer) RenderThread identical 16 lines
07-17 10:12:45.864 24603 24707 E libc    : Access denied finding property "vendor.dpframework.log.enable"
07-17 10:12:45.864 24603 24707 E libc    : Access denied finding property "vendor.dpframework.dumpbuffer.checksum"
07-17 10:12:45.864 24603 24707 E libc    : Access denied finding property "vendor.dpframework.dumpbuffer.enable"
07-17 10:12:45.880 24603 31574 E FrameEvents: updateAcquireFence: Did not find frame.
07-17 10:12:45.900 24603 31573 I MediaCodecLogger: 24603.HW.video.avc Dropped 950 frames
