--------- beginning of system
07-17 17:22:23.862 12996 12996 W ViewRootImpl[MainActivity]: Cancelling event due to no window focus: KeyEvent { action=ACTION_UP, keyCode=KEYCODE_DPAD_CENTER, scanCode=96, metaState=0, flags=0x28, repeatCount=0, eventTime=18895350, downTime=18895210, deviceId=5, source=0x301 }
07-17 17:22:23.863 12996 12996 I chatty  : uid=10247(com.smartvision.svplayer) identical 7 lines
07-17 17:22:23.863 12996 12996 W ViewRootImpl[MainActivity]: Cancelling event due to no window focus: KeyEvent { action=ACTION_UP, keyCode=KEYCODE_DPAD_CENTER, scanCode=96, metaState=0, flags=0x28, repeatCount=0, eventTime=18895350, downTime=18895210, deviceId=5, source=0x301 }
--------- beginning of main
07-17 17:25:44.637 12996 13007 I chatty  : uid=10247(com.smartvision.svplayer) HeapTaskDaemon expire 10 lines
07-17 17:25:48.526 12996 12996 I chatty  : uid=10247(com.smartvision.svplayer) expire 2 lines
07-17 17:26:03.093 12996 13007 I chatty  : uid=10247(com.smartvision.svplayer) HeapTaskDaemon expire 10 lines
07-17 17:26:21.424 12996 13007 I chatty  : uid=10247(com.smartvision.svplayer) HeapTaskDaemon expire 10 lines
07-17 17:26:39.580 12996 13007 I chatty  : uid=10247(com.smartvision.svplayer) HeapTaskDaemon expire 12 lines
07-17 17:26:41.196 12996 12996 I chatty  : uid=10247(com.smartvision.svplayer) expire 9 lines
07-17 17:27:01.145 12996 13007 I chatty  : uid=10247(com.smartvision.svplayer) HeapTaskDaemon expire 11 lines
07-17 17:27:20.917 12996 13007 I chatty  : uid=10247(com.smartvision.svplayer) HeapTaskDaemon expire 11 lines
07-17 17:27:35.213 12996 13020 I chatty  : uid=10247(com.smartvision.svplayer) Profile Saver expire 2 lines
07-17 17:27:40.587 12996 13007 I chatty  : uid=10247(com.smartvision.svplayer) HeapTaskDaemon expire 11 lines
07-17 17:28:00.398 12996 13007 I chatty  : uid=10247(com.smartvision.svplayer) HeapTaskDaemon expire 11 lines
07-17 17:28:20.145 12996 13007 I chatty  : uid=10247(com.smartvision.svplayer) HeapTaskDaemon expire 11 lines
07-17 17:28:39.785 12996 13007 I chatty  : uid=10247(com.smartvision.svplayer) HeapTaskDaemon expire 10 lines
07-17 17:28:57.727 12996 13007 I chatty  : uid=10247(com.smartvision.svplayer) HeapTaskDaemon expire 10 lines
07-17 17:29:15.680 12996 13007 I chatty  : uid=10247(com.smartvision.svplayer) HeapTaskDaemon expire 10 lines
07-17 17:29:33.626 12996 13007 I chatty  : uid=10247(com.smartvision.svplayer) HeapTaskDaemon expire 10 lines
07-17 17:29:51.503 12996 13007 I chatty  : uid=10247(com.smartvision.svplayer) HeapTaskDaemon expire 10 lines
07-17 17:30:09.450 12996 13007 I chatty  : uid=10247(com.smartvision.svplayer) HeapTaskDaemon expire 4 lines
07-17 17:30:16.640 12996 13007 I vision.svplaye: Background concurrent copying GC freed 209348(6MB) AllocSpace objects, 0(0B) LOS objects, 18% free, 25MB/31MB, paused 280us total 300.689ms
07-17 17:30:18.440 12996 13007 I vision.svplaye: Background concurrent copying GC freed 211918(6MB) AllocSpace objects, 0(0B) LOS objects, 18% free, 25MB/31MB, paused 176us total 289.816ms
07-17 17:30:20.214 12996 13007 I vision.svplaye: Background concurrent copying GC freed 209619(6MB) AllocSpace objects, 0(0B) LOS objects, 18% free, 25MB/31MB, paused 183us total 288.406ms
07-17 17:30:20.412 12996 13238 I SVEpgMemory: stage=epg_sync_start usedMb=26 freeMb=4 totalMb=31 maxMb=128
07-17 17:30:21.568 12996 13007 I vision.svplaye: Background concurrent copying GC freed 189809(6MB) AllocSpace objects, 1(20KB) LOS objects, 18% free, 26MB/32MB, paused 261us total 345.992ms
07-17 17:30:22.391 12996 13007 I vision.svplaye: Background concurrent copying GC freed 233375(7MB) AllocSpace objects, 0(0B) LOS objects, 17% free, 28MB/34MB, paused 236us total 335.078ms
07-17 17:30:23.076 12996 13007 I vision.svplaye: Background concurrent copying GC freed 315147(9MB) AllocSpace objects, 0(0B) LOS objects, 16% free, 29MB/35MB, paused 237us total 338.045ms
07-17 17:30:23.751 12996 13007 I vision.svplaye: Background concurrent copying GC freed 315719(9MB) AllocSpace objects, 0(0B) LOS objects, 16% free, 30MB/36MB, paused 227us total 353.889ms
07-17 17:30:24.417 12996 13007 I vision.svplaye: Background concurrent copying GC freed 352266(10MB) AllocSpace objects, 0(0B) LOS objects, 16% free, 30MB/36MB, paused 557us total 338.463ms
07-17 17:30:25.086 12996 13007 I vision.svplaye: Background concurrent copying GC freed 336736(9MB) AllocSpace objects, 0(0B) LOS objects, 16% free, 30MB/36MB, paused 225us total 344.197ms
07-17 17:30:25.752 12996 13007 I vision.svplaye: Background concurrent copying GC freed 331955(10MB) AllocSpace objects, 0(0B) LOS objects, 16% free, 30MB/36MB, paused 173us total 339.454ms
07-17 17:30:26.433 12996 13007 I vision.svplaye: Background concurrent copying GC freed 336662(9MB) AllocSpace objects, 0(0B) LOS objects, 16% free, 30MB/36MB, paused 237us total 340.236ms
07-17 17:30:27.108 12996 13007 I vision.svplaye: Background concurrent copying GC freed 353742(10MB) AllocSpace objects, 0(0B) LOS objects, 16% free, 30MB/36MB, paused 207us total 331.245ms
07-17 17:30:27.779 12996 13007 I vision.svplaye: Background concurrent copying GC freed 336083(9MB) AllocSpace objects, 0(0B) LOS objects, 16% free, 30MB/36MB, paused 174us total 333.875ms
07-17 17:30:28.443 12996 13007 I vision.svplaye: Background concurrent copying GC freed 346936(9MB) AllocSpace objects, 0(0B) LOS objects, 16% free, 30MB/36MB, paused 230us total 332.112ms
07-17 17:30:29.106 12996 13007 I vision.svplaye: Background concurrent copying GC freed 346439(9MB) AllocSpace objects, 0(0B) LOS objects, 16% free, 30MB/36MB, paused 207us total 328.090ms
07-17 17:30:29.801 12996 13007 I vision.svplaye: Background concurrent copying GC freed 341959(9MB) AllocSpace objects, 0(0B) LOS objects, 16% free, 30MB/36MB, paused 185us total 360.339ms
07-17 17:30:30.464 12996 13007 I vision.svplaye: Background concurrent copying GC freed 355296(10MB) AllocSpace objects, 0(0B) LOS objects, 16% free, 30MB/36MB, paused 228us total 347.073ms
07-17 17:30:31.240 12996 13007 I vision.svplaye: Background concurrent copying GC freed 344070(9MB) AllocSpace objects, 0(0B) LOS objects, 16% free, 30MB/36MB, paused 307us total 374.210ms
07-17 17:30:32.040 12996 13007 I vision.svplaye: Background concurrent copying GC freed 335633(9MB) AllocSpace objects, 0(0B) LOS objects, 16% free, 30MB/36MB, paused 305us total 373.709ms
07-17 17:30:32.987 12996 13007 I vision.svplaye: Background concurrent copying GC freed 332716(9MB) AllocSpace objects, 0(0B) LOS objects, 15% free, 31MB/37MB, paused 231us total 488.834ms
07-17 17:30:33.669 12996 13007 I vision.svplaye: Background concurrent copying GC freed 376801(11MB) AllocSpace objects, 0(0B) LOS objects, 16% free, 30MB/36MB, paused 154us total 347.091ms
07-17 17:30:34.330 12996 13007 I vision.svplaye: Background concurrent copying GC freed 340638(10MB) AllocSpace objects, 0(0B) LOS objects, 16% free, 30MB/36MB, paused 182us total 339.456ms
07-17 17:30:35.019 12996 13007 I vision.svplaye: Background concurrent copying GC freed 340125(9MB) AllocSpace objects, 0(0B) LOS objects, 16% free, 31MB/37MB, paused 238us total 354.007ms
07-17 17:30:35.711 12996 13007 I vision.svplaye: Background concurrent copying GC freed 338758(9MB) AllocSpace objects, 0(0B) LOS objects, 15% free, 31MB/37MB, paused 538us total 351.056ms
07-17 17:30:36.393 12996 13007 I vision.svplaye: Background concurrent copying GC freed 354661(10MB) AllocSpace objects, 0(0B) LOS objects, 16% free, 31MB/37MB, paused 237us total 349.553ms
07-17 17:30:37.058 12996 13007 I vision.svplaye: Background concurrent copying GC freed 335929(9MB) AllocSpace objects, 0(0B) LOS objects, 16% free, 31MB/37MB, paused 220us total 331.062ms
07-17 17:30:37.735 12996 13007 I vision.svplaye: Background concurrent copying GC freed 332982(9MB) AllocSpace objects, 0(0B) LOS objects, 16% free, 31MB/37MB, paused 202us total 345.492ms
07-17 17:30:38.424 12996 13007 I vision.svplaye: Background concurrent copying GC freed 341213(9MB) AllocSpace objects, 0(0B) LOS objects, 16% free, 31MB/37MB, paused 216us total 344.115ms
07-17 17:30:39.092 12996 13007 I vision.svplaye: Background concurrent copying GC freed 334480(9MB) AllocSpace objects, 0(0B) LOS objects, 15% free, 31MB/37MB, paused 350us total 345.377ms
07-17 17:30:39.754 12996 13007 I vision.svplaye: Background concurrent copying GC freed 325851(9MB) AllocSpace objects, 0(0B) LOS objects, 15% free, 31MB/37MB, paused 226us total 349.853ms
07-17 17:30:40.425 12996 13007 I vision.svplaye: Background concurrent copying GC freed 348376(10MB) AllocSpace objects, 0(0B) LOS objects, 15% free, 31MB/37MB, paused 215us total 352.750ms
07-17 17:30:41.080 12996 13007 I vision.svplaye: Background concurrent copying GC freed 327570(9MB) AllocSpace objects, 0(0B) LOS objects, 15% free, 31MB/37MB, paused 237us total 329.128ms
07-17 17:30:41.741 12996 13007 I vision.svplaye: Background concurrent copying GC freed 335271(9MB) AllocSpace objects, 0(0B) LOS objects, 15% free, 31MB/37MB, paused 238us total 339.970ms
07-17 17:30:42.412 12996 13007 I vision.svplaye: Background concurrent copying GC freed 327517(9MB) AllocSpace objects, 0(0B) LOS objects, 15% free, 32MB/38MB, paused 169us total 339.919ms
07-17 17:30:43.084 12996 13007 I vision.svplaye: Background concurrent copying GC freed 342528(9MB) AllocSpace objects, 1(20KB) LOS objects, 15% free, 32MB/38MB, paused 184us total 346.230ms
07-17 17:30:43.759 12996 13007 I vision.svplaye: Background concurrent copying GC freed 350225(10MB) AllocSpace objects, 0(0B) LOS objects, 15% free, 32MB/38MB, paused 241us total 345.314ms
07-17 17:30:44.449 12996 13007 I vision.svplaye: Background concurrent copying GC freed 338142(9MB) AllocSpace objects, 0(0B) LOS objects, 15% free, 32MB/38MB, paused 229us total 354.769ms
07-17 17:30:45.119 12996 13007 I vision.svplaye: Background concurrent copying GC freed 353106(10MB) AllocSpace objects, 0(0B) LOS objects, 15% free, 32MB/38MB, paused 402us total 342.567ms
07-17 17:30:45.821 12996 13007 I vision.svplaye: Background concurrent copying GC freed 350060(10MB) AllocSpace objects, 0(0B) LOS objects, 15% free, 32MB/38MB, paused 230us total 367.790ms
07-17 17:30:46.493 12996 13007 I vision.svplaye: Background concurrent copying GC freed 360618(10MB) AllocSpace objects, 0(0B) LOS objects, 15% free, 32MB/38MB, paused 207us total 334.984ms
07-17 17:30:47.166 12996 13007 I vision.svplaye: Background concurrent copying GC freed 343529(9MB) AllocSpace objects, 0(0B) LOS objects, 15% free, 32MB/38MB, paused 203us total 343.821ms
07-17 17:30:47.850 12996 13007 I vision.svplaye: Background concurrent copying GC freed 348943(9MB) AllocSpace objects, 0(0B) LOS objects, 15% free, 32MB/38MB, paused 221us total 341.685ms
07-17 17:30:48.514 12996 13007 I vision.svplaye: Background concurrent copying GC freed 346315(9MB) AllocSpace objects, 0(0B) LOS objects, 15% free, 32MB/38MB, paused 220us total 343.660ms
07-17 17:30:49.213 12996 13007 I vision.svplaye: Background concurrent copying GC freed 346293(9MB) AllocSpace objects, 0(0B) LOS objects, 15% free, 32MB/38MB, paused 236us total 357.556ms
07-17 17:30:49.913 12996 13007 I vision.svplaye: Background concurrent copying GC freed 349784(9MB) AllocSpace objects, 0(0B) LOS objects, 15% free, 32MB/38MB, paused 194us total 341.061ms
07-17 17:30:50.624 12996 13007 I vision.svplaye: Background concurrent copying GC freed 346923(9MB) AllocSpace objects, 0(0B) LOS objects, 15% free, 32MB/38MB, paused 244us total 359.002ms
07-17 17:30:51.327 12996 13007 I vision.svplaye: Background concurrent copying GC freed 348365(9MB) AllocSpace objects, 0(0B) LOS objects, 15% free, 32MB/38MB, paused 232us total 353.227ms
07-17 17:30:52.023 12996 13007 I vision.svplaye: Background concurrent copying GC freed 350150(9MB) AllocSpace objects, 0(0B) LOS objects, 15% free, 32MB/38MB, paused 183us total 352.890ms
07-17 17:30:52.712 12996 13007 I vision.svplaye: Background concurrent copying GC freed 350791(9MB) AllocSpace objects, 0(0B) LOS objects, 15% free, 32MB/38MB, paused 229us total 348.294ms
07-17 17:30:53.406 12996 13007 I vision.svplaye: Background concurrent copying GC freed 340267(9MB) AllocSpace objects, 0(0B) LOS objects, 15% free, 33MB/39MB, paused 248us total 351.387ms
07-17 17:30:54.095 12996 13007 I vision.svplaye: Background concurrent copying GC freed 353991(10MB) AllocSpace objects, 0(0B) LOS objects, 15% free, 33MB/39MB, paused 168us total 358.014ms
07-17 17:30:54.770 12996 13007 I vision.svplaye: Background concurrent copying GC freed 352913(10MB) AllocSpace objects, 0(0B) LOS objects, 15% free, 32MB/38MB, paused 190us total 344.935ms
07-17 17:30:55.500 12996 13007 I vision.svplaye: Background concurrent copying GC freed 326445(9MB) AllocSpace objects, 0(0B) LOS objects, 14% free, 34MB/40MB, paused 224us total 383.590ms
07-17 17:30:56.175 12996 13007 I vision.svplaye: Background concurrent copying GC freed 366971(10MB) AllocSpace objects, 0(0B) LOS objects, 15% free, 33MB/39MB, paused 229us total 355.305ms
07-17 17:30:56.831 12996 13007 I vision.svplaye: Background concurrent copying GC freed 331009(9MB) AllocSpace objects, 0(0B) LOS objects, 15% free, 33MB/39MB, paused 236us total 344.871ms
07-17 17:30:57.548 12996 13007 I vision.svplaye: Background concurrent copying GC freed 343729(9MB) AllocSpace objects, 0(0B) LOS objects, 14% free, 34MB/40MB, paused 191us total 382.943ms
07-17 17:30:58.243 12996 13007 I vision.svplaye: Background concurrent copying GC freed 348264(10MB) AllocSpace objects, 0(0B) LOS objects, 14% free, 34MB/40MB, paused 250us total 352.760ms
07-17 17:30:58.928 12996 13007 I vision.svplaye: Background concurrent copying GC freed 362954(10MB) AllocSpace objects, 0(0B) LOS objects, 15% free, 33MB/39MB, paused 196us total 354.622ms
07-17 17:30:59.624 12996 13007 I vision.svplaye: Background concurrent copying GC freed 333880(9MB) AllocSpace objects, 0(0B) LOS objects, 14% free, 34MB/40MB, paused 153us total 369.041ms
07-17 17:31:00.336 12996 13007 I vision.svplaye: Background concurrent copying GC freed 358448(10MB) AllocSpace objects, 0(0B) LOS objects, 14% free, 34MB/40MB, paused 197us total 379.484ms
07-17 17:31:00.980 12996 13020 I vision.svplaye: Waiting for a blocking GC ProfileSaver
07-17 17:31:01.048 12996 13007 I vision.svplaye: Background concurrent copying GC freed 344854(9MB) AllocSpace objects, 0(0B) LOS objects, 14% free, 34MB/40MB, paused 206us total 361.715ms
07-17 17:31:01.049 12996 13020 I vision.svplaye: WaitForGcToComplete blocked ProfileSaver on HeapTrim for 68.658ms
07-17 17:31:01.773 12996 13007 I vision.svplaye: Background concurrent copying GC freed 352619(10MB) AllocSpace objects, 0(0B) LOS objects, 14% free, 34MB/40MB, paused 215us total 368.765ms
07-17 17:31:02.484 12996 13007 I vision.svplaye: Background concurrent copying GC freed 352017(10MB) AllocSpace objects, 0(0B) LOS objects, 14% free, 35MB/41MB, paused 197us total 375.098ms
07-17 17:31:03.206 12996 13007 I vision.svplaye: Background concurrent copying GC freed 363085(10MB) AllocSpace objects, 0(0B) LOS objects, 14% free, 35MB/41MB, paused 249us total 385.509ms
07-17 17:31:03.895 12996 13007 I vision.svplaye: Background concurrent copying GC freed 343526(10MB) AllocSpace objects, 0(0B) LOS objects, 14% free, 35MB/41MB, paused 236us total 372.732ms
07-17 17:31:04.606 12996 13007 I vision.svplaye: Background concurrent copying GC freed 355457(10MB) AllocSpace objects, 0(0B) LOS objects, 14% free, 35MB/41MB, paused 221us total 385.200ms
07-17 17:31:05.298 12996 13007 I vision.svplaye: Background concurrent copying GC freed 340946(10MB) AllocSpace objects, 0(0B) LOS objects, 14% free, 35MB/41MB, paused 268us total 371.470ms
07-17 17:31:06.017 12996 13007 I vision.svplaye: Background concurrent copying GC freed 361553(10MB) AllocSpace objects, 0(0B) LOS objects, 14% free, 35MB/41MB, paused 152us total 381.488ms
07-17 17:31:06.720 12996 13007 I vision.svplaye: Background concurrent copying GC freed 347714(9MB) AllocSpace objects, 0(0B) LOS objects, 14% free, 35MB/41MB, paused 216us total 373.883ms
07-17 17:31:07.404 12996 13007 I vision.svplaye: Background concurrent copying GC freed 363830(10MB) AllocSpace objects, 0(0B) LOS objects, 14% free, 35MB/41MB, paused 169us total 352.113ms
07-17 17:31:08.117 12996 13007 I vision.svplaye: Background concurrent copying GC freed 342752(10MB) AllocSpace objects, 0(0B) LOS objects, 14% free, 36MB/42MB, paused 218us total 376.756ms
07-17 17:31:08.847 12996 13007 I vision.svplaye: Background concurrent copying GC freed 371576(10MB) AllocSpace objects, 1(20KB) LOS objects, 14% free, 36MB/42MB, paused 178us total 398.427ms
07-17 17:31:09.580 12996 13007 I vision.svplaye: Background concurrent copying GC freed 354549(10MB) AllocSpace objects, 1(20KB) LOS objects, 14% free, 36MB/42MB, paused 194us total 389.278ms
07-17 17:31:10.294 12996 13007 I vision.svplaye: Background concurrent copying GC freed 368074(10MB) AllocSpace objects, 0(0B) LOS objects, 14% free, 36MB/42MB, paused 160us total 390.123ms
07-17 17:31:11.011 12996 13007 I vision.svplaye: Background concurrent copying GC freed 356370(10MB) AllocSpace objects, 0(0B) LOS objects, 14% free, 36MB/42MB, paused 223us total 382.056ms
07-17 17:31:11.741 12996 13007 I vision.svplaye: Background concurrent copying GC freed 365519(10MB) AllocSpace objects, 0(0B) LOS objects, 14% free, 36MB/42MB, paused 219us total 387.394ms
07-17 17:31:12.455 12996 13007 I vision.svplaye: Background concurrent copying GC freed 352989(10MB) AllocSpace objects, 0(0B) LOS objects, 13% free, 36MB/42MB, paused 196us total 383.381ms
07-17 17:31:13.177 12996 13007 I vision.svplaye: Background concurrent copying GC freed 365533(10MB) AllocSpace objects, 0(0B) LOS objects, 14% free, 36MB/42MB, paused 209us total 381.986ms
07-17 17:31:13.905 12996 13007 I vision.svplaye: Background concurrent copying GC freed 346529(10MB) AllocSpace objects, 0(0B) LOS objects, 13% free, 36MB/42MB, paused 175us total 388.144ms
07-17 17:31:14.634 12996 13007 I vision.svplaye: Background concurrent copying GC freed 365296(10MB) AllocSpace objects, 0(0B) LOS objects, 14% free, 36MB/42MB, paused 276us total 385.630ms
07-17 17:31:15.355 12996 13007 I vision.svplaye: Background concurrent copying GC freed 348463(10MB) AllocSpace objects, 0(0B) LOS objects, 13% free, 37MB/43MB, paused 247us total 385.342ms
07-17 17:31:16.068 12996 13007 I vision.svplaye: Background concurrent copying GC freed 356871(10MB) AllocSpace objects, 0(0B) LOS objects, 13% free, 37MB/43MB, paused 203us total 380.897ms
07-17 17:31:16.822 12996 13007 I vision.svplaye: Background concurrent copying GC freed 352180(10MB) AllocSpace objects, 0(0B) LOS objects, 13% free, 37MB/43MB, paused 154us total 414.455ms
07-17 17:31:17.551 12996 13007 I vision.svplaye: Background concurrent copying GC freed 369226(11MB) AllocSpace objects, 0(0B) LOS objects, 13% free, 37MB/43MB, paused 235us total 396.563ms
07-17 17:31:18.264 12996 13007 I vision.svplaye: Background concurrent copying GC freed 355697(10MB) AllocSpace objects, 0(0B) LOS objects, 13% free, 37MB/43MB, paused 195us total 378.339ms
07-17 17:31:18.996 12996 13007 I vision.svplaye: Background concurrent copying GC freed 355769(10MB) AllocSpace objects, 0(0B) LOS objects, 13% free, 37MB/43MB, paused 195us total 388.558ms
07-17 17:31:19.711 12996 13007 I vision.svplaye: Background concurrent copying GC freed 357929(10MB) AllocSpace objects, 0(0B) LOS objects, 13% free, 37MB/43MB, paused 293us total 379.022ms
07-17 17:31:20.433 12996 13007 I vision.svplaye: Background concurrent copying GC freed 357224(10MB) AllocSpace objects, 0(0B) LOS objects, 13% free, 37MB/43MB, paused 224us total 381.582ms
07-17 17:31:21.159 12996 13007 I vision.svplaye: Background concurrent copying GC freed 354565(10MB) AllocSpace objects, 0(0B) LOS objects, 13% free, 38MB/44MB, paused 652us total 392.892ms
07-17 17:31:21.877 12996 13007 I vision.svplaye: Background concurrent copying GC freed 377680(10MB) AllocSpace objects, 0(0B) LOS objects, 13% free, 37MB/43MB, paused 240us total 384.931ms
07-17 17:31:22.672 12996 13007 I vision.svplaye: Background concurrent copying GC freed 356119(10MB) AllocSpace objects, 0(0B) LOS objects, 13% free, 38MB/44MB, paused 270us total 438.026ms
07-17 17:31:23.392 12996 13007 I vision.svplaye: Background concurrent copying GC freed 387151(11MB) AllocSpace objects, 0(0B) LOS objects, 13% free, 37MB/43MB, paused 245us total 373.938ms
07-17 17:31:24.119 12996 13007 I vision.svplaye: Background concurrent copying GC freed 345997(9MB) AllocSpace objects, 0(0B) LOS objects, 13% free, 37MB/43MB, paused 217us total 373.343ms
07-17 17:31:24.850 12996 13007 I vision.svplaye: Background concurrent copying GC freed 359228(10MB) AllocSpace objects, 0(0B) LOS objects, 13% free, 37MB/43MB, paused 237us total 382.992ms
07-17 17:31:25.584 12996 13007 I vision.svplaye: Background concurrent copying GC freed 359034(10MB) AllocSpace objects, 0(0B) LOS objects, 13% free, 38MB/44MB, paused 242us total 386.751ms
07-17 17:31:26.325 12996 13007 I vision.svplaye: Background concurrent copying GC freed 356851(10MB) AllocSpace objects, 0(0B) LOS objects, 13% free, 38MB/44MB, paused 239us total 394.714ms
07-17 17:31:27.052 12996 13007 I vision.svplaye: Background concurrent copying GC freed 369408(10MB) AllocSpace objects, 0(0B) LOS objects, 13% free, 38MB/44MB, paused 215us total 387.232ms
07-17 17:31:27.788 12996 13007 I vision.svplaye: Background concurrent copying GC freed 379319(10MB) AllocSpace objects, 0(0B) LOS objects, 13% free, 38MB/44MB, paused 245us total 400.942ms
07-17 17:31:28.537 12996 13007 I vision.svplaye: Background concurrent copying GC freed 374831(10MB) AllocSpace objects, 0(0B) LOS objects, 13% free, 38MB/44MB, paused 228us total 414.251ms
07-17 17:31:29.271 12996 13007 I vision.svplaye: Background concurrent copying GC freed 368453(10MB) AllocSpace objects, 0(0B) LOS objects, 13% free, 38MB/44MB, paused 254us total 380.110ms
07-17 17:31:30.052 12996 13007 I vision.svplaye: Background concurrent copying GC freed 360309(10MB) AllocSpace objects, 0(0B) LOS objects, 13% free, 39MB/45MB, paused 227us total 423.786ms
07-17 17:31:30.799 12996 13007 I vision.svplaye: Background concurrent copying GC freed 394189(11MB) AllocSpace objects, 0(0B) LOS objects, 13% free, 38MB/44MB, paused 214us total 396.747ms
07-17 17:31:31.532 12996 13007 I vision.svplaye: Background concurrent copying GC freed 359863(10MB) AllocSpace objects, 0(0B) LOS objects, 13% free, 39MB/45MB, paused 449us total 406.742ms
07-17 17:31:32.244 12996 13007 I vision.svplaye: Background concurrent copying GC freed 372574(11MB) AllocSpace objects, 0(0B) LOS objects, 13% free, 39MB/45MB, paused 191us total 394.460ms
07-17 17:31:32.992 12996 13007 I vision.svplaye: Background concurrent copying GC freed 366262(10MB) AllocSpace objects, 0(0B) LOS objects, 13% free, 38MB/44MB, paused 246us total 384.638ms
07-17 17:31:33.719 12996 13007 I vision.svplaye: Background concurrent copying GC freed 364256(10MB) AllocSpace objects, 0(0B) LOS objects, 13% free, 38MB/44MB, paused 212us total 396.287ms
07-17 17:31:34.453 12996 13007 I vision.svplaye: Background concurrent copying GC freed 356891(10MB) AllocSpace objects, 0(0B) LOS objects, 13% free, 39MB/45MB, paused 238us total 391.984ms
07-17 17:31:35.197 12996 13007 I vision.svplaye: Background concurrent copying GC freed 366386(10MB) AllocSpace objects, 0(0B) LOS objects, 13% free, 39MB/45MB, paused 166us total 395.996ms
07-17 17:31:35.942 12996 13007 I vision.svplaye: Background concurrent copying GC freed 369682(10MB) AllocSpace objects, 0(0B) LOS objects, 13% free, 39MB/45MB, paused 548us total 403.464ms
07-17 17:31:36.686 12996 13007 I vision.svplaye: Background concurrent copying GC freed 381752(10MB) AllocSpace objects, 0(0B) LOS objects, 13% free, 39MB/45MB, paused 191us total 406.678ms
07-17 17:31:37.441 12996 13007 I vision.svplaye: Background concurrent copying GC freed 365083(10MB) AllocSpace objects, 0(0B) LOS objects, 13% free, 39MB/45MB, paused 239us total 418.229ms
07-17 17:31:38.166 12996 13007 I vision.svplaye: Background concurrent copying GC freed 388328(10MB) AllocSpace objects, 0(0B) LOS objects, 13% free, 39MB/45MB, paused 167us total 387.609ms
07-17 17:31:38.890 12996 13007 I vision.svplaye: Background concurrent copying GC freed 356254(10MB) AllocSpace objects, 0(0B) LOS objects, 13% free, 39MB/45MB, paused 156us total 388.480ms
07-17 17:31:39.601 12996 13007 I vision.svplaye: Background concurrent copying GC freed 359852(10MB) AllocSpace objects, 0(0B) LOS objects, 13% free, 39MB/45MB, paused 154us total 379.973ms
07-17 17:31:40.319 12996 13007 I vision.svplaye: Background concurrent copying GC freed 355440(10MB) AllocSpace objects, 0(0B) LOS objects, 13% free, 39MB/45MB, paused 218us total 380.968ms
07-17 17:31:41.053 12996 13007 I vision.svplaye: Background concurrent copying GC freed 370573(10MB) AllocSpace objects, 0(0B) LOS objects, 13% free, 39MB/45MB, paused 218us total 400.661ms
07-17 17:31:41.803 12996 13007 I vision.svplaye: Background concurrent copying GC freed 358837(10MB) AllocSpace objects, 1(20KB) LOS objects, 13% free, 40MB/46MB, paused 207us total 420.072ms
07-17 17:31:42.531 12996 13007 I vision.svplaye: Background concurrent copying GC freed 374575(10MB) AllocSpace objects, 0(0B) LOS objects, 13% free, 39MB/45MB, paused 370us total 405.228ms
07-17 17:31:43.264 12996 13007 I vision.svplaye: Background concurrent copying GC freed 370171(10MB) AllocSpace objects, 0(0B) LOS objects, 13% free, 39MB/45MB, paused 229us total 394.749ms
07-17 17:31:44.000 12996 13007 I vision.svplaye: Background concurrent copying GC freed 379063(10MB) AllocSpace objects, 0(0B) LOS objects, 13% free, 39MB/45MB, paused 227us total 400.868ms
07-17 17:31:44.723 12996 13007 I vision.svplaye: Background concurrent copying GC freed 373916(10MB) AllocSpace objects, 0(0B) LOS objects, 13% free, 40MB/46MB, paused 158us total 393.502ms
07-17 17:31:45.555 12996 13007 I vision.svplaye: Background concurrent copying GC freed 449835(17MB) AllocSpace objects, 1(20KB) LOS objects, 13% free, 39MB/45MB, paused 229us total 372.671ms
07-17 17:31:46.048 12996 13007 I vision.svplaye: Background concurrent copying GC freed 246921(19MB) AllocSpace objects, 0(0B) LOS objects, 12% free, 42MB/48MB, paused 239us total 342.174ms
07-17 17:31:46.367 12996 13238 I SVEpgMemory: stage=epg_sync_success usedMb=54 freeMb=0 totalMb=54 maxMb=128 channels=2923 programs=23136
07-17 17:31:46.428 12996 13007 I vision.svplaye: Background concurrent copying GC freed 242482(24MB) AllocSpace objects, 0(0B) LOS objects, 16% free, 31MB/37MB, paused 168us total 299.427ms
07-17 17:31:46.459 12996 13064 I WM-WorkerWrapper: Worker result SUCCESS for Work [ id=cb7c1496-266b-47a8-81f5-b91f7dad83de, tags={ com.smartvision.svplayer.data.playlist.EpgSyncWorker } ]
07-17 17:31:48.219 12996 13007 I vision.svplaye: Background concurrent copying GC freed 262111(12MB) AllocSpace objects, 1(20KB) LOS objects, 19% free, 25MB/31MB, paused 264us total 316.074ms
07-17 17:31:50.011 12996 13007 I vision.svplaye: Background concurrent copying GC freed 215648(6MB) AllocSpace objects, 0(0B) LOS objects, 19% free, 25MB/31MB, paused 180us total 285.359ms
07-17 17:31:51.791 12996 13007 I vision.svplaye: Background concurrent copying GC freed 208998(6MB) AllocSpace objects, 0(0B) LOS objects, 19% free, 25MB/31MB, paused 191us total 286.297ms
07-17 17:31:53.574 12996 13007 I vision.svplaye: Background concurrent copying GC freed 208051(6MB) AllocSpace objects, 0(0B) LOS objects, 19% free, 25MB/31MB, paused 190us total 294.462ms
07-17 17:31:55.378 12996 13007 I vision.svplaye: Background concurrent copying GC freed 211719(6MB) AllocSpace objects, 0(0B) LOS objects, 19% free, 25MB/31MB, paused 283us total 293.647ms
07-17 17:31:57.156 12996 13007 I vision.svplaye: Background concurrent copying GC freed 211595(6MB) AllocSpace objects, 0(0B) LOS objects, 19% free, 25MB/31MB, paused 175us total 285.811ms
07-17 17:31:58.931 12996 13007 I vision.svplaye: Background concurrent copying GC freed 208735(6MB) AllocSpace objects, 0(0B) LOS objects, 19% free, 25MB/31MB, paused 166us total 285.632ms
07-17 17:32:00.729 12996 13007 I vision.svplaye: Background concurrent copying GC freed 208884(6MB) AllocSpace objects, 0(0B) LOS objects, 19% free, 25MB/31MB, paused 162us total 292.545ms
07-17 17:32:02.522 12996 13007 I vision.svplaye: Background concurrent copying GC freed 210770(6MB) AllocSpace objects, 0(0B) LOS objects, 19% free, 25MB/31MB, paused 168us total 296.011ms
07-17 17:32:04.327 12996 13007 I vision.svplaye: Background concurrent copying GC freed 210777(6MB) AllocSpace objects, 0(0B) LOS objects, 19% free, 25MB/31MB, paused 209us total 294.319ms
07-17 17:32:06.098 12996 13007 I vision.svplaye: Background concurrent copying GC freed 209728(6MB) AllocSpace objects, 0(0B) LOS objects, 19% free, 25MB/31MB, paused 161us total 286.525ms
07-17 17:32:07.878 12996 13007 I vision.svplaye: Background concurrent copying GC freed 209805(6MB) AllocSpace objects, 0(0B) LOS objects, 19% free, 25MB/31MB, paused 231us total 292.554ms
07-17 17:32:09.689 12996 13007 I vision.svplaye: Background concurrent copying GC freed 210549(6MB) AllocSpace objects, 0(0B) LOS objects, 19% free, 25MB/31MB, paused 195us total 299.830ms
07-17 17:32:11.476 12996 13007 I vision.svplaye: Background concurrent copying GC freed 211361(6MB) AllocSpace objects, 0(0B) LOS objects, 19% free, 25MB/31MB, paused 131us total 296.340ms
07-17 17:32:13.278 12996 13007 I vision.svplaye: Background concurrent copying GC freed 211046(6MB) AllocSpace objects, 0(0B) LOS objects, 19% free, 25MB/31MB, paused 186us total 295.285ms
07-17 17:32:15.072 12996 13007 I vision.svplaye: Background concurrent copying GC freed 210519(6MB) AllocSpace objects, 0(0B) LOS objects, 19% free, 25MB/31MB, paused 211us total 285.521ms
07-17 17:32:16.856 12996 13007 I vision.svplaye: Background concurrent copying GC freed 210763(6MB) AllocSpace objects, 0(0B) LOS objects, 19% free, 25MB/31MB, paused 198us total 287.166ms
07-17 17:32:18.631 12996 13007 I vision.svplaye: Background concurrent copying GC freed 208374(6MB) AllocSpace objects, 0(0B) LOS objects, 19% free, 25MB/31MB, paused 184us total 285.381ms
07-17 17:32:20.440 12996 13007 I vision.svplaye: Background concurrent copying GC freed 210046(6MB) AllocSpace objects, 0(0B) LOS objects, 19% free, 25MB/31MB, paused 168us total 294.909ms
07-17 17:32:22.224 12996 13007 I vision.svplaye: Background concurrent copying GC freed 212216(6MB) AllocSpace objects, 0(0B) LOS objects, 19% free, 25MB/31MB, paused 186us total 290.905ms
07-17 17:32:23.997 12996 13007 I vision.svplaye: Background concurrent copying GC freed 208970(6MB) AllocSpace objects, 0(0B) LOS objects, 19% free, 25MB/31MB, paused 187us total 290.437ms
07-17 17:32:25.790 12996 13007 I vision.svplaye: Background concurrent copying GC freed 210244(6MB) AllocSpace objects, 0(0B) LOS objects, 19% free, 25MB/31MB, paused 186us total 286.378ms
07-17 17:32:27.570 12996 13007 I vision.svplaye: Background concurrent copying GC freed 209596(6MB) AllocSpace objects, 0(0B) LOS objects, 19% free, 25MB/31MB, paused 167us total 286.079ms
07-17 17:32:29.354 12996 13007 I vision.svplaye: Background concurrent copying GC freed 208074(6MB) AllocSpace objects, 0(0B) LOS objects, 19% free, 25MB/31MB, paused 182us total 292.608ms
07-17 17:32:31.140 12996 13007 I vision.svplaye: Background concurrent copying GC freed 209676(6MB) AllocSpace objects, 0(0B) LOS objects, 19% free, 25MB/31MB, paused 189us total 300.439ms
07-17 17:32:32.933 12996 13007 I vision.svplaye: Background concurrent copying GC freed 211091(6MB) AllocSpace objects, 0(0B) LOS objects, 19% free, 25MB/31MB, paused 179us total 295.813ms
07-17 17:32:34.708 12996 13007 I vision.svplaye: Background concurrent copying GC freed 209970(6MB) AllocSpace objects, 0(0B) LOS objects, 19% free, 25MB/31MB, paused 217us total 285.977ms
07-17 17:32:36.471 12996 13007 I vision.svplaye: Background concurrent copying GC freed 206055(6MB) AllocSpace objects, 0(0B) LOS objects, 19% free, 25MB/31MB, paused 259us total 292.108ms
07-17 17:32:38.208 12996 13007 I vision.svplaye: Background concurrent copying GC freed 206604(6MB) AllocSpace objects, 0(0B) LOS objects, 19% free, 25MB/31MB, paused 220us total 292.921ms
07-17 17:32:40.008 12996 13007 I vision.svplaye: Background concurrent copying GC freed 209983(6MB) AllocSpace objects, 0(0B) LOS objects, 19% free, 25MB/31MB, paused 382us total 293.026ms
07-17 17:32:41.792 12996 13007 I vision.svplaye: Background concurrent copying GC freed 209284(6MB) AllocSpace objects, 0(0B) LOS objects, 19% free, 25MB/31MB, paused 207us total 293.051ms
07-17 17:32:43.592 12996 13007 I vision.svplaye: Background concurrent copying GC freed 210925(6MB) AllocSpace objects, 0(0B) LOS objects, 19% free, 25MB/31MB, paused 196us total 286.403ms
07-17 17:32:45.385 12996 13007 I vision.svplaye: Background concurrent copying GC freed 212568(6MB) AllocSpace objects, 0(0B) LOS objects, 19% free, 25MB/31MB, paused 203us total 294.036ms
07-17 17:32:47.187 12996 13007 I vision.svplaye: Background concurrent copying GC freed 210290(6MB) AllocSpace objects, 0(0B) LOS objects, 19% free, 25MB/31MB, paused 197us total 294ms
07-17 17:32:48.971 12996 13007 I vision.svplaye: Background concurrent copying GC freed 209838(6MB) AllocSpace objects, 0(0B) LOS objects, 19% free, 25MB/31MB, paused 186us total 296.008ms
07-17 17:32:50.774 12996 13007 I vision.svplaye: Background concurrent copying GC freed 210186(6MB) AllocSpace objects, 0(0B) LOS objects, 19% free, 25MB/31MB, paused 197us total 293.718ms
07-17 17:32:52.550 12996 13007 I vision.svplaye: Background concurrent copying GC freed 212757(6MB) AllocSpace objects, 0(0B) LOS objects, 19% free, 24MB/30MB, paused 163us total 284.499ms
07-17 17:32:54.328 12996 13007 I vision.svplaye: Background concurrent copying GC freed 208487(6MB) AllocSpace objects, 0(0B) LOS objects, 19% free, 25MB/31MB, paused 189us total 291.162ms
07-17 17:32:56.120 12996 13007 I vision.svplaye: Background concurrent copying GC freed 209461(6MB) AllocSpace objects, 0(0B) LOS objects, 19% free, 25MB/31MB, paused 181us total 285.563ms
07-17 17:32:57.913 12996 13007 I vision.svplaye: Background concurrent copying GC freed 209486(6MB) AllocSpace objects, 0(0B) LOS objects, 19% free, 25MB/31MB, paused 170us total 295.676ms
07-17 17:32:59.722 12996 13007 I vision.svplaye: Background concurrent copying GC freed 210687(6MB) AllocSpace objects, 0(0B) LOS objects, 19% free, 25MB/31MB, paused 175us total 301.244ms
07-17 17:33:01.500 12996 13007 I vision.svplaye: Background concurrent copying GC freed 213439(6MB) AllocSpace objects, 0(0B) LOS objects, 19% free, 25MB/31MB, paused 190us total 292.177ms
07-17 17:33:03.298 12996 13007 I vision.svplaye: Background concurrent copying GC freed 208476(6MB) AllocSpace objects, 0(0B) LOS objects, 19% free, 25MB/31MB, paused 153us total 291.428ms
07-17 17:33:05.074 12996 13007 I vision.svplaye: Background concurrent copying GC freed 210564(6MB) AllocSpace objects, 0(0B) LOS objects, 19% free, 25MB/31MB, paused 158us total 284.644ms
07-17 17:33:06.855 12996 13007 I vision.svplaye: Background concurrent copying GC freed 207001(6MB) AllocSpace objects, 0(0B) LOS objects, 19% free, 25MB/31MB, paused 193us total 291.840ms
07-17 17:33:08.656 12996 13007 I vision.svplaye: Background concurrent copying GC freed 210909(6MB) AllocSpace objects, 0(0B) LOS objects, 19% free, 25MB/31MB, paused 147us total 289.871ms
07-17 17:33:10.447 12996 13007 I vision.svplaye: Background concurrent copying GC freed 211601(6MB) AllocSpace objects, 0(0B) LOS objects, 19% free, 25MB/31MB, paused 223us total 295.803ms
07-17 17:33:12.222 12996 13007 I vision.svplaye: Background concurrent copying GC freed 209622(6MB) AllocSpace objects, 0(0B) LOS objects, 19% free, 25MB/31MB, paused 206us total 289.820ms
07-17 17:33:14.013 12996 13007 I vision.svplaye: Background concurrent copying GC freed 210620(6MB) AllocSpace objects, 0(0B) LOS objects, 19% free, 25MB/31MB, paused 170us total 285.462ms
07-17 17:33:15.363 12996 13007 I vision.svplaye: Background concurrent copying GC freed 156076(4MB) AllocSpace objects, 0(0B) LOS objects, 19% free, 25MB/31MB, paused 252us total 295.850ms
07-17 17:33:17.141 12996 13007 I vision.svplaye: Background concurrent copying GC freed 211545(6MB) AllocSpace objects, 0(0B) LOS objects, 19% free, 25MB/31MB, paused 172us total 290.655ms
07-17 17:33:18.951 12996 13007 I vision.svplaye: Background concurrent copying GC freed 208477(6MB) AllocSpace objects, 0(0B) LOS objects, 19% free, 25MB/31MB, paused 146us total 300.927ms
07-17 17:33:20.734 12996 13007 I vision.svplaye: Background concurrent copying GC freed 213131(6MB) AllocSpace objects, 0(0B) LOS objects, 19% free, 25MB/31MB, paused 163us total 293.327ms
07-17 17:33:22.541 12996 13007 I vision.svplaye: Background concurrent copying GC freed 210299(6MB) AllocSpace objects, 0(0B) LOS objects, 19% free, 25MB/31MB, paused 187us total 296.026ms
07-17 17:33:24.323 12996 13007 I vision.svplaye: Background concurrent copying GC freed 210345(6MB) AllocSpace objects, 0(0B) LOS objects, 19% free, 25MB/31MB, paused 167us total 295.828ms
07-17 17:33:26.120 12996 13007 I vision.svplaye: Background concurrent copying GC freed 210484(6MB) AllocSpace objects, 0(0B) LOS objects, 19% free, 25MB/31MB, paused 179us total 292.023ms
07-17 17:33:27.905 12996 13007 I vision.svplaye: Background concurrent copying GC freed 211270(6MB) AllocSpace objects, 0(0B) LOS objects, 19% free, 25MB/31MB, paused 190us total 290.618ms
07-17 17:33:29.705 12996 13007 I vision.svplaye: Background concurrent copying GC freed 210162(6MB) AllocSpace objects, 0(0B) LOS objects, 19% free, 25MB/31MB, paused 160us total 285.794ms
07-17 17:33:31.490 12996 13007 I vision.svplaye: Background concurrent copying GC freed 210514(6MB) AllocSpace objects, 0(0B) LOS objects, 19% free, 25MB/31MB, paused 165us total 289.380ms
07-17 17:33:33.260 12996 13007 I vision.svplaye: Background concurrent copying GC freed 210143(6MB) AllocSpace objects, 0(0B) LOS objects, 19% free, 25MB/31MB, paused 210us total 283.554ms
07-17 17:33:35.036 12996 13007 I vision.svplaye: Background concurrent copying GC freed 208735(6MB) AllocSpace objects, 0(0B) LOS objects, 19% free, 25MB/31MB, paused 191us total 288.318ms
07-17 17:33:36.803 12996 13007 I vision.svplaye: Background concurrent copying GC freed 205959(6MB) AllocSpace objects, 0(0B) LOS objects, 19% free, 25MB/31MB, paused 551us total 297.866ms
07-17 17:33:38.558 12996 13007 I vision.svplaye: Background concurrent copying GC freed 207055(6MB) AllocSpace objects, 0(0B) LOS objects, 19% free, 25MB/31MB, paused 154us total 285.576ms
07-17 17:33:40.344 12996 13007 I vision.svplaye: Background concurrent copying GC freed 209023(6MB) AllocSpace objects, 0(0B) LOS objects, 19% free, 25MB/31MB, paused 205us total 294.479ms
07-17 17:33:42.118 12996 13007 I vision.svplaye: Background concurrent copying GC freed 210214(6MB) AllocSpace objects, 0(0B) LOS objects, 19% free, 25MB/31MB, paused 155us total 284.508ms
07-17 17:33:43.936 12996 13007 I vision.svplaye: Background concurrent copying GC freed 210269(6MB) AllocSpace objects, 0(0B) LOS objects, 19% free, 25MB/31MB, paused 167us total 308.844ms
07-17 17:33:45.731 12996 13007 I vision.svplaye: Background concurrent copying GC freed 213717(6MB) AllocSpace objects, 0(0B) LOS objects, 19% free, 25MB/31MB, paused 161us total 285.061ms
07-17 17:33:47.524 12996 13007 I vision.svplaye: Background concurrent copying GC freed 208505(6MB) AllocSpace objects, 0(0B) LOS objects, 19% free, 25MB/31MB, paused 174us total 298.998ms
07-17 17:33:49.326 12996 13007 I vision.svplaye: Background concurrent copying GC freed 211662(6MB) AllocSpace objects, 0(0B) LOS objects, 19% free, 25MB/31MB, paused 182us total 297.597ms
07-17 17:33:51.106 12996 13007 I vision.svplaye: Background concurrent copying GC freed 210765(6MB) AllocSpace objects, 0(0B) LOS objects, 19% free, 25MB/31MB, paused 197us total 289.879ms
07-17 17:33:52.913 12996 13007 I vision.svplaye: Background concurrent copying GC freed 209885(6MB) AllocSpace objects, 0(0B) LOS objects, 19% free, 25MB/31MB, paused 156us total 297.669ms
07-17 17:33:54.692 12996 13007 I vision.svplaye: Background concurrent copying GC freed 212407(6MB) AllocSpace objects, 0(0B) LOS objects, 19% free, 25MB/31MB, paused 156us total 287.362ms
07-17 17:33:56.472 12996 13007 I vision.svplaye: Background concurrent copying GC freed 208899(6MB) AllocSpace objects, 0(0B) LOS objects, 19% free, 25MB/31MB, paused 176us total 293.016ms
07-17 17:33:58.264 12996 13007 I vision.svplaye: Background concurrent copying GC freed 210575(6MB) AllocSpace objects, 0(0B) LOS objects, 19% free, 25MB/31MB, paused 176us total 286.288ms
07-17 17:34:00.061 12996 13007 I vision.svplaye: Background concurrent copying GC freed 209300(6MB) AllocSpace objects, 0(0B) LOS objects, 19% free, 25MB/31MB, paused 254us total 297.493ms
07-17 17:34:01.869 12996 13007 I vision.svplaye: Background concurrent copying GC freed 211696(6MB) AllocSpace objects, 0(0B) LOS objects, 19% free, 25MB/31MB, paused 196us total 295.780ms
07-17 17:34:03.655 12996 13007 I vision.svplaye: Background concurrent copying GC freed 211427(6MB) AllocSpace objects, 0(0B) LOS objects, 19% free, 25MB/31MB, paused 227us total 294.317ms
07-17 17:34:05.454 12996 13007 I vision.svplaye: Background concurrent copying GC freed 211024(6MB) AllocSpace objects, 0(0B) LOS objects, 19% free, 25MB/31MB, paused 181us total 296.658ms
07-17 17:34:07.248 12996 13007 I vision.svplaye: Background concurrent copying GC freed 211241(6MB) AllocSpace objects, 0(0B) LOS objects, 19% free, 25MB/31MB, paused 181us total 294.392ms
07-17 17:34:09.095 12996 13007 I vision.svplaye: Background concurrent copying GC freed 210180(6MB) AllocSpace objects, 0(0B) LOS objects, 19% free, 25MB/31MB, paused 188us total 341.987ms
07-17 17:34:10.884 12996 13007 I vision.svplaye: Background concurrent copying GC freed 214572(6MB) AllocSpace objects, 0(0B) LOS objects, 19% free, 25MB/31MB, paused 215us total 299.894ms
07-17 17:34:12.583 12996 13007 I vision.svplaye: Background concurrent copying GC freed 207714(6MB) AllocSpace objects, 0(0B) LOS objects, 19% free, 25MB/31MB, paused 157us total 298.078ms
07-17 17:34:14.304 12996 13007 I vision.svplaye: Background concurrent copying GC freed 216334(6MB) AllocSpace objects, 0(0B) LOS objects, 19% free, 25MB/31MB, paused 158us total 296.344ms
07-17 17:34:16.034 12996 13007 I vision.svplaye: Background concurrent copying GC freed 216581(6MB) AllocSpace objects, 0(0B) LOS objects, 19% free, 25MB/31MB, paused 153us total 295.104ms
07-17 17:34:17.775 12996 13007 I vision.svplaye: Background concurrent copying GC freed 215202(6MB) AllocSpace objects, 0(0B) LOS objects, 19% free, 25MB/31MB, paused 295us total 312.455ms
07-17 17:34:19.491 12996 13007 I vision.svplaye: Background concurrent copying GC freed 218236(6MB) AllocSpace objects, 0(0B) LOS objects, 19% free, 25MB/31MB, paused 185us total 296.554ms
07-17 17:34:21.225 12996 13007 I vision.svplaye: Background concurrent copying GC freed 216002(6MB) AllocSpace objects, 0(0B) LOS objects, 19% free, 25MB/31MB, paused 206us total 303.831ms
