--------- beginning of main
07-21 20:50:42.625 15386 22786 I CameraManagerGlobal: Connecting to camera service
07-21 20:50:42.626 15386 22786 E CameraManagerGlobal: Camera service is unavailable
07-21 20:50:43.128 15386 15403 I vision.svplaye: Background concurrent copying GC freed 216166(6MB) AllocSpace objects, 0(0B) LOS objects, 18% free, 25MB/31MB, paused 214us total 295.986ms
07-21 20:50:43.626 15386 22786 I CameraManagerGlobal: Connecting to camera service
07-21 20:50:43.627 15386 22786 E CameraManagerGlobal: Camera service is unavailable
07-21 20:50:44.627 15386 22786 I CameraManagerGlobal: Connecting to camera service
07-21 20:50:44.628 15386 22786 E CameraManagerGlobal: Camera service is unavailable
07-21 20:50:44.834 15386 15403 I vision.svplaye: Background concurrent copying GC freed 226824(6MB) AllocSpace objects, 0(0B) LOS objects, 19% free, 25MB/31MB, paused 250us total 295.508ms
07-21 20:50:45.628 15386 22786 I CameraManagerGlobal: Connecting to camera service
07-21 20:50:45.628 15386 22786 E CameraManagerGlobal: Camera service is unavailable
07-21 20:50:46.612 15386 15403 I vision.svplaye: Background concurrent copying GC freed 221666(6MB) AllocSpace objects, 0(0B) LOS objects, 19% free, 25MB/31MB, paused 294us total 282.104ms
07-21 20:50:46.629 15386 22786 I CameraManagerGlobal: Connecting to camera service
07-21 20:50:46.629 15386 22786 E CameraManagerGlobal: Camera service is unavailable
07-21 20:50:47.629 15386 22786 I CameraManagerGlobal: Connecting to camera service
07-21 20:50:47.630 15386 22786 E CameraManagerGlobal: Camera service is unavailable
07-21 20:50:48.324 15386 15403 I vision.svplaye: Background concurrent copying GC freed 216446(6MB) AllocSpace objects, 0(0B) LOS objects, 19% free, 25MB/31MB, paused 180us total 280.143ms
07-21 20:50:48.630 15386 22786 I CameraManagerGlobal: Connecting to camera service
07-21 20:50:48.630 15386 22786 E CameraManagerGlobal: Camera service is unavailable
07-21 20:50:49.631 15386 22786 I CameraManagerGlobal: Connecting to camera service
07-21 20:50:49.631 15386 22786 E CameraManagerGlobal: Camera service is unavailable
07-21 20:50:50.025 15386 15403 I vision.svplaye: Background concurrent copying GC freed 220140(6MB) AllocSpace objects, 0(0B) LOS objects, 19% free, 25MB/31MB, paused 232us total 280.975ms
07-21 20:50:50.631 15386 22786 I CameraManagerGlobal: Connecting to camera service
07-21 20:50:50.632 15386 22786 E CameraManagerGlobal: Camera service is unavailable
07-21 20:50:51.632 15386 22786 I CameraManagerGlobal: Connecting to camera service
07-21 20:50:51.633 15386 22786 E CameraManagerGlobal: Camera service is unavailable
07-21 20:50:51.724 15386 15403 I vision.svplaye: Background concurrent copying GC freed 218419(6MB) AllocSpace objects, 0(0B) LOS objects, 18% free, 25MB/31MB, paused 187us total 297.578ms
07-21 20:50:52.633 15386 22786 I CameraManagerGlobal: Connecting to camera service
07-21 20:50:52.633 15386 22786 E CameraManagerGlobal: Camera service is unavailable
07-21 20:50:53.528 15386 15403 I vision.svplaye: Background concurrent copying GC freed 221385(6MB) AllocSpace objects, 0(0B) LOS objects, 19% free, 25MB/31MB, paused 224us total 305.618ms
07-21 20:50:53.633 15386 22786 I CameraManagerGlobal: Connecting to camera service
07-21 20:50:53.634 15386 22786 E CameraManagerGlobal: Camera service is unavailable
07-21 20:50:54.634 15386 22786 I CameraManagerGlobal: Connecting to camera service
07-21 20:50:54.635 15386 22786 E CameraManagerGlobal: Camera service is unavailable
07-21 20:50:55.316 15386 15403 I vision.svplaye: Background concurrent copying GC freed 214311(6MB) AllocSpace objects, 1(20KB) LOS objects, 19% free, 25MB/31MB, paused 254us total 296.662ms
07-21 20:50:55.635 15386 22786 I CameraManagerGlobal: Connecting to camera service
07-21 20:50:55.635 15386 22786 E CameraManagerGlobal: Camera service is unavailable
07-21 20:50:56.636 15386 22786 I CameraManagerGlobal: Connecting to camera service
07-21 20:50:56.636 15386 22786 E CameraManagerGlobal: Camera service is unavailable
07-21 20:50:57.079 15386 15403 I vision.svplaye: Background concurrent copying GC freed 216479(6MB) AllocSpace objects, 0(0B) LOS objects, 19% free, 25MB/31MB, paused 216us total 275.795ms
07-21 20:50:57.636 15386 22786 I CameraManagerGlobal: Connecting to camera service
07-21 20:50:57.637 15386 22786 E CameraManagerGlobal: Camera service is unavailable
07-21 20:50:58.637 15386 22786 I CameraManagerGlobal: Connecting to camera service
07-21 20:50:58.637 15386 22786 E CameraManagerGlobal: Camera service is unavailable
07-21 20:50:58.841 15386 15403 I vision.svplaye: Background concurrent copying GC freed 214676(6MB) AllocSpace objects, 0(0B) LOS objects, 19% free, 25MB/31MB, paused 219us total 277.675ms
07-21 20:50:59.638 15386 22786 I CameraManagerGlobal: Connecting to camera service
07-21 20:50:59.638 15386 22786 E CameraManagerGlobal: Camera service is unavailable
07-21 20:51:00.599 15386 15403 I vision.svplaye: Background concurrent copying GC freed 215284(6MB) AllocSpace objects, 0(0B) LOS objects, 19% free, 25MB/31MB, paused 193us total 274.318ms
07-21 20:51:00.638 15386 22786 I CameraManagerGlobal: Connecting to camera service
07-21 20:51:00.639 15386 22786 E CameraManagerGlobal: Camera service is unavailable
07-21 20:51:01.639 15386 22786 I CameraManagerGlobal: Connecting to camera service
07-21 20:51:01.640 15386 22786 E CameraManagerGlobal: Camera service is unavailable
07-21 20:51:02.358 15386 15403 I vision.svplaye: Background concurrent copying GC freed 214082(6MB) AllocSpace objects, 0(0B) LOS objects, 19% free, 25MB/31MB, paused 205us total 276.164ms
07-21 20:51:02.640 15386 22786 I CameraManagerGlobal: Connecting to camera service
07-21 20:51:02.640 15386 22786 E CameraManagerGlobal: Camera service is unavailable
07-21 20:51:03.641 15386 22786 I CameraManagerGlobal: Connecting to camera service
07-21 20:51:03.641 15386 22786 E CameraManagerGlobal: Camera service is unavailable
07-21 20:51:04.134 15386 15403 I vision.svplaye: Background concurrent copying GC freed 214022(6MB) AllocSpace objects, 0(0B) LOS objects, 19% free, 25MB/31MB, paused 191us total 289.924ms
07-21 20:51:04.642 15386 22786 I CameraManagerGlobal: Connecting to camera service
07-21 20:51:04.642 15386 22786 E CameraManagerGlobal: Camera service is unavailable
07-21 20:51:05.642 15386 22786 I CameraManagerGlobal: Connecting to camera service
07-21 20:51:05.643 15386 22786 E CameraManagerGlobal: Camera service is unavailable
07-21 20:51:05.921 15386 15403 I vision.svplaye: Background concurrent copying GC freed 214904(6MB) AllocSpace objects, 0(0B) LOS objects, 18% free, 25MB/31MB, paused 221us total 297.115ms
07-21 20:51:06.643 15386 22786 I CameraManagerGlobal: Connecting to camera service
07-21 20:51:06.644 15386 22786 E CameraManagerGlobal: Camera service is unavailable
07-21 20:51:07.644 15386 22786 I CameraManagerGlobal: Connecting to camera service
07-21 20:51:07.644 15386 22786 E CameraManagerGlobal: Camera service is unavailable
07-21 20:51:07.686 15386 15403 I vision.svplaye: Background concurrent copying GC freed 217644(6MB) AllocSpace objects, 0(0B) LOS objects, 19% free, 25MB/31MB, paused 374us total 281.792ms
07-21 20:51:08.645 15386 22786 I CameraManagerGlobal: Connecting to camera service
07-21 20:51:08.645 15386 22786 E CameraManagerGlobal: Camera service is unavailable
07-21 20:51:09.459 15386 15403 I vision.svplaye: Background concurrent copying GC freed 215668(6MB) AllocSpace objects, 0(0B) LOS objects, 19% free, 25MB/31MB, paused 201us total 292.610ms
07-21 20:51:09.645 15386 22786 I CameraManagerGlobal: Connecting to camera service
07-21 20:51:09.646 15386 22786 E CameraManagerGlobal: Camera service is unavailable
07-21 20:51:10.646 15386 22786 I CameraManagerGlobal: Connecting to camera service
07-21 20:51:10.647 15386 22786 E CameraManagerGlobal: Camera service is unavailable
07-21 20:51:11.219 15386 15403 I vision.svplaye: Background concurrent copying GC freed 216318(6MB) AllocSpace objects, 0(0B) LOS objects, 19% free, 25MB/31MB, paused 225us total 277.486ms
07-21 20:51:11.647 15386 22786 I CameraManagerGlobal: Connecting to camera service
07-21 20:51:11.647 15386 22786 E CameraManagerGlobal: Camera service is unavailable
07-21 20:51:12.648 15386 22786 I CameraManagerGlobal: Connecting to camera service
07-21 20:51:12.648 15386 22786 E CameraManagerGlobal: Camera service is unavailable
07-21 20:51:12.962 15386 15403 I vision.svplaye: Background concurrent copying GC freed 214078(6MB) AllocSpace objects, 0(0B) LOS objects, 19% free, 25MB/31MB, paused 201us total 274.122ms
07-21 20:51:13.648 15386 22786 I CameraManagerGlobal: Connecting to camera service
07-21 20:51:13.649 15386 22786 E CameraManagerGlobal: Camera service is unavailable
07-21 20:51:14.649 15386 22786 I CameraManagerGlobal: Connecting to camera service
07-21 20:51:14.649 15386 22786 E CameraManagerGlobal: Camera service is unavailable
07-21 20:51:14.740 15386 15403 I vision.svplaye: Background concurrent copying GC freed 213391(6MB) AllocSpace objects, 0(0B) LOS objects, 19% free, 25MB/31MB, paused 207us total 278.450ms
07-21 20:51:15.649 15386 22786 I CameraManagerGlobal: Connecting to camera service
07-21 20:51:15.650 15386 22786 E CameraManagerGlobal: Camera service is unavailable
07-21 20:51:16.530 15386 15403 I vision.svplaye: Background concurrent copying GC freed 213246(6MB) AllocSpace objects, 0(0B) LOS objects, 19% free, 25MB/31MB, paused 220us total 276.055ms
07-21 20:51:16.650 15386 22786 I CameraManagerGlobal: Connecting to camera service
07-21 20:51:16.650 15386 22786 E CameraManagerGlobal: Camera service is unavailable
07-21 20:51:17.651 15386 22786 I CameraManagerGlobal: Connecting to camera service
07-21 20:51:17.651 15386 22786 E CameraManagerGlobal: Camera service is unavailable
07-21 20:51:18.319 15386 15403 I vision.svplaye: Background concurrent copying GC freed 214767(6MB) AllocSpace objects, 0(0B) LOS objects, 19% free, 25MB/31MB, paused 197us total 293.717ms
07-21 20:51:18.651 15386 22786 I CameraManagerGlobal: Connecting to camera service
07-21 20:51:18.652 15386 22786 E CameraManagerGlobal: Camera service is unavailable
07-21 20:51:19.652 15386 22786 I CameraManagerGlobal: Connecting to camera service
07-21 20:51:19.652 15386 22786 E CameraManagerGlobal: Camera service is unavailable
07-21 20:51:20.071 15386 15403 I vision.svplaye: Background concurrent copying GC freed 216007(6MB) AllocSpace objects, 0(0B) LOS objects, 19% free, 25MB/31MB, paused 199us total 278.640ms
07-21 20:51:20.653 15386 22786 I CameraManagerGlobal: Connecting to camera service
07-21 20:51:20.653 15386 22786 E CameraManagerGlobal: Camera service is unavailable
07-21 20:51:21.653 15386 22786 I CameraManagerGlobal: Connecting to camera service
07-21 20:51:21.654 15386 22786 E CameraManagerGlobal: Camera service is unavailable
07-21 20:51:21.826 15386 15403 I vision.svplaye: Background concurrent copying GC freed 214197(6MB) AllocSpace objects, 0(0B) LOS objects, 19% free, 25MB/31MB, paused 292us total 274.615ms
07-21 20:51:22.654 15386 22786 I CameraManagerGlobal: Connecting to camera service
07-21 20:51:22.654 15386 22786 E CameraManagerGlobal: Camera service is unavailable
07-21 20:51:23.617 15386 15403 I vision.svplaye: Background concurrent copying GC freed 214794(6MB) AllocSpace objects, 0(0B) LOS objects, 19% free, 25MB/31MB, paused 213us total 281.445ms
07-21 20:51:23.655 15386 22786 I CameraManagerGlobal: Connecting to camera service
07-21 20:51:23.655 15386 22786 E CameraManagerGlobal: Camera service is unavailable
07-21 20:51:24.656 15386 22786 I CameraManagerGlobal: Connecting to camera service
07-21 20:51:24.656 15386 22786 E CameraManagerGlobal: Camera service is unavailable
07-21 20:51:25.360 15386 15415 I vision.svplaye: Waiting for a blocking GC ProfileSaver
07-21 20:51:25.488 15386 15403 I vision.svplaye: Background concurrent copying GC freed 215741(6MB) AllocSpace objects, 0(0B) LOS objects, 19% free, 25MB/31MB, paused 205us total 310.816ms
07-21 20:51:25.489 15386 15415 I vision.svplaye: WaitForGcToComplete blocked ProfileSaver on HeapTrim for 128.744ms
07-21 20:51:25.657 15386 22786 I CameraManagerGlobal: Connecting to camera service
07-21 20:51:25.659 15386 22786 E CameraManagerGlobal: Camera service is unavailable
07-21 20:51:26.660 15386 22786 I CameraManagerGlobal: Connecting to camera service
07-21 20:51:26.660 15386 22786 E CameraManagerGlobal: Camera service is unavailable
07-21 20:51:27.331 15386 15403 I vision.svplaye: Background concurrent copying GC freed 213268(6MB) AllocSpace objects, 0(0B) LOS objects, 19% free, 25MB/31MB, paused 190us total 289.640ms
07-21 20:51:27.660 15386 22786 I CameraManagerGlobal: Connecting to camera service
07-21 20:51:27.660 15386 22786 E CameraManagerGlobal: Camera service is unavailable
07-21 20:51:28.661 15386 22786 I CameraManagerGlobal: Connecting to camera service
07-21 20:51:28.661 15386 22786 E CameraManagerGlobal: Camera service is unavailable
07-21 20:51:29.190 15386 15403 I vision.svplaye: Background concurrent copying GC freed 212031(6MB) AllocSpace objects, 0(0B) LOS objects, 19% free, 25MB/31MB, paused 211us total 284.682ms
07-21 20:51:29.661 15386 22786 I CameraManagerGlobal: Connecting to camera service
07-21 20:51:29.662 15386 22786 E CameraManagerGlobal: Camera service is unavailable
07-21 20:51:30.663 15386 22786 I CameraManagerGlobal: Connecting to camera service
07-21 20:51:30.663 15386 22786 E CameraManagerGlobal: Camera service is unavailable
07-21 20:51:31.104 15386 15403 I vision.svplaye: Background concurrent copying GC freed 197535(6MB) AllocSpace objects, 0(0B) LOS objects, 18% free, 25MB/31MB, paused 229us total 271.854ms
07-21 20:51:31.663 15386 22786 I CameraManagerGlobal: Connecting to camera service
07-21 20:51:31.664 15386 22786 E CameraManagerGlobal: Camera service is unavailable
07-21 20:51:32.664 15386 22786 I CameraManagerGlobal: Connecting to camera service
07-21 20:51:32.664 15386 22786 E CameraManagerGlobal: Camera service is unavailable
07-21 20:51:32.946 15386 15403 I vision.svplaye: Background concurrent copying GC freed 246207(7MB) AllocSpace objects, 0(0B) LOS objects, 19% free, 24MB/30MB, paused 195us total 269.698ms
07-21 20:51:33.665 15386 22786 I CameraManagerGlobal: Connecting to camera service
07-21 20:51:33.665 15386 22786 E CameraManagerGlobal: Camera service is unavailable
07-21 20:51:34.665 15386 22786 I CameraManagerGlobal: Connecting to camera service
07-21 20:51:34.668 15386 22786 E CameraManagerGlobal: Camera service is unavailable
07-21 20:51:34.843 15386 15403 I vision.svplaye: Background concurrent copying GC freed 210776(6MB) AllocSpace objects, 0(0B) LOS objects, 19% free, 24MB/30MB, paused 197us total 270.733ms
07-21 20:51:35.668 15386 22786 I CameraManagerGlobal: Connecting to camera service
07-21 20:51:35.669 15386 22786 E CameraManagerGlobal: Camera service is unavailable
07-21 20:51:36.669 15386 22786 I CameraManagerGlobal: Connecting to camera service
07-21 20:51:36.670 15386 22786 E CameraManagerGlobal: Camera service is unavailable
07-21 20:51:37.076 15386 15403 I vision.svplaye: Background concurrent copying GC freed 194194(5MB) AllocSpace objects, 0(0B) LOS objects, 19% free, 25MB/31MB, paused 319us total 339.579ms
07-21 20:51:37.670 15386 22786 I CameraManagerGlobal: Connecting to camera service
07-21 20:51:37.670 15386 22786 E CameraManagerGlobal: Camera service is unavailable
07-21 20:51:38.671 15386 22786 I CameraManagerGlobal: Connecting to camera service
07-21 20:51:38.671 15386 22786 E CameraManagerGlobal: Camera service is unavailable
07-21 20:51:39.574 15386 15403 I vision.svplaye: Background concurrent copying GC freed 216478(6MB) AllocSpace objects, 0(0B) LOS objects, 19% free, 25MB/31MB, paused 240us total 312.213ms
07-21 20:51:39.671 15386 22786 I CameraManagerGlobal: Connecting to camera service
07-21 20:51:39.672 15386 22786 E CameraManagerGlobal: Camera service is unavailable
07-21 20:51:40.672 15386 22786 I CameraManagerGlobal: Connecting to camera service
07-21 20:51:40.673 15386 22786 E CameraManagerGlobal: Camera service is unavailable
07-21 20:51:41.673 15386 22786 I CameraManagerGlobal: Connecting to camera service
07-21 20:51:41.674 15386 22786 E CameraManagerGlobal: Camera service is unavailable
07-21 20:51:42.129 15386 15403 I vision.svplaye: Background concurrent copying GC freed 212461(6MB) AllocSpace objects, 1(20KB) LOS objects, 19% free, 25MB/31MB, paused 232us total 290.216ms
07-21 20:51:42.674 15386 22786 I CameraManagerGlobal: Connecting to camera service
07-21 20:51:42.674 15386 22786 E CameraManagerGlobal: Camera service is unavailable
07-21 20:51:43.675 15386 22786 I CameraManagerGlobal: Connecting to camera service
07-21 20:51:43.675 15386 22786 E CameraManagerGlobal: Camera service is unavailable
07-21 20:51:44.675 15386 22786 I CameraManagerGlobal: Connecting to camera service
07-21 20:51:44.675 15386 22786 E CameraManagerGlobal: Camera service is unavailable
07-21 20:51:44.678 15386 15403 I vision.svplaye: Background concurrent copying GC freed 213512(6MB) AllocSpace objects, 0(0B) LOS objects, 19% free, 25MB/31MB, paused 192us total 286.337ms
07-21 20:51:45.677 15386 22786 I CameraManagerGlobal: Connecting to camera service
07-21 20:51:45.677 15386 22786 E CameraManagerGlobal: Camera service is unavailable
07-21 20:51:46.678 15386 22786 I CameraManagerGlobal: Connecting to camera service
07-21 20:51:46.678 15386 22786 E CameraManagerGlobal: Camera service is unavailable
07-21 20:51:47.238 15386 15403 I vision.svplaye: Background concurrent copying GC freed 213299(6MB) AllocSpace objects, 0(0B) LOS objects, 19% free, 25MB/31MB, paused 265us total 286.663ms
07-21 20:51:47.678 15386 22786 I CameraManagerGlobal: Connecting to camera service
07-21 20:51:47.678 15386 22786 E CameraManagerGlobal: Camera service is unavailable
07-21 20:51:48.679 15386 22786 I CameraManagerGlobal: Connecting to camera service
07-21 20:51:48.679 15386 22786 E CameraManagerGlobal: Camera service is unavailable
07-21 20:51:49.679 15386 22786 I CameraManagerGlobal: Connecting to camera service
07-21 20:51:49.680 15386 22786 E CameraManagerGlobal: Camera service is unavailable
07-21 20:51:49.779 15386 15403 I vision.svplaye: Background concurrent copying GC freed 213871(6MB) AllocSpace objects, 0(0B) LOS objects, 19% free, 24MB/30MB, paused 219us total 281.096ms
07-21 20:51:50.680 15386 22786 I CameraManagerGlobal: Connecting to camera service
07-21 20:51:50.680 15386 22786 E CameraManagerGlobal: Camera service is unavailable
07-21 20:51:51.681 15386 22786 I CameraManagerGlobal: Connecting to camera service
07-21 20:51:51.681 15386 22786 E CameraManagerGlobal: Camera service is unavailable
07-21 20:51:52.329 15386 15403 I vision.svplaye: Background concurrent copying GC freed 211239(6MB) AllocSpace objects, 0(0B) LOS objects, 19% free, 24MB/30MB, paused 326us total 296.626ms
07-21 20:51:52.681 15386 22786 I CameraManagerGlobal: Connecting to camera service
07-21 20:51:52.682 15386 22786 E CameraManagerGlobal: Camera service is unavailable
07-21 20:51:53.682 15386 22786 I CameraManagerGlobal: Connecting to camera service
07-21 20:51:53.682 15386 22786 E CameraManagerGlobal: Camera service is unavailable
07-21 20:51:54.683 15386 22786 I CameraManagerGlobal: Connecting to camera service
07-21 20:51:54.683 15386 22786 E CameraManagerGlobal: Camera service is unavailable
07-21 20:51:54.892 15386 15403 I vision.svplaye: Background concurrent copying GC freed 212683(6MB) AllocSpace objects, 0(0B) LOS objects, 19% free, 25MB/31MB, paused 192us total 309.758ms
07-21 20:51:55.683 15386 22786 I CameraManagerGlobal: Connecting to camera service
07-21 20:51:55.684 15386 22786 E CameraManagerGlobal: Camera service is unavailable
07-21 20:51:56.684 15386 22786 I CameraManagerGlobal: Connecting to camera service
07-21 20:51:56.684 15386 22786 E CameraManagerGlobal: Camera service is unavailable
07-21 20:51:57.436 15386 15403 I vision.svplaye: Background concurrent copying GC freed 214463(6MB) AllocSpace objects, 0(0B) LOS objects, 19% free, 24MB/30MB, paused 265us total 278.935ms
07-21 20:51:57.685 15386 22786 I CameraManagerGlobal: Connecting to camera service
07-21 20:51:57.685 15386 22786 E CameraManagerGlobal: Camera service is unavailable
07-21 20:51:58.685 15386 22786 I CameraManagerGlobal: Connecting to camera service
07-21 20:51:58.686 15386 22786 E CameraManagerGlobal: Camera service is unavailable
07-21 20:51:59.686 15386 22786 I CameraManagerGlobal: Connecting to camera service
07-21 20:51:59.687 15386 22786 E CameraManagerGlobal: Camera service is unavailable
07-21 20:52:00.004 15386 15403 I vision.svplaye: Background concurrent copying GC freed 211662(6MB) AllocSpace objects, 0(0B) LOS objects, 19% free, 25MB/31MB, paused 222us total 317.891ms
07-21 20:52:00.687 15386 22786 I CameraManagerGlobal: Connecting to camera service
07-21 20:52:00.688 15386 22786 E CameraManagerGlobal: Camera service is unavailable
07-21 20:52:01.688 15386 22786 I CameraManagerGlobal: Connecting to camera service
07-21 20:52:01.688 15386 22786 E CameraManagerGlobal: Camera service is unavailable
07-21 20:52:02.137 15386 15403 I vision.svplaye: Background concurrent copying GC freed 213201(6MB) AllocSpace objects, 0(0B) LOS objects, 19% free, 25MB/31MB, paused 189us total 295.225ms
07-21 20:52:02.689 15386 22786 I CameraManagerGlobal: Connecting to camera service
07-21 20:52:02.689 15386 22786 E CameraManagerGlobal: Camera service is unavailable
07-21 20:52:03.689 15386 22786 I CameraManagerGlobal: Connecting to camera service
07-21 20:52:03.690 15386 22786 E CameraManagerGlobal: Camera service is unavailable
07-21 20:52:04.115 15386 15403 I vision.svplaye: Background concurrent copying GC freed 218814(6MB) AllocSpace objects, 0(0B) LOS objects, 19% free, 24MB/30MB, paused 198us total 293.676ms
07-21 20:52:04.691 15386 22786 I CameraManagerGlobal: Connecting to camera service
07-21 20:52:04.691 15386 22786 E CameraManagerGlobal: Camera service is unavailable
07-21 20:52:05.667 15386 15415 I vision.svplaye: Waiting for a blocking GC ProfileSaver
07-21 20:52:05.691 15386 22786 I CameraManagerGlobal: Connecting to camera service
07-21 20:52:05.692 15386 22786 E CameraManagerGlobal: Camera service is unavailable
07-21 20:52:05.832 15386 15403 I vision.svplaye: Background concurrent copying GC freed 216520(6MB) AllocSpace objects, 0(0B) LOS objects, 19% free, 25MB/31MB, paused 205us total 281.343ms
07-21 20:52:05.835 15386 15415 I vision.svplaye: WaitForGcToComplete blocked ProfileSaver on HeapTrim for 168.864ms
07-21 20:52:06.692 15386 22786 I CameraManagerGlobal: Connecting to camera service
07-21 20:52:06.692 15386 22786 E CameraManagerGlobal: Camera service is unavailable
07-21 20:52:07.570 15386 15403 I vision.svplaye: Background concurrent copying GC freed 229286(6MB) AllocSpace objects, 0(0B) LOS objects, 19% free, 24MB/30MB, paused 213us total 277.862ms
07-21 20:52:07.693 15386 22786 I CameraManagerGlobal: Connecting to camera service
07-21 20:52:07.693 15386 22786 E CameraManagerGlobal: Camera service is unavailable
07-21 20:52:08.693 15386 22786 I CameraManagerGlobal: Connecting to camera service
07-21 20:52:08.694 15386 22786 E CameraManagerGlobal: Camera service is unavailable
07-21 20:52:09.270 15386 15403 I vision.svplaye: Background concurrent copying GC freed 220752(6MB) AllocSpace objects, 0(0B) LOS objects, 19% free, 24MB/30MB, paused 209us total 279.563ms
07-21 20:52:09.694 15386 22786 I CameraManagerGlobal: Connecting to camera service
07-21 20:52:09.694 15386 22786 E CameraManagerGlobal: Camera service is unavailable
07-21 20:52:10.695 15386 22786 I CameraManagerGlobal: Connecting to camera service
07-21 20:52:10.695 15386 22786 E CameraManagerGlobal: Camera service is unavailable
07-21 20:52:10.996 15386 15403 I vision.svplaye: Background concurrent copying GC freed 221779(6MB) AllocSpace objects, 0(0B) LOS objects, 19% free, 24MB/30MB, paused 225us total 267.964ms
07-21 20:52:11.695 15386 22786 I CameraManagerGlobal: Connecting to camera service
07-21 20:52:11.695 15386 22786 E CameraManagerGlobal: Camera service is unavailable
07-21 20:52:12.697 15386 22786 I CameraManagerGlobal: Connecting to camera service
07-21 20:52:12.697 15386 22786 E CameraManagerGlobal: Camera service is unavailable
07-21 20:52:12.987 15386 15403 I vision.svplaye: Background concurrent copying GC freed 219398(6MB) AllocSpace objects, 0(0B) LOS objects, 19% free, 24MB/30MB, paused 221us total 294.334ms
07-21 20:52:13.697 15386 22786 I CameraManagerGlobal: Connecting to camera service
07-21 20:52:13.698 15386 22786 E CameraManagerGlobal: Camera service is unavailable
07-21 20:52:14.698 15386 22786 I CameraManagerGlobal: Connecting to camera service
07-21 20:52:14.701 15386 22786 E CameraManagerGlobal: Camera service is unavailable
07-21 20:52:14.980 15386 15403 I vision.svplaye: Background concurrent copying GC freed 216073(6MB) AllocSpace objects, 0(0B) LOS objects, 19% free, 24MB/30MB, paused 208us total 282.109ms
07-21 20:52:15.701 15386 22786 I CameraManagerGlobal: Connecting to camera service
07-21 20:52:15.701 15386 22786 E CameraManagerGlobal: Camera service is unavailable
07-21 20:52:16.702 15386 22786 I CameraManagerGlobal: Connecting to camera service
07-21 20:52:16.702 15386 22786 E CameraManagerGlobal: Camera service is unavailable
07-21 20:52:16.811 15386 15403 I vision.svplaye: Background concurrent copying GC freed 214566(6MB) AllocSpace objects, 1(20KB) LOS objects, 19% free, 24MB/30MB, paused 191us total 282.965ms
07-21 20:52:17.702 15386 22786 I CameraManagerGlobal: Connecting to camera service
07-21 20:52:17.703 15386 22786 E CameraManagerGlobal: Camera service is unavailable
07-21 20:52:18.623 15386 15403 I vision.svplaye: Background concurrent copying GC freed 218188(6MB) AllocSpace objects, 0(0B) LOS objects, 19% free, 24MB/30MB, paused 198us total 283.601ms
07-21 20:52:18.703 15386 22786 I CameraManagerGlobal: Connecting to camera service
07-21 20:52:18.703 15386 22786 E CameraManagerGlobal: Camera service is unavailable
07-21 20:52:19.704 15386 22786 I CameraManagerGlobal: Connecting to camera service
07-21 20:52:19.704 15386 22786 E CameraManagerGlobal: Camera service is unavailable
07-21 20:52:20.424 15386 15403 I vision.svplaye: Background concurrent copying GC freed 217220(6MB) AllocSpace objects, 0(0B) LOS objects, 19% free, 24MB/30MB, paused 189us total 286.815ms
07-21 20:52:20.704 15386 22786 I CameraManagerGlobal: Connecting to camera service
07-21 20:52:20.705 15386 22786 E CameraManagerGlobal: Camera service is unavailable
07-21 20:52:21.705 15386 22786 I CameraManagerGlobal: Connecting to camera service
07-21 20:52:21.705 15386 22786 E CameraManagerGlobal: Camera service is unavailable
07-21 20:52:22.223 15386 15403 I vision.svplaye: Background concurrent copying GC freed 217083(6MB) AllocSpace objects, 0(0B) LOS objects, 19% free, 24MB/30MB, paused 189us total 281.396ms
07-21 20:52:22.706 15386 22786 I CameraManagerGlobal: Connecting to camera service
07-21 20:52:22.706 15386 22786 E CameraManagerGlobal: Camera service is unavailable
07-21 20:52:23.706 15386 22786 I CameraManagerGlobal: Connecting to camera service
07-21 20:52:23.707 15386 22786 E CameraManagerGlobal: Camera service is unavailable
07-21 20:52:24.004 15386 15403 I vision.svplaye: Background concurrent copying GC freed 217610(6MB) AllocSpace objects, 0(0B) LOS objects, 19% free, 24MB/30MB, paused 242us total 270.175ms
07-21 20:52:24.707 15386 22786 I CameraManagerGlobal: Connecting to camera service
07-21 20:52:24.707 15386 22786 E CameraManagerGlobal: Camera service is unavailable
07-21 20:52:25.708 15386 22786 I CameraManagerGlobal: Connecting to camera service
07-21 20:52:25.708 15386 22786 E CameraManagerGlobal: Camera service is unavailable
07-21 20:52:25.778 15386 15403 I vision.svplaye: Background concurrent copying GC freed 214440(6MB) AllocSpace objects, 0(0B) LOS objects, 19% free, 24MB/30MB, paused 206us total 264.027ms
07-21 20:52:26.708 15386 22786 I CameraManagerGlobal: Connecting to camera service
07-21 20:52:26.709 15386 22786 E CameraManagerGlobal: Camera service is unavailable
07-21 20:52:27.557 15386 15403 I vision.svplaye: Background concurrent copying GC freed 215418(6MB) AllocSpace objects, 0(0B) LOS objects, 19% free, 24MB/30MB, paused 472us total 270.799ms
07-21 20:52:27.709 15386 22786 I CameraManagerGlobal: Connecting to camera service
07-21 20:52:27.709 15386 22786 E CameraManagerGlobal: Camera service is unavailable
07-21 20:52:28.710 15386 22786 I CameraManagerGlobal: Connecting to camera service
07-21 20:52:28.710 15386 22786 E CameraManagerGlobal: Camera service is unavailable
07-21 20:52:29.351 15386 15403 I vision.svplaye: Background concurrent copying GC freed 216156(6MB) AllocSpace objects, 0(0B) LOS objects, 19% free, 24MB/30MB, paused 185us total 288.511ms
07-21 20:52:29.710 15386 22786 I CameraManagerGlobal: Connecting to camera service
07-21 20:52:29.711 15386 22786 E CameraManagerGlobal: Camera service is unavailable
07-21 20:52:30.711 15386 22786 I CameraManagerGlobal: Connecting to camera service
07-21 20:52:30.711 15386 22786 E CameraManagerGlobal: Camera service is unavailable
07-21 20:52:31.154 15386 15403 I vision.svplaye: Background concurrent copying GC freed 212412(6MB) AllocSpace objects, 0(0B) LOS objects, 19% free, 24MB/30MB, paused 202us total 264.861ms
07-21 20:52:31.712 15386 22786 I CameraManagerGlobal: Connecting to camera service
07-21 20:52:31.712 15386 22786 E CameraManagerGlobal: Camera service is unavailable
07-21 20:52:32.713 15386 22786 I CameraManagerGlobal: Connecting to camera service
07-21 20:52:32.713 15386 22786 E CameraManagerGlobal: Camera service is unavailable
07-21 20:52:32.935 15386 15403 I vision.svplaye: Background concurrent copying GC freed 216441(6MB) AllocSpace objects, 0(0B) LOS objects, 19% free, 24MB/30MB, paused 203us total 262.513ms
07-21 20:52:33.713 15386 22786 I CameraManagerGlobal: Connecting to camera service
07-21 20:52:33.714 15386 22786 E CameraManagerGlobal: Camera service is unavailable
07-21 20:52:34.714 15386 22786 I CameraManagerGlobal: Connecting to camera service
07-21 20:52:34.714 15386 22786 E CameraManagerGlobal: Camera service is unavailable
07-21 20:52:34.733 15386 15403 I vision.svplaye: Background concurrent copying GC freed 215035(6MB) AllocSpace objects, 0(0B) LOS objects, 19% free, 24MB/30MB, paused 257us total 277.040ms
07-21 20:52:35.715 15386 22786 I CameraManagerGlobal: Connecting to camera service
07-21 20:52:35.715 15386 22786 E CameraManagerGlobal: Camera service is unavailable
07-21 20:52:36.655 15386 15403 I vision.svplaye: Background concurrent copying GC freed 216041(6MB) AllocSpace objects, 0(0B) LOS objects, 19% free, 24MB/30MB, paused 249us total 271.411ms
07-21 20:52:36.715 15386 22786 I CameraManagerGlobal: Connecting to camera service
07-21 20:52:36.716 15386 22786 E CameraManagerGlobal: Camera service is unavailable
07-21 20:52:37.716 15386 22786 I CameraManagerGlobal: Connecting to camera service
07-21 20:52:37.716 15386 22786 E CameraManagerGlobal: Camera service is unavailable
07-21 20:52:38.448 15386 15403 I vision.svplaye: Background concurrent copying GC freed 216156(6MB) AllocSpace objects, 0(0B) LOS objects, 19% free, 24MB/30MB, paused 187us total 269.401ms
07-21 20:52:38.717 15386 22786 I CameraManagerGlobal: Connecting to camera service
07-21 20:52:38.717 15386 22786 E CameraManagerGlobal: Camera service is unavailable
07-21 20:52:39.717 15386 22786 I CameraManagerGlobal: Connecting to camera service
07-21 20:52:39.718 15386 22786 E CameraManagerGlobal: Camera service is unavailable
07-21 20:52:40.325 15386 15403 I vision.svplaye: Background concurrent copying GC freed 213638(6MB) AllocSpace objects, 0(0B) LOS objects, 19% free, 24MB/30MB, paused 231us total 307.776ms
07-21 20:52:40.718 15386 22786 I CameraManagerGlobal: Connecting to camera service
07-21 20:52:40.718 15386 22786 E CameraManagerGlobal: Camera service is unavailable
07-21 20:52:41.719 15386 22786 I CameraManagerGlobal: Connecting to camera service
07-21 20:52:41.719 15386 22786 E CameraManagerGlobal: Camera service is unavailable
07-21 20:52:42.719 15386 22786 I CameraManagerGlobal: Connecting to camera service
07-21 20:52:42.720 15386 22786 E CameraManagerGlobal: Camera service is unavailable
07-21 20:52:42.727 15386 15403 I vision.svplaye: Background concurrent copying GC freed 193992(5MB) AllocSpace objects, 0(0B) LOS objects, 19% free, 24MB/30MB, paused 197us total 286.104ms
07-21 20:52:43.721 15386 22786 I CameraManagerGlobal: Connecting to camera service
07-21 20:52:43.723 15386 22786 E CameraManagerGlobal: Camera service is unavailable
07-21 20:52:44.723 15386 22786 I CameraManagerGlobal: Connecting to camera service
07-21 20:52:44.724 15386 22786 E CameraManagerGlobal: Camera service is unavailable
07-21 20:52:45.227 15386 15403 I vision.svplaye: Background concurrent copying GC freed 210720(6MB) AllocSpace objects, 0(0B) LOS objects, 19% free, 24MB/30MB, paused 1.078ms total 288.195ms
07-21 20:52:45.724 15386 22786 I CameraManagerGlobal: Connecting to camera service
07-21 20:52:45.724 15386 22786 E CameraManagerGlobal: Camera service is unavailable
07-21 20:52:46.725 15386 22786 I CameraManagerGlobal: Connecting to camera service
07-21 20:52:46.725 15386 22786 E CameraManagerGlobal: Camera service is unavailable
07-21 20:52:47.278 15386 15403 I vision.svplaye: Background concurrent copying GC freed 206905(6MB) AllocSpace objects, 0(0B) LOS objects, 19% free, 25MB/31MB, paused 232us total 313.781ms
07-21 20:52:47.725 15386 22786 I CameraManagerGlobal: Connecting to camera service
07-21 20:52:47.726 15386 22786 E CameraManagerGlobal: Camera service is unavailable
07-21 20:52:48.727 15386 22786 I CameraManagerGlobal: Connecting to camera service
07-21 20:52:48.727 15386 22786 E CameraManagerGlobal: Camera service is unavailable
07-21 20:52:49.115 15386 15403 I vision.svplaye: Background concurrent copying GC freed 221130(6MB) AllocSpace objects, 0(0B) LOS objects, 19% free, 24MB/30MB, paused 225us total 264.975ms
07-21 20:52:49.727 15386 22786 I CameraManagerGlobal: Connecting to camera service
07-21 20:52:49.728 15386 22786 E CameraManagerGlobal: Camera service is unavailable
07-21 20:52:50.728 15386 22786 I CameraManagerGlobal: Connecting to camera service
07-21 20:52:50.729 15386 22786 E CameraManagerGlobal: Camera service is unavailable
07-21 20:52:50.844 15386 15403 I vision.svplaye: Background concurrent copying GC freed 224643(6MB) AllocSpace objects, 0(0B) LOS objects, 19% free, 24MB/30MB, paused 189us total 274.800ms
07-21 20:52:51.729 15386 22786 I CameraManagerGlobal: Connecting to camera service
07-21 20:52:51.729 15386 22786 E CameraManagerGlobal: Camera service is unavailable
07-21 20:52:52.565 15386 15403 I vision.svplaye: Background concurrent copying GC freed 220644(6MB) AllocSpace objects, 0(0B) LOS objects, 19% free, 24MB/30MB, paused 187us total 268.686ms
07-21 20:52:52.729 15386 22786 I CameraManagerGlobal: Connecting to camera service
07-21 20:52:52.730 15386 22786 E CameraManagerGlobal: Camera service is unavailable
07-21 20:52:53.730 15386 22786 I CameraManagerGlobal: Connecting to camera service
07-21 20:52:53.730 15386 22786 E CameraManagerGlobal: Camera service is unavailable
07-21 20:52:54.275 15386 15403 I vision.svplaye: Background concurrent copying GC freed 220470(6MB) AllocSpace objects, 0(0B) LOS objects, 19% free, 24MB/30MB, paused 181us total 267.912ms
07-21 20:52:54.731 15386 22786 I CameraManagerGlobal: Connecting to camera service
07-21 20:52:54.731 15386 22786 E CameraManagerGlobal: Camera service is unavailable
07-21 20:52:55.731 15386 22786 I CameraManagerGlobal: Connecting to camera service
07-21 20:52:55.732 15386 22786 E CameraManagerGlobal: Camera service is unavailable
07-21 20:52:55.969 15386 15403 I vision.svplaye: Background concurrent copying GC freed 220726(6MB) AllocSpace objects, 0(0B) LOS objects, 19% free, 24MB/30MB, paused 261us total 263.564ms
07-21 20:52:56.732 15386 22786 I CameraManagerGlobal: Connecting to camera service
07-21 20:52:56.733 15386 22786 E CameraManagerGlobal: Camera service is unavailable
07-21 20:52:57.676 15386 15403 I vision.svplaye: Background concurrent copying GC freed 218501(6MB) AllocSpace objects, 0(0B) LOS objects, 19% free, 24MB/30MB, paused 199us total 268.027ms
07-21 20:52:57.733 15386 22786 I CameraManagerGlobal: Connecting to camera service
07-21 20:52:57.733 15386 22786 E CameraManagerGlobal: Camera service is unavailable
07-21 20:52:58.734 15386 22786 I CameraManagerGlobal: Connecting to camera service
07-21 20:52:58.734 15386 22786 E CameraManagerGlobal: Camera service is unavailable
07-21 20:52:59.444 15386 15403 I vision.svplaye: Background concurrent copying GC freed 219152(6MB) AllocSpace objects, 0(0B) LOS objects, 19% free, 24MB/30MB, paused 187us total 272.079ms
