--------- beginning of main
07-15 00:43:09.602 17906 17957 E libc    : Access denied finding property "vendor.dpframework.log.enable"
07-15 00:43:09.602 17906 17957 E libc    : Access denied finding property "vendor.dpframework.dumpbuffer.checksum"
07-15 00:43:09.602 17906 17957 E libc    : Access denied finding property "vendor.dpframework.dumpbuffer.enable"
07-15 00:43:09.608 17906 23460 E FrameEvents: updateAcquireFence: Did not find frame.
07-15 00:43:09.648 17906 23460 E FrameEvents: updateAcquireFence: Did not find frame.
07-15 00:43:09.654 17906 17957 E libc    : Access denied finding property "vendor.dpframework.log.enable"
07-15 00:43:09.657 17906 17957 I chatty  : uid=10247(com.smartvision.svplayer) RenderThread identical 16 lines
07-15 00:43:09.657 17906 17957 E libc    : Access denied finding property "vendor.dpframework.log.enable"
07-15 00:43:09.657 17906 17957 E libc    : Access denied finding property "vendor.dpframework.dumpbuffer.checksum"
07-15 00:43:09.657 17906 17957 E libc    : Access denied finding property "vendor.dpframework.dumpbuffer.enable"
07-15 00:43:09.659 17906 17957 E libc    : Access denied finding property "vendor.dpframework.log.enable"
07-15 00:43:09.659 17906 23460 E FrameEvents: updateAcquireFence: Did not find frame.
07-15 00:43:09.659 17906 17957 E libc    : Access denied finding property "vendor.dpframework.log.enable"
07-15 00:43:09.661 17906 17957 I chatty  : uid=10247(com.smartvision.svplayer) RenderThread identical 15 lines
07-15 00:43:09.661 17906 17957 E libc    : Access denied finding property "vendor.dpframework.log.enable"
07-15 00:43:09.661 17906 17957 E libc    : Access denied finding property "vendor.dpframework.dumpbuffer.checksum"
07-15 00:43:09.661 17906 17957 E libc    : Access denied finding property "vendor.dpframework.dumpbuffer.enable"
07-15 00:43:09.700 17906 23460 E FrameEvents: updateAcquireFence: Did not find frame.
07-15 00:43:09.707 17906 17957 E libc    : Access denied finding property "vendor.dpframework.log.enable"
07-15 00:43:09.709 17906 17957 I chatty  : uid=10247(com.smartvision.svplayer) RenderThread identical 16 lines
07-15 00:43:09.709 17906 17957 E libc    : Access denied finding property "vendor.dpframework.log.enable"
07-15 00:43:09.709 17906 17957 E libc    : Access denied finding property "vendor.dpframework.dumpbuffer.checksum"
07-15 00:43:09.709 17906 17957 E libc    : Access denied finding property "vendor.dpframework.dumpbuffer.enable"
07-15 00:43:09.710 17906 23460 E FrameEvents: updateAcquireFence: Did not find frame.
07-15 00:43:09.711 17906 17957 E libc    : Access denied finding property "vendor.dpframework.log.enable"
07-15 00:43:09.712 17906 17957 I chatty  : uid=10247(com.smartvision.svplayer) RenderThread identical 16 lines
07-15 00:43:09.713 17906 17957 E libc    : Access denied finding property "vendor.dpframework.log.enable"
07-15 00:43:09.713 17906 17957 E libc    : Access denied finding property "vendor.dpframework.dumpbuffer.checksum"
07-15 00:43:09.713 17906 17957 E libc    : Access denied finding property "vendor.dpframework.dumpbuffer.enable"
07-15 00:43:09.750 17906 23460 E FrameEvents: updateAcquireFence: Did not find frame.
07-15 00:43:09.759 17906 23460 E FrameEvents: updateAcquireFence: Did not find frame.
07-15 00:43:09.761 17906 17957 E libc    : Access denied finding property "vendor.dpframework.log.enable"
07-15 00:43:09.763 17906 17957 I chatty  : uid=10247(com.smartvision.svplayer) RenderThread identical 16 lines
07-15 00:43:09.763 17906 17957 E libc    : Access denied finding property "vendor.dpframework.log.enable"
07-15 00:43:09.763 17906 17957 E libc    : Access denied finding property "vendor.dpframework.dumpbuffer.checksum"
07-15 00:43:09.763 17906 17957 E libc    : Access denied finding property "vendor.dpframework.dumpbuffer.enable"
07-15 00:43:09.801 17906 23460 E FrameEvents: updateAcquireFence: Did not find frame.
07-15 00:43:09.810 17906 23460 E FrameEvents: updateAcquireFence: Did not find frame.
07-15 00:43:09.815 17906 17957 E libc    : Access denied finding property "vendor.dpframework.log.enable"
07-15 00:43:09.817 17906 17957 I chatty  : uid=10247(com.smartvision.svplayer) RenderThread identical 16 lines
07-15 00:43:09.817 17906 17957 E libc    : Access denied finding property "vendor.dpframework.log.enable"
07-15 00:43:09.817 17906 17957 E libc    : Access denied finding property "vendor.dpframework.dumpbuffer.checksum"
07-15 00:43:09.817 17906 17957 E libc    : Access denied finding property "vendor.dpframework.dumpbuffer.enable"
07-15 00:43:09.851 17906 23460 E FrameEvents: updateAcquireFence: Did not find frame.
07-15 00:43:09.861 17906 23460 E FrameEvents: updateAcquireFence: Did not find frame.
07-15 00:43:09.869 17906 17957 E libc    : Access denied finding property "vendor.dpframework.log.enable"
07-15 00:43:09.870 17906 17957 I chatty  : uid=10247(com.smartvision.svplayer) RenderThread identical 16 lines
07-15 00:43:09.871 17906 17957 E libc    : Access denied finding property "vendor.dpframework.log.enable"
07-15 00:43:09.871 17906 17957 E libc    : Access denied finding property "vendor.dpframework.dumpbuffer.checksum"
07-15 00:43:09.871 17906 17957 E libc    : Access denied finding property "vendor.dpframework.dumpbuffer.enable"
07-15 00:43:09.892 17906 23460 E FrameEvents: updateAcquireFence: Did not find frame.
07-15 00:43:09.912 17906 23460 E FrameEvents: updateAcquireFence: Did not find frame.
07-15 00:43:09.923 17906 17957 E libc    : Access denied finding property "vendor.dpframework.log.enable"
07-15 00:43:09.925 17906 17957 I chatty  : uid=10247(com.smartvision.svplayer) RenderThread identical 16 lines
07-15 00:43:09.925 17906 17957 E libc    : Access denied finding property "vendor.dpframework.log.enable"
07-15 00:43:09.925 17906 17957 E libc    : Access denied finding property "vendor.dpframework.dumpbuffer.checksum"
07-15 00:43:09.925 17906 17957 E libc    : Access denied finding property "vendor.dpframework.dumpbuffer.enable"
07-15 00:43:09.942 17906 23460 E FrameEvents: updateAcquireFence: Did not find frame.
07-15 00:43:09.962 17906 23460 E FrameEvents: updateAcquireFence: Did not find frame.
07-15 00:43:09.977 17906 17957 E libc    : Access denied finding property "vendor.dpframework.log.enable"
07-15 00:43:09.979 17906 17957 I chatty  : uid=10247(com.smartvision.svplayer) RenderThread identical 16 lines
07-15 00:43:09.979 17906 17957 E libc    : Access denied finding property "vendor.dpframework.log.enable"
07-15 00:43:09.979 17906 17957 E libc    : Access denied finding property "vendor.dpframework.dumpbuffer.checksum"
07-15 00:43:09.979 17906 17957 E libc    : Access denied finding property "vendor.dpframework.dumpbuffer.enable"
07-15 00:43:10.001 17906 23459 I MediaCodecLogger: 17906.HW.video.avc Dropped 30 frames
07-15 00:43:10.002 17906 23460 E FrameEvents: updateAcquireFence: Did not find frame.
07-15 00:43:10.012 17906 23460 E FrameEvents: updateAcquireFence: Did not find frame.
07-15 00:43:10.032 17906 17957 E libc    : Access denied finding property "vendor.dpframework.log.enable"
07-15 00:43:10.036 17906 17957 I chatty  : uid=10247(com.smartvision.svplayer) RenderThread identical 16 lines
07-15 00:43:10.036 17906 17957 E libc    : Access denied finding property "vendor.dpframework.log.enable"
07-15 00:43:10.036 17906 17957 E libc    : Access denied finding property "vendor.dpframework.dumpbuffer.checksum"
07-15 00:43:10.036 17906 17957 E libc    : Access denied finding property "vendor.dpframework.dumpbuffer.enable"
07-15 00:43:10.043 17906 23460 E FrameEvents: updateAcquireFence: Did not find frame.
07-15 00:43:10.063 17906 23460 E FrameEvents: updateAcquireFence: Did not find frame.
07-15 00:43:10.086 17906 17957 E libc    : Access denied finding property "vendor.dpframework.log.enable"
07-15 00:43:10.088 17906 17957 I chatty  : uid=10247(com.smartvision.svplayer) RenderThread identical 16 lines
07-15 00:43:10.088 17906 17957 E libc    : Access denied finding property "vendor.dpframework.log.enable"
07-15 00:43:10.088 17906 17957 E libc    : Access denied finding property "vendor.dpframework.dumpbuffer.checksum"
07-15 00:43:10.088 17906 17957 E libc    : Access denied finding property "vendor.dpframework.dumpbuffer.enable"
07-15 00:43:10.095 17906 23460 E FrameEvents: updateAcquireFence: Did not find frame.
07-15 00:43:10.114 17906 23460 E FrameEvents: updateAcquireFence: Did not find frame.
07-15 00:43:10.141 17906 17957 E libc    : Access denied finding property "vendor.dpframework.log.enable"
07-15 00:43:10.142 17906 17957 I chatty  : uid=10247(com.smartvision.svplayer) RenderThread identical 16 lines
07-15 00:43:10.142 17906 17957 E libc    : Access denied finding property "vendor.dpframework.log.enable"
07-15 00:43:10.142 17906 17957 E libc    : Access denied finding property "vendor.dpframework.dumpbuffer.checksum"
07-15 00:43:10.142 17906 17957 E libc    : Access denied finding property "vendor.dpframework.dumpbuffer.enable"
07-15 00:43:10.145 17906 17957 E libc    : Access denied finding property "vendor.dpframework.log.enable"
07-15 00:43:10.147 17906 17957 I chatty  : uid=10247(com.smartvision.svplayer) RenderThread identical 16 lines
07-15 00:43:10.147 17906 17957 E libc    : Access denied finding property "vendor.dpframework.log.enable"
07-15 00:43:10.147 17906 17957 E libc    : Access denied finding property "vendor.dpframework.dumpbuffer.checksum"
07-15 00:43:10.147 17906 17957 E libc    : Access denied finding property "vendor.dpframework.dumpbuffer.enable"
07-15 00:43:10.149 17906 23460 E FrameEvents: updateAcquireFence: Did not find frame.
07-15 00:43:10.151 17906 17920 I vision.svplaye: Background concurrent copying GC freed 183796(6MB) AllocSpace objects, 0(0B) LOS objects, 22% free, 20MB/26MB, paused 175us total 218.932ms
07-15 00:43:10.165 17906 23460 E FrameEvents: updateAcquireFence: Did not find frame.
07-15 00:43:10.194 17906 17957 E libc    : Access denied finding property "vendor.dpframework.log.enable"
07-15 00:43:10.195 17906 17957 I chatty  : uid=10247(com.smartvision.svplayer) RenderThread identical 16 lines
07-15 00:43:10.195 17906 17957 E libc    : Access denied finding property "vendor.dpframework.log.enable"
07-15 00:43:10.195 17906 17957 E libc    : Access denied finding property "vendor.dpframework.dumpbuffer.checksum"
07-15 00:43:10.195 17906 17957 E libc    : Access denied finding property "vendor.dpframework.dumpbuffer.enable"
07-15 00:43:10.197 17906 23460 E FrameEvents: updateAcquireFence: Did not find frame.
07-15 00:43:10.197 17906 17957 E libc    : Access denied finding property "vendor.dpframework.log.enable"
07-15 00:43:10.199 17906 17957 I chatty  : uid=10247(com.smartvision.svplayer) RenderThread identical 16 lines
07-15 00:43:10.199 17906 17957 E libc    : Access denied finding property "vendor.dpframework.log.enable"
07-15 00:43:10.199 17906 17957 E libc    : Access denied finding property "vendor.dpframework.dumpbuffer.checksum"
07-15 00:43:10.199 17906 17957 E libc    : Access denied finding property "vendor.dpframework.dumpbuffer.enable"
07-15 00:43:10.217 17906 23460 E FrameEvents: updateAcquireFence: Did not find frame.
07-15 00:43:10.247 17906 23460 E FrameEvents: updateAcquireFence: Did not find frame.
07-15 00:43:10.248 17906 17957 E libc    : Access denied finding property "vendor.dpframework.log.enable"
07-15 00:43:10.249 17906 17957 I chatty  : uid=10247(com.smartvision.svplayer) RenderThread identical 16 lines
07-15 00:43:10.250 17906 17957 E libc    : Access denied finding property "vendor.dpframework.log.enable"
07-15 00:43:10.250 17906 17957 E libc    : Access denied finding property "vendor.dpframework.dumpbuffer.checksum"
07-15 00:43:10.250 17906 17957 E libc    : Access denied finding property "vendor.dpframework.dumpbuffer.enable"
07-15 00:43:10.267 17906 23460 E FrameEvents: updateAcquireFence: Did not find frame.
07-15 00:43:10.296 17906 23460 E FrameEvents: updateAcquireFence: Did not find frame.
07-15 00:43:10.303 17906 17906 W RenderThread: type=1400 audit(0.0:24744): avc: denied { open } for path="/dev/__properties__/u:object_r:vendor_default_prop:s0" dev="tmpfs" ino=10686 scontext=u:r:untrusted_app:s0:c247,c256,c512,c768 tcontext=u:object_r:vendor_default_prop:s0 tclass=file permissive=0
07-15 00:43:10.303 17906 17906 I chatty  : uid=10247(com.smartvision.svplayer) identical 3 lines
07-15 00:43:10.303 17906 17906 W RenderThread: type=1400 audit(0.0:24748): avc: denied { open } for path="/dev/__properties__/u:object_r:vendor_default_prop:s0" dev="tmpfs" ino=10686 scontext=u:r:untrusted_app:s0:c247,c256,c512,c768 tcontext=u:object_r:vendor_default_prop:s0 tclass=file permissive=0
07-15 00:43:10.312 17906 17957 E libc    : Access denied finding property "vendor.dpframework.log.enable"
07-15 00:43:10.314 17906 17957 I chatty  : uid=10247(com.smartvision.svplayer) RenderThread identical 16 lines
07-15 00:43:10.314 17906 17957 E libc    : Access denied finding property "vendor.dpframework.log.enable"
07-15 00:43:10.314 17906 17957 E libc    : Access denied finding property "vendor.dpframework.dumpbuffer.checksum"
07-15 00:43:10.314 17906 17957 E libc    : Access denied finding property "vendor.dpframework.dumpbuffer.enable"
07-15 00:43:10.318 17906 23460 E FrameEvents: updateAcquireFence: Did not find frame.
07-15 00:43:10.328 17906 23460 E FrameEvents: updateAcquireFence: Did not find frame.
07-15 00:43:10.367 17906 17957 E libc    : Access denied finding property "vendor.dpframework.log.enable"
07-15 00:43:10.369 17906 23460 E FrameEvents: updateAcquireFence: Did not find frame.
07-15 00:43:10.369 17906 17957 E libc    : Access denied finding property "vendor.dpframework.log.enable"
07-15 00:43:10.372 17906 17957 I chatty  : uid=10247(com.smartvision.svplayer) RenderThread identical 15 lines
07-15 00:43:10.372 17906 17957 E libc    : Access denied finding property "vendor.dpframework.log.enable"
07-15 00:43:10.372 17906 17957 E libc    : Access denied finding property "vendor.dpframework.dumpbuffer.checksum"
07-15 00:43:10.373 17906 17957 E libc    : Access denied finding property "vendor.dpframework.dumpbuffer.enable"
07-15 00:43:10.375 17906 17957 E libc    : Access denied finding property "vendor.dpframework.log.enable"
07-15 00:43:10.376 17906 17957 I chatty  : uid=10247(com.smartvision.svplayer) RenderThread identical 16 lines
07-15 00:43:10.376 17906 17957 E libc    : Access denied finding property "vendor.dpframework.log.enable"
07-15 00:43:10.376 17906 17957 E libc    : Access denied finding property "vendor.dpframework.dumpbuffer.checksum"
07-15 00:43:10.376 17906 17957 E libc    : Access denied finding property "vendor.dpframework.dumpbuffer.enable"
07-15 00:43:10.399 17906 23460 E FrameEvents: updateAcquireFence: Did not find frame.
07-15 00:43:10.408 17906 23460 E FrameEvents: updateAcquireFence: Did not find frame.
07-15 00:43:10.421 17906 17957 E libc    : Access denied finding property "vendor.dpframework.log.enable"
07-15 00:43:10.423 17906 17957 I chatty  : uid=10247(com.smartvision.svplayer) RenderThread identical 16 lines
07-15 00:43:10.423 17906 17957 E libc    : Access denied finding property "vendor.dpframework.log.enable"
07-15 00:43:10.423 17906 17957 E libc    : Access denied finding property "vendor.dpframework.dumpbuffer.checksum"
07-15 00:43:10.423 17906 17957 E libc    : Access denied finding property "vendor.dpframework.dumpbuffer.enable"
07-15 00:43:10.450 17906 23460 E FrameEvents: updateAcquireFence: Did not find frame.
07-15 00:43:10.460 17906 23460 E FrameEvents: updateAcquireFence: Did not find frame.
07-15 00:43:10.476 17906 17957 E libc    : Access denied finding property "vendor.dpframework.log.enable"
07-15 00:43:10.478 17906 17957 I chatty  : uid=10247(com.smartvision.svplayer) RenderThread identical 16 lines
07-15 00:43:10.478 17906 17957 E libc    : Access denied finding property "vendor.dpframework.log.enable"
07-15 00:43:10.478 17906 17957 E libc    : Access denied finding property "vendor.dpframework.dumpbuffer.checksum"
07-15 00:43:10.478 17906 17957 E libc    : Access denied finding property "vendor.dpframework.dumpbuffer.enable"
07-15 00:43:10.502 17906 23460 E FrameEvents: updateAcquireFence: Did not find frame.
07-15 00:43:10.511 17906 23460 E FrameEvents: updateAcquireFence: Did not find frame.
07-15 00:43:10.530 17906 17957 E libc    : Access denied finding property "vendor.dpframework.log.enable"
07-15 00:43:10.532 17906 17957 I chatty  : uid=10247(com.smartvision.svplayer) RenderThread identical 16 lines
07-15 00:43:10.533 17906 17957 E libc    : Access denied finding property "vendor.dpframework.log.enable"
07-15 00:43:10.533 17906 17957 E libc    : Access denied finding property "vendor.dpframework.dumpbuffer.checksum"
07-15 00:43:10.533 17906 17957 E libc    : Access denied finding property "vendor.dpframework.dumpbuffer.enable"
07-15 00:43:10.552 17906 23460 E FrameEvents: updateAcquireFence: Did not find frame.
07-15 00:43:10.563 17906 23460 E FrameEvents: updateAcquireFence: Did not find frame.
07-15 00:43:10.584 17906 17957 E libc    : Access denied finding property "vendor.dpframework.log.enable"
07-15 00:43:10.586 17906 17957 I chatty  : uid=10247(com.smartvision.svplayer) RenderThread identical 16 lines
07-15 00:43:10.586 17906 17957 E libc    : Access denied finding property "vendor.dpframework.log.enable"
07-15 00:43:10.586 17906 17957 E libc    : Access denied finding property "vendor.dpframework.dumpbuffer.checksum"
07-15 00:43:10.586 17906 17957 E libc    : Access denied finding property "vendor.dpframework.dumpbuffer.enable"
07-15 00:43:10.593 17906 23460 E FrameEvents: updateAcquireFence: Did not find frame.
07-15 00:43:10.612 17906 23460 E FrameEvents: updateAcquireFence: Did not find frame.
07-15 00:43:10.638 17906 17957 E libc    : Access denied finding property "vendor.dpframework.log.enable"
07-15 00:43:10.642 17906 17957 I chatty  : uid=10247(com.smartvision.svplayer) RenderThread identical 16 lines
07-15 00:43:10.642 17906 17957 E libc    : Access denied finding property "vendor.dpframework.log.enable"
07-15 00:43:10.642 17906 17957 E libc    : Access denied finding property "vendor.dpframework.dumpbuffer.checksum"
07-15 00:43:10.642 17906 17957 E libc    : Access denied finding property "vendor.dpframework.dumpbuffer.enable"
07-15 00:43:10.645 17906 23460 E FrameEvents: updateAcquireFence: Did not find frame.
07-15 00:43:10.665 17906 23460 E FrameEvents: updateAcquireFence: Did not find frame.
07-15 00:43:10.692 17906 17957 E libc    : Access denied finding property "vendor.dpframework.log.enable"
07-15 00:43:10.693 17906 17957 I chatty  : uid=10247(com.smartvision.svplayer) RenderThread identical 16 lines
07-15 00:43:10.693 17906 17957 E libc    : Access denied finding property "vendor.dpframework.log.enable"
07-15 00:43:10.694 17906 17957 E libc    : Access denied finding property "vendor.dpframework.dumpbuffer.checksum"
07-15 00:43:10.694 17906 17957 E libc    : Access denied finding property "vendor.dpframework.dumpbuffer.enable"
07-15 00:43:10.695 17906 23460 E FrameEvents: updateAcquireFence: Did not find frame.
07-15 00:43:10.697 17906 17957 E libc    : Access denied finding property "vendor.dpframework.log.enable"
07-15 00:43:10.698 17906 17957 I chatty  : uid=10247(com.smartvision.svplayer) RenderThread identical 16 lines
07-15 00:43:10.698 17906 17957 E libc    : Access denied finding property "vendor.dpframework.log.enable"
07-15 00:43:10.698 17906 17957 E libc    : Access denied finding property "vendor.dpframework.dumpbuffer.checksum"
07-15 00:43:10.698 17906 17957 E libc    : Access denied finding property "vendor.dpframework.dumpbuffer.enable"
07-15 00:43:10.716 17906 23460 E FrameEvents: updateAcquireFence: Did not find frame.
07-15 00:43:10.746 17906 17957 E libc    : Access denied finding property "vendor.dpframework.log.enable"
07-15 00:43:10.747 17906 17957 I chatty  : uid=10247(com.smartvision.svplayer) RenderThread identical 5 lines
07-15 00:43:10.747 17906 17957 E libc    : Access denied finding property "vendor.dpframework.log.enable"
07-15 00:43:10.747 17906 23460 E FrameEvents: updateAcquireFence: Did not find frame.
07-15 00:43:10.747 17906 17957 E libc    : Access denied finding property "vendor.dpframework.log.enable"
07-15 00:43:10.748 17906 17957 I chatty  : uid=10247(com.smartvision.svplayer) RenderThread identical 9 lines
07-15 00:43:10.748 17906 17957 E libc    : Access denied finding property "vendor.dpframework.log.enable"
07-15 00:43:10.748 17906 17957 E libc    : Access denied finding property "vendor.dpframework.dumpbuffer.checksum"
07-15 00:43:10.748 17906 17957 E libc    : Access denied finding property "vendor.dpframework.dumpbuffer.enable"
07-15 00:43:10.751 17906 17957 E libc    : Access denied finding property "vendor.dpframework.log.enable"
07-15 00:43:10.752 17906 17957 I chatty  : uid=10247(com.smartvision.svplayer) RenderThread identical 16 lines
07-15 00:43:10.752 17906 17957 E libc    : Access denied finding property "vendor.dpframework.log.enable"
07-15 00:43:10.752 17906 17957 E libc    : Access denied finding property "vendor.dpframework.dumpbuffer.checksum"
07-15 00:43:10.752 17906 17957 E libc    : Access denied finding property "vendor.dpframework.dumpbuffer.enable"
07-15 00:43:10.767 17906 23460 E FrameEvents: updateAcquireFence: Did not find frame.
07-15 00:43:10.797 17906 23460 E FrameEvents: updateAcquireFence: Did not find frame.
07-15 00:43:10.800 17906 17957 E libc    : Access denied finding property "vendor.dpframework.log.enable"
07-15 00:43:10.802 17906 17957 I chatty  : uid=10247(com.smartvision.svplayer) RenderThread identical 16 lines
07-15 00:43:10.802 17906 17957 E libc    : Access denied finding property "vendor.dpframework.log.enable"
07-15 00:43:10.802 17906 17957 E libc    : Access denied finding property "vendor.dpframework.dumpbuffer.checksum"
07-15 00:43:10.802 17906 17957 E libc    : Access denied finding property "vendor.dpframework.dumpbuffer.enable"
07-15 00:43:10.820 17906 23460 E FrameEvents: updateAcquireFence: Did not find frame.
07-15 00:43:10.849 17906 23460 E FrameEvents: updateAcquireFence: Did not find frame.
07-15 00:43:10.855 17906 17957 E libc    : Access denied finding property "vendor.dpframework.log.enable"
07-15 00:43:10.858 17906 17957 I chatty  : uid=10247(com.smartvision.svplayer) RenderThread identical 16 lines
07-15 00:43:10.858 17906 17957 E libc    : Access denied finding property "vendor.dpframework.log.enable"
07-15 00:43:10.858 17906 17957 E libc    : Access denied finding property "vendor.dpframework.dumpbuffer.checksum"
07-15 00:43:10.858 17906 17957 E libc    : Access denied finding property "vendor.dpframework.dumpbuffer.enable"
07-15 00:43:10.860 17906 23460 E FrameEvents: updateAcquireFence: Did not find frame.
07-15 00:43:10.860 17906 17957 E libc    : Access denied finding property "vendor.dpframework.log.enable"
07-15 00:43:10.862 17906 17957 I chatty  : uid=10247(com.smartvision.svplayer) RenderThread identical 16 lines
07-15 00:43:10.862 17906 17957 E libc    : Access denied finding property "vendor.dpframework.log.enable"
07-15 00:43:10.862 17906 17957 E libc    : Access denied finding property "vendor.dpframework.dumpbuffer.checksum"
07-15 00:43:10.862 17906 17957 E libc    : Access denied finding property "vendor.dpframework.dumpbuffer.enable"
07-15 00:43:10.900 17906 23460 E FrameEvents: updateAcquireFence: Did not find frame.
07-15 00:43:10.909 17906 17957 E libc    : Access denied finding property "vendor.dpframework.log.enable"
07-15 00:43:10.910 17906 17957 I chatty  : uid=10247(com.smartvision.svplayer) RenderThread identical 16 lines
07-15 00:43:10.910 17906 17957 E libc    : Access denied finding property "vendor.dpframework.log.enable"
07-15 00:43:10.911 17906 17957 E libc    : Access denied finding property "vendor.dpframework.dumpbuffer.checksum"
07-15 00:43:10.911 17906 17957 E libc    : Access denied finding property "vendor.dpframework.dumpbuffer.enable"
07-15 00:43:10.911 17906 23460 E FrameEvents: updateAcquireFence: Did not find frame.
07-15 00:43:10.916 17906 17957 E libc    : Access denied finding property "vendor.dpframework.log.enable"
07-15 00:43:10.917 17906 17957 I chatty  : uid=10247(com.smartvision.svplayer) RenderThread identical 16 lines
07-15 00:43:10.917 17906 17957 E libc    : Access denied finding property "vendor.dpframework.log.enable"
07-15 00:43:10.917 17906 17957 E libc    : Access denied finding property "vendor.dpframework.dumpbuffer.checksum"
07-15 00:43:10.917 17906 17957 E libc    : Access denied finding property "vendor.dpframework.dumpbuffer.enable"
07-15 00:43:10.932 17906 23460 E FrameEvents: updateAcquireFence: Did not find frame.
07-15 00:43:10.960 17906 23460 E FrameEvents: updateAcquireFence: Did not find frame.
07-15 00:43:10.963 17906 17957 E libc    : Access denied finding property "vendor.dpframework.log.enable"
07-15 00:43:10.964 17906 17957 I chatty  : uid=10247(com.smartvision.svplayer) RenderThread identical 16 lines
07-15 00:43:10.964 17906 17957 E libc    : Access denied finding property "vendor.dpframework.log.enable"
07-15 00:43:10.964 17906 17957 E libc    : Access denied finding property "vendor.dpframework.dumpbuffer.checksum"
07-15 00:43:10.964 17906 17957 E libc    : Access denied finding property "vendor.dpframework.dumpbuffer.enable"
07-15 00:43:10.980 17906 23459 I MediaCodecLogger: 17906.HW.video.avc Dropped 40 frames
07-15 00:43:10.981 17906 23460 E FrameEvents: updateAcquireFence: Did not find frame.
07-15 00:43:11.011 17906 23460 E FrameEvents: updateAcquireFence: Did not find frame.
07-15 00:43:11.017 17906 17957 E libc    : Access denied finding property "vendor.dpframework.log.enable"
07-15 00:43:11.019 17906 17957 I chatty  : uid=10247(com.smartvision.svplayer) RenderThread identical 16 lines
07-15 00:43:11.019 17906 17957 E libc    : Access denied finding property "vendor.dpframework.log.enable"
07-15 00:43:11.020 17906 17957 E libc    : Access denied finding property "vendor.dpframework.dumpbuffer.checksum"
07-15 00:43:11.020 17906 17957 E libc    : Access denied finding property "vendor.dpframework.dumpbuffer.enable"
07-15 00:43:11.037 17906 23460 E FrameEvents: updateAcquireFence: Did not find frame.
07-15 00:43:11.066 17906 23460 E FrameEvents: updateAcquireFence: Did not find frame.
07-15 00:43:11.071 17906 17957 E libc    : Access denied finding property "vendor.dpframework.log.enable"
07-15 00:43:11.073 17906 17957 I chatty  : uid=10247(com.smartvision.svplayer) RenderThread identical 16 lines
07-15 00:43:11.074 17906 17957 E libc    : Access denied finding property "vendor.dpframework.log.enable"
07-15 00:43:11.074 17906 17957 E libc    : Access denied finding property "vendor.dpframework.dumpbuffer.checksum"
07-15 00:43:11.074 17906 17957 E libc    : Access denied finding property "vendor.dpframework.dumpbuffer.enable"
07-15 00:43:11.078 17906 23460 E FrameEvents: updateAcquireFence: Did not find frame.
07-15 00:43:11.117 17906 23460 E FrameEvents: updateAcquireFence: Did not find frame.
07-15 00:43:11.125 17906 17957 E libc    : Access denied finding property "vendor.dpframework.log.enable"
07-15 00:43:11.127 17906 17957 I chatty  : uid=10247(com.smartvision.svplayer) RenderThread identical 16 lines
07-15 00:43:11.127 17906 17957 E libc    : Access denied finding property "vendor.dpframework.log.enable"
07-15 00:43:11.127 17906 17957 E libc    : Access denied finding property "vendor.dpframework.dumpbuffer.checksum"
07-15 00:43:11.127 17906 17957 E libc    : Access denied finding property "vendor.dpframework.dumpbuffer.enable"
07-15 00:43:11.128 17906 23460 E FrameEvents: updateAcquireFence: Did not find frame.
07-15 00:43:11.130 17906 17957 E libc    : Access denied finding property "vendor.dpframework.log.enable"
07-15 00:43:11.132 17906 17957 I chatty  : uid=10247(com.smartvision.svplayer) RenderThread identical 16 lines
07-15 00:43:11.132 17906 17957 E libc    : Access denied finding property "vendor.dpframework.log.enable"
07-15 00:43:11.132 17906 17957 E libc    : Access denied finding property "vendor.dpframework.dumpbuffer.checksum"
07-15 00:43:11.132 17906 17957 E libc    : Access denied finding property "vendor.dpframework.dumpbuffer.enable"
07-15 00:43:11.168 17906 23460 E FrameEvents: updateAcquireFence: Did not find frame.
07-15 00:43:11.177 17906 23460 E FrameEvents: updateAcquireFence: Did not find frame.
07-15 00:43:11.180 17906 17957 E libc    : Access denied finding property "vendor.dpframework.log.enable"
07-15 00:43:11.181 17906 17957 I chatty  : uid=10247(com.smartvision.svplayer) RenderThread identical 16 lines
07-15 00:43:11.181 17906 17957 E libc    : Access denied finding property "vendor.dpframework.log.enable"
07-15 00:43:11.182 17906 17957 E libc    : Access denied finding property "vendor.dpframework.dumpbuffer.checksum"
07-15 00:43:11.182 17906 17957 E libc    : Access denied finding property "vendor.dpframework.dumpbuffer.enable"
07-15 00:43:11.219 17906 23460 E FrameEvents: updateAcquireFence: Did not find frame.
07-15 00:43:11.228 17906 23460 E FrameEvents: updateAcquireFence: Did not find frame.
07-15 00:43:11.233 17906 17957 E libc    : Access denied finding property "vendor.dpframework.log.enable"
07-15 00:43:11.235 17906 17957 I chatty  : uid=10247(com.smartvision.svplayer) RenderThread identical 16 lines
07-15 00:43:11.235 17906 17957 E libc    : Access denied finding property "vendor.dpframework.log.enable"
07-15 00:43:11.235 17906 17957 E libc    : Access denied finding property "vendor.dpframework.dumpbuffer.checksum"
07-15 00:43:11.236 17906 17957 E libc    : Access denied finding property "vendor.dpframework.dumpbuffer.enable"
07-15 00:43:11.260 17906 23460 E FrameEvents: updateAcquireFence: Did not find frame.
07-15 00:43:11.280 17906 23460 E FrameEvents: updateAcquireFence: Did not find frame.
07-15 00:43:11.288 17906 17957 E libc    : Access denied finding property "vendor.dpframework.log.enable"
07-15 00:43:11.289 17906 17957 I chatty  : uid=10247(com.smartvision.svplayer) RenderThread identical 16 lines
07-15 00:43:11.290 17906 17957 E libc    : Access denied finding property "vendor.dpframework.log.enable"
07-15 00:43:11.290 17906 17957 E libc    : Access denied finding property "vendor.dpframework.dumpbuffer.checksum"
07-15 00:43:11.290 17906 17957 E libc    : Access denied finding property "vendor.dpframework.dumpbuffer.enable"
07-15 00:43:11.300 17906 23459 I MediaCodecLogger: 17906.HW.video.avc.bitrateInKbps = 141
07-15 00:43:11.310 17906 23460 E FrameEvents: updateAcquireFence: Did not find frame.
07-15 00:43:11.321 17906 23468 I MediaCodecLogger: 17906.SW.audio.mp4a.bitrateInKbps = 130
07-15 00:43:11.330 17906 23460 E FrameEvents: updateAcquireFence: Did not find frame.
07-15 00:43:11.333 17906 17906 W RenderThread: type=1400 audit(0.0:25247): avc: denied { open } for path="/dev/__properties__/u:object_r:vendor_default_prop:s0" dev="tmpfs" ino=10686 scontext=u:r:untrusted_app:s0:c247,c256,c512,c768 tcontext=u:object_r:vendor_default_prop:s0 tclass=file permissive=0
07-15 00:43:11.342 17906 17957 E libc    : Access denied finding property "vendor.dpframework.log.enable"
07-15 00:43:11.343 17906 17957 I chatty  : uid=10247(com.smartvision.svplayer) RenderThread identical 15 lines
07-15 00:43:11.343 17906 17957 E libc    : Access denied finding property "vendor.dpframework.log.enable"
07-15 00:43:11.333 17906 17906 W RenderThread: type=1400 audit(0.0:25248): avc: denied { open } for path="/dev/__properties__/u:object_r:vendor_default_prop:s0" dev="tmpfs" ino=10686 scontext=u:r:untrusted_app:s0:c247,c256,c512,c768 tcontext=u:object_r:vendor_default_prop:s0 tclass=file permissive=0
07-15 00:43:11.344 17906 17957 E libc    : Access denied finding property "vendor.dpframework.log.enable"
07-15 00:43:11.333 17906 17906 W RenderThread: type=1400 audit(0.0:25249): avc: denied { open } for path="/dev/__properties__/u:object_r:vendor_default_prop:s0" dev="tmpfs" ino=10686 scontext=u:r:untrusted_app:s0:c247,c256,c512,c768 tcontext=u:object_r:vendor_default_prop:s0 tclass=file permissive=0
07-15 00:43:11.333 17906 17906 I chatty  : uid=10247(com.smartvision.svplayer) identical 1 line
07-15 00:43:11.333 17906 17906 W RenderThread: type=1400 audit(0.0:25251): avc: denied { open } for path="/dev/__properties__/u:object_r:vendor_default_prop:s0" dev="tmpfs" ino=10686 scontext=u:r:untrusted_app:s0:c247,c256,c512,c768 tcontext=u:object_r:vendor_default_prop:s0 tclass=file permissive=0
07-15 00:43:11.344 17906 17957 E libc    : Access denied finding property "vendor.dpframework.dumpbuffer.checksum"
07-15 00:43:11.344 17906 17957 E libc    : Access denied finding property "vendor.dpframework.dumpbuffer.enable"
07-15 00:43:11.371 17906 23460 E FrameEvents: updateAcquireFence: Did not find frame.
07-15 00:43:11.380 17906 23460 E FrameEvents: updateAcquireFence: Did not find frame.
07-15 00:43:11.396 17906 17957 E libc    : Access denied finding property "vendor.dpframework.log.enable"
07-15 00:43:11.398 17906 17957 I chatty  : uid=10247(com.smartvision.svplayer) RenderThread identical 16 lines
07-15 00:43:11.398 17906 17957 E libc    : Access denied finding property "vendor.dpframework.log.enable"
07-15 00:43:11.398 17906 17957 E libc    : Access denied finding property "vendor.dpframework.dumpbuffer.checksum"
07-15 00:43:11.398 17906 17957 E libc    : Access denied finding property "vendor.dpframework.dumpbuffer.enable"
07-15 00:43:11.411 17906 23460 E FrameEvents: updateAcquireFence: Did not find frame.
07-15 00:43:11.432 17906 23460 E FrameEvents: updateAcquireFence: Did not find frame.
07-15 00:43:11.450 17906 17957 E libc    : Access denied finding property "vendor.dpframework.log.enable"
07-15 00:43:11.452 17906 17957 I chatty  : uid=10247(com.smartvision.svplayer) RenderThread identical 16 lines
07-15 00:43:11.452 17906 17957 E libc    : Access denied finding property "vendor.dpframework.log.enable"
07-15 00:43:11.453 17906 17957 E libc    : Access denied finding property "vendor.dpframework.dumpbuffer.checksum"
07-15 00:43:11.453 17906 17957 E libc    : Access denied finding property "vendor.dpframework.dumpbuffer.enable"
07-15 00:43:11.468 17906 23460 E FrameEvents: updateAcquireFence: Did not find frame.
07-15 00:43:11.478 17906 23460 E FrameEvents: updateAcquireFence: Did not find frame.
07-15 00:43:11.504 17906 17957 E libc    : Access denied finding property "vendor.dpframework.log.enable"
07-15 00:43:11.506 17906 17957 I chatty  : uid=10247(com.smartvision.svplayer) RenderThread identical 16 lines
07-15 00:43:11.507 17906 17957 E libc    : Access denied finding property "vendor.dpframework.log.enable"
07-15 00:43:11.508 17906 17957 E libc    : Access denied finding property "vendor.dpframework.dumpbuffer.checksum"
07-15 00:43:11.508 17906 17957 E libc    : Access denied finding property "vendor.dpframework.dumpbuffer.enable"
07-15 00:43:11.519 17906 23460 E FrameEvents: updateAcquireFence: Did not find frame.
07-15 00:43:11.529 17906 23460 E FrameEvents: updateAcquireFence: Did not find frame.
07-15 00:43:11.558 17906 17957 E libc    : Access denied finding property "vendor.dpframework.log.enable"
07-15 00:43:11.560 17906 17957 I chatty  : uid=10247(com.smartvision.svplayer) RenderThread identical 16 lines
07-15 00:43:11.560 17906 17957 E libc    : Access denied finding property "vendor.dpframework.log.enable"
07-15 00:43:11.560 17906 17957 E libc    : Access denied finding property "vendor.dpframework.dumpbuffer.checksum"
07-15 00:43:11.560 17906 17957 E libc    : Access denied finding property "vendor.dpframework.dumpbuffer.enable"
07-15 00:43:11.570 17906 23460 E FrameEvents: updateAcquireFence: Did not find frame.
07-15 00:43:11.582 17906 23460 E FrameEvents: updateAcquireFence: Did not find frame.
07-15 00:43:11.613 17906 17957 E libc    : Access denied finding property "vendor.dpframework.log.enable"
07-15 00:43:11.614 17906 17957 I chatty  : uid=10247(com.smartvision.svplayer) RenderThread identical 15 lines
07-15 00:43:11.614 17906 17957 E libc    : Access denied finding property "vendor.dpframework.log.enable"
07-15 00:43:11.614 17906 23460 E FrameEvents: updateAcquireFence: Did not find frame.
07-15 00:43:11.614 17906 17957 E libc    : Access denied finding property "vendor.dpframework.log.enable"
07-15 00:43:11.614 17906 17957 E libc    : Access denied finding property "vendor.dpframework.dumpbuffer.checksum"
07-15 00:43:11.615 17906 17957 E libc    : Access denied finding property "vendor.dpframework.dumpbuffer.enable"
07-15 00:43:11.617 17906 17957 E libc    : Access denied finding property "vendor.dpframework.log.enable"
07-15 00:43:11.618 17906 17957 I chatty  : uid=10247(com.smartvision.svplayer) RenderThread identical 16 lines
07-15 00:43:11.618 17906 17957 E libc    : Access denied finding property "vendor.dpframework.log.enable"
07-15 00:43:11.618 17906 17957 E libc    : Access denied finding property "vendor.dpframework.dumpbuffer.checksum"
07-15 00:43:11.618 17906 17957 E libc    : Access denied finding property "vendor.dpframework.dumpbuffer.enable"
07-15 00:43:11.635 17906 23460 E FrameEvents: updateAcquireFence: Did not find frame.
07-15 00:43:11.664 17906 23460 E FrameEvents: updateAcquireFence: Did not find frame.
07-15 00:43:11.667 17906 17957 E libc    : Access denied finding property "vendor.dpframework.log.enable"
07-15 00:43:11.668 17906 17957 I chatty  : uid=10247(com.smartvision.svplayer) RenderThread identical 16 lines
07-15 00:43:11.668 17906 17957 E libc    : Access denied finding property "vendor.dpframework.log.enable"
07-15 00:43:11.668 17906 17957 E libc    : Access denied finding property "vendor.dpframework.dumpbuffer.checksum"
07-15 00:43:11.669 17906 17957 E libc    : Access denied finding property "vendor.dpframework.dumpbuffer.enable"
07-15 00:43:11.686 17906 23460 E FrameEvents: updateAcquireFence: Did not find frame.
07-15 00:43:11.715 17906 23460 E FrameEvents: updateAcquireFence: Did not find frame.
07-15 00:43:11.727 17906 17957 E libc    : Access denied finding property "vendor.dpframework.log.enable"
07-15 00:43:11.728 17906 17957 I chatty  : uid=10247(com.smartvision.svplayer) RenderThread identical 1 line
07-15 00:43:11.728 17906 17957 E libc    : Access denied finding property "vendor.dpframework.log.enable"
07-15 00:43:11.728 17906 17957 E libc    : Access denied finding property "vendor.dpframework.log.enable"
07-15 00:43:11.728 17906 17957 E libc    : Access denied finding property "vendor.dpframework.log.enable"
07-15 00:43:11.728 17906 17957 E libc    : Access denied finding property "vendor.dpframework.log.enable"
07-15 00:43:11.729 17906 17957 I chatty  : uid=10247(com.smartvision.svplayer) RenderThread identical 11 lines
07-15 00:43:11.729 17906 17957 E libc    : Access denied finding property "vendor.dpframework.log.enable"
07-15 00:43:11.729 17906 17957 E libc    : Access denied finding property "vendor.dpframework.dumpbuffer.checksum"
07-15 00:43:11.729 17906 17957 E libc    : Access denied finding property "vendor.dpframework.dumpbuffer.enable"
07-15 00:43:11.744 17906 23460 E FrameEvents: updateAcquireFence: Did not find frame.
07-15 00:43:11.767 17906 23460 E FrameEvents: updateAcquireFence: Did not find frame.
07-15 00:43:11.775 17906 17957 E libc    : Access denied finding property "vendor.dpframework.log.enable"
07-15 00:43:11.776 17906 17957 I chatty  : uid=10247(com.smartvision.svplayer) RenderThread identical 16 lines
07-15 00:43:11.777 17906 17957 E libc    : Access denied finding property "vendor.dpframework.log.enable"
07-15 00:43:11.778 17906 17957 E libc    : Access denied finding property "vendor.dpframework.dumpbuffer.checksum"
07-15 00:43:11.778 17906 17957 E libc    : Access denied finding property "vendor.dpframework.dumpbuffer.enable"
07-15 00:43:11.780 17906 23460 E FrameEvents: updateAcquireFence: Did not find frame.
07-15 00:43:11.869 17906 23460 I chatty  : uid=10247(com.smartvision.svplayer) JNISurfaceTextu identical 3 lines
07-15 00:43:11.879 17906 23460 E FrameEvents: updateAcquireFence: Did not find frame.
07-15 00:43:11.885 17906 17957 E libc    : Access denied finding property "vendor.dpframework.log.enable"
07-15 00:43:11.886 17906 17957 I chatty  : uid=10247(com.smartvision.svplayer) RenderThread identical 16 lines
07-15 00:43:11.886 17906 17957 E libc    : Access denied finding property "vendor.dpframework.log.enable"
07-15 00:43:11.886 17906 17957 E libc    : Access denied finding property "vendor.dpframework.dumpbuffer.checksum"
07-15 00:43:11.886 17906 17957 E libc    : Access denied finding property "vendor.dpframework.dumpbuffer.enable"
07-15 00:43:11.910 17906 23460 E FrameEvents: updateAcquireFence: Did not find frame.
07-15 00:43:11.930 17906 23460 I chatty  : uid=10247(com.smartvision.svplayer) JNISurfaceTextu identical 1 line
07-15 00:43:11.963 17906 23460 E FrameEvents: updateAcquireFence: Did not find frame.
07-15 00:43:11.983 17906 23459 I MediaCodecLogger: 17906.HW.video.avc Dropped 50 frames
07-15 00:43:11.983 17906 23460 E FrameEvents: updateAcquireFence: Did not find frame.
07-15 00:43:12.013 17906 23460 I chatty  : uid=10247(com.smartvision.svplayer) JNISurfaceTextu identical 1 line
07-15 00:43:12.033 17906 23460 E FrameEvents: updateAcquireFence: Did not find frame.
07-15 00:43:12.049 17906 17957 E libc    : Access denied finding property "vendor.dpframework.log.enable"
07-15 00:43:12.050 17906 17957 I chatty  : uid=10247(com.smartvision.svplayer) RenderThread identical 16 lines
07-15 00:43:12.050 17906 17957 E libc    : Access denied finding property "vendor.dpframework.log.enable"
07-15 00:43:12.051 17906 17957 E libc    : Access denied finding property "vendor.dpframework.dumpbuffer.checksum"
07-15 00:43:12.051 17906 17957 E libc    : Access denied finding property "vendor.dpframework.dumpbuffer.enable"
07-15 00:43:12.074 17906 23460 E FrameEvents: updateAcquireFence: Did not find frame.
07-15 00:43:12.077 17906 17920 I vision.svplaye: Background concurrent copying GC freed 171395(6MB) AllocSpace objects, 0(0B) LOS objects, 22% free, 20MB/26MB, paused 214us total 229.596ms
07-15 00:43:12.083 17906 23460 E FrameEvents: updateAcquireFence: Did not find frame.
07-15 00:43:12.114 17906 23460 I chatty  : uid=10247(com.smartvision.svplayer) JNISurfaceTextu identical 1 line
07-15 00:43:12.135 17906 23460 E FrameEvents: updateAcquireFence: Did not find frame.
07-15 00:43:12.158 17906 17957 E libc    : Access denied finding property "vendor.dpframework.log.enable"
07-15 00:43:12.159 17906 17957 I chatty  : uid=10247(com.smartvision.svplayer) RenderThread identical 16 lines
07-15 00:43:12.159 17906 17957 E libc    : Access denied finding property "vendor.dpframework.log.enable"
07-15 00:43:12.159 17906 17957 E libc    : Access denied finding property "vendor.dpframework.dumpbuffer.checksum"
07-15 00:43:12.159 17906 17957 E libc    : Access denied finding property "vendor.dpframework.dumpbuffer.enable"
07-15 00:43:12.165 17906 23460 E FrameEvents: updateAcquireFence: Did not find frame.
07-15 00:43:12.215 17906 23460 I chatty  : uid=10247(com.smartvision.svplayer) JNISurfaceTextu identical 2 lines
07-15 00:43:12.238 17906 23460 E FrameEvents: updateAcquireFence: Did not find frame.
07-15 00:43:12.267 17906 17957 E libc    : Access denied finding property "vendor.dpframework.log.enable"
07-15 00:43:12.268 17906 17957 I chatty  : uid=10247(com.smartvision.svplayer) RenderThread identical 16 lines
07-15 00:43:12.268 17906 17957 E libc    : Access denied finding property "vendor.dpframework.log.enable"
07-15 00:43:12.268 17906 17957 E libc    : Access denied finding property "vendor.dpframework.dumpbuffer.checksum"
07-15 00:43:12.268 17906 17957 E libc    : Access denied finding property "vendor.dpframework.dumpbuffer.enable"
07-15 00:43:12.270 17906 17957 E libc    : Access denied finding property "vendor.dpframework.log.enable"
07-15 00:43:12.270 17906 17957 E libc    : Access denied finding property "vendor.dpframework.log.enable"
07-15 00:43:12.270 17906 23460 E FrameEvents: updateAcquireFence: Did not find frame.
07-15 00:43:12.270 17906 17957 E libc    : Access denied finding property "vendor.dpframework.log.enable"
07-15 00:43:12.271 17906 17957 I chatty  : uid=10247(com.smartvision.svplayer) RenderThread identical 14 lines
07-15 00:43:12.271 17906 17957 E libc    : Access denied finding property "vendor.dpframework.log.enable"
07-15 00:43:12.272 17906 17957 E libc    : Access denied finding property "vendor.dpframework.dumpbuffer.checksum"
07-15 00:43:12.272 17906 17957 E libc    : Access denied finding property "vendor.dpframework.dumpbuffer.enable"
07-15 00:43:12.280 17906 23460 E FrameEvents: updateAcquireFence: Did not find frame.
07-15 00:43:12.331 17906 23460 I chatty  : uid=10247(com.smartvision.svplayer) JNISurfaceTextu identical 2 lines
07-15 00:43:12.363 17906 23460 E FrameEvents: updateAcquireFence: Did not find frame.
07-15 00:43:12.373 17906 17906 W RenderThread: type=1400 audit(0.0:25549): avc: denied { open } for path="/dev/__properties__/u:object_r:vendor_default_prop:s0" dev="tmpfs" ino=10686 scontext=u:r:untrusted_app:s0:c247,c256,c512,c768 tcontext=u:object_r:vendor_default_prop:s0 tclass=file permissive=0
07-15 00:43:12.373 17906 17906 W RenderThread: type=1400 audit(0.0:25550): avc: denied { open } for path="/dev/__properties__/u:object_r:vendor_default_prop:s0" dev="tmpfs" ino=10686 scontext=u:r:untrusted_app:s0:c247,c256,c512,c768 tcontext=u:object_r:vendor_default_prop:s0 tclass=file permissive=0
07-15 00:43:12.376 17906 17957 E libc    : Access denied finding property "vendor.dpframework.log.enable"
07-15 00:43:12.377 17906 17957 I chatty  : uid=10247(com.smartvision.svplayer) RenderThread identical 16 lines
07-15 00:43:12.378 17906 17957 E libc    : Access denied finding property "vendor.dpframework.log.enable"
07-15 00:43:12.378 17906 17957 E libc    : Access denied finding property "vendor.dpframework.dumpbuffer.checksum"
07-15 00:43:12.378 17906 17957 E libc    : Access denied finding property "vendor.dpframework.dumpbuffer.enable"
07-15 00:43:12.373 17906 17906 W RenderThread: type=1400 audit(0.0:25551): avc: denied { open } for path="/dev/__properties__/u:object_r:vendor_default_prop:s0" dev="tmpfs" ino=10686 scontext=u:r:untrusted_app:s0:c247,c256,c512,c768 tcontext=u:object_r:vendor_default_prop:s0 tclass=file permissive=0
07-15 00:43:12.373 17906 17906 I chatty  : uid=10247(com.smartvision.svplayer) identical 1 line
07-15 00:43:12.373 17906 17906 W RenderThread: type=1400 audit(0.0:25553): avc: denied { open } for path="/dev/__properties__/u:object_r:vendor_default_prop:s0" dev="tmpfs" ino=10686 scontext=u:r:untrusted_app:s0:c247,c256,c512,c768 tcontext=u:object_r:vendor_default_prop:s0 tclass=file permissive=0
07-15 00:43:12.384 17906 23460 E FrameEvents: updateAcquireFence: Did not find frame.
07-15 00:43:12.414 17906 23460 E FrameEvents: updateAcquireFence: Did not find frame.
07-15 00:43:12.435 17906 23460 I chatty  : uid=10247(com.smartvision.svplayer) JNISurfaceTextu identical 1 line
07-15 00:43:12.466 17906 23460 E FrameEvents: updateAcquireFence: Did not find frame.
07-15 00:43:12.485 17906 17957 E libc    : Access denied finding property "vendor.dpframework.log.enable"
07-15 00:43:12.486 17906 17957 I chatty  : uid=10247(com.smartvision.svplayer) RenderThread identical 16 lines
07-15 00:43:12.486 17906 17957 E libc    : Access denied finding property "vendor.dpframework.log.enable"
07-15 00:43:12.486 17906 17957 E libc    : Access denied finding property "vendor.dpframework.dumpbuffer.checksum"
07-15 00:43:12.486 17906 17957 E libc    : Access denied finding property "vendor.dpframework.dumpbuffer.enable"
07-15 00:43:12.486 17906 23460 E FrameEvents: updateAcquireFence: Did not find frame.
07-15 00:43:12.489 17906 17957 E libc    : Access denied finding property "vendor.dpframework.log.enable"
07-15 00:43:12.490 17906 17957 I chatty  : uid=10247(com.smartvision.svplayer) RenderThread identical 16 lines
07-15 00:43:12.490 17906 17957 E libc    : Access denied finding property "vendor.dpframework.log.enable"
07-15 00:43:12.490 17906 17957 E libc    : Access denied finding property "vendor.dpframework.dumpbuffer.checksum"
07-15 00:43:12.490 17906 17957 E libc    : Access denied finding property "vendor.dpframework.dumpbuffer.enable"
07-15 00:43:12.516 17906 23460 E FrameEvents: updateAcquireFence: Did not find frame.
07-15 00:43:12.566 17906 23460 I chatty  : uid=10247(com.smartvision.svplayer) JNISurfaceTextu identical 2 lines
07-15 00:43:12.587 17906 23460 E FrameEvents: updateAcquireFence: Did not find frame.
07-15 00:43:12.594 17906 17957 E libc    : Access denied finding property "vendor.dpframework.log.enable"
07-15 00:43:12.595 17906 17957 I chatty  : uid=10247(com.smartvision.svplayer) RenderThread identical 16 lines
07-15 00:43:12.595 17906 17957 E libc    : Access denied finding property "vendor.dpframework.log.enable"
07-15 00:43:12.595 17906 17957 E libc    : Access denied finding property "vendor.dpframework.dumpbuffer.checksum"
07-15 00:43:12.595 17906 17957 E libc    : Access denied finding property "vendor.dpframework.dumpbuffer.enable"
07-15 00:43:12.618 17906 23460 E FrameEvents: updateAcquireFence: Did not find frame.
07-15 00:43:12.718 17906 23460 I chatty  : uid=10247(com.smartvision.svplayer) JNISurfaceTextu identical 4 lines
07-15 00:43:12.729 17906 23460 E FrameEvents: updateAcquireFence: Did not find frame.
07-15 00:43:12.756 17906 17957 E libc    : Access denied finding property "vendor.dpframework.log.enable"
07-15 00:43:12.759 17906 17957 I chatty  : uid=10247(com.smartvision.svplayer) RenderThread identical 16 lines
07-15 00:43:12.759 17906 17957 E libc    : Access denied finding property "vendor.dpframework.log.enable"
07-15 00:43:12.759 17906 17957 E libc    : Access denied finding property "vendor.dpframework.dumpbuffer.checksum"
07-15 00:43:12.759 17906 17957 E libc    : Access denied finding property "vendor.dpframework.dumpbuffer.enable"
