--------- beginning of main
07-15 02:08:13.867 17906 17920 I vision.svplaye: Background concurrent copying GC freed 204423(6MB) AllocSpace objects, 0(0B) LOS objects, 20% free, 22MB/28MB, paused 605us total 269.096ms
07-15 02:08:15.425 17906 17920 I vision.svplaye: Background concurrent copying GC freed 206147(6MB) AllocSpace objects, 1(20KB) LOS objects, 20% free, 22MB/28MB, paused 503us total 253.231ms
07-15 02:08:16.996 17906 17920 I vision.svplaye: Background concurrent copying GC freed 202172(6MB) AllocSpace objects, 0(0B) LOS objects, 20% free, 22MB/28MB, paused 527us total 258.481ms
07-15 02:08:18.572 17906 17920 I vision.svplaye: Background concurrent copying GC freed 205112(6MB) AllocSpace objects, 0(0B) LOS objects, 20% free, 22MB/28MB, paused 491us total 261.054ms
07-15 02:08:20.171 17906 17920 I vision.svplaye: Background concurrent copying GC freed 202357(6MB) AllocSpace objects, 0(0B) LOS objects, 20% free, 22MB/28MB, paused 536us total 261.917ms
07-15 02:08:21.768 17906 17920 I vision.svplaye: Background concurrent copying GC freed 203298(6MB) AllocSpace objects, 0(0B) LOS objects, 20% free, 22MB/28MB, paused 524us total 255.746ms
07-15 02:08:22.906 17906 17906 I SVHomeFocus: scroll start target=continue_watching from=13 to=296 max=752
07-15 02:08:22.906 17906 17906 I SVHomeFocus: requestRowFocus target=continue_watching rowAlreadyAtFirst
07-15 02:08:22.906 17906 17906 I SVHomeFocus: requestRowFocus target=continue_watching rowScrolledToFirst
07-15 02:08:23.296 17906 17906 I SVHomeFocus: scroll end target=continue_watching value=296
07-15 02:08:23.338 17906 17906 I SVHomeFocus: focus requested target=continue_watching
07-15 02:08:23.387 17906 17906 I SVHomeFocus: focused row=Continue watching index=0 id=live:1389624
07-15 02:08:23.393 17906 17920 I vision.svplaye: Background concurrent copying GC freed 204361(6MB) AllocSpace objects, 0(0B) LOS objects, 20% free, 22MB/28MB, paused 540us total 286.235ms
07-15 02:08:24.014 17906 17906 I ExoPlayerImpl: Init 903a638 [AndroidXMedia3/1.6.1] [sheldonp, AFTSSS, Amazon, 28]
07-15 02:08:24.608 17906 17906 I ExoPlayerImpl: Release 903a638 [AndroidXMedia3/1.6.1] [sheldonp, AFTSSS, Amazon, 28] [media3.common, media3.exoplayer, media3.decoder, media3.ui, media3.datasource, media3.extractor]
07-15 02:08:24.622 17906 27819 I OMXClient: IOmx service obtained
07-15 02:08:24.628 17906 27818 I MediaCodec: [OMX.MTK.VIDEO.DECODER.AVC] setting surface generation to 18335783
07-15 02:08:24.629 17906 27818 I MediaCodecLogger: [ASAP] HW.video.avc P2 + 20149523
07-15 02:08:24.630 17906 27818 I MediaCodecLogger: HW.video.avc Adaptive Streaming max w:1280 h:720, screen size:FHD
07-15 02:08:24.630 17906 27819 I ACodec  : Call prepareForAdaptivePlayback. maxWidth 1280, maxHeight 720.
07-15 02:08:24.630 17906 27819 I ACodec  : [OMX.MTK.VIDEO.DECODER.AVC] prepareForAdaptivePlayback failed w/ err -1010
07-15 02:08:24.631 17906 27819 I ACodec  : codec does not support config priority (err -1010)
07-15 02:08:24.634 17906 27818 I MediaCodecLogger: [ASAP] HW.video.avc P2 - 20149528
07-15 02:08:24.635 17906 27807 I MediaCodecLogger: [ASAP] HW.video.avc P3 + 20149529
07-15 02:08:24.657 17906 27819 W ACodec  : [OMX.MTK.VIDEO.DECODER.AVC] setting nBufferCountActual to 8 failed: -22
07-15 02:08:24.657 17906 27819 W ACodec  : [OMX.MTK.VIDEO.DECODER.AVC] setting nBufferCountActual to 7 failed: -22
07-15 02:08:24.659 17906 27818 I MediaCodecLogger: [ASAP] HW.video.avc P3 - 20149553
07-15 02:08:24.661 17906 27819 W MapperHal: buffer descriptor with invalid usage bits 0x2000
07-15 02:08:24.663 17906 27818 I MediaCodecLogger: [ASAP] HW.video.avc Got First Input Frame 20149557 pts:1000000000000
07-15 02:08:24.665 17906 27819 W MapperHal: buffer descriptor with invalid usage bits 0x2000
07-15 02:08:24.674 17906 27827 I OMXClient: IOmx service obtained
07-15 02:08:24.678 17906 27819 W MapperHal: buffer descriptor with invalid usage bits 0x2000
07-15 02:08:24.690 17906 27827 I MediaCodecLogger: [ASAP] SW.audio.mp4a P2 + 20149584
07-15 02:08:24.691 17906 27827 I ACodec  : codec does not support config priority (err -2147483648)
07-15 02:08:24.691 17906 27827 I ACodec  : codec does not support config operating rate (err -2147483648)
07-15 02:08:24.692 17906 27827 I MediaCodecLogger: [ASAP] SW.audio.mp4a P2 - 20149586
07-15 02:08:24.693 17906 27807 I MediaCodecLogger: [ASAP] SW.audio.mp4a P3 + 20149587
07-15 02:08:24.708 17906 27827 I MediaCodecLogger: [ASAP] SW.audio.mp4a P3 - 20149602
07-15 02:08:24.710 17906 27827 I MediaCodecLogger: [ASAP] SW.audio.mp4a Got First Input Frame 20149604 pts:1000000004000
07-15 02:08:24.715 17906 27819 W AHierarchicalStateMachine: Warning message AMessage(what = 'omxI') = {
07-15 02:08:24.715 17906 27819 W AHierarchicalStateMachine:   int32_t type = 0
07-15 02:08:24.715 17906 27819 W AHierarchicalStateMachine:   int32_t event = 3
07-15 02:08:24.715 17906 27819 W AHierarchicalStateMachine:   int32_t data1 = 1
07-15 02:08:24.715 17906 27819 W AHierarchicalStateMachine:   int32_t data2 = 117440527
07-15 02:08:24.715 17906 27819 W AHierarchicalStateMachine: } unhandled in root state.
07-15 02:08:24.720 17906 27827 I MediaCodecLogger: updatePTSTime [SW.audio.mp4a] First PTS after Flush or reset = 1000000004000
07-15 02:08:24.722 17906 27819 W ACodec  : [OMX.MTK.VIDEO.DECODER.AVC] setting nBufferCountActual to 15 failed: -22
07-15 02:08:24.723 17906 27819 W ACodec  : [OMX.MTK.VIDEO.DECODER.AVC] setting nBufferCountActual to 14 failed: -22
07-15 02:08:24.724 17906 27827 I MediaCodecLogger: [ASAP] SW.audio.mp4a Got First Frame Ready 20149614(10)
07-15 02:08:24.725 17906 27819 W MapperHal: buffer descriptor with invalid usage bits 0x2000
07-15 02:08:24.743 17906 27819 I chatty  : uid=10247(com.smartvision.svplayer) identical 6 lines
07-15 02:08:24.750 17906 27819 W MapperHal: buffer descriptor with invalid usage bits 0x2000
07-15 02:08:24.775 17906 27819 W MapperHal: buffer descriptor with invalid usage bits 0x2000
07-15 02:08:24.778 17906 27819 W MapperHal: buffer descriptor with invalid usage bits 0x2000
07-15 02:08:24.841 17906 27807 I MediaCodecLogger: 17906.HW.video.avc.ASAP-P2Ms = 5
07-15 02:08:24.841 17906 27807 I MediaCodecLogger: 17906.HW.video.avc.ASAP-P3Ms = 24
07-15 02:08:24.841 17906 27807 I MediaCodecLogger: 17906.HW.video.avc.FirstFrameReadyMs = -20149557
07-15 02:08:24.833 17906 17906 W ExoPlayer:Playb: type=1400 audit(0.0:58977): avc: denied { read } for name="u:object_r:media_prop:s0" dev="tmpfs" ino=10500 scontext=u:r:untrusted_app:s0:c247,c256,c512,c768 tcontext=u:object_r:media_prop:s0 tclass=file permissive=0
07-15 02:08:24.843 17906 27807 E libc    : Access denied finding property "media.metrics.enabled"
07-15 02:08:24.853 17906 27807 E libc    : Access denied finding property "media.metrics.enabled"
07-15 02:08:24.843 17906 17906 W ExoPlayer:Playb: type=1400 audit(0.0:58978): avc: denied { read } for name="u:object_r:media_prop:s0" dev="tmpfs" ino=10500 scontext=u:r:untrusted_app:s0:c247,c256,c512,c768 tcontext=u:object_r:media_prop:s0 tclass=file permissive=0
07-15 02:08:24.862 17906 17906 I SVHomeFocus: focused row=Continue watching index=1 id=episode:1397289
07-15 02:08:24.867 17906 18199 W AmazonKeyEventLogging: remote_perf key event latency detected [Source: ViewRootImpl, KeyCode: KEYCODE_XXXX, IsDown: 0, Repeat: 0, EventTime: 20149409, Latency: 351, DeviceId: -1, AppPackage: com.smartvision.svplayer]
07-15 02:08:24.897 17906 17920 I vision.svplaye: Background concurrent copying GC freed 192536(6MB) AllocSpace objects, 2(56KB) LOS objects, 20% free, 22MB/28MB, paused 463us total 350.111ms
07-15 02:08:26.406 17906 17920 I vision.svplaye: Background concurrent copying GC freed 185163(6MB) AllocSpace objects, 8(544KB) LOS objects, 20% free, 22MB/28MB, paused 590us total 271.934ms
07-15 02:08:26.575 17906 17906 I SVHomeFocus: focused row=Continue watching index=0 id=live:1389624
07-15 02:08:27.227 17906 17906 I ExoPlayerImpl: Init dbf564f [AndroidXMedia3/1.6.1] [sheldonp, AFTSSS, Amazon, 28]
07-15 02:08:27.481 17906 27847 I OMXClient: IOmx service obtained
07-15 02:08:27.501 17906 27846 I MediaCodec: [OMX.MTK.VIDEO.DECODER.AVC] setting surface generation to 18335784
07-15 02:08:27.501 17906 27846 I MediaCodecLogger: [ASAP] HW.video.avc P2 + 20152395
07-15 02:08:27.502 17906 27846 I MediaCodecLogger: HW.video.avc Adaptive Streaming max w:1280 h:720, screen size:FHD
07-15 02:08:27.503 17906 27847 I ACodec  : Call prepareForAdaptivePlayback. maxWidth 1280, maxHeight 720.
07-15 02:08:27.504 17906 27847 I ACodec  : [OMX.MTK.VIDEO.DECODER.AVC] prepareForAdaptivePlayback failed w/ err -1010
07-15 02:08:27.506 17906 27847 I ACodec  : codec does not support config priority (err -1010)
07-15 02:08:27.508 17906 27846 I MediaCodecLogger: [ASAP] HW.video.avc P2 - 20152402
07-15 02:08:27.510 17906 27842 I MediaCodecLogger: [ASAP] HW.video.avc P3 + 20152404
07-15 02:08:27.536 17906 27847 W ACodec  : [OMX.MTK.VIDEO.DECODER.AVC] setting nBufferCountActual to 8 failed: -22
07-15 02:08:27.536 17906 27847 W ACodec  : [OMX.MTK.VIDEO.DECODER.AVC] setting nBufferCountActual to 7 failed: -22
07-15 02:08:27.538 17906 27846 I MediaCodecLogger: [ASAP] HW.video.avc P3 - 20152432
07-15 02:08:27.540 17906 27847 W MapperHal: buffer descriptor with invalid usage bits 0x2000
07-15 02:08:27.540 17906 27846 I MediaCodecLogger: [ASAP] HW.video.avc Got First Input Frame 20152434 pts:1000000000000
07-15 02:08:27.545 17906 27847 W MapperHal: buffer descriptor with invalid usage bits 0x2000
07-15 02:08:27.558 17906 27847 W MapperHal: buffer descriptor with invalid usage bits 0x2000
07-15 02:08:27.565 17906 27855 I OMXClient: IOmx service obtained
07-15 02:08:27.568 17906 27855 I MediaCodecLogger: [ASAP] SW.audio.mp4a P2 + 20152462
07-15 02:08:27.569 17906 27855 I ACodec  : codec does not support config priority (err -2147483648)
07-15 02:08:27.569 17906 27855 I ACodec  : codec does not support config operating rate (err -2147483648)
07-15 02:08:27.570 17906 27855 I MediaCodecLogger: [ASAP] SW.audio.mp4a P2 - 20152464
07-15 02:08:27.571 17906 27842 I MediaCodecLogger: [ASAP] SW.audio.mp4a P3 + 20152465
07-15 02:08:27.598 17906 27847 W AHierarchicalStateMachine: Warning message AMessage(what = 'omxI') = {
07-15 02:08:27.598 17906 27847 W AHierarchicalStateMachine:   int32_t type = 0
07-15 02:08:27.598 17906 27847 W AHierarchicalStateMachine:   int32_t event = 3
07-15 02:08:27.598 17906 27847 W AHierarchicalStateMachine:   int32_t data1 = 1
07-15 02:08:27.598 17906 27847 W AHierarchicalStateMachine:   int32_t data2 = 117440527
07-15 02:08:27.598 17906 27847 W AHierarchicalStateMachine: } unhandled in root state.
07-15 02:08:27.599 17906 27855 I MediaCodecLogger: [ASAP] SW.audio.mp4a P3 - 20152493
07-15 02:08:27.602 17906 27855 I MediaCodecLogger: [ASAP] SW.audio.mp4a Got First Input Frame 20152496 pts:1000000004000
07-15 02:08:27.602 17906 27847 W ACodec  : [OMX.MTK.VIDEO.DECODER.AVC] setting nBufferCountActual to 15 failed: -22
07-15 02:08:27.602 17906 27847 W ACodec  : [OMX.MTK.VIDEO.DECODER.AVC] setting nBufferCountActual to 14 failed: -22
07-15 02:08:27.605 17906 27847 W MapperHal: buffer descriptor with invalid usage bits 0x2000
07-15 02:08:27.622 17906 27847 I chatty  : uid=10247(com.smartvision.svplayer) identical 6 lines
07-15 02:08:27.624 17906 27847 W MapperHal: buffer descriptor with invalid usage bits 0x2000
07-15 02:08:27.637 17906 27855 I MediaCodecLogger: updatePTSTime [SW.audio.mp4a] First PTS after Flush or reset = 1000000004000
07-15 02:08:27.640 17906 27847 W MapperHal: buffer descriptor with invalid usage bits 0x2000
07-15 02:08:27.643 17906 27855 I MediaCodecLogger: [ASAP] SW.audio.mp4a Got First Frame Ready 20152532(36)
07-15 02:08:27.647 17906 27847 W MapperHal: buffer descriptor with invalid usage bits 0x2000
07-15 02:08:27.662 17906 27842 I android.media.AudioTrack: AUDIOINFO: audio_input: format: 2 sample_rate: 48000 channels: 2 AudioAttributes: AudioAttributes: usage=USAGE_MEDIA content=CONTENT_TYPE_MUSIC flags=0x200 tags= bundle=null
07-15 02:08:27.666 17906 27846 I MediaCodecLogger: updateFormatChanged width = 1280 height = 720
07-15 02:08:27.667 17906 27846 I MediaCodecLogger: updatePTSTime [HW.video.avc] First PTS after Flush or reset = 1000000000000
07-15 02:08:27.668 17906 27846 I MediaCodecLogger: [ASAP] HW.video.avc Got First Frame Ready 20152561(127)
07-15 02:08:27.979 17906 17920 I vision.svplaye: Background concurrent copying GC freed 183394(6MB) AllocSpace objects, 5(260KB) LOS objects, 19% free, 24MB/30MB, paused 621us total 500.713ms
07-15 02:08:28.421 17906 17906 I SVHomeFocus: scroll start target=trending_movies from=431 to=632 max=752
07-15 02:08:28.421 17906 17906 I SVHomeFocus: requestRowFocus target=trending_movies rowAlreadyAtFirst
07-15 02:08:28.421 17906 17906 I SVHomeFocus: requestRowFocus target=trending_movies rowScrolledToFirst
07-15 02:08:28.819 17906 17906 I SVHomeFocus: scroll end target=trending_movies value=632
07-15 02:08:28.880 17906 17906 I SVHomeFocus: focus requested target=trending_movies
07-15 02:08:28.945 17906 17906 I ExoPlayerImpl: Release dbf564f [AndroidXMedia3/1.6.1] [sheldonp, AFTSSS, Amazon, 28] [media3.common, media3.exoplayer, media3.decoder, media3.ui, media3.datasource, media3.extractor]
07-15 02:08:28.947 17906 27842 I MediaCodecLogger: Flushing: 17906.HW.video.avc.framerate = 50.000 fps
07-15 02:08:28.973 17906 17906 W ExoPlayer:Audio: type=1400 audit(0.0:58980): avc: denied { read } for name="u:object_r:media_prop:s0" dev="tmpfs" ino=10500 scontext=u:r:untrusted_app:s0:c247,c256,c512,c768 tcontext=u:object_r:media_prop:s0 tclass=file permissive=0
07-15 02:08:28.982 17906 27871 E libc    : Access denied finding property "media.metrics.enabled"
07-15 02:08:29.008 17906 27842 I MediaCodecLogger: 17906.HW.video.avc.ASAP-P2Ms = 7
07-15 02:08:29.008 17906 27842 I MediaCodecLogger: 17906.HW.video.avc.ASAP-P3Ms = 28
07-15 02:08:29.008 17906 27842 I MediaCodecLogger: 17906.HW.video.avc.FirstFrameReadyMs = 127
07-15 02:08:29.003 17906 17906 W ExoPlayer:Playb: type=1400 audit(0.0:58981): avc: denied { read } for name="u:object_r:media_prop:s0" dev="tmpfs" ino=10500 scontext=u:r:untrusted_app:s0:c247,c256,c512,c768 tcontext=u:object_r:media_prop:s0 tclass=file permissive=0
07-15 02:08:29.010 17906 27842 E libc    : Access denied finding property "media.metrics.enabled"
07-15 02:08:29.013 17906 17906 W ExoPlayer:Playb: type=1400 audit(0.0:58982): avc: denied { read } for name="u:object_r:media_prop:s0" dev="tmpfs" ino=10500 scontext=u:r:untrusted_app:s0:c247,c256,c512,c768 tcontext=u:object_r:media_prop:s0 tclass=file permissive=0
07-15 02:08:29.019 17906 27842 E libc    : Access denied finding property "media.metrics.enabled"
07-15 02:08:29.834 17906 17920 I vision.svplaye: Background concurrent copying GC freed 215472(6MB) AllocSpace objects, 11(748KB) LOS objects, 20% free, 23MB/29MB, paused 581us total 275.128ms
07-15 02:08:31.225 17906 17920 I vision.svplaye: Background concurrent copying GC freed 203596(6MB) AllocSpace objects, 9(300KB) LOS objects, 20% free, 22MB/28MB, paused 570us total 292.526ms
07-15 02:08:32.599 17906 17920 I vision.svplaye: Background concurrent copying GC freed 209363(6MB) AllocSpace objects, 0(0B) LOS objects, 20% free, 22MB/28MB, paused 572us total 278.821ms
07-15 02:08:33.575 17906 17906 I SVHomeFocus: scroll start target=trending_series from=752 to=752 max=752
07-15 02:08:33.576 17906 17906 I SVHomeFocus: requestRowFocus target=trending_series rowAlreadyAtFirst
07-15 02:08:33.576 17906 17906 I SVHomeFocus: requestRowFocus target=trending_series rowScrolledToFirst
07-15 02:08:33.602 17906 17906 I SVHomeFocus: scroll end target=trending_series value=752
07-15 02:08:33.636 17906 17906 I SVHomeFocus: focus requested target=trending_series
07-15 02:08:33.960 17906 17920 I vision.svplaye: Background concurrent copying GC freed 210489(6MB) AllocSpace objects, 0(0B) LOS objects, 20% free, 22MB/28MB, paused 519us total 266.520ms
07-15 02:08:35.345 17906 17920 I vision.svplaye: Background concurrent copying GC freed 209172(6MB) AllocSpace objects, 0(0B) LOS objects, 20% free, 22MB/28MB, paused 533us total 303.278ms
07-15 02:08:36.698 17906 17920 I vision.svplaye: Background concurrent copying GC freed 207325(6MB) AllocSpace objects, 0(0B) LOS objects, 20% free, 22MB/28MB, paused 538us total 279.748ms
07-15 02:08:38.058 17906 17920 I vision.svplaye: Background concurrent copying GC freed 206151(6MB) AllocSpace objects, 0(0B) LOS objects, 20% free, 22MB/28MB, paused 512us total 276.290ms
07-15 02:08:38.736 17906 17906 I SVHomeFocus: scroll start target=trending_movies from=752 to=632 max=752
07-15 02:08:38.736 17906 17906 I SVHomeFocus: requestRowFocus target=trending_movies rowAlreadyAtFirst
07-15 02:08:38.736 17906 17906 I SVHomeFocus: requestRowFocus target=trending_movies rowScrolledToFirst
07-15 02:08:39.107 17906 17906 I SVHomeFocus: scroll end target=trending_movies value=632
07-15 02:08:39.140 17906 17906 I SVHomeFocus: focus requested target=trending_movies
07-15 02:08:39.410 17906 17920 I vision.svplaye: Background concurrent copying GC freed 209676(6MB) AllocSpace objects, 0(0B) LOS objects, 20% free, 22MB/28MB, paused 447us total 261.349ms
07-15 02:08:40.412 17906 17906 I SVHomeFocus: scroll start target=continue_watching from=752 to=296 max=752
07-15 02:08:40.412 17906 17906 I SVHomeFocus: requestRowFocus target=continue_watching rowAlreadyAtFirst
07-15 02:08:40.412 17906 17906 I SVHomeFocus: requestRowFocus target=continue_watching rowScrolledToFirst
07-15 02:08:40.782 17906 17920 I vision.svplaye: Background concurrent copying GC freed 204586(6MB) AllocSpace objects, 0(0B) LOS objects, 20% free, 22MB/28MB, paused 517us total 263.756ms
07-15 02:08:40.802 17906 17906 I SVHomeFocus: scroll end target=continue_watching value=296
07-15 02:08:40.843 17906 17906 I SVHomeFocus: focus requested target=continue_watching
07-15 02:08:40.884 17906 17906 I SVHomeFocus: focused row=Continue watching index=0 id=live:1389624
07-15 02:08:41.521 17906 17906 I ExoPlayerImpl: Init 4278b45 [AndroidXMedia3/1.6.1] [sheldonp, AFTSSS, Amazon, 28]
07-15 02:08:41.990 17906 27955 I OMXClient: IOmx service obtained
07-15 02:08:41.998 17906 27954 I MediaCodec: [OMX.MTK.VIDEO.DECODER.AVC] setting surface generation to 18335785
07-15 02:08:41.999 17906 27954 I MediaCodecLogger: [ASAP] HW.video.avc P2 + 20166893
07-15 02:08:41.999 17906 27954 I MediaCodecLogger: HW.video.avc Adaptive Streaming max w:1280 h:720, screen size:FHD
07-15 02:08:42.000 17906 27955 I ACodec  : Call prepareForAdaptivePlayback. maxWidth 1280, maxHeight 720.
07-15 02:08:42.000 17906 27955 I ACodec  : [OMX.MTK.VIDEO.DECODER.AVC] prepareForAdaptivePlayback failed w/ err -1010
07-15 02:08:42.002 17906 27955 I ACodec  : codec does not support config priority (err -1010)
07-15 02:08:42.004 17906 27954 I MediaCodecLogger: [ASAP] HW.video.avc P2 - 20166898
07-15 02:08:42.005 17906 27945 I MediaCodecLogger: [ASAP] HW.video.avc P3 + 20166899
07-15 02:08:42.027 17906 27955 W ACodec  : [OMX.MTK.VIDEO.DECODER.AVC] setting nBufferCountActual to 8 failed: -22
07-15 02:08:42.027 17906 27955 W ACodec  : [OMX.MTK.VIDEO.DECODER.AVC] setting nBufferCountActual to 7 failed: -22
07-15 02:08:42.029 17906 27954 I MediaCodecLogger: [ASAP] HW.video.avc P3 - 20166923
07-15 02:08:42.030 17906 27955 W MapperHal: buffer descriptor with invalid usage bits 0x2000
07-15 02:08:42.032 17906 27954 I MediaCodecLogger: [ASAP] HW.video.avc Got First Input Frame 20166926 pts:1000000000000
07-15 02:08:42.035 17906 27955 W MapperHal: buffer descriptor with invalid usage bits 0x2000
07-15 02:08:42.040 17906 27955 W MapperHal: buffer descriptor with invalid usage bits 0x2000
07-15 02:08:42.044 17906 27963 I OMXClient: IOmx service obtained
07-15 02:08:42.046 17906 27963 I MediaCodecLogger: [ASAP] SW.audio.mp4a P2 + 20166940
07-15 02:08:42.047 17906 27963 I ACodec  : codec does not support config priority (err -2147483648)
07-15 02:08:42.047 17906 27963 I ACodec  : codec does not support config operating rate (err -2147483648)
07-15 02:08:42.048 17906 27963 I MediaCodecLogger: [ASAP] SW.audio.mp4a P2 - 20166942
07-15 02:08:42.049 17906 27945 I MediaCodecLogger: [ASAP] SW.audio.mp4a P3 + 20166943
07-15 02:08:42.060 17906 27963 I MediaCodecLogger: [ASAP] SW.audio.mp4a P3 - 20166954
07-15 02:08:42.068 17906 27963 I MediaCodecLogger: [ASAP] SW.audio.mp4a Got First Input Frame 20166962 pts:1000000014666
07-15 02:08:42.082 17906 27963 I MediaCodecLogger: updatePTSTime [SW.audio.mp4a] First PTS after Flush or reset = 1000000014666
07-15 02:08:42.083 17906 27963 I MediaCodecLogger: [ASAP] SW.audio.mp4a Got First Frame Ready 20166976(14)
07-15 02:08:42.092 17906 27955 W AHierarchicalStateMachine: Warning message AMessage(what = 'omxI') = {
07-15 02:08:42.092 17906 27955 W AHierarchicalStateMachine:   int32_t type = 0
07-15 02:08:42.092 17906 27955 W AHierarchicalStateMachine:   int32_t event = 3
07-15 02:08:42.092 17906 27955 W AHierarchicalStateMachine:   int32_t data1 = 1
07-15 02:08:42.092 17906 27955 W AHierarchicalStateMachine:   int32_t data2 = 117440527
07-15 02:08:42.092 17906 27955 W AHierarchicalStateMachine: } unhandled in root state.
07-15 02:08:42.093 17906 27945 I android.media.AudioTrack: AUDIOINFO: audio_input: format: 2 sample_rate: 48000 channels: 2 AudioAttributes: AudioAttributes: usage=USAGE_MEDIA content=CONTENT_TYPE_MUSIC flags=0x200 tags= bundle=null
07-15 02:08:42.100 17906 27955 W ACodec  : [OMX.MTK.VIDEO.DECODER.AVC] setting nBufferCountActual to 15 failed: -22
07-15 02:08:42.100 17906 27955 W ACodec  : [OMX.MTK.VIDEO.DECODER.AVC] setting nBufferCountActual to 14 failed: -22
07-15 02:08:42.103 17906 27955 W MapperHal: buffer descriptor with invalid usage bits 0x2000
07-15 02:08:42.110 17906 27955 W MapperHal: buffer descriptor with invalid usage bits 0x2000
07-15 02:08:42.144 17906 27955 I chatty  : uid=10247(com.smartvision.svplayer) identical 7 lines
07-15 02:08:42.147 17906 27955 W MapperHal: buffer descriptor with invalid usage bits 0x2000
07-15 02:08:42.171 17906 27954 I MediaCodecLogger: updateFormatChanged width = 1280 height = 720
07-15 02:08:42.173 17906 27954 I MediaCodecLogger: updatePTSTime [HW.video.avc] First PTS after Flush or reset = 1000000000000
07-15 02:08:42.174 17906 27954 I MediaCodecLogger: [ASAP] HW.video.avc Got First Frame Ready 20167067(141)
07-15 02:08:42.309 17906 17906 I SVHomeFocus: scroll start target=categories from=427 to=0 max=752
07-15 02:08:42.466 17906 17920 I vision.svplaye: Background concurrent copying GC freed 193757(6MB) AllocSpace objects, 2(56KB) LOS objects, 19% free, 24MB/30MB, paused 585us total 537.005ms
07-15 02:08:42.743 17906 17906 I SVHomeFocus: scroll end target=categories value=0
07-15 02:08:42.791 17906 17906 I SVHomeFocus: focus requested target=categories
07-15 02:08:42.837 17906 27945 I MediaCodecLogger: Flushing: 17906.HW.video.avc.framerate = 49.367 fps
07-15 02:08:42.837 17906 17906 I ExoPlayerImpl: Release 4278b45 [AndroidXMedia3/1.6.1] [sheldonp, AFTSSS, Amazon, 28] [media3.common, media3.exoplayer, media3.decoder, media3.ui, media3.datasource, media3.extractor]
07-15 02:08:42.863 17906 17906 W ExoPlayer:Audio: type=1400 audit(0.0:58984): avc: denied { read } for name="u:object_r:media_prop:s0" dev="tmpfs" ino=10500 scontext=u:r:untrusted_app:s0:c247,c256,c512,c768 tcontext=u:object_r:media_prop:s0 tclass=file permissive=0
07-15 02:08:42.874 17906 27972 E libc    : Access denied finding property "media.metrics.enabled"
07-15 02:08:42.899 17906 27945 I MediaCodecLogger: 17906.HW.video.avc.ASAP-P2Ms = 5
07-15 02:08:42.899 17906 27945 I MediaCodecLogger: 17906.HW.video.avc.ASAP-P3Ms = 24
07-15 02:08:42.899 17906 27945 I MediaCodecLogger: 17906.HW.video.avc.FirstFrameReadyMs = 141
07-15 02:08:42.893 17906 17906 W ExoPlayer:Playb: type=1400 audit(0.0:58985): avc: denied { read } for name="u:object_r:media_prop:s0" dev="tmpfs" ino=10500 scontext=u:r:untrusted_app:s0:c247,c256,c512,c768 tcontext=u:object_r:media_prop:s0 tclass=file permissive=0
07-15 02:08:42.900 17906 27945 E libc    : Access denied finding property "media.metrics.enabled"
07-15 02:08:42.903 17906 17906 W ExoPlayer:Playb: type=1400 audit(0.0:58986): avc: denied { read } for name="u:object_r:media_prop:s0" dev="tmpfs" ino=10500 scontext=u:r:untrusted_app:s0:c247,c256,c512,c768 tcontext=u:object_r:media_prop:s0 tclass=file permissive=0
07-15 02:08:42.907 17906 27945 E libc    : Access denied finding property "media.metrics.enabled"
07-15 02:08:44.193 17906 17920 I vision.svplaye: Background concurrent copying GC freed 221270(7MB) AllocSpace objects, 8(544KB) LOS objects, 20% free, 23MB/29MB, paused 540us total 279.038ms
07-15 02:08:45.792 17906 17920 I vision.svplaye: Background concurrent copying GC freed 209155(6MB) AllocSpace objects, 0(0B) LOS objects, 20% free, 22MB/28MB, paused 655us total 268.199ms
