--------- beginning of main
07-21 20:57:47.285 15386 15403 I vision.svplaye: Background concurrent copying GC freed 216765(6MB) AllocSpace objects, 0(0B) LOS objects, 11% free, 45MB/51MB, paused 230us total 338.908ms
07-21 20:57:48.007 15386 22786 I CameraManagerGlobal: Connecting to camera service
07-21 20:57:48.007 15386 22786 E CameraManagerGlobal: Camera service is unavailable
07-21 20:57:48.960 15386 15403 I vision.svplaye: Background concurrent copying GC freed 210185(6MB) AllocSpace objects, 0(0B) LOS objects, 11% free, 45MB/51MB, paused 199us total 305.014ms
07-21 20:57:49.007 15386 22786 I CameraManagerGlobal: Connecting to camera service
07-21 20:57:49.008 15386 22786 E CameraManagerGlobal: Camera service is unavailable
07-21 20:57:50.008 15386 22786 I CameraManagerGlobal: Connecting to camera service
07-21 20:57:50.008 15386 22786 E CameraManagerGlobal: Camera service is unavailable
07-21 20:57:50.483 15386 15403 I vision.svplaye: Background concurrent copying GC freed 215566(6MB) AllocSpace objects, 0(0B) LOS objects, 11% free, 45MB/51MB, paused 323us total 340.359ms
07-21 20:57:51.009 15386 22786 I CameraManagerGlobal: Connecting to camera service
07-21 20:57:51.009 15386 22786 E CameraManagerGlobal: Camera service is unavailable
07-21 20:57:51.062 15386 28285 I MediaCodecLogger: 15386.SW.audio.mp4a.bitrateInKbps = 93
07-21 20:57:51.515 15386 28273 I MediaCodecLogger: 15386.HW.video.avc.bitrateInKbps = 3815
07-21 20:57:51.954 15386 15403 I vision.svplaye: Background concurrent copying GC freed 213237(6MB) AllocSpace objects, 0(0B) LOS objects, 11% free, 45MB/51MB, paused 246us total 298.739ms
07-21 20:57:52.009 15386 22786 I CameraManagerGlobal: Connecting to camera service
07-21 20:57:52.010 15386 22786 E CameraManagerGlobal: Camera service is unavailable
07-21 20:57:53.010 15386 22786 I CameraManagerGlobal: Connecting to camera service
07-21 20:57:53.011 15386 22786 E CameraManagerGlobal: Camera service is unavailable
07-21 20:57:53.472 15386 15403 I vision.svplaye: Background concurrent copying GC freed 214954(6MB) AllocSpace objects, 0(0B) LOS objects, 11% free, 45MB/51MB, paused 208us total 287.734ms
07-21 20:57:54.011 15386 22786 I CameraManagerGlobal: Connecting to camera service
07-21 20:57:54.011 15386 22786 E CameraManagerGlobal: Camera service is unavailable
07-21 20:57:54.968 15386 15403 I vision.svplaye: Background concurrent copying GC freed 213070(6MB) AllocSpace objects, 0(0B) LOS objects, 11% free, 45MB/51MB, paused 224us total 298.462ms
07-21 20:57:55.011 15386 22786 I CameraManagerGlobal: Connecting to camera service
07-21 20:57:55.012 15386 22786 E CameraManagerGlobal: Camera service is unavailable
07-21 20:57:56.012 15386 22786 I CameraManagerGlobal: Connecting to camera service
07-21 20:57:56.013 15386 22786 E CameraManagerGlobal: Camera service is unavailable
07-21 20:57:56.110 15386 28285 I MediaCodecLogger: 15386.SW.audio.mp4a.bitrateInKbps = 94
07-21 20:57:56.494 15386 15403 I vision.svplaye: Background concurrent copying GC freed 214643(6MB) AllocSpace objects, 0(0B) LOS objects, 11% free, 45MB/51MB, paused 228us total 334.551ms
07-21 20:57:56.567 15386 28273 I MediaCodecLogger: 15386.HW.video.avc.bitrateInKbps = 3302
07-21 20:57:57.013 15386 22786 I CameraManagerGlobal: Connecting to camera service
07-21 20:57:57.013 15386 22786 E CameraManagerGlobal: Camera service is unavailable
07-21 20:57:58.014 15386 22786 I CameraManagerGlobal: Connecting to camera service
07-21 20:57:58.014 15386 22786 E CameraManagerGlobal: Camera service is unavailable
07-21 20:57:58.034 15386 15403 I vision.svplaye: Background concurrent copying GC freed 215265(6MB) AllocSpace objects, 0(0B) LOS objects, 11% free, 45MB/51MB, paused 286us total 321.510ms
07-21 20:57:59.014 15386 22786 I CameraManagerGlobal: Connecting to camera service
07-21 20:57:59.015 15386 22786 E CameraManagerGlobal: Camera service is unavailable
07-21 20:57:59.646 15386 15403 I vision.svplaye: Background concurrent copying GC freed 212015(6MB) AllocSpace objects, 1(20KB) LOS objects, 11% free, 45MB/51MB, paused 226us total 306.875ms
07-21 20:58:00.015 15386 22786 I CameraManagerGlobal: Connecting to camera service
07-21 20:58:00.015 15386 22786 E CameraManagerGlobal: Camera service is unavailable
07-21 20:58:01.018 15386 22786 I CameraManagerGlobal: Connecting to camera service
07-21 20:58:01.018 15386 22786 E CameraManagerGlobal: Camera service is unavailable
07-21 20:58:01.152 15386 28285 I MediaCodecLogger: 15386.SW.audio.mp4a.bitrateInKbps = 93
07-21 20:58:01.197 15386 15403 I vision.svplaye: Background concurrent copying GC freed 214387(6MB) AllocSpace objects, 0(0B) LOS objects, 11% free, 45MB/51MB, paused 284us total 300.095ms
07-21 20:58:01.598 15386 28273 I MediaCodecLogger: 15386.HW.video.avc.bitrateInKbps = 4495
07-21 20:58:02.019 15386 22786 I CameraManagerGlobal: Connecting to camera service
07-21 20:58:02.019 15386 22786 E CameraManagerGlobal: Camera service is unavailable
07-21 20:58:02.766 15386 15403 I vision.svplaye: Background concurrent copying GC freed 211372(6MB) AllocSpace objects, 0(0B) LOS objects, 11% free, 45MB/51MB, paused 357us total 295.974ms
07-21 20:58:03.019 15386 22786 I CameraManagerGlobal: Connecting to camera service
07-21 20:58:03.020 15386 22786 E CameraManagerGlobal: Camera service is unavailable
07-21 20:58:04.020 15386 22786 I CameraManagerGlobal: Connecting to camera service
07-21 20:58:04.021 15386 22786 E CameraManagerGlobal: Camera service is unavailable
07-21 20:58:04.303 15386 15403 I vision.svplaye: Background concurrent copying GC freed 208429(6MB) AllocSpace objects, 0(0B) LOS objects, 11% free, 45MB/51MB, paused 857us total 310.317ms
07-21 20:58:05.022 15386 22786 I CameraManagerGlobal: Connecting to camera service
07-21 20:58:05.023 15386 22786 E CameraManagerGlobal: Camera service is unavailable
07-21 20:58:05.860 15386 15403 I vision.svplaye: Background concurrent copying GC freed 214050(6MB) AllocSpace objects, 0(0B) LOS objects, 11% free, 45MB/51MB, paused 212us total 294.615ms
07-21 20:58:06.023 15386 22786 I CameraManagerGlobal: Connecting to camera service
07-21 20:58:06.024 15386 22786 E CameraManagerGlobal: Camera service is unavailable
07-21 20:58:06.157 15386 28285 I MediaCodecLogger: 15386.SW.audio.mp4a.bitrateInKbps = 93
07-21 20:58:06.632 15386 28273 I MediaCodecLogger: 15386.HW.video.avc.bitrateInKbps = 4564
07-21 20:58:07.024 15386 22786 I CameraManagerGlobal: Connecting to camera service
07-21 20:58:07.025 15386 22786 E CameraManagerGlobal: Camera service is unavailable
07-21 20:58:07.381 15386 15403 I vision.svplaye: Background concurrent copying GC freed 208558(6MB) AllocSpace objects, 0(0B) LOS objects, 11% free, 45MB/51MB, paused 224us total 290.315ms
07-21 20:58:08.025 15386 22786 I CameraManagerGlobal: Connecting to camera service
07-21 20:58:08.026 15386 22786 E CameraManagerGlobal: Camera service is unavailable
07-21 20:58:08.969 15386 15403 I vision.svplaye: Background concurrent copying GC freed 210381(6MB) AllocSpace objects, 0(0B) LOS objects, 11% free, 45MB/51MB, paused 219us total 297.988ms
07-21 20:58:09.026 15386 22786 I CameraManagerGlobal: Connecting to camera service
07-21 20:58:09.027 15386 22786 E CameraManagerGlobal: Camera service is unavailable
07-21 20:58:10.027 15386 22786 I CameraManagerGlobal: Connecting to camera service
07-21 20:58:10.028 15386 22786 E CameraManagerGlobal: Camera service is unavailable
07-21 20:58:10.540 15386 15403 I vision.svplaye: Background concurrent copying GC freed 211262(6MB) AllocSpace objects, 0(0B) LOS objects, 11% free, 45MB/51MB, paused 185us total 327.105ms
07-21 20:58:11.029 15386 22786 I CameraManagerGlobal: Connecting to camera service
07-21 20:58:11.029 15386 22786 E CameraManagerGlobal: Camera service is unavailable
07-21 20:58:11.207 15386 28285 I MediaCodecLogger: 15386.SW.audio.mp4a.bitrateInKbps = 93
07-21 20:58:11.720 15386 28273 I MediaCodecLogger: 15386.HW.video.avc.bitrateInKbps = 4842
07-21 20:58:12.029 15386 22786 I CameraManagerGlobal: Connecting to camera service
07-21 20:58:12.031 15386 22786 E CameraManagerGlobal: Camera service is unavailable
07-21 20:58:12.091 15386 15403 I vision.svplaye: Background concurrent copying GC freed 212390(6MB) AllocSpace objects, 0(0B) LOS objects, 11% free, 45MB/51MB, paused 183us total 305.239ms
07-21 20:58:13.032 15386 22786 I CameraManagerGlobal: Connecting to camera service
07-21 20:58:13.033 15386 22786 E CameraManagerGlobal: Camera service is unavailable
07-21 20:58:13.664 15386 15403 I vision.svplaye: Background concurrent copying GC freed 210746(6MB) AllocSpace objects, 0(0B) LOS objects, 11% free, 45MB/51MB, paused 230us total 285.535ms
07-21 20:58:14.033 15386 22786 I CameraManagerGlobal: Connecting to camera service
07-21 20:58:14.034 15386 22786 E CameraManagerGlobal: Camera service is unavailable
07-21 20:58:15.034 15386 22786 I CameraManagerGlobal: Connecting to camera service
07-21 20:58:15.035 15386 22786 E CameraManagerGlobal: Camera service is unavailable
07-21 20:58:15.559 15386 15403 I vision.svplaye: Background concurrent copying GC freed 210886(6MB) AllocSpace objects, 0(0B) LOS objects, 11% free, 45MB/51MB, paused 244us total 322.675ms
07-21 20:58:16.035 15386 22786 I CameraManagerGlobal: Connecting to camera service
07-21 20:58:16.036 15386 22786 E CameraManagerGlobal: Camera service is unavailable
07-21 20:58:16.255 15386 28285 I MediaCodecLogger: 15386.SW.audio.mp4a.bitrateInKbps = 93
07-21 20:58:16.752 15386 28273 I MediaCodecLogger: 15386.HW.video.avc.bitrateInKbps = 6015
07-21 20:58:17.036 15386 22786 I CameraManagerGlobal: Connecting to camera service
07-21 20:58:17.037 15386 22786 E CameraManagerGlobal: Camera service is unavailable
07-21 20:58:17.147 15386 15403 I vision.svplaye: Background concurrent copying GC freed 207833(6MB) AllocSpace objects, 0(0B) LOS objects, 11% free, 45MB/51MB, paused 450us total 311.703ms
07-21 20:58:18.038 15386 22786 I CameraManagerGlobal: Connecting to camera service
07-21 20:58:18.038 15386 22786 E CameraManagerGlobal: Camera service is unavailable
07-21 20:58:18.711 15386 15403 I vision.svplaye: Background concurrent copying GC freed 211161(6MB) AllocSpace objects, 0(0B) LOS objects, 11% free, 45MB/51MB, paused 170us total 300.561ms
07-21 20:58:19.038 15386 22786 I CameraManagerGlobal: Connecting to camera service
07-21 20:58:19.039 15386 22786 E CameraManagerGlobal: Camera service is unavailable
07-21 20:58:20.039 15386 22786 I CameraManagerGlobal: Connecting to camera service
07-21 20:58:20.040 15386 22786 E CameraManagerGlobal: Camera service is unavailable
07-21 20:58:20.258 15386 15403 I vision.svplaye: Background concurrent copying GC freed 212001(6MB) AllocSpace objects, 0(0B) LOS objects, 11% free, 45MB/51MB, paused 189us total 305.989ms
07-21 20:58:21.040 15386 22786 I CameraManagerGlobal: Connecting to camera service
07-21 20:58:21.040 15386 22786 E CameraManagerGlobal: Camera service is unavailable
07-21 20:58:21.303 15386 28285 I MediaCodecLogger: 15386.SW.audio.mp4a.bitrateInKbps = 93
07-21 20:58:21.806 15386 28273 I MediaCodecLogger: 15386.HW.video.avc.bitrateInKbps = 3329
07-21 20:58:21.832 15386 15403 I vision.svplaye: Background concurrent copying GC freed 213383(6MB) AllocSpace objects, 0(0B) LOS objects, 11% free, 45MB/51MB, paused 363us total 288.098ms
07-21 20:58:22.040 15386 22786 I CameraManagerGlobal: Connecting to camera service
07-21 20:58:22.041 15386 22786 E CameraManagerGlobal: Camera service is unavailable
07-21 20:58:23.041 15386 22786 I CameraManagerGlobal: Connecting to camera service
07-21 20:58:23.041 15386 22786 E CameraManagerGlobal: Camera service is unavailable
07-21 20:58:23.363 15386 15403 I vision.svplaye: Background concurrent copying GC freed 208217(6MB) AllocSpace objects, 0(0B) LOS objects, 11% free, 45MB/51MB, paused 240us total 285.919ms
07-21 20:58:24.042 15386 22786 I CameraManagerGlobal: Connecting to camera service
07-21 20:58:24.044 15386 22786 E CameraManagerGlobal: Camera service is unavailable
07-21 20:58:24.918 15386 15403 I vision.svplaye: Background concurrent copying GC freed 207580(6MB) AllocSpace objects, 0(0B) LOS objects, 11% free, 45MB/51MB, paused 225us total 284.801ms
07-21 20:58:25.044 15386 22786 I CameraManagerGlobal: Connecting to camera service
07-21 20:58:25.045 15386 22786 E CameraManagerGlobal: Camera service is unavailable
07-21 20:58:26.045 15386 22786 I CameraManagerGlobal: Connecting to camera service
07-21 20:58:26.045 15386 22786 E CameraManagerGlobal: Camera service is unavailable
07-21 20:58:26.323 15386 28285 I MediaCodecLogger: 15386.SW.audio.mp4a.bitrateInKbps = 93
07-21 20:58:26.747 15386 15403 I vision.svplaye: Background concurrent copying GC freed 206820(6MB) AllocSpace objects, 0(0B) LOS objects, 11% free, 45MB/51MB, paused 268us total 305.974ms
07-21 20:58:26.832 15386 28273 I MediaCodecLogger: 15386.HW.video.avc.bitrateInKbps = 5371
07-21 20:58:27.046 15386 22786 I CameraManagerGlobal: Connecting to camera service
07-21 20:58:27.046 15386 22786 E CameraManagerGlobal: Camera service is unavailable
07-21 20:58:28.046 15386 22786 I CameraManagerGlobal: Connecting to camera service
07-21 20:58:28.047 15386 22786 E CameraManagerGlobal: Camera service is unavailable
07-21 20:58:28.455 15386 15403 I vision.svplaye: Background concurrent copying GC freed 212738(6MB) AllocSpace objects, 0(0B) LOS objects, 11% free, 45MB/51MB, paused 310us total 327.908ms
07-21 20:58:29.047 15386 22786 I CameraManagerGlobal: Connecting to camera service
07-21 20:58:29.048 15386 22786 E CameraManagerGlobal: Camera service is unavailable
07-21 20:58:30.048 15386 22786 I CameraManagerGlobal: Connecting to camera service
07-21 20:58:30.049 15386 22786 E CameraManagerGlobal: Camera service is unavailable
07-21 20:58:30.129 15386 15403 I vision.svplaye: Background concurrent copying GC freed 206646(6MB) AllocSpace objects, 0(0B) LOS objects, 11% free, 45MB/51MB, paused 344us total 329.711ms
07-21 20:58:31.049 15386 22786 I CameraManagerGlobal: Connecting to camera service
07-21 20:58:31.049 15386 22786 E CameraManagerGlobal: Camera service is unavailable
07-21 20:58:31.378 15386 28285 I MediaCodecLogger: 15386.SW.audio.mp4a.bitrateInKbps = 94
07-21 20:58:31.897 15386 28273 I MediaCodecLogger: 15386.HW.video.avc.bitrateInKbps = 2634
07-21 20:58:31.920 15386 15403 I vision.svplaye: Background concurrent copying GC freed 202874(6MB) AllocSpace objects, 0(0B) LOS objects, 11% free, 45MB/51MB, paused 213us total 392.585ms
07-21 20:58:32.050 15386 22786 I CameraManagerGlobal: Connecting to camera service
07-21 20:58:32.050 15386 22786 E CameraManagerGlobal: Camera service is unavailable
07-21 20:58:33.050 15386 22786 I CameraManagerGlobal: Connecting to camera service
07-21 20:58:33.051 15386 22786 E CameraManagerGlobal: Camera service is unavailable
07-21 20:58:33.727 15386 15403 I vision.svplaye: Background concurrent copying GC freed 207754(6MB) AllocSpace objects, 0(0B) LOS objects, 11% free, 45MB/51MB, paused 243us total 430.267ms
07-21 20:58:34.051 15386 22786 I CameraManagerGlobal: Connecting to camera service
07-21 20:58:34.051 15386 22786 E CameraManagerGlobal: Camera service is unavailable
07-21 20:58:35.052 15386 22786 I CameraManagerGlobal: Connecting to camera service
07-21 20:58:35.052 15386 22786 E CameraManagerGlobal: Camera service is unavailable
07-21 20:58:35.219 15386 15403 I vision.svplaye: Background concurrent copying GC freed 217728(6MB) AllocSpace objects, 0(0B) LOS objects, 11% free, 45MB/51MB, paused 226us total 294.186ms
07-21 20:58:36.052 15386 22786 I CameraManagerGlobal: Connecting to camera service
07-21 20:58:36.053 15386 22786 E CameraManagerGlobal: Camera service is unavailable
07-21 20:58:36.425 15386 28285 I MediaCodecLogger: 15386.SW.audio.mp4a.bitrateInKbps = 93
07-21 20:58:36.688 15386 15403 I vision.svplaye: Background concurrent copying GC freed 214765(6MB) AllocSpace objects, 0(0B) LOS objects, 11% free, 45MB/51MB, paused 312us total 285.917ms
07-21 20:58:36.908 15386 28273 I MediaCodecLogger: 15386.HW.video.avc.bitrateInKbps = 4846
07-21 20:58:37.053 15386 22786 I CameraManagerGlobal: Connecting to camera service
07-21 20:58:37.054 15386 22786 E CameraManagerGlobal: Camera service is unavailable
07-21 20:58:38.054 15386 22786 I CameraManagerGlobal: Connecting to camera service
07-21 20:58:38.054 15386 22786 E CameraManagerGlobal: Camera service is unavailable
07-21 20:58:38.211 15386 15403 I vision.svplaye: Background concurrent copying GC freed 212626(6MB) AllocSpace objects, 0(0B) LOS objects, 11% free, 45MB/51MB, paused 279us total 296.445ms
07-21 20:58:39.054 15386 22786 I CameraManagerGlobal: Connecting to camera service
07-21 20:58:39.055 15386 22786 E CameraManagerGlobal: Camera service is unavailable
07-21 20:58:39.736 15386 15403 I vision.svplaye: Background concurrent copying GC freed 216127(6MB) AllocSpace objects, 0(0B) LOS objects, 11% free, 45MB/51MB, paused 249us total 328.183ms
07-21 20:58:40.055 15386 22786 I CameraManagerGlobal: Connecting to camera service
07-21 20:58:40.056 15386 22786 E CameraManagerGlobal: Camera service is unavailable
07-21 20:58:41.056 15386 22786 I CameraManagerGlobal: Connecting to camera service
07-21 20:58:41.056 15386 22786 E CameraManagerGlobal: Camera service is unavailable
07-21 20:58:41.217 15386 15403 I vision.svplaye: Background concurrent copying GC freed 216592(6MB) AllocSpace objects, 0(0B) LOS objects, 11% free, 45MB/51MB, paused 241us total 300.411ms
07-21 20:58:41.433 15386 28285 I MediaCodecLogger: 15386.SW.audio.mp4a.bitrateInKbps = 93
07-21 20:58:41.995 15386 28273 I MediaCodecLogger: 15386.HW.video.avc.bitrateInKbps = 3847
07-21 20:58:42.057 15386 22786 I CameraManagerGlobal: Connecting to camera service
07-21 20:58:42.057 15386 22786 E CameraManagerGlobal: Camera service is unavailable
07-21 20:58:42.697 15386 15403 I vision.svplaye: Background concurrent copying GC freed 214178(6MB) AllocSpace objects, 0(0B) LOS objects, 11% free, 45MB/51MB, paused 239us total 291.632ms
07-21 20:58:43.057 15386 22786 I CameraManagerGlobal: Connecting to camera service
07-21 20:58:43.058 15386 22786 E CameraManagerGlobal: Camera service is unavailable
07-21 20:58:44.058 15386 22786 I CameraManagerGlobal: Connecting to camera service
07-21 20:58:44.059 15386 22786 E CameraManagerGlobal: Camera service is unavailable
07-21 20:58:44.293 15386 15403 I vision.svplaye: Background concurrent copying GC freed 205355(6MB) AllocSpace objects, 0(0B) LOS objects, 11% free, 45MB/51MB, paused 202us total 322.145ms
07-21 20:58:45.059 15386 22786 I CameraManagerGlobal: Connecting to camera service
07-21 20:58:45.059 15386 22786 E CameraManagerGlobal: Camera service is unavailable
07-21 20:58:45.914 15386 15403 I vision.svplaye: Background concurrent copying GC freed 210293(6MB) AllocSpace objects, 1(20KB) LOS objects, 11% free, 45MB/51MB, paused 183us total 305.439ms
07-21 20:58:46.060 15386 22786 I CameraManagerGlobal: Connecting to camera service
07-21 20:58:46.060 15386 22786 E CameraManagerGlobal: Camera service is unavailable
07-21 20:58:46.479 15386 28285 I MediaCodecLogger: 15386.SW.audio.mp4a.bitrateInKbps = 94
07-21 20:58:47.060 15386 22786 I CameraManagerGlobal: Connecting to camera service
07-21 20:58:47.061 15386 22786 E CameraManagerGlobal: Camera service is unavailable
07-21 20:58:47.076 15386 28273 I MediaCodecLogger: 15386.HW.video.avc.bitrateInKbps = 5811
07-21 20:58:47.460 15386 15403 I vision.svplaye: Background concurrent copying GC freed 212110(6MB) AllocSpace objects, 0(0B) LOS objects, 11% free, 45MB/51MB, paused 340us total 300.059ms
07-21 20:58:48.061 15386 22786 I CameraManagerGlobal: Connecting to camera service
07-21 20:58:48.061 15386 22786 E CameraManagerGlobal: Camera service is unavailable
07-21 20:58:49.022 15386 15403 I vision.svplaye: Background concurrent copying GC freed 209388(6MB) AllocSpace objects, 0(0B) LOS objects, 11% free, 45MB/51MB, paused 262us total 291.158ms
07-21 20:58:49.062 15386 22786 I CameraManagerGlobal: Connecting to camera service
07-21 20:58:49.062 15386 22786 E CameraManagerGlobal: Camera service is unavailable
07-21 20:58:50.062 15386 22786 I CameraManagerGlobal: Connecting to camera service
07-21 20:58:50.063 15386 22786 E CameraManagerGlobal: Camera service is unavailable
07-21 20:58:50.561 15386 15403 I vision.svplaye: Background concurrent copying GC freed 211373(6MB) AllocSpace objects, 0(0B) LOS objects, 11% free, 45MB/51MB, paused 220us total 304.878ms
07-21 20:58:51.063 15386 22786 I CameraManagerGlobal: Connecting to camera service
07-21 20:58:51.064 15386 22786 E CameraManagerGlobal: Camera service is unavailable
07-21 20:58:51.544 15386 28285 I MediaCodecLogger: 15386.SW.audio.mp4a.bitrateInKbps = 93
07-21 20:58:52.064 15386 22786 I CameraManagerGlobal: Connecting to camera service
07-21 20:58:52.064 15386 22786 E CameraManagerGlobal: Camera service is unavailable
07-21 20:58:52.113 15386 15403 I vision.svplaye: Background concurrent copying GC freed 213170(6MB) AllocSpace objects, 0(0B) LOS objects, 11% free, 45MB/51MB, paused 186us total 310.837ms
07-21 20:58:52.163 15386 28273 I MediaCodecLogger: 15386.HW.video.avc.bitrateInKbps = 5197
07-21 20:58:53.065 15386 22786 I CameraManagerGlobal: Connecting to camera service
07-21 20:58:53.066 15386 22786 E CameraManagerGlobal: Camera service is unavailable
07-21 20:58:53.687 15386 15403 I vision.svplaye: Background concurrent copying GC freed 211460(6MB) AllocSpace objects, 0(0B) LOS objects, 11% free, 45MB/51MB, paused 256us total 343.590ms
07-21 20:58:54.069 15386 22786 I CameraManagerGlobal: Connecting to camera service
07-21 20:58:54.070 15386 22786 E CameraManagerGlobal: Camera service is unavailable
07-21 20:58:55.070 15386 22786 I CameraManagerGlobal: Connecting to camera service
07-21 20:58:55.071 15386 22786 E CameraManagerGlobal: Camera service is unavailable
07-21 20:58:55.213 15386 15403 I vision.svplaye: Background concurrent copying GC freed 209084(6MB) AllocSpace objects, 0(0B) LOS objects, 11% free, 45MB/51MB, paused 191us total 288.251ms
07-21 20:58:56.071 15386 22786 I CameraManagerGlobal: Connecting to camera service
07-21 20:58:56.071 15386 22786 E CameraManagerGlobal: Camera service is unavailable
07-21 20:58:56.583 15386 28285 I MediaCodecLogger: 15386.SW.audio.mp4a.bitrateInKbps = 94
07-21 20:58:56.758 15386 15403 I vision.svplaye: Background concurrent copying GC freed 209190(6MB) AllocSpace objects, 0(0B) LOS objects, 11% free, 45MB/51MB, paused 186us total 303.267ms
07-21 20:58:57.072 15386 22786 I CameraManagerGlobal: Connecting to camera service
07-21 20:58:57.072 15386 22786 E CameraManagerGlobal: Camera service is unavailable
07-21 20:58:57.196 15386 28273 I MediaCodecLogger: 15386.HW.video.avc.bitrateInKbps = 4056
07-21 20:58:58.072 15386 22786 I CameraManagerGlobal: Connecting to camera service
07-21 20:58:58.073 15386 22786 E CameraManagerGlobal: Camera service is unavailable
07-21 20:58:58.332 15386 15403 I vision.svplaye: Background concurrent copying GC freed 210848(6MB) AllocSpace objects, 0(0B) LOS objects, 11% free, 45MB/51MB, paused 189us total 287.611ms
07-21 20:58:59.073 15386 22786 I CameraManagerGlobal: Connecting to camera service
07-21 20:58:59.073 15386 22786 E CameraManagerGlobal: Camera service is unavailable
07-21 20:58:59.921 15386 15403 I vision.svplaye: Background concurrent copying GC freed 209123(6MB) AllocSpace objects, 0(0B) LOS objects, 11% free, 45MB/51MB, paused 272us total 287.612ms
07-21 20:59:00.073 15386 22786 I CameraManagerGlobal: Connecting to camera service
07-21 20:59:00.074 15386 22786 E CameraManagerGlobal: Camera service is unavailable
07-21 20:59:01.075 15386 22786 I CameraManagerGlobal: Connecting to camera service
07-21 20:59:01.075 15386 22786 E CameraManagerGlobal: Camera service is unavailable
07-21 20:59:01.479 15386 15403 I vision.svplaye: Background concurrent copying GC freed 207358(6MB) AllocSpace objects, 0(0B) LOS objects, 11% free, 45MB/51MB, paused 190us total 299.836ms
07-21 20:59:01.623 15386 28285 I MediaCodecLogger: 15386.SW.audio.mp4a.bitrateInKbps = 93
07-21 20:59:02.075 15386 22786 I CameraManagerGlobal: Connecting to camera service
07-21 20:59:02.076 15386 22786 E CameraManagerGlobal: Camera service is unavailable
07-21 20:59:02.231 15386 28273 I MediaCodecLogger: 15386.HW.video.avc.bitrateInKbps = 3584
07-21 20:59:03.018 15386 15403 I vision.svplaye: Background concurrent copying GC freed 211554(6MB) AllocSpace objects, 0(0B) LOS objects, 11% free, 45MB/51MB, paused 230us total 303.365ms
07-21 20:59:03.076 15386 22786 I CameraManagerGlobal: Connecting to camera service
07-21 20:59:03.076 15386 22786 E CameraManagerGlobal: Camera service is unavailable
07-21 20:59:04.077 15386 22786 I CameraManagerGlobal: Connecting to camera service
07-21 20:59:04.077 15386 22786 E CameraManagerGlobal: Camera service is unavailable
07-21 20:59:04.602 15386 15403 I vision.svplaye: Background concurrent copying GC freed 211750(6MB) AllocSpace objects, 0(0B) LOS objects, 11% free, 45MB/51MB, paused 200us total 351.405ms
07-21 20:59:05.077 15386 22786 I CameraManagerGlobal: Connecting to camera service
07-21 20:59:05.078 15386 22786 E CameraManagerGlobal: Camera service is unavailable
07-21 20:59:06.078 15386 22786 I CameraManagerGlobal: Connecting to camera service
07-21 20:59:06.078 15386 22786 E CameraManagerGlobal: Camera service is unavailable
07-21 20:59:06.159 15386 15403 I vision.svplaye: Background concurrent copying GC freed 214174(6MB) AllocSpace objects, 0(0B) LOS objects, 11% free, 45MB/51MB, paused 266us total 311.976ms
07-21 20:59:06.634 15386 28285 I MediaCodecLogger: 15386.SW.audio.mp4a.bitrateInKbps = 93
07-21 20:59:07.079 15386 22786 I CameraManagerGlobal: Connecting to camera service
07-21 20:59:07.079 15386 22786 E CameraManagerGlobal: Camera service is unavailable
07-21 20:59:07.278 15386 28273 I MediaCodecLogger: 15386.HW.video.avc.bitrateInKbps = 4170
07-21 20:59:07.695 15386 15403 I vision.svplaye: Background concurrent copying GC freed 213431(6MB) AllocSpace objects, 0(0B) LOS objects, 11% free, 45MB/51MB, paused 218us total 286.119ms
07-21 20:59:08.079 15386 22786 I CameraManagerGlobal: Connecting to camera service
07-21 20:59:08.080 15386 22786 E CameraManagerGlobal: Camera service is unavailable
07-21 20:59:09.080 15386 22786 I CameraManagerGlobal: Connecting to camera service
07-21 20:59:09.081 15386 22786 E CameraManagerGlobal: Camera service is unavailable
07-21 20:59:09.299 15386 15403 I vision.svplaye: Background concurrent copying GC freed 208475(6MB) AllocSpace objects, 0(0B) LOS objects, 11% free, 45MB/51MB, paused 225us total 352.369ms
07-21 20:59:10.084 15386 22786 I CameraManagerGlobal: Connecting to camera service
07-21 20:59:10.085 15386 22786 E CameraManagerGlobal: Camera service is unavailable
07-21 20:59:10.955 15386 15403 I vision.svplaye: Background concurrent copying GC freed 208759(6MB) AllocSpace objects, 0(0B) LOS objects, 11% free, 45MB/51MB, paused 242us total 284.243ms
07-21 20:59:11.085 15386 22786 I CameraManagerGlobal: Connecting to camera service
07-21 20:59:11.085 15386 22786 E CameraManagerGlobal: Camera service is unavailable
07-21 20:59:11.678 15386 28285 I MediaCodecLogger: 15386.SW.audio.mp4a.bitrateInKbps = 92
07-21 20:59:12.065 15386 28273 I MediaCodec: [OMX.MTK.VIDEO.DECODER.AVC] setting surface generation to 15755277
07-21 20:59:12.086 15386 22786 I CameraManagerGlobal: Connecting to camera service
07-21 20:59:12.086 15386 22786 E CameraManagerGlobal: Camera service is unavailable
07-21 20:59:12.330 15386 28273 I MediaCodecLogger: 15386.HW.video.avc.bitrateInKbps = 4397
07-21 20:59:12.643 15386 15403 I vision.svplaye: NativeAlloc concurrent copying GC freed 167963(5MB) AllocSpace objects, 0(0B) LOS objects, 11% free, 45MB/51MB, paused 209us total 345.219ms
07-21 20:59:13.086 15386 22786 I CameraManagerGlobal: Connecting to camera service
07-21 20:59:13.087 15386 22786 E CameraManagerGlobal: Camera service is unavailable
07-21 20:59:13.948 15386 28273 I MediaCodec: [OMX.MTK.VIDEO.DECODER.AVC] setting surface generation to 15755278
07-21 20:59:13.954 15386 28273 I MediaCodecLogger: the latest buffer is 1935 old with packageName com.smartvision.svplayer. Possible resume detected
07-21 20:59:14.087 15386 22786 I CameraManagerGlobal: Connecting to camera service
07-21 20:59:14.088 15386 22786 E CameraManagerGlobal: Camera service is unavailable
07-21 20:59:14.680 15386 15403 I vision.svplaye: Background concurrent copying GC freed 143993(5MB) AllocSpace objects, 2(48KB) LOS objects, 11% free, 46MB/52MB, paused 218us total 427.771ms
07-21 20:59:15.088 15386 22786 I CameraManagerGlobal: Connecting to camera service
07-21 20:59:15.089 15386 22786 E CameraManagerGlobal: Camera service is unavailable
07-21 20:59:16.089 15386 22786 I CameraManagerGlobal: Connecting to camera service
07-21 20:59:16.089 15386 22786 E CameraManagerGlobal: Camera service is unavailable
07-21 20:59:16.304 15386 15403 I vision.svplaye: Background concurrent copying GC freed 213450(6MB) AllocSpace objects, 0(0B) LOS objects, 11% free, 46MB/52MB, paused 1.150ms total 329.146ms
07-21 20:59:16.689 15386 28285 I MediaCodecLogger: 15386.SW.audio.mp4a.bitrateInKbps = 94
07-21 20:59:17.090 15386 22786 I CameraManagerGlobal: Connecting to camera service
07-21 20:59:17.090 15386 22786 E CameraManagerGlobal: Camera service is unavailable
07-21 20:59:17.405 15386 28273 I MediaCodecLogger: W.mcfd47.15386.HW.video.avc.bitrateInKbps = 4640
07-21 20:59:17.926 15386 15403 I vision.svplaye: Background concurrent copying GC freed 217030(6MB) AllocSpace objects, 0(0B) LOS objects, 11% free, 46MB/52MB, paused 218us total 332.535ms
07-21 20:59:18.090 15386 22786 I CameraManagerGlobal: Connecting to camera service
07-21 20:59:18.091 15386 22786 E CameraManagerGlobal: Camera service is unavailable
07-21 20:59:19.091 15386 22786 I CameraManagerGlobal: Connecting to camera service
07-21 20:59:19.092 15386 22786 E CameraManagerGlobal: Camera service is unavailable
07-21 20:59:19.480 15386 15403 I vision.svplaye: Background concurrent copying GC freed 216912(6MB) AllocSpace objects, 0(0B) LOS objects, 11% free, 46MB/52MB, paused 224us total 318.324ms
07-21 20:59:20.092 15386 22786 I CameraManagerGlobal: Connecting to camera service
07-21 20:59:20.092 15386 22786 E CameraManagerGlobal: Camera service is unavailable
07-21 20:59:21.049 15386 15403 I vision.svplaye: Background concurrent copying GC freed 215538(6MB) AllocSpace objects, 0(0B) LOS objects, 11% free, 46MB/52MB, paused 215us total 318.966ms
07-21 20:59:21.093 15386 22786 I CameraManagerGlobal: Connecting to camera service
07-21 20:59:21.093 15386 22786 E CameraManagerGlobal: Camera service is unavailable
07-21 20:59:21.752 15386 28285 I MediaCodecLogger: 15386.SW.audio.mp4a.bitrateInKbps = 93
07-21 20:59:22.094 15386 22786 I CameraManagerGlobal: Connecting to camera service
07-21 20:59:22.094 15386 22786 E CameraManagerGlobal: Camera service is unavailable
07-21 20:59:22.441 15386 28273 I MediaCodecLogger: W.mcfd47.15386.HW.video.avc.bitrateInKbps = 5530
07-21 20:59:22.613 15386 15403 I vision.svplaye: Background concurrent copying GC freed 217424(6MB) AllocSpace objects, 0(0B) LOS objects, 11% free, 46MB/52MB, paused 217us total 339.450ms
07-21 20:59:23.094 15386 22786 I CameraManagerGlobal: Connecting to camera service
07-21 20:59:23.094 15386 22786 E CameraManagerGlobal: Camera service is unavailable
07-21 20:59:24.095 15386 22786 I CameraManagerGlobal: Connecting to camera service
07-21 20:59:24.095 15386 22786 E CameraManagerGlobal: Camera service is unavailable
07-21 20:59:24.127 15386 15403 I vision.svplaye: Background concurrent copying GC freed 217953(6MB) AllocSpace objects, 0(0B) LOS objects, 11% free, 46MB/52MB, paused 193us total 307.204ms
07-21 20:59:25.095 15386 22786 I CameraManagerGlobal: Connecting to camera service
07-21 20:59:25.096 15386 22786 E CameraManagerGlobal: Camera service is unavailable
07-21 20:59:25.753 15386 15403 I vision.svplaye: Background concurrent copying GC freed 211694(6MB) AllocSpace objects, 0(0B) LOS objects, 11% free, 46MB/52MB, paused 300us total 310.957ms
