--------- beginning of main
07-21 20:47:14.444 15386 22786 E CameraManagerGlobal: Camera service is unavailable
07-21 20:47:14.796 15386 15403 I vision.svplaye: Background concurrent copying GC freed 213271(6MB) AllocSpace objects, 0(0B) LOS objects, 20% free, 23MB/29MB, paused 253us total 253.657ms
07-21 20:47:15.444 15386 22786 I CameraManagerGlobal: Connecting to camera service
07-21 20:47:15.444 15386 22786 E CameraManagerGlobal: Camera service is unavailable
07-21 20:47:16.445 15386 22786 I CameraManagerGlobal: Connecting to camera service
07-21 20:47:16.445 15386 22786 E CameraManagerGlobal: Camera service is unavailable
07-21 20:47:16.556 15386 15403 I vision.svplaye: Background concurrent copying GC freed 213270(6MB) AllocSpace objects, 0(0B) LOS objects, 20% free, 23MB/29MB, paused 180us total 248.311ms
07-21 20:47:17.445 15386 22786 I CameraManagerGlobal: Connecting to camera service
07-21 20:47:17.446 15386 22786 E CameraManagerGlobal: Camera service is unavailable
07-21 20:47:18.330 15386 15403 I vision.svplaye: Background concurrent copying GC freed 215570(6MB) AllocSpace objects, 0(0B) LOS objects, 20% free, 23MB/29MB, paused 195us total 252.512ms
07-21 20:47:18.446 15386 22786 I CameraManagerGlobal: Connecting to camera service
07-21 20:47:18.447 15386 22786 E CameraManagerGlobal: Camera service is unavailable
07-21 20:47:19.447 15386 22786 I CameraManagerGlobal: Connecting to camera service
07-21 20:47:19.447 15386 22786 E CameraManagerGlobal: Camera service is unavailable
07-21 20:47:20.102 15386 15403 I vision.svplaye: Background concurrent copying GC freed 214037(6MB) AllocSpace objects, 0(0B) LOS objects, 20% free, 23MB/29MB, paused 180us total 253.271ms
07-21 20:47:20.448 15386 22786 I CameraManagerGlobal: Connecting to camera service
07-21 20:47:20.448 15386 22786 E CameraManagerGlobal: Camera service is unavailable
07-21 20:47:21.448 15386 22786 I CameraManagerGlobal: Connecting to camera service
07-21 20:47:21.449 15386 22786 E CameraManagerGlobal: Camera service is unavailable
07-21 20:47:21.874 15386 15403 I vision.svplaye: Background concurrent copying GC freed 213601(6MB) AllocSpace objects, 0(0B) LOS objects, 20% free, 23MB/29MB, paused 171us total 250.027ms
07-21 20:47:22.449 15386 22786 I CameraManagerGlobal: Connecting to camera service
07-21 20:47:22.449 15386 22786 E CameraManagerGlobal: Camera service is unavailable
07-21 20:47:23.450 15386 22786 I CameraManagerGlobal: Connecting to camera service
07-21 20:47:23.450 15386 22786 E CameraManagerGlobal: Camera service is unavailable
07-21 20:47:23.751 15386 15403 I vision.svplaye: Background concurrent copying GC freed 211509(6MB) AllocSpace objects, 0(0B) LOS objects, 20% free, 23MB/29MB, paused 191us total 270.313ms
07-21 20:47:24.451 15386 22786 I CameraManagerGlobal: Connecting to camera service
07-21 20:47:24.451 15386 22786 E CameraManagerGlobal: Camera service is unavailable
07-21 20:47:25.451 15386 22786 I CameraManagerGlobal: Connecting to camera service
07-21 20:47:25.452 15386 22786 E CameraManagerGlobal: Camera service is unavailable
07-21 20:47:25.590 15386 15403 I vision.svplaye: Background concurrent copying GC freed 215454(6MB) AllocSpace objects, 0(0B) LOS objects, 20% free, 23MB/29MB, paused 200us total 268.236ms
07-21 20:47:25.666 15386 15386 I SVStartup: state localReady=true checking=false activated=true playableSource=true route=profile/manage
07-21 20:47:25.965 15386 15403 I vision.svplaye: NativeAlloc concurrent copying GC freed 33207(1137KB) AllocSpace objects, 0(0B) LOS objects, 20% free, 23MB/29MB, paused 180us total 255.263ms
07-21 20:47:26.243 15386 15386 I Choreographer: Skipped 33 frames!  The application may be doing too much work on its main thread.
07-21 20:47:26.300 15386 15403 I vision.svplaye: NativeAlloc concurrent copying GC freed 4413(272KB) AllocSpace objects, 3(128KB) LOS objects, 20% free, 23MB/29MB, paused 185us total 298.746ms
07-21 20:47:26.452 15386 22786 I CameraManagerGlobal: Connecting to camera service
07-21 20:47:26.453 15386 22786 E CameraManagerGlobal: Camera service is unavailable
07-21 20:47:26.773 15386 15403 I vision.svplaye: NativeAlloc concurrent copying GC freed 17307(901KB) AllocSpace objects, 0(0B) LOS objects, 19% free, 24MB/30MB, paused 236us total 279.861ms
07-21 20:47:27.453 15386 22786 I CameraManagerGlobal: Connecting to camera service
07-21 20:47:27.453 15386 22786 E CameraManagerGlobal: Camera service is unavailable
07-21 20:47:28.454 15386 22786 I CameraManagerGlobal: Connecting to camera service
07-21 20:47:28.455 15386 22786 E CameraManagerGlobal: Camera service is unavailable
07-21 20:47:28.669 15386 15403 I vision.svplaye: Background concurrent copying GC freed 217709(6MB) AllocSpace objects, 0(0B) LOS objects, 20% free, 23MB/29MB, paused 509us total 282.047ms
07-21 20:47:29.455 15386 22786 I CameraManagerGlobal: Connecting to camera service
07-21 20:47:29.455 15386 22786 E CameraManagerGlobal: Camera service is unavailable
07-21 20:47:30.456 15386 22786 I CameraManagerGlobal: Connecting to camera service
07-21 20:47:30.456 15386 22786 E CameraManagerGlobal: Camera service is unavailable
07-21 20:47:30.471 15386 15403 I vision.svplaye: Background concurrent copying GC freed 214643(6MB) AllocSpace objects, 0(0B) LOS objects, 20% free, 23MB/29MB, paused 202us total 266.936ms
07-21 20:47:31.457 15386 22786 I CameraManagerGlobal: Connecting to camera service
07-21 20:47:31.457 15386 22786 E CameraManagerGlobal: Camera service is unavailable
07-21 20:47:32.134 15386 15403 I vision.svplaye: Background concurrent copying GC freed 218883(6MB) AllocSpace objects, 0(0B) LOS objects, 20% free, 23MB/29MB, paused 280us total 271.934ms
07-21 20:47:32.457 15386 22786 I CameraManagerGlobal: Connecting to camera service
07-21 20:47:32.458 15386 22786 E CameraManagerGlobal: Camera service is unavailable
07-21 20:47:33.458 15386 22786 I CameraManagerGlobal: Connecting to camera service
07-21 20:47:33.458 15386 22786 E CameraManagerGlobal: Camera service is unavailable
07-21 20:47:33.832 15386 15403 I vision.svplaye: Background concurrent copying GC freed 220992(6MB) AllocSpace objects, 0(0B) LOS objects, 20% free, 23MB/29MB, paused 196us total 268.147ms
07-21 20:47:34.459 15386 22786 I CameraManagerGlobal: Connecting to camera service
07-21 20:47:34.459 15386 22786 E CameraManagerGlobal: Camera service is unavailable
07-21 20:47:35.459 15386 22786 I CameraManagerGlobal: Connecting to camera service
07-21 20:47:35.460 15386 22786 E CameraManagerGlobal: Camera service is unavailable
07-21 20:47:35.488 15386 15403 I vision.svplaye: Background concurrent copying GC freed 219051(6MB) AllocSpace objects, 0(0B) LOS objects, 20% free, 23MB/29MB, paused 171us total 254.548ms
07-21 20:47:36.460 15386 22786 I CameraManagerGlobal: Connecting to camera service
07-21 20:47:36.460 15386 22786 E CameraManagerGlobal: Camera service is unavailable
07-21 20:47:37.158 15386 15403 I vision.svplaye: Background concurrent copying GC freed 219612(6MB) AllocSpace objects, 0(0B) LOS objects, 20% free, 23MB/29MB, paused 207us total 267.481ms
07-21 20:47:37.461 15386 22786 I CameraManagerGlobal: Connecting to camera service
07-21 20:47:37.461 15386 22786 E CameraManagerGlobal: Camera service is unavailable
07-21 20:47:38.461 15386 22786 I CameraManagerGlobal: Connecting to camera service
07-21 20:47:38.462 15386 22786 E CameraManagerGlobal: Camera service is unavailable
07-21 20:47:38.817 15386 15403 I vision.svplaye: Background concurrent copying GC freed 220042(6MB) AllocSpace objects, 0(0B) LOS objects, 20% free, 23MB/29MB, paused 192us total 263.638ms
07-21 20:47:39.462 15386 22786 I CameraManagerGlobal: Connecting to camera service
07-21 20:47:39.463 15386 22786 E CameraManagerGlobal: Camera service is unavailable
07-21 20:47:40.463 15386 22786 I CameraManagerGlobal: Connecting to camera service
07-21 20:47:40.464 15386 22786 E CameraManagerGlobal: Camera service is unavailable
07-21 20:47:40.652 15386 15403 I vision.svplaye: Background concurrent copying GC freed 215679(6MB) AllocSpace objects, 1(20KB) LOS objects, 20% free, 23MB/29MB, paused 258us total 268.961ms
07-21 20:47:41.464 15386 22786 I CameraManagerGlobal: Connecting to camera service
07-21 20:47:41.465 15386 22786 E CameraManagerGlobal: Camera service is unavailable
07-21 20:47:42.429 15386 15403 I vision.svplaye: Background concurrent copying GC freed 217371(6MB) AllocSpace objects, 0(0B) LOS objects, 20% free, 23MB/29MB, paused 175us total 270.249ms
07-21 20:47:42.465 15386 22786 I CameraManagerGlobal: Connecting to camera service
07-21 20:47:42.465 15386 22786 E CameraManagerGlobal: Camera service is unavailable
07-21 20:47:43.466 15386 22786 I CameraManagerGlobal: Connecting to camera service
07-21 20:47:43.466 15386 22786 E CameraManagerGlobal: Camera service is unavailable
07-21 20:47:44.228 15386 15403 I vision.svplaye: Background concurrent copying GC freed 215734(6MB) AllocSpace objects, 0(0B) LOS objects, 20% free, 23MB/29MB, paused 168us total 268.538ms
07-21 20:47:44.466 15386 22786 I CameraManagerGlobal: Connecting to camera service
07-21 20:47:44.467 15386 22786 E CameraManagerGlobal: Camera service is unavailable
07-21 20:47:45.468 15386 22786 I CameraManagerGlobal: Connecting to camera service
07-21 20:47:45.468 15386 22786 E CameraManagerGlobal: Camera service is unavailable
07-21 20:47:46.003 15386 15403 I vision.svplaye: Background concurrent copying GC freed 216098(6MB) AllocSpace objects, 0(0B) LOS objects, 20% free, 23MB/29MB, paused 201us total 279.991ms
07-21 20:47:46.469 15386 22786 I CameraManagerGlobal: Connecting to camera service
07-21 20:47:46.469 15386 22786 E CameraManagerGlobal: Camera service is unavailable
07-21 20:47:47.470 15386 22786 I CameraManagerGlobal: Connecting to camera service
07-21 20:47:47.470 15386 22786 E CameraManagerGlobal: Camera service is unavailable
07-21 20:47:47.769 15386 15403 I vision.svplaye: Background concurrent copying GC freed 217749(6MB) AllocSpace objects, 0(0B) LOS objects, 20% free, 23MB/29MB, paused 202us total 271.742ms
07-21 20:47:48.471 15386 22786 I CameraManagerGlobal: Connecting to camera service
07-21 20:47:48.471 15386 22786 E CameraManagerGlobal: Camera service is unavailable
07-21 20:47:49.472 15386 22786 I CameraManagerGlobal: Connecting to camera service
07-21 20:47:49.472 15386 22786 E CameraManagerGlobal: Camera service is unavailable
07-21 20:47:49.495 15386 15403 I vision.svplaye: Background concurrent copying GC freed 217635(6MB) AllocSpace objects, 0(0B) LOS objects, 20% free, 23MB/29MB, paused 209us total 269.515ms
07-21 20:47:50.473 15386 22786 I CameraManagerGlobal: Connecting to camera service
07-21 20:47:50.473 15386 22786 E CameraManagerGlobal: Camera service is unavailable
07-21 20:47:51.249 15386 15403 I vision.svplaye: Background concurrent copying GC freed 217589(6MB) AllocSpace objects, 0(0B) LOS objects, 20% free, 23MB/29MB, paused 214us total 274.280ms
07-21 20:47:51.473 15386 22786 I CameraManagerGlobal: Connecting to camera service
07-21 20:47:51.474 15386 22786 E CameraManagerGlobal: Camera service is unavailable
07-21 20:47:52.474 15386 22786 I CameraManagerGlobal: Connecting to camera service
07-21 20:47:52.475 15386 22786 E CameraManagerGlobal: Camera service is unavailable
07-21 20:47:52.999 15386 15403 I vision.svplaye: Background concurrent copying GC freed 217086(6MB) AllocSpace objects, 0(0B) LOS objects, 20% free, 23MB/29MB, paused 182us total 267.615ms
07-21 20:47:53.475 15386 22786 I CameraManagerGlobal: Connecting to camera service
07-21 20:47:53.475 15386 22786 E CameraManagerGlobal: Camera service is unavailable
07-21 20:47:54.476 15386 22786 I CameraManagerGlobal: Connecting to camera service
07-21 20:47:54.476 15386 22786 E CameraManagerGlobal: Camera service is unavailable
07-21 20:47:54.732 15386 15403 I vision.svplaye: Background concurrent copying GC freed 214625(6MB) AllocSpace objects, 0(0B) LOS objects, 20% free, 23MB/29MB, paused 207us total 274.238ms
07-21 20:47:55.476 15386 22786 I CameraManagerGlobal: Connecting to camera service
07-21 20:47:55.477 15386 22786 E CameraManagerGlobal: Camera service is unavailable
07-21 20:47:56.471 15386 15403 I vision.svplaye: Background concurrent copying GC freed 217773(6MB) AllocSpace objects, 0(0B) LOS objects, 20% free, 23MB/29MB, paused 199us total 259.085ms
07-21 20:47:56.477 15386 22786 I CameraManagerGlobal: Connecting to camera service
07-21 20:47:56.477 15386 22786 E CameraManagerGlobal: Camera service is unavailable
07-21 20:47:57.478 15386 22786 I CameraManagerGlobal: Connecting to camera service
07-21 20:47:57.479 15386 22786 E CameraManagerGlobal: Camera service is unavailable
07-21 20:47:58.264 15386 15403 I vision.svplaye: Background concurrent copying GC freed 214591(6MB) AllocSpace objects, 0(0B) LOS objects, 20% free, 23MB/29MB, paused 206us total 288.196ms
07-21 20:47:58.479 15386 22786 I CameraManagerGlobal: Connecting to camera service
07-21 20:47:58.479 15386 22786 E CameraManagerGlobal: Camera service is unavailable
07-21 20:47:59.479 15386 22786 I CameraManagerGlobal: Connecting to camera service
07-21 20:47:59.480 15386 22786 E CameraManagerGlobal: Camera service is unavailable
07-21 20:48:00.170 15386 15403 I vision.svplaye: Background concurrent copying GC freed 211255(6MB) AllocSpace objects, 0(0B) LOS objects, 20% free, 23MB/29MB, paused 1.123ms total 291.906ms
07-21 20:48:00.480 15386 22786 I CameraManagerGlobal: Connecting to camera service
07-21 20:48:00.481 15386 22786 E CameraManagerGlobal: Camera service is unavailable
07-21 20:48:01.481 15386 22786 I CameraManagerGlobal: Connecting to camera service
07-21 20:48:01.481 15386 22786 E CameraManagerGlobal: Camera service is unavailable
07-21 20:48:01.997 15386 15403 I vision.svplaye: Background concurrent copying GC freed 203823(5MB) AllocSpace objects, 0(0B) LOS objects, 20% free, 23MB/29MB, paused 196us total 267.388ms
07-21 20:48:02.481 15386 22786 I CameraManagerGlobal: Connecting to camera service
07-21 20:48:02.482 15386 22786 E CameraManagerGlobal: Camera service is unavailable
07-21 20:48:03.482 15386 22786 I CameraManagerGlobal: Connecting to camera service
07-21 20:48:03.482 15386 22786 E CameraManagerGlobal: Camera service is unavailable
07-21 20:48:03.855 15386 15403 I vision.svplaye: Background concurrent copying GC freed 216679(6MB) AllocSpace objects, 0(0B) LOS objects, 20% free, 23MB/29MB, paused 199us total 261.332ms
07-21 20:48:04.483 15386 22786 I CameraManagerGlobal: Connecting to camera service
07-21 20:48:04.483 15386 22786 E CameraManagerGlobal: Camera service is unavailable
07-21 20:48:05.483 15386 22786 I CameraManagerGlobal: Connecting to camera service
07-21 20:48:05.484 15386 22786 E CameraManagerGlobal: Camera service is unavailable
07-21 20:48:05.654 15386 15403 I vision.svplaye: Background concurrent copying GC freed 214300(6MB) AllocSpace objects, 0(0B) LOS objects, 20% free, 23MB/29MB, paused 268us total 267.735ms
07-21 20:48:06.484 15386 22786 I CameraManagerGlobal: Connecting to camera service
07-21 20:48:06.484 15386 22786 E CameraManagerGlobal: Camera service is unavailable
07-21 20:48:07.324 15386 15403 I vision.svplaye: Background concurrent copying GC freed 220247(6MB) AllocSpace objects, 0(0B) LOS objects, 20% free, 23MB/29MB, paused 214us total 265.920ms
07-21 20:48:07.485 15386 22786 I CameraManagerGlobal: Connecting to camera service
07-21 20:48:07.485 15386 22786 E CameraManagerGlobal: Camera service is unavailable
07-21 20:48:08.485 15386 22786 I CameraManagerGlobal: Connecting to camera service
07-21 20:48:08.486 15386 22786 E CameraManagerGlobal: Camera service is unavailable
07-21 20:48:08.945 15386 15403 I vision.svplaye: Background concurrent copying GC freed 220340(6MB) AllocSpace objects, 0(0B) LOS objects, 20% free, 23MB/29MB, paused 194us total 257.128ms
07-21 20:48:09.486 15386 22786 I CameraManagerGlobal: Connecting to camera service
07-21 20:48:09.487 15386 22786 E CameraManagerGlobal: Camera service is unavailable
07-21 20:48:10.487 15386 22786 I CameraManagerGlobal: Connecting to camera service
07-21 20:48:10.487 15386 22786 E CameraManagerGlobal: Camera service is unavailable
07-21 20:48:10.576 15386 15403 I vision.svplaye: Background concurrent copying GC freed 220080(6MB) AllocSpace objects, 0(0B) LOS objects, 20% free, 23MB/29MB, paused 214us total 262.525ms
07-21 20:48:11.488 15386 22786 I CameraManagerGlobal: Connecting to camera service
07-21 20:48:11.488 15386 22786 E CameraManagerGlobal: Camera service is unavailable
07-21 20:48:12.207 15386 15403 I vision.svplaye: Background concurrent copying GC freed 221908(6MB) AllocSpace objects, 0(0B) LOS objects, 20% free, 23MB/29MB, paused 209us total 257.117ms
07-21 20:48:12.488 15386 22786 I CameraManagerGlobal: Connecting to camera service
07-21 20:48:12.488 15386 22786 E CameraManagerGlobal: Camera service is unavailable
07-21 20:48:13.489 15386 22786 I CameraManagerGlobal: Connecting to camera service
07-21 20:48:13.489 15386 22786 E CameraManagerGlobal: Camera service is unavailable
07-21 20:48:14.063 15386 15403 I vision.svplaye: Background concurrent copying GC freed 219316(6MB) AllocSpace objects, 0(0B) LOS objects, 20% free, 23MB/29MB, paused 181us total 272.909ms
07-21 20:48:14.490 15386 22786 I CameraManagerGlobal: Connecting to camera service
07-21 20:48:14.490 15386 22786 E CameraManagerGlobal: Camera service is unavailable
07-21 20:48:15.490 15386 22786 I CameraManagerGlobal: Connecting to camera service
07-21 20:48:15.491 15386 22786 E CameraManagerGlobal: Camera service is unavailable
07-21 20:48:15.848 15386 15403 I vision.svplaye: Background concurrent copying GC freed 219230(6MB) AllocSpace objects, 0(0B) LOS objects, 20% free, 23MB/29MB, paused 243us total 283.907ms
07-21 20:48:16.491 15386 22786 I CameraManagerGlobal: Connecting to camera service
07-21 20:48:16.491 15386 22786 E CameraManagerGlobal: Camera service is unavailable
07-21 20:48:17.492 15386 22786 I CameraManagerGlobal: Connecting to camera service
07-21 20:48:17.492 15386 22786 E CameraManagerGlobal: Camera service is unavailable
07-21 20:48:17.599 15386 15403 I vision.svplaye: Background concurrent copying GC freed 217063(6MB) AllocSpace objects, 1(20KB) LOS objects, 20% free, 23MB/29MB, paused 200us total 269.325ms
07-21 20:48:18.492 15386 22786 I CameraManagerGlobal: Connecting to camera service
07-21 20:48:18.493 15386 22786 E CameraManagerGlobal: Camera service is unavailable
07-21 20:48:19.318 15386 15403 I vision.svplaye: Background concurrent copying GC freed 217874(6MB) AllocSpace objects, 0(0B) LOS objects, 20% free, 23MB/29MB, paused 185us total 255.372ms
07-21 20:48:19.493 15386 22786 I CameraManagerGlobal: Connecting to camera service
07-21 20:48:19.494 15386 22786 E CameraManagerGlobal: Camera service is unavailable
07-21 20:48:20.494 15386 22786 I CameraManagerGlobal: Connecting to camera service
07-21 20:48:20.494 15386 22786 E CameraManagerGlobal: Camera service is unavailable
07-21 20:48:21.037 15386 15403 I vision.svplaye: Background concurrent copying GC freed 214038(6MB) AllocSpace objects, 0(0B) LOS objects, 20% free, 23MB/29MB, paused 209us total 256.423ms
07-21 20:48:21.494 15386 22786 I CameraManagerGlobal: Connecting to camera service
07-21 20:48:21.495 15386 22786 E CameraManagerGlobal: Camera service is unavailable
07-21 20:48:22.495 15386 22786 I CameraManagerGlobal: Connecting to camera service
07-21 20:48:22.496 15386 22786 E CameraManagerGlobal: Camera service is unavailable
07-21 20:48:22.764 15386 15403 I vision.svplaye: Background concurrent copying GC freed 215530(6MB) AllocSpace objects, 0(0B) LOS objects, 20% free, 23MB/29MB, paused 211us total 261.547ms
07-21 20:48:23.496 15386 22786 I CameraManagerGlobal: Connecting to camera service
07-21 20:48:23.496 15386 22786 E CameraManagerGlobal: Camera service is unavailable
07-21 20:48:24.497 15386 22786 I CameraManagerGlobal: Connecting to camera service
07-21 20:48:24.497 15386 22786 E CameraManagerGlobal: Camera service is unavailable
07-21 20:48:24.528 15386 15403 I vision.svplaye: Background concurrent copying GC freed 215773(6MB) AllocSpace objects, 0(0B) LOS objects, 20% free, 23MB/29MB, paused 209us total 278.660ms
07-21 20:48:25.497 15386 22786 I CameraManagerGlobal: Connecting to camera service
07-21 20:48:25.498 15386 22786 E CameraManagerGlobal: Camera service is unavailable
07-21 20:48:26.262 15386 15403 I vision.svplaye: Background concurrent copying GC freed 217984(6MB) AllocSpace objects, 0(0B) LOS objects, 20% free, 23MB/29MB, paused 196us total 269.120ms
07-21 20:48:26.498 15386 22786 I CameraManagerGlobal: Connecting to camera service
07-21 20:48:26.499 15386 22786 E CameraManagerGlobal: Camera service is unavailable
07-21 20:48:27.499 15386 22786 I CameraManagerGlobal: Connecting to camera service
07-21 20:48:27.499 15386 22786 E CameraManagerGlobal: Camera service is unavailable
07-21 20:48:27.962 15386 15403 I vision.svplaye: Background concurrent copying GC freed 214878(6MB) AllocSpace objects, 0(0B) LOS objects, 20% free, 23MB/29MB, paused 193us total 262.945ms
07-21 20:48:28.500 15386 22786 I CameraManagerGlobal: Connecting to camera service
07-21 20:48:28.500 15386 22786 E CameraManagerGlobal: Camera service is unavailable
07-21 20:48:29.500 15386 22786 I CameraManagerGlobal: Connecting to camera service
07-21 20:48:29.501 15386 22786 E CameraManagerGlobal: Camera service is unavailable
07-21 20:48:29.649 15386 15403 I vision.svplaye: Background concurrent copying GC freed 210694(6MB) AllocSpace objects, 0(0B) LOS objects, 20% free, 23MB/29MB, paused 211us total 257.638ms
07-21 20:48:30.501 15386 22786 I CameraManagerGlobal: Connecting to camera service
07-21 20:48:30.502 15386 22786 E CameraManagerGlobal: Camera service is unavailable
07-21 20:48:31.354 15386 15403 I vision.svplaye: Background concurrent copying GC freed 215454(6MB) AllocSpace objects, 0(0B) LOS objects, 20% free, 23MB/29MB, paused 339us total 258.966ms
07-21 20:48:31.502 15386 22786 I CameraManagerGlobal: Connecting to camera service
07-21 20:48:31.502 15386 22786 E CameraManagerGlobal: Camera service is unavailable
07-21 20:48:32.503 15386 22786 I CameraManagerGlobal: Connecting to camera service
07-21 20:48:32.503 15386 22786 E CameraManagerGlobal: Camera service is unavailable
07-21 20:48:33.080 15386 15403 I vision.svplaye: Background concurrent copying GC freed 215020(6MB) AllocSpace objects, 0(0B) LOS objects, 20% free, 23MB/29MB, paused 187us total 265.707ms
07-21 20:48:33.503 15386 22786 I CameraManagerGlobal: Connecting to camera service
07-21 20:48:33.504 15386 22786 E CameraManagerGlobal: Camera service is unavailable
07-21 20:48:34.504 15386 22786 I CameraManagerGlobal: Connecting to camera service
07-21 20:48:34.505 15386 22786 E CameraManagerGlobal: Camera service is unavailable
07-21 20:48:34.831 15386 15403 I vision.svplaye: Background concurrent copying GC freed 216454(6MB) AllocSpace objects, 0(0B) LOS objects, 20% free, 23MB/29MB, paused 200us total 280.210ms
07-21 20:48:35.505 15386 22786 I CameraManagerGlobal: Connecting to camera service
07-21 20:48:35.505 15386 22786 E CameraManagerGlobal: Camera service is unavailable
07-21 20:48:36.506 15386 22786 I CameraManagerGlobal: Connecting to camera service
07-21 20:48:36.506 15386 22786 E CameraManagerGlobal: Camera service is unavailable
07-21 20:48:36.632 15386 15403 I vision.svplaye: Background concurrent copying GC freed 214812(6MB) AllocSpace objects, 0(0B) LOS objects, 20% free, 23MB/29MB, paused 216us total 263.159ms
07-21 20:48:37.507 15386 22786 I CameraManagerGlobal: Connecting to camera service
07-21 20:48:37.507 15386 22786 E CameraManagerGlobal: Camera service is unavailable
07-21 20:48:38.507 15386 22786 I CameraManagerGlobal: Connecting to camera service
07-21 20:48:38.508 15386 22786 E CameraManagerGlobal: Camera service is unavailable
07-21 20:48:38.547 15386 15403 I vision.svplaye: Background concurrent copying GC freed 214737(6MB) AllocSpace objects, 0(0B) LOS objects, 20% free, 23MB/29MB, paused 195us total 282.947ms
07-21 20:48:39.508 15386 22786 I CameraManagerGlobal: Connecting to camera service
07-21 20:48:39.509 15386 22786 E CameraManagerGlobal: Camera service is unavailable
07-21 20:48:40.335 15386 15403 I vision.svplaye: Background concurrent copying GC freed 217290(6MB) AllocSpace objects, 0(0B) LOS objects, 20% free, 23MB/29MB, paused 202us total 265.179ms
07-21 20:48:40.509 15386 22786 I CameraManagerGlobal: Connecting to camera service
07-21 20:48:40.509 15386 22786 E CameraManagerGlobal: Camera service is unavailable
07-21 20:48:41.510 15386 22786 I CameraManagerGlobal: Connecting to camera service
07-21 20:48:41.510 15386 22786 E CameraManagerGlobal: Camera service is unavailable
07-21 20:48:41.979 15386 15403 I vision.svplaye: Background concurrent copying GC freed 221262(6MB) AllocSpace objects, 0(0B) LOS objects, 20% free, 23MB/29MB, paused 323us total 255.456ms
07-21 20:48:42.510 15386 22786 I CameraManagerGlobal: Connecting to camera service
07-21 20:48:42.511 15386 22786 E CameraManagerGlobal: Camera service is unavailable
07-21 20:48:43.511 15386 22786 I CameraManagerGlobal: Connecting to camera service
07-21 20:48:43.511 15386 22786 E CameraManagerGlobal: Camera service is unavailable
07-21 20:48:43.632 15386 15403 I vision.svplaye: Background concurrent copying GC freed 219976(6MB) AllocSpace objects, 0(0B) LOS objects, 20% free, 23MB/29MB, paused 215us total 261.109ms
07-21 20:48:44.512 15386 22786 I CameraManagerGlobal: Connecting to camera service
07-21 20:48:44.512 15386 22786 E CameraManagerGlobal: Camera service is unavailable
07-21 20:48:45.305 15386 15403 I vision.svplaye: Background concurrent copying GC freed 219100(6MB) AllocSpace objects, 0(0B) LOS objects, 20% free, 23MB/29MB, paused 209us total 272.812ms
07-21 20:48:45.512 15386 22786 I CameraManagerGlobal: Connecting to camera service
07-21 20:48:45.513 15386 22786 E CameraManagerGlobal: Camera service is unavailable
07-21 20:48:46.513 15386 22786 I CameraManagerGlobal: Connecting to camera service
07-21 20:48:46.514 15386 22786 E CameraManagerGlobal: Camera service is unavailable
07-21 20:48:47.025 15386 15403 I vision.svplaye: Background concurrent copying GC freed 219453(6MB) AllocSpace objects, 0(0B) LOS objects, 20% free, 23MB/29MB, paused 195us total 266.377ms
07-21 20:48:47.514 15386 22786 I CameraManagerGlobal: Connecting to camera service
07-21 20:48:47.514 15386 22786 E CameraManagerGlobal: Camera service is unavailable
07-21 20:48:48.515 15386 22786 I CameraManagerGlobal: Connecting to camera service
07-21 20:48:48.516 15386 22786 E CameraManagerGlobal: Camera service is unavailable
07-21 20:48:48.746 15386 15403 I vision.svplaye: Background concurrent copying GC freed 221397(6MB) AllocSpace objects, 0(0B) LOS objects, 20% free, 23MB/29MB, paused 184us total 271.455ms
07-21 20:48:49.517 15386 22786 I CameraManagerGlobal: Connecting to camera service
07-21 20:48:49.517 15386 22786 E CameraManagerGlobal: Camera service is unavailable
