--------- beginning of main
07-21 20:23:50.650 15386 15403 I vision.svplaye: Background concurrent copying GC freed 196025(6MB) AllocSpace objects, 2(40KB) LOS objects, 19% free, 24MB/30MB, paused 315us total 309.635ms
07-21 20:23:58.614 15386 15403 I vision.svplaye: Background concurrent copying GC freed 194803(6MB) AllocSpace objects, 1(20KB) LOS objects, 19% free, 24MB/30MB, paused 275us total 286.744ms
07-21 20:24:07.010 15386 15403 I vision.svplaye: Background concurrent copying GC freed 198041(5MB) AllocSpace objects, 0(0B) LOS objects, 19% free, 24MB/30MB, paused 256us total 287.089ms
07-21 20:24:15.413 15386 15403 I vision.svplaye: Background concurrent copying GC freed 198130(5MB) AllocSpace objects, 0(0B) LOS objects, 19% free, 24MB/30MB, paused 313us total 285.243ms
07-21 20:24:22.115 15386 15386 I SmartVisionAds: Statut monetisation actuel: FREE_WITH_ADS
07-21 20:24:22.192 15386 15386 I SmartVisionAds: Pub refusee: pubs desactivees
07-21 20:24:22.903 15386 15403 I vision.svplaye: Background concurrent copying GC freed 166060(5MB) AllocSpace objects, 2(56KB) LOS objects, 18% free, 26MB/32MB, paused 234us total 326.173ms
07-21 20:24:23.147 15386 21801 I OMXClient: IOmx service obtained
07-21 20:24:23.209 15386 21800 I MediaCodec: [OMX.MTK.VIDEO.DECODER.AVC] setting surface generation to 15755275
07-21 20:24:23.210 15386 21800 I MediaCodecLogger: [ASAP] HW.video.avc P2 + 14621023
07-21 20:24:23.211 15386 21800 I MediaCodecLogger: HW.video.avc Adaptive Streaming max w:1920 h:1080, screen size:FHD
07-21 20:24:23.212 15386 21801 I ACodec  : Call prepareForAdaptivePlayback. maxWidth 1920, maxHeight 1080.
07-21 20:24:23.212 15386 21801 I ACodec  : [OMX.MTK.VIDEO.DECODER.AVC] prepareForAdaptivePlayback failed w/ err -1010
07-21 20:24:23.214 15386 21801 I ACodec  : codec does not support config priority (err -1010)
07-21 20:24:23.227 15386 21800 I MediaCodecLogger: [ASAP] HW.video.avc P2 - 14621040
07-21 20:24:23.231 15386 21195 I MediaCodecLogger: [ASAP] HW.video.avc P3 + 14621044
07-21 20:24:23.269 15386 21801 W ACodec  : [OMX.MTK.VIDEO.DECODER.AVC] setting nBufferCountActual to 7 failed: -22
07-21 20:24:23.272 15386 21800 I MediaCodecLogger: [ASAP] HW.video.avc P3 - 14621085
07-21 20:24:23.327 15386 21801 W AHierarchicalStateMachine: Warning message AMessage(what = 'omxI') = {
07-21 20:24:23.327 15386 21801 W AHierarchicalStateMachine:   int32_t type = 0
07-21 20:24:23.327 15386 21801 W AHierarchicalStateMachine:   int32_t event = 3
07-21 20:24:23.327 15386 21801 W AHierarchicalStateMachine:   int32_t data1 = 1
07-21 20:24:23.327 15386 21801 W AHierarchicalStateMachine:   int32_t data2 = 117440527
07-21 20:24:23.327 15386 21801 W AHierarchicalStateMachine: } unhandled in root state.
07-21 20:24:23.330 15386 21800 I MediaCodecLogger: [ASAP] HW.video.avc Got First Input Frame 14621143 pts:1000004004000
07-21 20:24:23.333 15386 21801 W ACodec  : [OMX.MTK.VIDEO.DECODER.AVC] setting nBufferCountActual to 14 failed: -22
07-21 20:24:23.365 15386 21195 I android.media.AudioTrack: AUDIOINFO: audio_input: format: 6 sample_rate: 48000 channels: 6 AudioAttributes: AudioAttributes: usage=USAGE_MEDIA content=CONTENT_TYPE_MUSIC flags=0x0 tags= bundle=null
07-21 20:24:23.370 15386 21800 I MediaCodecLogger: updateFormatChanged width = 1920 height = 1080
07-21 20:24:23.371 15386 21800 I MediaCodecLogger: updatePTSTime [HW.video.avc] First PTS after Flush or reset = 1000004004000
07-21 20:24:23.373 15386 21800 I MediaCodecLogger: [ASAP] HW.video.avc Got First Frame Ready 14621184(41)
07-21 20:24:23.526 15386 21800 I MediaCodecLogger: Rendering first frame after starting or flushing.
07-21 20:24:23.526 15386 21800 I MediaCodecLogger: [ASAP] HW.video.avc Got First Frame Render 14621339(196)
07-21 20:24:23.526 15386 21800 I MediaCodecLogger: App sets Timestamps for render in SurfaceFlinger
07-21 20:24:23.975 15386 15403 I vision.svplaye: Background concurrent copying GC freed 23344(2MB) AllocSpace objects, 31(716KB) LOS objects, 15% free, 33MB/39MB, paused 240us total 329.912ms
07-21 20:24:24.044 15386 21800 I MediaCodecLogger: 15386.HW.video.avc Resolution change from 0x0 to 1920x1080 took = 4
07-21 20:24:25.181 15386 15403 I vision.svplaye: Background concurrent copying GC freed 5428(336KB) AllocSpace objects, 22(440KB) LOS objects, 12% free, 40MB/46MB, paused 752us total 294.121ms
07-21 20:24:26.468 15386 15386 I SVHomeLoad: continue ready profile=de993c35 revision=0
07-21 20:24:26.724 15386 15403 I vision.svplaye: Background concurrent copying GC freed 443(73KB) AllocSpace objects, 0(0B) LOS objects, 10% free, 53MB/59MB, paused 459us total 701.534ms
07-21 20:24:28.040 15386 15403 I vision.svplaye: Background concurrent copying GC freed 86656(2MB) AllocSpace objects, 73(1460KB) LOS objects, 9% free, 58MB/64MB, paused 384us total 347.120ms
07-21 20:24:28.353 15386 21800 I MediaCodecLogger: 15386.HW.video.avc.bitrateInKbps = 2337
07-21 20:24:30.956 15386 15403 I vision.svplaye: Background concurrent copying GC freed 20301(1058KB) AllocSpace objects, 67(1340KB) LOS objects, 8% free, 66MB/72MB, paused 280us total 444.560ms
07-21 20:24:31.366 15386 15386 I SVHomeLoad: continue ready profile=de993c35 revision=0
