--------- beginning of main
07-21 20:42:12.745 15386 15403 I vision.svplaye: Background concurrent copying GC freed 209535(6MB) AllocSpace objects, 0(0B) LOS objects, 20% free, 23MB/29MB, paused 199us total 275.026ms
07-21 20:42:13.225 15386 22786 I CameraManagerGlobal: Connecting to camera service
07-21 20:42:13.225 15386 22786 E CameraManagerGlobal: Camera service is unavailable
07-21 20:42:14.226 15386 22786 I CameraManagerGlobal: Connecting to camera service
07-21 20:42:14.226 15386 22786 E CameraManagerGlobal: Camera service is unavailable
07-21 20:42:14.650 15386 15403 I vision.svplaye: Background concurrent copying GC freed 208954(6MB) AllocSpace objects, 0(0B) LOS objects, 20% free, 23MB/29MB, paused 257us total 273.183ms
07-21 20:42:15.226 15386 22786 I CameraManagerGlobal: Connecting to camera service
07-21 20:42:15.227 15386 22786 E CameraManagerGlobal: Camera service is unavailable
07-21 20:42:16.227 15386 22786 I CameraManagerGlobal: Connecting to camera service
07-21 20:42:16.227 15386 22786 E CameraManagerGlobal: Camera service is unavailable
07-21 20:42:16.525 15386 15403 I vision.svplaye: Background concurrent copying GC freed 207270(6MB) AllocSpace objects, 0(0B) LOS objects, 20% free, 23MB/29MB, paused 209us total 271.762ms
07-21 20:42:17.227 15386 22786 I CameraManagerGlobal: Connecting to camera service
07-21 20:42:17.228 15386 22786 E CameraManagerGlobal: Camera service is unavailable
07-21 20:42:18.228 15386 22786 I CameraManagerGlobal: Connecting to camera service
07-21 20:42:18.229 15386 22786 E CameraManagerGlobal: Camera service is unavailable
07-21 20:42:18.464 15386 15403 I vision.svplaye: Background concurrent copying GC freed 206162(6MB) AllocSpace objects, 0(0B) LOS objects, 19% free, 24MB/30MB, paused 228us total 285.690ms
07-21 20:42:19.229 15386 22786 I CameraManagerGlobal: Connecting to camera service
07-21 20:42:19.230 15386 22786 E CameraManagerGlobal: Camera service is unavailable
07-21 20:42:20.230 15386 22786 I CameraManagerGlobal: Connecting to camera service
07-21 20:42:20.230 15386 22786 E CameraManagerGlobal: Camera service is unavailable
07-21 20:42:20.429 15386 15403 I vision.svplaye: Background concurrent copying GC freed 206137(6MB) AllocSpace objects, 1(20KB) LOS objects, 20% free, 23MB/29MB, paused 206us total 270.939ms
07-21 20:42:21.231 15386 22786 I CameraManagerGlobal: Connecting to camera service
07-21 20:42:21.231 15386 22786 E CameraManagerGlobal: Camera service is unavailable
07-21 20:42:22.231 15386 22786 I CameraManagerGlobal: Connecting to camera service
07-21 20:42:22.232 15386 22786 E CameraManagerGlobal: Camera service is unavailable
07-21 20:42:22.392 15386 15403 I vision.svplaye: Background concurrent copying GC freed 205932(6MB) AllocSpace objects, 0(0B) LOS objects, 20% free, 23MB/29MB, paused 189us total 262.357ms
07-21 20:42:23.232 15386 22786 I CameraManagerGlobal: Connecting to camera service
07-21 20:42:23.233 15386 22786 E CameraManagerGlobal: Camera service is unavailable
07-21 20:42:24.233 15386 22786 I CameraManagerGlobal: Connecting to camera service
07-21 20:42:24.233 15386 22786 E CameraManagerGlobal: Camera service is unavailable
07-21 20:42:24.359 15386 15403 I vision.svplaye: Background concurrent copying GC freed 202435(6MB) AllocSpace objects, 0(0B) LOS objects, 20% free, 23MB/29MB, paused 319us total 267.503ms
07-21 20:42:25.234 15386 22786 I CameraManagerGlobal: Connecting to camera service
07-21 20:42:25.234 15386 22786 E CameraManagerGlobal: Camera service is unavailable
07-21 20:42:26.234 15386 22786 I CameraManagerGlobal: Connecting to camera service
07-21 20:42:26.235 15386 22786 E CameraManagerGlobal: Camera service is unavailable
07-21 20:42:26.324 15386 15403 I vision.svplaye: Background concurrent copying GC freed 202741(6MB) AllocSpace objects, 0(0B) LOS objects, 20% free, 23MB/29MB, paused 186us total 269.207ms
07-21 20:42:27.235 15386 22786 I CameraManagerGlobal: Connecting to camera service
07-21 20:42:27.236 15386 22786 E CameraManagerGlobal: Camera service is unavailable
07-21 20:42:28.236 15386 22786 I CameraManagerGlobal: Connecting to camera service
07-21 20:42:28.237 15386 22786 E CameraManagerGlobal: Camera service is unavailable
07-21 20:42:28.245 15386 15403 I vision.svplaye: Background concurrent copying GC freed 201500(6MB) AllocSpace objects, 0(0B) LOS objects, 20% free, 23MB/29MB, paused 528us total 265.332ms
07-21 20:42:29.237 15386 22786 I CameraManagerGlobal: Connecting to camera service
07-21 20:42:29.237 15386 22786 E CameraManagerGlobal: Camera service is unavailable
07-21 20:42:30.212 15386 15403 I vision.svplaye: Background concurrent copying GC freed 204521(6MB) AllocSpace objects, 0(0B) LOS objects, 20% free, 23MB/29MB, paused 215us total 261.548ms
07-21 20:42:30.237 15386 22786 I CameraManagerGlobal: Connecting to camera service
07-21 20:42:30.238 15386 22786 E CameraManagerGlobal: Camera service is unavailable
07-21 20:42:31.238 15386 22786 I CameraManagerGlobal: Connecting to camera service
07-21 20:42:31.239 15386 22786 E CameraManagerGlobal: Camera service is unavailable
07-21 20:42:32.162 15386 15403 I vision.svplaye: Background concurrent copying GC freed 204390(6MB) AllocSpace objects, 0(0B) LOS objects, 20% free, 23MB/29MB, paused 212us total 270.648ms
07-21 20:42:32.239 15386 22786 I CameraManagerGlobal: Connecting to camera service
07-21 20:42:32.239 15386 22786 E CameraManagerGlobal: Camera service is unavailable
07-21 20:42:33.239 15386 22786 I CameraManagerGlobal: Connecting to camera service
07-21 20:42:33.240 15386 22786 E CameraManagerGlobal: Camera service is unavailable
07-21 20:42:34.143 15386 15403 I vision.svplaye: Background concurrent copying GC freed 202311(6MB) AllocSpace objects, 0(0B) LOS objects, 20% free, 23MB/29MB, paused 214us total 283.949ms
07-21 20:42:34.240 15386 22786 I CameraManagerGlobal: Connecting to camera service
07-21 20:42:34.240 15386 22786 E CameraManagerGlobal: Camera service is unavailable
07-21 20:42:35.241 15386 22786 I CameraManagerGlobal: Connecting to camera service
07-21 20:42:35.241 15386 22786 E CameraManagerGlobal: Camera service is unavailable
07-21 20:42:36.092 15386 15403 I vision.svplaye: Background concurrent copying GC freed 203250(6MB) AllocSpace objects, 0(0B) LOS objects, 20% free, 23MB/29MB, paused 222us total 296.772ms
07-21 20:42:36.241 15386 22786 I CameraManagerGlobal: Connecting to camera service
07-21 20:42:36.242 15386 22786 E CameraManagerGlobal: Camera service is unavailable
07-21 20:42:37.242 15386 22786 I CameraManagerGlobal: Connecting to camera service
07-21 20:42:37.242 15386 22786 E CameraManagerGlobal: Camera service is unavailable
07-21 20:42:38.046 15386 15403 I vision.svplaye: Background concurrent copying GC freed 203100(6MB) AllocSpace objects, 0(0B) LOS objects, 19% free, 24MB/30MB, paused 223us total 292.444ms
07-21 20:42:38.243 15386 22786 I CameraManagerGlobal: Connecting to camera service
07-21 20:42:38.243 15386 22786 E CameraManagerGlobal: Camera service is unavailable
07-21 20:42:39.243 15386 22786 I CameraManagerGlobal: Connecting to camera service
07-21 20:42:39.244 15386 22786 E CameraManagerGlobal: Camera service is unavailable
07-21 20:42:39.994 15386 15403 I vision.svplaye: Background concurrent copying GC freed 206612(6MB) AllocSpace objects, 0(0B) LOS objects, 20% free, 23MB/29MB, paused 707us total 267.720ms
07-21 20:42:40.244 15386 22786 I CameraManagerGlobal: Connecting to camera service
07-21 20:42:40.244 15386 22786 E CameraManagerGlobal: Camera service is unavailable
07-21 20:42:41.244 15386 22786 I CameraManagerGlobal: Connecting to camera service
07-21 20:42:41.245 15386 22786 E CameraManagerGlobal: Camera service is unavailable
07-21 20:42:41.912 15386 15403 I vision.svplaye: Background concurrent copying GC freed 200490(6MB) AllocSpace objects, 0(0B) LOS objects, 20% free, 23MB/29MB, paused 217us total 260.929ms
07-21 20:42:42.245 15386 22786 I CameraManagerGlobal: Connecting to camera service
07-21 20:42:42.245 15386 22786 E CameraManagerGlobal: Camera service is unavailable
07-21 20:42:43.246 15386 22786 I CameraManagerGlobal: Connecting to camera service
07-21 20:42:43.246 15386 22786 E CameraManagerGlobal: Camera service is unavailable
07-21 20:42:43.853 15386 15403 I vision.svplaye: Background concurrent copying GC freed 200236(6MB) AllocSpace objects, 0(0B) LOS objects, 20% free, 23MB/29MB, paused 255us total 277.509ms
07-21 20:42:44.246 15386 22786 I CameraManagerGlobal: Connecting to camera service
07-21 20:42:44.247 15386 22786 E CameraManagerGlobal: Camera service is unavailable
07-21 20:42:45.247 15386 22786 I CameraManagerGlobal: Connecting to camera service
07-21 20:42:45.248 15386 22786 E CameraManagerGlobal: Camera service is unavailable
07-21 20:42:45.825 15386 15403 I vision.svplaye: Background concurrent copying GC freed 204271(6MB) AllocSpace objects, 0(0B) LOS objects, 20% free, 23MB/29MB, paused 1.774ms total 279.818ms
07-21 20:42:46.248 15386 22786 I CameraManagerGlobal: Connecting to camera service
07-21 20:42:46.248 15386 22786 E CameraManagerGlobal: Camera service is unavailable
07-21 20:42:47.249 15386 22786 I CameraManagerGlobal: Connecting to camera service
07-21 20:42:47.249 15386 22786 E CameraManagerGlobal: Camera service is unavailable
07-21 20:42:47.764 15386 15403 I vision.svplaye: Background concurrent copying GC freed 201652(6MB) AllocSpace objects, 0(0B) LOS objects, 20% free, 23MB/29MB, paused 216us total 281.048ms
07-21 20:42:48.249 15386 22786 I CameraManagerGlobal: Connecting to camera service
07-21 20:42:48.250 15386 22786 E CameraManagerGlobal: Camera service is unavailable
07-21 20:42:49.251 15386 22786 I CameraManagerGlobal: Connecting to camera service
07-21 20:42:49.251 15386 22786 E CameraManagerGlobal: Camera service is unavailable
07-21 20:42:49.663 15386 15403 I vision.svplaye: Background concurrent copying GC freed 204507(6MB) AllocSpace objects, 0(0B) LOS objects, 20% free, 23MB/29MB, paused 202us total 262.018ms
07-21 20:42:50.251 15386 22786 I CameraManagerGlobal: Connecting to camera service
07-21 20:42:50.251 15386 22786 E CameraManagerGlobal: Camera service is unavailable
07-21 20:42:51.252 15386 22786 I CameraManagerGlobal: Connecting to camera service
07-21 20:42:51.252 15386 22786 E CameraManagerGlobal: Camera service is unavailable
07-21 20:42:51.525 15386 15403 I vision.svplaye: Background concurrent copying GC freed 207561(6MB) AllocSpace objects, 0(0B) LOS objects, 20% free, 23MB/29MB, paused 203us total 258.443ms
07-21 20:42:52.252 15386 22786 I CameraManagerGlobal: Connecting to camera service
07-21 20:42:52.253 15386 22786 E CameraManagerGlobal: Camera service is unavailable
07-21 20:42:53.253 15386 22786 I CameraManagerGlobal: Connecting to camera service
07-21 20:42:53.254 15386 22786 E CameraManagerGlobal: Camera service is unavailable
07-21 20:42:53.395 15386 15403 I vision.svplaye: Background concurrent copying GC freed 206242(6MB) AllocSpace objects, 0(0B) LOS objects, 20% free, 23MB/29MB, paused 220us total 265.508ms
07-21 20:42:54.254 15386 22786 I CameraManagerGlobal: Connecting to camera service
07-21 20:42:54.254 15386 22786 E CameraManagerGlobal: Camera service is unavailable
07-21 20:42:55.255 15386 22786 I CameraManagerGlobal: Connecting to camera service
07-21 20:42:55.255 15386 22786 E CameraManagerGlobal: Camera service is unavailable
07-21 20:42:55.269 15386 15403 I vision.svplaye: Background concurrent copying GC freed 206945(6MB) AllocSpace objects, 0(0B) LOS objects, 20% free, 23MB/29MB, paused 210us total 266.784ms
07-21 20:42:56.255 15386 22786 I CameraManagerGlobal: Connecting to camera service
07-21 20:42:56.256 15386 22786 E CameraManagerGlobal: Camera service is unavailable
07-21 20:42:57.167 15386 15403 I vision.svplaye: Background concurrent copying GC freed 207731(6MB) AllocSpace objects, 0(0B) LOS objects, 20% free, 23MB/29MB, paused 213us total 264.790ms
07-21 20:42:57.256 15386 22786 I CameraManagerGlobal: Connecting to camera service
07-21 20:42:57.256 15386 22786 E CameraManagerGlobal: Camera service is unavailable
07-21 20:42:58.257 15386 22786 I CameraManagerGlobal: Connecting to camera service
07-21 20:42:58.257 15386 22786 E CameraManagerGlobal: Camera service is unavailable
07-21 20:42:59.050 15386 15403 I vision.svplaye: Background concurrent copying GC freed 207776(6MB) AllocSpace objects, 0(0B) LOS objects, 20% free, 23MB/29MB, paused 203us total 272.024ms
07-21 20:42:59.257 15386 22786 I CameraManagerGlobal: Connecting to camera service
07-21 20:42:59.258 15386 22786 E CameraManagerGlobal: Camera service is unavailable
07-21 20:43:00.258 15386 22786 I CameraManagerGlobal: Connecting to camera service
07-21 20:43:00.258 15386 22786 E CameraManagerGlobal: Camera service is unavailable
07-21 20:43:01.022 15386 15403 I vision.svplaye: Background concurrent copying GC freed 204665(6MB) AllocSpace objects, 1(20KB) LOS objects, 20% free, 23MB/29MB, paused 271us total 278.152ms
07-21 20:43:01.259 15386 22786 I CameraManagerGlobal: Connecting to camera service
07-21 20:43:01.259 15386 22786 E CameraManagerGlobal: Camera service is unavailable
07-21 20:43:02.259 15386 22786 I CameraManagerGlobal: Connecting to camera service
07-21 20:43:02.260 15386 22786 E CameraManagerGlobal: Camera service is unavailable
07-21 20:43:02.985 15386 15403 I vision.svplaye: Background concurrent copying GC freed 205755(6MB) AllocSpace objects, 0(0B) LOS objects, 20% free, 23MB/29MB, paused 220us total 263.961ms
07-21 20:43:03.260 15386 22786 I CameraManagerGlobal: Connecting to camera service
07-21 20:43:03.260 15386 22786 E CameraManagerGlobal: Camera service is unavailable
07-21 20:43:04.261 15386 22786 I CameraManagerGlobal: Connecting to camera service
07-21 20:43:04.261 15386 22786 E CameraManagerGlobal: Camera service is unavailable
07-21 20:43:04.912 15386 15403 I vision.svplaye: Background concurrent copying GC freed 202495(6MB) AllocSpace objects, 0(0B) LOS objects, 20% free, 23MB/29MB, paused 248us total 260.010ms
07-21 20:43:05.261 15386 22786 I CameraManagerGlobal: Connecting to camera service
07-21 20:43:05.261 15386 22786 E CameraManagerGlobal: Camera service is unavailable
07-21 20:43:06.262 15386 22786 I CameraManagerGlobal: Connecting to camera service
07-21 20:43:06.262 15386 22786 E CameraManagerGlobal: Camera service is unavailable
07-21 20:43:06.870 15386 15403 I vision.svplaye: Background concurrent copying GC freed 201220(6MB) AllocSpace objects, 0(0B) LOS objects, 20% free, 23MB/29MB, paused 202us total 267.368ms
07-21 20:43:07.262 15386 22786 I CameraManagerGlobal: Connecting to camera service
07-21 20:43:07.263 15386 22786 E CameraManagerGlobal: Camera service is unavailable
07-21 20:43:08.263 15386 22786 I CameraManagerGlobal: Connecting to camera service
07-21 20:43:08.263 15386 22786 E CameraManagerGlobal: Camera service is unavailable
07-21 20:43:08.811 15386 15403 I vision.svplaye: Background concurrent copying GC freed 204420(6MB) AllocSpace objects, 0(0B) LOS objects, 20% free, 23MB/29MB, paused 249us total 262.513ms
07-21 20:43:09.264 15386 22786 I CameraManagerGlobal: Connecting to camera service
07-21 20:43:09.264 15386 22786 E CameraManagerGlobal: Camera service is unavailable
07-21 20:43:10.264 15386 22786 I CameraManagerGlobal: Connecting to camera service
07-21 20:43:10.265 15386 22786 E CameraManagerGlobal: Camera service is unavailable
07-21 20:43:10.774 15386 15403 I vision.svplaye: Background concurrent copying GC freed 201985(6MB) AllocSpace objects, 0(0B) LOS objects, 20% free, 23MB/29MB, paused 207us total 269.299ms
07-21 20:43:11.265 15386 22786 I CameraManagerGlobal: Connecting to camera service
07-21 20:43:11.265 15386 22786 E CameraManagerGlobal: Camera service is unavailable
07-21 20:43:12.266 15386 22786 I CameraManagerGlobal: Connecting to camera service
07-21 20:43:12.266 15386 22786 E CameraManagerGlobal: Camera service is unavailable
07-21 20:43:12.705 15386 15403 I vision.svplaye: Background concurrent copying GC freed 202396(6MB) AllocSpace objects, 0(0B) LOS objects, 20% free, 23MB/29MB, paused 256us total 265.623ms
07-21 20:43:13.267 15386 22786 I CameraManagerGlobal: Connecting to camera service
07-21 20:43:13.268 15386 22786 E CameraManagerGlobal: Camera service is unavailable
07-21 20:43:14.268 15386 22786 I CameraManagerGlobal: Connecting to camera service
07-21 20:43:14.269 15386 22786 E CameraManagerGlobal: Camera service is unavailable
07-21 20:43:14.663 15386 15403 I vision.svplaye: Background concurrent copying GC freed 202305(6MB) AllocSpace objects, 0(0B) LOS objects, 20% free, 23MB/29MB, paused 217us total 262.462ms
07-21 20:43:15.269 15386 22786 I CameraManagerGlobal: Connecting to camera service
07-21 20:43:15.269 15386 22786 E CameraManagerGlobal: Camera service is unavailable
07-21 20:43:16.269 15386 22786 I CameraManagerGlobal: Connecting to camera service
07-21 20:43:16.270 15386 22786 E CameraManagerGlobal: Camera service is unavailable
07-21 20:43:16.601 15386 15403 I vision.svplaye: Background concurrent copying GC freed 202679(6MB) AllocSpace objects, 0(0B) LOS objects, 20% free, 23MB/29MB, paused 205us total 264.679ms
07-21 20:43:17.270 15386 22786 I CameraManagerGlobal: Connecting to camera service
07-21 20:43:17.270 15386 22786 E CameraManagerGlobal: Camera service is unavailable
07-21 20:43:18.271 15386 22786 I CameraManagerGlobal: Connecting to camera service
07-21 20:43:18.271 15386 22786 E CameraManagerGlobal: Camera service is unavailable
07-21 20:43:18.572 15386 15403 I vision.svplaye: Background concurrent copying GC freed 202499(6MB) AllocSpace objects, 0(0B) LOS objects, 20% free, 23MB/29MB, paused 239us total 277.651ms
07-21 20:43:19.271 15386 22786 I CameraManagerGlobal: Connecting to camera service
07-21 20:43:19.272 15386 22786 E CameraManagerGlobal: Camera service is unavailable
07-21 20:43:20.272 15386 22786 I CameraManagerGlobal: Connecting to camera service
07-21 20:43:20.273 15386 22786 E CameraManagerGlobal: Camera service is unavailable
07-21 20:43:20.492 15386 15403 I vision.svplaye: Background concurrent copying GC freed 202169(6MB) AllocSpace objects, 0(0B) LOS objects, 20% free, 23MB/29MB, paused 213us total 270.305ms
07-21 20:43:21.273 15386 22786 I CameraManagerGlobal: Connecting to camera service
07-21 20:43:21.273 15386 22786 E CameraManagerGlobal: Camera service is unavailable
07-21 20:43:21.669 15386 15386 I SVStartup: state localReady=true checking=false activated=true playableSource=true route=notifications
07-21 20:43:22.149 15386 15403 I vision.svplaye: NativeAlloc concurrent copying GC freed 152452(4MB) AllocSpace objects, 2(104KB) LOS objects, 19% free, 24MB/30MB, paused 188us total 284.818ms
07-21 20:43:22.273 15386 22786 I CameraManagerGlobal: Connecting to camera service
07-21 20:43:22.274 15386 22786 E CameraManagerGlobal: Camera service is unavailable
07-21 20:43:23.274 15386 22786 I CameraManagerGlobal: Connecting to camera service
07-21 20:43:23.275 15386 22786 E CameraManagerGlobal: Camera service is unavailable
07-21 20:43:24.050 15386 15403 I vision.svplaye: Background concurrent copying GC freed 194346(6MB) AllocSpace objects, 1(24KB) LOS objects, 19% free, 24MB/30MB, paused 1.015ms total 298.443ms
07-21 20:43:24.275 15386 22786 I CameraManagerGlobal: Connecting to camera service
07-21 20:43:24.279 15386 22786 E CameraManagerGlobal: Camera service is unavailable
07-21 20:43:25.280 15386 22786 I CameraManagerGlobal: Connecting to camera service
07-21 20:43:25.280 15386 22786 E CameraManagerGlobal: Camera service is unavailable
07-21 20:43:25.907 15386 15403 I vision.svplaye: Background concurrent copying GC freed 227071(6MB) AllocSpace objects, 0(0B) LOS objects, 20% free, 23MB/29MB, paused 168us total 270.656ms
07-21 20:43:26.280 15386 22786 I CameraManagerGlobal: Connecting to camera service
07-21 20:43:26.281 15386 22786 E CameraManagerGlobal: Camera service is unavailable
07-21 20:43:27.281 15386 22786 I CameraManagerGlobal: Connecting to camera service
07-21 20:43:27.281 15386 22786 E CameraManagerGlobal: Camera service is unavailable
07-21 20:43:27.638 15386 15403 I vision.svplaye: Background concurrent copying GC freed 208412(6MB) AllocSpace objects, 0(0B) LOS objects, 20% free, 23MB/29MB, paused 195us total 256.100ms
07-21 20:43:28.282 15386 22786 I CameraManagerGlobal: Connecting to camera service
07-21 20:43:28.282 15386 22786 E CameraManagerGlobal: Camera service is unavailable
07-21 20:43:29.282 15386 22786 I CameraManagerGlobal: Connecting to camera service
07-21 20:43:29.283 15386 22786 E CameraManagerGlobal: Camera service is unavailable
07-21 20:43:29.413 15386 15403 I vision.svplaye: Background concurrent copying GC freed 210051(6MB) AllocSpace objects, 0(0B) LOS objects, 20% free, 23MB/29MB, paused 192us total 262.914ms
07-21 20:43:30.283 15386 22786 I CameraManagerGlobal: Connecting to camera service
07-21 20:43:30.283 15386 22786 E CameraManagerGlobal: Camera service is unavailable
07-21 20:43:31.207 15386 15403 I vision.svplaye: Background concurrent copying GC freed 213667(6MB) AllocSpace objects, 0(0B) LOS objects, 20% free, 23MB/29MB, paused 191us total 269.342ms
07-21 20:43:31.284 15386 22786 I CameraManagerGlobal: Connecting to camera service
07-21 20:43:31.284 15386 22786 E CameraManagerGlobal: Camera service is unavailable
07-21 20:43:32.284 15386 22786 I CameraManagerGlobal: Connecting to camera service
07-21 20:43:32.285 15386 22786 E CameraManagerGlobal: Camera service is unavailable
07-21 20:43:33.001 15386 15403 I vision.svplaye: Background concurrent copying GC freed 214115(6MB) AllocSpace objects, 0(0B) LOS objects, 20% free, 23MB/29MB, paused 253us total 277.448ms
07-21 20:43:33.285 15386 22786 I CameraManagerGlobal: Connecting to camera service
07-21 20:43:33.285 15386 22786 E CameraManagerGlobal: Camera service is unavailable
07-21 20:43:34.286 15386 22786 I CameraManagerGlobal: Connecting to camera service
07-21 20:43:34.286 15386 22786 E CameraManagerGlobal: Camera service is unavailable
07-21 20:43:34.850 15386 15403 I vision.svplaye: Background concurrent copying GC freed 215429(6MB) AllocSpace objects, 0(0B) LOS objects, 20% free, 23MB/29MB, paused 197us total 280.574ms
07-21 20:43:35.287 15386 22786 I CameraManagerGlobal: Connecting to camera service
07-21 20:43:35.287 15386 22786 E CameraManagerGlobal: Camera service is unavailable
07-21 20:43:36.288 15386 22786 I CameraManagerGlobal: Connecting to camera service
07-21 20:43:36.288 15386 22786 E CameraManagerGlobal: Camera service is unavailable
07-21 20:43:36.712 15386 15403 I vision.svplaye: Background concurrent copying GC freed 211059(6MB) AllocSpace objects, 1(20KB) LOS objects, 20% free, 23MB/29MB, paused 151us total 265.865ms
07-21 20:43:37.288 15386 22786 I CameraManagerGlobal: Connecting to camera service
07-21 20:43:37.289 15386 22786 E CameraManagerGlobal: Camera service is unavailable
07-21 20:43:38.289 15386 22786 I CameraManagerGlobal: Connecting to camera service
07-21 20:43:38.289 15386 22786 E CameraManagerGlobal: Camera service is unavailable
07-21 20:43:38.569 15386 15403 I vision.svplaye: Background concurrent copying GC freed 210191(6MB) AllocSpace objects, 0(0B) LOS objects, 20% free, 23MB/29MB, paused 189us total 259.361ms
07-21 20:43:39.290 15386 22786 I CameraManagerGlobal: Connecting to camera service
07-21 20:43:39.290 15386 22786 E CameraManagerGlobal: Camera service is unavailable
07-21 20:43:40.291 15386 22786 I CameraManagerGlobal: Connecting to camera service
07-21 20:43:40.291 15386 22786 E CameraManagerGlobal: Camera service is unavailable
07-21 20:43:40.446 15386 15403 I vision.svplaye: Background concurrent copying GC freed 208155(6MB) AllocSpace objects, 0(0B) LOS objects, 20% free, 23MB/29MB, paused 199us total 268.065ms
07-21 20:43:41.291 15386 22786 I CameraManagerGlobal: Connecting to camera service
07-21 20:43:41.292 15386 22786 E CameraManagerGlobal: Camera service is unavailable
07-21 20:43:42.292 15386 22786 I CameraManagerGlobal: Connecting to camera service
07-21 20:43:42.292 15386 22786 E CameraManagerGlobal: Camera service is unavailable
07-21 20:43:42.314 15386 15403 I vision.svplaye: Background concurrent copying GC freed 211196(6MB) AllocSpace objects, 0(0B) LOS objects, 20% free, 23MB/29MB, paused 149us total 261.335ms
07-21 20:43:43.293 15386 22786 I CameraManagerGlobal: Connecting to camera service
07-21 20:43:43.293 15386 22786 E CameraManagerGlobal: Camera service is unavailable
07-21 20:43:44.189 15386 15403 I vision.svplaye: Background concurrent copying GC freed 210586(6MB) AllocSpace objects, 0(0B) LOS objects, 20% free, 23MB/29MB, paused 208us total 256.186ms
07-21 20:43:44.293 15386 22786 I CameraManagerGlobal: Connecting to camera service
07-21 20:43:44.294 15386 22786 E CameraManagerGlobal: Camera service is unavailable
07-21 20:43:45.294 15386 22786 I CameraManagerGlobal: Connecting to camera service
07-21 20:43:45.295 15386 22786 E CameraManagerGlobal: Camera service is unavailable
07-21 20:43:46.067 15386 15403 I vision.svplaye: Background concurrent copying GC freed 209356(6MB) AllocSpace objects, 0(0B) LOS objects, 20% free, 23MB/29MB, paused 212us total 271.605ms
07-21 20:43:46.295 15386 22786 I CameraManagerGlobal: Connecting to camera service
07-21 20:43:46.295 15386 22786 E CameraManagerGlobal: Camera service is unavailable
07-21 20:43:47.296 15386 22786 I CameraManagerGlobal: Connecting to camera service
07-21 20:43:47.296 15386 22786 E CameraManagerGlobal: Camera service is unavailable
07-21 20:43:47.933 15386 15403 I vision.svplaye: Background concurrent copying GC freed 209940(6MB) AllocSpace objects, 0(0B) LOS objects, 20% free, 23MB/29MB, paused 203us total 261.847ms
07-21 20:43:48.296 15386 22786 I CameraManagerGlobal: Connecting to camera service
07-21 20:43:48.297 15386 22786 E CameraManagerGlobal: Camera service is unavailable
07-21 20:43:49.297 15386 22786 I CameraManagerGlobal: Connecting to camera service
07-21 20:43:49.298 15386 22786 E CameraManagerGlobal: Camera service is unavailable
07-21 20:43:49.837 15386 15403 I vision.svplaye: Background concurrent copying GC freed 210484(6MB) AllocSpace objects, 0(0B) LOS objects, 20% free, 23MB/29MB, paused 179us total 269.093ms
07-21 20:43:50.298 15386 22786 I CameraManagerGlobal: Connecting to camera service
07-21 20:43:50.298 15386 22786 E CameraManagerGlobal: Camera service is unavailable
07-21 20:43:51.299 15386 22786 I CameraManagerGlobal: Connecting to camera service
07-21 20:43:51.299 15386 22786 E CameraManagerGlobal: Camera service is unavailable
07-21 20:43:51.699 15386 15403 I vision.svplaye: Background concurrent copying GC freed 210552(6MB) AllocSpace objects, 0(0B) LOS objects, 20% free, 23MB/29MB, paused 188us total 259.141ms
07-21 20:43:52.299 15386 22786 I CameraManagerGlobal: Connecting to camera service
07-21 20:43:52.300 15386 22786 E CameraManagerGlobal: Camera service is unavailable
07-21 20:43:53.300 15386 22786 I CameraManagerGlobal: Connecting to camera service
07-21 20:43:53.301 15386 22786 E CameraManagerGlobal: Camera service is unavailable
07-21 20:43:53.596 15386 15403 I vision.svplaye: Background concurrent copying GC freed 209303(6MB) AllocSpace objects, 0(0B) LOS objects, 20% free, 23MB/29MB, paused 209us total 291.731ms
07-21 20:43:54.301 15386 22786 I CameraManagerGlobal: Connecting to camera service
07-21 20:43:54.301 15386 22786 E CameraManagerGlobal: Camera service is unavailable
07-21 20:43:55.302 15386 22786 I CameraManagerGlobal: Connecting to camera service
07-21 20:43:55.302 15386 22786 E CameraManagerGlobal: Camera service is unavailable
07-21 20:43:55.484 15386 15403 I vision.svplaye: Background concurrent copying GC freed 205669(6MB) AllocSpace objects, 0(0B) LOS objects, 20% free, 23MB/29MB, paused 186us total 292.819ms
07-21 20:43:56.302 15386 22786 I CameraManagerGlobal: Connecting to camera service
07-21 20:43:56.303 15386 22786 E CameraManagerGlobal: Camera service is unavailable
07-21 20:43:57.304 15386 22786 I CameraManagerGlobal: Connecting to camera service
07-21 20:43:57.304 15386 22786 E CameraManagerGlobal: Camera service is unavailable
07-21 20:43:57.374 15386 15403 I vision.svplaye: Background concurrent copying GC freed 206712(6MB) AllocSpace objects, 0(0B) LOS objects, 19% free, 24MB/30MB, paused 191us total 282.570ms
07-21 20:43:58.304 15386 22786 I CameraManagerGlobal: Connecting to camera service
07-21 20:43:58.305 15386 22786 E CameraManagerGlobal: Camera service is unavailable
07-21 20:43:59.289 15386 15403 I vision.svplaye: Background concurrent copying GC freed 212348(6MB) AllocSpace objects, 0(0B) LOS objects, 20% free, 23MB/29MB, paused 377us total 278.870ms
07-21 20:43:59.305 15386 22786 I CameraManagerGlobal: Connecting to camera service
07-21 20:43:59.305 15386 22786 E CameraManagerGlobal: Camera service is unavailable
07-21 20:44:00.306 15386 22786 I CameraManagerGlobal: Connecting to camera service
07-21 20:44:00.306 15386 22786 E CameraManagerGlobal: Camera service is unavailable
07-21 20:44:01.092 15386 15403 I vision.svplaye: Background concurrent copying GC freed 211351(6MB) AllocSpace objects, 0(0B) LOS objects, 20% free, 23MB/29MB, paused 202us total 260.598ms
07-21 20:44:01.306 15386 22786 I CameraManagerGlobal: Connecting to camera service
07-21 20:44:01.307 15386 22786 E CameraManagerGlobal: Camera service is unavailable
07-21 20:44:02.307 15386 22786 I CameraManagerGlobal: Connecting to camera service
07-21 20:44:02.307 15386 22786 E CameraManagerGlobal: Camera service is unavailable
07-21 20:44:02.897 15386 15403 I vision.svplaye: Background concurrent copying GC freed 213006(6MB) AllocSpace objects, 0(0B) LOS objects, 20% free, 23MB/29MB, paused 192us total 283.148ms
07-21 20:44:03.308 15386 22786 I CameraManagerGlobal: Connecting to camera service
07-21 20:44:03.308 15386 22786 E CameraManagerGlobal: Camera service is unavailable
07-21 20:44:04.308 15386 22786 I CameraManagerGlobal: Connecting to camera service
07-21 20:44:04.308 15386 22786 E CameraManagerGlobal: Camera service is unavailable
07-21 20:44:04.690 15386 15403 I vision.svplaye: Background concurrent copying GC freed 216503(6MB) AllocSpace objects, 0(0B) LOS objects, 20% free, 23MB/29MB, paused 185us total 273.084ms
07-21 20:44:05.309 15386 22786 I CameraManagerGlobal: Connecting to camera service
07-21 20:44:05.309 15386 22786 E CameraManagerGlobal: Camera service is unavailable
07-21 20:44:06.310 15386 22786 I CameraManagerGlobal: Connecting to camera service
07-21 20:44:06.310 15386 22786 E CameraManagerGlobal: Camera service is unavailable
07-21 20:44:06.492 15386 15403 I vision.svplaye: Background concurrent copying GC freed 214692(6MB) AllocSpace objects, 0(0B) LOS objects, 20% free, 23MB/29MB, paused 166us total 255.225ms
07-21 20:44:07.311 15386 22786 I CameraManagerGlobal: Connecting to camera service
07-21 20:44:07.311 15386 22786 E CameraManagerGlobal: Camera service is unavailable
07-21 20:44:08.272 15386 15403 I vision.svplaye: Background concurrent copying GC freed 212395(6MB) AllocSpace objects, 0(0B) LOS objects, 20% free, 23MB/29MB, paused 176us total 258.829ms
07-21 20:44:08.311 15386 22786 I CameraManagerGlobal: Connecting to camera service
07-21 20:44:08.311 15386 22786 E CameraManagerGlobal: Camera service is unavailable
07-21 20:44:09.312 15386 22786 I CameraManagerGlobal: Connecting to camera service
07-21 20:44:09.312 15386 22786 E CameraManagerGlobal: Camera service is unavailable
07-21 20:44:10.092 15386 15403 I vision.svplaye: Background concurrent copying GC freed 212525(6MB) AllocSpace objects, 0(0B) LOS objects, 20% free, 23MB/29MB, paused 233us total 285.123ms
07-21 20:44:10.313 15386 22786 I CameraManagerGlobal: Connecting to camera service
07-21 20:44:10.313 15386 22786 E CameraManagerGlobal: Camera service is unavailable
