--------- beginning of main
07-21 20:22:45.762 15386 15403 I vision.svplaye: Background concurrent copying GC freed 151612(6MB) AllocSpace objects, 0(0B) LOS objects, 7% free, 71MB/77MB, paused 227us total 374.082ms
07-21 20:22:46.265 15386 20545 I MediaCodecLogger: updatePTSTime [HW.video.avc] First PTS after Flush or reset = 1000316316000
07-21 20:22:46.265 15386 20545 I MediaCodecLogger: updatePTSTime Possible seek found! last pts:1000212170000 cur pts:1000316316000
07-21 20:22:46.391 15386 20541 I android.media.AudioTrack: AUDIOINFO: audio_input: format: 6 sample_rate: 48000 channels: 6 AudioAttributes: AudioAttributes: usage=USAGE_MEDIA content=CONTENT_TYPE_MUSIC flags=0x0 tags= bundle=null
07-21 20:22:46.625 15386 20545 I MediaCodecLogger: the latest buffer is 1594 old with packageName com.smartvision.svplayer. Possible resume detected
07-21 20:22:46.625 15386 20545 I MediaCodecLogger: Rendering first frame after starting or flushing.
07-21 20:22:47.097 15386 20545 I MediaCodecLogger: 15386.HW.video.avc.bitrateInKbps = 5425
07-21 20:22:47.854 15386 15403 I vision.svplaye: Background concurrent copying GC freed 200357(6MB) AllocSpace objects, 1(68KB) LOS objects, 7% free, 71MB/77MB, paused 266us total 353.300ms
07-21 20:22:49.209 15386 15386 I SVStartup: state localReady=true checking=false activated=true playableSource=true route=series_detail/{seriesId}
07-21 20:22:49.733 15386 15386 I Choreographer: Skipped 30 frames!  The application may be doing too much work on its main thread.
07-21 20:22:49.904 15386 20545 I MediaCodec: [OMX.MTK.VIDEO.DECODER.AVC] setting surface generation to 15755274
07-21 20:22:49.939 15386 15403 I vision.svplaye: NativeAlloc concurrent copying GC freed 162768(5MB) AllocSpace objects, 34(744KB) LOS objects, 7% free, 72MB/78MB, paused 192us total 481.784ms
07-21 20:22:49.975 15386 15386 I ExoPlayerImpl: Release ece1150 [AndroidXMedia3/1.6.1] [sheldonp, AFTSSS, Amazon, 28] [media3.common, media3.exoplayer, media3.decoder, media3.ui, media3.datasource, media3.extractor]
07-21 20:22:49.978 15386 20541 I MediaCodecLogger: Flushing: 15386.HW.video.avc.framerate = 23.978 fps
07-21 20:22:49.978 15386 20541 I MediaCodecLogger: 15386.HW.video.avc Dropped 0 frames
07-21 20:22:50.024 15386 21002 E libc    : Access denied finding property "media.metrics.enabled"
07-21 20:22:50.013 15386 15386 W ExoPlayer:Audio: type=1400 audit(0.0:1257): avc: denied { read } for name="u:object_r:media_prop:s0" dev="tmpfs" ino=12650 scontext=u:r:untrusted_app:s0:c247,c256,c512,c768 tcontext=u:object_r:media_prop:s0 tclass=file permissive=0
07-21 20:22:50.097 15386 20541 I MediaCodecLogger: 15386.HW.video.avc.TotalVideoPlaybackTimeMs = 53969
07-21 20:22:50.097 15386 20541 I MediaCodecLogger: 15386.HW.video.avc.StreamAvgFramerate = 23.977
07-21 20:22:50.097 15386 20541 I MediaCodecLogger: 15386.HW.video.avc.videoResolution.FHD = 53969
07-21 20:22:50.097 15386 20541 I MediaCodecLogger: 15386.HW.video.avc.StreamFramerate = 23.876
07-21 20:22:50.097 15386 20541 I MediaCodecLogger: 15386.HW.video.avc.AspectRatio = 1.778
07-21 20:22:50.098 15386 20541 I MediaCodecLogger: 15386.HW.video.avc.ASAP-P5Ms = 170
07-21 20:22:50.098 15386 20541 I MediaCodecLogger: 15386.HW.video.avc.ASAP-P2Ms = 39
07-21 20:22:50.098 15386 20541 I MediaCodecLogger: 15386.HW.video.avc.ASAP-P3Ms = 38
07-21 20:22:50.098 15386 20541 I MediaCodecLogger: 15386.HW.video.avc.FirstFrameReadyMs = 56
07-21 20:22:50.098 15386 20541 I MediaCodecLogger: 15386.HW.video.avc.StreamAvgBitrateInKbps = 5252
07-21 20:22:50.102 15386 20541 E libc    : Access denied finding property "media.metrics.enabled"
07-21 20:22:50.093 15386 15386 W ExoPlayer:Playb: type=1400 audit(0.0:1258): avc: denied { read } for name="u:object_r:media_prop:s0" dev="tmpfs" ino=12650 scontext=u:r:untrusted_app:s0:c247,c256,c512,c768 tcontext=u:object_r:media_prop:s0 tclass=file permissive=0
07-21 20:22:51.323 15386 15403 I vision.svplaye: NativeAlloc concurrent copying GC freed 88020(4MB) AllocSpace objects, 704(45MB) LOS objects, 18% free, 27MB/33MB, paused 221us total 316.443ms
07-21 20:22:53.147 15386 15403 I vision.svplaye: Background concurrent copying GC freed 235450(8MB) AllocSpace objects, 0(0B) LOS objects, 19% free, 24MB/30MB, paused 274us total 277.131ms
07-21 20:22:55.247 15386 15403 I vision.svplaye: Background concurrent copying GC freed 201248(6MB) AllocSpace objects, 0(0B) LOS objects, 19% free, 24MB/30MB, paused 226us total 278.926ms
07-21 20:22:57.087 15386 15403 I vision.svplaye: Background concurrent copying GC freed 200943(6MB) AllocSpace objects, 0(0B) LOS objects, 19% free, 24MB/30MB, paused 207us total 268.541ms
07-21 20:22:58.772 15386 15403 I vision.svplaye: Background concurrent copying GC freed 213516(6MB) AllocSpace objects, 0(0B) LOS objects, 19% free, 24MB/30MB, paused 178us total 280.872ms
07-21 20:23:00.474 15386 15403 I vision.svplaye: Background concurrent copying GC freed 212151(6MB) AllocSpace objects, 0(0B) LOS objects, 19% free, 24MB/30MB, paused 234us total 295.421ms
07-21 20:23:02.178 15386 15403 I vision.svplaye: Background concurrent copying GC freed 212491(6MB) AllocSpace objects, 0(0B) LOS objects, 19% free, 24MB/30MB, paused 188us total 281.622ms
07-21 20:23:03.857 15386 15403 I vision.svplaye: Background concurrent copying GC freed 212404(6MB) AllocSpace objects, 0(0B) LOS objects, 19% free, 24MB/30MB, paused 171us total 277.323ms
07-21 20:23:05.537 15386 15403 I vision.svplaye: Background concurrent copying GC freed 212419(6MB) AllocSpace objects, 0(0B) LOS objects, 19% free, 24MB/30MB, paused 195us total 270.660ms
07-21 20:23:07.257 15386 15403 I vision.svplaye: Background concurrent copying GC freed 210893(6MB) AllocSpace objects, 0(0B) LOS objects, 19% free, 24MB/30MB, paused 198us total 288.601ms
07-21 20:23:09.053 15386 15403 I vision.svplaye: Background concurrent copying GC freed 205453(6MB) AllocSpace objects, 1(20KB) LOS objects, 19% free, 24MB/30MB, paused 201us total 289.193ms
07-21 20:23:10.831 15386 15403 I vision.svplaye: Background concurrent copying GC freed 210176(6MB) AllocSpace objects, 0(0B) LOS objects, 19% free, 24MB/30MB, paused 301us total 288.443ms
07-21 20:23:12.719 15386 15403 I vision.svplaye: Background concurrent copying GC freed 208109(6MB) AllocSpace objects, 0(0B) LOS objects, 19% free, 24MB/30MB, paused 177us total 280.655ms
07-21 20:23:14.471 15386 15403 I vision.svplaye: Background concurrent copying GC freed 208712(6MB) AllocSpace objects, 0(0B) LOS objects, 19% free, 24MB/30MB, paused 211us total 263.389ms
07-21 20:23:16.223 15386 15403 I vision.svplaye: Background concurrent copying GC freed 206825(6MB) AllocSpace objects, 0(0B) LOS objects, 19% free, 24MB/30MB, paused 182us total 264.113ms
07-21 20:23:17.983 15386 15403 I vision.svplaye: Background concurrent copying GC freed 204900(6MB) AllocSpace objects, 0(0B) LOS objects, 19% free, 24MB/30MB, paused 188us total 264.664ms
07-21 20:23:19.739 15386 15403 I vision.svplaye: Background concurrent copying GC freed 207071(6MB) AllocSpace objects, 0(0B) LOS objects, 19% free, 24MB/30MB, paused 168us total 261.938ms
07-21 20:23:21.484 15386 15403 I vision.svplaye: Background concurrent copying GC freed 202663(6MB) AllocSpace objects, 0(0B) LOS objects, 19% free, 24MB/30MB, paused 220us total 281.043ms
07-21 20:23:23.235 15386 15403 I vision.svplaye: Background concurrent copying GC freed 208493(6MB) AllocSpace objects, 0(0B) LOS objects, 19% free, 24MB/30MB, paused 199us total 267.179ms
07-21 20:23:24.981 15386 15403 I vision.svplaye: Background concurrent copying GC freed 206457(6MB) AllocSpace objects, 0(0B) LOS objects, 19% free, 24MB/30MB, paused 174us total 259.108ms
07-21 20:23:26.752 15386 15403 I vision.svplaye: Background concurrent copying GC freed 206610(6MB) AllocSpace objects, 0(0B) LOS objects, 19% free, 24MB/30MB, paused 167us total 278.621ms
07-21 20:23:28.590 15386 15403 I vision.svplaye: Background concurrent copying GC freed 208634(6MB) AllocSpace objects, 0(0B) LOS objects, 19% free, 24MB/30MB, paused 185us total 292.453ms
07-21 20:23:30.348 15386 15403 I vision.svplaye: Background concurrent copying GC freed 201269(6MB) AllocSpace objects, 0(0B) LOS objects, 19% free, 24MB/30MB, paused 181us total 259.798ms
07-21 20:23:32.107 15386 15403 I vision.svplaye: Background concurrent copying GC freed 205558(6MB) AllocSpace objects, 0(0B) LOS objects, 19% free, 24MB/30MB, paused 265us total 276.553ms
07-21 20:23:33.881 15386 15403 I vision.svplaye: Background concurrent copying GC freed 208911(6MB) AllocSpace objects, 0(0B) LOS objects, 19% free, 24MB/30MB, paused 151us total 281.209ms
07-21 20:23:35.674 15386 15403 I vision.svplaye: Background concurrent copying GC freed 208223(6MB) AllocSpace objects, 0(0B) LOS objects, 19% free, 24MB/30MB, paused 209us total 294.431ms
07-21 20:23:35.721 15386 15386 I SVStartup: state localReady=true checking=false activated=true playableSource=true route=episode_player/{episodeId}
07-21 20:23:35.809 15386 15386 I ExoPlayerImpl: Init fdf4359 [AndroidXMedia3/1.6.1] [sheldonp, AFTSSS, Amazon, 28]
07-21 20:23:43.098 15386 15403 I vision.svplaye: Background concurrent copying GC freed 165312(5MB) AllocSpace objects, 8(416KB) LOS objects, 19% free, 24MB/30MB, paused 200us total 396.040ms
07-21 20:23:50.650 15386 15403 I vision.svplaye: Background concurrent copying GC freed 196025(6MB) AllocSpace objects, 2(40KB) LOS objects, 19% free, 24MB/30MB, paused 315us total 309.635ms
