--------- beginning of main
07-17 05:11:56.480  7151  7161 I chatty  : uid=10247(com.smartvision.svplayer) HeapTaskDaemon expire 11 lines
07-17 05:12:10.133  7151  7161 I chatty  : uid=10247(com.smartvision.svplayer) HeapTaskDaemon expire 10 lines
07-17 05:12:18.271  7151  7987 I chatty  : uid=10247(com.smartvision.svplayer) expire 7 lines
07-17 05:12:18.278  7151  7986 I chatty  : uid=10247(com.smartvision.svplayer) expire 14 lines
07-17 05:12:18.284  7151  7941 I chatty  : uid=10247(com.smartvision.svplayer) expire 8 lines
07-17 05:12:19.170  7151  7165 I chatty  : uid=10247(com.smartvision.svplayer) Profile Saver expire 6 lines
07-17 05:12:20.276  7151  7156 I chatty  : uid=10247(com.smartvision.svplayer) Jit thread pool expire 3 lines
07-17 05:12:20.316  7151  8002 I chatty  : uid=10247(com.smartvision.svplayer) expire 1 line
07-17 05:12:20.716  7151  7161 I chatty  : uid=10247(com.smartvision.svplayer) HeapTaskDaemon expire 10 lines
07-17 05:12:22.762  7151  7850 I chatty  : uid=10247(com.smartvision.svplayer) expire 11 lines
07-17 05:12:34.014  7151  7161 I chatty  : uid=10247(com.smartvision.svplayer) HeapTaskDaemon expire 11 lines
07-17 05:12:36.651  7151  7850 I chatty  : uid=10247(com.smartvision.svplayer) expire 2 lines
07-17 05:12:46.785  7151  7161 I chatty  : uid=10247(com.smartvision.svplayer) HeapTaskDaemon expire 11 lines
07-17 05:12:57.008  7151  7852 I chatty  : uid=10247(com.smartvision.svplayer) expire 9 lines
07-17 05:12:59.830  7151  7161 I chatty  : uid=10247(com.smartvision.svplayer) HeapTaskDaemon expire 10 lines
07-17 05:13:14.025  7151  7161 I chatty  : uid=10247(com.smartvision.svplayer) HeapTaskDaemon expire 20 lines
07-17 05:13:14.680  7151  7375 I chatty  : uid=10247(com.smartvision.svplayer) AmazonKeyEventL expire 9 lines
07-17 05:13:18.151  7151  7151 I chatty  : uid=10247(com.smartvision.svplayer) expire 10 lines
07-17 05:13:19.226  7151  8007 I chatty  : uid=10247(com.smartvision.svplayer) DefaultDispatch expire 1 line
07-17 05:13:21.652  7151  8020 I chatty  : uid=10247(com.smartvision.svplayer) expire 1 line
07-17 05:13:22.341  7151  8026 I chatty  : uid=10247(com.smartvision.svplayer) expire 7 lines
07-17 05:13:22.350  7151  8025 I chatty  : uid=10247(com.smartvision.svplayer) expire 17 lines
07-17 05:13:22.357  7151  8019 I chatty  : uid=10247(com.smartvision.svplayer) expire 11 lines
07-17 05:13:22.397  7151  8035 I chatty  : uid=10247(com.smartvision.svplayer) expire 10 lines
07-17 05:13:26.002  7151  8043 I chatty  : uid=10247(com.smartvision.svplayer) expire 1 line
07-17 05:13:27.197  7151  8046 I chatty  : uid=10247(com.smartvision.svplayer) expire 1 line
07-17 05:13:28.240  7151  8050 I chatty  : uid=10247(com.smartvision.svplayer) expire 7 lines
07-17 05:13:28.251  7151  8049 I chatty  : uid=10247(com.smartvision.svplayer) expire 18 lines
07-17 05:13:28.258  7151  8047 I chatty  : uid=10247(com.smartvision.svplayer) expire 9 lines
07-17 05:13:28.290  7151  8058 I chatty  : uid=10247(com.smartvision.svplayer) expire 13 lines
07-17 05:13:31.920  7151  8065 I chatty  : uid=10247(com.smartvision.svplayer) expire 1 line
07-17 05:13:33.931  7151  7161 I chatty  : uid=10247(com.smartvision.svplayer) HeapTaskDaemon expire 14 lines
07-17 05:13:43.606  7151  8049 I chatty  : uid=10247(com.smartvision.svplayer) expire 11 lines
07-17 05:13:43.662  7151  8058 I chatty  : uid=10247(com.smartvision.svplayer) expire 10 lines
07-17 05:13:44.923  7151  7161 I chatty  : uid=10247(com.smartvision.svplayer) HeapTaskDaemon expire 14 lines
07-17 05:13:46.955  7151  8067 I chatty  : uid=10247(com.smartvision.svplayer) expire 1 line
07-17 05:13:55.641  7151  7161 I chatty  : uid=10247(com.smartvision.svplayer) HeapTaskDaemon expire 13 lines
07-17 05:14:01.966  7151  7151 I chatty  : uid=10247(com.smartvision.svplayer) expire 1 line
07-17 05:14:01.972  7151  8071 I chatty  : uid=10247(com.smartvision.svplayer) expire 1 line
07-17 05:14:03.681  7151  8049 I chatty  : uid=10247(com.smartvision.svplayer) expire 3 lines
07-17 05:14:06.452  7151  7161 I chatty  : uid=10247(com.smartvision.svplayer) HeapTaskDaemon expire 13 lines
07-17 05:14:13.924  7151  8058 I chatty  : uid=10247(com.smartvision.svplayer) expire 1 line
07-17 05:14:16.638  7151  7165 I chatty  : uid=10247(com.smartvision.svplayer) Profile Saver expire 1 line
07-17 05:14:16.639  7151  7161 I chatty  : uid=10247(com.smartvision.svplayer) HeapTaskDaemon expire 1 line
07-17 05:14:16.938  7151  8047 I chatty  : uid=10247(com.smartvision.svplayer) expire 1 line
07-17 05:14:16.986  7151  7151 I chatty  : uid=10247(com.smartvision.svplayer) expire 1 line
07-17 05:14:16.994  7151  8073 I chatty  : uid=10247(com.smartvision.svplayer) expire 1 line
07-17 05:14:17.288  7151  7161 I chatty  : uid=10247(com.smartvision.svplayer) HeapTaskDaemon expire 4 lines
07-17 05:14:19.263  7151  8049 I chatty  : uid=10247(com.smartvision.svplayer) expire 3 lines
07-17 05:14:19.277  7151  8058 I chatty  : uid=10247(com.smartvision.svplayer) expire 3 lines
07-17 05:14:19.288  7151  8047 I chatty  : uid=10247(com.smartvision.svplayer) expire 1 line
07-17 05:14:19.469  7151  8049 I chatty  : uid=10247(com.smartvision.svplayer) expire 2 lines
07-17 05:14:20.582  7151  7161 I chatty  : uid=10247(com.smartvision.svplayer) HeapTaskDaemon expire 14 lines
07-17 05:14:24.268  7151  8049 I chatty  : uid=10247(com.smartvision.svplayer) expire 2 lines
07-17 05:14:24.323  7151  8058 I chatty  : uid=10247(com.smartvision.svplayer) expire 2 lines
07-17 05:14:31.752  7151  7161 I chatty  : uid=10247(com.smartvision.svplayer) HeapTaskDaemon expire 17 lines
07-17 05:14:42.388  7151  7161 I chatty  : uid=10247(com.smartvision.svplayer) HeapTaskDaemon expire 13 lines
07-17 05:14:50.740  7151  7161 I vision.svplaye: Background concurrent copying GC freed 333234(9MB) AllocSpace objects, 0(0B) LOS objects, 9% free, 59MB/65MB, paused 236us total 317.159ms
07-17 05:14:51.399  7151  7161 I vision.svplaye: Background concurrent copying GC freed 323931(9MB) AllocSpace objects, 0(0B) LOS objects, 9% free, 58MB/64MB, paused 267us total 321.174ms
07-17 05:14:52.045  7151  7161 I vision.svplaye: Background concurrent copying GC freed 327089(9MB) AllocSpace objects, 0(0B) LOS objects, 9% free, 59MB/65MB, paused 241us total 314.019ms
07-17 05:14:52.691  7151  7161 I vision.svplaye: Background concurrent copying GC freed 324681(9MB) AllocSpace objects, 0(0B) LOS objects, 9% free, 59MB/65MB, paused 242us total 306.455ms
07-17 05:14:53.337  7151  7161 I vision.svplaye: Background concurrent copying GC freed 321574(9MB) AllocSpace objects, 0(0B) LOS objects, 9% free, 59MB/65MB, paused 658us total 321.351ms
07-17 05:14:53.988  7151  7161 I vision.svplaye: Background concurrent copying GC freed 326921(9MB) AllocSpace objects, 0(0B) LOS objects, 9% free, 59MB/65MB, paused 241us total 328.969ms
07-17 05:14:54.638  7151  7161 I vision.svplaye: Background concurrent copying GC freed 333431(9MB) AllocSpace objects, 0(0B) LOS objects, 9% free, 59MB/65MB, paused 224us total 330.657ms
07-17 05:14:55.303  7151  7161 I vision.svplaye: Background concurrent copying GC freed 343076(9MB) AllocSpace objects, 0(0B) LOS objects, 9% free, 60MB/66MB, paused 202us total 338.355ms
07-17 05:14:55.959  7151  7161 I vision.svplaye: Background concurrent copying GC freed 347502(10MB) AllocSpace objects, 0(0B) LOS objects, 9% free, 60MB/66MB, paused 240us total 332.167ms
07-17 05:14:56.595  7151  7161 I vision.svplaye: Background concurrent copying GC freed 342008(9MB) AllocSpace objects, 0(0B) LOS objects, 9% free, 59MB/65MB, paused 455us total 309.032ms
07-17 05:14:57.269  7151  7161 I vision.svplaye: Background concurrent copying GC freed 329499(9MB) AllocSpace objects, 0(0B) LOS objects, 9% free, 59MB/65MB, paused 233us total 340.183ms
07-17 05:14:57.914  7151  7161 I vision.svplaye: Background concurrent copying GC freed 335424(9MB) AllocSpace objects, 0(0B) LOS objects, 9% free, 59MB/65MB, paused 240us total 307.314ms
07-17 05:14:58.586  7151  7161 I vision.svplaye: Background concurrent copying GC freed 330469(9MB) AllocSpace objects, 0(0B) LOS objects, 9% free, 59MB/65MB, paused 213us total 324.096ms
07-17 05:14:59.250  7151  7161 I vision.svplaye: Background concurrent copying GC freed 344042(9MB) AllocSpace objects, 0(0B) LOS objects, 9% free, 59MB/65MB, paused 180us total 327.693ms
07-17 05:14:59.915  7151  7161 I vision.svplaye: Background concurrent copying GC freed 340616(9MB) AllocSpace objects, 0(0B) LOS objects, 9% free, 59MB/65MB, paused 192us total 329.342ms
07-17 05:15:00.569  7151  7161 I vision.svplaye: Background concurrent copying GC freed 343627(9MB) AllocSpace objects, 0(0B) LOS objects, 9% free, 59MB/65MB, paused 210us total 317.420ms
07-17 05:15:01.207  7151  7161 I vision.svplaye: Background concurrent copying GC freed 347782(9MB) AllocSpace objects, 0(0B) LOS objects, 9% free, 59MB/65MB, paused 211us total 310.787ms
07-17 05:15:01.869  7151  7161 I vision.svplaye: Background concurrent copying GC freed 324122(9MB) AllocSpace objects, 0(0B) LOS objects, 9% free, 60MB/66MB, paused 389us total 323.956ms
07-17 05:15:02.505  7151  7161 I vision.svplaye: Background concurrent copying GC freed 348323(10MB) AllocSpace objects, 0(0B) LOS objects, 9% free, 59MB/65MB, paused 204us total 325.356ms
07-17 05:15:03.177  7151  7161 I vision.svplaye: Background concurrent copying GC freed 330359(9MB) AllocSpace objects, 0(0B) LOS objects, 9% free, 60MB/66MB, paused 259us total 334.808ms
07-17 05:15:03.839  7151  7161 I vision.svplaye: Background concurrent copying GC freed 348700(10MB) AllocSpace objects, 0(0B) LOS objects, 9% free, 60MB/66MB, paused 251us total 329.504ms
07-17 05:15:04.488  7151  7161 I vision.svplaye: Background concurrent copying GC freed 357990(10MB) AllocSpace objects, 0(0B) LOS objects, 9% free, 59MB/65MB, paused 223us total 323.487ms
07-17 05:15:05.165  7151  7161 I vision.svplaye: Background concurrent copying GC freed 328171(9MB) AllocSpace objects, 0(0B) LOS objects, 9% free, 60MB/66MB, paused 315us total 339.675ms
07-17 05:15:05.827  7151  7161 I vision.svplaye: Background concurrent copying GC freed 342823(9MB) AllocSpace objects, 0(0B) LOS objects, 8% free, 60MB/66MB, paused 240us total 327.163ms
07-17 05:15:06.474  7151  7161 I vision.svplaye: Background concurrent copying GC freed 354091(10MB) AllocSpace objects, 0(0B) LOS objects, 8% free, 60MB/66MB, paused 262us total 331.681ms
07-17 05:15:07.101  7151  7161 I vision.svplaye: Background concurrent copying GC freed 355092(10MB) AllocSpace objects, 0(0B) LOS objects, 9% free, 60MB/66MB, paused 198us total 308.793ms
07-17 05:15:07.737  7151  7161 I vision.svplaye: Background concurrent copying GC freed 335822(9MB) AllocSpace objects, 0(0B) LOS objects, 8% free, 60MB/66MB, paused 246us total 313.235ms
07-17 05:15:08.405  7151  7161 I vision.svplaye: Background concurrent copying GC freed 348256(10MB) AllocSpace objects, 0(0B) LOS objects, 9% free, 60MB/66MB, paused 241us total 329.053ms
07-17 05:15:09.080  7151  7161 I vision.svplaye: Background concurrent copying GC freed 334337(9MB) AllocSpace objects, 0(0B) LOS objects, 8% free, 60MB/66MB, paused 243us total 341.467ms
07-17 05:15:09.478  7151  8049 I MediaCodec: [OMX.MTK.VIDEO.DECODER.AVC] setting surface generation to 7322634
07-17 05:15:09.492  7151  7151 I ExoPlayerImpl: Release 4b40a94 [AndroidXMedia3/1.6.1] [sheldonp, AFTSSS, Amazon, 28] [media3.common, media3.exoplayer, media3.decoder, media3.datasource, media3.ui, media3.extractor]
07-17 05:15:09.492  7151  8047 I MediaCodecLogger: Flushing: 7151.HW.video.avc.framerate = 50.000 fps
07-17 05:15:09.526  7151  7151 W ExoPlayer:Audio: type=1400 audit(0.0:287066): avc: denied { read } for name="u:object_r:media_prop:s0" dev="tmpfs" ino=169 scontext=u:r:untrusted_app:s0:c247,c256,c512,c768 tcontext=u:object_r:media_prop:s0 tclass=file permissive=0
07-17 05:15:09.530  7151  8081 E libc    : Access denied finding property "media.metrics.enabled"
07-17 05:15:09.562  7151  8047 I MediaCodecLogger: 7151.HW.video.avc.TotalVideoPlaybackTimeMs = 59900
07-17 05:15:09.562  7151  8047 I MediaCodecLogger: 7151.HW.video.avc.StreamAvgFramerate = 49.950
07-17 05:15:09.562  7151  8047 I MediaCodecLogger: 7151.HW.video.avc.videoResolution.FHD = 59900
07-17 05:15:09.562  7151  8047 I MediaCodecLogger: 7151.HW.video.avc.StreamFramerate = 50.000
07-17 05:15:09.563  7151  8047 I MediaCodecLogger: 7151.HW.video.avc.AspectRatio = 1.778
07-17 05:15:09.563  7151  8047 I MediaCodecLogger: 7151.HW.video.avc.ASAP-P5Ms = 103
07-17 05:15:09.563  7151  8047 I MediaCodecLogger: 7151.HW.video.avc.ASAP-P2Ms = 6
07-17 05:15:09.563  7151  8047 I MediaCodecLogger: 7151.HW.video.avc.ASAP-P3Ms = 23
07-17 05:15:09.563  7151  8047 I MediaCodecLogger: 7151.HW.video.avc.FirstFrameReadyMs = 75
07-17 05:15:09.563  7151  8047 I MediaCodecLogger: 7151.HW.video.avc.StreamAvgBitrateInKbps = 2419
07-17 05:15:09.564  7151  8047 E libc    : Access denied finding property "media.metrics.enabled"
07-17 05:15:09.556  7151  7151 W ExoPlayer:Playb: type=1400 audit(0.0:287067): avc: denied { read } for name="u:object_r:media_prop:s0" dev="tmpfs" ino=169 scontext=u:r:untrusted_app:s0:c247,c256,c512,c768 tcontext=u:object_r:media_prop:s0 tclass=file permissive=0
07-17 05:15:09.575  7151  8047 I MediaCodecLogger: 7151.SW.audio.mp4a.TotalAudioPlaybackTimeMs = 59691
07-17 05:15:09.575  7151  8047 I MediaCodecLogger: 7151.SW.audio.mp4a.StreamAvgBitrateInKbps = 243
07-17 05:15:09.576  7151  8047 E libc    : Access denied finding property "media.metrics.enabled"
07-17 05:15:09.566  7151  7151 W ExoPlayer:Playb: type=1400 audit(0.0:287068): avc: denied { read } for name="u:object_r:media_prop:s0" dev="tmpfs" ino=169 scontext=u:r:untrusted_app:s0:c247,c256,c512,c768 tcontext=u:object_r:media_prop:s0 tclass=file permissive=0
07-17 05:15:09.863  7151  7161 I vision.svplaye: Background concurrent copying GC freed 439441(16MB) AllocSpace objects, 130(9MB) LOS objects, 10% free, 51MB/57MB, paused 173us total 355.609ms
07-17 05:15:09.972  7151  7151 I Choreographer: Skipped 32 frames!  The application may be doing too much work on its main thread.
07-17 05:15:10.203  7151  7175 I OpenGLRenderer: Davey! duration=769ms; Flags=0, IntendedVsync=22751976700434, Vsync=22752510567634, OldestInputEvent=9223372036854775807, NewestInputEvent=0, HandleInputStart=22752515997739, AnimationStart=22752516032508, PerformTraversalsStart=22752544121970, DrawStart=22752544301508, SyncQueued=22752730961432, SyncStart=22752731081047, IssueDrawCommandsStart=22752731692508, SwapBuffers=22752744791662, FrameCompleted=22752746118432, DequeueBufferDuration=622000, QueueBufferDuration=434000, 
07-17 05:15:10.263  7151  7161 I vision.svplaye: Background concurrent copying GC freed 184934(19MB) AllocSpace objects, 276(18MB) LOS objects, 16% free, 30MB/36MB, paused 177us total 258.042ms
07-17 05:15:10.287  7151  7151 I SmartVisionAds: Statut monetisation actuel: FREE_WITH_ADS
07-17 05:15:10.609  7151  7161 I vision.svplaye: Background concurrent copying GC freed 211329(17MB) AllocSpace objects, 0(0B) LOS objects, 15% free, 33MB/39MB, paused 245us total 264.373ms
07-17 05:15:10.642  7151  8007 I SVEpgMemory: stage=epg_sync_success usedMb=34 freeMb=4 totalMb=39 maxMb=128 channels=2887 programs=22649
07-17 05:15:10.678  7151  7172 I WM-WorkerWrapper: Worker result SUCCESS for Work [ id=cb7c1496-266b-47a8-81f5-b91f7dad83de, tags={ com.smartvision.svplayer.data.playlist.EpgSyncWorker } ]
07-17 05:15:11.411  7151  7161 I vision.svplaye: Background concurrent copying GC freed 315762(20MB) AllocSpace objects, 1(20KB) LOS objects, 23% free, 20MB/26MB, paused 196us total 260.955ms
07-17 05:15:12.485  7151  7161 I vision.svplaye: Background concurrent copying GC freed 204395(6MB) AllocSpace objects, 0(0B) LOS objects, 22% free, 20MB/26MB, paused 168us total 233.836ms
07-17 05:15:13.403  7151  7161 I vision.svplaye: Background concurrent copying GC freed 195662(7MB) AllocSpace objects, 0(0B) LOS objects, 22% free, 20MB/26MB, paused 749us total 233.031ms
07-17 05:15:14.613  7151  7161 I vision.svplaye: Background concurrent copying GC freed 172635(6MB) AllocSpace objects, 14(280KB) LOS objects, 22% free, 20MB/26MB, paused 165us total 244.446ms
07-17 05:15:15.612  7151  7161 I vision.svplaye: Background concurrent copying GC freed 218969(7MB) AllocSpace objects, 0(0B) LOS objects, 23% free, 19MB/25MB, paused 154us total 214.883ms
07-17 05:15:16.708  7151  7161 I vision.svplaye: Background concurrent copying GC freed 207053(6MB) AllocSpace objects, 0(0B) LOS objects, 23% free, 19MB/25MB, paused 187us total 207.300ms
07-17 05:15:17.795  7151  7161 I vision.svplaye: Background concurrent copying GC freed 210349(6MB) AllocSpace objects, 0(0B) LOS objects, 23% free, 19MB/25MB, paused 189us total 209.699ms
07-17 05:15:18.665  7151  7161 I vision.svplaye: Background concurrent copying GC freed 206743(6MB) AllocSpace objects, 0(0B) LOS objects, 22% free, 20MB/26MB, paused 172us total 224.153ms
07-17 05:15:19.520  7151  7161 I vision.svplaye: Background concurrent copying GC freed 222056(7MB) AllocSpace objects, 0(0B) LOS objects, 22% free, 21MB/27MB, paused 180us total 238.722ms
07-17 05:15:20.502  7151  7161 I vision.svplaye: Background concurrent copying GC freed 244960(7MB) AllocSpace objects, 0(0B) LOS objects, 23% free, 19MB/25MB, paused 209us total 211.525ms
07-17 05:15:21.586  7151  7161 I vision.svplaye: Background concurrent copying GC freed 208556(6MB) AllocSpace objects, 0(0B) LOS objects, 23% free, 20MB/26MB, paused 170us total 227.207ms
07-17 05:15:22.338  7151  8201 E System  : TRACE Starting certificate trust
07-17 05:15:22.342  7151  8203 E System  : TRACE Starting certificate trust
07-17 05:15:22.346  7151  8199 E System  : TRACE Starting certificate trust
07-17 05:15:22.350  7151  8204 E System  : TRACE Starting certificate trust
07-17 05:15:22.362  7151  8205 E System  : TRACE Starting certificate trust
07-17 05:15:22.811  7151  7161 I vision.svplaye: Background concurrent copying GC freed 176006(6MB) AllocSpace objects, 0(0B) LOS objects, 20% free, 22MB/28MB, paused 454us total 413.569ms
07-17 05:15:23.920  7151  7161 I vision.svplaye: Background concurrent copying GC freed 239554(9MB) AllocSpace objects, 14(280KB) LOS objects, 22% free, 20MB/26MB, paused 284us total 224.624ms
07-17 05:15:24.913  7151  7161 I vision.svplaye: Background concurrent copying GC freed 209455(6MB) AllocSpace objects, 0(0B) LOS objects, 21% free, 21MB/27MB, paused 570us total 231.873ms
07-17 05:15:26.023  7151  7161 I vision.svplaye: Background concurrent copying GC freed 243876(7MB) AllocSpace objects, 0(0B) LOS objects, 23% free, 20MB/26MB, paused 203us total 211.787ms
07-17 05:15:27.087  7151  7161 I vision.svplaye: Background concurrent copying GC freed 204004(6MB) AllocSpace objects, 0(0B) LOS objects, 22% free, 20MB/26MB, paused 461us total 220.865ms
07-17 05:15:28.113  7151  7161 I vision.svplaye: Background concurrent copying GC freed 142232(5MB) AllocSpace objects, 1(24KB) LOS objects, 21% free, 21MB/27MB, paused 355us total 246.544ms
07-17 05:15:28.200  7151  7151 I SmartVisionAds: Statut monetisation actuel: FREE_WITH_ADS
07-17 05:15:29.253  7151  7161 I vision.svplaye: Background concurrent copying GC freed 219888(7MB) AllocSpace objects, 2(600KB) LOS objects, 22% free, 20MB/26MB, paused 513us total 247.346ms
07-17 05:15:30.364  7151  7161 I vision.svplaye: Background concurrent copying GC freed 207865(6MB) AllocSpace objects, 0(0B) LOS objects, 22% free, 20MB/26MB, paused 192us total 237.363ms
07-17 05:15:31.436  7151  7161 I vision.svplaye: Background concurrent copying GC freed 201923(6MB) AllocSpace objects, 0(0B) LOS objects, 22% free, 21MB/27MB, paused 169us total 232.873ms
07-17 05:15:32.692  7151  7161 I vision.svplaye: Background concurrent copying GC freed 181096(6MB) AllocSpace objects, 0(0B) LOS objects, 21% free, 21MB/27MB, paused 194us total 265.169ms
07-17 05:15:33.733  7151  7161 I vision.svplaye: Background concurrent copying GC freed 217171(7MB) AllocSpace objects, 0(0B) LOS objects, 21% free, 21MB/27MB, paused 183us total 245.662ms
07-17 05:15:34.633  7151  7161 I vision.svplaye: Background concurrent copying GC freed 205606(7MB) AllocSpace objects, 0(0B) LOS objects, 21% free, 21MB/27MB, paused 200us total 228.882ms
07-17 05:15:35.591  7151  7161 I vision.svplaye: Background concurrent copying GC freed 206930(6MB) AllocSpace objects, 0(0B) LOS objects, 21% free, 21MB/27MB, paused 213us total 287.256ms
07-17 05:15:36.656  7151  7161 I vision.svplaye: Background concurrent copying GC freed 214064(7MB) AllocSpace objects, 0(0B) LOS objects, 21% free, 22MB/28MB, paused 213us total 277.037ms
07-17 05:15:37.545  7151  7161 I vision.svplaye: NativeAlloc concurrent copying GC freed 161723(6MB) AllocSpace objects, 10(200KB) LOS objects, 21% free, 22MB/28MB, paused 752us total 296.847ms
07-17 05:15:38.458  7151  7161 I vision.svplaye: Background concurrent copying GC freed 190474(8MB) AllocSpace objects, 22(440KB) LOS objects, 22% free, 21MB/27MB, paused 242us total 249.397ms
07-17 05:15:39.428  7151  7161 I vision.svplaye: Background concurrent copying GC freed 214849(7MB) AllocSpace objects, 2(40KB) LOS objects, 22% free, 20MB/26MB, paused 254us total 249.118ms
07-17 05:15:40.301  7151  7161 I vision.svplaye: Background concurrent copying GC freed 133386(6MB) AllocSpace objects, 22(440KB) LOS objects, 21% free, 21MB/27MB, paused 202us total 277.293ms
07-17 05:15:40.583  7151  7161 I vision.svplaye: NativeAlloc concurrent copying GC freed 38074(1964KB) AllocSpace objects, 8(160KB) LOS objects, 21% free, 21MB/27MB, paused 234us total 281.358ms
07-17 05:15:41.464  7151  7161 I vision.svplaye: Background concurrent copying GC freed 174506(7MB) AllocSpace objects, 18(360KB) LOS objects, 22% free, 21MB/27MB, paused 211us total 234.989ms
07-17 05:15:42.665  7151  7161 I vision.svplaye: Background concurrent copying GC freed 224584(7MB) AllocSpace objects, 0(0B) LOS objects, 22% free, 20MB/26MB, paused 229us total 231.244ms
07-17 05:15:43.724  7151  7161 I vision.svplaye: Background concurrent copying GC freed 151384(5MB) AllocSpace objects, 15(300KB) LOS objects, 22% free, 21MB/27MB, paused 595us total 273.310ms
07-17 05:15:44.832  7151  7161 I vision.svplaye: Background concurrent copying GC freed 186620(6MB) AllocSpace objects, 13(260KB) LOS objects, 22% free, 20MB/26MB, paused 174us total 232.905ms
07-17 05:15:45.981  7151  7161 I vision.svplaye: Background concurrent copying GC freed 207916(6MB) AllocSpace objects, 2(40KB) LOS objects, 22% free, 20MB/26MB, paused 313us total 239.254ms
07-17 05:15:46.804  7151  7161 I vision.svplaye: Background concurrent copying GC freed 120804(5MB) AllocSpace objects, 19(380KB) LOS objects, 21% free, 21MB/27MB, paused 220us total 245.250ms
07-17 05:15:47.854  7151  7161 I vision.svplaye: Background concurrent copying GC freed 175659(7MB) AllocSpace objects, 15(300KB) LOS objects, 22% free, 20MB/26MB, paused 228us total 229.530ms
07-17 05:15:48.993  7151  7161 I vision.svplaye: Background concurrent copying GC freed 207792(6MB) AllocSpace objects, 4(80KB) LOS objects, 22% free, 20MB/26MB, paused 188us total 225.233ms
07-17 05:15:50.205  7151  7161 I vision.svplaye: Background concurrent copying GC freed 211382(6MB) AllocSpace objects, 0(0B) LOS objects, 22% free, 20MB/26MB, paused 567us total 231.106ms
07-17 05:15:51.402  7151  7161 I vision.svplaye: Background concurrent copying GC freed 211944(6MB) AllocSpace objects, 0(0B) LOS objects, 22% free, 20MB/26MB, paused 184us total 225.160ms
07-17 05:15:52.595  7151  7161 I vision.svplaye: Background concurrent copying GC freed 211124(6MB) AllocSpace objects, 0(0B) LOS objects, 22% free, 20MB/26MB, paused 263us total 213.031ms
07-17 05:15:53.789  7151  7161 I vision.svplaye: Background concurrent copying GC freed 208112(6MB) AllocSpace objects, 0(0B) LOS objects, 22% free, 20MB/26MB, paused 184us total 215.764ms
07-17 05:15:54.996  7151  7161 I vision.svplaye: Background concurrent copying GC freed 210741(6MB) AllocSpace objects, 0(0B) LOS objects, 22% free, 20MB/26MB, paused 183us total 223.155ms
07-17 05:15:56.206  7151  7161 I vision.svplaye: Background concurrent copying GC freed 214207(6MB) AllocSpace objects, 0(0B) LOS objects, 22% free, 20MB/26MB, paused 182us total 226.427ms
07-17 05:15:57.406  7151  7161 I vision.svplaye: Background concurrent copying GC freed 211780(6MB) AllocSpace objects, 0(0B) LOS objects, 22% free, 20MB/26MB, paused 211us total 215.249ms
07-17 05:15:58.613  7151  7161 I vision.svplaye: Background concurrent copying GC freed 211039(6MB) AllocSpace objects, 0(0B) LOS objects, 22% free, 20MB/26MB, paused 214us total 229.227ms
07-17 05:15:59.810  7151  7161 I vision.svplaye: Background concurrent copying GC freed 211117(6MB) AllocSpace objects, 0(0B) LOS objects, 22% free, 20MB/26MB, paused 246us total 221.469ms
07-17 05:16:01.014  7151  7161 I vision.svplaye: Background concurrent copying GC freed 211113(6MB) AllocSpace objects, 0(0B) LOS objects, 22% free, 20MB/26MB, paused 413us total 229.552ms
07-17 05:16:02.209  7151  7161 I vision.svplaye: Background concurrent copying GC freed 211122(6MB) AllocSpace objects, 0(0B) LOS objects, 22% free, 20MB/26MB, paused 202us total 218.518ms
07-17 05:16:03.423  7151  7161 I vision.svplaye: Background concurrent copying GC freed 211213(6MB) AllocSpace objects, 0(0B) LOS objects, 22% free, 20MB/26MB, paused 215us total 230.846ms
07-17 05:16:04.627  7151  7161 I vision.svplaye: Background concurrent copying GC freed 212300(6MB) AllocSpace objects, 0(0B) LOS objects, 22% free, 20MB/26MB, paused 175us total 224.114ms
07-17 05:16:05.819  7151  7161 I vision.svplaye: Background concurrent copying GC freed 211096(6MB) AllocSpace objects, 0(0B) LOS objects, 22% free, 20MB/26MB, paused 167us total 215.753ms
07-17 05:16:07.032  7151  7161 I vision.svplaye: Background concurrent copying GC freed 211016(6MB) AllocSpace objects, 0(0B) LOS objects, 22% free, 20MB/26MB, paused 246us total 226.582ms
07-17 05:16:08.252  7151  7161 I vision.svplaye: Background concurrent copying GC freed 210347(6MB) AllocSpace objects, 0(0B) LOS objects, 22% free, 20MB/26MB, paused 188us total 229.086ms
07-17 05:16:09.416  7151  7161 I vision.svplaye: Background concurrent copying GC freed 187558(6MB) AllocSpace objects, 0(0B) LOS objects, 22% free, 20MB/26MB, paused 190us total 216.373ms
07-17 05:16:10.547  7151  7161 I vision.svplaye: Background concurrent copying GC freed 202433(6MB) AllocSpace objects, 0(0B) LOS objects, 22% free, 20MB/26MB, paused 172us total 218.488ms
07-17 05:16:11.693  7151  7161 I vision.svplaye: Background concurrent copying GC freed 196129(6MB) AllocSpace objects, 0(0B) LOS objects, 22% free, 20MB/26MB, paused 185us total 224.772ms
07-17 05:16:12.905  7151  7161 I vision.svplaye: Background concurrent copying GC freed 205175(6MB) AllocSpace objects, 0(0B) LOS objects, 22% free, 20MB/26MB, paused 213us total 238.741ms
07-17 05:16:14.132  7151  7161 I vision.svplaye: Background concurrent copying GC freed 219196(6MB) AllocSpace objects, 0(0B) LOS objects, 22% free, 20MB/26MB, paused 205us total 218.522ms
07-17 05:16:15.393  7151  7161 I vision.svplaye: Background concurrent copying GC freed 212543(6MB) AllocSpace objects, 0(0B) LOS objects, 22% free, 20MB/26MB, paused 201us total 220.348ms
07-17 05:16:16.536  7151  7165 I vision.svplaye: Waiting for a blocking GC ProfileSaver
07-17 05:16:16.648  7151  7161 I vision.svplaye: Background concurrent copying GC freed 210854(6MB) AllocSpace objects, 0(0B) LOS objects, 22% free, 20MB/26MB, paused 202us total 221.327ms
07-17 05:16:16.649  7151  7165 I vision.svplaye: WaitForGcToComplete blocked ProfileSaver on HeapTrim for 112.918ms
07-17 05:16:17.893  7151  7161 I vision.svplaye: Background concurrent copying GC freed 210796(6MB) AllocSpace objects, 0(0B) LOS objects, 22% free, 20MB/26MB, paused 220us total 217.492ms
07-17 05:16:19.133  7151  7161 I vision.svplaye: Background concurrent copying GC freed 206296(6MB) AllocSpace objects, 0(0B) LOS objects, 22% free, 20MB/26MB, paused 215us total 224.570ms
07-17 05:16:20.401  7151  7161 I vision.svplaye: Background concurrent copying GC freed 211124(6MB) AllocSpace objects, 0(0B) LOS objects, 22% free, 20MB/26MB, paused 186us total 232.676ms
07-17 05:16:21.643  7151  7161 I vision.svplaye: Background concurrent copying GC freed 213736(6MB) AllocSpace objects, 0(0B) LOS objects, 22% free, 20MB/26MB, paused 206us total 212.768ms
07-17 05:16:22.882  7151  7161 I vision.svplaye: Background concurrent copying GC freed 206056(6MB) AllocSpace objects, 0(0B) LOS objects, 22% free, 20MB/26MB, paused 252us total 225.768ms
07-17 05:16:24.139  7151  7161 I vision.svplaye: Background concurrent copying GC freed 210402(6MB) AllocSpace objects, 0(0B) LOS objects, 22% free, 20MB/26MB, paused 261us total 223.910ms
07-17 05:16:25.399  7151  7161 I vision.svplaye: Background concurrent copying GC freed 210930(6MB) AllocSpace objects, 0(0B) LOS objects, 22% free, 20MB/26MB, paused 163us total 226.377ms
07-17 05:16:26.663  7151  7161 I vision.svplaye: Background concurrent copying GC freed 213609(6MB) AllocSpace objects, 0(0B) LOS objects, 22% free, 20MB/26MB, paused 203us total 225.546ms
07-17 05:16:27.922  7151  7161 I vision.svplaye: Background concurrent copying GC freed 210971(6MB) AllocSpace objects, 0(0B) LOS objects, 22% free, 20MB/26MB, paused 182us total 227.433ms
07-17 05:16:29.185  7151  7161 I vision.svplaye: Background concurrent copying GC freed 210667(6MB) AllocSpace objects, 0(0B) LOS objects, 22% free, 20MB/26MB, paused 154us total 231.035ms
07-17 05:16:30.459  7151  7161 I vision.svplaye: Background concurrent copying GC freed 214181(6MB) AllocSpace objects, 0(0B) LOS objects, 22% free, 20MB/26MB, paused 164us total 231.116ms
07-17 05:16:31.715  7151  7161 I vision.svplaye: Background concurrent copying GC freed 214140(6MB) AllocSpace objects, 0(0B) LOS objects, 22% free, 20MB/26MB, paused 206us total 223.626ms
07-17 05:16:32.965  7151  7161 I vision.svplaye: Background concurrent copying GC freed 210469(6MB) AllocSpace objects, 0(0B) LOS objects, 22% free, 20MB/26MB, paused 197us total 224.706ms
07-17 05:16:34.206  7151  7161 I vision.svplaye: Background concurrent copying GC freed 209155(6MB) AllocSpace objects, 0(0B) LOS objects, 22% free, 20MB/26MB, paused 201us total 215.320ms
07-17 05:16:35.449  7151  7161 I vision.svplaye: Background concurrent copying GC freed 207605(6MB) AllocSpace objects, 0(0B) LOS objects, 22% free, 20MB/26MB, paused 167us total 215.107ms
07-17 05:16:36.708  7151  7161 I vision.svplaye: Background concurrent copying GC freed 210315(6MB) AllocSpace objects, 0(0B) LOS objects, 22% free, 20MB/26MB, paused 166us total 227.711ms
07-17 05:16:37.989  7151  7161 I vision.svplaye: Background concurrent copying GC freed 211984(6MB) AllocSpace objects, 0(0B) LOS objects, 22% free, 20MB/26MB, paused 208us total 214.118ms
07-17 05:16:39.237  7151  7161 I vision.svplaye: Background concurrent copying GC freed 208128(6MB) AllocSpace objects, 0(0B) LOS objects, 22% free, 20MB/26MB, paused 175us total 224.624ms
07-17 05:16:40.480  7151  7161 I vision.svplaye: Background concurrent copying GC freed 210842(6MB) AllocSpace objects, 0(0B) LOS objects, 22% free, 20MB/26MB, paused 235us total 219.621ms
07-17 05:16:41.743  7151  7161 I vision.svplaye: Background concurrent copying GC freed 210317(6MB) AllocSpace objects, 0(0B) LOS objects, 22% free, 20MB/26MB, paused 268us total 228.948ms
07-17 05:16:43.004  7151  7161 I vision.svplaye: Background concurrent copying GC freed 211121(6MB) AllocSpace objects, 0(0B) LOS objects, 22% free, 20MB/26MB, paused 181us total 229.437ms
07-17 05:16:44.271  7151  7161 I vision.svplaye: Background concurrent copying GC freed 213637(6MB) AllocSpace objects, 0(0B) LOS objects, 22% free, 20MB/26MB, paused 158us total 227.767ms
07-17 05:16:45.506  7151  7161 I vision.svplaye: Background concurrent copying GC freed 210615(6MB) AllocSpace objects, 0(0B) LOS objects, 22% free, 20MB/26MB, paused 184us total 215.043ms
07-17 05:16:46.723  7151  7161 I vision.svplaye: Background concurrent copying GC freed 204948(6MB) AllocSpace objects, 0(0B) LOS objects, 22% free, 20MB/26MB, paused 189us total 212.086ms
07-17 05:16:47.975  7151  7161 I vision.svplaye: Background concurrent copying GC freed 208712(6MB) AllocSpace objects, 0(0B) LOS objects, 22% free, 20MB/26MB, paused 182us total 215.159ms
07-17 05:16:49.238  7151  7161 I vision.svplaye: Background concurrent copying GC freed 210420(6MB) AllocSpace objects, 0(0B) LOS objects, 22% free, 20MB/26MB, paused 161us total 229.948ms
07-17 05:16:50.517  7151  7161 I vision.svplaye: Background concurrent copying GC freed 214515(6MB) AllocSpace objects, 0(0B) LOS objects, 22% free, 20MB/26MB, paused 145us total 235.587ms
07-17 05:16:51.774  7151  7161 I vision.svplaye: Background concurrent copying GC freed 213849(6MB) AllocSpace objects, 0(0B) LOS objects, 22% free, 20MB/26MB, paused 156us total 224.860ms
07-17 05:16:53.058  7151  7161 I vision.svplaye: Background concurrent copying GC freed 211847(6MB) AllocSpace objects, 0(0B) LOS objects, 22% free, 20MB/26MB, paused 170us total 243.677ms
07-17 05:16:54.317  7151  7161 I vision.svplaye: Background concurrent copying GC freed 216967(6MB) AllocSpace objects, 0(0B) LOS objects, 22% free, 20MB/26MB, paused 195us total 222.651ms
07-17 05:16:55.562  7151  7161 I vision.svplaye: Background concurrent copying GC freed 209880(6MB) AllocSpace objects, 0(0B) LOS objects, 22% free, 20MB/26MB, paused 212us total 216.650ms
07-17 05:16:56.817  7151  7161 I vision.svplaye: Background concurrent copying GC freed 210967(6MB) AllocSpace objects, 0(0B) LOS objects, 22% free, 20MB/26MB, paused 210us total 219.811ms
07-17 05:16:58.069  7151  7161 I vision.svplaye: Background concurrent copying GC freed 210856(6MB) AllocSpace objects, 0(0B) LOS objects, 22% free, 20MB/26MB, paused 271us total 219.659ms
07-17 05:16:59.307  7151  7161 I vision.svplaye: Background concurrent copying GC freed 206220(6MB) AllocSpace objects, 0(0B) LOS objects, 22% free, 20MB/26MB, paused 177us total 226.035ms
07-17 05:17:00.567  7151  7161 I vision.svplaye: Background concurrent copying GC freed 211353(6MB) AllocSpace objects, 0(0B) LOS objects, 22% free, 20MB/26MB, paused 163us total 223.554ms
07-17 05:17:01.656  7151  7165 I vision.svplaye: Waiting for a blocking GC ProfileSaver
07-17 05:17:01.822  7151  7161 I vision.svplaye: Background concurrent copying GC freed 212143(6MB) AllocSpace objects, 0(0B) LOS objects, 22% free, 20MB/26MB, paused 198us total 218.233ms
07-17 05:17:01.822  7151  7165 I vision.svplaye: WaitForGcToComplete blocked ProfileSaver on HeapTrim for 166.019ms
07-17 05:17:03.055  7151  7161 I vision.svplaye: Background concurrent copying GC freed 207276(6MB) AllocSpace objects, 0(0B) LOS objects, 22% free, 20MB/26MB, paused 149us total 211.327ms
07-17 05:17:04.308  7151  7161 I vision.svplaye: Background concurrent copying GC freed 210269(6MB) AllocSpace objects, 0(0B) LOS objects, 22% free, 20MB/26MB, paused 199us total 225.791ms
07-17 05:17:05.559  7151  7161 I vision.svplaye: Background concurrent copying GC freed 209408(6MB) AllocSpace objects, 0(0B) LOS objects, 22% free, 20MB/26MB, paused 169us total 227.758ms
07-17 05:17:06.826  7151  7161 I vision.svplaye: Background concurrent copying GC freed 211130(6MB) AllocSpace objects, 0(0B) LOS objects, 22% free, 20MB/26MB, paused 147us total 228.025ms
07-17 05:17:08.078  7151  7161 I vision.svplaye: Background concurrent copying GC freed 214897(6MB) AllocSpace objects, 0(0B) LOS objects, 22% free, 20MB/26MB, paused 284us total 218.567ms
07-17 05:17:09.326  7151  7161 I vision.svplaye: Background concurrent copying GC freed 207158(6MB) AllocSpace objects, 0(0B) LOS objects, 22% free, 20MB/26MB, paused 149us total 225.275ms
07-17 05:17:10.576  7151  7161 I vision.svplaye: Background concurrent copying GC freed 212149(6MB) AllocSpace objects, 0(0B) LOS objects, 22% free, 20MB/26MB, paused 178us total 215.201ms
07-17 05:17:11.831  7151  7161 I vision.svplaye: Background concurrent copying GC freed 207368(6MB) AllocSpace objects, 0(0B) LOS objects, 22% free, 20MB/26MB, paused 165us total 226.886ms
07-17 05:17:13.086  7151  7161 I vision.svplaye: Background concurrent copying GC freed 214524(6MB) AllocSpace objects, 0(0B) LOS objects, 22% free, 20MB/26MB, paused 202us total 219.251ms
07-17 05:17:14.319  7151  7161 I vision.svplaye: Background concurrent copying GC freed 206589(6MB) AllocSpace objects, 0(0B) LOS objects, 22% free, 20MB/26MB, paused 266us total 220.019ms
07-17 05:17:15.571  7151  7161 I vision.svplaye: Background concurrent copying GC freed 210690(6MB) AllocSpace objects, 0(0B) LOS objects, 22% free, 20MB/26MB, paused 165us total 214.257ms
07-17 05:17:16.884  7151  7161 I vision.svplaye: Background concurrent copying GC freed 209675(6MB) AllocSpace objects, 0(0B) LOS objects, 22% free, 20MB/26MB, paused 156us total 244.228ms
07-17 05:17:18.132  7151  7161 I vision.svplaye: Background concurrent copying GC freed 206479(6MB) AllocSpace objects, 0(0B) LOS objects, 22% free, 20MB/26MB, paused 168us total 226.627ms
07-17 05:17:19.387  7151  7161 I vision.svplaye: Background concurrent copying GC freed 206878(6MB) AllocSpace objects, 0(0B) LOS objects, 22% free, 20MB/26MB, paused 160us total 231.755ms
07-17 05:17:20.638  7151  7161 I vision.svplaye: Background concurrent copying GC freed 212220(6MB) AllocSpace objects, 0(0B) LOS objects, 22% free, 20MB/26MB, paused 167us total 225.205ms
07-17 05:17:21.888  7151  7161 I vision.svplaye: Background concurrent copying GC freed 210597(6MB) AllocSpace objects, 0(0B) LOS objects, 22% free, 20MB/26MB, paused 197us total 223.469ms
07-17 05:17:23.133  7151  7161 I vision.svplaye: Background concurrent copying GC freed 211679(6MB) AllocSpace objects, 0(0B) LOS objects, 22% free, 20MB/26MB, paused 214us total 215.164ms
07-17 05:17:24.374  7151  7161 I vision.svplaye: Background concurrent copying GC freed 207501(6MB) AllocSpace objects, 0(0B) LOS objects, 22% free, 20MB/26MB, paused 157us total 213.741ms
07-17 05:17:25.609  7151  7161 I vision.svplaye: Background concurrent copying GC freed 209495(6MB) AllocSpace objects, 0(0B) LOS objects, 22% free, 20MB/26MB, paused 189us total 212.941ms
07-17 05:17:26.851  7151  7161 I vision.svplaye: Background concurrent copying GC freed 206691(6MB) AllocSpace objects, 0(0B) LOS objects, 22% free, 20MB/26MB, paused 163us total 216.421ms
07-17 05:17:28.114  7151  7161 I vision.svplaye: Background concurrent copying GC freed 210226(6MB) AllocSpace objects, 0(0B) LOS objects, 22% free, 20MB/26MB, paused 213us total 228.568ms
07-17 05:17:29.373  7151  7161 I vision.svplaye: Background concurrent copying GC freed 210415(6MB) AllocSpace objects, 0(0B) LOS objects, 22% free, 20MB/26MB, paused 163us total 235.053ms
07-17 05:17:30.639  7151  7161 I vision.svplaye: Background concurrent copying GC freed 214529(6MB) AllocSpace objects, 0(0B) LOS objects, 22% free, 20MB/26MB, paused 165us total 223.506ms
07-17 05:17:31.911  7151  7161 I vision.svplaye: Background concurrent copying GC freed 212416(6MB) AllocSpace objects, 0(0B) LOS objects, 22% free, 20MB/26MB, paused 184us total 236.984ms
07-17 05:17:33.171  7151  7161 I vision.svplaye: Background concurrent copying GC freed 215569(6MB) AllocSpace objects, 0(0B) LOS objects, 22% free, 20MB/26MB, paused 187us total 218.654ms
07-17 05:17:34.414  7151  7161 I vision.svplaye: Background concurrent copying GC freed 207472(6MB) AllocSpace objects, 0(0B) LOS objects, 22% free, 20MB/26MB, paused 219us total 222.661ms
07-17 05:17:35.662  7151  7161 I vision.svplaye: Background concurrent copying GC freed 210191(6MB) AllocSpace objects, 0(0B) LOS objects, 22% free, 20MB/26MB, paused 185us total 224.933ms
07-17 05:17:36.899  7151  7161 I vision.svplaye: Background concurrent copying GC freed 209169(6MB) AllocSpace objects, 0(0B) LOS objects, 22% free, 20MB/26MB, paused 188us total 212.480ms
07-17 05:17:38.142  7151  7161 I vision.svplaye: Background concurrent copying GC freed 207015(6MB) AllocSpace objects, 0(0B) LOS objects, 22% free, 20MB/26MB, paused 157us total 212.720ms
07-17 05:17:39.390  7151  7161 I vision.svplaye: Background concurrent copying GC freed 210866(6MB) AllocSpace objects, 0(0B) LOS objects, 22% free, 20MB/26MB, paused 266us total 223.113ms
07-17 05:17:40.644  7151  7161 I vision.svplaye: Background concurrent copying GC freed 209407(6MB) AllocSpace objects, 0(0B) LOS objects, 22% free, 20MB/26MB, paused 273us total 226.948ms
07-17 05:17:41.888  7151  7161 I vision.svplaye: Background concurrent copying GC freed 210711(6MB) AllocSpace objects, 0(0B) LOS objects, 22% free, 20MB/26MB, paused 392us total 218.169ms
07-17 05:17:43.143  7151  7161 I vision.svplaye: Background concurrent copying GC freed 209343(6MB) AllocSpace objects, 0(0B) LOS objects, 22% free, 20MB/26MB, paused 191us total 223.259ms
07-17 05:17:44.384  7151  7161 I vision.svplaye: Background concurrent copying GC freed 211221(6MB) AllocSpace objects, 0(0B) LOS objects, 22% free, 20MB/26MB, paused 292us total 212.047ms
07-17 05:17:45.636  7151  7161 I vision.svplaye: Background concurrent copying GC freed 208093(6MB) AllocSpace objects, 0(0B) LOS objects, 22% free, 20MB/26MB, paused 152us total 220.910ms
07-17 05:17:46.868  7151  7161 I vision.svplaye: Background concurrent copying GC freed 208835(6MB) AllocSpace objects, 0(0B) LOS objects, 22% free, 20MB/26MB, paused 252us total 222.036ms
07-17 05:17:48.116  7151  7161 I vision.svplaye: Background concurrent copying GC freed 210724(6MB) AllocSpace objects, 0(0B) LOS objects, 22% free, 20MB/26MB, paused 214us total 217.031ms
07-17 05:17:49.365  7151  7161 I vision.svplaye: Background concurrent copying GC freed 209056(6MB) AllocSpace objects, 0(0B) LOS objects, 22% free, 20MB/26MB, paused 154us total 222.691ms
07-17 05:17:50.624  7151  7161 I vision.svplaye: Background concurrent copying GC freed 213132(6MB) AllocSpace objects, 0(0B) LOS objects, 22% free, 20MB/26MB, paused 190us total 221.872ms
07-17 05:17:51.874  7151  7161 I vision.svplaye: Background concurrent copying GC freed 209317(6MB) AllocSpace objects, 0(0B) LOS objects, 22% free, 20MB/26MB, paused 187us total 222.145ms
07-17 05:17:53.130  7151  7161 I vision.svplaye: Background concurrent copying GC freed 210920(6MB) AllocSpace objects, 0(0B) LOS objects, 22% free, 20MB/26MB, paused 169us total 216.907ms
07-17 05:17:54.377  7151  7161 I vision.svplaye: Background concurrent copying GC freed 208216(6MB) AllocSpace objects, 0(0B) LOS objects, 22% free, 20MB/26MB, paused 174us total 228.543ms
07-17 05:17:55.649  7151  7161 I vision.svplaye: Background concurrent copying GC freed 213935(6MB) AllocSpace objects, 0(0B) LOS objects, 22% free, 20MB/26MB, paused 151us total 223.865ms
07-17 05:17:56.909  7151  7161 I vision.svplaye: Background concurrent copying GC freed 212603(6MB) AllocSpace objects, 0(0B) LOS objects, 22% free, 20MB/26MB, paused 165us total 225.679ms
07-17 05:17:58.165  7151  7161 I vision.svplaye: Background concurrent copying GC freed 211129(6MB) AllocSpace objects, 0(0B) LOS objects, 22% free, 20MB/26MB, paused 139us total 222.421ms
07-17 05:17:59.425  7151  7161 I vision.svplaye: Background concurrent copying GC freed 212203(6MB) AllocSpace objects, 0(0B) LOS objects, 22% free, 20MB/26MB, paused 161us total 224.291ms
07-17 05:18:00.718  7151  7161 I vision.svplaye: Background concurrent copying GC freed 211179(6MB) AllocSpace objects, 0(0B) LOS objects, 22% free, 20MB/26MB, paused 226us total 259.901ms
07-17 05:18:01.980  7151  7161 I vision.svplaye: Background concurrent copying GC freed 216597(6MB) AllocSpace objects, 0(0B) LOS objects, 22% free, 20MB/26MB, paused 140us total 232.944ms
07-17 05:18:03.261  7151  7161 I vision.svplaye: Background concurrent copying GC freed 211115(6MB) AllocSpace objects, 0(0B) LOS objects, 22% free, 20MB/26MB, paused 337us total 247.668ms
07-17 05:18:04.470  7151  7161 I vision.svplaye: Background concurrent copying GC freed 207749(6MB) AllocSpace objects, 0(0B) LOS objects, 22% free, 20MB/26MB, paused 170us total 218.986ms
07-17 05:18:05.660  7151  7161 I vision.svplaye: Background concurrent copying GC freed 211157(6MB) AllocSpace objects, 0(0B) LOS objects, 22% free, 20MB/26MB, paused 268us total 225.176ms
07-17 05:18:06.858  7151  7161 I vision.svplaye: Background concurrent copying GC freed 215600(6MB) AllocSpace objects, 0(0B) LOS objects, 22% free, 20MB/26MB, paused 276us total 221.350ms
07-17 05:18:08.052  7151  7161 I vision.svplaye: Background concurrent copying GC freed 211571(6MB) AllocSpace objects, 0(0B) LOS objects, 22% free, 20MB/26MB, paused 208us total 227.479ms
07-17 05:18:09.245  7151  7161 I vision.svplaye: Background concurrent copying GC freed 215195(6MB) AllocSpace objects, 0(0B) LOS objects, 22% free, 20MB/26MB, paused 207us total 222.598ms
07-17 05:18:10.429  7151  7161 I vision.svplaye: Background concurrent copying GC freed 210829(6MB) AllocSpace objects, 0(0B) LOS objects, 22% free, 20MB/26MB, paused 157us total 215.355ms
07-17 05:18:11.617  7151  7161 I vision.svplaye: Background concurrent copying GC freed 214736(6MB) AllocSpace objects, 0(0B) LOS objects, 22% free, 20MB/26MB, paused 277us total 213.871ms
07-17 05:18:12.807  7151  7161 I vision.svplaye: Background concurrent copying GC freed 211527(6MB) AllocSpace objects, 0(0B) LOS objects, 22% free, 20MB/26MB, paused 221us total 215.938ms
07-17 05:18:14.022  7151  7161 I vision.svplaye: Background concurrent copying GC freed 213014(6MB) AllocSpace objects, 0(0B) LOS objects, 22% free, 20MB/26MB, paused 361us total 219.451ms
07-17 05:18:15.284  7151  7161 I vision.svplaye: Background concurrent copying GC freed 211019(6MB) AllocSpace objects, 0(0B) LOS objects, 22% free, 20MB/26MB, paused 185us total 223.812ms
