--------- beginning of main
07-21 20:53:29.758 15386 22786 E CameraManagerGlobal: Camera service is unavailable
07-21 20:53:30.606 15386 15403 I vision.svplaye: Background concurrent copying GC freed 213014(6MB) AllocSpace objects, 0(0B) LOS objects, 19% free, 24MB/30MB, paused 181us total 266.332ms
07-21 20:53:30.758 15386 22786 I CameraManagerGlobal: Connecting to camera service
07-21 20:53:30.758 15386 22786 E CameraManagerGlobal: Camera service is unavailable
07-21 20:53:31.758 15386 22786 I CameraManagerGlobal: Connecting to camera service
07-21 20:53:31.759 15386 22786 E CameraManagerGlobal: Camera service is unavailable
07-21 20:53:32.323 15386 15403 I vision.svplaye: Background concurrent copying GC freed 219439(6MB) AllocSpace objects, 0(0B) LOS objects, 19% free, 24MB/30MB, paused 202us total 267.821ms
07-21 20:53:32.759 15386 22786 I CameraManagerGlobal: Connecting to camera service
07-21 20:53:32.759 15386 22786 E CameraManagerGlobal: Camera service is unavailable
07-21 20:53:33.760 15386 22786 I CameraManagerGlobal: Connecting to camera service
07-21 20:53:33.760 15386 22786 E CameraManagerGlobal: Camera service is unavailable
07-21 20:53:34.030 15386 15403 I vision.svplaye: Background concurrent copying GC freed 219371(6MB) AllocSpace objects, 0(0B) LOS objects, 19% free, 24MB/30MB, paused 205us total 271.082ms
07-21 20:53:34.761 15386 22786 I CameraManagerGlobal: Connecting to camera service
07-21 20:53:34.761 15386 22786 E CameraManagerGlobal: Camera service is unavailable
07-21 20:53:35.747 15386 15403 I vision.svplaye: Background concurrent copying GC freed 221343(6MB) AllocSpace objects, 0(0B) LOS objects, 19% free, 24MB/30MB, paused 210us total 280.604ms
07-21 20:53:35.761 15386 22786 I CameraManagerGlobal: Connecting to camera service
07-21 20:53:35.761 15386 22786 E CameraManagerGlobal: Camera service is unavailable
07-21 20:53:36.762 15386 22786 I CameraManagerGlobal: Connecting to camera service
07-21 20:53:36.762 15386 22786 E CameraManagerGlobal: Camera service is unavailable
07-21 20:53:37.449 15386 15403 I vision.svplaye: Background concurrent copying GC freed 221305(6MB) AllocSpace objects, 0(0B) LOS objects, 19% free, 24MB/30MB, paused 209us total 270.390ms
07-21 20:53:37.762 15386 22786 I CameraManagerGlobal: Connecting to camera service
07-21 20:53:37.763 15386 22786 E CameraManagerGlobal: Camera service is unavailable
07-21 20:53:38.763 15386 22786 I CameraManagerGlobal: Connecting to camera service
07-21 20:53:38.763 15386 22786 E CameraManagerGlobal: Camera service is unavailable
07-21 20:53:39.173 15386 15403 I vision.svplaye: Background concurrent copying GC freed 221421(6MB) AllocSpace objects, 0(0B) LOS objects, 19% free, 24MB/30MB, paused 212us total 289.820ms
07-21 20:53:39.764 15386 22786 I CameraManagerGlobal: Connecting to camera service
07-21 20:53:39.764 15386 22786 E CameraManagerGlobal: Camera service is unavailable
07-21 20:53:40.764 15386 22786 I CameraManagerGlobal: Connecting to camera service
07-21 20:53:40.765 15386 22786 E CameraManagerGlobal: Camera service is unavailable
07-21 20:53:40.967 15386 15403 I vision.svplaye: Background concurrent copying GC freed 220410(6MB) AllocSpace objects, 0(0B) LOS objects, 19% free, 24MB/30MB, paused 210us total 295.896ms
07-21 20:53:41.765 15386 22786 I CameraManagerGlobal: Connecting to camera service
07-21 20:53:41.765 15386 22786 E CameraManagerGlobal: Camera service is unavailable
07-21 20:53:42.760 15386 15403 I vision.svplaye: Background concurrent copying GC freed 215802(6MB) AllocSpace objects, 1(20KB) LOS objects, 19% free, 24MB/30MB, paused 343us total 267.074ms
07-21 20:53:42.766 15386 22786 I CameraManagerGlobal: Connecting to camera service
07-21 20:53:42.766 15386 22786 E CameraManagerGlobal: Camera service is unavailable
07-21 20:53:43.767 15386 22786 I CameraManagerGlobal: Connecting to camera service
07-21 20:53:43.767 15386 22786 E CameraManagerGlobal: Camera service is unavailable
07-21 20:53:44.548 15386 15403 I vision.svplaye: Background concurrent copying GC freed 214306(6MB) AllocSpace objects, 0(0B) LOS objects, 19% free, 24MB/30MB, paused 184us total 271.182ms
07-21 20:53:44.767 15386 22786 I CameraManagerGlobal: Connecting to camera service
07-21 20:53:44.768 15386 22786 E CameraManagerGlobal: Camera service is unavailable
07-21 20:53:45.768 15386 22786 I CameraManagerGlobal: Connecting to camera service
07-21 20:53:45.768 15386 22786 E CameraManagerGlobal: Camera service is unavailable
07-21 20:53:46.346 15386 15403 I vision.svplaye: Background concurrent copying GC freed 216095(6MB) AllocSpace objects, 0(0B) LOS objects, 19% free, 24MB/30MB, paused 186us total 271.373ms
07-21 20:53:46.769 15386 22786 I CameraManagerGlobal: Connecting to camera service
07-21 20:53:46.769 15386 22786 E CameraManagerGlobal: Camera service is unavailable
07-21 20:53:47.769 15386 22786 I CameraManagerGlobal: Connecting to camera service
07-21 20:53:47.770 15386 22786 E CameraManagerGlobal: Camera service is unavailable
07-21 20:53:48.128 15386 15403 I vision.svplaye: Background concurrent copying GC freed 215040(6MB) AllocSpace objects, 0(0B) LOS objects, 19% free, 24MB/30MB, paused 176us total 268.695ms
07-21 20:53:48.770 15386 22786 I CameraManagerGlobal: Connecting to camera service
07-21 20:53:48.770 15386 22786 E CameraManagerGlobal: Camera service is unavailable
07-21 20:53:49.771 15386 22786 I CameraManagerGlobal: Connecting to camera service
07-21 20:53:49.771 15386 22786 E CameraManagerGlobal: Camera service is unavailable
07-21 20:53:49.964 15386 15403 I vision.svplaye: Background concurrent copying GC freed 215177(6MB) AllocSpace objects, 0(0B) LOS objects, 19% free, 24MB/30MB, paused 196us total 282.837ms
07-21 20:53:50.771 15386 22786 I CameraManagerGlobal: Connecting to camera service
07-21 20:53:50.772 15386 22786 E CameraManagerGlobal: Camera service is unavailable
07-21 20:53:51.741 15386 15403 I vision.svplaye: Background concurrent copying GC freed 217084(6MB) AllocSpace objects, 0(0B) LOS objects, 19% free, 24MB/30MB, paused 187us total 267.044ms
07-21 20:53:51.772 15386 22786 I CameraManagerGlobal: Connecting to camera service
07-21 20:53:51.772 15386 22786 E CameraManagerGlobal: Camera service is unavailable
07-21 20:53:52.773 15386 22786 I CameraManagerGlobal: Connecting to camera service
07-21 20:53:52.773 15386 22786 E CameraManagerGlobal: Camera service is unavailable
07-21 20:53:53.516 15386 15403 I vision.svplaye: Background concurrent copying GC freed 214881(6MB) AllocSpace objects, 0(0B) LOS objects, 19% free, 24MB/30MB, paused 180us total 266.562ms
07-21 20:53:53.779 15386 22786 I CameraManagerGlobal: Connecting to camera service
07-21 20:53:53.779 15386 22786 E CameraManagerGlobal: Camera service is unavailable
07-21 20:53:54.779 15386 22786 I CameraManagerGlobal: Connecting to camera service
07-21 20:53:54.780 15386 22786 E CameraManagerGlobal: Camera service is unavailable
07-21 20:53:55.311 15386 15403 I vision.svplaye: Background concurrent copying GC freed 214800(6MB) AllocSpace objects, 0(0B) LOS objects, 19% free, 24MB/30MB, paused 182us total 278.356ms
07-21 20:53:55.780 15386 22786 I CameraManagerGlobal: Connecting to camera service
07-21 20:53:55.780 15386 22786 E CameraManagerGlobal: Camera service is unavailable
07-21 20:53:56.781 15386 22786 I CameraManagerGlobal: Connecting to camera service
07-21 20:53:56.781 15386 22786 E CameraManagerGlobal: Camera service is unavailable
07-21 20:53:57.111 15386 15403 I vision.svplaye: Background concurrent copying GC freed 217299(6MB) AllocSpace objects, 0(0B) LOS objects, 19% free, 24MB/30MB, paused 203us total 275.197ms
07-21 20:53:57.781 15386 22786 I CameraManagerGlobal: Connecting to camera service
07-21 20:53:57.782 15386 22786 E CameraManagerGlobal: Camera service is unavailable
07-21 20:53:58.782 15386 22786 I CameraManagerGlobal: Connecting to camera service
07-21 20:53:58.782 15386 22786 E CameraManagerGlobal: Camera service is unavailable
07-21 20:53:58.901 15386 15403 I vision.svplaye: Background concurrent copying GC freed 217051(6MB) AllocSpace objects, 0(0B) LOS objects, 19% free, 24MB/30MB, paused 174us total 263.746ms
07-21 20:53:59.783 15386 22786 I CameraManagerGlobal: Connecting to camera service
07-21 20:53:59.783 15386 22786 E CameraManagerGlobal: Camera service is unavailable
07-21 20:54:00.684 15386 15403 I vision.svplaye: Background concurrent copying GC freed 215004(6MB) AllocSpace objects, 0(0B) LOS objects, 19% free, 24MB/30MB, paused 179us total 266.860ms
07-21 20:54:00.783 15386 22786 I CameraManagerGlobal: Connecting to camera service
07-21 20:54:00.784 15386 22786 E CameraManagerGlobal: Camera service is unavailable
07-21 20:54:01.784 15386 22786 I CameraManagerGlobal: Connecting to camera service
07-21 20:54:01.785 15386 22786 E CameraManagerGlobal: Camera service is unavailable
07-21 20:54:02.468 15386 15403 I vision.svplaye: Background concurrent copying GC freed 214861(6MB) AllocSpace objects, 0(0B) LOS objects, 19% free, 24MB/30MB, paused 178us total 271.928ms
07-21 20:54:02.785 15386 22786 I CameraManagerGlobal: Connecting to camera service
07-21 20:54:02.785 15386 22786 E CameraManagerGlobal: Camera service is unavailable
07-21 20:54:03.786 15386 22786 I CameraManagerGlobal: Connecting to camera service
07-21 20:54:03.786 15386 22786 E CameraManagerGlobal: Camera service is unavailable
07-21 20:54:04.309 15386 15403 I vision.svplaye: Background concurrent copying GC freed 212246(6MB) AllocSpace objects, 0(0B) LOS objects, 19% free, 24MB/30MB, paused 184us total 284.598ms
07-21 20:54:04.786 15386 22786 I CameraManagerGlobal: Connecting to camera service
07-21 20:54:04.787 15386 22786 E CameraManagerGlobal: Camera service is unavailable
07-21 20:54:05.787 15386 22786 I CameraManagerGlobal: Connecting to camera service
07-21 20:54:05.787 15386 22786 E CameraManagerGlobal: Camera service is unavailable
07-21 20:54:06.105 15386 15403 I vision.svplaye: Background concurrent copying GC freed 217456(6MB) AllocSpace objects, 0(0B) LOS objects, 19% free, 24MB/30MB, paused 184us total 293.370ms
07-21 20:54:06.788 15386 22786 I CameraManagerGlobal: Connecting to camera service
07-21 20:54:06.788 15386 22786 E CameraManagerGlobal: Camera service is unavailable
07-21 20:54:06.831 15386 15386 I SVStartup: state localReady=true checking=false activated=true playableSource=true route=live_tv
07-21 20:54:07.221 15386 15393 I vision.svplaye: JIT allocated 68KB for stack maps of void com.smartvision.svplayer.ui.live.LiveTvScreenKt.LiveTvScreen(com.smartvision.svplayer.ui.i18n.SmartVisionStrings, java.lang.String, java.util.List, kotlin.jvm.functions.Function1, kotlin.jvm.functions.Function0, kotlin.jvm.functions.Function0, kotlin.jvm.functions.Function0, kotlin.jvm.functions.Function0, kotlin.jvm.functions.Function0, boolean, boolean, int, java.lang.Integer, kotlin.jvm.functions.Function0, com.smartvision.svplayer.ui.player.LivePlaybackSession, kotlin.jvm.functions.Function1, androidx.compose.ui.Modifier, androidx.compose.runtime.Composer, int, int, int)
07-21 20:54:07.240 15386 15393 I vision.svplaye: Compiler allocated 6MB to compile void com.smartvision.svplayer.ui.live.LiveTvScreenKt.LiveTvScreen(com.smartvision.svplayer.ui.i18n.SmartVisionStrings, java.lang.String, java.util.List, kotlin.jvm.functions.Function1, kotlin.jvm.functions.Function0, kotlin.jvm.functions.Function0, kotlin.jvm.functions.Function0, kotlin.jvm.functions.Function0, kotlin.jvm.functions.Function0, boolean, boolean, int, java.lang.Integer, kotlin.jvm.functions.Function0, com.smartvision.svplayer.ui.player.LivePlaybackSession, kotlin.jvm.functions.Function1, androidx.compose.ui.Modifier, androidx.compose.runtime.Composer, int, int, int)
07-21 20:54:07.385 15386 15403 I vision.svplaye: NativeAlloc concurrent copying GC freed 107563(3MB) AllocSpace objects, 2(104KB) LOS objects, 19% free, 25MB/31MB, paused 251us total 306.127ms
07-21 20:54:07.791 15386 22786 I CameraManagerGlobal: Connecting to camera service
07-21 20:54:07.791 15386 22786 E CameraManagerGlobal: Camera service is unavailable
07-21 20:54:08.229 15386 15403 I vision.svplaye: Background concurrent copying GC freed 213657(6MB) AllocSpace objects, 1(24KB) LOS objects, 19% free, 25MB/31MB, paused 205us total 289.853ms
07-21 20:54:08.244 15386 15393 I vision.svplaye: JIT allocated 68KB for stack maps of void com.smartvision.svplayer.ui.live.LiveTvScreenKt.LiveTvScreen(com.smartvision.svplayer.ui.i18n.SmartVisionStrings, java.lang.String, java.util.List, kotlin.jvm.functions.Function1, kotlin.jvm.functions.Function0, kotlin.jvm.functions.Function0, kotlin.jvm.functions.Function0, kotlin.jvm.functions.Function0, kotlin.jvm.functions.Function0, boolean, boolean, int, java.lang.Integer, kotlin.jvm.functions.Function0, com.smartvision.svplayer.ui.player.LivePlaybackSession, kotlin.jvm.functions.Function1, androidx.compose.ui.Modifier, androidx.compose.runtime.Composer, int, int, int)
07-21 20:54:08.252 15386 15393 I vision.svplaye: Compiler allocated 6MB to compile void com.smartvision.svplayer.ui.live.LiveTvScreenKt.LiveTvScreen(com.smartvision.svplayer.ui.i18n.SmartVisionStrings, java.lang.String, java.util.List, kotlin.jvm.functions.Function1, kotlin.jvm.functions.Function0, kotlin.jvm.functions.Function0, kotlin.jvm.functions.Function0, kotlin.jvm.functions.Function0, kotlin.jvm.functions.Function0, boolean, boolean, int, java.lang.Integer, kotlin.jvm.functions.Function0, com.smartvision.svplayer.ui.player.LivePlaybackSession, kotlin.jvm.functions.Function1, androidx.compose.ui.Modifier, androidx.compose.runtime.Composer, int, int, int)
07-21 20:54:08.792 15386 22786 I CameraManagerGlobal: Connecting to camera service
07-21 20:54:08.792 15386 22786 E CameraManagerGlobal: Camera service is unavailable
07-21 20:54:08.815 15386 15386 I Choreographer: Skipped 30 frames!  The application may be doing too much work on its main thread.
07-21 20:54:09.109 15386 15386 I SmartVisionAds: Statut monetisation actuel: FREE_WITH_ADS
07-21 20:54:09.601 15386 15403 I vision.svplaye: Background concurrent copying GC freed 156963(5MB) AllocSpace objects, 2(600KB) LOS objects, 19% free, 25MB/31MB, paused 194us total 316.418ms
07-21 20:54:09.792 15386 22786 I CameraManagerGlobal: Connecting to camera service
07-21 20:54:09.793 15386 22786 E CameraManagerGlobal: Camera service is unavailable
07-21 20:54:10.793 15386 22786 I CameraManagerGlobal: Connecting to camera service
07-21 20:54:10.795 15386 22786 E CameraManagerGlobal: Camera service is unavailable
07-21 20:54:11.265 15386 15403 I vision.svplaye: Background concurrent copying GC freed 215208(6MB) AllocSpace objects, 0(0B) LOS objects, 19% free, 25MB/31MB, paused 234us total 293.951ms
07-21 20:54:11.795 15386 22786 I CameraManagerGlobal: Connecting to camera service
07-21 20:54:11.795 15386 22786 E CameraManagerGlobal: Camera service is unavailable
07-21 20:54:12.796 15386 22786 I CameraManagerGlobal: Connecting to camera service
07-21 20:54:12.797 15386 22786 E CameraManagerGlobal: Camera service is unavailable
07-21 20:54:12.835 15386 15403 I vision.svplaye: Background concurrent copying GC freed 207399(6MB) AllocSpace objects, 0(0B) LOS objects, 19% free, 25MB/31MB, paused 212us total 294.636ms
07-21 20:54:13.797 15386 22786 I CameraManagerGlobal: Connecting to camera service
07-21 20:54:13.797 15386 22786 E CameraManagerGlobal: Camera service is unavailable
07-21 20:54:14.405 15386 15403 I vision.svplaye: Background concurrent copying GC freed 214227(6MB) AllocSpace objects, 0(0B) LOS objects, 19% free, 25MB/31MB, paused 204us total 288.086ms
07-21 20:54:14.798 15386 22786 I CameraManagerGlobal: Connecting to camera service
07-21 20:54:14.798 15386 22786 E CameraManagerGlobal: Camera service is unavailable
07-21 20:54:15.798 15386 22786 I CameraManagerGlobal: Connecting to camera service
07-21 20:54:15.799 15386 22786 E CameraManagerGlobal: Camera service is unavailable
07-21 20:54:15.970 15386 15403 I vision.svplaye: Background concurrent copying GC freed 215488(6MB) AllocSpace objects, 0(0B) LOS objects, 19% free, 25MB/31MB, paused 188us total 278.652ms
07-21 20:54:16.799 15386 22786 I CameraManagerGlobal: Connecting to camera service
07-21 20:54:16.799 15386 22786 E CameraManagerGlobal: Camera service is unavailable
07-21 20:54:17.542 15386 15403 I vision.svplaye: Background concurrent copying GC freed 213186(6MB) AllocSpace objects, 0(0B) LOS objects, 19% free, 25MB/31MB, paused 199us total 285.985ms
07-21 20:54:17.800 15386 22786 I CameraManagerGlobal: Connecting to camera service
07-21 20:54:17.800 15386 22786 E CameraManagerGlobal: Camera service is unavailable
07-21 20:54:18.800 15386 22786 I CameraManagerGlobal: Connecting to camera service
07-21 20:54:18.801 15386 22786 E CameraManagerGlobal: Camera service is unavailable
07-21 20:54:19.119 15386 15403 I vision.svplaye: Background concurrent copying GC freed 215388(6MB) AllocSpace objects, 0(0B) LOS objects, 19% free, 25MB/31MB, paused 211us total 282.034ms
07-21 20:54:19.801 15386 22786 I CameraManagerGlobal: Connecting to camera service
07-21 20:54:19.801 15386 22786 E CameraManagerGlobal: Camera service is unavailable
07-21 20:54:20.705 15386 15403 I vision.svplaye: Background concurrent copying GC freed 214854(6MB) AllocSpace objects, 0(0B) LOS objects, 19% free, 25MB/31MB, paused 203us total 292.742ms
07-21 20:54:20.802 15386 22786 I CameraManagerGlobal: Connecting to camera service
07-21 20:54:20.802 15386 22786 E CameraManagerGlobal: Camera service is unavailable
07-21 20:54:21.802 15386 22786 I CameraManagerGlobal: Connecting to camera service
07-21 20:54:21.803 15386 22786 E CameraManagerGlobal: Camera service is unavailable
07-21 20:54:22.337 15386 15403 I vision.svplaye: Background concurrent copying GC freed 216591(6MB) AllocSpace objects, 0(0B) LOS objects, 19% free, 25MB/31MB, paused 193us total 309.963ms
07-21 20:54:22.803 15386 22786 I CameraManagerGlobal: Connecting to camera service
07-21 20:54:22.803 15386 22786 E CameraManagerGlobal: Camera service is unavailable
07-21 20:54:23.804 15386 22786 I CameraManagerGlobal: Connecting to camera service
07-21 20:54:23.804 15386 22786 E CameraManagerGlobal: Camera service is unavailable
07-21 20:54:23.959 15386 15403 I vision.svplaye: Background concurrent copying GC freed 209698(6MB) AllocSpace objects, 1(20KB) LOS objects, 19% free, 25MB/31MB, paused 180us total 281.795ms
07-21 20:54:24.805 15386 22786 I CameraManagerGlobal: Connecting to camera service
07-21 20:54:24.806 15386 22786 E CameraManagerGlobal: Camera service is unavailable
07-21 20:54:25.611 15386 15403 I vision.svplaye: Background concurrent copying GC freed 212026(6MB) AllocSpace objects, 0(0B) LOS objects, 19% free, 25MB/31MB, paused 201us total 277.141ms
07-21 20:54:25.806 15386 22786 I CameraManagerGlobal: Connecting to camera service
07-21 20:54:25.807 15386 22786 E CameraManagerGlobal: Camera service is unavailable
07-21 20:54:26.807 15386 22786 I CameraManagerGlobal: Connecting to camera service
07-21 20:54:26.808 15386 22786 E CameraManagerGlobal: Camera service is unavailable
07-21 20:54:27.264 15386 15403 I vision.svplaye: Background concurrent copying GC freed 210651(6MB) AllocSpace objects, 0(0B) LOS objects, 19% free, 25MB/31MB, paused 178us total 278.879ms
07-21 20:54:27.808 15386 22786 I CameraManagerGlobal: Connecting to camera service
07-21 20:54:27.809 15386 22786 E CameraManagerGlobal: Camera service is unavailable
07-21 20:54:28.809 15386 22786 I CameraManagerGlobal: Connecting to camera service
07-21 20:54:28.811 15386 22786 E CameraManagerGlobal: Camera service is unavailable
07-21 20:54:28.909 15386 15403 I vision.svplaye: Background concurrent copying GC freed 210675(6MB) AllocSpace objects, 0(0B) LOS objects, 19% free, 25MB/31MB, paused 189us total 277.214ms
07-21 20:54:29.811 15386 22786 I CameraManagerGlobal: Connecting to camera service
07-21 20:54:29.812 15386 22786 E CameraManagerGlobal: Camera service is unavailable
07-21 20:54:30.567 15386 15403 I vision.svplaye: Background concurrent copying GC freed 212019(6MB) AllocSpace objects, 0(0B) LOS objects, 19% free, 25MB/31MB, paused 186us total 280.593ms
07-21 20:54:30.812 15386 22786 I CameraManagerGlobal: Connecting to camera service
07-21 20:54:30.812 15386 22786 E CameraManagerGlobal: Camera service is unavailable
07-21 20:54:31.812 15386 22786 I CameraManagerGlobal: Connecting to camera service
07-21 20:54:31.813 15386 22786 E CameraManagerGlobal: Camera service is unavailable
07-21 20:54:32.201 15386 15403 I vision.svplaye: Background concurrent copying GC freed 209899(6MB) AllocSpace objects, 0(0B) LOS objects, 19% free, 25MB/31MB, paused 191us total 274.693ms
07-21 20:54:32.813 15386 22786 I CameraManagerGlobal: Connecting to camera service
07-21 20:54:32.813 15386 22786 E CameraManagerGlobal: Camera service is unavailable
07-21 20:54:33.814 15386 22786 I CameraManagerGlobal: Connecting to camera service
07-21 20:54:33.814 15386 22786 E CameraManagerGlobal: Camera service is unavailable
07-21 20:54:33.867 15386 15403 I vision.svplaye: Background concurrent copying GC freed 209534(6MB) AllocSpace objects, 0(0B) LOS objects, 19% free, 25MB/31MB, paused 195us total 296.198ms
07-21 20:54:34.814 15386 22786 I CameraManagerGlobal: Connecting to camera service
07-21 20:54:34.815 15386 22786 E CameraManagerGlobal: Camera service is unavailable
07-21 20:54:35.542 15386 15403 I vision.svplaye: Background concurrent copying GC freed 215708(6MB) AllocSpace objects, 0(0B) LOS objects, 19% free, 25MB/31MB, paused 220us total 289.523ms
07-21 20:54:35.815 15386 22786 I CameraManagerGlobal: Connecting to camera service
07-21 20:54:35.815 15386 22786 E CameraManagerGlobal: Camera service is unavailable
07-21 20:54:36.815 15386 22786 I CameraManagerGlobal: Connecting to camera service
07-21 20:54:36.816 15386 22786 E CameraManagerGlobal: Camera service is unavailable
07-21 20:54:37.194 15386 15403 I vision.svplaye: Background concurrent copying GC freed 211103(6MB) AllocSpace objects, 0(0B) LOS objects, 19% free, 25MB/31MB, paused 203us total 289.333ms
07-21 20:54:37.816 15386 22786 I CameraManagerGlobal: Connecting to camera service
07-21 20:54:37.816 15386 22786 E CameraManagerGlobal: Camera service is unavailable
07-21 20:54:38.817 15386 22786 I CameraManagerGlobal: Connecting to camera service
07-21 20:54:38.817 15386 22786 E CameraManagerGlobal: Camera service is unavailable
07-21 20:54:38.848 15386 15403 I vision.svplaye: Background concurrent copying GC freed 211384(6MB) AllocSpace objects, 0(0B) LOS objects, 19% free, 25MB/31MB, paused 224us total 292.136ms
07-21 20:54:39.817 15386 22786 I CameraManagerGlobal: Connecting to camera service
07-21 20:54:39.818 15386 22786 E CameraManagerGlobal: Camera service is unavailable
07-21 20:54:40.545 15386 15403 I vision.svplaye: Background concurrent copying GC freed 214674(6MB) AllocSpace objects, 0(0B) LOS objects, 19% free, 25MB/31MB, paused 330us total 297.576ms
07-21 20:54:40.818 15386 22786 I CameraManagerGlobal: Connecting to camera service
07-21 20:54:40.819 15386 22786 E CameraManagerGlobal: Camera service is unavailable
07-21 20:54:41.819 15386 22786 I CameraManagerGlobal: Connecting to camera service
07-21 20:54:41.819 15386 22786 E CameraManagerGlobal: Camera service is unavailable
07-21 20:54:42.196 15386 15403 I vision.svplaye: Background concurrent copying GC freed 211144(6MB) AllocSpace objects, 0(0B) LOS objects, 19% free, 25MB/31MB, paused 216us total 285.287ms
07-21 20:54:42.820 15386 22786 I CameraManagerGlobal: Connecting to camera service
07-21 20:54:42.820 15386 22786 E CameraManagerGlobal: Camera service is unavailable
07-21 20:54:43.820 15386 22786 I CameraManagerGlobal: Connecting to camera service
07-21 20:54:43.821 15386 22786 E CameraManagerGlobal: Camera service is unavailable
07-21 20:54:43.837 15386 15403 I vision.svplaye: Background concurrent copying GC freed 210905(6MB) AllocSpace objects, 0(0B) LOS objects, 19% free, 25MB/31MB, paused 213us total 276.659ms
07-21 20:54:44.821 15386 22786 I CameraManagerGlobal: Connecting to camera service
07-21 20:54:44.821 15386 22786 E CameraManagerGlobal: Camera service is unavailable
07-21 20:54:45.485 15386 15403 I vision.svplaye: Background concurrent copying GC freed 211671(6MB) AllocSpace objects, 0(0B) LOS objects, 19% free, 25MB/31MB, paused 214us total 273.729ms
07-21 20:54:45.821 15386 22786 I CameraManagerGlobal: Connecting to camera service
07-21 20:54:45.822 15386 22786 E CameraManagerGlobal: Camera service is unavailable
07-21 20:54:46.822 15386 22786 I CameraManagerGlobal: Connecting to camera service
07-21 20:54:46.823 15386 22786 E CameraManagerGlobal: Camera service is unavailable
07-21 20:54:46.977 15386 15415 I vision.svplaye: Waiting for a blocking GC ProfileSaver
07-21 20:54:47.103 15386 15403 I vision.svplaye: Background concurrent copying GC freed 208397(6MB) AllocSpace objects, 0(0B) LOS objects, 19% free, 25MB/31MB, paused 204us total 284.077ms
07-21 20:54:47.105 15386 15415 I vision.svplaye: WaitForGcToComplete blocked ProfileSaver on HeapTrim for 127.130ms
07-21 20:54:47.823 15386 22786 I CameraManagerGlobal: Connecting to camera service
07-21 20:54:47.823 15386 22786 E CameraManagerGlobal: Camera service is unavailable
07-21 20:54:48.824 15386 22786 I CameraManagerGlobal: Connecting to camera service
07-21 20:54:48.824 15386 22786 E CameraManagerGlobal: Camera service is unavailable
07-21 20:54:48.828 15386 15403 I vision.svplaye: Background concurrent copying GC freed 208968(6MB) AllocSpace objects, 0(0B) LOS objects, 19% free, 25MB/31MB, paused 190us total 312.229ms
07-21 20:54:49.826 15386 22786 I CameraManagerGlobal: Connecting to camera service
07-21 20:54:49.826 15386 22786 E CameraManagerGlobal: Camera service is unavailable
07-21 20:54:50.599 15386 15403 I vision.svplaye: Background concurrent copying GC freed 207195(6MB) AllocSpace objects, 0(0B) LOS objects, 19% free, 25MB/31MB, paused 221us total 308.645ms
07-21 20:54:50.826 15386 22786 I CameraManagerGlobal: Connecting to camera service
07-21 20:54:50.827 15386 22786 E CameraManagerGlobal: Camera service is unavailable
07-21 20:54:51.827 15386 22786 I CameraManagerGlobal: Connecting to camera service
07-21 20:54:51.828 15386 22786 E CameraManagerGlobal: Camera service is unavailable
07-21 20:54:52.250 15386 15403 I vision.svplaye: Background concurrent copying GC freed 208351(6MB) AllocSpace objects, 0(0B) LOS objects, 19% free, 25MB/31MB, paused 218us total 282.542ms
07-21 20:54:52.828 15386 22786 I CameraManagerGlobal: Connecting to camera service
07-21 20:54:52.828 15386 22786 E CameraManagerGlobal: Camera service is unavailable
07-21 20:54:53.828 15386 15403 I vision.svplaye: Background concurrent copying GC freed 214566(6MB) AllocSpace objects, 0(0B) LOS objects, 19% free, 25MB/31MB, paused 190us total 280.817ms
07-21 20:54:53.828 15386 22786 I CameraManagerGlobal: Connecting to camera service
07-21 20:54:53.829 15386 22786 E CameraManagerGlobal: Camera service is unavailable
07-21 20:54:54.829 15386 22786 I CameraManagerGlobal: Connecting to camera service
07-21 20:54:54.829 15386 22786 E CameraManagerGlobal: Camera service is unavailable
07-21 20:54:55.418 15386 15403 I vision.svplaye: Background concurrent copying GC freed 212619(6MB) AllocSpace objects, 0(0B) LOS objects, 19% free, 25MB/31MB, paused 189us total 292.020ms
07-21 20:54:55.830 15386 22786 I CameraManagerGlobal: Connecting to camera service
07-21 20:54:55.830 15386 22786 E CameraManagerGlobal: Camera service is unavailable
07-21 20:54:56.830 15386 22786 I CameraManagerGlobal: Connecting to camera service
07-21 20:54:56.831 15386 22786 E CameraManagerGlobal: Camera service is unavailable
07-21 20:54:56.995 15386 15403 I vision.svplaye: Background concurrent copying GC freed 216851(6MB) AllocSpace objects, 0(0B) LOS objects, 19% free, 25MB/31MB, paused 207us total 286.998ms
07-21 20:54:57.831 15386 22786 I CameraManagerGlobal: Connecting to camera service
07-21 20:54:57.832 15386 22786 E CameraManagerGlobal: Camera service is unavailable
07-21 20:54:58.616 15386 15403 I vision.svplaye: Background concurrent copying GC freed 215995(6MB) AllocSpace objects, 0(0B) LOS objects, 19% free, 25MB/31MB, paused 227us total 294.711ms
07-21 20:54:58.832 15386 22786 I CameraManagerGlobal: Connecting to camera service
07-21 20:54:58.832 15386 22786 E CameraManagerGlobal: Camera service is unavailable
07-21 20:54:59.832 15386 22786 I CameraManagerGlobal: Connecting to camera service
07-21 20:54:59.833 15386 22786 E CameraManagerGlobal: Camera service is unavailable
07-21 20:55:00.194 15386 15403 I vision.svplaye: Background concurrent copying GC freed 217275(6MB) AllocSpace objects, 0(0B) LOS objects, 19% free, 25MB/31MB, paused 184us total 289.961ms
07-21 20:55:00.833 15386 22786 I CameraManagerGlobal: Connecting to camera service
07-21 20:55:00.833 15386 22786 E CameraManagerGlobal: Camera service is unavailable
07-21 20:55:01.773 15386 15403 I vision.svplaye: Background concurrent copying GC freed 214898(6MB) AllocSpace objects, 0(0B) LOS objects, 19% free, 25MB/31MB, paused 188us total 286.823ms
07-21 20:55:01.834 15386 22786 I CameraManagerGlobal: Connecting to camera service
07-21 20:55:01.835 15386 22786 E CameraManagerGlobal: Camera service is unavailable
