--------- beginning of main
07-22 03:05:46.504 21761 21761 I Choreographer: Skipped 858 frames!  The application may be doing too much work on its main thread.
07-22 03:05:48.924 21761 21808 I OpenGLRenderer: Davey! duration=16737ms; Flags=1, IntendedVsync=14329647574717, Vsync=14343961889017, OldestInputEvent=9223372036854775807, NewestInputEvent=0, HandleInputStart=14343970373545, AnimationStart=14343970553161, PerformTraversalsStart=14345714258545, DrawStart=14345932427545, SyncQueued=14346334466853, SyncStart=14346340269238, IssueDrawCommandsStart=14346348080622, SwapBuffers=14346387066392, FrameCompleted=14346390502238, DequeueBufferDuration=3598000, QueueBufferDuration=771000, 
07-22 03:05:49.130 21761 21761 I SVHomeLoad: counts ready profile=de993c35 revision=0 live=13726 movies=26939 series=12036
07-22 03:05:49.242 21761 21761 I SVHomeLoad: continue ready profile=de993c35 revision=0
07-22 03:05:49.255 21761 21761 W SmartVisionAds: Rafraichissement du statut monetisation impossible
07-22 03:05:49.685 21761 21773 I vision.svplaye: NativeAlloc concurrent copying GC freed 93459(2MB) AllocSpace objects, 3(52KB) LOS objects, 40% free, 8MB/14MB, paused 826us total 227.314ms
07-22 03:05:49.990 21761 21773 I vision.svplaye: NativeAlloc concurrent copying GC freed 91772(1965KB) AllocSpace objects, 6(292KB) LOS objects, 43% free, 7MB/13MB, paused 173us total 208.183ms
07-22 03:05:50.260 21761 21773 I vision.svplaye: NativeAlloc concurrent copying GC freed 21174(402KB) AllocSpace objects, 0(0B) LOS objects, 42% free, 7MB/13MB, paused 1.474ms total 209.691ms
07-22 03:05:50.587 21761 21773 I vision.svplaye: NativeAlloc concurrent copying GC freed 16733(342KB) AllocSpace objects, 2(68KB) LOS objects, 40% free, 8MB/14MB, paused 166us total 199.987ms
07-22 03:05:51.144 21761 21808 I OpenGLRenderer: Davey! duration=2245ms; Flags=0, IntendedVsync=14346364482906, Vsync=14346798250006, OldestInputEvent=9223372036854775807, NewestInputEvent=0, HandleInputStart=14346799876546, AnimationStart=14346799929161, PerformTraversalsStart=14347847872007, DrawStart=14347848112469, SyncQueued=14348556112007, SyncStart=14348556181546, IssueDrawCommandsStart=14348556834315, SwapBuffers=14348608620007, FrameCompleted=14348610477238, DequeueBufferDuration=480000, QueueBufferDuration=1137000, 
07-22 03:05:51.212 21761 21761 I SmartVisionAds: Passage en FREE_WITH_ADS
07-22 03:05:51.213 21761 21761 I SmartVisionAds: Statut monetisation actuel: FREE_WITH_ADS
07-22 03:05:51.216 21761 21761 I Choreographer: Skipped 111 frames!  The application may be doing too much work on its main thread.
07-22 03:05:51.568 21761 21808 I OpenGLRenderer: Davey! duration=2219ms; Flags=0, IntendedVsync=14346814938311, Vsync=14348666790161, OldestInputEvent=9223372036854775807, NewestInputEvent=0, HandleInputStart=14348682568084, AnimationStart=14348682620392, PerformTraversalsStart=14348822312238, DrawStart=14348822538623, SyncQueued=14348850647084, SyncStart=14348850842161, IssueDrawCommandsStart=14348851545084, SwapBuffers=14349030999546, FrameCompleted=14349034502546, DequeueBufferDuration=310000, QueueBufferDuration=586000, 
07-22 03:05:51.777 21761 21804 I WM-WorkerWrapper: Worker result SUCCESS for Work [ id=cb68c669-c546-4cd1-86a1-25173b88894b, tags={ com.smartvision.svplayer.startup.PlaylistSyncWorker } ]
07-22 03:05:52.622 21761 21761 I SVHomeLoad: ready profile=de993c35 revision=0
07-22 03:05:52.623 21761 21761 I SVHomeLoad: trending ready profile=de993c35 revision=0
07-22 03:05:53.077 21761 21773 I vision.svplaye: NativeAlloc concurrent copying GC freed 129245(4MB) AllocSpace objects, 10(644KB) LOS objects, 41% free, 8MB/14MB, paused 206us total 154.821ms
07-22 03:05:53.363 21761 21768 I vision.svplaye: Compiler allocated 4MB to compile void com.smartvision.svplayer.ui.home.TrendingContentRowKt.TrendingPreviewCard(com.smartvision.svplayer.data.mock.ContinueItem, java.lang.String, boolean, kotlin.jvm.functions.Function0, androidx.compose.ui.Modifier, androidx.compose.ui.focus.FocusRequester, kotlin.jvm.functions.Function1, kotlin.jvm.functions.Function0, kotlin.jvm.functions.Function0, boolean, kotlin.jvm.functions.Function0, kotlin.jvm.functions.Function0, boolean, java.lang.String, com.smartvision.svplayer.ui.home.HomePreviewController, androidx.compose.runtime.Composer, int, int, int)
07-22 03:05:53.691 21761 21773 I vision.svplaye: NativeAlloc concurrent copying GC freed 59324(1781KB) AllocSpace objects, 12(240KB) LOS objects, 43% free, 7MB/13MB, paused 167us total 271.523ms
07-22 03:05:54.162 21761 21808 I OpenGLRenderer: Davey! duration=1660ms; Flags=0, IntendedVsync=14349968139162, Vsync=14350101605962, OldestInputEvent=9223372036854775807, NewestInputEvent=0, HandleInputStart=14350103670930, AnimationStart=14350103704700, PerformTraversalsStart=14350269701546, DrawStart=14350269926161, SyncQueued=14351598080700, SyncStart=14351598177777, IssueDrawCommandsStart=14351599293238, SwapBuffers=14351627115854, FrameCompleted=14351628637392, DequeueBufferDuration=1048000, QueueBufferDuration=495000, 
07-22 03:05:54.249 21761 21761 I Choreographer: Skipped 95 frames!  The application may be doing too much work on its main thread.
07-22 03:05:54.643 21761 21808 I OpenGLRenderer: Davey! duration=1990ms; Flags=0, IntendedVsync=14350118322700, Vsync=14351703240950, OldestInputEvent=9223372036854775807, NewestInputEvent=0, HandleInputStart=14351715259007, AnimationStart=14351715382392, PerformTraversalsStart=14352003324700, DrawStart=14352003682238, SyncQueued=14352097320469, SyncStart=14352097500315, IssueDrawCommandsStart=14352098449392, SwapBuffers=14352107935469, FrameCompleted=14352109378469, DequeueBufferDuration=564000, QueueBufferDuration=540000, 
07-22 03:05:56.005 21761 21761 I SVHomeLoad: continue ready profile=de993c35 revision=0
07-22 03:05:56.657 21761 21773 I vision.svplaye: NativeAlloc concurrent copying GC freed 85926(3MB) AllocSpace objects, 10(200KB) LOS objects, 40% free, 8MB/14MB, paused 337us total 312.706ms
07-22 03:05:56.696 21761 21768 I vision.svplaye: Compiler allocated 4MB to compile void com.smartvision.svplayer.ui.home.ContentProgressCardKt.ContentProgressCard(com.smartvision.svplayer.data.mock.ContinueItem, java.lang.String, kotlin.jvm.functions.Function0, androidx.compose.ui.Modifier, androidx.compose.ui.focus.FocusRequester, kotlin.jvm.functions.Function0, kotlin.jvm.functions.Function1, kotlin.jvm.functions.Function0, kotlin.jvm.functions.Function0, boolean, kotlin.jvm.functions.Function0, kotlin.jvm.functions.Function0, boolean, java.lang.String, java.lang.String, boolean, java.lang.String, com.smartvision.svplayer.ui.home.HomePreviewController, androidx.compose.runtime.Composer, int, int, int)
07-22 03:05:56.812 21761 21761 I Choreographer: Skipped 47 frames!  The application may be doing too much work on its main thread.
07-22 03:05:56.836 21761 21808 I OpenGLRenderer: Davey! duration=896ms; Flags=0, IntendedVsync=14353405022054, Vsync=14353471755454, OldestInputEvent=9223372036854775807, NewestInputEvent=0, HandleInputStart=14353475919238, AnimationStart=14353475967007, PerformTraversalsStart=14353606131854, DrawStart=14353606472777, SyncQueued=14354258238238, SyncStart=14354258408315, IssueDrawCommandsStart=14354259449931, SwapBuffers=14354300549854, FrameCompleted=14354302101008, DequeueBufferDuration=370000, QueueBufferDuration=622000, 
07-22 03:05:56.908 21761 21808 I OpenGLRenderer: Davey! duration=885ms; Flags=0, IntendedVsync=14353488361868, Vsync=14354272479318, OldestInputEvent=9223372036854775807, NewestInputEvent=0, HandleInputStart=14354278385931, AnimationStart=14354278436084, PerformTraversalsStart=14354326719238, DrawStart=14354327056238, SyncQueued=14354360445392, SyncStart=14354360581623, IssueDrawCommandsStart=14354361526931, SwapBuffers=14354372821469, FrameCompleted=14354374094623, DequeueBufferDuration=499000, QueueBufferDuration=385000, 
07-22 03:05:58.307 21761 21773 I vision.svplaye: Background concurrent copying GC freed 174502(5MB) AllocSpace objects, 12(240KB) LOS objects, 40% free, 8MB/14MB, paused 189us total 132.598ms
07-22 03:05:59.335 21761 21773 I vision.svplaye: Background concurrent copying GC freed 191380(5MB) AllocSpace objects, 0(0B) LOS objects, 39% free, 9MB/15MB, paused 168us total 131.058ms
07-22 03:06:00.642 21761 21773 I vision.svplaye: Background concurrent copying GC freed 190630(5MB) AllocSpace objects, 0(0B) LOS objects, 39% free, 9MB/15MB, paused 169us total 133.743ms
07-22 03:06:01.732 21761 21773 I vision.svplaye: Background concurrent copying GC freed 195903(6MB) AllocSpace objects, 0(0B) LOS objects, 39% free, 9MB/15MB, paused 179us total 132.761ms
07-22 03:06:03.084 21761 21773 I vision.svplaye: Background concurrent copying GC freed 194561(6MB) AllocSpace objects, 0(0B) LOS objects, 39% free, 9MB/15MB, paused 190us total 161.708ms
07-22 03:06:04.604 21761 21773 I vision.svplaye: Background concurrent copying GC freed 194674(6MB) AllocSpace objects, 0(0B) LOS objects, 39% free, 9MB/15MB, paused 280us total 166.716ms
07-22 03:06:06.079 21761 21773 I vision.svplaye: Background concurrent copying GC freed 193090(5MB) AllocSpace objects, 0(0B) LOS objects, 39% free, 9MB/15MB, paused 223us total 139.252ms
07-22 03:06:07.366 21761 21773 I vision.svplaye: Background concurrent copying GC freed 195811(6MB) AllocSpace objects, 0(0B) LOS objects, 39% free, 9MB/15MB, paused 169us total 129.650ms
07-22 03:06:08.348 21761 21773 I vision.svplaye: Background concurrent copying GC freed 198272(6MB) AllocSpace objects, 0(0B) LOS objects, 39% free, 9MB/15MB, paused 152us total 132.375ms
07-22 03:06:09.345 21761 21773 I vision.svplaye: Background concurrent copying GC freed 198044(6MB) AllocSpace objects, 0(0B) LOS objects, 39% free, 9MB/15MB, paused 156us total 134.436ms
07-22 03:06:10.316 21761 21773 I vision.svplaye: Background concurrent copying GC freed 198011(6MB) AllocSpace objects, 0(0B) LOS objects, 39% free, 9MB/15MB, paused 168us total 126.908ms
07-22 03:06:11.288 21761 21773 I vision.svplaye: Background concurrent copying GC freed 196317(6MB) AllocSpace objects, 0(0B) LOS objects, 39% free, 9MB/15MB, paused 184us total 137.127ms
07-22 03:06:12.337 21761 21773 I vision.svplaye: Background concurrent copying GC freed 195656(5MB) AllocSpace objects, 0(0B) LOS objects, 39% free, 9MB/15MB, paused 198us total 139.989ms
07-22 03:06:13.514 21761 21773 I vision.svplaye: Background concurrent copying GC freed 197873(6MB) AllocSpace objects, 0(0B) LOS objects, 39% free, 9MB/15MB, paused 185us total 147.282ms
07-22 03:06:14.681 21761 21773 I vision.svplaye: Background concurrent copying GC freed 195832(5MB) AllocSpace objects, 0(0B) LOS objects, 39% free, 9MB/15MB, paused 197us total 133.494ms
07-22 03:06:15.908 21761 21773 I vision.svplaye: Background concurrent copying GC freed 198805(6MB) AllocSpace objects, 0(0B) LOS objects, 39% free, 9MB/15MB, paused 157us total 231.568ms
07-22 03:06:17.322 21761 21773 I vision.svplaye: Background concurrent copying GC freed 199512(6MB) AllocSpace objects, 1(20KB) LOS objects, 39% free, 9MB/15MB, paused 181us total 131.205ms
07-22 03:06:18.333 21761 21773 I vision.svplaye: Background concurrent copying GC freed 193942(6MB) AllocSpace objects, 0(0B) LOS objects, 39% free, 9MB/15MB, paused 164us total 130.389ms
07-22 03:06:19.303 21761 21773 I vision.svplaye: Background concurrent copying GC freed 196514(6MB) AllocSpace objects, 0(0B) LOS objects, 39% free, 9MB/15MB, paused 171us total 136.112ms
07-22 03:06:20.257 21761 21773 I vision.svplaye: Background concurrent copying GC freed 197287(6MB) AllocSpace objects, 0(0B) LOS objects, 39% free, 9MB/15MB, paused 312us total 127.764ms
07-22 03:06:21.200 21761 21773 I vision.svplaye: Background concurrent copying GC freed 195584(6MB) AllocSpace objects, 0(0B) LOS objects, 39% free, 9MB/15MB, paused 177us total 127.916ms
07-22 03:06:22.203 21761 21773 I vision.svplaye: Background concurrent copying GC freed 195467(6MB) AllocSpace objects, 0(0B) LOS objects, 39% free, 9MB/15MB, paused 173us total 127.284ms
07-22 03:06:23.159 21761 21773 I vision.svplaye: Background concurrent copying GC freed 196929(6MB) AllocSpace objects, 0(0B) LOS objects, 39% free, 9MB/15MB, paused 187us total 132.172ms
07-22 03:06:24.116 21761 21773 I vision.svplaye: Background concurrent copying GC freed 196545(6MB) AllocSpace objects, 0(0B) LOS objects, 39% free, 9MB/15MB, paused 237us total 133.181ms
07-22 03:06:25.078 21761 21773 I vision.svplaye: Background concurrent copying GC freed 195478(6MB) AllocSpace objects, 0(0B) LOS objects, 39% free, 9MB/15MB, paused 193us total 131.057ms
07-22 03:06:26.033 21761 21773 I vision.svplaye: Background concurrent copying GC freed 196081(6MB) AllocSpace objects, 0(0B) LOS objects, 39% free, 9MB/15MB, paused 278us total 132.785ms
07-22 03:06:27.013 21761 21773 I vision.svplaye: Background concurrent copying GC freed 197214(6MB) AllocSpace objects, 0(0B) LOS objects, 39% free, 9MB/15MB, paused 208us total 133.375ms
07-22 03:06:27.981 21761 21773 I vision.svplaye: Background concurrent copying GC freed 197230(6MB) AllocSpace objects, 0(0B) LOS objects, 39% free, 9MB/15MB, paused 169us total 132.519ms
07-22 03:06:28.963 21761 21773 I vision.svplaye: Background concurrent copying GC freed 196128(6MB) AllocSpace objects, 0(0B) LOS objects, 39% free, 9MB/15MB, paused 179us total 133.228ms
07-22 03:06:29.939 21761 21773 I vision.svplaye: Background concurrent copying GC freed 195471(6MB) AllocSpace objects, 0(0B) LOS objects, 39% free, 9MB/15MB, paused 183us total 129.482ms
07-22 03:06:30.891 21761 21773 I vision.svplaye: Background concurrent copying GC freed 196421(6MB) AllocSpace objects, 0(0B) LOS objects, 39% free, 9MB/15MB, paused 181us total 127.114ms
07-22 03:06:31.852 21761 21773 I vision.svplaye: Background concurrent copying GC freed 196306(6MB) AllocSpace objects, 0(0B) LOS objects, 39% free, 9MB/15MB, paused 163us total 127.564ms
07-22 03:06:32.797 21761 21773 I vision.svplaye: Background concurrent copying GC freed 194991(6MB) AllocSpace objects, 0(0B) LOS objects, 39% free, 9MB/15MB, paused 146us total 127.254ms
07-22 03:06:33.820 21761 21773 I vision.svplaye: Background concurrent copying GC freed 197189(6MB) AllocSpace objects, 0(0B) LOS objects, 39% free, 9MB/15MB, paused 503us total 143.396ms
07-22 03:06:35.134 21761 21773 I vision.svplaye: Background concurrent copying GC freed 196834(6MB) AllocSpace objects, 0(0B) LOS objects, 39% free, 9MB/15MB, paused 181us total 207.920ms
07-22 03:06:35.138 21761 22747 W AmazonKeyEventLogging: remote_perf key event latency detected [Source: ViewRootImpl, KeyCode: KEYCODE_XXXX, IsDown: 1, Repeat: 0, EventTime: 14392298, Latency: 243, DeviceId: -1, AppPackage: com.smartvision.svplayer]
07-22 03:06:35.178 21761 22747 W AmazonKeyEventLogging: remote_perf key event latency detected [Source: ViewRootImpl, KeyCode: KEYCODE_XXXX, IsDown: 0, Repeat: 0, EventTime: 14392298, Latency: 345, DeviceId: -1, AppPackage: com.smartvision.svplayer]
07-22 03:06:35.886 21761 21773 I vision.svplaye: NativeAlloc concurrent copying GC freed 27908(1086KB) AllocSpace objects, 0(0B) LOS objects, 40% free, 8MB/14MB, paused 177us total 215.870ms
07-22 03:06:36.074 21761 21808 I OpenGLRenderer: Davey! duration=962ms; Flags=0, IntendedVsync=14392577821327, Vsync=14392644554727, OldestInputEvent=14392298000000, NewestInputEvent=14392298000000, HandleInputStart=14392647859702, AnimationStart=14392647896548, PerformTraversalsStart=14392929361548, DrawStart=14392945334548, SyncQueued=14392967331010, SyncStart=14392967467164, IssueDrawCommandsStart=14392968314471, SwapBuffers=14393532242241, FrameCompleted=14393539963779, DequeueBufferDuration=464000, QueueBufferDuration=6960000, 
07-22 03:06:36.082 21761 21761 I Choreographer: Skipped 33 frames!  The application may be doing too much work on its main thread.
07-22 03:06:36.172 21761 21808 I OpenGLRenderer: Davey! duration=727ms; Flags=0, IntendedVsync=14392661261808, Vsync=14392978245458, OldestInputEvent=9223372036854775807, NewestInputEvent=0, HandleInputStart=14392982692779, AnimationStart=14392982736087, PerformTraversalsStart=14393208332625, DrawStart=14393208786394, SyncQueued=14393291255087, SyncStart=14393540376548, IssueDrawCommandsStart=14393541335856, SwapBuffers=14393571016394, FrameCompleted=14393638265779, DequeueBufferDuration=258000, QueueBufferDuration=66580000, 
07-22 03:06:38.274 21761 21773 I vision.svplaye: Background concurrent copying GC freed 191193(6MB) AllocSpace objects, 0(0B) LOS objects, 39% free, 9MB/15MB, paused 214us total 133.249ms
07-22 03:06:40.708 21761 21773 I vision.svplaye: Background concurrent copying GC freed 191512(6MB) AllocSpace objects, 0(0B) LOS objects, 39% free, 9MB/15MB, paused 173us total 214.692ms
07-22 03:06:42.516 21761 21773 I vision.svplaye: Background concurrent copying GC freed 202283(6MB) AllocSpace objects, 0(0B) LOS objects, 40% free, 8MB/14MB, paused 228us total 161.090ms
07-22 03:06:44.323 21761 21773 I vision.svplaye: Background concurrent copying GC freed 196511(6MB) AllocSpace objects, 0(0B) LOS objects, 40% free, 8MB/14MB, paused 158us total 138.944ms
07-22 03:06:44.332 21761 21771 W MediaPlayer-JNI: MediaPlayer finalized without being released
07-22 03:06:46.125 21761 21773 I vision.svplaye: Background concurrent copying GC freed 194008(5MB) AllocSpace objects, 0(0B) LOS objects, 40% free, 8MB/14MB, paused 193us total 128.449ms
07-22 03:06:47.933 21761 21773 I vision.svplaye: Background concurrent copying GC freed 195023(5MB) AllocSpace objects, 0(0B) LOS objects, 41% free, 8MB/14MB, paused 171us total 126.184ms
07-22 03:06:49.772 21761 21773 I vision.svplaye: Background concurrent copying GC freed 195900(6MB) AllocSpace objects, 0(0B) LOS objects, 40% free, 8MB/14MB, paused 168us total 127.354ms
07-22 03:06:51.586 21761 21773 I vision.svplaye: Background concurrent copying GC freed 195427(5MB) AllocSpace objects, 0(0B) LOS objects, 40% free, 8MB/14MB, paused 204us total 131.037ms
