07-22 12:28:27.930 12737 12756 I com.amazon.diode/ClientToCentralTrustLogicImpl: Current package is: com.amazon.diode. Directly trust central package: com.amazon.imp, since it is system MAP library
07-22 12:28:27.931 12737 12737 I com.amazon.diode.DiodeApplication: Registered receiver: com.amazon.diode.receivers.ActionReceiver@45d385f with filter: android.content.IntentFilter@b5822ac for intent : com.amazon.diode.intent.ACTION
07-22 12:28:27.933 12737 12737 I com.amazon.diode.registration.Analyzers: Registered receiver: com.amazon.diode.events.ConnectivityChangeEventReceiver@87abd98 with filter: android.content.IntentFilter@d9739f1 for intent : Intent { act=android.net.conn.CONNECTIVITY_CHANGE flg=0x4200010 (has extras) }
07-22 12:28:27.933 12737 12756 I com.amazon.diode/ClientToCentralTrustLogicImpl: Current package is: com.amazon.diode. Directly trust central package: com.amazon.imp, since it is system MAP library
07-22 12:28:27.935 12737 12756 I com.amazon.diode/IsolatedModeSwitcher: App does not support client driven runtime isolation.
07-22 12:28:27.958 12737 12737 I com.amazon.diode.events.CaptivePortalEventManager: Registered Captive Portal check for FireOS 6
07-22 12:28:27.967 12737 12756 I com.amazon.diode/AmazonSerialNumber: MAP Client side on FireOS 7+ calls IPC to get the DSN.
07-22 12:28:27.973  1045  2272 I com.amazon.imp/SSODeviceInfo[0]: Amazon Device Info will try to get central device serial
07-22 12:28:27.973  1045  2272 I com.amazon.imp/AmazonDeviceSecurityFactoryImpl[0]: Use device hardware auth.
07-22 12:28:27.978 12737 12756 I com.amazon.diode/LocalKeyValueStore: Create DE shared preference, OS supports direct boot.
07-22 12:28:27.983 12737 12756 I chatty  : uid=10048(com.amazon.diode) identical 6 lines
07-22 12:28:27.986 12737 12756 I com.amazon.diode/LocalKeyValueStore: Create DE shared preference, OS supports direct boot.
07-22 12:28:28.003 12737 12737 I com.amazon.diode.events.ConnectivityChangeEventReceiver: Got external Connectivity event
07-22 12:28:28.045 12737 12756 I com.amazon.diode/ClientToCentralTrustLogicImpl: Current package is: com.amazon.diode. Directly trust central package: com.amazon.imp, since it is system MAP library
07-22 12:28:28.048 12737 12756 I com.amazon.diode/ClientToCentralTrustLogicImpl: Current package is: com.amazon.diode. Directly trust central package: com.amazon.imp, since it is system MAP library
07-22 12:28:28.050 12737 12756 I com.amazon.diode/MAPInitTasks: Start update legacy authportal domain in database if needed
07-22 12:28:28.056 12737 12756 I om.amazon.diod: Rejecting re-init on previously-failed class java.lang.Class<com.amazon.identity.auth.device.framework.LWASSOPluginHelper$LWASSODependencyImpl>: java.lang.NoClassDefFoundError: Failed resolution of: Lcom/amazon/identity/mobi/lwasso/api/LWASSODependency;
07-22 12:28:28.056 12737 12756 I om.amazon.diod:   at void com.amazon.identity.auth.device.framework.MAPInitTasks.performInitOperations() (MAPInitTasks.java:125)
07-22 12:28:28.056 12737 12756 I om.amazon.diod:   at void com.amazon.identity.auth.device.api.MAPInit$2.run() (MAPInit.java:1)
07-22 12:28:28.056 12737 12756 I om.amazon.diod:   at void com.amazon.identity.auth.device.utils.ThreadUtils$1.run() (ThreadUtils.java:2)
07-22 12:28:28.056 12737 12756 I om.amazon.diod:   at void java.util.concurrent.ThreadPoolExecutor.runWorker(java.util.concurrent.ThreadPoolExecutor$Worker) (ThreadPoolExecutor.java:1167)
07-22 12:28:28.056 12737 12756 I om.amazon.diod:   at void java.util.concurrent.ThreadPoolExecutor$Worker.run() (ThreadPoolExecutor.java:641)
07-22 12:28:28.056 12737 12756 I om.amazon.diod:   at void java.lang.Thread.run() (Thread.java:764)
07-22 12:28:28.056 12737 12756 I om.amazon.diod: Caused by: java.lang.ClassNotFoundException: Didn't find class "com.amazon.identity.mobi.lwasso.api.LWASSODependency" on path: DexPathList[[zip file "/system/framework/com.amazon.identity.auth.device.jar", zip file "/system/priv-app/DeviceSoftwareOTAContracts/DeviceSoftwareOTAContracts.apk", zip file "/system/priv-app/com.amazon.communication/com.amazon.communication.apk", zip file "/system/priv-app/DeviceMessagingAndroidInternalSDK/DeviceMessagingAndroidInternalSDK.apk", zip file "/system/priv-app/MinervaApi/MinervaApi.apk", zip file "/system/framework/connectivity_manager_api.jar", zip file "/system/framework/org.apache.http.legacy.boot.jar", zip file "/system/priv-app/DeviceClientPlatformContractsFramework/DeviceClientPlatformContractsFramework.apk", zip file "/system/priv-app/com.amazon.diode/com.amazon.diode.apk"],nativeLibraryDirectories=[/system/priv-app/com.amazon.diode/lib/arm, /system/lib, /system/lib]]
07-22 12:28:28.056 12737 12756 I om.amazon.diod:   at java.lang.Class dalvik.system.BaseDexClassLoader.findClass(java.lang.String) (BaseDexClassLoader.java:134)
07-22 12:28:28.056 12737 12756 I om.amazon.diod:   at java.lang.Class java.lang.ClassLoader.loadClass(java.lang.String, boolean) (ClassLoader.java:379)
07-22 12:28:28.056 12737 12756 I om.amazon.diod:   at java.lang.Class java.lang.ClassLoader.loadClass(java.lang.String) (ClassLoader.java:312)
07-22 12:28:28.056 12737 12756 I om.amazon.diod:   at void com.amazon.identity.auth.device.framework.MAPInitTasks.performInitOperations() (MAPInitTasks.java:125)
07-22 12:28:28.056 12737 12756 I om.amazon.diod:   at void com.amazon.identity.auth.device.api.MAPInit$2.run() (MAPInit.java:1)
07-22 12:28:28.056 12737 12756 I om.amazon.diod:   at void com.amazon.identity.auth.device.utils.ThreadUtils$1.run() (ThreadUtils.java:2)
07-22 12:28:28.056 12737 12756 I om.amazon.diod:   at void java.util.concurrent.ThreadPoolExecutor.runWorker(java.util.concurrent.ThreadPoolExecutor$Worker) (ThreadPoolExecutor.java:1167)
07-22 12:28:28.056 12737 12756 I om.amazon.diod:   at void java.util.concurrent.ThreadPoolExecutor$Worker.run() (ThreadPoolExecutor.java:641)
07-22 12:28:28.056 12737 12756 I om.amazon.diod:   at void java.lang.Thread.run() (Thread.java:764)
07-22 12:28:28.056 12737 12756 I om.amazon.diod: 
07-22 12:28:28.056 12737 12767 I com.amazon.diode.events.EventSaverService: Got external event for client CaptivePortalEventStore
07-22 12:28:28.056 12737 12756 I om.amazon.diod: Rejecting re-init on previously-failed class java.lang.Class<com.amazon.identity.auth.device.framework.LWASSOPluginHelper$LWASSODependencyImpl>: java.lang.NoClassDefFoundError: Failed resolution of: Lcom/amazon/identity/mobi/lwasso/api/LWASSODependency;
07-22 12:28:28.056 12737 12756 I om.amazon.diod:   at void com.amazon.identity.auth.device.framework.MAPInitTasks.performInitOperations() (MAPInitTasks.java:125)
07-22 12:28:28.056 12737 12756 I om.amazon.diod:   at void com.amazon.identity.auth.device.api.MAPInit$2.run() (MAPInit.java:1)
07-22 12:28:28.056 12737 12756 I om.amazon.diod:   at void com.amazon.identity.auth.device.utils.ThreadUtils$1.run() (ThreadUtils.java:2)
07-22 12:28:28.056 12737 12756 I om.amazon.diod:   at void java.util.concurrent.ThreadPoolExecutor.runWorker(java.util.concurrent.ThreadPoolExecutor$Worker) (ThreadPoolExecutor.java:1167)
07-22 12:28:28.056 12737 12756 I om.amazon.diod:   at void java.util.concurrent.ThreadPoolExecutor$Worker.run() (ThreadPoolExecutor.java:641)
07-22 12:28:28.056 12737 12756 I om.amazon.diod:   at void java.lang.Thread.run() (Thread.java:764)
07-22 12:28:28.056 12737 12756 I om.amazon.diod: Caused by: java.lang.ClassNotFoundException: Didn't find class "com.amazon.identity.mobi.lwasso.api.LWASSODependency" on path: DexPathList[[zip file "/system/framework/com.amazon.identity.auth.device.jar", zip file "/system/priv-app/DeviceSoftwareOTAContracts/DeviceSoftwareOTAContracts.apk", zip file "/system/priv-app/com.amazon.communication/com.amazon.communication.apk", zip file "/system/priv-app/DeviceMessagingAndroidInternalSDK/DeviceMessagingAndroidInternalSDK.apk", zip file "/system/priv-app/MinervaApi/MinervaApi.apk", zip file "/system/framework/connectivity_manager_api.jar", zip file "/system/framework/org.apache.http.legacy.boot.jar", zip file "/system/priv-app/DeviceClientPlatformContractsFramework/DeviceClientPlatformContractsFramework.apk", zip file "/system/priv-app/com.amazon.diode/com.amazon.diode.apk"],nativeLibraryDirectories=[/system/priv-app/com.amazon.diode/lib/arm, /system/lib, /system/lib]]
07-22 12:28:28.056 12737 12756 I om.amazon.diod:   at java.lang.Class dalvik.system.BaseDexClassLoader.findClass(java.lang.String) (BaseDexClassLoader.java:134)
07-22 12:28:28.056 12737 12756 I om.amazon.diod:   at java.lang.Class java.lang.ClassLoader.loadClass(java.lang.String, boolean) (ClassLoader.java:379)
07-22 12:28:28.056 12737 12756 I om.amazon.diod:   at java.lang.Class java.lang.ClassLoader.loadClass(java.lang.String) (ClassLoader.java:312)
07-22 12:28:28.056 12737 12756 I om.amazon.diod:   at void com.amazon.identity.auth.device.framework.MAPInitTasks.performInitOperations() (MAPInitTasks.java:125)
07-22 12:28:28.056 12737 12756 I om.amazon.diod:   at void com.amazon.identity.auth.device.api.MAPInit$2.run() (MAPInit.java:1)
07-22 12:28:28.056 12737 12756 I om.amazon.diod:   at void com.amazon.identity.auth.device.utils.ThreadUtils$1.run() (ThreadUtils.java:2)
07-22 12:28:28.056 12737 12756 I om.amazon.diod:   at void java.util.concurrent.ThreadPoolExecutor.runWorker(java.util.concurrent.ThreadPoolExecutor$Worker) (ThreadPoolExecutor.java:1167)
07-22 12:28:28.056 12737 12756 I om.amazon.diod:   at void java.util.concurrent.ThreadPoolExecutor$Worker.run() (ThreadPoolExecutor.java:641)
07-22 12:28:28.056 12737 12756 I om.amazon.diod:   at void java.lang.Thread.run() (Thread.java:764)
07-22 12:28:28.056 12737 12756 I om.amazon.diod: 
07-22 12:28:28.057 12737 12756 W com.amazon.diode/WhatsAppAutoreadPluginHelper: WhatsAppAutoreadPlugin is not supported for this package: com.amazon.diode
07-22 12:28:28.078 12737 12759 I com.amazonaws.mobileconnectors.remoteconfiguration.clientcontextdecorator.RemoteConfigurationAAugmenting ARCUS client context with system attributes
07-22 12:28:28.191 12737 12767 W com.amazon.diode.store.FIFOFile: Overwriting 1 elements to make room in store CaptivePortalEventStore
07-22 12:28:28.199 12737 12767 I com.amazon.diode.events.EventSaverService: Got external event for client WifiDiagsUtil
07-22 12:28:28.203 12737 12767 W com.amazon.diode.store.FIFOFile: Overwriting 1 elements to make room in store WifiDiagsUtil
07-22 12:28:28.720   534   545 I ActivityManager: Process com.amazon.diode (pid 12737) has died: cch+1CEM 
07-22 12:28:28.721   534   555 W libprocessgroup: kill(-12737, 9) failed: No such process
07-22 12:28:28.725   272   272 I Zygote  : Process 12737 exited due to signal 9 (Killed)
07-22 12:28:28.765   534   555 W libprocessgroup: kill(-12737, 9) failed: No such process
07-22 12:28:28.765   534   555 I libprocessgroup: Successfully killed process cgroup uid 10048 pid 12737 in 44ms
07-22 12:28:28.793   367   367 W ServiceManagement: Waited one second for android.hardware.camera.provider@2.4::ICameraProvider/external/0
07-22 12:28:28.794   367   367 I ServiceManagement: getService: Trying again for android.hardware.camera.provider@2.4::ICameraProvider/external/0...
07-22 12:28:29.363   386   452 E storaged: getDiskStats failed with result NOT_SUPPORTED and size 0
07-22 12:28:29.794   367   367 W ServiceManagement: Waited one second for android.hardware.camera.provider@2.4::ICameraProvider/external/0
07-22 12:28:29.795   367   367 I ServiceManagement: getService: Trying again for android.hardware.camera.provider@2.4::ICameraProvider/external/0...
07-22 12:28:29.955 12775 12775 W app_process: Could not reserve sentinel fault page
07-22 12:28:30.341 12775 12775 I app_process: The ClassLoaderContext is a special shared library.
07-22 12:28:30.346 12775 12775 I app_process: The ClassLoaderContext is a special shared library.
07-22 12:28:30.348 12775 12778 I app_process: Bumping SignalCatcher priority from 5 to 10
07-22 12:28:30.795   367   367 W ServiceManagement: Waited one second for android.hardware.camera.provider@2.4::ICameraProvider/external/0
07-22 12:28:30.796   367   367 I ServiceManagement: getService: Trying again for android.hardware.camera.provider@2.4::ICameraProvider/external/0...
07-22 12:28:31.088  2889  3447 I Firebat : TTS is disabled due to no spoken feedback service enabled
07-22 12:28:31.301  1327  1600 I HandlerScheduler: Executing job - jobId: 10, currentTime: 1784716111301
07-22 12:28:31.301  1327  1600 I MinervaServiceManager: flushAllBatches - Flushing all pending batches;
07-22 12:28:31.302  1327  1600 I BatchCreatorManager: flushAllBatches - Flushing all pending batches for transmission;
07-22 12:28:31.302  1327  1600 I BatchCreator: enqueueBatchForTransmission - enqueueBatchForTransmission;
07-22 12:28:31.316  1327  1600 I MetricsTransmissionManager: loadMetricBatches, number of KPI batch file loaded: 1
07-22 12:28:31.316  1327  1600 I MetricsTransmissionManager: transmitMetricBatches, storageManager(before execute): com.amazon.minerva.service.storage.BatchRootDirectory@dea9bda
07-22 12:28:31.316  1327  1600 I MetricsTransmissionManager: com.amazon.minerva.service.storage.BatchRootDirectory@cfcf80b
07-22 12:28:31.316  1327 11636 I MetricsTransmissionManager: transmitKPIMetricBatch started
07-22 12:28:31.318   534   920 I WifiService: acquireWifiLock uid=10006 lockMode=3
07-22 12:28:31.322  1327  1600 I MetricsTransmissionManager: loadMetricBatches, number of metrics batch file loaded: 5
07-22 12:28:31.322  1327  1600 I HandlerScheduler: Scheduling next run - jobId: 10, nextRunTime: 1784716591322
07-22 12:28:31.355  1045 12789 I com.amazon.imp/TokenJobQueue[0]: Begin executing task GetToken:com.amazon.client.metrics/com.amazon.dcp.sso.token.oauth.amazon.access_token
07-22 12:28:31.356  1045 12789 I com.amazon.imp/TokenJobQueue[0]: Scheduled running concurrent job GetToken:com.amazon.client.metrics/com.amazon.dcp.sso.token.oauth.amazon.access_token.
07-22 12:28:31.356  1045 12790 I com.amazon.imp/MAPApplicationInformationQueryer[0]: Populate change for remote MAP info.
07-22 12:28:31.356  1045 12790 I com.amazon.imp/MAPApplicationInformationQueryer[0]: CacheContainsPartialResults? true
07-22 12:28:31.359  1045 12790 I com.amazon.imp/TokenJobQueue[0]: Finish executing task GetToken:com.amazon.client.metrics/com.amazon.dcp.sso.token.oauth.amazon.access_token.
07-22 12:28:31.584  1327 11636 E System  : TRACE Starting certificate trust
07-22 12:28:31.756  1369  1369 I main.wifi_score: dump_wifi_score_ctxt(): is2g=0, is11ac=1, is11ax=0, chan_bw=80, nss=2, bcn_rssi=-42, data_rssi=-45, tx_ok=18945, tx_failed=384, cca_idle_pct=93
07-22 12:28:31.756  1369  1369 I main.wifi_score: dump_wifi_score_ctxt(): last_tx_stats: sgi=0, pream=2, mcs=9, ss=2, bw=2
07-22 12:28:31.796   367   367 W ServiceManagement: Waited one second for android.hardware.camera.provider@2.4::ICameraProvider/external/0
07-22 12:28:31.798   367   367 I ServiceManagement: getService: Trying again for android.hardware.camera.provider@2.4::ICameraProvider/external/0...
07-22 12:28:31.811  1327 11636 I MetricsTransporter: MetricsTransporter - Successfully uploaded metrics; code: 200, message: OK;
07-22 12:28:31.817   534   920 I WifiService: releaseWifiLock uid=10006
07-22 12:28:31.818  1327 11636 I MetricsTransmissionManager: Transmission succeeded.
07-22 12:28:31.819  1327 11636 I MetricsTransmissionManager: transmitKPIMetricBatch finished
07-22 12:28:31.819  1327 11636 I MetricsTransmissionManager: transmitMetricBatches started
07-22 12:28:31.821   534   920 I WifiService: acquireWifiLock uid=10006 lockMode=3
07-22 12:28:31.829  1045 12789 I com.amazon.imp/TokenJobQueue[0]: Begin executing task GetToken:com.amazon.client.metrics/com.amazon.dcp.sso.token.oauth.amazon.access_token
07-22 12:28:31.829  1045 12789 I com.amazon.imp/TokenJobQueue[0]: Scheduled running concurrent job GetToken:com.amazon.client.metrics/com.amazon.dcp.sso.token.oauth.amazon.access_token.
07-22 12:28:31.830  1045 12790 I com.amazon.imp/MAPApplicationInformationQueryer[0]: Populate change for remote MAP info.
07-22 12:28:31.830  1045 12790 I com.amazon.imp/MAPApplicationInformationQueryer[0]: CacheContainsPartialResults? true
07-22 12:28:31.835  1045 12790 I com.amazon.imp/TokenJobQueue[0]: Finish executing task GetToken:com.amazon.client.metrics/com.amazon.dcp.sso.token.oauth.amazon.access_token.
07-22 12:28:31.843 12775 12775 W AccessibilityNodeInfoDumper: Fetch time: 34ms
07-22 12:28:31.846   534   920 W WindowManager: removeWindowToken: Attempted to remove non-existing token: android.os.Binder@d5644e
07-22 12:28:31.977  1327 11636 I MetricsTransporter: MetricsTransporter - Successfully uploaded metrics; code: 200, message: OK;
07-22 12:28:31.979   534   920 I WifiService: releaseWifiLock uid=10006
07-22 12:28:31.980  1327 11636 I MetricsTransmissionManager: Transmission succeeded.
07-22 12:28:31.982   534   920 I WifiService: acquireWifiLock uid=10006 lockMode=3
07-22 12:28:31.989  1045 12789 I com.amazon.imp/TokenJobQueue[0]: Begin executing task GetToken:com.amazon.client.metrics/com.amazon.dcp.sso.token.oauth.amazon.access_token
07-22 12:28:31.989  1045 12789 I com.amazon.imp/TokenJobQueue[0]: Scheduled running concurrent job GetToken:com.amazon.client.metrics/com.amazon.dcp.sso.token.oauth.amazon.access_token.
07-22 12:28:31.989  1045 12790 I com.amazon.imp/MAPApplicationInformationQueryer[0]: Populate change for remote MAP info.
07-22 12:28:31.989  1045 12790 I com.amazon.imp/MAPApplicationInformationQueryer[0]: CacheContainsPartialResults? true
07-22 12:28:31.992  1045 12790 I com.amazon.imp/TokenJobQueue[0]: Finish executing task GetToken:com.amazon.client.metrics/com.amazon.dcp.sso.token.oauth.amazon.access_token.
07-22 12:28:32.002  1327 11636 W MetricsTransporter: MetricsTransporter - IOException thrown when uploading metrics: %s; java.net.UnknownHostException: Unable to resolve host "78cec6f6fe9eddf35fcfeca5b4252eeaa2d4a4fc39378ddc783d84e4c938e96.us-eas.prod.service.minerva.devices.a2z.com": No address associated with hostname
07-22 12:28:32.004   534  1677 I WifiService: releaseWifiLock uid=10006
07-22 12:28:32.004  1327 11636 W MetricsTransmissionManager: Transmission failed on network IO error, IOException, and re-try metric batch.
07-22 12:28:32.007   534  1677 I WifiService: acquireWifiLock uid=10006 lockMode=3
07-22 12:28:32.014  1045 12789 I com.amazon.imp/TokenJobQueue[0]: Begin executing task GetToken:com.amazon.client.metrics/com.amazon.dcp.sso.token.oauth.amazon.access_token
07-22 12:28:32.014  1045 12789 I com.amazon.imp/TokenJobQueue[0]: Scheduled running concurrent job GetToken:com.amazon.client.metrics/com.amazon.dcp.sso.token.oauth.amazon.access_token.
07-22 12:28:32.014  1045 12790 I com.amazon.imp/MAPApplicationInformationQueryer[0]: Populate change for remote MAP info.
07-22 12:28:32.014  1045 12790 I com.amazon.imp/MAPApplicationInformationQueryer[0]: CacheContainsPartialResults? true
07-22 12:28:32.015  1045 12790 I com.amazon.imp/TokenJobQueue[0]: Finish executing task GetToken:com.amazon.client.metrics/com.amazon.dcp.sso.token.oauth.amazon.access_token.
07-22 12:28:32.043  5320  9805 I MediaCodecLogger: 5320.HW.video.vp9.bitrateInKbps = 1157
07-22 12:28:32.160  1327 11636 I MetricsTransporter: MetricsTransporter - Successfully uploaded metrics; code: 200, message: OK;
07-22 12:28:32.161   534  1677 I WifiService: releaseWifiLock uid=10006
07-22 12:28:32.162  1327 11636 I MetricsTransmissionManager: Transmission succeeded.
07-22 12:28:32.165   534  1677 I WifiService: acquireWifiLock uid=10006 lockMode=3
07-22 12:28:32.172  1045 12789 I com.amazon.imp/TokenJobQueue[0]: Begin executing task GetToken:com.amazon.client.metrics/com.amazon.dcp.sso.token.oauth.amazon.access_token
07-22 12:28:32.172  1045 12789 I com.amazon.imp/TokenJobQueue[0]: Scheduled running concurrent job GetToken:com.amazon.client.metrics/com.amazon.dcp.sso.token.oauth.amazon.access_token.
07-22 12:28:32.172  1045 12790 I com.amazon.imp/MAPApplicationInformationQueryer[0]: Populate change for remote MAP info.
07-22 12:28:32.172  1045 12790 I com.amazon.imp/MAPApplicationInformationQueryer[0]: CacheContainsPartialResults? true
07-22 12:28:32.173  1045 12790 I com.amazon.imp/TokenJobQueue[0]: Finish executing task GetToken:com.amazon.client.metrics/com.amazon.dcp.sso.token.oauth.amazon.access_token.
07-22 12:28:32.314  1327 11636 I MetricsTransporter: MetricsTransporter - Successfully uploaded metrics; code: 200, message: OK;
07-22 12:28:32.315   534  1677 I WifiService: releaseWifiLock uid=10006
07-22 12:28:32.316  1327 11636 I MetricsTransmissionManager: Transmission succeeded.
07-22 12:28:32.317   534  1677 I WifiService: acquireWifiLock uid=10006 lockMode=3
07-22 12:28:32.323  1045 12789 I com.amazon.imp/TokenJobQueue[0]: Begin executing task GetToken:com.amazon.client.metrics/com.amazon.dcp.sso.token.oauth.amazon.access_token
07-22 12:28:32.323  1045 12789 I com.amazon.imp/TokenJobQueue[0]: Scheduled running concurrent job GetToken:com.amazon.client.metrics/com.amazon.dcp.sso.token.oauth.amazon.access_token.
07-22 12:28:32.323  1045 12790 I com.amazon.imp/MAPApplicationInformationQueryer[0]: Populate change for remote MAP info.
07-22 12:28:32.324  1045 12790 I com.amazon.imp/MAPApplicationInformationQueryer[0]: CacheContainsPartialResults? true
07-22 12:28:32.326  1045 12790 I com.amazon.imp/TokenJobQueue[0]: Finish executing task GetToken:com.amazon.client.metrics/com.amazon.dcp.sso.token.oauth.amazon.access_token.
07-22 12:28:32.460  1327 11636 I MetricsTransporter: MetricsTransporter - Successfully uploaded metrics; code: 200, message: OK;
07-22 12:28:32.463   534  1677 I WifiService: releaseWifiLock uid=10006
07-22 12:28:32.464  1327 11636 I MetricsTransmissionManager: Transmission succeeded.
07-22 12:28:32.464  1327 11636 I MetricsTransmissionManager: transmitMetricBatches finished
07-22 12:28:32.465  1327 11636 I MetricsTransmissionManager: transmitMetricBatches, storageManager(after execute): com.amazon.minerva.service.storage.BatchRootDirectory@dea9bda
07-22 12:28:32.465  1327 11636 I MetricsTransmissionManager: com.amazon.minerva.service.storage.BatchRootDirectory@cfcf80b
07-22 12:28:32.798   367   367 W ServiceManagement: Waited one second for android.hardware.camera.provider@2.4::ICameraProvider/external/0
07-22 12:28:32.798   367   367 I ServiceManagement: getService: Trying again for android.hardware.camera.provider@2.4::ICameraProvider/external/0...
