--------- beginning of main
07-21 20:28:22.291 15386 15403 I chatty  : uid=10247(com.smartvision.svplayer) HeapTaskDaemon expire 14 lines
07-21 20:28:23.771 15386 16020 I chatty  : uid=10247(com.smartvision.svplayer) AmazonKeyEventL expire 1 line
07-21 20:28:31.336 15386 22484 I chatty  : uid=10247(com.smartvision.svplayer) DefaultDispatch expire 1 line
07-21 20:28:31.563 15386 22645 I chatty  : uid=10247(com.smartvision.svplayer) expire 2 lines
07-21 20:28:31.578 15386 15386 I chatty  : uid=10247(com.smartvision.svplayer) expire 514 lines
07-21 20:28:31.879 15386 22709 I chatty  : uid=10247(com.smartvision.svplayer) Chrome_ProcessL expire 1 line
07-21 20:28:32.561 15386 22733 I chatty  : uid=10247(com.smartvision.svplayer) AudioThread expire 5 lines
07-21 20:28:32.681 15386 15386 I vision.svplaye:   at java.lang.Object com.smartvision.svplayer.ui.youtube.YoutubeWebPlayerKt$$ExternalSyntheticLambda3.invoke(java.lang.Object) (D8$$SyntheticClass:0)
07-21 20:28:32.681 15386 15386 I vision.svplaye:   at void androidx.compose.ui.viewinterop.ViewFactoryHolder$updateBlock$1.invoke() (AndroidView.android.kt:361)
07-21 20:28:32.681 15386 15386 I vision.svplaye:   at java.lang.Object androidx.compose.ui.viewinterop.ViewFactoryHolder$updateBlock$1.invoke() (AndroidView.android.kt:361)
07-21 20:28:32.681 15386 15386 I vision.svplaye:   at java.lang.Object androidx.compose.runtime.snapshots.Snapshot$Companion.observe(kotlin.jvm.functions.Function1, kotlin.jvm.functions.Function1, kotlin.jvm.functions.Function0) (Snapshot.kt:2496)
07-21 20:28:32.681 15386 15386 I vision.svplaye:   at void androidx.compose.runtime.snapshots.SnapshotStateObserver$ObservedScopeMap.observe(java.lang.Object, kotlin.jvm.functions.Function1, kotlin.jvm.functions.Function0) (SnapshotStateObserver.kt:460)
07-21 20:28:32.681 15386 15386 I vision.svplaye:   at void androidx.compose.runtime.snapshots.SnapshotStateObserver.observeReads(java.lang.Object, kotlin.jvm.functions.Function1, kotlin.jvm.functions.Function0) (SnapshotStateObserver.kt:244)
07-21 20:28:32.681 15386 15386 I vision.svplaye:   at void androidx.compose.ui.node.OwnerSnapshotObserver.observeReads$ui_release(androidx.compose.ui.node.OwnerScope, kotlin.jvm.functions.Function1, kotlin.jvm.functions.Function0) (OwnerSnapshotObserver.kt:124)
07-21 20:28:32.681 15386 15386 I vision.svplaye:   at void androidx.compose.ui.viewinterop.AndroidViewHolder$runUpdate$1.invoke() (AndroidViewHolder.android.kt:211)
07-21 20:28:32.681 15386 15386 I vision.svplaye:   at java.lang.Object androidx.compose.ui.viewinterop.AndroidViewHolder$runUpdate$1.invoke() (AndroidViewHolder.android.kt:205)
07-21 20:28:32.681 15386 15386 I vision.svplaye:   at void androidx.compose.ui.viewinterop.AndroidViewHolder.onAttachedToWindow() (AndroidViewHolder.android.kt:311)
07-21 20:28:32.681 15386 15386 I vision.svplaye:   at void android.view.View.dispatchAttachedToWindow(android.view.View$AttachInfo, int) (View.java:18361)
07-21 20:28:32.681 15386 15386 I vision.svplaye:   at void android.view.ViewGroup.dispatchAttachedToWindow(android.view.View$AttachInfo, int) (ViewGroup.java:3397)
07-21 20:28:32.681 15386 15386 I vision.svplaye:   at void android.view.ViewGroup.addViewInner(android.view.View, int, android.view.ViewGroup$LayoutParams, boolean) (ViewGroup.java:5077)
07-21 20:28:32.681 15386 15386 I vision.svplaye:   at void android.view.ViewGroup.addView(android.view.View, int, android.view.ViewGroup$LayoutParams) (ViewGroup.java:4865)
07-21 20:28:32.681 15386 15386 I vision.svplaye:   at void android.view.ViewGroup.addView(android.view.View, int) (ViewGroup.java:4805)
07-21 20:28:32.681 15386 15386 I vision.svplaye:   at void android.view.ViewGroup.addView(android.view.View) (ViewGroup.java:4778)
07-21 20:28:32.681 15386 15386 I vision.svplaye:   at void androidx.compose.ui.platform.AndroidComposeView.addAndroidView(androidx.compose.ui.viewinterop.AndroidViewHolder, androidx.compose.ui.node.LayoutNode) (AndroidComposeView.android.kt:1397)
07-21 20:28:32.681 15386 15386 I vision.svplaye:   at void androidx.compose.ui.viewinterop.AndroidViewHolder$layoutNode$1$3.invoke(androidx.compose.ui.node.Owner) (AndroidViewHolder.android.kt:451)
07-21 20:28:32.681 15386 15386 I vision.svplaye:   at java.lang.Object androidx.compose.ui.viewinterop.AndroidViewHolder$layoutNode$1$3.invoke(java.lang.Object) (AndroidViewHolder.android.kt:450)
07-21 20:28:32.681 15386 15386 I vision.svplaye:   at void androidx.compose.ui.node.LayoutNode.attach$ui_release(androidx.compose.ui.node.Owner) (LayoutNode.kt:554)
07-21 20:28:32.681 15386 15386 I vision.svplaye:   at void androidx.compose.ui.node.LayoutNode.attach$ui_release(androidx.compose.ui.node.Owner) (LayoutNode.kt:545)
07-21 20:28:32.681 15386 15386 I vision.svplaye:   at void androidx.compose.ui.node.LayoutNode.insertAt$ui_release(int, androidx.compose.ui.node.LayoutNode) (LayoutNode.kt:310)
07-21 20:28:32.681 15386 15386 I vision.svplaye:   at void androidx.compose.ui.node.UiApplier.insertBottomUp(int, androidx.compose.ui.node.LayoutNode) (UiApplier.android.kt:29)
07-21 20:28:32.681 15386 15386 I vision.svplaye:   at void androidx.compose.ui.node.UiApplier.insertBottomUp(int, java.lang.Object) (UiApplier.android.kt:21)
07-21 20:28:32.681 15386 15386 I vision.svplaye:   at void androidx.compose.runtime.changelist.Operation$PostInsertNodeFixup.execute(androidx.compose.runtime.changelist.OperationArgContainer, androidx.compose.runtime.Applier, androidx.compose.runtime.SlotWriter, androidx.compose.runtime.RememberManager) (Operation.kt:746)
07-21 20:28:32.681 15386 15386 I vision.svplaye:   at void androidx.compose.runtime.changelist.Operations.executeAndFlushAllPendingOperations(androidx.compose.runtime.Applier, androidx.compose.runtime.SlotWriter, androidx.compose.runtime.RememberManager) (Operations.kt:349)
07-21 20:28:32.681 15386 15386 I vision.svplaye:   at void androidx.compose.runtime.changelist.FixupList.executeAndFlushAllPendingFixups(androidx.compose.runtime.Applier, androidx.compose.runtime.SlotWriter, androidx.compose.runtime.RememberManager) (FixupList.kt:53)
07-21 20:28:32.681 15386 15386 I vision.svplaye:   at void androidx.compose.runtime.changelist.Operation$InsertSlotsWithFixups.execute(androidx.compose.runtime.changelist.OperationArgContainer, androidx.compose.runtime.Applier, androidx.compose.runtime.SlotWriter, androidx.compose.runtime.RememberManager) (Operation.kt:665)
07-21 20:28:32.681 15386 15386 I vision.svplaye:   at void androidx.compose.runtime.changelist.Operations.executeAndFlushAllPendingOperations(androidx.compose.runtime.Applier, androidx.compose.runtime.SlotWriter, androidx.compose.runtime.RememberManager) (Operations.kt:349)
07-21 20:28:32.681 15386 15386 I vision.svplaye:   at void androidx.compose.runtime.changelist.ChangeList.executeAndFlushAllPendingChanges(androidx.compose.runtime.Applier, androidx.compose.runtime.SlotWriter, androidx.compose.runtime.RememberManager) (ChangeList.kt:88)
07-21 20:28:32.681 15386 15386 I vision.svplaye:   at void androidx.compose.runtime.CompositionImpl.applyChangesInLocked(androidx.compose.runtime.changelist.ChangeList) (Composition.kt:1036)
07-21 20:28:32.681 15386 15386 I vision.svplaye:   at void androidx.compose.runtime.CompositionImpl.applyChanges() (Composition.kt:1067)
07-21 20:28:32.681 15386 15386 I vision.svplaye:   at void androidx.compose.runtime.Recomposer$runRecomposeAndApplyChanges$2$1.invoke(long) (Recomposer.kt:684)
07-21 20:28:32.681 15386 15386 I vision.svplaye:   at java.lang.Object androidx.compose.runtime.Recomposer$runRecomposeAndApplyChanges$2$1.invoke(java.lang.Object) (Recomposer.kt:591)
07-21 20:28:32.681 15386 15386 I vision.svplaye:   at void androidx.compose.ui.platform.AndroidUiFrameClock$withFrameNanos$2$callback$1.doFrame(long) (AndroidUiFrameClock.android.kt:39)
07-21 20:28:32.681 15386 15386 I vision.svplaye:   at void androidx.compose.ui.platform.AndroidUiDispatcher.performFrameDispatch(long) (AndroidUiDispatcher.android.kt:108)
07-21 20:28:32.681 15386 15386 I vision.svplaye:   at void androidx.compose.ui.platform.AndroidUiDispatcher.access$performFrameDispatch(androidx.compose.ui.platform.AndroidUiDispatcher, long) (AndroidUiDispatcher.android.kt:41)
07-21 20:28:32.681 15386 15386 I vision.svplaye:   at void androidx.compose.ui.platform.AndroidUiDispatcher$dispatchCallback$1.doFrame(long) (AndroidUiDispatcher.android.kt:69)
07-21 20:28:32.681 15386 15386 I vision.svplaye:   at void android.view.Choreographer$CallbackRecord.run(long) (Choreographer.java:968)
07-21 20:28:32.681 15386 15386 I vision.svplaye:   at void android.view.Choreographer.doCallbacks(int, long) (Choreographer.java:781)
07-21 20:28:32.681 15386 15386 I vision.svplaye:   at void android.view.Choreographer.doFrame(long, int) (Choreographer.java:703)
07-21 20:28:32.681 15386 15386 I vision.svplaye:   at void android.view.Choreographer$FrameDisplayEventReceiver.run() (Choreographer.java:956)
07-21 20:28:32.681 15386 15386 I vision.svplaye:   at void android.os.Handler.handleCallback(android.os.Message) (Handler.java:873)
07-21 20:28:32.681 15386 15386 I vision.svplaye:   at void android.os.Handler.dispatchMessage(android.os.Message) (Handler.java:99)
07-21 20:28:32.681 15386 15386 I vision.svplaye:   at void android.os.Looper.loop() (Looper.java:211)
07-21 20:28:32.681 15386 15386 I vision.svplaye:   at void android.app.ActivityThread.main(java.lang.String[]) (ActivityThread.java:6777)
07-21 20:28:32.681 15386 15386 I vision.svplaye:   at java.lang.Object java.lang.reflect.Method.invoke(java.lang.Object, java.lang.Object[]) (Method.java:-2)
07-21 20:28:32.681 15386 15386 I vision.svplaye:   at void com.android.internal.os.RuntimeInit$MethodAndArgsCaller.run() (RuntimeInit.java:493)
07-21 20:28:32.681 15386 15386 I vision.svplaye:   at void com.android.internal.os.ZygoteInit.main(java.lang.String[]) (ZygoteInit.java:858)
07-21 20:28:32.681 15386 15386 I vision.svplaye: Caused by: java.lang.ClassNotFoundException: Didn't find class "androidx.window.extensions.core.util.function.Consumer" on path: DexPathList[[zip file "/system/priv-app/MetricsApi/MetricsApi.apk", zip file "/data/app/com.amazon.webview.chromium-KBc03qHOZbjfu3DAmaKnZA==/base.apk"],nativeLibraryDirectories=[/data/app/com.amazon.webview.chromium-KBc03qHOZbjfu3DAmaKnZA==/lib/arm, /data/app/com.amazon.webview.chromium-KBc03qHOZbjfu3DAmaKnZA==/base.apk!/lib/armeabi-v7a, /system/priv-app/MetricsApi/MetricsApi.apk!/lib/armeabi-v7a, /system/lib]]
07-21 20:28:32.681 15386 15386 I vision.svplaye:   at java.lang.Class dalvik.system.BaseDexClassLoader.findClass(java.lang.String) (BaseDexClassLoader.java:134)
07-21 20:28:32.681 15386 15386 I vision.svplaye:   at java.lang.Class java.lang.ClassLoader.loadClass(java.lang.String, boolean) (ClassLoader.java:379)
07-21 20:28:32.681 15386 15386 I vision.svplaye:   at java.lang.Class java.lang.ClassLoader.loadClass(java.lang.String) (ClassLoader.java:312)
07-21 20:28:32.681 15386 15386 I vision.svplaye:   at java.lang.Object J.N.OIIIIJJJOOOOOOOOOOZZZZZZ(int, int, int, int, long, long, long, java.lang.Object, java.lang.Object, java.lang.Object, java.lang.Object, java.lang.Object, java.lang.Object, java.lang.Object, java.lang.Object, java.lang.Object, java.lang.Object, boolean, boolean, boolean, boolean, boolean, boolean) (chromium-AmazonWebView.apk-stable-@FileArg(gen/AMAZON_VERSION.json:code):-2)
07-21 20:28:32.681 15386 15386 I vision.svplaye:   at org.chromium.content_public.browser.NavigationHandle org.chromium.content.browser.framehost.NavigationControllerImpl.loadUrl(org.chromium.content_public.browser.LoadUrlParams) (chromium-AmazonWebView.apk-stable-@FileArg(gen/AMAZON_VERSION.json:code):95)
07-21 20:28:32.681 15386 15386 I vision.svplaye:   at void org.chromium.android_webview.AwContents.loadUrl(org.chromium.content_public.browser.LoadUrlParams) (chromium-AmazonWebView.apk-stable-@FileArg(gen/AMAZON_VERSION.json:code):55)
07-21 20:28:32.681 15386 15386 I vision.svplaye:   at void org.chromium.android_webview.AwContents.loadDataWithBaseURL(java.lang.String, java.lang.String, java.lang.String, java.lang.String, java.lang.String) (chromium-AmazonWebView.apk-stable-@FileArg(gen/AMAZON_VERSION.json:code):137)
07-21 20:28:32.681 15386 15386 I vision.svplaye:   at void com.android.webview.chromium.WebViewChromium.loadDataWithBaseURLNoPost(java.lang.String, java.lang.String, java.lang.String, java.lang.String, java.lang.String) (chromium-AmazonWebView.apk-stable-@FileArg(gen/AMAZON_VERSION.json:code):24)
07-21 20:28:32.682 15386 15386 I vision.svplaye:   at void com.android.webview.chromium.WebViewChromium.loadDataWithBaseURL(java.lang.String, java.lang.String, java.lang.String, java.lang.String, java.lang.String) (chromium-AmazonWebView.apk-stable-@FileArg(gen/AMAZON_VERSION.json:code):32)
07-21 20:28:32.682 15386 15386 I vision.svplaye:   at void android.webkit.WebView.loadDataWithBaseURL(java.lang.String, java.lang.String, java.lang.String, java.lang.String, java.lang.String) (WebView.java:1091)
07-21 20:28:32.682 15386 15386 I vision.svplaye:   at kotlin.Unit com.smartvision.svplayer.ui.youtube.YoutubeWebPlayerKt.YoutubeWebPlayer$lambda$35$lambda$34(com.smartvision.svplayer.ui.youtube.YoutubePlaybackMode, java.lang.String, double, boolean, com.smartvision.svplayer.ui.youtube.YoutubePlayerCommand, int, androidx.compose.runtime.MutableIntState, com.smartvision.svplayer.ui.youtube.YoutubeTvWebView) (YoutubeWebPlayer.kt:99)
07-21 20:28:32.682 15386 15386 I vision.svplaye:   at kotlin.Unit com.smartvision.svplayer.ui.youtube.YoutubeWebPlayerKt.$r8$lambda$Ztu2XwUaPZZl2ZARxlnqTnfzA2A(com.smartvision.svplayer.ui.youtube.YoutubePlaybackMode, java.lang.String, double, boolean, com.smartvision.svplayer.ui.youtube.YoutubePlayerCommand, int, androidx.compose.runtime.MutableIntState, com.smartvision.svplayer.ui.youtube.YoutubeTvWebView) (YoutubeWebPlayer.kt:-1)
07-21 20:28:32.682 15386 15386 I vision.svplaye:   at java.lang.Object com.smartvision.svplayer.ui.youtube.YoutubeWebPlayerKt$$ExternalSyntheticLambda3.invoke(java.lang.Object) (D8$$SyntheticClass:0)
07-21 20:28:32.682 15386 15386 I vision.svplaye:   at void androidx.compose.ui.viewinterop.ViewFactoryHolder$updateBlock$1.invoke() (AndroidView.android.kt:361)
07-21 20:28:32.682 15386 15386 I vision.svplaye:   at java.lang.Object androidx.compose.ui.viewinterop.ViewFactoryHolder$updateBlock$1.invoke() (AndroidView.android.kt:361)
07-21 20:28:32.682 15386 15386 I vision.svplaye:   at java.lang.Object androidx.compose.runtime.snapshots.Snapshot$Companion.observe(kotlin.jvm.functions.Function1, kotlin.jvm.functions.Function1, kotlin.jvm.functions.Function0) (Snapshot.kt:2496)
07-21 20:28:32.682 15386 15386 I vision.svplaye:   at void androidx.compose.runtime.snapshots.SnapshotStateObserver$ObservedScopeMap.observe(java.lang.Object, kotlin.jvm.functions.Function1, kotlin.jvm.functions.Function0) (SnapshotStateObserver.kt:460)
07-21 20:28:32.682 15386 15386 I vision.svplaye:   at void androidx.compose.runtime.snapshots.SnapshotStateObserver.observeReads(java.lang.Object, kotlin.jvm.functions.Function1, kotlin.jvm.functions.Function0) (SnapshotStateObserver.kt:244)
07-21 20:28:32.682 15386 15386 I vision.svplaye:   at void androidx.compose.ui.node.OwnerSnapshotObserver.observeReads$ui_release(androidx.compose.ui.node.OwnerScope, kotlin.jvm.functions.Function1, kotlin.jvm.functions.Function0) (OwnerSnapshotObserver.kt:124)
07-21 20:28:32.682 15386 15386 I vision.svplaye:   at void androidx.compose.ui.viewinterop.AndroidViewHolder$runUpdate$1.invoke() (AndroidViewHolder.android.kt:211)
07-21 20:28:32.682 15386 15386 I vision.svplaye:   at java.lang.Object androidx.compose.ui.viewinterop.AndroidViewHolder$runUpdate$1.invoke() (AndroidViewHolder.android.kt:205)
07-21 20:28:32.682 15386 15386 I vision.svplaye:   at void androidx.compose.ui.viewinterop.AndroidViewHolder.onAttachedToWindow() (AndroidViewHolder.android.kt:311)
07-21 20:28:32.682 15386 15386 I vision.svplaye:   at void android.view.View.dispatchAttachedToWindow(android.view.View$AttachInfo, int) (View.java:18361)
07-21 20:28:32.682 15386 15386 I vision.svplaye:   at void android.view.ViewGroup.dispatchAttachedToWindow(android.view.View$AttachInfo, int) (ViewGroup.java:3397)
07-21 20:28:32.682 15386 15386 I vision.svplaye:   at void android.view.ViewGroup.addViewInner(android.view.View, int, android.view.ViewGroup$LayoutParams, boolean) (ViewGroup.java:5077)
07-21 20:28:32.682 15386 15386 I vision.svplaye:   at void android.view.ViewGroup.addView(android.view.View, int, android.view.ViewGroup$LayoutParams) (ViewGroup.java:4865)
07-21 20:28:32.682 15386 15386 I vision.svplaye:   at void android.view.ViewGroup.addView(android.view.View, int) (ViewGroup.java:4805)
07-21 20:28:32.682 15386 15386 I vision.svplaye:   at void android.view.ViewGroup.addView(android.view.View) (ViewGroup.java:4778)
07-21 20:28:32.682 15386 15386 I vision.svplaye:   at void androidx.compose.ui.platform.AndroidComposeView.addAndroidView(androidx.compose.ui.viewinterop.AndroidViewHolder, androidx.compose.ui.node.LayoutNode) (AndroidComposeView.android.kt:1397)
07-21 20:28:32.682 15386 15386 I vision.svplaye:   at void androidx.compose.ui.viewinterop.AndroidViewHolder$layoutNode$1$3.invoke(androidx.compose.ui.node.Owner) (AndroidViewHolder.android.kt:451)
07-21 20:28:32.682 15386 15386 I vision.svplaye:   at java.lang.Object androidx.compose.ui.viewinterop.AndroidViewHolder$layoutNode$1$3.invoke(java.lang.Object) (AndroidViewHolder.android.kt:450)
07-21 20:28:32.682 15386 15386 I vision.svplaye:   at void androidx.compose.ui.node.LayoutNode.attach$ui_release(androidx.compose.ui.node.Owner) (LayoutNode.kt:554)
07-21 20:28:32.682 15386 15386 I vision.svplaye:   at void androidx.compose.ui.node.LayoutNode.attach$ui_release(androidx.compose.ui.node.Owner) (LayoutNode.kt:545)
07-21 20:28:32.682 15386 15386 I vision.svplaye:   at void androidx.compose.ui.node.LayoutNode.insertAt$ui_release(int, androidx.compose.ui.node.LayoutNode) (LayoutNode.kt:310)
07-21 20:28:32.682 15386 15386 I vision.svplaye:   at void androidx.compose.ui.node.UiApplier.insertBottomUp(int, androidx.compose.ui.node.LayoutNode) (UiApplier.android.kt:29)
07-21 20:28:32.682 15386 15386 I vision.svplaye:   at void androidx.compose.ui.node.UiApplier.insertBottomUp(int, java.lang.Object) (UiApplier.android.kt:21)
07-21 20:28:32.682 15386 15386 I vision.svplaye:   at void androidx.compose.runtime.changelist.Operation$PostInsertNodeFixup.execute(androidx.compose.runtime.changelist.OperationArgContainer, androidx.compose.runtime.Applier, androidx.compose.runtime.SlotWriter, androidx.compose.runtime.RememberManager) (Operation.kt:746)
07-21 20:28:32.682 15386 15386 I vision.svplaye:   at void androidx.compose.runtime.changelist.Operations.executeAndFlushAllPendingOperations(androidx.compose.runtime.Applier, androidx.compose.runtime.SlotWriter, androidx.compose.runtime.RememberManager) (Operations.kt:349)
07-21 20:28:32.682 15386 15386 I vision.svplaye:   at void androidx.compose.runtime.changelist.FixupList.executeAndFlushAllPendingFixups(androidx.compose.runtime.Applier, androidx.compose.runtime.SlotWriter, androidx.compose.runtime.RememberManager) (FixupList.kt:53)
07-21 20:28:32.682 15386 15386 I vision.svplaye:   at void androidx.compose.runtime.changelist.Operation$InsertSlotsWithFixups.execute(androidx.compose.runtime.changelist.OperationArgContainer, androidx.compose.runtime.Applier, androidx.compose.runtime.SlotWriter, androidx.compose.runtime.RememberManager) (Operation.kt:665)
07-21 20:28:32.682 15386 15386 I vision.svplaye:   at void androidx.compose.runtime.changelist.Operations.executeAndFlushAllPendingOperations(androidx.compose.runtime.Applier, androidx.compose.runtime.SlotWriter, androidx.compose.runtime.RememberManager) (Operations.kt:349)
07-21 20:28:32.833 15386 15403 I vision.svplaye: Background concurrent copying GC freed 308132(9MB) AllocSpace objects, 6(184KB) LOS objects, 15% free, 31MB/37MB, paused 323us total 685.603ms
07-21 20:28:33.213 15386 22783 I CameraManagerGlobal: Connecting to camera service
07-21 20:28:33.293 15386 15386 I Choreographer: Skipped 132 frames!  The application may be doing too much work on its main thread.
07-21 20:28:33.314 15386 15489 I OpenGLRenderer: Davey! duration=2277ms; Flags=1, IntendedVsync=14868848013412, Vsync=14868881380112, OldestInputEvent=14868803000000, NewestInputEvent=14868803000000, HandleInputStart=14868887398807, AnimationStart=14868887418038, PerformTraversalsStart=14870752788346, DrawStart=14870894099192, SyncQueued=14870968692346, SyncStart=14870968838577, IssueDrawCommandsStart=14870974645346, SwapBuffers=14871122611961, FrameCompleted=14871125804269, DequeueBufferDuration=618000, QueueBufferDuration=2333000, 
07-21 20:28:33.337 15386 22740 I cr_VAUtil:  AWV: Skipping the restricted video decoder:OMX.MTK.VIDEO.DECODER.AWESOME.hdcp.secure
07-21 20:28:33.358 15386 22740 I chatty  : uid=10247(com.smartvision.svplayer) ThreadPoolSingl identical 5 lines
07-21 20:28:33.390 15386 15489 I chatty  : uid=10247(com.smartvision.svplayer) RenderThread expire 2 lines
07-21 20:28:33.695 15386 22727 I chatty  : uid=10247(com.smartvision.svplayer) ThreadPoolForeg expire 8 lines
07-21 20:28:34.222 15386 22786 I chatty  : uid=10247(com.smartvision.svplayer) pool-2-thread-1 expire 22 lines
07-21 20:28:34.227 15386 15403 I chatty  : uid=10247(com.smartvision.svplayer) HeapTaskDaemon expire 11 lines
07-21 20:28:34.897 15386 15393 I chatty  : uid=10247(com.smartvision.svplayer) Jit thread pool expire 1 line
07-21 20:28:36.709 15386 22784 I chatty  : uid=10247(com.smartvision.svplayer) ThreadPoolSingl expire 1 line
07-21 20:28:41.290 15386 22728 I chatty  : uid=10247(com.smartvision.svplayer) ThreadPoolForeg expire 1 line
07-21 20:28:44.517 15386 22783 I chatty  : uid=10247(com.smartvision.svplayer) ThreadPoolSingl expire 1 line
07-21 20:28:44.652 15386 22763 I chatty  : uid=10247(com.smartvision.svplayer) Chrome_InProcGp expire 17 lines
07-21 20:28:44.643 15386 15386 I chatty  : uid=10247(com.smartvision.svplayer) expire 1 line
07-21 20:28:45.304 15386 22786 I chatty  : uid=10247(com.smartvision.svplayer) pool-2-thread-1 expire 23 lines
07-21 20:28:55.794 15386 15403 I chatty  : uid=10247(com.smartvision.svplayer) HeapTaskDaemon expire 6 lines
07-21 20:28:56.342 15386 22786 I chatty  : uid=10247(com.smartvision.svplayer) pool-2-thread-1 expire 13 lines
07-21 20:29:03.341 15386 15403 I chatty  : uid=10247(com.smartvision.svplayer) HeapTaskDaemon expire 1 line
07-21 20:29:03.359 15386 22786 I chatty  : uid=10247(com.smartvision.svplayer) pool-2-thread-1 expire 6 lines
07-21 20:29:04.936 15386 15403 I chatty  : uid=10247(com.smartvision.svplayer) HeapTaskDaemon expire 2 lines
07-21 20:29:06.377 15386 22786 I chatty  : uid=10247(com.smartvision.svplayer) pool-2-thread-1 expire 12 lines
07-21 20:29:08.447 15386 15403 I chatty  : uid=10247(com.smartvision.svplayer) HeapTaskDaemon expire 3 lines
07-21 20:29:12.384 15386 22786 I chatty  : uid=10247(com.smartvision.svplayer) pool-2-thread-1 expire 3 lines
07-21 20:29:12.924 15386 15403 I chatty  : uid=10247(com.smartvision.svplayer) HeapTaskDaemon expire 2 lines
07-21 20:29:13.395 15386 22786 I chatty  : uid=10247(com.smartvision.svplayer) pool-2-thread-1 expire 6 lines
07-21 20:29:16.316 15386 15403 I chatty  : uid=10247(com.smartvision.svplayer) HeapTaskDaemon expire 2 lines
07-21 20:29:16.398 15386 22786 I chatty  : uid=10247(com.smartvision.svplayer) pool-2-thread-1 expire 6 lines
07-21 20:29:19.040 15386 15403 I chatty  : uid=10247(com.smartvision.svplayer) HeapTaskDaemon expire 2 lines
07-21 20:29:19.401 15386 22786 I chatty  : uid=10247(com.smartvision.svplayer) pool-2-thread-1 expire 6 lines
07-21 20:29:22.171 15386 15403 I chatty  : uid=10247(com.smartvision.svplayer) HeapTaskDaemon expire 2 lines
07-21 20:29:22.404 15386 22786 I chatty  : uid=10247(com.smartvision.svplayer) pool-2-thread-1 expire 5 lines
07-21 20:29:24.421 15386 15403 I chatty  : uid=10247(com.smartvision.svplayer) HeapTaskDaemon expire 2 lines
07-21 20:29:25.407 15386 22786 I chatty  : uid=10247(com.smartvision.svplayer) pool-2-thread-1 expire 5 lines
07-21 20:29:27.139 15386 15403 I chatty  : uid=10247(com.smartvision.svplayer) HeapTaskDaemon expire 2 lines
07-21 20:29:27.410 15386 22786 I chatty  : uid=10247(com.smartvision.svplayer) pool-2-thread-1 expire 6 lines
07-21 20:29:30.237 15386 15403 I chatty  : uid=10247(com.smartvision.svplayer) HeapTaskDaemon expire 2 lines
07-21 20:29:30.422 15386 22786 I chatty  : uid=10247(com.smartvision.svplayer) pool-2-thread-1 expire 6 lines
07-21 20:29:32.861 15386 15403 I chatty  : uid=10247(com.smartvision.svplayer) HeapTaskDaemon expire 2 lines
07-21 20:29:33.427 15386 22786 I chatty  : uid=10247(com.smartvision.svplayer) pool-2-thread-1 expire 7 lines
07-21 20:29:37.330 15386 15403 I chatty  : uid=10247(com.smartvision.svplayer) HeapTaskDaemon expire 1 line
07-21 20:29:37.436 15386 22786 I chatty  : uid=10247(com.smartvision.svplayer) pool-2-thread-1 expire 8 lines
07-21 20:29:40.771 15386 15403 I chatty  : uid=10247(com.smartvision.svplayer) HeapTaskDaemon expire 1 line
07-21 20:29:41.441 15386 22786 I chatty  : uid=10247(com.smartvision.svplayer) pool-2-thread-1 expire 6 lines
07-21 20:29:43.272 15386 15403 I chatty  : uid=10247(com.smartvision.svplayer) HeapTaskDaemon expire 2 lines
07-21 20:29:44.445 15386 22786 I chatty  : uid=10247(com.smartvision.svplayer) pool-2-thread-1 expire 2 lines
07-21 20:29:44.877 15386 15415 I chatty  : uid=10247(com.smartvision.svplayer) Profile Saver expire 2 lines
07-21 20:29:45.446 15386 22786 I chatty  : uid=10247(com.smartvision.svplayer) pool-2-thread-1 expire 2 lines
07-21 20:29:46.210 15386 15403 I chatty  : uid=10247(com.smartvision.svplayer) HeapTaskDaemon expire 1 line
07-21 20:29:46.448 15386 22786 I chatty  : uid=10247(com.smartvision.svplayer) pool-2-thread-1 expire 5 lines
07-21 20:29:47.497 15386 15403 I chatty  : uid=10247(com.smartvision.svplayer) HeapTaskDaemon expire 2 lines
07-21 20:29:48.450 15386 22786 I chatty  : uid=10247(com.smartvision.svplayer) pool-2-thread-1 expire 4 lines
07-21 20:29:50.066 15386 15403 I chatty  : uid=10247(com.smartvision.svplayer) HeapTaskDaemon expire 2 lines
07-21 20:29:50.467 15386 22786 I chatty  : uid=10247(com.smartvision.svplayer) pool-2-thread-1 expire 10 lines
07-21 20:29:52.913 15386 15403 I chatty  : uid=10247(com.smartvision.svplayer) HeapTaskDaemon expire 3 lines
07-21 20:29:55.491 15386 22786 I chatty  : uid=10247(com.smartvision.svplayer) pool-2-thread-1 expire 4 lines
07-21 20:29:56.953 15386 15403 I chatty  : uid=10247(com.smartvision.svplayer) HeapTaskDaemon expire 2 lines
07-21 20:29:57.494 15386 22786 I chatty  : uid=10247(com.smartvision.svplayer) pool-2-thread-1 expire 4 lines
07-21 20:29:59.097 15386 15403 I chatty  : uid=10247(com.smartvision.svplayer) HeapTaskDaemon expire 2 lines
07-21 20:29:59.503 15386 22786 I chatty  : uid=10247(com.smartvision.svplayer) pool-2-thread-1 expire 4 lines
07-21 20:30:01.301 15386 15403 I chatty  : uid=10247(com.smartvision.svplayer) HeapTaskDaemon expire 2 lines
07-21 20:30:01.509 15386 22786 I chatty  : uid=10247(com.smartvision.svplayer) pool-2-thread-1 expire 6 lines
07-21 20:30:03.700 15386 15403 I chatty  : uid=10247(com.smartvision.svplayer) HeapTaskDaemon expire 3 lines
07-21 20:30:04.513 15386 22786 I chatty  : uid=10247(com.smartvision.svplayer) pool-2-thread-1 expire 7 lines
07-21 20:30:07.332 15386 15403 I chatty  : uid=10247(com.smartvision.svplayer) HeapTaskDaemon expire 2 lines
07-21 20:30:08.518 15386 22786 I chatty  : uid=10247(com.smartvision.svplayer) pool-2-thread-1 expire 5 lines
07-21 20:30:09.972 15386 15403 I chatty  : uid=10247(com.smartvision.svplayer) HeapTaskDaemon expire 2 lines
07-21 20:30:10.533 15386 22786 I chatty  : uid=10247(com.smartvision.svplayer) pool-2-thread-1 expire 6 lines
07-21 20:30:12.637 15386 15403 I chatty  : uid=10247(com.smartvision.svplayer) HeapTaskDaemon expire 2 lines
07-21 20:30:13.537 15386 22786 I chatty  : uid=10247(com.smartvision.svplayer) pool-2-thread-1 expire 5 lines
07-21 20:30:15.905 15386 15403 I chatty  : uid=10247(com.smartvision.svplayer) HeapTaskDaemon expire 2 lines
07-21 20:30:16.541 15386 22786 I chatty  : uid=10247(com.smartvision.svplayer) pool-2-thread-1 expire 7 lines
07-21 20:30:19.347 15386 15403 I chatty  : uid=10247(com.smartvision.svplayer) HeapTaskDaemon expire 2 lines
07-21 20:30:19.554 15386 22786 I chatty  : uid=10247(com.smartvision.svplayer) pool-2-thread-1 expire 6 lines
07-21 20:30:22.317 15386 16020 I chatty  : uid=10247(com.smartvision.svplayer) AmazonKeyEventL expire 1 line
07-21 20:30:22.563 15386 22786 I chatty  : uid=10247(com.smartvision.svplayer) pool-2-thread-1 expire 2 lines
07-21 20:30:23.043 15386 15403 I chatty  : uid=10247(com.smartvision.svplayer) HeapTaskDaemon expire 2 lines
07-21 20:30:23.563 15386 22786 I chatty  : uid=10247(com.smartvision.svplayer) pool-2-thread-1 expire 5 lines
07-21 20:30:25.480 15386 15415 I chatty  : uid=10247(com.smartvision.svplayer) Profile Saver expire 1 line
07-21 20:30:25.901 15386 15403 I chatty  : uid=10247(com.smartvision.svplayer) HeapTaskDaemon expire 1 line
07-21 20:30:25.901 15386 15415 I vision.svplaye: WaitForGcToComplete blocked ProfileSaver on HeapTrim for 421.790ms
07-21 20:30:26.569 15386 22786 I CameraManagerGlobal: Connecting to camera service
07-21 20:30:26.570 15386 22786 E CameraManagerGlobal: Camera service is unavailable
07-21 20:30:27.571 15386 22786 I CameraManagerGlobal: Connecting to camera service
07-21 20:30:27.572 15386 22786 E CameraManagerGlobal: Camera service is unavailable
07-21 20:30:28.150 15386 15403 I vision.svplaye: Background concurrent copying GC freed 269294(8MB) AllocSpace objects, 0(0B) LOS objects, 13% free, 37MB/43MB, paused 776us total 1.150s
07-21 20:30:28.572 15386 22786 I CameraManagerGlobal: Connecting to camera service
07-21 20:30:28.573 15386 22786 E CameraManagerGlobal: Camera service is unavailable
07-21 20:30:29.513 15386 15403 I vision.svplaye: Background concurrent copying GC freed 376036(11MB) AllocSpace objects, 0(0B) LOS objects, 14% free, 36MB/42MB, paused 290us total 694.636ms
07-21 20:30:29.573 15386 22786 I CameraManagerGlobal: Connecting to camera service
07-21 20:30:29.574 15386 22786 E CameraManagerGlobal: Camera service is unavailable
07-21 20:30:30.549 15386 15403 I vision.svplaye: Background concurrent copying GC freed 329857(9MB) AllocSpace objects, 0(0B) LOS objects, 14% free, 35MB/41MB, paused 213us total 473.796ms
07-21 20:30:30.574 15386 22786 I CameraManagerGlobal: Connecting to camera service
07-21 20:30:30.575 15386 22786 E CameraManagerGlobal: Camera service is unavailable
07-21 20:30:31.576 15386 22786 I CameraManagerGlobal: Connecting to camera service
07-21 20:30:31.577 15386 22786 E CameraManagerGlobal: Camera service is unavailable
07-21 20:30:31.586 15386 15403 I vision.svplaye: Background concurrent copying GC freed 306529(9MB) AllocSpace objects, 0(0B) LOS objects, 14% free, 34MB/40MB, paused 235us total 468.770ms
07-21 20:30:32.577 15386 22786 I CameraManagerGlobal: Connecting to camera service
07-21 20:30:32.578 15386 22786 E CameraManagerGlobal: Camera service is unavailable
07-21 20:30:32.764 15386 15403 I vision.svplaye: Background concurrent copying GC freed 294909(8MB) AllocSpace objects, 0(0B) LOS objects, 14% free, 36MB/42MB, paused 306us total 628.011ms
07-21 20:30:33.597 15386 22786 I CameraManagerGlobal: Connecting to camera service
07-21 20:30:33.597 15386 22786 E CameraManagerGlobal: Camera service is unavailable
07-21 20:30:34.307 15386 15403 I vision.svplaye: Background concurrent copying GC freed 330651(9MB) AllocSpace objects, 0(0B) LOS objects, 13% free, 38MB/44MB, paused 258us total 1.051s
07-21 20:30:34.598 15386 22786 I CameraManagerGlobal: Connecting to camera service
07-21 20:30:34.599 15386 22786 E CameraManagerGlobal: Camera service is unavailable
07-21 20:30:35.323 15386 15403 I vision.svplaye: Background concurrent copying GC freed 402512(11MB) AllocSpace objects, 0(0B) LOS objects, 14% free, 35MB/41MB, paused 262us total 470.383ms
07-21 20:30:35.599 15386 22786 I CameraManagerGlobal: Connecting to camera service
07-21 20:30:35.600 15386 22786 E CameraManagerGlobal: Camera service is unavailable
07-21 20:30:36.547 15386 15403 I vision.svplaye: Background concurrent copying GC freed 316616(9MB) AllocSpace objects, 0(0B) LOS objects, 13% free, 37MB/43MB, paused 216us total 586.311ms
07-21 20:30:36.600 15386 22786 I CameraManagerGlobal: Connecting to camera service
07-21 20:30:36.601 15386 22786 E CameraManagerGlobal: Camera service is unavailable
07-21 20:30:37.557 15386 15403 I vision.svplaye: Background concurrent copying GC freed 373468(10MB) AllocSpace objects, 0(0B) LOS objects, 14% free, 35MB/41MB, paused 239us total 430.739ms
07-21 20:30:37.601 15386 22786 I CameraManagerGlobal: Connecting to camera service
07-21 20:30:37.602 15386 22786 E CameraManagerGlobal: Camera service is unavailable
07-21 20:30:38.519 15386 15403 I vision.svplaye: Background concurrent copying GC freed 303901(8MB) AllocSpace objects, 0(0B) LOS objects, 14% free, 34MB/40MB, paused 228us total 442.488ms
07-21 20:30:38.602 15386 22786 I CameraManagerGlobal: Connecting to camera service
07-21 20:30:38.603 15386 22786 E CameraManagerGlobal: Camera service is unavailable
07-21 20:30:39.603 15386 22786 I CameraManagerGlobal: Connecting to camera service
07-21 20:30:39.604 15386 22786 E CameraManagerGlobal: Camera service is unavailable
07-21 20:30:39.821 15386 15403 I vision.svplaye: Background concurrent copying GC freed 293864(8MB) AllocSpace objects, 0(0B) LOS objects, 14% free, 36MB/42MB, paused 929us total 667.476ms
07-21 20:30:40.604 15386 22786 I CameraManagerGlobal: Connecting to camera service
07-21 20:30:40.605 15386 22786 E CameraManagerGlobal: Camera service is unavailable
07-21 20:30:41.179 15386 15403 I vision.svplaye: Background concurrent copying GC freed 345388(9MB) AllocSpace objects, 0(0B) LOS objects, 14% free, 36MB/42MB, paused 206us total 626.852ms
07-21 20:30:41.605 15386 22786 I CameraManagerGlobal: Connecting to camera service
07-21 20:30:41.606 15386 22786 E CameraManagerGlobal: Camera service is unavailable
07-21 20:30:42.080 15386 15403 I vision.svplaye: Background concurrent copying GC freed 346474(9MB) AllocSpace objects, 1(20KB) LOS objects, 14% free, 35MB/41MB, paused 314us total 401.130ms
07-21 20:30:42.606 15386 22786 I CameraManagerGlobal: Connecting to camera service
07-21 20:30:42.607 15386 22786 E CameraManagerGlobal: Camera service is unavailable
07-21 20:30:43.284 15386 15403 I vision.svplaye: Background concurrent copying GC freed 295424(8MB) AllocSpace objects, 0(0B) LOS objects, 13% free, 37MB/43MB, paused 274us total 641.638ms
07-21 20:30:43.607 15386 22786 I CameraManagerGlobal: Connecting to camera service
07-21 20:30:43.608 15386 22786 E CameraManagerGlobal: Camera service is unavailable
07-21 20:30:44.250 15386 15403 I vision.svplaye: Background concurrent copying GC freed 374397(10MB) AllocSpace objects, 0(0B) LOS objects, 14% free, 35MB/41MB, paused 3.041ms total 446.719ms
07-21 20:30:44.611 15386 22786 I CameraManagerGlobal: Connecting to camera service
07-21 20:30:44.612 15386 22786 E CameraManagerGlobal: Camera service is unavailable
07-21 20:30:45.553 15386 15403 I vision.svplaye: Background concurrent copying GC freed 293790(8MB) AllocSpace objects, 0(0B) LOS objects, 14% free, 36MB/42MB, paused 224us total 666.314ms
07-21 20:30:45.612 15386 22786 I CameraManagerGlobal: Connecting to camera service
07-21 20:30:45.613 15386 22786 E CameraManagerGlobal: Camera service is unavailable
07-21 20:30:46.613 15386 22786 I CameraManagerGlobal: Connecting to camera service
07-21 20:30:46.614 15386 22786 E CameraManagerGlobal: Camera service is unavailable
07-21 20:30:46.818 15386 15403 I vision.svplaye: Background concurrent copying GC freed 337980(9MB) AllocSpace objects, 0(0B) LOS objects, 14% free, 36MB/42MB, paused 239us total 650.138ms
07-21 20:30:47.615 15386 22786 I CameraManagerGlobal: Connecting to camera service
07-21 20:30:47.615 15386 22786 E CameraManagerGlobal: Camera service is unavailable
07-21 20:30:48.171 15386 15403 I vision.svplaye: Background concurrent copying GC freed 341143(9MB) AllocSpace objects, 0(0B) LOS objects, 13% free, 37MB/43MB, paused 256us total 759.193ms
07-21 20:30:48.615 15386 22786 I CameraManagerGlobal: Connecting to camera service
07-21 20:30:48.616 15386 22786 E CameraManagerGlobal: Camera service is unavailable
07-21 20:30:49.360 15386 15403 I vision.svplaye: Background concurrent copying GC freed 368925(10MB) AllocSpace objects, 0(0B) LOS objects, 14% free, 36MB/42MB, paused 282us total 600.694ms
07-21 20:30:49.616 15386 22786 I CameraManagerGlobal: Connecting to camera service
07-21 20:30:49.619 15386 22786 E CameraManagerGlobal: Camera service is unavailable
07-21 20:30:50.349 15386 15403 I vision.svplaye: Background concurrent copying GC freed 318177(9MB) AllocSpace objects, 0(0B) LOS objects, 14% free, 35MB/41MB, paused 293us total 407.579ms
07-21 20:30:50.619 15386 22786 I CameraManagerGlobal: Connecting to camera service
07-21 20:30:50.620 15386 22786 E CameraManagerGlobal: Camera service is unavailable
07-21 20:30:51.520 15386 15403 I vision.svplaye: Background concurrent copying GC freed 282027(8MB) AllocSpace objects, 0(0B) LOS objects, 13% free, 36MB/42MB, paused 276us total 628.944ms
07-21 20:30:51.626 15386 22786 I CameraManagerGlobal: Connecting to camera service
07-21 20:30:51.626 15386 22786 E CameraManagerGlobal: Camera service is unavailable
07-21 20:30:52.627 15386 22786 I CameraManagerGlobal: Connecting to camera service
07-21 20:30:52.627 15386 22786 E CameraManagerGlobal: Camera service is unavailable
07-21 20:30:52.685 15386 15403 I vision.svplaye: Background concurrent copying GC freed 347263(9MB) AllocSpace objects, 0(0B) LOS objects, 14% free, 36MB/42MB, paused 237us total 617.448ms
07-21 20:30:53.630 15386 22786 I CameraManagerGlobal: Connecting to camera service
07-21 20:30:53.631 15386 22786 E CameraManagerGlobal: Camera service is unavailable
07-21 20:30:53.789 15386 15403 I vision.svplaye: Background concurrent copying GC freed 334368(9MB) AllocSpace objects, 0(0B) LOS objects, 13% free, 36MB/42MB, paused 244us total 554.140ms
07-21 20:30:54.632 15386 22786 I CameraManagerGlobal: Connecting to camera service
07-21 20:30:54.632 15386 22786 E CameraManagerGlobal: Camera service is unavailable
07-21 20:30:54.850 15386 15403 I vision.svplaye: Background concurrent copying GC freed 336729(9MB) AllocSpace objects, 0(0B) LOS objects, 13% free, 37MB/43MB, paused 285us total 596.840ms
07-21 20:30:55.633 15386 22786 I CameraManagerGlobal: Connecting to camera service
07-21 20:30:55.633 15386 22786 E CameraManagerGlobal: Camera service is unavailable
07-21 20:30:55.951 15386 15403 I vision.svplaye: Background concurrent copying GC freed 363720(10MB) AllocSpace objects, 0(0B) LOS objects, 13% free, 37MB/43MB, paused 192us total 573.386ms
07-21 20:30:56.634 15386 22786 I CameraManagerGlobal: Connecting to camera service
07-21 20:30:56.634 15386 22786 E CameraManagerGlobal: Camera service is unavailable
07-21 20:30:56.997 15386 15403 I vision.svplaye: Background concurrent copying GC freed 322137(9MB) AllocSpace objects, 0(0B) LOS objects, 13% free, 36MB/42MB, paused 324us total 513.851ms
07-21 20:30:57.635 15386 22786 I CameraManagerGlobal: Connecting to camera service
07-21 20:30:57.635 15386 22786 E CameraManagerGlobal: Camera service is unavailable
07-21 20:30:57.973 15386 15403 I vision.svplaye: Background concurrent copying GC freed 323470(9MB) AllocSpace objects, 0(0B) LOS objects, 14% free, 36MB/42MB, paused 325us total 438.990ms
07-21 20:30:58.635 15386 22786 I CameraManagerGlobal: Connecting to camera service
07-21 20:30:58.637 15386 22786 E CameraManagerGlobal: Camera service is unavailable
07-21 20:30:58.977 15386 15403 I vision.svplaye: Background concurrent copying GC freed 316582(9MB) AllocSpace objects, 0(0B) LOS objects, 14% free, 36MB/42MB, paused 228us total 487.688ms
07-21 20:30:59.637 15386 22786 I CameraManagerGlobal: Connecting to camera service
07-21 20:30:59.638 15386 22786 E CameraManagerGlobal: Camera service is unavailable
07-21 20:30:59.976 15386 15403 I vision.svplaye: Background concurrent copying GC freed 302684(8MB) AllocSpace objects, 0(0B) LOS objects, 13% free, 37MB/43MB, paused 392us total 487.911ms
07-21 20:31:00.639 15386 22786 I CameraManagerGlobal: Connecting to camera service
07-21 20:31:00.639 15386 22786 E CameraManagerGlobal: Camera service is unavailable
07-21 20:31:01.117 15386 15403 I vision.svplaye: Background concurrent copying GC freed 330379(9MB) AllocSpace objects, 0(0B) LOS objects, 13% free, 37MB/43MB, paused 220us total 602.638ms
07-21 20:31:01.640 15386 22786 I CameraManagerGlobal: Connecting to camera service
07-21 20:31:01.640 15386 22786 E CameraManagerGlobal: Camera service is unavailable
07-21 20:31:02.224 15386 15403 I vision.svplaye: Background concurrent copying GC freed 350245(10MB) AllocSpace objects, 0(0B) LOS objects, 13% free, 38MB/44MB, paused 298us total 571.808ms
07-21 20:31:02.640 15386 22786 I CameraManagerGlobal: Connecting to camera service
07-21 20:31:02.641 15386 22786 E CameraManagerGlobal: Camera service is unavailable
07-21 20:31:03.197 15386 15403 I vision.svplaye: Background concurrent copying GC freed 371267(10MB) AllocSpace objects, 0(0B) LOS objects, 13% free, 37MB/43MB, paused 204us total 470.979ms
07-21 20:31:03.642 15386 22786 I CameraManagerGlobal: Connecting to camera service
07-21 20:31:03.642 15386 22786 E CameraManagerGlobal: Camera service is unavailable
07-21 20:31:04.430 15386 15403 I vision.svplaye: Background concurrent copying GC freed 311322(9MB) AllocSpace objects, 1(20KB) LOS objects, 12% free, 43MB/49MB, paused 209us total 590.029ms
07-21 20:31:04.644 15386 22786 I CameraManagerGlobal: Connecting to camera service
07-21 20:31:04.644 15386 22786 E CameraManagerGlobal: Camera service is unavailable
07-21 20:31:05.077 15386 15403 I vision.svplaye: Background concurrent copying GC freed 331571(23MB) AllocSpace objects, 0(0B) LOS objects, 12% free, 41MB/47MB, paused 330us total 456.809ms
07-21 20:31:05.515 15386 22487 I SVEpgMemory: stage=epg_sync_success usedMb=57 freeMb=0 totalMb=57 maxMb=128 channels=2924 programs=23165
07-21 20:31:05.617 15386 15403 I vision.svplaye: Background concurrent copying GC freed 280072(25MB) AllocSpace objects, 1(20KB) LOS objects, 15% free, 32MB/38MB, paused 521us total 447.522ms
07-21 20:31:05.645 15386 22786 I CameraManagerGlobal: Connecting to camera service
07-21 20:31:05.648 15386 22786 E CameraManagerGlobal: Camera service is unavailable
07-21 20:31:05.724 15386 15431 I WM-WorkerWrapper: Worker result SUCCESS for Work [ id=cb7c1496-266b-47a8-81f5-b91f7dad83de, tags={ com.smartvision.svplayer.data.playlist.EpgSyncWorker } ]
07-21 20:31:06.648 15386 22786 I CameraManagerGlobal: Connecting to camera service
07-21 20:31:06.649 15386 22786 E CameraManagerGlobal: Camera service is unavailable
07-21 20:31:07.649 15386 22786 I CameraManagerGlobal: Connecting to camera service
07-21 20:31:07.650 15386 22786 E CameraManagerGlobal: Camera service is unavailable
07-21 20:31:08.026 15386 15415 I vision.svplaye: Waiting for a blocking GC ProfileSaver
07-21 20:31:08.094 15386 15403 I vision.svplaye: Background concurrent copying GC freed 293216(16MB) AllocSpace objects, 1(20KB) LOS objects, 21% free, 22MB/28MB, paused 360us total 352.279ms
07-21 20:31:08.095 15386 15415 I vision.svplaye: WaitForGcToComplete blocked ProfileSaver on HeapTrim for 68.888ms
07-21 20:31:08.654 15386 22786 I CameraManagerGlobal: Connecting to camera service
07-21 20:31:08.656 15386 22786 E CameraManagerGlobal: Camera service is unavailable
07-21 20:31:09.346 15386 15386 I Choreographer: Skipped 34 frames!  The application may be doing too much work on its main thread.
07-21 20:31:09.656 15386 22786 I CameraManagerGlobal: Connecting to camera service
07-21 20:31:09.657 15386 22786 E CameraManagerGlobal: Camera service is unavailable
07-21 20:31:10.658 15386 22786 I CameraManagerGlobal: Connecting to camera service
07-21 20:31:10.659 15386 22786 E CameraManagerGlobal: Camera service is unavailable
07-21 20:31:11.137 15386 15403 I vision.svplaye: Background concurrent copying GC freed 194267(6MB) AllocSpace objects, 0(0B) LOS objects, 21% free, 22MB/28MB, paused 224us total 261.846ms
07-21 20:31:11.659 15386 22786 I CameraManagerGlobal: Connecting to camera service
07-21 20:31:11.660 15386 22786 E CameraManagerGlobal: Camera service is unavailable
07-21 20:31:12.660 15386 22786 I CameraManagerGlobal: Connecting to camera service
07-21 20:31:12.661 15386 22786 E CameraManagerGlobal: Camera service is unavailable
07-21 20:31:13.111 15386 15403 I vision.svplaye: Background concurrent copying GC freed 195116(6MB) AllocSpace objects, 0(0B) LOS objects, 21% free, 22MB/28MB, paused 289us total 259.633ms
07-21 20:31:13.114 15386 15396 W cr_HandleImpl: Handle was not closed.
07-21 20:31:13.663 15386 22786 I CameraManagerGlobal: Connecting to camera service
07-21 20:31:13.663 15386 22786 E CameraManagerGlobal: Camera service is unavailable
07-21 20:31:14.663 15386 22786 I CameraManagerGlobal: Connecting to camera service
07-21 20:31:14.664 15386 22786 E CameraManagerGlobal: Camera service is unavailable
07-21 20:31:14.959 15386 15403 I vision.svplaye: Background concurrent copying GC freed 194050(6MB) AllocSpace objects, 0(0B) LOS objects, 21% free, 22MB/28MB, paused 279us total 262.150ms
07-21 20:31:15.664 15386 22786 I CameraManagerGlobal: Connecting to camera service
07-21 20:31:15.664 15386 22786 E CameraManagerGlobal: Camera service is unavailable
07-21 20:31:16.665 15386 22786 I CameraManagerGlobal: Connecting to camera service
07-21 20:31:16.665 15386 22786 E CameraManagerGlobal: Camera service is unavailable
07-21 20:31:16.778 15386 15403 I vision.svplaye: Background concurrent copying GC freed 193466(6MB) AllocSpace objects, 0(0B) LOS objects, 21% free, 22MB/28MB, paused 178us total 253.965ms
07-21 20:31:17.666 15386 22786 I CameraManagerGlobal: Connecting to camera service
07-21 20:31:17.666 15386 22786 E CameraManagerGlobal: Camera service is unavailable
07-21 20:31:18.667 15386 22786 I CameraManagerGlobal: Connecting to camera service
07-21 20:31:18.668 15386 22786 E CameraManagerGlobal: Camera service is unavailable
07-21 20:31:18.965 15386 15403 I vision.svplaye: Background concurrent copying GC freed 192740(6MB) AllocSpace objects, 0(0B) LOS objects, 20% free, 22MB/28MB, paused 309us total 482.672ms
07-21 20:31:19.668 15386 22786 I CameraManagerGlobal: Connecting to camera service
07-21 20:31:19.669 15386 22786 E CameraManagerGlobal: Camera service is unavailable
07-21 20:31:19.935 15386 16020 W AmazonKeyEventLogging: remote_perf key event latency detected [Source: ViewRootImpl, KeyCode: KEYCODE_XXXX, IsDown: 1, Repeat: 0, EventTime: 15037544, Latency: 203, DeviceId: -1, AppPackage: com.smartvision.svplayer]
07-21 20:31:20.003 15386 16020 W AmazonKeyEventLogging: remote_perf key event latency detected [Source: ViewRootImpl, KeyCode: KEYCODE_XXXX, IsDown: 0, Repeat: 0, EventTime: 15037544, Latency: 272, DeviceId: -1, AppPackage: com.smartvision.svplayer]
07-21 20:31:20.551 15386 15386 E chromium: [ERROR:android_webview/browser/aw_browser_terminator.cc:165] Renderer process (22711) crash detected (code -1).
07-21 20:31:20.581 15386 15386 I Choreographer: Skipped 34 frames!  The application may be doing too much work on its main thread.
07-21 20:31:20.670 15386 22786 I CameraManagerGlobal: Connecting to camera service
07-21 20:31:20.670 15386 22786 E CameraManagerGlobal: Camera service is unavailable
07-21 20:31:21.188 15386 15403 I vision.svplaye: Background concurrent copying GC freed 171823(5MB) AllocSpace objects, 0(0B) LOS objects, 20% free, 23MB/29MB, paused 217us total 250.834ms
07-21 20:31:21.670 15386 22786 I CameraManagerGlobal: Connecting to camera service
07-21 20:31:21.671 15386 22786 E CameraManagerGlobal: Camera service is unavailable
07-21 20:31:22.209 15386 15403 I vision.svplaye: Background concurrent copying GC freed 164484(6MB) AllocSpace objects, 13(248KB) LOS objects, 20% free, 23MB/29MB, paused 180us total 296.667ms
07-21 20:31:22.671 15386 22786 I CameraManagerGlobal: Connecting to camera service
07-21 20:31:22.672 15386 22786 E CameraManagerGlobal: Camera service is unavailable
07-21 20:31:23.517 15386 15403 I vision.svplaye: Background concurrent copying GC freed 210942(6MB) AllocSpace objects, 4(80KB) LOS objects, 20% free, 22MB/28MB, paused 208us total 290.382ms
07-21 20:31:23.672 15386 22786 I CameraManagerGlobal: Connecting to camera service
07-21 20:31:23.672 15386 22786 E CameraManagerGlobal: Camera service is unavailable
07-21 20:31:24.673 15386 22786 I CameraManagerGlobal: Connecting to camera service
07-21 20:31:24.676 15386 22786 E CameraManagerGlobal: Camera service is unavailable
07-21 20:31:24.779 15386 15403 I vision.svplaye: Background concurrent copying GC freed 197279(6MB) AllocSpace objects, 0(0B) LOS objects, 20% free, 22MB/28MB, paused 213us total 248.423ms
07-21 20:31:25.343 15386 15386 W AudioThread: type=1400 audit(0.0:1331): avc: denied { read } for name="u:object_r:media_prop:s0" dev="tmpfs" ino=12650 scontext=u:r:untrusted_app:s0:c247,c256,c512,c768 tcontext=u:object_r:media_prop:s0 tclass=file permissive=0
07-21 20:31:25.354 15386 22733 E libc    : Access denied finding property "media.metrics.enabled"
07-21 20:31:25.676 15386 22786 I CameraManagerGlobal: Connecting to camera service
07-21 20:31:25.677 15386 22786 E CameraManagerGlobal: Camera service is unavailable
07-21 20:31:25.979 15386 15403 I vision.svplaye: Background concurrent copying GC freed 204882(6MB) AllocSpace objects, 0(0B) LOS objects, 20% free, 23MB/29MB, paused 264us total 246.683ms
