--------- beginning of main
07-21 20:39:14.082 15386 22786 E CameraManagerGlobal: Camera service is unavailable
07-21 20:39:14.796 15386 15403 I vision.svplaye: Background concurrent copying GC freed 208926(6MB) AllocSpace objects, 0(0B) LOS objects, 21% free, 21MB/27MB, paused 194us total 234.016ms
07-21 20:39:15.082 15386 22786 I CameraManagerGlobal: Connecting to camera service
07-21 20:39:15.084 15386 22786 E CameraManagerGlobal: Camera service is unavailable
07-21 20:39:16.084 15386 22786 I CameraManagerGlobal: Connecting to camera service
07-21 20:39:16.085 15386 22786 E CameraManagerGlobal: Camera service is unavailable
07-21 20:39:16.294 15386 15403 I vision.svplaye: Background concurrent copying GC freed 206181(6MB) AllocSpace objects, 0(0B) LOS objects, 21% free, 21MB/27MB, paused 203us total 223.584ms
07-21 20:39:17.085 15386 22786 I CameraManagerGlobal: Connecting to camera service
07-21 20:39:17.085 15386 22786 E CameraManagerGlobal: Camera service is unavailable
07-21 20:39:17.792 15386 15403 I vision.svplaye: Background concurrent copying GC freed 207580(6MB) AllocSpace objects, 0(0B) LOS objects, 21% free, 21MB/27MB, paused 506us total 221.991ms
07-21 20:39:18.086 15386 22786 I CameraManagerGlobal: Connecting to camera service
07-21 20:39:18.086 15386 22786 E CameraManagerGlobal: Camera service is unavailable
07-21 20:39:19.086 15386 22786 I CameraManagerGlobal: Connecting to camera service
07-21 20:39:19.087 15386 22786 E CameraManagerGlobal: Camera service is unavailable
07-21 20:39:19.313 15386 15403 I vision.svplaye: Background concurrent copying GC freed 206249(6MB) AllocSpace objects, 0(0B) LOS objects, 21% free, 21MB/27MB, paused 189us total 222.994ms
07-21 20:39:20.087 15386 22786 I CameraManagerGlobal: Connecting to camera service
07-21 20:39:20.087 15386 22786 E CameraManagerGlobal: Camera service is unavailable
07-21 20:39:20.875 15386 15403 I vision.svplaye: Background concurrent copying GC freed 207516(6MB) AllocSpace objects, 0(0B) LOS objects, 21% free, 21MB/27MB, paused 202us total 234.019ms
07-21 20:39:21.088 15386 22786 I CameraManagerGlobal: Connecting to camera service
07-21 20:39:21.088 15386 22786 E CameraManagerGlobal: Camera service is unavailable
07-21 20:39:22.088 15386 22786 I CameraManagerGlobal: Connecting to camera service
07-21 20:39:22.089 15386 22786 E CameraManagerGlobal: Camera service is unavailable
07-21 20:39:22.404 15386 15403 I vision.svplaye: Background concurrent copying GC freed 208400(6MB) AllocSpace objects, 0(0B) LOS objects, 21% free, 21MB/27MB, paused 202us total 235.902ms
07-21 20:39:23.089 15386 22786 I CameraManagerGlobal: Connecting to camera service
07-21 20:39:23.089 15386 22786 E CameraManagerGlobal: Camera service is unavailable
07-21 20:39:23.905 15386 15403 I vision.svplaye: Background concurrent copying GC freed 207043(6MB) AllocSpace objects, 0(0B) LOS objects, 21% free, 21MB/27MB, paused 186us total 231.902ms
07-21 20:39:24.090 15386 22786 I CameraManagerGlobal: Connecting to camera service
07-21 20:39:24.090 15386 22786 E CameraManagerGlobal: Camera service is unavailable
07-21 20:39:25.091 15386 22786 I CameraManagerGlobal: Connecting to camera service
07-21 20:39:25.091 15386 22786 E CameraManagerGlobal: Camera service is unavailable
07-21 20:39:25.411 15386 15403 I vision.svplaye: Background concurrent copying GC freed 207381(6MB) AllocSpace objects, 0(0B) LOS objects, 21% free, 21MB/27MB, paused 192us total 227.439ms
07-21 20:39:26.091 15386 22786 I CameraManagerGlobal: Connecting to camera service
07-21 20:39:26.092 15386 22786 E CameraManagerGlobal: Camera service is unavailable
07-21 20:39:26.896 15386 15403 I vision.svplaye: Background concurrent copying GC freed 203477(6MB) AllocSpace objects, 0(0B) LOS objects, 21% free, 21MB/27MB, paused 200us total 224.465ms
07-21 20:39:27.092 15386 22786 I CameraManagerGlobal: Connecting to camera service
07-21 20:39:27.092 15386 22786 E CameraManagerGlobal: Camera service is unavailable
07-21 20:39:28.093 15386 22786 I CameraManagerGlobal: Connecting to camera service
07-21 20:39:28.093 15386 22786 E CameraManagerGlobal: Camera service is unavailable
07-21 20:39:28.393 15386 15403 I vision.svplaye: Background concurrent copying GC freed 206266(6MB) AllocSpace objects, 0(0B) LOS objects, 21% free, 21MB/27MB, paused 507us total 227.594ms
07-21 20:39:29.094 15386 22786 I CameraManagerGlobal: Connecting to camera service
07-21 20:39:29.094 15386 22786 E CameraManagerGlobal: Camera service is unavailable
07-21 20:39:29.879 15386 15403 I vision.svplaye: Background concurrent copying GC freed 207997(6MB) AllocSpace objects, 0(0B) LOS objects, 21% free, 21MB/27MB, paused 198us total 224.622ms
07-21 20:39:30.094 15386 22786 I CameraManagerGlobal: Connecting to camera service
07-21 20:39:30.095 15386 22786 E CameraManagerGlobal: Camera service is unavailable
07-21 20:39:31.095 15386 22786 I CameraManagerGlobal: Connecting to camera service
07-21 20:39:31.095 15386 22786 E CameraManagerGlobal: Camera service is unavailable
07-21 20:39:31.369 15386 15403 I vision.svplaye: Background concurrent copying GC freed 206890(6MB) AllocSpace objects, 0(0B) LOS objects, 21% free, 21MB/27MB, paused 203us total 223.918ms
07-21 20:39:32.096 15386 22786 I CameraManagerGlobal: Connecting to camera service
07-21 20:39:32.096 15386 22786 E CameraManagerGlobal: Camera service is unavailable
07-21 20:39:32.855 15386 15403 I vision.svplaye: Background concurrent copying GC freed 204094(6MB) AllocSpace objects, 0(0B) LOS objects, 21% free, 21MB/27MB, paused 204us total 225.831ms
07-21 20:39:33.096 15386 22786 I CameraManagerGlobal: Connecting to camera service
07-21 20:39:33.097 15386 22786 E CameraManagerGlobal: Camera service is unavailable
07-21 20:39:34.097 15386 22786 I CameraManagerGlobal: Connecting to camera service
07-21 20:39:34.098 15386 22786 E CameraManagerGlobal: Camera service is unavailable
07-21 20:39:34.373 15386 15403 I vision.svplaye: Background concurrent copying GC freed 206258(6MB) AllocSpace objects, 0(0B) LOS objects, 21% free, 21MB/27MB, paused 185us total 234.116ms
07-21 20:39:35.098 15386 22786 I CameraManagerGlobal: Connecting to camera service
07-21 20:39:35.098 15386 22786 E CameraManagerGlobal: Camera service is unavailable
07-21 20:39:35.862 15386 15403 I vision.svplaye: Background concurrent copying GC freed 207558(6MB) AllocSpace objects, 0(0B) LOS objects, 21% free, 21MB/27MB, paused 212us total 239.853ms
07-21 20:39:36.099 15386 22786 I CameraManagerGlobal: Connecting to camera service
07-21 20:39:36.099 15386 22786 E CameraManagerGlobal: Camera service is unavailable
07-21 20:39:37.099 15386 22786 I CameraManagerGlobal: Connecting to camera service
07-21 20:39:37.100 15386 22786 E CameraManagerGlobal: Camera service is unavailable
07-21 20:39:37.357 15386 15403 I vision.svplaye: Background concurrent copying GC freed 207428(6MB) AllocSpace objects, 0(0B) LOS objects, 21% free, 21MB/27MB, paused 233us total 233.642ms
07-21 20:39:38.100 15386 22786 I CameraManagerGlobal: Connecting to camera service
07-21 20:39:38.101 15386 22786 E CameraManagerGlobal: Camera service is unavailable
07-21 20:39:38.846 15386 15403 I vision.svplaye: Background concurrent copying GC freed 208563(6MB) AllocSpace objects, 0(0B) LOS objects, 21% free, 21MB/27MB, paused 187us total 228.256ms
07-21 20:39:39.101 15386 22786 I CameraManagerGlobal: Connecting to camera service
07-21 20:39:39.101 15386 22786 E CameraManagerGlobal: Camera service is unavailable
07-21 20:39:40.102 15386 22786 I CameraManagerGlobal: Connecting to camera service
07-21 20:39:40.102 15386 22786 E CameraManagerGlobal: Camera service is unavailable
07-21 20:39:40.355 15386 15403 I vision.svplaye: Background concurrent copying GC freed 206945(6MB) AllocSpace objects, 0(0B) LOS objects, 21% free, 21MB/27MB, paused 192us total 236.352ms
07-21 20:39:41.102 15386 22786 I CameraManagerGlobal: Connecting to camera service
07-21 20:39:41.102 15386 22786 E CameraManagerGlobal: Camera service is unavailable
07-21 20:39:41.876 15386 15403 I vision.svplaye: Background concurrent copying GC freed 207890(6MB) AllocSpace objects, 0(0B) LOS objects, 21% free, 21MB/27MB, paused 389us total 251.864ms
07-21 20:39:42.103 15386 22786 I CameraManagerGlobal: Connecting to camera service
07-21 20:39:42.103 15386 22786 E CameraManagerGlobal: Camera service is unavailable
07-21 20:39:43.104 15386 22786 I CameraManagerGlobal: Connecting to camera service
07-21 20:39:43.106 15386 22786 E CameraManagerGlobal: Camera service is unavailable
07-21 20:39:43.528 15386 15403 I vision.svplaye: Background concurrent copying GC freed 206056(6MB) AllocSpace objects, 0(0B) LOS objects, 21% free, 21MB/27MB, paused 203us total 234.336ms
07-21 20:39:44.111 15386 22786 I CameraManagerGlobal: Connecting to camera service
07-21 20:39:44.112 15386 22786 E CameraManagerGlobal: Camera service is unavailable
07-21 20:39:45.113 15386 22786 I CameraManagerGlobal: Connecting to camera service
07-21 20:39:45.113 15386 22786 E CameraManagerGlobal: Camera service is unavailable
07-21 20:39:45.168 15386 15403 I vision.svplaye: Background concurrent copying GC freed 196334(6MB) AllocSpace objects, 0(0B) LOS objects, 21% free, 21MB/27MB, paused 221us total 239.387ms
07-21 20:39:46.113 15386 22786 I CameraManagerGlobal: Connecting to camera service
07-21 20:39:46.114 15386 22786 E CameraManagerGlobal: Camera service is unavailable
07-21 20:39:46.787 15386 15403 I vision.svplaye: Background concurrent copying GC freed 211666(6MB) AllocSpace objects, 0(0B) LOS objects, 21% free, 21MB/27MB, paused 219us total 227.730ms
07-21 20:39:47.114 15386 22786 I CameraManagerGlobal: Connecting to camera service
07-21 20:39:47.114 15386 22786 E CameraManagerGlobal: Camera service is unavailable
07-21 20:39:48.115 15386 22786 I CameraManagerGlobal: Connecting to camera service
07-21 20:39:48.115 15386 22786 E CameraManagerGlobal: Camera service is unavailable
07-21 20:39:48.338 15386 15403 I vision.svplaye: Background concurrent copying GC freed 203996(6MB) AllocSpace objects, 0(0B) LOS objects, 21% free, 21MB/27MB, paused 205us total 225.311ms
07-21 20:39:49.116 15386 22786 I CameraManagerGlobal: Connecting to camera service
07-21 20:39:49.116 15386 22786 E CameraManagerGlobal: Camera service is unavailable
07-21 20:39:49.782 15386 15403 I vision.svplaye: Background concurrent copying GC freed 210802(6MB) AllocSpace objects, 0(0B) LOS objects, 21% free, 21MB/27MB, paused 201us total 224.038ms
07-21 20:39:50.116 15386 22786 I CameraManagerGlobal: Connecting to camera service
07-21 20:39:50.117 15386 22786 E CameraManagerGlobal: Camera service is unavailable
07-21 20:39:51.117 15386 22786 I CameraManagerGlobal: Connecting to camera service
07-21 20:39:51.118 15386 22786 E CameraManagerGlobal: Camera service is unavailable
07-21 20:39:51.224 15386 15403 I vision.svplaye: Background concurrent copying GC freed 210885(6MB) AllocSpace objects, 0(0B) LOS objects, 21% free, 21MB/27MB, paused 200us total 224.039ms
07-21 20:39:52.118 15386 22786 I CameraManagerGlobal: Connecting to camera service
07-21 20:39:52.119 15386 22786 E CameraManagerGlobal: Camera service is unavailable
07-21 20:39:52.661 15386 15403 I vision.svplaye: Background concurrent copying GC freed 211655(6MB) AllocSpace objects, 0(0B) LOS objects, 21% free, 21MB/27MB, paused 183us total 229.503ms
07-21 20:39:53.119 15386 22786 I CameraManagerGlobal: Connecting to camera service
07-21 20:39:53.119 15386 22786 E CameraManagerGlobal: Camera service is unavailable
07-21 20:39:54.087 15386 15403 I vision.svplaye: Background concurrent copying GC freed 210306(6MB) AllocSpace objects, 0(0B) LOS objects, 21% free, 21MB/27MB, paused 202us total 223.842ms
07-21 20:39:54.119 15386 22786 I CameraManagerGlobal: Connecting to camera service
07-21 20:39:54.120 15386 22786 E CameraManagerGlobal: Camera service is unavailable
07-21 20:39:55.120 15386 22786 I CameraManagerGlobal: Connecting to camera service
07-21 20:39:55.120 15386 22786 E CameraManagerGlobal: Camera service is unavailable
07-21 20:39:55.525 15386 15403 I vision.svplaye: Background concurrent copying GC freed 210067(6MB) AllocSpace objects, 0(0B) LOS objects, 21% free, 21MB/27MB, paused 195us total 223.727ms
07-21 20:39:56.121 15386 22786 I CameraManagerGlobal: Connecting to camera service
07-21 20:39:56.121 15386 22786 E CameraManagerGlobal: Camera service is unavailable
07-21 20:39:56.967 15386 15403 I vision.svplaye: Background concurrent copying GC freed 211357(6MB) AllocSpace objects, 0(0B) LOS objects, 21% free, 21MB/27MB, paused 250us total 234.693ms
07-21 20:39:57.121 15386 22786 I CameraManagerGlobal: Connecting to camera service
07-21 20:39:57.122 15386 22786 E CameraManagerGlobal: Camera service is unavailable
07-21 20:39:58.122 15386 22786 I CameraManagerGlobal: Connecting to camera service
07-21 20:39:58.123 15386 22786 E CameraManagerGlobal: Camera service is unavailable
07-21 20:39:58.458 15386 15403 I vision.svplaye: Background concurrent copying GC freed 210604(6MB) AllocSpace objects, 0(0B) LOS objects, 21% free, 21MB/27MB, paused 227us total 237.828ms
07-21 20:39:59.123 15386 22786 I CameraManagerGlobal: Connecting to camera service
07-21 20:39:59.123 15386 22786 E CameraManagerGlobal: Camera service is unavailable
07-21 20:39:59.975 15386 15403 I vision.svplaye: Background concurrent copying GC freed 205915(6MB) AllocSpace objects, 1(20KB) LOS objects, 21% free, 21MB/27MB, paused 192us total 234.064ms
07-21 20:40:00.124 15386 22786 I CameraManagerGlobal: Connecting to camera service
07-21 20:40:00.124 15386 22786 E CameraManagerGlobal: Camera service is unavailable
07-21 20:40:01.124 15386 22786 I CameraManagerGlobal: Connecting to camera service
07-21 20:40:01.125 15386 22786 E CameraManagerGlobal: Camera service is unavailable
07-21 20:40:01.486 15386 15403 I vision.svplaye: Background concurrent copying GC freed 206547(6MB) AllocSpace objects, 0(0B) LOS objects, 21% free, 21MB/27MB, paused 180us total 234.522ms
07-21 20:40:02.125 15386 22786 I CameraManagerGlobal: Connecting to camera service
07-21 20:40:02.125 15386 22786 E CameraManagerGlobal: Camera service is unavailable
07-21 20:40:02.995 15386 15403 I vision.svplaye: Background concurrent copying GC freed 207873(6MB) AllocSpace objects, 0(0B) LOS objects, 21% free, 21MB/27MB, paused 196us total 236.353ms
07-21 20:40:03.126 15386 22786 I CameraManagerGlobal: Connecting to camera service
07-21 20:40:03.126 15386 22786 E CameraManagerGlobal: Camera service is unavailable
07-21 20:40:04.126 15386 22786 I CameraManagerGlobal: Connecting to camera service
07-21 20:40:04.127 15386 22786 E CameraManagerGlobal: Camera service is unavailable
07-21 20:40:04.505 15386 15403 I vision.svplaye: Background concurrent copying GC freed 206855(6MB) AllocSpace objects, 0(0B) LOS objects, 21% free, 21MB/27MB, paused 212us total 229.263ms
07-21 20:40:05.127 15386 22786 I CameraManagerGlobal: Connecting to camera service
07-21 20:40:05.127 15386 22786 E CameraManagerGlobal: Camera service is unavailable
07-21 20:40:06.011 15386 15403 I vision.svplaye: Background concurrent copying GC freed 207969(6MB) AllocSpace objects, 0(0B) LOS objects, 21% free, 21MB/27MB, paused 188us total 231.920ms
07-21 20:40:06.128 15386 22786 I CameraManagerGlobal: Connecting to camera service
07-21 20:40:06.128 15386 22786 E CameraManagerGlobal: Camera service is unavailable
07-21 20:40:07.128 15386 22786 I CameraManagerGlobal: Connecting to camera service
07-21 20:40:07.129 15386 22786 E CameraManagerGlobal: Camera service is unavailable
07-21 20:40:07.491 15386 15403 I vision.svplaye: Background concurrent copying GC freed 208146(6MB) AllocSpace objects, 0(0B) LOS objects, 21% free, 21MB/27MB, paused 184us total 218.115ms
07-21 20:40:08.129 15386 22786 I CameraManagerGlobal: Connecting to camera service
07-21 20:40:08.129 15386 22786 E CameraManagerGlobal: Camera service is unavailable
07-21 20:40:09.038 15386 15403 I vision.svplaye: Background concurrent copying GC freed 205400(6MB) AllocSpace objects, 0(0B) LOS objects, 21% free, 21MB/27MB, paused 262us total 235.496ms
07-21 20:40:09.130 15386 22786 I CameraManagerGlobal: Connecting to camera service
07-21 20:40:09.130 15386 22786 E CameraManagerGlobal: Camera service is unavailable
07-21 20:40:10.130 15386 22786 I CameraManagerGlobal: Connecting to camera service
07-21 20:40:10.131 15386 22786 E CameraManagerGlobal: Camera service is unavailable
07-21 20:40:10.537 15386 15403 I vision.svplaye: Background concurrent copying GC freed 205148(6MB) AllocSpace objects, 0(0B) LOS objects, 21% free, 21MB/27MB, paused 221us total 228.298ms
07-21 20:40:11.131 15386 22786 I CameraManagerGlobal: Connecting to camera service
07-21 20:40:11.132 15386 22786 E CameraManagerGlobal: Camera service is unavailable
07-21 20:40:12.038 15386 15403 I vision.svplaye: Background concurrent copying GC freed 205436(6MB) AllocSpace objects, 0(0B) LOS objects, 21% free, 21MB/27MB, paused 181us total 237.962ms
07-21 20:40:12.132 15386 22786 I CameraManagerGlobal: Connecting to camera service
07-21 20:40:12.132 15386 22786 E CameraManagerGlobal: Camera service is unavailable
07-21 20:40:13.133 15386 22786 I CameraManagerGlobal: Connecting to camera service
07-21 20:40:13.133 15386 22786 E CameraManagerGlobal: Camera service is unavailable
07-21 20:40:13.520 15386 15403 I vision.svplaye: Background concurrent copying GC freed 209072(6MB) AllocSpace objects, 0(0B) LOS objects, 21% free, 21MB/27MB, paused 197us total 226.268ms
07-21 20:40:14.133 15386 22786 I CameraManagerGlobal: Connecting to camera service
07-21 20:40:14.134 15386 22786 E CameraManagerGlobal: Camera service is unavailable
07-21 20:40:15.118 15386 15403 I vision.svplaye: Background concurrent copying GC freed 206147(6MB) AllocSpace objects, 0(0B) LOS objects, 21% free, 21MB/27MB, paused 216us total 250.200ms
07-21 20:40:15.134 15386 22786 I CameraManagerGlobal: Connecting to camera service
07-21 20:40:15.134 15386 22786 E CameraManagerGlobal: Camera service is unavailable
07-21 20:40:16.135 15386 22786 I CameraManagerGlobal: Connecting to camera service
07-21 20:40:16.135 15386 22786 E CameraManagerGlobal: Camera service is unavailable
07-21 20:40:16.676 15386 15403 I vision.svplaye: Background concurrent copying GC freed 202668(6MB) AllocSpace objects, 0(0B) LOS objects, 21% free, 21MB/27MB, paused 197us total 242.705ms
07-21 20:40:17.135 15386 22786 I CameraManagerGlobal: Connecting to camera service
07-21 20:40:17.136 15386 22786 E CameraManagerGlobal: Camera service is unavailable
07-21 20:40:17.889 15386 15403 I vision.svplaye: Background concurrent copying GC freed 161085(5MB) AllocSpace objects, 2(68KB) LOS objects, 20% free, 23MB/29MB, paused 197us total 248.584ms
07-21 20:40:18.136 15386 22786 I CameraManagerGlobal: Connecting to camera service
07-21 20:40:18.137 15386 22786 E CameraManagerGlobal: Camera service is unavailable
07-21 20:40:19.137 15386 22786 I CameraManagerGlobal: Connecting to camera service
07-21 20:40:19.138 15386 22786 E CameraManagerGlobal: Camera service is unavailable
07-21 20:40:19.189 15386 15403 I vision.svplaye: Background concurrent copying GC freed 224801(6MB) AllocSpace objects, 0(0B) LOS objects, 20% free, 22MB/28MB, paused 185us total 241.946ms
07-21 20:40:20.138 15386 22786 I CameraManagerGlobal: Connecting to camera service
07-21 20:40:20.138 15386 22786 E CameraManagerGlobal: Camera service is unavailable
07-21 20:40:20.447 15386 15403 I vision.svplaye: Background concurrent copying GC freed 219933(6MB) AllocSpace objects, 0(0B) LOS objects, 20% free, 22MB/28MB, paused 277us total 236.912ms
07-21 20:40:21.138 15386 22786 I CameraManagerGlobal: Connecting to camera service
07-21 20:40:21.139 15386 22786 E CameraManagerGlobal: Camera service is unavailable
07-21 20:40:21.610 15386 15403 I vision.svplaye: Background concurrent copying GC freed 221826(6MB) AllocSpace objects, 0(0B) LOS objects, 20% free, 22MB/28MB, paused 188us total 237.034ms
07-21 20:40:22.139 15386 22786 I CameraManagerGlobal: Connecting to camera service
07-21 20:40:22.139 15386 22786 E CameraManagerGlobal: Camera service is unavailable
07-21 20:40:22.760 15386 15403 I vision.svplaye: Background concurrent copying GC freed 225676(6MB) AllocSpace objects, 0(0B) LOS objects, 20% free, 22MB/28MB, paused 168us total 237.587ms
07-21 20:40:23.140 15386 22786 I CameraManagerGlobal: Connecting to camera service
07-21 20:40:23.140 15386 22786 E CameraManagerGlobal: Camera service is unavailable
07-21 20:40:23.908 15386 15403 I vision.svplaye: Background concurrent copying GC freed 220813(6MB) AllocSpace objects, 0(0B) LOS objects, 20% free, 22MB/28MB, paused 198us total 247.322ms
07-21 20:40:24.140 15386 22786 I CameraManagerGlobal: Connecting to camera service
07-21 20:40:24.141 15386 22786 E CameraManagerGlobal: Camera service is unavailable
07-21 20:40:25.055 15386 15403 I vision.svplaye: Background concurrent copying GC freed 222887(6MB) AllocSpace objects, 0(0B) LOS objects, 20% free, 22MB/28MB, paused 194us total 248.216ms
07-21 20:40:25.141 15386 22786 I CameraManagerGlobal: Connecting to camera service
07-21 20:40:25.141 15386 22786 E CameraManagerGlobal: Camera service is unavailable
07-21 20:40:26.142 15386 22786 I CameraManagerGlobal: Connecting to camera service
07-21 20:40:26.142 15386 22786 E CameraManagerGlobal: Camera service is unavailable
07-21 20:40:26.214 15386 15403 I vision.svplaye: Background concurrent copying GC freed 223759(6MB) AllocSpace objects, 0(0B) LOS objects, 20% free, 22MB/28MB, paused 183us total 244.533ms
07-21 20:40:27.142 15386 22786 I CameraManagerGlobal: Connecting to camera service
07-21 20:40:27.143 15386 22786 E CameraManagerGlobal: Camera service is unavailable
07-21 20:40:27.381 15386 15403 I vision.svplaye: Background concurrent copying GC freed 221075(6MB) AllocSpace objects, 0(0B) LOS objects, 20% free, 22MB/28MB, paused 180us total 242.716ms
07-21 20:40:28.143 15386 22786 I CameraManagerGlobal: Connecting to camera service
07-21 20:40:28.143 15386 22786 E CameraManagerGlobal: Camera service is unavailable
07-21 20:40:28.555 15386 15403 I vision.svplaye: Background concurrent copying GC freed 221030(6MB) AllocSpace objects, 0(0B) LOS objects, 20% free, 22MB/28MB, paused 208us total 236.276ms
07-21 20:40:29.144 15386 22786 I CameraManagerGlobal: Connecting to camera service
07-21 20:40:29.144 15386 22786 E CameraManagerGlobal: Camera service is unavailable
07-21 20:40:29.708 15386 15403 I vision.svplaye: Background concurrent copying GC freed 222899(6MB) AllocSpace objects, 0(0B) LOS objects, 20% free, 22MB/28MB, paused 198us total 241.026ms
07-21 20:40:30.144 15386 22786 I CameraManagerGlobal: Connecting to camera service
07-21 20:40:30.145 15386 22786 E CameraManagerGlobal: Camera service is unavailable
07-21 20:40:30.908 15386 15403 I vision.svplaye: Background concurrent copying GC freed 220572(6MB) AllocSpace objects, 0(0B) LOS objects, 20% free, 22MB/28MB, paused 197us total 243.789ms
07-21 20:40:31.145 15386 22786 I CameraManagerGlobal: Connecting to camera service
07-21 20:40:31.146 15386 22786 E CameraManagerGlobal: Camera service is unavailable
07-21 20:40:32.119 15386 15403 I vision.svplaye: Background concurrent copying GC freed 218582(6MB) AllocSpace objects, 1(20KB) LOS objects, 20% free, 23MB/29MB, paused 204us total 242.756ms
07-21 20:40:32.146 15386 22786 I CameraManagerGlobal: Connecting to camera service
07-21 20:40:32.146 15386 22786 E CameraManagerGlobal: Camera service is unavailable
07-21 20:40:33.147 15386 22786 I CameraManagerGlobal: Connecting to camera service
07-21 20:40:33.147 15386 22786 E CameraManagerGlobal: Camera service is unavailable
07-21 20:40:33.307 15386 15403 I vision.svplaye: Background concurrent copying GC freed 219689(6MB) AllocSpace objects, 0(0B) LOS objects, 20% free, 23MB/29MB, paused 281us total 241.108ms
07-21 20:40:34.147 15386 22786 I CameraManagerGlobal: Connecting to camera service
07-21 20:40:34.148 15386 22786 E CameraManagerGlobal: Camera service is unavailable
07-21 20:40:34.499 15386 15403 I vision.svplaye: Background concurrent copying GC freed 222205(6MB) AllocSpace objects, 0(0B) LOS objects, 20% free, 23MB/29MB, paused 184us total 242.577ms
07-21 20:40:35.148 15386 22786 I CameraManagerGlobal: Connecting to camera service
07-21 20:40:35.148 15386 22786 E CameraManagerGlobal: Camera service is unavailable
07-21 20:40:35.693 15386 15403 I vision.svplaye: Background concurrent copying GC freed 222561(6MB) AllocSpace objects, 0(0B) LOS objects, 20% free, 22MB/28MB, paused 189us total 241.618ms
07-21 20:40:36.149 15386 22786 I CameraManagerGlobal: Connecting to camera service
07-21 20:40:36.150 15386 22786 E CameraManagerGlobal: Camera service is unavailable
07-21 20:40:36.880 15386 15403 I vision.svplaye: Background concurrent copying GC freed 218203(6MB) AllocSpace objects, 0(0B) LOS objects, 20% free, 22MB/28MB, paused 201us total 248.849ms
07-21 20:40:37.150 15386 22786 I CameraManagerGlobal: Connecting to camera service
07-21 20:40:37.150 15386 22786 E CameraManagerGlobal: Camera service is unavailable
07-21 20:40:38.062 15386 15403 I vision.svplaye: Background concurrent copying GC freed 219510(6MB) AllocSpace objects, 0(0B) LOS objects, 20% free, 23MB/29MB, paused 203us total 247.548ms
07-21 20:40:38.151 15386 22786 I CameraManagerGlobal: Connecting to camera service
07-21 20:40:38.151 15386 22786 E CameraManagerGlobal: Camera service is unavailable
07-21 20:40:39.151 15386 22786 I CameraManagerGlobal: Connecting to camera service
07-21 20:40:39.152 15386 22786 E CameraManagerGlobal: Camera service is unavailable
07-21 20:40:39.231 15386 15403 I vision.svplaye: Background concurrent copying GC freed 220555(6MB) AllocSpace objects, 0(0B) LOS objects, 20% free, 22MB/28MB, paused 265us total 235.872ms
07-21 20:40:40.152 15386 22786 I CameraManagerGlobal: Connecting to camera service
07-21 20:40:40.152 15386 22786 E CameraManagerGlobal: Camera service is unavailable
07-21 20:40:40.407 15386 15403 I vision.svplaye: Background concurrent copying GC freed 219510(6MB) AllocSpace objects, 0(0B) LOS objects, 20% free, 22MB/28MB, paused 215us total 235.771ms
07-21 20:40:41.153 15386 22786 I CameraManagerGlobal: Connecting to camera service
07-21 20:40:41.153 15386 22786 E CameraManagerGlobal: Camera service is unavailable
07-21 20:40:41.577 15386 15403 I vision.svplaye: Background concurrent copying GC freed 217232(6MB) AllocSpace objects, 0(0B) LOS objects, 20% free, 22MB/28MB, paused 218us total 235.605ms
07-21 20:40:42.153 15386 22786 I CameraManagerGlobal: Connecting to camera service
07-21 20:40:42.154 15386 22786 E CameraManagerGlobal: Camera service is unavailable
07-21 20:40:42.776 15386 15403 I vision.svplaye: Background concurrent copying GC freed 217479(6MB) AllocSpace objects, 0(0B) LOS objects, 20% free, 22MB/28MB, paused 181us total 243.076ms
07-21 20:40:43.154 15386 22786 I CameraManagerGlobal: Connecting to camera service
07-21 20:40:43.154 15386 22786 E CameraManagerGlobal: Camera service is unavailable
07-21 20:40:43.971 15386 15403 I vision.svplaye: Background concurrent copying GC freed 218370(6MB) AllocSpace objects, 0(0B) LOS objects, 20% free, 22MB/28MB, paused 203us total 250.800ms
07-21 20:40:44.155 15386 22786 I CameraManagerGlobal: Connecting to camera service
07-21 20:40:44.155 15386 22786 E CameraManagerGlobal: Camera service is unavailable
07-21 20:40:45.156 15386 22786 I CameraManagerGlobal: Connecting to camera service
07-21 20:40:45.156 15386 22786 E CameraManagerGlobal: Camera service is unavailable
07-21 20:40:45.168 15386 15403 I vision.svplaye: Background concurrent copying GC freed 220197(6MB) AllocSpace objects, 0(0B) LOS objects, 20% free, 22MB/28MB, paused 196us total 236.108ms
07-21 20:40:46.156 15386 22786 I CameraManagerGlobal: Connecting to camera service
07-21 20:40:46.157 15386 22786 E CameraManagerGlobal: Camera service is unavailable
07-21 20:40:46.370 15386 15403 I vision.svplaye: Background concurrent copying GC freed 217177(6MB) AllocSpace objects, 0(0B) LOS objects, 20% free, 22MB/28MB, paused 204us total 243.178ms
07-21 20:40:47.157 15386 22786 I CameraManagerGlobal: Connecting to camera service
07-21 20:40:47.157 15386 22786 E CameraManagerGlobal: Camera service is unavailable
07-21 20:40:47.568 15386 15403 I vision.svplaye: Background concurrent copying GC freed 219487(6MB) AllocSpace objects, 0(0B) LOS objects, 20% free, 22MB/28MB, paused 195us total 233.887ms
07-21 20:40:48.158 15386 22786 I CameraManagerGlobal: Connecting to camera service
07-21 20:40:48.158 15386 22786 E CameraManagerGlobal: Camera service is unavailable
07-21 20:40:48.768 15386 15403 I vision.svplaye: Background concurrent copying GC freed 219211(6MB) AllocSpace objects, 0(0B) LOS objects, 20% free, 22MB/28MB, paused 284us total 238.705ms
07-21 20:40:49.159 15386 22786 I CameraManagerGlobal: Connecting to camera service
07-21 20:40:49.159 15386 22786 E CameraManagerGlobal: Camera service is unavailable
07-21 20:40:50.057 15386 15403 I vision.svplaye: Background concurrent copying GC freed 212620(6MB) AllocSpace objects, 0(0B) LOS objects, 20% free, 22MB/28MB, paused 198us total 235.461ms
07-21 20:40:50.160 15386 22786 I CameraManagerGlobal: Connecting to camera service
07-21 20:40:50.160 15386 22786 E CameraManagerGlobal: Camera service is unavailable
07-21 20:40:51.160 15386 22786 I CameraManagerGlobal: Connecting to camera service
07-21 20:40:51.161 15386 22786 E CameraManagerGlobal: Camera service is unavailable
07-21 20:40:51.288 15386 15403 I vision.svplaye: Background concurrent copying GC freed 218532(6MB) AllocSpace objects, 0(0B) LOS objects, 20% free, 22MB/28MB, paused 219us total 253.764ms
07-21 20:40:52.161 15386 22786 I CameraManagerGlobal: Connecting to camera service
07-21 20:40:52.162 15386 22786 E CameraManagerGlobal: Camera service is unavailable
07-21 20:40:52.565 15386 15403 I vision.svplaye: Background concurrent copying GC freed 215557(6MB) AllocSpace objects, 0(0B) LOS objects, 20% free, 22MB/28MB, paused 208us total 252.278ms
07-21 20:40:53.162 15386 22786 I CameraManagerGlobal: Connecting to camera service
07-21 20:40:53.162 15386 22786 E CameraManagerGlobal: Camera service is unavailable
07-21 20:40:53.766 15386 15403 I vision.svplaye: Background concurrent copying GC freed 221022(6MB) AllocSpace objects, 0(0B) LOS objects, 20% free, 22MB/28MB, paused 186us total 239.785ms
07-21 20:40:54.163 15386 22786 I CameraManagerGlobal: Connecting to camera service
07-21 20:40:54.163 15386 22786 E CameraManagerGlobal: Camera service is unavailable
07-21 20:40:54.925 15386 15403 I vision.svplaye: Background concurrent copying GC freed 220574(6MB) AllocSpace objects, 0(0B) LOS objects, 20% free, 22MB/28MB, paused 163us total 242.999ms
07-21 20:40:55.163 15386 22786 I CameraManagerGlobal: Connecting to camera service
07-21 20:40:55.164 15386 22786 E CameraManagerGlobal: Camera service is unavailable
07-21 20:40:56.079 15386 15403 I vision.svplaye: Background concurrent copying GC freed 226132(6MB) AllocSpace objects, 0(0B) LOS objects, 20% free, 22MB/28MB, paused 193us total 245.564ms
07-21 20:40:56.164 15386 22786 I CameraManagerGlobal: Connecting to camera service
07-21 20:40:56.164 15386 22786 E CameraManagerGlobal: Camera service is unavailable
07-21 20:40:57.165 15386 22786 I CameraManagerGlobal: Connecting to camera service
07-21 20:40:57.165 15386 22786 E CameraManagerGlobal: Camera service is unavailable
07-21 20:40:57.227 15386 15403 I vision.svplaye: Background concurrent copying GC freed 221488(6MB) AllocSpace objects, 0(0B) LOS objects, 20% free, 22MB/28MB, paused 202us total 245.622ms
07-21 20:40:58.166 15386 22786 I CameraManagerGlobal: Connecting to camera service
07-21 20:40:58.166 15386 22786 E CameraManagerGlobal: Camera service is unavailable
07-21 20:40:58.374 15386 15403 I vision.svplaye: Background concurrent copying GC freed 224534(6MB) AllocSpace objects, 0(0B) LOS objects, 20% free, 22MB/28MB, paused 194us total 235.678ms
07-21 20:40:59.166 15386 22786 I CameraManagerGlobal: Connecting to camera service
07-21 20:40:59.167 15386 22786 E CameraManagerGlobal: Camera service is unavailable
07-21 20:40:59.543 15386 15403 I vision.svplaye: Background concurrent copying GC freed 221209(6MB) AllocSpace objects, 0(0B) LOS objects, 20% free, 22MB/28MB, paused 197us total 244.142ms
07-21 20:41:00.167 15386 22786 I CameraManagerGlobal: Connecting to camera service
07-21 20:41:00.167 15386 22786 E CameraManagerGlobal: Camera service is unavailable
07-21 20:41:00.719 15386 15403 I vision.svplaye: Background concurrent copying GC freed 226004(6MB) AllocSpace objects, 0(0B) LOS objects, 20% free, 22MB/28MB, paused 188us total 243.944ms
07-21 20:41:01.168 15386 22786 I CameraManagerGlobal: Connecting to camera service
07-21 20:41:01.168 15386 22786 E CameraManagerGlobal: Camera service is unavailable
07-21 20:41:01.878 15386 15403 I vision.svplaye: Background concurrent copying GC freed 221495(6MB) AllocSpace objects, 0(0B) LOS objects, 20% free, 23MB/29MB, paused 199us total 244.137ms
07-21 20:41:02.169 15386 22786 I CameraManagerGlobal: Connecting to camera service
07-21 20:41:02.169 15386 22786 E CameraManagerGlobal: Camera service is unavailable
07-21 20:41:03.040 15386 15403 I vision.svplaye: Background concurrent copying GC freed 225574(6MB) AllocSpace objects, 0(0B) LOS objects, 20% free, 23MB/29MB, paused 199us total 248.951ms
07-21 20:41:03.169 15386 22786 I CameraManagerGlobal: Connecting to camera service
07-21 20:41:03.170 15386 22786 E CameraManagerGlobal: Camera service is unavailable
