--------- beginning of main
07-21 20:56:35.932 15386 22786 I CameraManagerGlobal: Connecting to camera service
07-21 20:56:35.934 15386 22786 E CameraManagerGlobal: Camera service is unavailable
07-21 20:56:36.745 15386 15403 I vision.svplaye: Background concurrent copying GC freed 208572(6MB) AllocSpace objects, 1(20KB) LOS objects, 11% free, 45MB/51MB, paused 230us total 306.786ms
07-21 20:56:36.934 15386 22786 I CameraManagerGlobal: Connecting to camera service
07-21 20:56:36.935 15386 22786 E CameraManagerGlobal: Camera service is unavailable
07-21 20:56:37.935 15386 22786 I CameraManagerGlobal: Connecting to camera service
07-21 20:56:37.936 15386 22786 E CameraManagerGlobal: Camera service is unavailable
07-21 20:56:38.300 15386 15403 I vision.svplaye: Background concurrent copying GC freed 210814(6MB) AllocSpace objects, 0(0B) LOS objects, 11% free, 45MB/51MB, paused 203us total 312.950ms
07-21 20:56:38.936 15386 22786 I CameraManagerGlobal: Connecting to camera service
07-21 20:56:38.937 15386 22786 E CameraManagerGlobal: Camera service is unavailable
07-21 20:56:39.898 15386 15403 I vision.svplaye: Background concurrent copying GC freed 210219(6MB) AllocSpace objects, 0(0B) LOS objects, 11% free, 45MB/51MB, paused 211us total 304.971ms
07-21 20:56:39.937 15386 22786 I CameraManagerGlobal: Connecting to camera service
07-21 20:56:39.937 15386 22786 E CameraManagerGlobal: Camera service is unavailable
07-21 20:56:40.577 15386 28285 I MediaCodecLogger: 15386.SW.audio.mp4a.bitrateInKbps = 94
07-21 20:56:40.677 15386 28273 I MediaCodecLogger: 15386.HW.video.avc.bitrateInKbps = 4381
07-21 20:56:40.938 15386 22786 I CameraManagerGlobal: Connecting to camera service
07-21 20:56:40.938 15386 22786 E CameraManagerGlobal: Camera service is unavailable
07-21 20:56:41.440 15386 15403 I vision.svplaye: Background concurrent copying GC freed 214138(6MB) AllocSpace objects, 0(0B) LOS objects, 11% free, 45MB/51MB, paused 522us total 309.077ms
07-21 20:56:41.938 15386 22786 I CameraManagerGlobal: Connecting to camera service
07-21 20:56:41.939 15386 22786 E CameraManagerGlobal: Camera service is unavailable
07-21 20:56:42.940 15386 22786 I CameraManagerGlobal: Connecting to camera service
07-21 20:56:42.940 15386 22786 E CameraManagerGlobal: Camera service is unavailable
07-21 20:56:43.035 15386 15403 I vision.svplaye: Background concurrent copying GC freed 210557(6MB) AllocSpace objects, 0(0B) LOS objects, 11% free, 45MB/51MB, paused 218us total 315.277ms
07-21 20:56:43.940 15386 22786 I CameraManagerGlobal: Connecting to camera service
07-21 20:56:43.941 15386 22786 E CameraManagerGlobal: Camera service is unavailable
07-21 20:56:44.597 15386 15403 I vision.svplaye: Background concurrent copying GC freed 212496(6MB) AllocSpace objects, 0(0B) LOS objects, 11% free, 45MB/51MB, paused 355us total 312.633ms
07-21 20:56:44.941 15386 22786 I CameraManagerGlobal: Connecting to camera service
07-21 20:56:44.942 15386 22786 E CameraManagerGlobal: Camera service is unavailable
07-21 20:56:45.629 15386 28285 I MediaCodecLogger: 15386.SW.audio.mp4a.bitrateInKbps = 93
07-21 20:56:45.717 15386 28273 I MediaCodecLogger: 15386.HW.video.avc.bitrateInKbps = 5089
07-21 20:56:45.942 15386 22786 I CameraManagerGlobal: Connecting to camera service
07-21 20:56:45.943 15386 22786 E CameraManagerGlobal: Camera service is unavailable
07-21 20:56:46.135 15386 15403 I vision.svplaye: Background concurrent copying GC freed 213866(6MB) AllocSpace objects, 0(0B) LOS objects, 11% free, 45MB/51MB, paused 195us total 292.224ms
07-21 20:56:46.944 15386 22786 I CameraManagerGlobal: Connecting to camera service
07-21 20:56:46.945 15386 22786 E CameraManagerGlobal: Camera service is unavailable
07-21 20:56:47.684 15386 15403 I vision.svplaye: Background concurrent copying GC freed 204480(6MB) AllocSpace objects, 0(0B) LOS objects, 11% free, 45MB/51MB, paused 593us total 288.566ms
07-21 20:56:47.945 15386 22786 I CameraManagerGlobal: Connecting to camera service
07-21 20:56:47.945 15386 22786 E CameraManagerGlobal: Camera service is unavailable
07-21 20:56:48.946 15386 22786 I CameraManagerGlobal: Connecting to camera service
07-21 20:56:48.947 15386 22786 E CameraManagerGlobal: Camera service is unavailable
07-21 20:56:49.235 15386 15403 I vision.svplaye: Background concurrent copying GC freed 208655(6MB) AllocSpace objects, 0(0B) LOS objects, 11% free, 45MB/51MB, paused 214us total 290.746ms
07-21 20:56:49.947 15386 22786 I CameraManagerGlobal: Connecting to camera service
07-21 20:56:49.947 15386 22786 E CameraManagerGlobal: Camera service is unavailable
07-21 20:56:50.647 15386 28285 I MediaCodecLogger: 15386.SW.audio.mp4a.bitrateInKbps = 93
07-21 20:56:50.789 15386 28273 I MediaCodecLogger: 15386.HW.video.avc.bitrateInKbps = 5245
07-21 20:56:50.817 15386 15403 I vision.svplaye: Background concurrent copying GC freed 208837(6MB) AllocSpace objects, 0(0B) LOS objects, 11% free, 45MB/51MB, paused 323us total 304.892ms
07-21 20:56:50.948 15386 22786 I CameraManagerGlobal: Connecting to camera service
07-21 20:56:50.948 15386 22786 E CameraManagerGlobal: Camera service is unavailable
07-21 20:56:51.948 15386 22786 I CameraManagerGlobal: Connecting to camera service
07-21 20:56:51.949 15386 22786 E CameraManagerGlobal: Camera service is unavailable
07-21 20:56:52.363 15386 15403 I vision.svplaye: Background concurrent copying GC freed 212528(6MB) AllocSpace objects, 0(0B) LOS objects, 11% free, 45MB/51MB, paused 211us total 299.191ms
07-21 20:56:52.949 15386 22786 I CameraManagerGlobal: Connecting to camera service
07-21 20:56:52.950 15386 22786 E CameraManagerGlobal: Camera service is unavailable
07-21 20:56:53.928 15386 15403 I vision.svplaye: Background concurrent copying GC freed 209184(6MB) AllocSpace objects, 0(0B) LOS objects, 11% free, 45MB/51MB, paused 342us total 296.874ms
07-21 20:56:53.950 15386 22786 I CameraManagerGlobal: Connecting to camera service
07-21 20:56:53.950 15386 22786 E CameraManagerGlobal: Camera service is unavailable
07-21 20:56:54.951 15386 22786 I CameraManagerGlobal: Connecting to camera service
07-21 20:56:54.951 15386 22786 E CameraManagerGlobal: Camera service is unavailable
07-21 20:56:55.490 15386 15403 I vision.svplaye: Background concurrent copying GC freed 210199(6MB) AllocSpace objects, 0(0B) LOS objects, 11% free, 45MB/51MB, paused 377us total 300.842ms
07-21 20:56:55.681 15386 28285 I MediaCodecLogger: 15386.SW.audio.mp4a.bitrateInKbps = 94
07-21 20:56:55.874 15386 28273 I MediaCodecLogger: 15386.HW.video.avc.bitrateInKbps = 4715
07-21 20:56:55.951 15386 22786 I CameraManagerGlobal: Connecting to camera service
07-21 20:56:55.952 15386 22786 E CameraManagerGlobal: Camera service is unavailable
07-21 20:56:56.952 15386 22786 I CameraManagerGlobal: Connecting to camera service
07-21 20:56:56.953 15386 22786 E CameraManagerGlobal: Camera service is unavailable
07-21 20:56:57.067 15386 15403 I vision.svplaye: Background concurrent copying GC freed 208605(6MB) AllocSpace objects, 0(0B) LOS objects, 11% free, 45MB/51MB, paused 560us total 322.418ms
07-21 20:56:57.953 15386 22786 I CameraManagerGlobal: Connecting to camera service
07-21 20:56:57.954 15386 22786 E CameraManagerGlobal: Camera service is unavailable
07-21 20:56:58.615 15386 15403 I vision.svplaye: Background concurrent copying GC freed 214973(6MB) AllocSpace objects, 0(0B) LOS objects, 11% free, 45MB/51MB, paused 218us total 289.412ms
07-21 20:56:58.954 15386 22786 I CameraManagerGlobal: Connecting to camera service
07-21 20:56:58.954 15386 22786 E CameraManagerGlobal: Camera service is unavailable
07-21 20:56:59.955 15386 22786 I CameraManagerGlobal: Connecting to camera service
07-21 20:56:59.955 15386 22786 E CameraManagerGlobal: Camera service is unavailable
07-21 20:57:00.254 15386 15403 I vision.svplaye: Background concurrent copying GC freed 208687(6MB) AllocSpace objects, 0(0B) LOS objects, 11% free, 45MB/51MB, paused 241us total 361.581ms
07-21 20:57:00.734 15386 28285 I MediaCodecLogger: 15386.SW.audio.mp4a.bitrateInKbps = 93
07-21 20:57:00.918 15386 28273 I MediaCodecLogger: 15386.HW.video.avc.bitrateInKbps = 4228
07-21 20:57:00.955 15386 22786 I CameraManagerGlobal: Connecting to camera service
07-21 20:57:00.956 15386 22786 E CameraManagerGlobal: Camera service is unavailable
07-21 20:57:01.956 15386 22786 I CameraManagerGlobal: Connecting to camera service
07-21 20:57:01.956 15386 22786 E CameraManagerGlobal: Camera service is unavailable
07-21 20:57:02.074 15386 15403 I vision.svplaye: Background concurrent copying GC freed 206675(6MB) AllocSpace objects, 0(0B) LOS objects, 11% free, 45MB/51MB, paused 538us total 331.800ms
07-21 20:57:02.957 15386 22786 I CameraManagerGlobal: Connecting to camera service
07-21 20:57:02.957 15386 22786 E CameraManagerGlobal: Camera service is unavailable
07-21 20:57:03.718 15386 15403 I vision.svplaye: Background concurrent copying GC freed 208774(6MB) AllocSpace objects, 0(0B) LOS objects, 11% free, 45MB/51MB, paused 198us total 291.789ms
07-21 20:57:03.958 15386 22786 I CameraManagerGlobal: Connecting to camera service
07-21 20:57:03.958 15386 22786 E CameraManagerGlobal: Camera service is unavailable
07-21 20:57:04.959 15386 22786 I CameraManagerGlobal: Connecting to camera service
07-21 20:57:04.959 15386 22786 E CameraManagerGlobal: Camera service is unavailable
07-21 20:57:05.750 15386 28285 I MediaCodecLogger: 15386.SW.audio.mp4a.bitrateInKbps = 93
07-21 20:57:05.953 15386 28273 I MediaCodecLogger: 15386.HW.video.avc.bitrateInKbps = 2681
07-21 20:57:05.960 15386 22786 I CameraManagerGlobal: Connecting to camera service
07-21 20:57:05.960 15386 22786 E CameraManagerGlobal: Camera service is unavailable
07-21 20:57:06.325 15386 15403 I vision.svplaye: Background concurrent copying GC freed 204941(6MB) AllocSpace objects, 0(0B) LOS objects, 11% free, 46MB/52MB, paused 263us total 949.578ms
07-21 20:57:06.961 15386 22786 I CameraManagerGlobal: Connecting to camera service
07-21 20:57:06.961 15386 22786 E CameraManagerGlobal: Camera service is unavailable
07-21 20:57:07.961 15386 22786 I CameraManagerGlobal: Connecting to camera service
07-21 20:57:07.962 15386 22786 E CameraManagerGlobal: Camera service is unavailable
07-21 20:57:08.114 15386 15403 I vision.svplaye: Background concurrent copying GC freed 241262(7MB) AllocSpace objects, 0(0B) LOS objects, 11% free, 45MB/51MB, paused 927us total 337.066ms
07-21 20:57:08.963 15386 22786 I CameraManagerGlobal: Connecting to camera service
07-21 20:57:08.963 15386 22786 E CameraManagerGlobal: Camera service is unavailable
07-21 20:57:09.963 15386 22786 I CameraManagerGlobal: Connecting to camera service
07-21 20:57:09.964 15386 22786 E CameraManagerGlobal: Camera service is unavailable
07-21 20:57:10.039 15386 15403 I vision.svplaye: Background concurrent copying GC freed 212956(6MB) AllocSpace objects, 0(0B) LOS objects, 11% free, 45MB/51MB, paused 236us total 291.919ms
07-21 20:57:10.797 15386 28285 I MediaCodecLogger: 15386.SW.audio.mp4a.bitrateInKbps = 94
07-21 20:57:10.964 15386 22786 I CameraManagerGlobal: Connecting to camera service
07-21 20:57:10.965 15386 22786 E CameraManagerGlobal: Camera service is unavailable
07-21 20:57:11.037 15386 28273 I MediaCodecLogger: 15386.HW.video.avc.bitrateInKbps = 4675
07-21 20:57:11.593 15386 15403 I vision.svplaye: Background concurrent copying GC freed 214905(6MB) AllocSpace objects, 0(0B) LOS objects, 11% free, 45MB/51MB, paused 197us total 313.312ms
07-21 20:57:11.965 15386 22786 I CameraManagerGlobal: Connecting to camera service
07-21 20:57:11.966 15386 22786 E CameraManagerGlobal: Camera service is unavailable
07-21 20:57:12.966 15386 22786 I CameraManagerGlobal: Connecting to camera service
07-21 20:57:12.966 15386 22786 E CameraManagerGlobal: Camera service is unavailable
07-21 20:57:13.204 15386 15403 I vision.svplaye: Background concurrent copying GC freed 217378(6MB) AllocSpace objects, 0(0B) LOS objects, 11% free, 45MB/51MB, paused 230us total 323.061ms
07-21 20:57:13.967 15386 22786 I CameraManagerGlobal: Connecting to camera service
07-21 20:57:13.967 15386 22786 E CameraManagerGlobal: Camera service is unavailable
07-21 20:57:14.763 15386 15403 I vision.svplaye: Background concurrent copying GC freed 220299(6MB) AllocSpace objects, 0(0B) LOS objects, 11% free, 45MB/51MB, paused 207us total 310.918ms
07-21 20:57:14.967 15386 22786 I CameraManagerGlobal: Connecting to camera service
07-21 20:57:14.968 15386 22786 E CameraManagerGlobal: Camera service is unavailable
07-21 20:57:15.835 15386 28285 I MediaCodecLogger: 15386.SW.audio.mp4a.bitrateInKbps = 93
07-21 20:57:15.968 15386 22786 I CameraManagerGlobal: Connecting to camera service
07-21 20:57:15.968 15386 22786 E CameraManagerGlobal: Camera service is unavailable
07-21 20:57:16.112 15386 28273 I MediaCodecLogger: 15386.HW.video.avc.bitrateInKbps = 4333
07-21 20:57:16.261 15386 15403 I vision.svplaye: Background concurrent copying GC freed 218469(6MB) AllocSpace objects, 0(0B) LOS objects, 11% free, 45MB/51MB, paused 215us total 297.054ms
07-21 20:57:16.969 15386 22786 I CameraManagerGlobal: Connecting to camera service
07-21 20:57:16.969 15386 22786 E CameraManagerGlobal: Camera service is unavailable
07-21 20:57:17.820 15386 15403 I vision.svplaye: Background concurrent copying GC freed 212494(6MB) AllocSpace objects, 0(0B) LOS objects, 11% free, 45MB/51MB, paused 213us total 295.112ms
07-21 20:57:17.969 15386 22786 I CameraManagerGlobal: Connecting to camera service
07-21 20:57:17.970 15386 22786 E CameraManagerGlobal: Camera service is unavailable
07-21 20:57:18.970 15386 22786 I CameraManagerGlobal: Connecting to camera service
07-21 20:57:18.971 15386 22786 E CameraManagerGlobal: Camera service is unavailable
07-21 20:57:19.370 15386 15403 I vision.svplaye: Background concurrent copying GC freed 213964(6MB) AllocSpace objects, 0(0B) LOS objects, 11% free, 45MB/51MB, paused 206us total 327.911ms
07-21 20:57:19.971 15386 22786 I CameraManagerGlobal: Connecting to camera service
07-21 20:57:19.971 15386 22786 E CameraManagerGlobal: Camera service is unavailable
07-21 20:57:20.848 15386 28285 I MediaCodecLogger: 15386.SW.audio.mp4a.bitrateInKbps = 93
07-21 20:57:20.972 15386 22786 I CameraManagerGlobal: Connecting to camera service
07-21 20:57:20.972 15386 22786 E CameraManagerGlobal: Camera service is unavailable
07-21 20:57:21.090 15386 15403 I vision.svplaye: Background concurrent copying GC freed 211032(6MB) AllocSpace objects, 0(0B) LOS objects, 11% free, 45MB/51MB, paused 243us total 343.160ms
07-21 20:57:21.155 15386 28273 I MediaCodecLogger: 15386.HW.video.avc.bitrateInKbps = 4224
07-21 20:57:21.972 15386 22786 I CameraManagerGlobal: Connecting to camera service
07-21 20:57:21.973 15386 22786 E CameraManagerGlobal: Camera service is unavailable
07-21 20:57:22.644 15386 15403 I vision.svplaye: Background concurrent copying GC freed 213721(6MB) AllocSpace objects, 1(20KB) LOS objects, 11% free, 45MB/51MB, paused 211us total 298.758ms
07-21 20:57:22.973 15386 22786 I CameraManagerGlobal: Connecting to camera service
07-21 20:57:22.974 15386 22786 E CameraManagerGlobal: Camera service is unavailable
07-21 20:57:23.974 15386 22786 I CameraManagerGlobal: Connecting to camera service
07-21 20:57:23.975 15386 22786 E CameraManagerGlobal: Camera service is unavailable
07-21 20:57:24.236 15386 15403 I vision.svplaye: Background concurrent copying GC freed 210578(6MB) AllocSpace objects, 0(0B) LOS objects, 11% free, 45MB/51MB, paused 216us total 312.925ms
07-21 20:57:24.975 15386 22786 I CameraManagerGlobal: Connecting to camera service
07-21 20:57:24.976 15386 22786 E CameraManagerGlobal: Camera service is unavailable
07-21 20:57:25.803 15386 15403 I vision.svplaye: Background concurrent copying GC freed 213867(6MB) AllocSpace objects, 0(0B) LOS objects, 11% free, 45MB/51MB, paused 229us total 309.634ms
07-21 20:57:25.899 15386 28285 I MediaCodecLogger: 15386.SW.audio.mp4a.bitrateInKbps = 93
07-21 20:57:25.977 15386 22786 I CameraManagerGlobal: Connecting to camera service
07-21 20:57:25.977 15386 22786 E CameraManagerGlobal: Camera service is unavailable
07-21 20:57:26.242 15386 28273 I MediaCodecLogger: 15386.HW.video.avc.bitrateInKbps = 4716
07-21 20:57:26.977 15386 22786 I CameraManagerGlobal: Connecting to camera service
07-21 20:57:26.978 15386 22786 E CameraManagerGlobal: Camera service is unavailable
07-21 20:57:27.425 15386 15403 I vision.svplaye: Background concurrent copying GC freed 213074(6MB) AllocSpace objects, 0(0B) LOS objects, 11% free, 45MB/51MB, paused 241us total 368.082ms
07-21 20:57:27.978 15386 22786 I CameraManagerGlobal: Connecting to camera service
07-21 20:57:27.979 15386 22786 E CameraManagerGlobal: Camera service is unavailable
07-21 20:57:28.979 15386 22786 I CameraManagerGlobal: Connecting to camera service
07-21 20:57:28.980 15386 22786 E CameraManagerGlobal: Camera service is unavailable
07-21 20:57:28.980 15386 15403 I vision.svplaye: Background concurrent copying GC freed 217019(6MB) AllocSpace objects, 0(0B) LOS objects, 11% free, 45MB/51MB, paused 210us total 298.799ms
07-21 20:57:29.980 15386 22786 I CameraManagerGlobal: Connecting to camera service
07-21 20:57:29.980 15386 22786 E CameraManagerGlobal: Camera service is unavailable
07-21 20:57:30.611 15386 15403 I vision.svplaye: Background concurrent copying GC freed 210993(6MB) AllocSpace objects, 0(0B) LOS objects, 11% free, 45MB/51MB, paused 236us total 294.752ms
07-21 20:57:30.939 15386 28285 I MediaCodecLogger: 15386.SW.audio.mp4a.bitrateInKbps = 93
07-21 20:57:30.981 15386 22786 I CameraManagerGlobal: Connecting to camera service
07-21 20:57:30.981 15386 22786 E CameraManagerGlobal: Camera service is unavailable
07-21 20:57:31.315 15386 28273 I MediaCodecLogger: 15386.HW.video.avc.bitrateInKbps = 4487
07-21 20:57:31.981 15386 22786 I CameraManagerGlobal: Connecting to camera service
07-21 20:57:31.982 15386 22786 E CameraManagerGlobal: Camera service is unavailable
07-21 20:57:32.226 15386 15403 I vision.svplaye: Background concurrent copying GC freed 206992(6MB) AllocSpace objects, 0(0B) LOS objects, 11% free, 45MB/51MB, paused 268us total 322.899ms
07-21 20:57:32.982 15386 22786 I CameraManagerGlobal: Connecting to camera service
07-21 20:57:32.983 15386 22786 E CameraManagerGlobal: Camera service is unavailable
07-21 20:57:33.839 15386 15403 I vision.svplaye: Background concurrent copying GC freed 215295(6MB) AllocSpace objects, 0(0B) LOS objects, 11% free, 45MB/51MB, paused 222us total 311.577ms
07-21 20:57:33.983 15386 22786 I CameraManagerGlobal: Connecting to camera service
07-21 20:57:33.983 15386 22786 E CameraManagerGlobal: Camera service is unavailable
07-21 20:57:34.984 15386 22786 I CameraManagerGlobal: Connecting to camera service
07-21 20:57:34.985 15386 22786 E CameraManagerGlobal: Camera service is unavailable
07-21 20:57:35.406 15386 15403 I vision.svplaye: Background concurrent copying GC freed 213326(6MB) AllocSpace objects, 0(0B) LOS objects, 11% free, 45MB/51MB, paused 221us total 315.815ms
07-21 20:57:35.956 15386 28285 I MediaCodecLogger: 15386.SW.audio.mp4a.bitrateInKbps = 93
07-21 20:57:35.986 15386 22786 I CameraManagerGlobal: Connecting to camera service
07-21 20:57:35.986 15386 22786 E CameraManagerGlobal: Camera service is unavailable
07-21 20:57:36.404 15386 28273 I MediaCodecLogger: 15386.HW.video.avc.bitrateInKbps = 5985
07-21 20:57:36.943 15386 15403 I vision.svplaye: Background concurrent copying GC freed 209340(6MB) AllocSpace objects, 0(0B) LOS objects, 11% free, 45MB/51MB, paused 216us total 299.067ms
07-21 20:57:36.986 15386 22786 I CameraManagerGlobal: Connecting to camera service
07-21 20:57:36.987 15386 22786 E CameraManagerGlobal: Camera service is unavailable
07-21 20:57:37.987 15386 22786 I CameraManagerGlobal: Connecting to camera service
07-21 20:57:37.988 15386 22786 E CameraManagerGlobal: Camera service is unavailable
07-21 20:57:38.495 15386 15403 I vision.svplaye: Background concurrent copying GC freed 212424(6MB) AllocSpace objects, 0(0B) LOS objects, 11% free, 45MB/51MB, paused 806us total 296.667ms
07-21 20:57:38.988 15386 22786 I CameraManagerGlobal: Connecting to camera service
07-21 20:57:38.989 15386 22786 E CameraManagerGlobal: Camera service is unavailable
07-21 20:57:39.989 15386 22786 I CameraManagerGlobal: Connecting to camera service
07-21 20:57:39.990 15386 22786 E CameraManagerGlobal: Camera service is unavailable
07-21 20:57:40.072 15386 15403 I vision.svplaye: Background concurrent copying GC freed 210713(6MB) AllocSpace objects, 0(0B) LOS objects, 11% free, 45MB/51MB, paused 251us total 299.607ms
07-21 20:57:40.990 15386 22786 I CameraManagerGlobal: Connecting to camera service
07-21 20:57:40.991 15386 22786 E CameraManagerGlobal: Camera service is unavailable
07-21 20:57:40.996 15386 28285 I MediaCodecLogger: 15386.SW.audio.mp4a.bitrateInKbps = 93
07-21 20:57:41.437 15386 28273 I MediaCodecLogger: 15386.HW.video.avc.bitrateInKbps = 4236
07-21 20:57:41.818 15386 15403 I vision.svplaye: Background concurrent copying GC freed 210315(6MB) AllocSpace objects, 0(0B) LOS objects, 11% free, 45MB/51MB, paused 452us total 426.735ms
07-21 20:57:41.991 15386 22786 I CameraManagerGlobal: Connecting to camera service
07-21 20:57:41.991 15386 22786 E CameraManagerGlobal: Camera service is unavailable
07-21 20:57:42.427 15386 15386 W IInputConnectionWrapper: setSelection on inactive InputConnection
07-21 20:57:42.992 15386 22786 I CameraManagerGlobal: Connecting to camera service
07-21 20:57:42.992 15386 22786 E CameraManagerGlobal: Camera service is unavailable
07-21 20:57:43.739 15386 15403 I vision.svplaye: Background concurrent copying GC freed 209906(6MB) AllocSpace objects, 0(0B) LOS objects, 11% free, 45MB/51MB, paused 248us total 363.469ms
07-21 20:57:43.993 15386 22786 I CameraManagerGlobal: Connecting to camera service
07-21 20:57:44.000 15386 22786 E CameraManagerGlobal: Camera service is unavailable
07-21 20:57:45.001 15386 22786 I CameraManagerGlobal: Connecting to camera service
07-21 20:57:45.004 15386 22786 E CameraManagerGlobal: Camera service is unavailable
07-21 20:57:45.518 15386 15403 I vision.svplaye: Background concurrent copying GC freed 212869(6MB) AllocSpace objects, 0(0B) LOS objects, 11% free, 45MB/51MB, paused 227us total 475.411ms
07-21 20:57:46.004 15386 22786 I CameraManagerGlobal: Connecting to camera service
07-21 20:57:46.005 15386 22786 E CameraManagerGlobal: Camera service is unavailable
07-21 20:57:46.045 15386 28285 I MediaCodecLogger: 15386.SW.audio.mp4a.bitrateInKbps = 93
07-21 20:57:46.472 15386 28273 I MediaCodecLogger: 15386.HW.video.avc.bitrateInKbps = 4894
07-21 20:57:47.006 15386 22786 I CameraManagerGlobal: Connecting to camera service
07-21 20:57:47.006 15386 22786 E CameraManagerGlobal: Camera service is unavailable
07-21 20:57:47.285 15386 15403 I vision.svplaye: Background concurrent copying GC freed 216765(6MB) AllocSpace objects, 0(0B) LOS objects, 11% free, 45MB/51MB, paused 230us total 338.908ms
07-21 20:57:48.007 15386 22786 I CameraManagerGlobal: Connecting to camera service
07-21 20:57:48.007 15386 22786 E CameraManagerGlobal: Camera service is unavailable
07-21 20:57:48.960 15386 15403 I vision.svplaye: Background concurrent copying GC freed 210185(6MB) AllocSpace objects, 0(0B) LOS objects, 11% free, 45MB/51MB, paused 199us total 305.014ms
07-21 20:57:49.007 15386 22786 I CameraManagerGlobal: Connecting to camera service
07-21 20:57:49.008 15386 22786 E CameraManagerGlobal: Camera service is unavailable
07-21 20:57:50.008 15386 22786 I CameraManagerGlobal: Connecting to camera service
07-21 20:57:50.008 15386 22786 E CameraManagerGlobal: Camera service is unavailable
07-21 20:57:50.483 15386 15403 I vision.svplaye: Background concurrent copying GC freed 215566(6MB) AllocSpace objects, 0(0B) LOS objects, 11% free, 45MB/51MB, paused 323us total 340.359ms
07-21 20:57:51.009 15386 22786 I CameraManagerGlobal: Connecting to camera service
07-21 20:57:51.009 15386 22786 E CameraManagerGlobal: Camera service is unavailable
07-21 20:57:51.062 15386 28285 I MediaCodecLogger: 15386.SW.audio.mp4a.bitrateInKbps = 93
07-21 20:57:51.515 15386 28273 I MediaCodecLogger: 15386.HW.video.avc.bitrateInKbps = 3815
07-21 20:57:51.954 15386 15403 I vision.svplaye: Background concurrent copying GC freed 213237(6MB) AllocSpace objects, 0(0B) LOS objects, 11% free, 45MB/51MB, paused 246us total 298.739ms
07-21 20:57:52.009 15386 22786 I CameraManagerGlobal: Connecting to camera service
07-21 20:57:52.010 15386 22786 E CameraManagerGlobal: Camera service is unavailable
07-21 20:57:53.010 15386 22786 I CameraManagerGlobal: Connecting to camera service
07-21 20:57:53.011 15386 22786 E CameraManagerGlobal: Camera service is unavailable
07-21 20:57:53.472 15386 15403 I vision.svplaye: Background concurrent copying GC freed 214954(6MB) AllocSpace objects, 0(0B) LOS objects, 11% free, 45MB/51MB, paused 208us total 287.734ms
07-21 20:57:54.011 15386 22786 I CameraManagerGlobal: Connecting to camera service
07-21 20:57:54.011 15386 22786 E CameraManagerGlobal: Camera service is unavailable
07-21 20:57:54.968 15386 15403 I vision.svplaye: Background concurrent copying GC freed 213070(6MB) AllocSpace objects, 0(0B) LOS objects, 11% free, 45MB/51MB, paused 224us total 298.462ms
07-21 20:57:55.011 15386 22786 I CameraManagerGlobal: Connecting to camera service
07-21 20:57:55.012 15386 22786 E CameraManagerGlobal: Camera service is unavailable
07-21 20:57:56.012 15386 22786 I CameraManagerGlobal: Connecting to camera service
07-21 20:57:56.013 15386 22786 E CameraManagerGlobal: Camera service is unavailable
07-21 20:57:56.110 15386 28285 I MediaCodecLogger: 15386.SW.audio.mp4a.bitrateInKbps = 94
07-21 20:57:56.494 15386 15403 I vision.svplaye: Background concurrent copying GC freed 214643(6MB) AllocSpace objects, 0(0B) LOS objects, 11% free, 45MB/51MB, paused 228us total 334.551ms
07-21 20:57:56.567 15386 28273 I MediaCodecLogger: 15386.HW.video.avc.bitrateInKbps = 3302
07-21 20:57:57.013 15386 22786 I CameraManagerGlobal: Connecting to camera service
07-21 20:57:57.013 15386 22786 E CameraManagerGlobal: Camera service is unavailable
07-21 20:57:58.014 15386 22786 I CameraManagerGlobal: Connecting to camera service
07-21 20:57:58.014 15386 22786 E CameraManagerGlobal: Camera service is unavailable
07-21 20:57:58.034 15386 15403 I vision.svplaye: Background concurrent copying GC freed 215265(6MB) AllocSpace objects, 0(0B) LOS objects, 11% free, 45MB/51MB, paused 286us total 321.510ms
