--------- beginning of main
07-17 05:05:41.400  7151  7151 E vision.svplaye: Not starting debugger since process cannot load the jdwp agent.
07-17 05:05:41.400  7151  7157 I vision.svplaye: Bumping SignalCatcher priority from 5 to 10
07-17 05:05:41.558  7151  7151 W vision.svplaye: Accessing hidden method Landroid/media/MediaFormat;->getInteger(Ljava/lang/String;I)I (dark greylist, linking)
07-17 05:05:41.803  7151  7151 I SVStartup: onCreate: MainActivity launcher with system splash theme
07-17 05:05:41.839  7151  7151 I PerfStatsManager: start attempting to update service remote
07-17 05:05:42.051  7151  7151 W vision.svplaye: Accessing hidden method Landroid/graphics/Canvas;->drawPatch(Landroid/graphics/NinePatch;Landroid/graphics/Rect;Landroid/graphics/Paint;)V (dark greylist, linking)
07-17 05:05:42.051  7151  7151 W vision.svplaye: Accessing hidden method Landroid/graphics/Canvas;->drawPatch(Landroid/graphics/NinePatch;Landroid/graphics/RectF;Landroid/graphics/Paint;)V (dark greylist, linking)
07-17 05:05:42.053  7151  7151 W vision.svplaye: Accessing hidden method Landroid/graphics/Paint;->getTextBounds(Ljava/lang/CharSequence;IILandroid/graphics/Rect;)V (dark greylist, linking)
07-17 05:05:42.434  7151  7151 W vision.svplaye: Accessing hidden method Landroid/view/RenderNode;->getScaleX()F (dark greylist, linking)
07-17 05:05:42.435  7151  7151 W vision.svplaye: Accessing hidden method Landroid/view/RenderNode;->setClipToOutline(Z)Z (dark greylist, linking)
07-17 05:05:42.435  7151  7151 W vision.svplaye: Accessing hidden method Landroid/view/RenderNode;->setClipToOutline(Z)Z (dark greylist, linking)
07-17 05:05:42.435  7151  7151 W vision.svplaye: Accessing hidden method Landroid/view/RenderNode;->setLayerType(I)Z (dark greylist, linking)
07-17 05:05:42.436  7151  7151 I chatty  : uid=10247(com.smartvision.svplayer) identical 1 line
07-17 05:05:42.436  7151  7151 W vision.svplaye: Accessing hidden method Landroid/view/RenderNode;->setLayerType(I)Z (dark greylist, linking)
07-17 05:05:42.436  7151  7151 W vision.svplaye: Accessing hidden method Landroid/view/RenderNode;->getMatrix(Landroid/graphics/Matrix;)V (dark greylist, linking)
07-17 05:05:42.438  7151  7151 W vision.svplaye: Accessing hidden method Landroid/view/RenderNode;->setAlpha(F)Z (dark greylist, linking)
07-17 05:05:42.438  7151  7151 W vision.svplaye: Accessing hidden method Landroid/view/RenderNode;->setCameraDistance(F)Z (dark greylist, linking)
07-17 05:05:42.439  7151  7151 W vision.svplaye: Accessing hidden method Landroid/view/RenderNode;->setLayerPaint(Landroid/graphics/Paint;)Z (dark greylist, linking)
07-17 05:05:42.439  7151  7151 W vision.svplaye: Accessing hidden method Landroid/view/RenderNode;->setOutline(Landroid/graphics/Outline;)Z (dark greylist, linking)
07-17 05:05:42.439  7151  7151 W vision.svplaye: Accessing hidden method Landroid/view/RenderNode;->setPivotX(F)Z (dark greylist, linking)
07-17 05:05:42.439  7151  7151 I chatty  : uid=10247(com.smartvision.svplayer) identical 1 line
07-17 05:05:42.440  7151  7151 W vision.svplaye: Accessing hidden method Landroid/view/RenderNode;->setPivotX(F)Z (dark greylist, linking)
07-17 05:05:42.440  7151  7151 W vision.svplaye: Accessing hidden method Landroid/view/RenderNode;->setRotationX(F)Z (dark greylist, linking)
07-17 05:05:42.440  7151  7151 W vision.svplaye: Accessing hidden method Landroid/view/RenderNode;->setRotationY(F)Z (dark greylist, linking)
07-17 05:05:42.440  7151  7151 W vision.svplaye: Accessing hidden method Landroid/view/RenderNode;->setRotation(F)Z (dark greylist, linking)
07-17 05:05:42.440  7151  7151 W vision.svplaye: Accessing hidden method Landroid/view/RenderNode;->setScaleX(F)Z (dark greylist, linking)
07-17 05:05:42.440  7151  7151 W vision.svplaye: Accessing hidden method Landroid/view/RenderNode;->setScaleY(F)Z (dark greylist, linking)
07-17 05:05:42.440  7151  7151 W vision.svplaye: Accessing hidden method Landroid/view/RenderNode;->setElevation(F)Z (dark greylist, linking)
07-17 05:05:42.440  7151  7151 W vision.svplaye: Accessing hidden method Landroid/view/RenderNode;->setTranslationX(F)Z (dark greylist, linking)
07-17 05:05:42.440  7151  7151 W vision.svplaye: Accessing hidden method Landroid/view/RenderNode;->setTranslationY(F)Z (dark greylist, linking)
07-17 05:05:42.441  7151  7151 W vision.svplaye: Accessing hidden method Landroid/view/RenderNode;->getScaleX()F (dark greylist, linking)
07-17 05:05:42.465  7151  7175 I ConfigStore: android::hardware::configstore::V1_0::ISurfaceFlingerConfigs::hasWideColorDisplay retrieved: 0
07-17 05:05:42.465  7151  7175 I ConfigStore: android::hardware::configstore::V1_0::ISurfaceFlingerConfigs::hasHDRDisplay retrieved: 0
07-17 05:05:42.465  7151  7175 I OpenGLRenderer: Initialized EGL, version 1.4
07-17 05:05:42.503  7151  7151 I Choreographer: Skipped 34 frames!  The application may be doing too much work on its main thread.
07-17 05:05:42.522  7151  7175 E ion     : ioctl c0044901 failed with code -1: Invalid argument
07-17 05:05:42.526  7151  7175 I ConfigStore: android::hardware::configstore::V1_0::ISurfaceFlingerConfigs::vsyncEventPhaseOffsetNs retrieved: 1000000 (default)
07-17 05:05:42.526  7151  7175 I ConfigStore: android::hardware::configstore::V1_0::ISurfaceFlingerConfigs::vsyncSfEventPhaseOffsetNs retrieved: 1000000 (default)
07-17 05:05:42.681  7151  7175 I OpenGLRenderer: Davey! duration=744ms; Flags=0, IntendedVsync=22184470126562, Vsync=22185037360462, OldestInputEvent=9223372036854775807, NewestInputEvent=0, HandleInputStart=22185046784013, AnimationStart=22185046828013, PerformTraversalsStart=22185048324398, DrawStart=22185048617552, SyncQueued=22185059701013, SyncStart=22185069296705, IssueDrawCommandsStart=22185069421398, SwapBuffers=22185223356321, FrameCompleted=22185224389475, DequeueBufferDuration=0, QueueBufferDuration=516000, 
07-17 05:05:43.182  7151  7175 I ConfigStore: android::hardware::configstore::V1_0::ISurfaceFlingerConfigs::vsyncEventPhaseOffsetNs retrieved: 1000000 (default)
07-17 05:05:43.183  7151  7175 I ConfigStore: android::hardware::configstore::V1_0::ISurfaceFlingerConfigs::vsyncSfEventPhaseOffsetNs retrieved: 1000000 (default)
07-17 05:05:43.344  7151  7193 I vision.svplaye: Rejecting re-init on previously-failed class java.lang.Class<kotlinx.coroutines.internal.ClassValueCtorCache$cache$1>: java.lang.NoClassDefFoundError: Failed resolution of: Ljava/lang/ClassValue;
07-17 05:05:43.344  7151  7193 I vision.svplaye:   at boolean okio.NioSystemFileSystem$$ExternalSyntheticApiModelOutline0.m(java.lang.reflect.Method) (D8$$SyntheticClass:0)
07-17 05:05:43.344  7151  7193 I vision.svplaye:   at boolean retrofit2.Reflection$Android24.isDefaultMethod(java.lang.reflect.Method) (Reflection.java:76)
07-17 05:05:43.344  7151  7193 I vision.svplaye:   at java.lang.Object retrofit2.Retrofit$1.invoke(java.lang.Object, java.lang.reflect.Method, java.lang.Object[]) (Retrofit.java:175)
07-17 05:05:43.344  7151  7193 I vision.svplaye:   at java.lang.Object java.lang.reflect.Proxy.invoke(java.lang.reflect.Proxy, java.lang.reflect.Method, java.lang.Object[]) (Proxy.java:1006)
07-17 05:05:43.344  7151  7193 I vision.svplaye:   at java.lang.Object com.smartvision.svplayer.data.diagnostics.DeviceDiagnosticsApiService.upsert(com.smartvision.svplayer.data.diagnostics.DeviceDiagnosticsRequest, kotlin.coroutines.Continuation) ((null):-1)
07-17 05:05:43.344  7151  7193 I vision.svplaye:   at java.lang.Object com.smartvision.svplayer.data.diagnostics.DeviceDiagnosticsReporter.report(java.lang.String, java.util.Map, kotlin.coroutines.Continuation) (DeviceDiagnosticsReporter.kt:45)
07-17 05:05:43.344  7151  7193 I vision.svplaye:   at java.lang.Object com.smartvision.svplayer.data.diagnostics.DeviceDiagnosticsReporter.access$report(com.smartvision.svplayer.data.diagnostics.DeviceDiagnosticsReporter, java.lang.String, java.util.Map, kotlin.coroutines.Continuation) (DeviceDiagnosticsReporter.kt:14)
07-17 05:05:43.344  7151  7193 I vision.svplaye:   at java.lang.Object com.smartvision.svplayer.data.diagnostics.DeviceDiagnosticsReporter$report$1.invokeSuspend(java.lang.Object) (DeviceDiagnosticsReporter.kt:-1)
07-17 05:05:43.344  7151  7193 I vision.svplaye:   at void kotlin.coroutines.jvm.internal.BaseContinuationImpl.resumeWith(java.lang.Object) (ContinuationImpl.kt:33)
07-17 05:05:43.344  7151  7193 I vision.svplaye:   at void kotlinx.coroutines.UndispatchedCoroutine.afterResume(java.lang.Object) (CoroutineContext.kt:266)
07-17 05:05:43.344  7151  7193 I vision.svplaye:   at void kotlinx.coroutines.AbstractCoroutine.resumeWith(java.lang.Object) (AbstractCoroutine.kt:101)
07-17 05:05:43.344  7151  7193 I vision.svplaye:   at void kotlin.coroutines.jvm.internal.BaseContinuationImpl.resumeWith(java.lang.Object) (ContinuationImpl.kt:46)
07-17 05:05:43.344  7151  7193 I vision.svplaye:   at void kotlinx.coroutines.DispatchedTask.run() (DispatchedTask.kt:100)
07-17 05:05:43.344  7151  7193 I vision.svplaye:   at void kotlinx.coroutines.internal.LimitedDispatcher$Worker.run() (LimitedDispatcher.kt:124)
07-17 05:05:43.344  7151  7193 I vision.svplaye:   at void kotlinx.coroutines.scheduling.TaskImpl.run() (Tasks.kt:89)
07-17 05:05:43.344  7151  7193 I vision.svplaye:   at void kotlinx.coroutines.scheduling.CoroutineScheduler.runSafely(kotlinx.coroutines.scheduling.Task) (CoroutineScheduler.kt:586)
07-17 05:05:43.345  7151  7193 I vision.svplaye:   at void kotlinx.coroutines.scheduling.CoroutineScheduler$Worker.executeTask(kotlinx.coroutines.scheduling.Task) (CoroutineScheduler.kt:820)
07-17 05:05:43.345  7151  7193 I vision.svplaye:   at void kotlinx.coroutines.scheduling.CoroutineScheduler$Worker.runWorker() (CoroutineScheduler.kt:717)
07-17 05:05:43.345  7151  7193 I vision.svplaye:   at void kotlinx.coroutines.scheduling.CoroutineScheduler$Worker.run() (CoroutineScheduler.kt:704)
07-17 05:05:43.345  7151  7193 I vision.svplaye: Caused by: java.lang.ClassNotFoundException: Didn't find class "java.lang.ClassValue" on path: DexPathList[[zip file "/data/app/com.smartvision.svplayer-E1Yb8XRI_EmgWwyWGiBqSw==/base.apk"],nativeLibraryDirectories=[/data/app/com.smartvision.svplayer-E1Yb8XRI_EmgWwyWGiBqSw==/lib/arm, /data/app/com.smartvision.svplayer-E1Yb8XRI_EmgWwyWGiBqSw==/base.apk!/lib/armeabi-v7a, /system/lib]]
07-17 05:05:43.345  7151  7193 I vision.svplaye:   at java.lang.Class dalvik.system.BaseDexClassLoader.findClass(java.lang.String) (BaseDexClassLoader.java:134)
07-17 05:05:43.345  7151  7193 I vision.svplaye:   at java.lang.Class java.lang.ClassLoader.loadClass(java.lang.String, boolean) (ClassLoader.java:379)
07-17 05:05:43.345  7151  7193 I vision.svplaye:   at java.lang.Class java.lang.ClassLoader.loadClass(java.lang.String) (ClassLoader.java:312)
07-17 05:05:43.345  7151  7193 I vision.svplaye:   at boolean okio.NioSystemFileSystem$$ExternalSyntheticApiModelOutline0.m(java.lang.reflect.Method) (D8$$SyntheticClass:0)
07-17 05:05:43.345  7151  7193 I vision.svplaye:   at boolean retrofit2.Reflection$Android24.isDefaultMethod(java.lang.reflect.Method) (Reflection.java:76)
07-17 05:05:43.345  7151  7193 I vision.svplaye:   at java.lang.Object retrofit2.Retrofit$1.invoke(java.lang.Object, java.lang.reflect.Method, java.lang.Object[]) (Retrofit.java:175)
07-17 05:05:43.345  7151  7193 I vision.svplaye:   at java.lang.Object java.lang.reflect.Proxy.invoke(java.lang.reflect.Proxy, java.lang.reflect.Method, java.lang.Object[]) (Proxy.java:1006)
07-17 05:05:43.345  7151  7193 I vision.svplaye:   at java.lang.Object com.smartvision.svplayer.data.diagnostics.DeviceDiagnosticsApiService.upsert(com.smartvision.svplayer.data.diagnostics.DeviceDiagnosticsRequest, kotlin.coroutines.Continuation) ((null):-1)
07-17 05:05:43.345  7151  7193 I vision.svplaye:   at java.lang.Object com.smartvision.svplayer.data.diagnostics.DeviceDiagnosticsReporter.report(java.lang.String, java.util.Map, kotlin.coroutines.Continuation) (DeviceDiagnosticsReporter.kt:45)
07-17 05:05:43.345  7151  7193 I vision.svplaye:   at java.lang.Object com.smartvision.svplayer.data.diagnostics.DeviceDiagnosticsReporter.access$report(com.smartvision.svplayer.data.diagnostics.DeviceDiagnosticsReporter, java.lang.String, java.util.Map, kotlin.coroutines.Continuation) (DeviceDiagnosticsReporter.kt:14)
07-17 05:05:43.345  7151  7193 I vision.svplaye:   at java.lang.Object com.smartvision.svplayer.data.diagnostics.DeviceDiagnosticsReporter$report$1.invokeSuspend(java.lang.Object) (DeviceDiagnosticsReporter.kt:-1)
07-17 05:05:43.345  7151  7193 I vision.svplaye:   at void kotlin.coroutines.jvm.internal.BaseContinuationImpl.resumeWith(java.lang.Object) (ContinuationImpl.kt:33)
07-17 05:05:43.345  7151  7193 I vision.svplaye:   at void kotlinx.coroutines.UndispatchedCoroutine.afterResume(java.lang.Object) (CoroutineContext.kt:266)
07-17 05:05:43.345  7151  7193 I vision.svplaye:   at void kotlinx.coroutines.AbstractCoroutine.resumeWith(java.lang.Object) (AbstractCoroutine.kt:101)
07-17 05:05:43.345  7151  7193 I vision.svplaye:   at void kotlin.coroutines.jvm.internal.BaseContinuationImpl.resumeWith(java.lang.Object) (ContinuationImpl.kt:46)
07-17 05:05:43.345  7151  7193 I vision.svplaye:   at void kotlinx.coroutines.DispatchedTask.run() (DispatchedTask.kt:100)
07-17 05:05:43.345  7151  7193 I vision.svplaye:   at void kotlinx.coroutines.internal.LimitedDispatcher$Worker.run() (LimitedDispatcher.kt:124)
07-17 05:05:43.345  7151  7193 I vision.svplaye:   at void kotlinx.coroutines.scheduling.TaskImpl.run() (Tasks.kt:89)
07-17 05:05:43.345  7151  7193 I vision.svplaye:   at void kotlinx.coroutines.scheduling.CoroutineScheduler.runSafely(kotlinx.coroutines.scheduling.Task) (CoroutineScheduler.kt:586)
07-17 05:05:43.345  7151  7193 I vision.svplaye:   at void kotlinx.coroutines.scheduling.CoroutineScheduler$Worker.executeTask(kotlinx.coroutines.scheduling.Task) (CoroutineScheduler.kt:820)
07-17 05:05:43.345  7151  7193 I vision.svplaye:   at void kotlinx.coroutines.scheduling.CoroutineScheduler$Worker.runWorker() (CoroutineScheduler.kt:717)
07-17 05:05:43.345  7151  7193 I vision.svplaye:   at void kotlinx.coroutines.scheduling.CoroutineScheduler$Worker.run() (CoroutineScheduler.kt:704)
07-17 05:05:43.345  7151  7193 I vision.svplaye: 
07-17 05:05:43.348  7151  7193 I vision.svplaye: Rejecting re-init on previously-failed class java.lang.Class<kotlinx.coroutines.internal.ClassValueCtorCache$cache$1>: java.lang.NoClassDefFoundError: Failed resolution of: Ljava/lang/ClassValue;
07-17 05:05:43.348  7151  7193 I vision.svplaye:   at boolean okio.NioSystemFileSystem$$ExternalSyntheticApiModelOutline0.m(java.lang.reflect.Method) (D8$$SyntheticClass:0)
07-17 05:05:43.348  7151  7193 I vision.svplaye:   at boolean retrofit2.Reflection$Android24.isDefaultMethod(java.lang.reflect.Method) (Reflection.java:76)
07-17 05:05:43.348  7151  7193 I vision.svplaye:   at java.lang.Object retrofit2.Retrofit$1.invoke(java.lang.Object, java.lang.reflect.Method, java.lang.Object[]) (Retrofit.java:175)
07-17 05:05:43.348  7151  7193 I vision.svplaye:   at java.lang.Object java.lang.reflect.Proxy.invoke(java.lang.reflect.Proxy, java.lang.reflect.Method, java.lang.Object[]) (Proxy.java:1006)
07-17 05:05:43.348  7151  7193 I vision.svplaye:   at java.lang.Object com.smartvision.svplayer.data.diagnostics.DeviceDiagnosticsApiService.upsert(com.smartvision.svplayer.data.diagnostics.DeviceDiagnosticsRequest, kotlin.coroutines.Continuation) ((null):-1)
07-17 05:05:43.348  7151  7193 I vision.svplaye:   at java.lang.Object com.smartvision.svplayer.data.diagnostics.DeviceDiagnosticsReporter.report(java.lang.String, java.util.Map, kotlin.coroutines.Continuation) (DeviceDiagnosticsReporter.kt:45)
07-17 05:05:43.348  7151  7193 I vision.svplaye:   at java.lang.Object com.smartvision.svplayer.data.diagnostics.DeviceDiagnosticsReporter.access$report(com.smartvision.svplayer.data.diagnostics.DeviceDiagnosticsReporter, java.lang.String, java.util.Map, kotlin.coroutines.Continuation) (DeviceDiagnosticsReporter.kt:14)
07-17 05:05:43.348  7151  7193 I vision.svplaye:   at java.lang.Object com.smartvision.svplayer.data.diagnostics.DeviceDiagnosticsReporter$report$1.invokeSuspend(java.lang.Object) (DeviceDiagnosticsReporter.kt:-1)
07-17 05:05:43.348  7151  7193 I vision.svplaye:   at void kotlin.coroutines.jvm.internal.BaseContinuationImpl.resumeWith(java.lang.Object) (ContinuationImpl.kt:33)
07-17 05:05:43.348  7151  7193 I vision.svplaye:   at void kotlinx.coroutines.UndispatchedCoroutine.afterResume(java.lang.Object) (CoroutineContext.kt:266)
07-17 05:05:43.348  7151  7193 I vision.svplaye:   at void kotlinx.coroutines.AbstractCoroutine.resumeWith(java.lang.Object) (AbstractCoroutine.kt:101)
07-17 05:05:43.348  7151  7193 I vision.svplaye:   at void kotlin.coroutines.jvm.internal.BaseContinuationImpl.resumeWith(java.lang.Object) (ContinuationImpl.kt:46)
07-17 05:05:43.348  7151  7193 I vision.svplaye:   at void kotlinx.coroutines.DispatchedTask.run() (DispatchedTask.kt:100)
07-17 05:05:43.348  7151  7193 I vision.svplaye:   at void kotlinx.coroutines.internal.LimitedDispatcher$Worker.run() (LimitedDispatcher.kt:124)
07-17 05:05:43.348  7151  7193 I vision.svplaye:   at void kotlinx.coroutines.scheduling.TaskImpl.run() (Tasks.kt:89)
07-17 05:05:43.348  7151  7193 I vision.svplaye:   at void kotlinx.coroutines.scheduling.CoroutineScheduler.runSafely(kotlinx.coroutines.scheduling.Task) (CoroutineScheduler.kt:586)
07-17 05:05:43.348  7151  7193 I vision.svplaye:   at void kotlinx.coroutines.scheduling.CoroutineScheduler$Worker.executeTask(kotlinx.coroutines.scheduling.Task) (CoroutineScheduler.kt:820)
07-17 05:05:43.348  7151  7193 I vision.svplaye:   at void kotlinx.coroutines.scheduling.CoroutineScheduler$Worker.runWorker() (CoroutineScheduler.kt:717)
07-17 05:05:43.348  7151  7193 I vision.svplaye:   at void kotlinx.coroutines.scheduling.CoroutineScheduler$Worker.run() (CoroutineScheduler.kt:704)
07-17 05:05:43.348  7151  7193 I vision.svplaye: Caused by: java.lang.ClassNotFoundException: Didn't find class "java.lang.ClassValue" on path: DexPathList[[zip file "/data/app/com.smartvision.svplayer-E1Yb8XRI_EmgWwyWGiBqSw==/base.apk"],nativeLibraryDirectories=[/data/app/com.smartvision.svplayer-E1Yb8XRI_EmgWwyWGiBqSw==/lib/arm, /data/app/com.smartvision.svplayer-E1Yb8XRI_EmgWwyWGiBqSw==/base.apk!/lib/armeabi-v7a, /system/lib]]
07-17 05:05:43.348  7151  7193 I vision.svplaye:   at java.lang.Class dalvik.system.BaseDexClassLoader.findClass(java.lang.String) (BaseDexClassLoader.java:134)
07-17 05:05:43.348  7151  7193 I vision.svplaye:   at java.lang.Class java.lang.ClassLoader.loadClass(java.lang.String, boolean) (ClassLoader.java:379)
07-17 05:05:43.348  7151  7193 I vision.svplaye:   at java.lang.Class java.lang.ClassLoader.loadClass(java.lang.String) (ClassLoader.java:312)
07-17 05:05:43.348  7151  7193 I vision.svplaye:   at boolean okio.NioSystemFileSystem$$ExternalSyntheticApiModelOutline0.m(java.lang.reflect.Method) (D8$$SyntheticClass:0)
07-17 05:05:43.348  7151  7193 I vision.svplaye:   at boolean retrofit2.Reflection$Android24.isDefaultMethod(java.lang.reflect.Method) (Reflection.java:76)
07-17 05:05:43.348  7151  7193 I vision.svplaye:   at java.lang.Object retrofit2.Retrofit$1.invoke(java.lang.Object, java.lang.reflect.Method, java.lang.Object[]) (Retrofit.java:175)
07-17 05:05:43.348  7151  7193 I vision.svplaye:   at java.lang.Object java.lang.reflect.Proxy.invoke(java.lang.reflect.Proxy, java.lang.reflect.Method, java.lang.Object[]) (Proxy.java:1006)
07-17 05:05:43.348  7151  7193 I vision.svplaye:   at java.lang.Object com.smartvision.svplayer.data.diagnostics.DeviceDiagnosticsApiService.upsert(com.smartvision.svplayer.data.diagnostics.DeviceDiagnosticsRequest, kotlin.coroutines.Continuation) ((null):-1)
07-17 05:05:43.348  7151  7193 I vision.svplaye:   at java.lang.Object com.smartvision.svplayer.data.diagnostics.DeviceDiagnosticsReporter.report(java.lang.String, java.util.Map, kotlin.coroutines.Continuation) (DeviceDiagnosticsReporter.kt:45)
07-17 05:05:43.348  7151  7193 I vision.svplaye:   at java.lang.Object com.smartvision.svplayer.data.diagnostics.DeviceDiagnosticsReporter.access$report(com.smartvision.svplayer.data.diagnostics.DeviceDiagnosticsReporter, java.lang.String, java.util.Map, kotlin.coroutines.Continuation) (DeviceDiagnosticsReporter.kt:14)
07-17 05:05:43.348  7151  7193 I vision.svplaye:   at java.lang.Object com.smartvision.svplayer.data.diagnostics.DeviceDiagnosticsReporter$report$1.invokeSuspend(java.lang.Object) (DeviceDiagnosticsReporter.kt:-1)
07-17 05:05:43.348  7151  7193 I vision.svplaye:   at void kotlin.coroutines.jvm.internal.BaseContinuationImpl.resumeWith(java.lang.Object) (ContinuationImpl.kt:33)
07-17 05:05:43.348  7151  7193 I vision.svplaye:   at void kotlinx.coroutines.UndispatchedCoroutine.afterResume(java.lang.Object) (CoroutineContext.kt:266)
07-17 05:05:43.348  7151  7193 I vision.svplaye:   at void kotlinx.coroutines.AbstractCoroutine.resumeWith(java.lang.Object) (AbstractCoroutine.kt:101)
07-17 05:05:43.348  7151  7193 I vision.svplaye:   at void kotlin.coroutines.jvm.internal.BaseContinuationImpl.resumeWith(java.lang.Object) (ContinuationImpl.kt:46)
07-17 05:05:43.348  7151  7193 I vision.svplaye:   at void kotlinx.coroutines.DispatchedTask.run() (DispatchedTask.kt:100)
07-17 05:05:43.348  7151  7193 I vision.svplaye:   at void kotlinx.coroutines.internal.LimitedDispatcher$Worker.run() (LimitedDispatcher.kt:124)
07-17 05:05:43.348  7151  7193 I vision.svplaye:   at void kotlinx.coroutines.scheduling.TaskImpl.run() (Tasks.kt:89)
07-17 05:05:43.348  7151  7193 I vision.svplaye:   at void kotlinx.coroutines.scheduling.CoroutineScheduler.runSafely(kotlinx.coroutines.scheduling.Task) (CoroutineScheduler.kt:586)
07-17 05:05:43.348  7151  7193 I vision.svplaye:   at void kotlinx.coroutines.scheduling.CoroutineScheduler$Worker.executeTask(kotlinx.coroutines.scheduling.Task) (CoroutineScheduler.kt:820)
07-17 05:05:43.348  7151  7193 I vision.svplaye:   at void kotlinx.coroutines.scheduling.CoroutineScheduler$Worker.runWorker() (CoroutineScheduler.kt:717)
07-17 05:05:43.348  7151  7193 I vision.svplaye:   at void kotlinx.coroutines.scheduling.CoroutineScheduler$Worker.run() (CoroutineScheduler.kt:704)
07-17 05:05:43.348  7151  7193 I vision.svplaye: 
07-17 05:05:43.349  7151  7193 I vision.svplaye: Rejecting re-init on previously-failed class java.lang.Class<kotlinx.coroutines.internal.ClassValueCtorCache$cache$1>: java.lang.NoClassDefFoundError: Failed resolution of: Ljava/lang/ClassValue;
07-17 05:05:43.349  7151  7193 I vision.svplaye:   at boolean okio.NioSystemFileSystem$$ExternalSyntheticApiModelOutline0.m(java.lang.reflect.Method) (D8$$SyntheticClass:0)
07-17 05:05:43.349  7151  7193 I vision.svplaye:   at boolean retrofit2.Reflection$Android24.isDefaultMethod(java.lang.reflect.Method) (Reflection.java:76)
07-17 05:05:43.349  7151  7193 I vision.svplaye:   at java.lang.Object retrofit2.Retrofit$1.invoke(java.lang.Object, java.lang.reflect.Method, java.lang.Object[]) (Retrofit.java:175)
07-17 05:05:43.349  7151  7193 I vision.svplaye:   at java.lang.Object java.lang.reflect.Proxy.invoke(java.lang.reflect.Proxy, java.lang.reflect.Method, java.lang.Object[]) (Proxy.java:1006)
07-17 05:05:43.349  7151  7193 I vision.svplaye:   at java.lang.Object com.smartvision.svplayer.data.diagnostics.DeviceDiagnosticsApiService.upsert(com.smartvision.svplayer.data.diagnostics.DeviceDiagnosticsRequest, kotlin.coroutines.Continuation) ((null):-1)
07-17 05:05:43.349  7151  7193 I vision.svplaye:   at java.lang.Object com.smartvision.svplayer.data.diagnostics.DeviceDiagnosticsReporter.report(java.lang.String, java.util.Map, kotlin.coroutines.Continuation) (DeviceDiagnosticsReporter.kt:45)
07-17 05:05:43.349  7151  7193 I vision.svplaye:   at java.lang.Object com.smartvision.svplayer.data.diagnostics.DeviceDiagnosticsReporter.access$report(com.smartvision.svplayer.data.diagnostics.DeviceDiagnosticsReporter, java.lang.String, java.util.Map, kotlin.coroutines.Continuation) (DeviceDiagnosticsReporter.kt:14)
07-17 05:05:43.349  7151  7193 I vision.svplaye:   at java.lang.Object com.smartvision.svplayer.data.diagnostics.DeviceDiagnosticsReporter$report$1.invokeSuspend(java.lang.Object) (DeviceDiagnosticsReporter.kt:-1)
07-17 05:05:43.349  7151  7193 I vision.svplaye:   at void kotlin.coroutines.jvm.internal.BaseContinuationImpl.resumeWith(java.lang.Object) (ContinuationImpl.kt:33)
07-17 05:05:43.349  7151  7193 I vision.svplaye:   at void kotlinx.coroutines.UndispatchedCoroutine.afterResume(java.lang.Object) (CoroutineContext.kt:266)
07-17 05:05:43.349  7151  7193 I vision.svplaye:   at void kotlinx.coroutines.AbstractCoroutine.resumeWith(java.lang.Object) (AbstractCoroutine.kt:101)
07-17 05:05:43.349  7151  7193 I vision.svplaye:   at void kotlin.coroutines.jvm.internal.BaseContinuationImpl.resumeWith(java.lang.Object) (ContinuationImpl.kt:46)
07-17 05:05:43.349  7151  7193 I vision.svplaye:   at void kotlinx.coroutines.DispatchedTask.run() (DispatchedTask.kt:100)
07-17 05:05:43.349  7151  7193 I vision.svplaye:   at void kotlinx.coroutines.internal.LimitedDispatcher$Worker.run() (LimitedDispatcher.kt:124)
07-17 05:05:43.349  7151  7193 I vision.svplaye:   at void kotlinx.coroutines.scheduling.TaskImpl.run() (Tasks.kt:89)
07-17 05:05:43.349  7151  7193 I vision.svplaye:   at void kotlinx.coroutines.scheduling.CoroutineScheduler.runSafely(kotlinx.coroutines.scheduling.Task) (CoroutineScheduler.kt:586)
07-17 05:05:43.349  7151  7193 I vision.svplaye:   at void kotlinx.coroutines.scheduling.CoroutineScheduler$Worker.executeTask(kotlinx.coroutines.scheduling.Task) (CoroutineScheduler.kt:820)
07-17 05:05:43.349  7151  7193 I vision.svplaye:   at void kotlinx.coroutines.scheduling.CoroutineScheduler$Worker.runWorker() (CoroutineScheduler.kt:717)
07-17 05:05:43.349  7151  7193 I vision.svplaye:   at void kotlinx.coroutines.scheduling.CoroutineScheduler$Worker.run() (CoroutineScheduler.kt:704)
07-17 05:05:43.349  7151  7193 I vision.svplaye: Caused by: java.lang.ClassNotFoundException: Didn't find class "java.lang.ClassValue" on path: DexPathList[[zip file "/data/app/com.smartvision.svplayer-E1Yb8XRI_EmgWwyWGiBqSw==/base.apk"],nativeLibraryDirectories=[/data/app/com.smartvision.svplayer-E1Yb8XRI_EmgWwyWGiBqSw==/lib/arm, /data/app/com.smartvision.svplayer-E1Yb8XRI_EmgWwyWGiBqSw==/base.apk!/lib/armeabi-v7a, /system/lib]]
07-17 05:05:43.349  7151  7193 I vision.svplaye:   at java.lang.Class dalvik.system.BaseDexClassLoader.findClass(java.lang.String) (BaseDexClassLoader.java:134)
07-17 05:05:43.349  7151  7193 I vision.svplaye:   at java.lang.Class java.lang.ClassLoader.loadClass(java.lang.String, boolean) (ClassLoader.java:379)
07-17 05:05:43.349  7151  7193 I vision.svplaye:   at java.lang.Class java.lang.ClassLoader.loadClass(java.lang.String) (ClassLoader.java:312)
07-17 05:05:43.349  7151  7193 I vision.svplaye:   at boolean okio.NioSystemFileSystem$$ExternalSyntheticApiModelOutline0.m(java.lang.reflect.Method) (D8$$SyntheticClass:0)
07-17 05:05:43.349  7151  7193 I vision.svplaye:   at boolean retrofit2.Reflection$Android24.isDefaultMethod(java.lang.reflect.Method) (Reflection.java:76)
07-17 05:05:43.349  7151  7193 I vision.svplaye:   at java.lang.Object retrofit2.Retrofit$1.invoke(java.lang.Object, java.lang.reflect.Method, java.lang.Object[]) (Retrofit.java:175)
07-17 05:05:43.349  7151  7193 I vision.svplaye:   at java.lang.Object java.lang.reflect.Proxy.invoke(java.lang.reflect.Proxy, java.lang.reflect.Method, java.lang.Object[]) (Proxy.java:1006)
07-17 05:05:43.349  7151  7193 I vision.svplaye:   at java.lang.Object com.smartvision.svplayer.data.diagnostics.DeviceDiagnosticsApiService.upsert(com.smartvision.svplayer.data.diagnostics.DeviceDiagnosticsRequest, kotlin.coroutines.Continuation) ((null):-1)
07-17 05:05:43.349  7151  7193 I vision.svplaye:   at java.lang.Object com.smartvision.svplayer.data.diagnostics.DeviceDiagnosticsReporter.report(java.lang.String, java.util.Map, kotlin.coroutines.Continuation) (DeviceDiagnosticsReporter.kt:45)
07-17 05:05:43.349  7151  7193 I vision.svplaye:   at java.lang.Object com.smartvision.svplayer.data.diagnostics.DeviceDiagnosticsReporter.access$report(com.smartvision.svplayer.data.diagnostics.DeviceDiagnosticsReporter, java.lang.String, java.util.Map, kotlin.coroutines.Continuation) (DeviceDiagnosticsReporter.kt:14)
07-17 05:05:43.349  7151  7193 I vision.svplaye:   at java.lang.Object com.smartvision.svplayer.data.diagnostics.DeviceDiagnosticsReporter$report$1.invokeSuspend(java.lang.Object) (DeviceDiagnosticsReporter.kt:-1)
07-17 05:05:43.349  7151  7193 I vision.svplaye:   at void kotlin.coroutines.jvm.internal.BaseContinuationImpl.resumeWith(java.lang.Object) (ContinuationImpl.kt:33)
07-17 05:05:43.349  7151  7193 I vision.svplaye:   at void kotlinx.coroutines.UndispatchedCoroutine.afterResume(java.lang.Object) (CoroutineContext.kt:266)
07-17 05:05:43.349  7151  7193 I vision.svplaye:   at void kotlinx.coroutines.AbstractCoroutine.resumeWith(java.lang.Object) (AbstractCoroutine.kt:101)
07-17 05:05:43.349  7151  7193 I vision.svplaye:   at void kotlin.coroutines.jvm.internal.BaseContinuationImpl.resumeWith(java.lang.Object) (ContinuationImpl.kt:46)
07-17 05:05:43.349  7151  7193 I vision.svplaye:   at void kotlinx.coroutines.DispatchedTask.run() (DispatchedTask.kt:100)
07-17 05:05:43.349  7151  7193 I vision.svplaye:   at void kotlinx.coroutines.internal.LimitedDispatcher$Worker.run() (LimitedDispatcher.kt:124)
07-17 05:05:43.349  7151  7193 I vision.svplaye:   at void kotlinx.coroutines.scheduling.TaskImpl.run() (Tasks.kt:89)
07-17 05:05:43.349  7151  7193 I vision.svplaye:   at void kotlinx.coroutines.scheduling.CoroutineScheduler.runSafely(kotlinx.coroutines.scheduling.Task) (CoroutineScheduler.kt:586)
07-17 05:05:43.349  7151  7193 I vision.svplaye:   at void kotlinx.coroutines.scheduling.CoroutineScheduler$Worker.executeTask(kotlinx.coroutines.scheduling.Task) (CoroutineScheduler.kt:820)
07-17 05:05:43.349  7151  7193 I vision.svplaye:   at void kotlinx.coroutines.scheduling.CoroutineScheduler$Worker.runWorker() (CoroutineScheduler.kt:717)
07-17 05:05:43.349  7151  7193 I vision.svplaye:   at void kotlinx.coroutines.scheduling.CoroutineScheduler$Worker.run() (CoroutineScheduler.kt:704)
07-17 05:05:43.349  7151  7193 I vision.svplaye: 
07-17 05:05:43.403  7151  7151 I SVStartup: startup stage: Initializing
07-17 05:05:43.404  7151  7151 I SVStartup: startup stage: CheckingActivation
07-17 05:05:43.408  7151  7151 I SVStartup: startup stage: PreparingHome
07-17 05:05:43.410  7151  7151 I SVStartup: startup stage: Starting
07-17 05:05:43.414  7151  7151 I SVStartup: startup complete: rendering AppNavigation
07-17 05:05:43.516  7151  7200 E System  : TRACE Starting certificate trust
07-17 05:05:43.517  7151  7199 E System  : TRACE Starting certificate trust
07-17 05:05:44.368  7151  7175 I OpenGLRenderer: Davey! duration=1140ms; Flags=1, IntendedVsync=22185771480697, Vsync=22185954997547, OldestInputEvent=9223372036854775807, NewestInputEvent=0, HandleInputStart=22185958624782, AnimationStart=22185958656782, PerformTraversalsStart=22186154983013, DrawStart=22186798678552, SyncQueued=22186908225398, SyncStart=22186908298552, IssueDrawCommandsStart=22186908697706, SwapBuffers=22186910584398, FrameCompleted=22186911703398, DequeueBufferDuration=410000, QueueBufferDuration=416000, 
07-17 05:05:44.393  7151  7151 I SVStartup: state localReady=true checking=false activated=true playableSource=true route=home
07-17 05:05:44.461  7151  7151 I Choreographer: Skipped 61 frames!  The application may be doing too much work on its main thread.
07-17 05:05:44.526  7151  7175 I OpenGLRenderer: Davey! duration=1097ms; Flags=0, IntendedVsync=22185971656671, Vsync=22186989341021, OldestInputEvent=9223372036854775807, NewestInputEvent=0, HandleInputStart=22187004870706, AnimationStart=22187005035475, PerformTraversalsStart=22187066816321, DrawStart=22187067002167, SyncQueued=22187067076244, SyncStart=22187067149090, IssueDrawCommandsStart=22187067327552, SwapBuffers=22187068633090, FrameCompleted=22187069691244, DequeueBufferDuration=287000, QueueBufferDuration=339000, 
07-17 05:05:44.958  7151  7151 I SmartVisionAds: Passage en FREE_WITH_ADS
07-17 05:05:44.958  7151  7151 I SmartVisionAds: Statut monetisation actuel: FREE_WITH_ADS
07-17 05:06:24.653  7151  7156 I vision.svplaye: JIT allocated 71KB for stack maps of void com.smartvision.svplayer.ui.navigation.AppNavigationKt.AppNavigation(androidx.navigation.NavHostController, androidx.compose.runtime.Composer, int, int)
07-17 05:06:24.660  7151  7156 I vision.svplaye: Compiler allocated 6MB to compile void com.smartvision.svplayer.ui.navigation.AppNavigationKt.AppNavigation(androidx.navigation.NavHostController, androidx.compose.runtime.Composer, int, int)
07-17 05:06:26.276  7151  7161 I vision.svplaye: Background concurrent copying GC freed 75833(2MB) AllocSpace objects, 2(68KB) LOS objects, 45% free, 7MB/13MB, paused 179us total 120.076ms
07-17 05:06:26.634  7151  7151 I Choreographer: Skipped 126 frames!  The application may be doing too much work on its main thread.
07-17 05:06:26.792  7151  7175 I OpenGLRenderer: Davey! duration=2472ms; Flags=0, IntendedVsync=22226862918603, Vsync=22227029752103, OldestInputEvent=9223372036854775807, NewestInputEvent=0, HandleInputStart=22227030499939, AnimationStart=22227030528400, PerformTraversalsStart=22228114637246, DrawStart=22228114879939, SyncQueued=22228918611631, SyncStart=22228918725323, IssueDrawCommandsStart=22228919821631, SwapBuffers=22229333750785, FrameCompleted=22229335644323, DequeueBufferDuration=402000, QueueBufferDuration=367000, 
07-17 05:06:26.838  7151  7175 I OpenGLRenderer: Davey! duration=2205ms; Flags=0, IntendedVsync=22227063118120, Vsync=22229165220220, OldestInputEvent=9223372036854775807, NewestInputEvent=0, HandleInputStart=22229177697170, AnimationStart=22229177732400, PerformTraversalsStart=22229209733247, DrawStart=22229209922939, SyncQueued=22229222745939, SyncStart=22229335955247, IssueDrawCommandsStart=22229336412016, SwapBuffers=22229344775862, FrameCompleted=22229381443785, DequeueBufferDuration=676000, QueueBufferDuration=35630000, 
07-17 05:06:28.235  7151  7161 I vision.svplaye: NativeAlloc concurrent copying GC freed 92637(3MB) AllocSpace objects, 0(0B) LOS objects, 48% free, 6MB/12MB, paused 197us total 111.370ms
07-17 05:06:28.559  7151  7161 I vision.svplaye: NativeAlloc concurrent copying GC freed 13723(750KB) AllocSpace objects, 12(240KB) LOS objects, 48% free, 6MB/12MB, paused 141us total 108.357ms
07-17 05:06:28.572  7151  7381 E System  : TRACE Starting certificate trust
07-17 05:06:28.917  7151  7175 I OpenGLRenderer: Davey! duration=1076ms; Flags=0, IntendedVsync=22230383170864, Vsync=22230433220914, OldestInputEvent=9223372036854775807, NewestInputEvent=0, HandleInputStart=22230446309170, AnimationStart=22230446341400, PerformTraversalsStart=22230533472400, DrawStart=22230533657247, SyncQueued=22231430960631, SyncStart=22231431051862, IssueDrawCommandsStart=22231431729093, SwapBuffers=22231458270093, FrameCompleted=22231459804554, DequeueBufferDuration=281000, QueueBufferDuration=766000, 
07-17 05:06:28.947  7151  7151 I Choreographer: Skipped 62 frames!  The application may be doing too much work on its main thread.
07-17 05:06:29.003  7151  7175 I OpenGLRenderer: Davey! duration=1096ms; Flags=0, IntendedVsync=22230449923273, Vsync=22231484290973, OldestInputEvent=9223372036854775807, NewestInputEvent=0, HandleInputStart=22231490796785, AnimationStart=22231490828016, PerformTraversalsStart=22231518958324, DrawStart=22231519154708, SyncQueued=22231531927477, SyncStart=22231532035324, IssueDrawCommandsStart=22231532559477, SwapBuffers=22231545396324, FrameCompleted=22231546694477, DequeueBufferDuration=395000, QueueBufferDuration=726000, 
07-17 05:06:30.056  7151  7161 I vision.svplaye: NativeAlloc concurrent copying GC freed 72465(3MB) AllocSpace objects, 12(240KB) LOS objects, 44% free, 7MB/13MB, paused 1.093ms total 243.555ms
07-17 05:06:30.063  7151  7159 W MediaPlayer-JNI: MediaPlayer finalized without being released
07-17 05:06:30.137  7151  7151 I Choreographer: Skipped 32 frames!  The application may be doing too much work on its main thread.
07-17 05:06:30.456  7151  7411 E System  : TRACE Starting certificate trust
07-17 05:06:31.925  7151  7161 I vision.svplaye: Background concurrent copying GC freed 162416(5MB) AllocSpace objects, 7(144KB) LOS objects, 43% free, 7MB/13MB, paused 193us total 204.447ms
07-17 05:06:33.260  7151  7161 I vision.svplaye: Background concurrent copying GC freed 196367(6MB) AllocSpace objects, 0(0B) LOS objects, 44% free, 7MB/13MB, paused 171us total 116.703ms
07-17 05:06:34.663  7151  7161 I vision.svplaye: Background concurrent copying GC freed 183841(5MB) AllocSpace objects, 0(0B) LOS objects, 43% free, 7MB/13MB, paused 147us total 113.682ms
07-17 05:06:36.269  7151  7161 I vision.svplaye: Background concurrent copying GC freed 191438(6MB) AllocSpace objects, 0(0B) LOS objects, 43% free, 7MB/13MB, paused 181us total 117.574ms
07-17 05:06:38.018  7151  7161 I vision.svplaye: Background concurrent copying GC freed 193679(6MB) AllocSpace objects, 0(0B) LOS objects, 44% free, 7MB/13MB, paused 185us total 122.195ms
07-17 05:06:39.754  7151  7161 I vision.svplaye: Background concurrent copying GC freed 192883(5MB) AllocSpace objects, 0(0B) LOS objects, 44% free, 7MB/13MB, paused 175us total 112.652ms
07-17 05:06:41.500  7151  7161 I vision.svplaye: Background concurrent copying GC freed 193165(5MB) AllocSpace objects, 0(0B) LOS objects, 44% free, 7MB/13MB, paused 269us total 114.418ms
07-17 05:06:43.245  7151  7161 I vision.svplaye: Background concurrent copying GC freed 194089(6MB) AllocSpace objects, 0(0B) LOS objects, 44% free, 7MB/13MB, paused 150us total 110.708ms
07-17 05:06:45.028  7151  7161 I vision.svplaye: Background concurrent copying GC freed 192806(6MB) AllocSpace objects, 0(0B) LOS objects, 44% free, 7MB/13MB, paused 146us total 116.900ms
