--------- beginning of main
07-21 09:29:01.074 26615 26626 I vision.svplaye: NativeAlloc concurrent copying GC freed 6198(264KB) AllocSpace objects, 0(0B) LOS objects, 49% free, 4MB/9MB, paused 2.956ms total 229.289ms
07-21 09:29:02.485 26615 26626 I vision.svplaye: Background concurrent copying GC freed 122575(4MB) AllocSpace objects, 0(0B) LOS objects, 42% free, 7MB/13MB, paused 552us total 820.248ms
07-21 09:29:03.526 26615 26681 I ConfigStore: android::hardware::configstore::V1_0::ISurfaceFlingerConfigs::vsyncEventPhaseOffsetNs retrieved: 1000000 (default)
07-21 09:29:03.526 26615 26681 I ConfigStore: android::hardware::configstore::V1_0::ISurfaceFlingerConfigs::vsyncSfEventPhaseOffsetNs retrieved: 1000000 (default)
07-21 09:29:03.527 26615 26681 I OpenGLRenderer: Davey! duration=7498ms; Flags=1, IntendedVsync=22934628302084, Vsync=22934711718834, OldestInputEvent=9223372036854775807, NewestInputEvent=0, HandleInputStart=22934713382596, AnimationStart=22934713427750, PerformTraversalsStart=22938109391904, DrawStart=22940525077750, SyncQueued=22941579035520, SyncStart=22941579133212, IssueDrawCommandsStart=22941583396827, SwapBuffers=22942116777597, FrameCompleted=22942126548597, DequeueBufferDuration=8646000, QueueBufferDuration=1634000, 
07-21 09:29:03.748 26615 26615 I SVStartup: state localReady=true checking=false activated=true playableSource=true route=home
07-21 09:29:04.957 26615 26615 I Choreographer: Skipped 529 frames!  The application may be doing too much work on its main thread.
07-21 09:29:06.224 26615 26681 I OpenGLRenderer: Davey! duration=10082ms; Flags=0, IntendedVsync=22934728401625, Vsync=22943553893775, OldestInputEvent=9223372036854775807, NewestInputEvent=0, HandleInputStart=22943556814289, AnimationStart=22943556971366, PerformTraversalsStart=22944484331443, DrawStart=22944612428443, SyncQueued=22944691594520, SyncStart=22944700361904, IssueDrawCommandsStart=22944708706366, SwapBuffers=22944805207366, FrameCompleted=22944819585827, DequeueBufferDuration=8072000, QueueBufferDuration=8623000, 
07-21 09:29:06.364 26615 26615 I SVHomeLoad: counts ready profile=de993c35 revision=0 live=13726 movies=26933 series=12028
07-21 09:29:06.488 26615 26615 I SVHomeLoad: continue ready profile=de993c35 revision=0
07-21 09:29:06.724 26615 26615 I Choreographer: Skipped 105 frames!  The application may be doing too much work on its main thread.
07-21 09:29:07.303 26615 26626 I vision.svplaye: NativeAlloc concurrent copying GC freed 145696(4MB) AllocSpace objects, 4(136KB) LOS objects, 38% free, 9MB/15MB, paused 1.024ms total 259.865ms
07-21 09:29:07.604 26615 26626 I vision.svplaye: NativeAlloc concurrent copying GC freed 98461(2MB) AllocSpace objects, 6(292KB) LOS objects, 43% free, 7MB/13MB, paused 450us total 211.237ms
07-21 09:29:07.809 26615 26626 I vision.svplaye: NativeAlloc concurrent copying GC freed 25493(506KB) AllocSpace objects, 0(0B) LOS objects, 43% free, 7MB/13MB, paused 165us total 156.225ms
07-21 09:29:09.047 26615 26615 I SmartVisionAds: Passage en FREE_WITH_ADS
07-21 09:29:09.047 26615 26615 I SmartVisionAds: Statut monetisation actuel: FREE_WITH_ADS
07-21 09:29:09.051 26615 26615 I Choreographer: Skipped 137 frames!  The application may be doing too much work on its main thread.
07-21 09:29:09.254 26615 26681 I OpenGLRenderer: Davey! duration=4283ms; Flags=0, IntendedVsync=22943570673163, Vsync=22945322424913, OldestInputEvent=9223372036854775807, NewestInputEvent=0, HandleInputStart=22945325707597, AnimationStart=22945328573058, PerformTraversalsStart=22946498390443, DrawStart=22947063903904, SyncQueued=22947330203905, SyncStart=22947330278674, IssueDrawCommandsStart=22947339068135, SwapBuffers=22947844486443, FrameCompleted=22947854405828, DequeueBufferDuration=20857000, QueueBufferDuration=2723000, 
07-21 09:29:09.367 26615 26681 I OpenGLRenderer: Davey! duration=2611ms; Flags=0, IntendedVsync=22945355799601, Vsync=22947641418551, OldestInputEvent=9223372036854775807, NewestInputEvent=0, HandleInputStart=22947651642366, AnimationStart=22947652555597, PerformTraversalsStart=22947876081674, DrawStart=22947943204366, SyncQueued=22947956143058, SyncStart=22947956274597, IssueDrawCommandsStart=22947956831828, SwapBuffers=22947964045520, FrameCompleted=22947966996981, DequeueBufferDuration=419000, QueueBufferDuration=507000, 
07-21 09:29:09.617 26615 26615 I Choreographer: Skipped 33 frames!  The application may be doing too much work on its main thread.
07-21 09:29:09.820 26615 26681 I OpenGLRenderer: Davey! duration=755ms; Flags=0, IntendedVsync=22947665206652, Vsync=22948215757202, OldestInputEvent=9223372036854775807, NewestInputEvent=0, HandleInputStart=22948216742443, AnimationStart=22948216838289, PerformTraversalsStart=22948358169905, DrawStart=22948366191443, SyncQueued=22948400868366, SyncStart=22948400990366, IssueDrawCommandsStart=22948402192597, SwapBuffers=22948413507135, FrameCompleted=22948420405674, DequeueBufferDuration=612000, QueueBufferDuration=5803000, 
07-21 09:29:10.906 26615 26615 I SVHomeLoad: ready profile=de993c35 revision=0
07-21 09:29:10.907 26615 26615 I SVHomeLoad: trending ready profile=de993c35 revision=0
07-21 09:29:11.812 26615 26626 I vision.svplaye: NativeAlloc concurrent copying GC freed 147103(4MB) AllocSpace objects, 10(604KB) LOS objects, 43% free, 7MB/13MB, paused 498us total 321ms
07-21 09:29:12.343 26615 26626 I vision.svplaye: NativeAlloc concurrent copying GC freed 48151(1520KB) AllocSpace objects, 12(240KB) LOS objects, 44% free, 7MB/13MB, paused 205us total 190.238ms
07-21 09:29:13.096 26615 26681 I OpenGLRenderer: Davey! duration=2301ms; Flags=0, IntendedVsync=22949393211095, Vsync=22949509994545, OldestInputEvent=9223372036854775807, NewestInputEvent=0, HandleInputStart=22949523532520, AnimationStart=22949523569212, PerformTraversalsStart=22949872405751, DrawStart=22949872813982, SyncQueued=22951586458212, SyncStart=22951586561443, IssueDrawCommandsStart=22951588863828, SwapBuffers=22951679708905, FrameCompleted=22951694882751, DequeueBufferDuration=5954000, QueueBufferDuration=5579000, 
07-21 09:29:13.154 26615 26615 I Choreographer: Skipped 133 frames!  The application may be doing too much work on its main thread.
07-21 09:29:13.559 26615 26681 I OpenGLRenderer: Davey! duration=2630ms; Flags=0, IntendedVsync=22949526691944, Vsync=22951745577494, OldestInputEvent=9223372036854775807, NewestInputEvent=0, HandleInputStart=22951754354136, AnimationStart=22951762173982, PerformTraversalsStart=22952036492905, DrawStart=22952040465366, SyncQueued=22952144373982, SyncStart=22952145248674, IssueDrawCommandsStart=22952145983059, SwapBuffers=22952156922828, FrameCompleted=22952158566136, DequeueBufferDuration=482000, QueueBufferDuration=597000, 
07-21 09:29:13.566 26615 26621 I vision.svplaye: Compiler allocated 4MB to compile void com.smartvision.svplayer.ui.home.TrendingContentRowKt.TrendingPreviewCard(com.smartvision.svplayer.data.mock.ContinueItem, java.lang.String, boolean, kotlin.jvm.functions.Function0, androidx.compose.ui.Modifier, androidx.compose.ui.focus.FocusRequester, kotlin.jvm.functions.Function1, kotlin.jvm.functions.Function0, kotlin.jvm.functions.Function0, boolean, kotlin.jvm.functions.Function0, kotlin.jvm.functions.Function0, boolean, java.lang.String, com.smartvision.svplayer.ui.home.HomePreviewController, androidx.compose.runtime.Composer, int, int, int)
07-21 09:29:14.296 26615 26615 I SVHomeLoad: continue ready profile=de993c35 revision=0
07-21 09:29:15.670 26615 26681 I OpenGLRenderer: Davey! duration=1509ms; Flags=0, IntendedVsync=22952746578957, Vsync=22952913412457, OldestInputEvent=9223372036854775807, NewestInputEvent=0, HandleInputStart=22952924413289, AnimationStart=22952924445059, PerformTraversalsStart=22953337403828, DrawStart=22953337765905, SyncQueued=22954205756597, SyncStart=22954205922059, IssueDrawCommandsStart=22954206901905, SwapBuffers=22954243791982, FrameCompleted=22954255983136, DequeueBufferDuration=457000, QueueBufferDuration=11065000, 
07-21 09:29:15.712 26615 26615 I Choreographer: Skipped 82 frames!  The application may be doing too much work on its main thread.
07-21 09:29:16.149 26615 26681 I OpenGLRenderer: Davey! duration=1818ms; Flags=0, IntendedVsync=22952930127170, Vsync=22954298161870, OldestInputEvent=9223372036854775807, NewestInputEvent=0, HandleInputStart=22954312388982, AnimationStart=22954312449366, PerformTraversalsStart=22954554628597, DrawStart=22954558384136, SyncQueued=22954730819059, SyncStart=22954731031751, IssueDrawCommandsStart=22954732945290, SwapBuffers=22954746024751, FrameCompleted=22954748617674, DequeueBufferDuration=755000, QueueBufferDuration=1122000, 
07-21 09:29:17.596 26615 26626 I vision.svplaye: Background concurrent copying GC freed 105692(4MB) AllocSpace objects, 22(440KB) LOS objects, 41% free, 8MB/14MB, paused 852us total 222.045ms
07-21 09:29:17.745 26615 26621 I vision.svplaye: Compiler allocated 4MB to compile void com.smartvision.svplayer.ui.home.ContentProgressCardKt.ContentProgressCard(com.smartvision.svplayer.data.mock.ContinueItem, java.lang.String, kotlin.jvm.functions.Function0, androidx.compose.ui.Modifier, androidx.compose.ui.focus.FocusRequester, kotlin.jvm.functions.Function0, kotlin.jvm.functions.Function1, kotlin.jvm.functions.Function0, kotlin.jvm.functions.Function0, boolean, kotlin.jvm.functions.Function0, kotlin.jvm.functions.Function0, boolean, java.lang.String, java.lang.String, boolean, java.lang.String, com.smartvision.svplayer.ui.home.HomePreviewController, androidx.compose.runtime.Composer, int, int, int)
07-21 09:29:22.043 26615 26626 I vision.svplaye: Background concurrent copying GC freed 189026(6MB) AllocSpace objects, 0(0B) LOS objects, 40% free, 8MB/14MB, paused 1.549ms total 274.267ms
07-21 09:29:24.283 26615 26626 I vision.svplaye: Background concurrent copying GC freed 190010(5MB) AllocSpace objects, 0(0B) LOS objects, 40% free, 8MB/14MB, paused 208us total 260.484ms
07-21 09:29:25.653 26615 26657 I WM-WorkerWrapper: Worker result SUCCESS for Work [ id=23c79070-3760-4297-8c1e-ff33792228ed, tags={ com.smartvision.svplayer.startup.PlaylistSyncWorker } ]
07-21 09:29:25.911 26615 26626 I vision.svplaye: Background concurrent copying GC freed 176580(5MB) AllocSpace objects, 2(104KB) LOS objects, 39% free, 9MB/15MB, paused 351us total 167.503ms
07-21 09:29:27.490 26615 26626 I vision.svplaye: Background concurrent copying GC freed 192452(6MB) AllocSpace objects, 0(0B) LOS objects, 40% free, 8MB/14MB, paused 185us total 189.365ms
07-21 09:29:28.735 26615 26626 I vision.svplaye: Background concurrent copying GC freed 191674(5MB) AllocSpace objects, 0(0B) LOS objects, 39% free, 9MB/15MB, paused 191us total 141.691ms
07-21 09:29:29.708 26615 26626 I vision.svplaye: Background concurrent copying GC freed 198753(6MB) AllocSpace objects, 0(0B) LOS objects, 39% free, 9MB/15MB, paused 236us total 138.874ms
07-21 09:29:30.689 26615 26626 I vision.svplaye: Background concurrent copying GC freed 196525(6MB) AllocSpace objects, 0(0B) LOS objects, 39% free, 9MB/15MB, paused 142us total 140.143ms
07-21 09:29:31.833 26615 26626 I vision.svplaye: Background concurrent copying GC freed 196409(6MB) AllocSpace objects, 0(0B) LOS objects, 39% free, 9MB/15MB, paused 152us total 167.656ms
07-21 09:29:32.868 26615 26626 I vision.svplaye: Background concurrent copying GC freed 194782(6MB) AllocSpace objects, 1(20KB) LOS objects, 39% free, 9MB/15MB, paused 201us total 134.070ms
07-21 09:29:33.871 26615 26626 I vision.svplaye: Background concurrent copying GC freed 192706(6MB) AllocSpace objects, 0(0B) LOS objects, 39% free, 9MB/15MB, paused 198us total 131.448ms
07-21 09:29:34.825 26615 26626 I vision.svplaye: Background concurrent copying GC freed 192481(6MB) AllocSpace objects, 0(0B) LOS objects, 39% free, 9MB/15MB, paused 172us total 133.068ms
07-21 09:29:35.768 26615 26626 I vision.svplaye: Background concurrent copying GC freed 191607(6MB) AllocSpace objects, 0(0B) LOS objects, 39% free, 9MB/15MB, paused 202us total 129.368ms
07-21 09:29:36.760 26615 26626 I vision.svplaye: Background concurrent copying GC freed 193130(6MB) AllocSpace objects, 0(0B) LOS objects, 39% free, 9MB/15MB, paused 142us total 128.645ms
07-21 09:29:37.711 26615 26626 I vision.svplaye: Background concurrent copying GC freed 192717(6MB) AllocSpace objects, 0(0B) LOS objects, 39% free, 9MB/15MB, paused 150us total 128.840ms
07-21 09:29:38.694 26615 26626 I vision.svplaye: Background concurrent copying GC freed 193479(6MB) AllocSpace objects, 0(0B) LOS objects, 39% free, 9MB/15MB, paused 206us total 134.928ms
07-21 09:29:39.639 26615 26626 I vision.svplaye: Background concurrent copying GC freed 193305(6MB) AllocSpace objects, 0(0B) LOS objects, 39% free, 9MB/15MB, paused 178us total 133.332ms
07-21 09:29:40.595 26615 26626 I vision.svplaye: Background concurrent copying GC freed 194025(6MB) AllocSpace objects, 0(0B) LOS objects, 39% free, 9MB/15MB, paused 204us total 137.705ms
07-21 09:29:41.531 26615 26626 I vision.svplaye: Background concurrent copying GC freed 195808(6MB) AllocSpace objects, 0(0B) LOS objects, 39% free, 9MB/15MB, paused 179us total 134.120ms
07-21 09:29:42.491 26615 26626 I vision.svplaye: Background concurrent copying GC freed 194361(6MB) AllocSpace objects, 0(0B) LOS objects, 39% free, 9MB/15MB, paused 183us total 136.199ms
07-21 09:29:43.429 26615 26626 I vision.svplaye: Background concurrent copying GC freed 195285(6MB) AllocSpace objects, 0(0B) LOS objects, 39% free, 9MB/15MB, paused 185us total 128.224ms
07-21 09:29:44.593 26615 26626 I vision.svplaye: Background concurrent copying GC freed 193305(6MB) AllocSpace objects, 0(0B) LOS objects, 39% free, 9MB/15MB, paused 180us total 187.438ms
07-21 09:29:46.034 26615 26626 I vision.svplaye: Background concurrent copying GC freed 197080(6MB) AllocSpace objects, 0(0B) LOS objects, 40% free, 8MB/14MB, paused 233us total 172.221ms
07-21 09:29:47.526 26615 26626 I vision.svplaye: Background concurrent copying GC freed 190250(6MB) AllocSpace objects, 0(0B) LOS objects, 39% free, 9MB/15MB, paused 211us total 183.181ms
07-21 09:29:48.976 26615 26626 I vision.svplaye: Background concurrent copying GC freed 191564(6MB) AllocSpace objects, 0(0B) LOS objects, 39% free, 9MB/15MB, paused 205us total 136.219ms
07-21 09:29:50.020 26615 26626 I vision.svplaye: Background concurrent copying GC freed 193328(6MB) AllocSpace objects, 0(0B) LOS objects, 39% free, 9MB/15MB, paused 193us total 134.391ms
07-21 09:29:50.972 26615 26626 I vision.svplaye: Background concurrent copying GC freed 191695(6MB) AllocSpace objects, 0(0B) LOS objects, 39% free, 9MB/15MB, paused 176us total 135.131ms
07-21 09:29:52.023 26615 26626 I vision.svplaye: Background concurrent copying GC freed 195008(6MB) AllocSpace objects, 0(0B) LOS objects, 39% free, 9MB/15MB, paused 209us total 163.626ms
07-21 09:29:53.211 26615 26626 I vision.svplaye: Background concurrent copying GC freed 191154(6MB) AllocSpace objects, 0(0B) LOS objects, 39% free, 9MB/15MB, paused 210us total 173.193ms
07-21 09:29:53.593 26615 27639 W AmazonKeyEventLogging: remote_perf key event latency detected [Source: ViewRootImpl, KeyCode: KEYCODE_XXXX, IsDown: 1, Repeat: 0, EventTime: 22991922, Latency: 234, DeviceId: -1, AppPackage: com.smartvision.svplayer]
07-21 09:29:53.613 26615 27639 W AmazonKeyEventLogging: remote_perf key event latency detected [Source: ViewRootImpl, KeyCode: KEYCODE_XXXX, IsDown: 0, Repeat: 0, EventTime: 22991922, Latency: 290, DeviceId: -1, AppPackage: com.smartvision.svplayer]
07-21 09:29:54.210 26615 26626 I vision.svplaye: NativeAlloc concurrent copying GC freed 81662(2MB) AllocSpace objects, 0(0B) LOS objects, 40% free, 8MB/14MB, paused 257us total 189.877ms
07-21 09:29:54.350 26615 26681 I OpenGLRenderer: Davey! duration=779ms; Flags=0, IntendedVsync=22992169746467, Vsync=22992203113167, OldestInputEvent=22991922000000, NewestInputEvent=22991922000000, HandleInputStart=22992212653523, AnimationStart=22992212682138, PerformTraversalsStart=22992426442907, DrawStart=22992442927061, SyncQueued=22992461375138, SyncStart=22992461549676, IssueDrawCommandsStart=22992462964830, SwapBuffers=22992948287907, FrameCompleted=22992949623369, DequeueBufferDuration=340000, QueueBufferDuration=567000, 
07-21 09:29:57.333 26615 26626 I vision.svplaye: Background concurrent copying GC freed 181425(5MB) AllocSpace objects, 2(32KB) LOS objects, 39% free, 9MB/15MB, paused 191us total 294.946ms
07-21 09:29:59.386 26615 26626 I vision.svplaye: Background concurrent copying GC freed 198131(6MB) AllocSpace objects, 0(0B) LOS objects, 40% free, 8MB/14MB, paused 268us total 155.935ms
07-21 09:29:59.401 26615 26624 W MediaPlayer-JNI: MediaPlayer finalized without being released
07-21 09:30:01.435 26615 26626 I vision.svplaye: Background concurrent copying GC freed 192249(6MB) AllocSpace objects, 0(0B) LOS objects, 40% free, 8MB/14MB, paused 172us total 126.332ms
07-21 09:30:03.595 26615 26626 I vision.svplaye: Background concurrent copying GC freed 193406(6MB) AllocSpace objects, 0(0B) LOS objects, 40% free, 8MB/14MB, paused 198us total 173.035ms
07-21 09:30:05.710 26615 26626 I vision.svplaye: Background concurrent copying GC freed 192010(5MB) AllocSpace objects, 0(0B) LOS objects, 40% free, 8MB/14MB, paused 166us total 137.414ms
07-21 09:30:07.775 26615 26626 I vision.svplaye: Background concurrent copying GC freed 193794(6MB) AllocSpace objects, 0(0B) LOS objects, 40% free, 8MB/14MB, paused 157us total 126.517ms
07-21 09:30:10.090 26615 26626 I vision.svplaye: Background concurrent copying GC freed 190667(6MB) AllocSpace objects, 0(0B) LOS objects, 40% free, 8MB/14MB, paused 212us total 257.155ms
