--------- beginning of main
07-17 03:37:41.052 30630 30630 W ActivityThread: handleWindowVisibility: no activity for token android.os.BinderProxy@b70116f
07-17 03:37:41.168 30630 30630 I SVStartup: onCreate: MainActivity launcher with system splash theme
07-17 03:37:41.268 30630 30640 I vision.svplaye: NativeAlloc concurrent copying GC freed 127221(4MB) AllocSpace objects, 1(20KB) LOS objects, 44% free, 7MB/13MB, paused 153us total 118.270ms
07-17 03:37:41.466 30630 30640 I vision.svplaye: NativeAlloc concurrent copying GC freed 5871(284KB) AllocSpace objects, 1(20KB) LOS objects, 44% free, 7MB/13MB, paused 146us total 111.663ms
07-17 03:37:41.714 30630 30630 I SVStartup: startup stage: Initializing
07-17 03:37:41.714 30630 30630 I SVStartup: startup stage: CheckingActivation
07-17 03:37:41.719 30630 30630 I SVStartup: startup stage: PreparingHome
07-17 03:37:41.719 30630 30630 I SVStartup: startup stage: Starting
07-17 03:37:41.749 30630 30630 I SVStartup: startup complete: rendering AppNavigation
07-17 03:37:41.994 30630 30640 I vision.svplaye: NativeAlloc concurrent copying GC freed 29195(974KB) AllocSpace objects, 0(0B) LOS objects, 44% free, 7MB/13MB, paused 142us total 119.042ms
07-17 03:37:42.206 30630 30630 I SVStartup: state localReady=true checking=false activated=true playableSource=true route=home
07-17 03:37:42.541 30630 30630 I SmartVisionAds: Statut monetisation actuel: FREE_WITH_ADS
07-17 03:38:20.930 30630 30640 I vision.svplaye: NativeAlloc concurrent copying GC freed 108530(3MB) AllocSpace objects, 1(20KB) LOS objects, 43% free, 7MB/13MB, paused 624us total 127.889ms
07-17 03:38:21.109 30630 30640 I vision.svplaye: NativeAlloc concurrent copying GC freed 2779(132KB) AllocSpace objects, 0(0B) LOS objects, 43% free, 7MB/13MB, paused 162us total 117.420ms
07-17 03:38:21.324 30630 30640 I vision.svplaye: NativeAlloc concurrent copying GC freed 1828(115KB) AllocSpace objects, 2(68KB) LOS objects, 41% free, 8MB/14MB, paused 210us total 143.712ms
07-17 03:38:21.536 30630 30640 I vision.svplaye: NativeAlloc concurrent copying GC freed 4399(298KB) AllocSpace objects, 0(0B) LOS objects, 40% free, 8MB/14MB, paused 473us total 142.972ms
07-17 03:38:21.756 30630 30640 I vision.svplaye: NativeAlloc concurrent copying GC freed 3614(207KB) AllocSpace objects, 0(0B) LOS objects, 39% free, 9MB/15MB, paused 3.047ms total 150.698ms
07-17 03:38:22.156 30630 30630 I Choreographer: Skipped 94 frames!  The application may be doing too much work on its main thread.
07-17 03:38:23.342 30630 30640 I vision.svplaye: NativeAlloc concurrent copying GC freed 96157(3MB) AllocSpace objects, 0(0B) LOS objects, 37% free, 10MB/16MB, paused 156us total 161.659ms
07-17 03:38:25.127 30630 30640 I vision.svplaye: Background concurrent copying GC freed 178280(5MB) AllocSpace objects, 1(24KB) LOS objects, 36% free, 10MB/16MB, paused 154us total 150.387ms
07-17 03:38:26.960 30630 30640 I vision.svplaye: Background concurrent copying GC freed 190996(6MB) AllocSpace objects, 0(0B) LOS objects, 36% free, 10MB/16MB, paused 179us total 154.526ms
07-17 03:38:28.783 30630 30640 I vision.svplaye: Background concurrent copying GC freed 190424(5MB) AllocSpace objects, 0(0B) LOS objects, 36% free, 10MB/16MB, paused 180us total 148.360ms
07-17 03:38:30.573 30630 30640 I vision.svplaye: Background concurrent copying GC freed 189735(6MB) AllocSpace objects, 0(0B) LOS objects, 36% free, 10MB/16MB, paused 178us total 151.285ms
07-17 03:38:32.299 30630 30640 I vision.svplaye: Background concurrent copying GC freed 194940(6MB) AllocSpace objects, 0(0B) LOS objects, 37% free, 10MB/16MB, paused 212us total 146.096ms
07-17 03:38:34.038 30630 30640 I vision.svplaye: Background concurrent copying GC freed 192434(5MB) AllocSpace objects, 0(0B) LOS objects, 36% free, 10MB/16MB, paused 174us total 151.934ms
07-17 03:38:35.782 30630 30640 I vision.svplaye: Background concurrent copying GC freed 191689(5MB) AllocSpace objects, 0(0B) LOS objects, 36% free, 10MB/16MB, paused 177us total 158.268ms
07-17 03:38:37.514 30630 30640 I vision.svplaye: Background concurrent copying GC freed 196692(6MB) AllocSpace objects, 0(0B) LOS objects, 36% free, 10MB/16MB, paused 157us total 148.979ms
07-17 03:38:39.250 30630 30640 I vision.svplaye: Background concurrent copying GC freed 193748(6MB) AllocSpace objects, 0(0B) LOS objects, 36% free, 10MB/16MB, paused 194us total 148.565ms
07-17 03:38:41.006 30630 30640 I vision.svplaye: Background concurrent copying GC freed 191234(6MB) AllocSpace objects, 0(0B) LOS objects, 37% free, 10MB/16MB, paused 265us total 149.988ms
