--------- beginning of main
07-21 20:45:14.359 15386 22786 E CameraManagerGlobal: Camera service is unavailable
07-21 20:45:15.360 15386 22786 I CameraManagerGlobal: Connecting to camera service
07-21 20:45:15.360 15386 22786 E CameraManagerGlobal: Camera service is unavailable
07-21 20:45:15.983 15386 15403 I vision.svplaye: Background concurrent copying GC freed 203247(6MB) AllocSpace objects, 0(0B) LOS objects, 20% free, 23MB/29MB, paused 194us total 251.676ms
07-21 20:45:16.360 15386 22786 I CameraManagerGlobal: Connecting to camera service
07-21 20:45:16.361 15386 22786 E CameraManagerGlobal: Camera service is unavailable
07-21 20:45:17.361 15386 22786 I CameraManagerGlobal: Connecting to camera service
07-21 20:45:17.362 15386 22786 E CameraManagerGlobal: Camera service is unavailable
07-21 20:45:17.922 15386 15403 I vision.svplaye: Background concurrent copying GC freed 202005(6MB) AllocSpace objects, 0(0B) LOS objects, 20% free, 23MB/29MB, paused 200us total 251.641ms
07-21 20:45:18.362 15386 22786 I CameraManagerGlobal: Connecting to camera service
07-21 20:45:18.362 15386 22786 E CameraManagerGlobal: Camera service is unavailable
07-21 20:45:19.362 15386 22786 I CameraManagerGlobal: Connecting to camera service
07-21 20:45:19.363 15386 22786 E CameraManagerGlobal: Camera service is unavailable
07-21 20:45:19.842 15386 15403 I vision.svplaye: Background concurrent copying GC freed 200292(6MB) AllocSpace objects, 0(0B) LOS objects, 20% free, 23MB/29MB, paused 260us total 249.491ms
07-21 20:45:20.363 15386 22786 I CameraManagerGlobal: Connecting to camera service
07-21 20:45:20.363 15386 22786 E CameraManagerGlobal: Camera service is unavailable
07-21 20:45:21.364 15386 22786 I CameraManagerGlobal: Connecting to camera service
07-21 20:45:21.364 15386 22786 E CameraManagerGlobal: Camera service is unavailable
07-21 20:45:21.761 15386 15403 I vision.svplaye: Background concurrent copying GC freed 199666(6MB) AllocSpace objects, 0(0B) LOS objects, 20% free, 23MB/29MB, paused 197us total 251.073ms
07-21 20:45:22.364 15386 22786 I CameraManagerGlobal: Connecting to camera service
07-21 20:45:22.365 15386 22786 E CameraManagerGlobal: Camera service is unavailable
07-21 20:45:23.365 15386 22786 I CameraManagerGlobal: Connecting to camera service
07-21 20:45:23.365 15386 22786 E CameraManagerGlobal: Camera service is unavailable
07-21 20:45:23.687 15386 15403 I vision.svplaye: Background concurrent copying GC freed 199617(6MB) AllocSpace objects, 0(0B) LOS objects, 20% free, 23MB/29MB, paused 188us total 260.216ms
07-21 20:45:24.365 15386 22786 I CameraManagerGlobal: Connecting to camera service
07-21 20:45:24.366 15386 22786 E CameraManagerGlobal: Camera service is unavailable
07-21 20:45:25.366 15386 22786 I CameraManagerGlobal: Connecting to camera service
07-21 20:45:25.367 15386 22786 E CameraManagerGlobal: Camera service is unavailable
07-21 20:45:25.608 15386 15403 I vision.svplaye: Background concurrent copying GC freed 199887(6MB) AllocSpace objects, 0(0B) LOS objects, 20% free, 23MB/29MB, paused 166us total 257.974ms
07-21 20:45:26.367 15386 22786 I CameraManagerGlobal: Connecting to camera service
07-21 20:45:26.367 15386 22786 E CameraManagerGlobal: Camera service is unavailable
07-21 20:45:27.367 15386 22786 I CameraManagerGlobal: Connecting to camera service
07-21 20:45:27.368 15386 22786 E CameraManagerGlobal: Camera service is unavailable
07-21 20:45:27.553 15386 15403 I vision.svplaye: Background concurrent copying GC freed 200350(6MB) AllocSpace objects, 0(0B) LOS objects, 20% free, 23MB/29MB, paused 180us total 252.546ms
07-21 20:45:28.369 15386 22786 I CameraManagerGlobal: Connecting to camera service
07-21 20:45:28.369 15386 22786 E CameraManagerGlobal: Camera service is unavailable
07-21 20:45:29.369 15386 22786 I CameraManagerGlobal: Connecting to camera service
07-21 20:45:29.370 15386 22786 E CameraManagerGlobal: Camera service is unavailable
07-21 20:45:29.486 15386 15403 I vision.svplaye: Background concurrent copying GC freed 200738(6MB) AllocSpace objects, 0(0B) LOS objects, 20% free, 23MB/29MB, paused 234us total 260.915ms
07-21 20:45:30.370 15386 22786 I CameraManagerGlobal: Connecting to camera service
07-21 20:45:30.370 15386 22786 E CameraManagerGlobal: Camera service is unavailable
07-21 20:45:31.371 15386 22786 I CameraManagerGlobal: Connecting to camera service
07-21 20:45:31.371 15386 22786 E CameraManagerGlobal: Camera service is unavailable
07-21 20:45:31.416 15386 15403 I vision.svplaye: Background concurrent copying GC freed 204024(6MB) AllocSpace objects, 0(0B) LOS objects, 20% free, 23MB/29MB, paused 195us total 248.557ms
07-21 20:45:32.371 15386 22786 I CameraManagerGlobal: Connecting to camera service
07-21 20:45:32.372 15386 22786 E CameraManagerGlobal: Camera service is unavailable
07-21 20:45:33.345 15386 15403 I vision.svplaye: Background concurrent copying GC freed 199911(6MB) AllocSpace objects, 0(0B) LOS objects, 20% free, 23MB/29MB, paused 152us total 250.244ms
07-21 20:45:33.372 15386 22786 I CameraManagerGlobal: Connecting to camera service
07-21 20:45:33.372 15386 22786 E CameraManagerGlobal: Camera service is unavailable
07-21 20:45:34.373 15386 22786 I CameraManagerGlobal: Connecting to camera service
07-21 20:45:34.373 15386 22786 E CameraManagerGlobal: Camera service is unavailable
07-21 20:45:35.288 15386 15403 I vision.svplaye: Background concurrent copying GC freed 199810(6MB) AllocSpace objects, 0(0B) LOS objects, 20% free, 23MB/29MB, paused 205us total 250.107ms
07-21 20:45:35.373 15386 22786 I CameraManagerGlobal: Connecting to camera service
07-21 20:45:35.374 15386 22786 E CameraManagerGlobal: Camera service is unavailable
07-21 20:45:36.374 15386 22786 I CameraManagerGlobal: Connecting to camera service
07-21 20:45:36.374 15386 22786 E CameraManagerGlobal: Camera service is unavailable
07-21 20:45:37.240 15386 15403 I vision.svplaye: Background concurrent copying GC freed 204362(6MB) AllocSpace objects, 0(0B) LOS objects, 20% free, 23MB/29MB, paused 173us total 260.649ms
07-21 20:45:37.375 15386 22786 I CameraManagerGlobal: Connecting to camera service
07-21 20:45:37.375 15386 22786 E CameraManagerGlobal: Camera service is unavailable
07-21 20:45:38.375 15386 22786 I CameraManagerGlobal: Connecting to camera service
07-21 20:45:38.376 15386 22786 E CameraManagerGlobal: Camera service is unavailable
07-21 20:45:39.202 15386 15403 I vision.svplaye: Background concurrent copying GC freed 200842(6MB) AllocSpace objects, 0(0B) LOS objects, 20% free, 23MB/29MB, paused 170us total 268.596ms
07-21 20:45:39.376 15386 22786 I CameraManagerGlobal: Connecting to camera service
07-21 20:45:39.376 15386 22786 E CameraManagerGlobal: Camera service is unavailable
07-21 20:45:40.377 15386 22786 I CameraManagerGlobal: Connecting to camera service
07-21 20:45:40.377 15386 22786 E CameraManagerGlobal: Camera service is unavailable
07-21 20:45:41.175 15386 15403 I vision.svplaye: Background concurrent copying GC freed 205164(6MB) AllocSpace objects, 0(0B) LOS objects, 20% free, 23MB/29MB, paused 195us total 266.936ms
07-21 20:45:41.377 15386 22786 I CameraManagerGlobal: Connecting to camera service
07-21 20:45:41.378 15386 22786 E CameraManagerGlobal: Camera service is unavailable
07-21 20:45:42.379 15386 22786 I CameraManagerGlobal: Connecting to camera service
07-21 20:45:42.379 15386 22786 E CameraManagerGlobal: Camera service is unavailable
07-21 20:45:43.195 15386 15403 I vision.svplaye: Background concurrent copying GC freed 194842(6MB) AllocSpace objects, 0(0B) LOS objects, 20% free, 23MB/29MB, paused 226us total 274.431ms
07-21 20:45:43.379 15386 22786 I CameraManagerGlobal: Connecting to camera service
07-21 20:45:43.379 15386 22786 E CameraManagerGlobal: Camera service is unavailable
07-21 20:45:44.380 15386 22786 I CameraManagerGlobal: Connecting to camera service
07-21 20:45:44.380 15386 22786 E CameraManagerGlobal: Camera service is unavailable
07-21 20:45:45.380 15386 22786 I CameraManagerGlobal: Connecting to camera service
07-21 20:45:45.381 15386 22786 E CameraManagerGlobal: Camera service is unavailable
07-21 20:45:45.424 15386 15403 I vision.svplaye: Background concurrent copying GC freed 198323(6MB) AllocSpace objects, 0(0B) LOS objects, 20% free, 23MB/29MB, paused 241us total 273.465ms
07-21 20:45:46.381 15386 22786 I CameraManagerGlobal: Connecting to camera service
07-21 20:45:46.381 15386 22786 E CameraManagerGlobal: Camera service is unavailable
07-21 20:45:47.382 15386 22786 I CameraManagerGlobal: Connecting to camera service
07-21 20:45:47.382 15386 22786 E CameraManagerGlobal: Camera service is unavailable
07-21 20:45:47.644 15386 15403 I vision.svplaye: Background concurrent copying GC freed 201826(6MB) AllocSpace objects, 0(0B) LOS objects, 20% free, 23MB/29MB, paused 262us total 265.113ms
07-21 20:45:48.382 15386 22786 I CameraManagerGlobal: Connecting to camera service
07-21 20:45:48.383 15386 22786 E CameraManagerGlobal: Camera service is unavailable
07-21 20:45:49.383 15386 22786 I CameraManagerGlobal: Connecting to camera service
07-21 20:45:49.383 15386 22786 E CameraManagerGlobal: Camera service is unavailable
07-21 20:45:49.770 15386 15403 I vision.svplaye: Background concurrent copying GC freed 205302(6MB) AllocSpace objects, 0(0B) LOS objects, 20% free, 23MB/29MB, paused 251us total 258.509ms
07-21 20:45:50.383 15386 22786 I CameraManagerGlobal: Connecting to camera service
07-21 20:45:50.384 15386 22786 E CameraManagerGlobal: Camera service is unavailable
07-21 20:45:51.384 15386 22786 I CameraManagerGlobal: Connecting to camera service
07-21 20:45:51.384 15386 22786 E CameraManagerGlobal: Camera service is unavailable
07-21 20:45:51.926 15386 15403 I vision.svplaye: Background concurrent copying GC freed 201766(6MB) AllocSpace objects, 0(0B) LOS objects, 20% free, 23MB/29MB, paused 246us total 284.215ms
07-21 20:45:52.385 15386 22786 I CameraManagerGlobal: Connecting to camera service
07-21 20:45:52.385 15386 22786 E CameraManagerGlobal: Camera service is unavailable
07-21 20:45:53.385 15386 22786 I CameraManagerGlobal: Connecting to camera service
07-21 20:45:53.386 15386 22786 E CameraManagerGlobal: Camera service is unavailable
07-21 20:45:54.054 15386 15403 I vision.svplaye: Background concurrent copying GC freed 207019(6MB) AllocSpace objects, 0(0B) LOS objects, 20% free, 23MB/29MB, paused 207us total 267.620ms
07-21 20:45:54.387 15386 22786 I CameraManagerGlobal: Connecting to camera service
07-21 20:45:54.387 15386 22786 E CameraManagerGlobal: Camera service is unavailable
07-21 20:45:55.387 15386 22786 I CameraManagerGlobal: Connecting to camera service
07-21 20:45:55.388 15386 22786 E CameraManagerGlobal: Camera service is unavailable
07-21 20:45:56.180 15386 15403 I vision.svplaye: Background concurrent copying GC freed 204871(6MB) AllocSpace objects, 0(0B) LOS objects, 20% free, 23MB/29MB, paused 188us total 261.444ms
07-21 20:45:56.388 15386 22786 I CameraManagerGlobal: Connecting to camera service
07-21 20:45:56.388 15386 22786 E CameraManagerGlobal: Camera service is unavailable
07-21 20:45:57.389 15386 22786 I CameraManagerGlobal: Connecting to camera service
07-21 20:45:57.389 15386 22786 E CameraManagerGlobal: Camera service is unavailable
07-21 20:45:58.328 15386 15403 I vision.svplaye: Background concurrent copying GC freed 201473(6MB) AllocSpace objects, 0(0B) LOS objects, 20% free, 23MB/29MB, paused 194us total 274.376ms
07-21 20:45:58.389 15386 22786 I CameraManagerGlobal: Connecting to camera service
07-21 20:45:58.390 15386 22786 E CameraManagerGlobal: Camera service is unavailable
07-21 20:45:59.390 15386 22786 I CameraManagerGlobal: Connecting to camera service
07-21 20:45:59.390 15386 22786 E CameraManagerGlobal: Camera service is unavailable
07-21 20:46:00.391 15386 22786 I CameraManagerGlobal: Connecting to camera service
07-21 20:46:00.391 15386 22786 E CameraManagerGlobal: Camera service is unavailable
07-21 20:46:00.513 15386 15403 I vision.svplaye: Background concurrent copying GC freed 198421(6MB) AllocSpace objects, 1(20KB) LOS objects, 20% free, 23MB/29MB, paused 196us total 256.578ms
07-21 20:46:01.391 15386 22786 I CameraManagerGlobal: Connecting to camera service
07-21 20:46:01.392 15386 22786 E CameraManagerGlobal: Camera service is unavailable
07-21 20:46:02.392 15386 22786 I CameraManagerGlobal: Connecting to camera service
07-21 20:46:02.392 15386 22786 E CameraManagerGlobal: Camera service is unavailable
07-21 20:46:02.726 15386 15403 I vision.svplaye: Background concurrent copying GC freed 196225(6MB) AllocSpace objects, 0(0B) LOS objects, 20% free, 23MB/29MB, paused 239us total 273.207ms
07-21 20:46:03.392 15386 22786 I CameraManagerGlobal: Connecting to camera service
07-21 20:46:03.393 15386 22786 E CameraManagerGlobal: Camera service is unavailable
07-21 20:46:04.393 15386 22786 I CameraManagerGlobal: Connecting to camera service
07-21 20:46:04.393 15386 22786 E CameraManagerGlobal: Camera service is unavailable
07-21 20:46:04.979 15386 15403 I vision.svplaye: Background concurrent copying GC freed 200045(6MB) AllocSpace objects, 0(0B) LOS objects, 20% free, 23MB/29MB, paused 203us total 275.767ms
07-21 20:46:05.394 15386 22786 I CameraManagerGlobal: Connecting to camera service
07-21 20:46:05.394 15386 22786 E CameraManagerGlobal: Camera service is unavailable
07-21 20:46:06.394 15386 22786 I CameraManagerGlobal: Connecting to camera service
07-21 20:46:06.395 15386 22786 E CameraManagerGlobal: Camera service is unavailable
07-21 20:46:07.186 15386 15403 I vision.svplaye: Background concurrent copying GC freed 202402(6MB) AllocSpace objects, 0(0B) LOS objects, 20% free, 23MB/29MB, paused 195us total 259.484ms
07-21 20:46:07.395 15386 22786 I CameraManagerGlobal: Connecting to camera service
07-21 20:46:07.395 15386 22786 E CameraManagerGlobal: Camera service is unavailable
07-21 20:46:08.396 15386 22786 I CameraManagerGlobal: Connecting to camera service
07-21 20:46:08.396 15386 22786 E CameraManagerGlobal: Camera service is unavailable
07-21 20:46:09.388 15386 15403 I vision.svplaye: Background concurrent copying GC freed 198154(6MB) AllocSpace objects, 0(0B) LOS objects, 20% free, 23MB/29MB, paused 193us total 262.035ms
07-21 20:46:09.396 15386 22786 I CameraManagerGlobal: Connecting to camera service
07-21 20:46:09.397 15386 22786 E CameraManagerGlobal: Camera service is unavailable
07-21 20:46:10.397 15386 22786 I CameraManagerGlobal: Connecting to camera service
07-21 20:46:10.398 15386 22786 E CameraManagerGlobal: Camera service is unavailable
07-21 20:46:11.398 15386 22786 I CameraManagerGlobal: Connecting to camera service
07-21 20:46:11.398 15386 22786 E CameraManagerGlobal: Camera service is unavailable
07-21 20:46:11.612 15386 15403 I vision.svplaye: Background concurrent copying GC freed 197533(6MB) AllocSpace objects, 0(0B) LOS objects, 20% free, 23MB/29MB, paused 197us total 269.346ms
07-21 20:46:12.399 15386 22786 I CameraManagerGlobal: Connecting to camera service
07-21 20:46:12.399 15386 22786 E CameraManagerGlobal: Camera service is unavailable
07-21 20:46:13.399 15386 22786 I CameraManagerGlobal: Connecting to camera service
07-21 20:46:13.400 15386 22786 E CameraManagerGlobal: Camera service is unavailable
07-21 20:46:13.850 15386 15403 I vision.svplaye: Background concurrent copying GC freed 203009(6MB) AllocSpace objects, 0(0B) LOS objects, 20% free, 23MB/29MB, paused 220us total 255.940ms
07-21 20:46:14.400 15386 22786 I CameraManagerGlobal: Connecting to camera service
07-21 20:46:14.400 15386 22786 E CameraManagerGlobal: Camera service is unavailable
07-21 20:46:15.400 15386 22786 I CameraManagerGlobal: Connecting to camera service
07-21 20:46:15.401 15386 22786 E CameraManagerGlobal: Camera service is unavailable
07-21 20:46:16.070 15386 15403 I vision.svplaye: Background concurrent copying GC freed 198855(6MB) AllocSpace objects, 0(0B) LOS objects, 20% free, 23MB/29MB, paused 279us total 274.827ms
07-21 20:46:16.401 15386 22786 I CameraManagerGlobal: Connecting to camera service
07-21 20:46:16.402 15386 22786 E CameraManagerGlobal: Camera service is unavailable
07-21 20:46:17.402 15386 22786 I CameraManagerGlobal: Connecting to camera service
07-21 20:46:17.402 15386 22786 E CameraManagerGlobal: Camera service is unavailable
07-21 20:46:18.282 15386 15403 I vision.svplaye: Background concurrent copying GC freed 200762(6MB) AllocSpace objects, 0(0B) LOS objects, 20% free, 23MB/29MB, paused 196us total 266.609ms
07-21 20:46:18.403 15386 22786 I CameraManagerGlobal: Connecting to camera service
07-21 20:46:18.403 15386 22786 E CameraManagerGlobal: Camera service is unavailable
07-21 20:46:19.403 15386 22786 I CameraManagerGlobal: Connecting to camera service
07-21 20:46:19.404 15386 22786 E CameraManagerGlobal: Camera service is unavailable
07-21 20:46:20.404 15386 22786 I CameraManagerGlobal: Connecting to camera service
07-21 20:46:20.405 15386 22786 E CameraManagerGlobal: Camera service is unavailable
07-21 20:46:20.495 15386 15403 I vision.svplaye: Background concurrent copying GC freed 199579(6MB) AllocSpace objects, 0(0B) LOS objects, 20% free, 23MB/29MB, paused 217us total 255.619ms
07-21 20:46:21.405 15386 22786 I CameraManagerGlobal: Connecting to camera service
07-21 20:46:21.405 15386 22786 E CameraManagerGlobal: Camera service is unavailable
07-21 20:46:22.405 15386 22786 I CameraManagerGlobal: Connecting to camera service
07-21 20:46:22.406 15386 22786 E CameraManagerGlobal: Camera service is unavailable
07-21 20:46:22.516 15386 15403 I vision.svplaye: Background concurrent copying GC freed 206493(6MB) AllocSpace objects, 0(0B) LOS objects, 20% free, 23MB/29MB, paused 183us total 301.507ms
07-21 20:46:23.407 15386 22786 I CameraManagerGlobal: Connecting to camera service
07-21 20:46:23.407 15386 22786 E CameraManagerGlobal: Camera service is unavailable
07-21 20:46:24.407 15386 22786 I CameraManagerGlobal: Connecting to camera service
07-21 20:46:24.408 15386 22786 E CameraManagerGlobal: Camera service is unavailable
07-21 20:46:24.489 15386 15403 I vision.svplaye: Background concurrent copying GC freed 207655(6MB) AllocSpace objects, 0(0B) LOS objects, 20% free, 23MB/29MB, paused 210us total 269.236ms
07-21 20:46:25.408 15386 22786 I CameraManagerGlobal: Connecting to camera service
07-21 20:46:25.409 15386 22786 E CameraManagerGlobal: Camera service is unavailable
07-21 20:46:26.338 15386 15403 I vision.svplaye: Background concurrent copying GC freed 209049(6MB) AllocSpace objects, 0(0B) LOS objects, 20% free, 23MB/29MB, paused 205us total 255.182ms
07-21 20:46:26.409 15386 22786 I CameraManagerGlobal: Connecting to camera service
07-21 20:46:26.409 15386 22786 E CameraManagerGlobal: Camera service is unavailable
07-21 20:46:27.410 15386 22786 I CameraManagerGlobal: Connecting to camera service
07-21 20:46:27.410 15386 22786 E CameraManagerGlobal: Camera service is unavailable
07-21 20:46:28.203 15386 15403 I vision.svplaye: Background concurrent copying GC freed 204937(6MB) AllocSpace objects, 0(0B) LOS objects, 20% free, 23MB/29MB, paused 167us total 266.404ms
07-21 20:46:28.410 15386 22786 I CameraManagerGlobal: Connecting to camera service
07-21 20:46:28.411 15386 22786 E CameraManagerGlobal: Camera service is unavailable
07-21 20:46:29.411 15386 22786 I CameraManagerGlobal: Connecting to camera service
07-21 20:46:29.411 15386 22786 E CameraManagerGlobal: Camera service is unavailable
07-21 20:46:30.054 15386 15403 I vision.svplaye: Background concurrent copying GC freed 204610(6MB) AllocSpace objects, 0(0B) LOS objects, 20% free, 23MB/29MB, paused 205us total 259.756ms
07-21 20:46:30.412 15386 22786 I CameraManagerGlobal: Connecting to camera service
07-21 20:46:30.412 15386 22786 E CameraManagerGlobal: Camera service is unavailable
07-21 20:46:31.412 15386 22786 I CameraManagerGlobal: Connecting to camera service
07-21 20:46:31.413 15386 22786 E CameraManagerGlobal: Camera service is unavailable
07-21 20:46:31.932 15386 15403 I vision.svplaye: Background concurrent copying GC freed 208429(6MB) AllocSpace objects, 0(0B) LOS objects, 20% free, 23MB/29MB, paused 236us total 259.831ms
07-21 20:46:32.413 15386 22786 I CameraManagerGlobal: Connecting to camera service
07-21 20:46:32.413 15386 22786 E CameraManagerGlobal: Camera service is unavailable
07-21 20:46:33.414 15386 22786 I CameraManagerGlobal: Connecting to camera service
07-21 20:46:33.414 15386 22786 E CameraManagerGlobal: Camera service is unavailable
07-21 20:46:33.793 15386 15403 I vision.svplaye: Background concurrent copying GC freed 206700(6MB) AllocSpace objects, 0(0B) LOS objects, 20% free, 23MB/29MB, paused 265us total 249.061ms
07-21 20:46:34.414 15386 22786 I CameraManagerGlobal: Connecting to camera service
07-21 20:46:34.414 15386 22786 E CameraManagerGlobal: Camera service is unavailable
