--------- beginning of main
07-15 01:03:48.593 17906 17920 I vision.svplaye: NativeAlloc concurrent copying GC freed 6921(230KB) AllocSpace objects, 2(68KB) LOS objects, 20% free, 22MB/28MB, paused 199us total 267.486ms
07-15 01:03:50.754 17906 17920 I vision.svplaye: Background concurrent copying GC freed 189291(6MB) AllocSpace objects, 0(0B) LOS objects, 20% free, 22MB/28MB, paused 221us total 254.204ms
07-15 01:03:53.140 17906 17920 I vision.svplaye: Background concurrent copying GC freed 249206(7MB) AllocSpace objects, 0(0B) LOS objects, 22% free, 21MB/27MB, paused 360us total 254.276ms
07-15 01:03:55.534 17906 17920 I vision.svplaye: Background concurrent copying GC freed 207072(6MB) AllocSpace objects, 0(0B) LOS objects, 22% free, 21MB/27MB, paused 228us total 256.409ms
07-15 01:03:57.908 17906 17920 I vision.svplaye: Background concurrent copying GC freed 202860(6MB) AllocSpace objects, 0(0B) LOS objects, 22% free, 21MB/27MB, paused 243us total 240.109ms
07-15 01:04:00.269 17906 17920 I vision.svplaye: Background concurrent copying GC freed 204825(6MB) AllocSpace objects, 0(0B) LOS objects, 22% free, 21MB/27MB, paused 185us total 227.942ms
07-15 01:04:02.641 17906 17920 I vision.svplaye: Background concurrent copying GC freed 205312(6MB) AllocSpace objects, 0(0B) LOS objects, 22% free, 21MB/27MB, paused 245us total 240.457ms
07-15 01:04:05.029 17906 17920 I vision.svplaye: Background concurrent copying GC freed 204334(6MB) AllocSpace objects, 0(0B) LOS objects, 22% free, 21MB/27MB, paused 244us total 250.474ms
07-15 01:04:07.421 17906 17920 I vision.svplaye: Background concurrent copying GC freed 206312(6MB) AllocSpace objects, 0(0B) LOS objects, 21% free, 21MB/27MB, paused 158us total 251.331ms
07-15 01:04:09.846 17906 17920 I vision.svplaye: Background concurrent copying GC freed 208048(6MB) AllocSpace objects, 0(0B) LOS objects, 21% free, 21MB/27MB, paused 489us total 269.101ms
07-15 01:04:12.238 17906 17920 I vision.svplaye: Background concurrent copying GC freed 209047(6MB) AllocSpace objects, 0(0B) LOS objects, 22% free, 21MB/27MB, paused 286us total 249.782ms
07-15 01:04:14.637 17906 17920 I vision.svplaye: Background concurrent copying GC freed 206133(6MB) AllocSpace objects, 0(0B) LOS objects, 22% free, 21MB/27MB, paused 1.105ms total 234.936ms
07-15 01:04:17.009 17906 17920 I vision.svplaye: Background concurrent copying GC freed 203140(6MB) AllocSpace objects, 1(20KB) LOS objects, 22% free, 21MB/27MB, paused 181us total 231.027ms
07-15 01:04:19.434 17906 17920 I vision.svplaye: Background concurrent copying GC freed 204179(6MB) AllocSpace objects, 0(0B) LOS objects, 22% free, 21MB/27MB, paused 202us total 257.339ms
07-15 01:04:21.838 17906 17920 I vision.svplaye: Background concurrent copying GC freed 207870(6MB) AllocSpace objects, 0(0B) LOS objects, 22% free, 21MB/27MB, paused 214us total 251.406ms
07-15 01:04:24.252 17906 17920 I vision.svplaye: Background concurrent copying GC freed 206875(6MB) AllocSpace objects, 0(0B) LOS objects, 22% free, 21MB/27MB, paused 196us total 248.333ms
07-15 01:04:26.649 17906 17920 I vision.svplaye: Background concurrent copying GC freed 205143(6MB) AllocSpace objects, 0(0B) LOS objects, 22% free, 21MB/27MB, paused 204us total 258.403ms
07-15 01:04:29.052 17906 17920 I vision.svplaye: Background concurrent copying GC freed 206712(6MB) AllocSpace objects, 0(0B) LOS objects, 22% free, 21MB/27MB, paused 201us total 244.395ms
07-15 01:04:31.459 17906 17920 I vision.svplaye: Background concurrent copying GC freed 206076(6MB) AllocSpace objects, 0(0B) LOS objects, 22% free, 21MB/27MB, paused 200us total 247.276ms
07-15 01:04:33.852 17906 17920 I vision.svplaye: Background concurrent copying GC freed 206097(6MB) AllocSpace objects, 0(0B) LOS objects, 22% free, 21MB/27MB, paused 213us total 237.013ms
07-15 01:04:36.247 17906 17920 I vision.svplaye: Background concurrent copying GC freed 204156(6MB) AllocSpace objects, 0(0B) LOS objects, 22% free, 21MB/27MB, paused 220us total 246.711ms
07-15 01:04:38.645 17906 17920 I vision.svplaye: Background concurrent copying GC freed 205366(6MB) AllocSpace objects, 0(0B) LOS objects, 22% free, 21MB/27MB, paused 211us total 242.863ms
07-15 01:04:41.047 17906 17920 I vision.svplaye: Background concurrent copying GC freed 205094(6MB) AllocSpace objects, 0(0B) LOS objects, 22% free, 21MB/27MB, paused 222us total 248.450ms
07-15 01:04:43.438 17906 17920 I vision.svplaye: Background concurrent copying GC freed 206232(6MB) AllocSpace objects, 0(0B) LOS objects, 22% free, 21MB/27MB, paused 164us total 237.184ms
07-15 01:04:45.808 17906 17920 I vision.svplaye: Background concurrent copying GC freed 203362(6MB) AllocSpace objects, 0(0B) LOS objects, 22% free, 21MB/27MB, paused 240us total 250.791ms
07-15 01:04:48.200 17906 17920 I vision.svplaye: Background concurrent copying GC freed 205979(6MB) AllocSpace objects, 0(0B) LOS objects, 22% free, 21MB/27MB, paused 227us total 238.754ms
07-15 01:04:50.592 17906 17920 I vision.svplaye: Background concurrent copying GC freed 203063(6MB) AllocSpace objects, 0(0B) LOS objects, 22% free, 21MB/27MB, paused 174us total 233.930ms
07-15 01:04:53.007 17906 17920 I vision.svplaye: Background concurrent copying GC freed 206496(6MB) AllocSpace objects, 0(0B) LOS objects, 21% free, 21MB/27MB, paused 253us total 245.239ms
07-15 01:04:55.415 17906 17920 I vision.svplaye: Background concurrent copying GC freed 207460(6MB) AllocSpace objects, 0(0B) LOS objects, 21% free, 21MB/27MB, paused 635us total 242.913ms
07-15 01:04:57.828 17906 17920 I vision.svplaye: Background concurrent copying GC freed 206211(6MB) AllocSpace objects, 0(0B) LOS objects, 22% free, 21MB/27MB, paused 192us total 240.832ms
07-15 01:05:00.222 17906 17920 I vision.svplaye: Background concurrent copying GC freed 205393(6MB) AllocSpace objects, 0(0B) LOS objects, 22% free, 21MB/27MB, paused 319us total 237.405ms
07-15 01:05:02.615 17906 17920 I vision.svplaye: Background concurrent copying GC freed 205058(6MB) AllocSpace objects, 0(0B) LOS objects, 22% free, 21MB/27MB, paused 215us total 240.854ms
07-15 01:05:05.033 17906 17920 I vision.svplaye: Background concurrent copying GC freed 205461(6MB) AllocSpace objects, 0(0B) LOS objects, 21% free, 21MB/27MB, paused 218us total 253.255ms
07-15 01:05:07.443 17906 17920 I vision.svplaye: Background concurrent copying GC freed 207782(6MB) AllocSpace objects, 0(0B) LOS objects, 22% free, 21MB/27MB, paused 229us total 235.061ms
07-15 01:05:09.852 17906 17920 I vision.svplaye: Background concurrent copying GC freed 206088(6MB) AllocSpace objects, 0(0B) LOS objects, 22% free, 21MB/27MB, paused 244us total 246.070ms
07-15 01:05:12.252 17906 17920 I vision.svplaye: Background concurrent copying GC freed 205252(6MB) AllocSpace objects, 0(0B) LOS objects, 21% free, 21MB/27MB, paused 191us total 249.958ms
07-15 01:05:14.664 17906 17920 I vision.svplaye: Background concurrent copying GC freed 207637(6MB) AllocSpace objects, 0(0B) LOS objects, 22% free, 21MB/27MB, paused 236us total 249.878ms
07-15 01:05:17.026 17906 17920 I vision.svplaye: Background concurrent copying GC freed 204481(6MB) AllocSpace objects, 0(0B) LOS objects, 21% free, 21MB/27MB, paused 181us total 252.632ms
07-15 01:05:19.407 17906 17920 I vision.svplaye: Background concurrent copying GC freed 207804(6MB) AllocSpace objects, 0(0B) LOS objects, 22% free, 21MB/27MB, paused 202us total 231.132ms
07-15 01:05:21.793 17906 17920 I vision.svplaye: Background concurrent copying GC freed 204494(6MB) AllocSpace objects, 0(0B) LOS objects, 22% free, 21MB/27MB, paused 163us total 234.447ms
07-15 01:05:24.191 17906 17920 I vision.svplaye: Background concurrent copying GC freed 205986(6MB) AllocSpace objects, 0(0B) LOS objects, 21% free, 21MB/27MB, paused 190us total 248.275ms
07-15 01:05:26.570 17906 17920 I vision.svplaye: Background concurrent copying GC freed 207744(6MB) AllocSpace objects, 1(20KB) LOS objects, 21% free, 21MB/27MB, paused 272us total 244.503ms
07-15 01:05:28.343 17906 17920 I vision.svplaye: Background concurrent copying GC freed 149971(4MB) AllocSpace objects, 0(0B) LOS objects, 21% free, 21MB/27MB, paused 201us total 242.440ms
07-15 01:05:30.716 17906 17920 I vision.svplaye: Background concurrent copying GC freed 206567(6MB) AllocSpace objects, 0(0B) LOS objects, 21% free, 21MB/27MB, paused 213us total 243.545ms
07-15 01:05:33.093 17906 17920 I vision.svplaye: Background concurrent copying GC freed 206302(6MB) AllocSpace objects, 0(0B) LOS objects, 22% free, 21MB/27MB, paused 225us total 237.258ms
07-15 01:05:35.481 17906 17920 I vision.svplaye: Background concurrent copying GC freed 205601(6MB) AllocSpace objects, 0(0B) LOS objects, 21% free, 21MB/27MB, paused 192us total 254.100ms
07-15 01:05:37.857 17906 17920 I vision.svplaye: Background concurrent copying GC freed 207943(6MB) AllocSpace objects, 0(0B) LOS objects, 22% free, 21MB/27MB, paused 271us total 238.599ms
07-15 01:05:40.245 17906 17920 I vision.svplaye: Background concurrent copying GC freed 206092(6MB) AllocSpace objects, 0(0B) LOS objects, 21% free, 21MB/27MB, paused 208us total 251.046ms
07-15 01:05:42.637 17906 17920 I vision.svplaye: Background concurrent copying GC freed 207795(6MB) AllocSpace objects, 0(0B) LOS objects, 21% free, 21MB/27MB, paused 252us total 246.977ms
07-15 01:05:45.017 17906 17920 I vision.svplaye: Background concurrent copying GC freed 205147(6MB) AllocSpace objects, 0(0B) LOS objects, 21% free, 21MB/27MB, paused 222us total 249.516ms
07-15 01:05:47.362 17906 17920 I vision.svplaye: Background concurrent copying GC freed 204838(6MB) AllocSpace objects, 0(0B) LOS objects, 21% free, 21MB/27MB, paused 207us total 246.468ms
07-15 01:05:49.749 17906 17920 I vision.svplaye: Background concurrent copying GC freed 208141(6MB) AllocSpace objects, 0(0B) LOS objects, 21% free, 21MB/27MB, paused 184us total 244.982ms
07-15 01:05:52.124 17906 17920 I vision.svplaye: Background concurrent copying GC freed 206401(6MB) AllocSpace objects, 0(0B) LOS objects, 22% free, 21MB/27MB, paused 291us total 238.348ms
07-15 01:05:54.502 17906 17920 I vision.svplaye: Background concurrent copying GC freed 205178(6MB) AllocSpace objects, 0(0B) LOS objects, 21% free, 21MB/27MB, paused 238us total 252.320ms
07-15 01:05:56.870 17906 17920 I vision.svplaye: Background concurrent copying GC freed 206862(6MB) AllocSpace objects, 0(0B) LOS objects, 22% free, 21MB/27MB, paused 178us total 237.312ms
07-15 01:05:59.221 17906 17920 I vision.svplaye: Background concurrent copying GC freed 204326(6MB) AllocSpace objects, 0(0B) LOS objects, 22% free, 21MB/27MB, paused 160us total 239.141ms
07-15 01:06:01.592 17906 17920 I vision.svplaye: Background concurrent copying GC freed 204299(6MB) AllocSpace objects, 0(0B) LOS objects, 21% free, 21MB/27MB, paused 181us total 248.332ms
07-15 01:06:03.960 17906 17920 I vision.svplaye: Background concurrent copying GC freed 206113(6MB) AllocSpace objects, 0(0B) LOS objects, 22% free, 21MB/27MB, paused 299us total 241.294ms
07-15 01:06:06.327 17906 17920 I vision.svplaye: Background concurrent copying GC freed 204511(6MB) AllocSpace objects, 0(0B) LOS objects, 21% free, 21MB/27MB, paused 204us total 241.580ms
07-15 01:06:08.724 17906 17920 I vision.svplaye: Background concurrent copying GC freed 206611(6MB) AllocSpace objects, 0(0B) LOS objects, 21% free, 21MB/27MB, paused 207us total 259.497ms
07-15 01:06:11.108 17906 17920 I vision.svplaye: Background concurrent copying GC freed 207091(6MB) AllocSpace objects, 0(0B) LOS objects, 21% free, 21MB/27MB, paused 526us total 251.261ms
07-15 01:06:13.497 17906 17920 I vision.svplaye: Background concurrent copying GC freed 207501(6MB) AllocSpace objects, 0(0B) LOS objects, 21% free, 21MB/27MB, paused 230us total 250.490ms
07-15 01:06:15.871 17906 17920 I vision.svplaye: Background concurrent copying GC freed 207136(6MB) AllocSpace objects, 0(0B) LOS objects, 22% free, 21MB/27MB, paused 294us total 240.114ms
07-15 01:06:18.243 17906 17920 I vision.svplaye: Background concurrent copying GC freed 204972(6MB) AllocSpace objects, 0(0B) LOS objects, 21% free, 21MB/27MB, paused 184us total 245.513ms
07-15 01:06:20.611 17906 17920 I vision.svplaye: Background concurrent copying GC freed 205591(6MB) AllocSpace objects, 0(0B) LOS objects, 22% free, 21MB/27MB, paused 391us total 248.247ms
07-15 01:06:22.974 17906 17920 I vision.svplaye: Background concurrent copying GC freed 204843(6MB) AllocSpace objects, 0(0B) LOS objects, 21% free, 21MB/27MB, paused 218us total 248.611ms
07-15 01:06:25.308 17906 17920 I vision.svplaye: Background concurrent copying GC freed 204397(6MB) AllocSpace objects, 0(0B) LOS objects, 21% free, 21MB/27MB, paused 208us total 248.932ms
07-15 01:06:27.670 17906 17920 I vision.svplaye: Background concurrent copying GC freed 204460(6MB) AllocSpace objects, 0(0B) LOS objects, 22% free, 21MB/27MB, paused 266us total 249.969ms
07-15 01:06:30.027 17906 17920 I vision.svplaye: Background concurrent copying GC freed 208400(6MB) AllocSpace objects, 0(0B) LOS objects, 22% free, 21MB/27MB, paused 240us total 238.697ms
07-15 01:06:32.416 17906 17920 I vision.svplaye: Background concurrent copying GC freed 204644(6MB) AllocSpace objects, 0(0B) LOS objects, 21% free, 21MB/27MB, paused 211us total 253.252ms
07-15 01:06:34.795 17906 17920 I vision.svplaye: Background concurrent copying GC freed 208285(6MB) AllocSpace objects, 0(0B) LOS objects, 22% free, 21MB/27MB, paused 153us total 231.957ms
07-15 01:06:37.173 17906 17920 I vision.svplaye: Background concurrent copying GC freed 205645(6MB) AllocSpace objects, 0(0B) LOS objects, 22% free, 21MB/27MB, paused 204us total 234.901ms
07-15 01:06:39.583 17906 17920 I vision.svplaye: Background concurrent copying GC freed 206503(6MB) AllocSpace objects, 0(0B) LOS objects, 21% free, 21MB/27MB, paused 200us total 264.358ms
07-15 01:06:41.963 17906 17920 I vision.svplaye: Background concurrent copying GC freed 208748(6MB) AllocSpace objects, 0(0B) LOS objects, 22% free, 21MB/27MB, paused 159us total 242.248ms
07-15 01:06:44.350 17906 17920 I vision.svplaye: Background concurrent copying GC freed 207616(6MB) AllocSpace objects, 0(0B) LOS objects, 22% free, 21MB/27MB, paused 197us total 242.673ms
07-15 01:06:46.658 17906 17920 I vision.svplaye: Background concurrent copying GC freed 202665(6MB) AllocSpace objects, 0(0B) LOS objects, 21% free, 21MB/27MB, paused 318us total 246.390ms
07-15 01:06:49.042 17906 17920 I vision.svplaye: Background concurrent copying GC freed 207611(6MB) AllocSpace objects, 0(0B) LOS objects, 22% free, 21MB/27MB, paused 230us total 237.385ms
07-15 01:06:51.435 17906 17920 I vision.svplaye: Background concurrent copying GC freed 205764(6MB) AllocSpace objects, 0(0B) LOS objects, 22% free, 21MB/27MB, paused 216us total 250.923ms
07-15 01:06:53.786 17906 17920 I vision.svplaye: Background concurrent copying GC freed 207248(6MB) AllocSpace objects, 0(0B) LOS objects, 22% free, 21MB/27MB, paused 166us total 226.752ms
07-15 01:06:56.148 17906 17920 I vision.svplaye: Background concurrent copying GC freed 203433(6MB) AllocSpace objects, 0(0B) LOS objects, 22% free, 21MB/27MB, paused 175us total 238.271ms
07-15 01:06:58.512 17906 17920 I vision.svplaye: Background concurrent copying GC freed 204507(6MB) AllocSpace objects, 0(0B) LOS objects, 22% free, 21MB/27MB, paused 240us total 243.082ms
07-15 01:07:00.901 17906 17920 I vision.svplaye: Background concurrent copying GC freed 206762(6MB) AllocSpace objects, 0(0B) LOS objects, 22% free, 21MB/27MB, paused 211us total 254.126ms
07-15 01:07:03.261 17906 17920 I vision.svplaye: Background concurrent copying GC freed 206074(6MB) AllocSpace objects, 0(0B) LOS objects, 22% free, 21MB/27MB, paused 245us total 238.733ms
07-15 01:07:05.621 17906 17920 I vision.svplaye: Background concurrent copying GC freed 204851(6MB) AllocSpace objects, 0(0B) LOS objects, 22% free, 21MB/27MB, paused 203us total 236.989ms
07-15 01:07:07.985 17906 17920 I vision.svplaye: Background concurrent copying GC freed 204062(6MB) AllocSpace objects, 0(0B) LOS objects, 22% free, 21MB/27MB, paused 201us total 252.490ms
07-15 01:07:10.386 17906 17920 I vision.svplaye: Background concurrent copying GC freed 207425(6MB) AllocSpace objects, 0(0B) LOS objects, 22% free, 21MB/27MB, paused 232us total 243.316ms
07-15 01:07:12.776 17906 17920 I vision.svplaye: Background concurrent copying GC freed 203883(6MB) AllocSpace objects, 0(0B) LOS objects, 22% free, 21MB/27MB, paused 194us total 234.766ms
07-15 01:07:15.162 17906 17920 I vision.svplaye: Background concurrent copying GC freed 204822(6MB) AllocSpace objects, 0(0B) LOS objects, 22% free, 21MB/27MB, paused 221us total 237.366ms
07-15 01:07:17.565 17906 17920 I vision.svplaye: Background concurrent copying GC freed 205166(6MB) AllocSpace objects, 0(0B) LOS objects, 22% free, 21MB/27MB, paused 257us total 240.403ms
07-15 01:07:19.964 17906 17920 I vision.svplaye: Background concurrent copying GC freed 206173(6MB) AllocSpace objects, 0(0B) LOS objects, 22% free, 21MB/27MB, paused 194us total 238.786ms
07-15 01:07:22.370 17906 17920 I vision.svplaye: Background concurrent copying GC freed 205968(6MB) AllocSpace objects, 0(0B) LOS objects, 22% free, 21MB/27MB, paused 217us total 241.985ms
07-15 01:07:24.781 17906 17920 I vision.svplaye: Background concurrent copying GC freed 206212(6MB) AllocSpace objects, 0(0B) LOS objects, 21% free, 21MB/27MB, paused 200us total 249.452ms
07-15 01:07:27.191 17906 17920 I vision.svplaye: Background concurrent copying GC freed 207679(6MB) AllocSpace objects, 0(0B) LOS objects, 22% free, 21MB/27MB, paused 212us total 251.239ms
07-15 01:07:29.526 17906 17920 I vision.svplaye: Background concurrent copying GC freed 202851(6MB) AllocSpace objects, 0(0B) LOS objects, 22% free, 21MB/27MB, paused 190us total 239.625ms
07-15 01:07:31.908 17906 17920 I vision.svplaye: Background concurrent copying GC freed 205780(6MB) AllocSpace objects, 0(0B) LOS objects, 21% free, 21MB/27MB, paused 158us total 237.074ms
07-15 01:07:34.295 17906 17920 I vision.svplaye: Background concurrent copying GC freed 206184(6MB) AllocSpace objects, 0(0B) LOS objects, 22% free, 21MB/27MB, paused 225us total 248.804ms
07-15 01:07:36.663 17906 17920 I vision.svplaye: Background concurrent copying GC freed 204511(6MB) AllocSpace objects, 1(20KB) LOS objects, 21% free, 21MB/27MB, paused 194us total 238.749ms
07-15 01:07:39.040 17906 17920 I vision.svplaye: Background concurrent copying GC freed 205028(6MB) AllocSpace objects, 0(0B) LOS objects, 21% free, 21MB/27MB, paused 223us total 256.792ms
07-15 01:07:41.427 17906 17920 I vision.svplaye: Background concurrent copying GC freed 208415(6MB) AllocSpace objects, 0(0B) LOS objects, 21% free, 21MB/27MB, paused 211us total 256.087ms
07-15 01:07:43.802 17906 17920 I vision.svplaye: Background concurrent copying GC freed 206228(6MB) AllocSpace objects, 0(0B) LOS objects, 21% free, 21MB/27MB, paused 189us total 247.690ms
07-15 01:07:46.116 17906 17920 I vision.svplaye: Background concurrent copying GC freed 202560(6MB) AllocSpace objects, 0(0B) LOS objects, 22% free, 21MB/27MB, paused 204us total 242.009ms
07-15 01:07:48.493 17906 17920 I vision.svplaye: Background concurrent copying GC freed 204370(6MB) AllocSpace objects, 0(0B) LOS objects, 21% free, 21MB/27MB, paused 199us total 249.031ms
07-15 01:07:50.881 17906 17920 I vision.svplaye: Background concurrent copying GC freed 207943(6MB) AllocSpace objects, 0(0B) LOS objects, 21% free, 21MB/27MB, paused 200us total 249.858ms
07-15 01:07:53.277 17906 17920 I vision.svplaye: Background concurrent copying GC freed 207664(6MB) AllocSpace objects, 0(0B) LOS objects, 21% free, 21MB/27MB, paused 203us total 249.834ms
07-15 01:07:55.659 17906 17920 I vision.svplaye: Background concurrent copying GC freed 207540(6MB) AllocSpace objects, 0(0B) LOS objects, 21% free, 21MB/27MB, paused 217us total 243.572ms
07-15 01:07:58.038 17906 17920 I vision.svplaye: Background concurrent copying GC freed 205842(6MB) AllocSpace objects, 0(0B) LOS objects, 21% free, 21MB/27MB, paused 215us total 250.919ms
07-15 01:08:00.403 17906 17920 I vision.svplaye: Background concurrent copying GC freed 206367(6MB) AllocSpace objects, 0(0B) LOS objects, 22% free, 21MB/27MB, paused 173us total 242.637ms
07-15 01:08:02.769 17906 17920 I vision.svplaye: Background concurrent copying GC freed 205308(6MB) AllocSpace objects, 0(0B) LOS objects, 22% free, 21MB/27MB, paused 168us total 230.761ms
07-15 01:08:05.150 17906 17920 I vision.svplaye: Background concurrent copying GC freed 204661(6MB) AllocSpace objects, 0(0B) LOS objects, 21% free, 21MB/27MB, paused 308us total 245.433ms
07-15 01:08:07.536 17906 17920 I vision.svplaye: Background concurrent copying GC freed 207817(6MB) AllocSpace objects, 0(0B) LOS objects, 21% free, 21MB/27MB, paused 418us total 241.796ms
07-15 01:08:09.922 17906 17920 I vision.svplaye: Background concurrent copying GC freed 206614(6MB) AllocSpace objects, 0(0B) LOS objects, 21% free, 21MB/27MB, paused 215us total 247.783ms
07-15 01:08:12.284 17906 17920 I vision.svplaye: Background concurrent copying GC freed 205827(6MB) AllocSpace objects, 0(0B) LOS objects, 21% free, 21MB/27MB, paused 160us total 235.470ms
07-15 01:08:14.669 17906 17920 I vision.svplaye: Background concurrent copying GC freed 204912(6MB) AllocSpace objects, 0(0B) LOS objects, 21% free, 21MB/27MB, paused 196us total 249.133ms
07-15 01:08:17.056 17906 17920 I vision.svplaye: Background concurrent copying GC freed 207062(6MB) AllocSpace objects, 0(0B) LOS objects, 21% free, 21MB/27MB, paused 194us total 252.526ms
07-15 01:08:19.423 17906 17920 I vision.svplaye: Background concurrent copying GC freed 207387(6MB) AllocSpace objects, 0(0B) LOS objects, 22% free, 21MB/27MB, paused 154us total 230.530ms
07-15 01:08:21.794 17906 17920 I vision.svplaye: Background concurrent copying GC freed 204332(6MB) AllocSpace objects, 0(0B) LOS objects, 21% free, 21MB/27MB, paused 204us total 251.225ms
07-15 01:08:24.173 17906 17920 I vision.svplaye: Background concurrent copying GC freed 207154(6MB) AllocSpace objects, 0(0B) LOS objects, 21% free, 21MB/27MB, paused 190us total 240.177ms
07-15 01:08:26.565 17906 17920 I vision.svplaye: Background concurrent copying GC freed 206036(6MB) AllocSpace objects, 0(0B) LOS objects, 21% free, 21MB/27MB, paused 323us total 250.512ms
07-15 01:08:28.944 17906 17920 I vision.svplaye: Background concurrent copying GC freed 206924(6MB) AllocSpace objects, 0(0B) LOS objects, 21% free, 21MB/27MB, paused 236us total 249.576ms
07-15 01:08:31.303 17906 17920 I vision.svplaye: Background concurrent copying GC freed 206579(6MB) AllocSpace objects, 0(0B) LOS objects, 21% free, 21MB/27MB, paused 170us total 233.855ms
07-15 01:08:33.632 17906 17920 I vision.svplaye: Background concurrent copying GC freed 202568(6MB) AllocSpace objects, 0(0B) LOS objects, 21% free, 21MB/27MB, paused 183us total 242.590ms
07-15 01:08:36.019 17906 17920 I vision.svplaye: Background concurrent copying GC freed 206300(6MB) AllocSpace objects, 0(0B) LOS objects, 21% free, 21MB/27MB, paused 200us total 249.256ms
07-15 01:08:38.390 17906 17920 I vision.svplaye: Background concurrent copying GC freed 206572(6MB) AllocSpace objects, 0(0B) LOS objects, 22% free, 21MB/27MB, paused 288us total 238.644ms
07-15 01:08:40.771 17906 17920 I vision.svplaye: Background concurrent copying GC freed 206099(6MB) AllocSpace objects, 0(0B) LOS objects, 21% free, 21MB/27MB, paused 190us total 245.933ms
07-15 01:08:43.146 17906 17920 I vision.svplaye: Background concurrent copying GC freed 206501(6MB) AllocSpace objects, 0(0B) LOS objects, 21% free, 21MB/27MB, paused 262us total 242.109ms
07-15 01:08:45.501 17906 17920 I vision.svplaye: Background concurrent copying GC freed 204605(6MB) AllocSpace objects, 0(0B) LOS objects, 22% free, 21MB/27MB, paused 236us total 240.342ms
07-15 01:08:47.816 17906 17920 I vision.svplaye: Background concurrent copying GC freed 203662(6MB) AllocSpace objects, 0(0B) LOS objects, 22% free, 21MB/27MB, paused 164us total 230.805ms
07-15 01:08:50.200 17906 17920 I vision.svplaye: Background concurrent copying GC freed 204083(6MB) AllocSpace objects, 0(0B) LOS objects, 21% free, 21MB/27MB, paused 300us total 250.937ms
07-15 01:08:52.593 17906 17920 I vision.svplaye: Background concurrent copying GC freed 207457(6MB) AllocSpace objects, 0(0B) LOS objects, 21% free, 21MB/27MB, paused 222us total 253.094ms
07-15 01:08:54.963 17906 17920 I vision.svplaye: Background concurrent copying GC freed 205237(6MB) AllocSpace objects, 0(0B) LOS objects, 21% free, 21MB/27MB, paused 212us total 251.046ms
07-15 01:08:57.357 17906 17920 I vision.svplaye: Background concurrent copying GC freed 208026(6MB) AllocSpace objects, 0(0B) LOS objects, 21% free, 21MB/27MB, paused 197us total 244.343ms
07-15 01:08:59.743 17906 17920 I vision.svplaye: Background concurrent copying GC freed 208006(6MB) AllocSpace objects, 0(0B) LOS objects, 21% free, 21MB/27MB, paused 226us total 242.566ms
07-15 01:09:02.120 17906 17920 I vision.svplaye: Background concurrent copying GC freed 206314(6MB) AllocSpace objects, 0(0B) LOS objects, 21% free, 21MB/27MB, paused 242us total 243.837ms
07-15 01:09:04.495 17906 17920 I vision.svplaye: Background concurrent copying GC freed 205075(6MB) AllocSpace objects, 0(0B) LOS objects, 21% free, 21MB/27MB, paused 193us total 245.733ms
07-15 01:09:06.872 17906 17920 I vision.svplaye: Background concurrent copying GC freed 207396(6MB) AllocSpace objects, 0(0B) LOS objects, 21% free, 21MB/27MB, paused 234us total 241.537ms
07-15 01:09:09.239 17906 17920 I vision.svplaye: Background concurrent copying GC freed 206088(6MB) AllocSpace objects, 0(0B) LOS objects, 21% free, 21MB/27MB, paused 155us total 232.170ms
07-15 01:09:11.617 17906 17920 I vision.svplaye: Background concurrent copying GC freed 205457(6MB) AllocSpace objects, 0(0B) LOS objects, 22% free, 21MB/27MB, paused 265us total 237.052ms
07-15 01:09:14.008 17906 17920 I vision.svplaye: Background concurrent copying GC freed 205272(6MB) AllocSpace objects, 0(0B) LOS objects, 21% free, 21MB/27MB, paused 230us total 247.710ms
07-15 01:09:16.395 17906 17920 I vision.svplaye: Background concurrent copying GC freed 207808(6MB) AllocSpace objects, 0(0B) LOS objects, 21% free, 21MB/27MB, paused 220us total 251.929ms
07-15 01:09:18.780 17906 17920 I vision.svplaye: Background concurrent copying GC freed 206862(6MB) AllocSpace objects, 0(0B) LOS objects, 21% free, 21MB/27MB, paused 181us total 246.273ms
07-15 01:09:21.163 17906 17920 I vision.svplaye: Background concurrent copying GC freed 206030(6MB) AllocSpace objects, 0(0B) LOS objects, 21% free, 21MB/27MB, paused 207us total 247.850ms
07-15 01:09:23.531 17906 17920 I vision.svplaye: Background concurrent copying GC freed 205872(6MB) AllocSpace objects, 0(0B) LOS objects, 21% free, 21MB/27MB, paused 192us total 249.258ms
07-15 01:09:25.914 17906 17920 I vision.svplaye: Background concurrent copying GC freed 207045(6MB) AllocSpace objects, 0(0B) LOS objects, 21% free, 21MB/27MB, paused 204us total 243.443ms
07-15 01:09:28.304 17906 17920 I vision.svplaye: Background concurrent copying GC freed 206107(6MB) AllocSpace objects, 0(0B) LOS objects, 21% free, 21MB/27MB, paused 199us total 258.580ms
07-15 01:09:30.654 17906 17920 I vision.svplaye: Background concurrent copying GC freed 206800(6MB) AllocSpace objects, 0(0B) LOS objects, 22% free, 21MB/27MB, paused 164us total 225.808ms
07-15 01:09:33.025 17906 17920 I vision.svplaye: Background concurrent copying GC freed 204443(6MB) AllocSpace objects, 0(0B) LOS objects, 22% free, 21MB/27MB, paused 479us total 240.594ms
07-15 01:09:35.406 17906 17920 I vision.svplaye: Background concurrent copying GC freed 206670(6MB) AllocSpace objects, 0(0B) LOS objects, 21% free, 21MB/27MB, paused 269us total 238.854ms
07-15 01:09:37.812 17906 17920 I vision.svplaye: Background concurrent copying GC freed 206358(6MB) AllocSpace objects, 0(0B) LOS objects, 22% free, 21MB/27MB, paused 275us total 235.349ms
07-15 01:09:40.185 17906 17920 I vision.svplaye: Background concurrent copying GC freed 204913(6MB) AllocSpace objects, 0(0B) LOS objects, 22% free, 21MB/27MB, paused 209us total 240.966ms
07-15 01:09:42.542 17906 17920 I vision.svplaye: Background concurrent copying GC freed 204365(6MB) AllocSpace objects, 0(0B) LOS objects, 21% free, 21MB/27MB, paused 240us total 243.204ms
07-15 01:09:44.926 17906 17920 I vision.svplaye: Background concurrent copying GC freed 206741(6MB) AllocSpace objects, 0(0B) LOS objects, 22% free, 21MB/27MB, paused 283us total 237.912ms
07-15 01:09:47.251 17906 17920 I vision.svplaye: Background concurrent copying GC freed 203698(6MB) AllocSpace objects, 0(0B) LOS objects, 21% free, 21MB/27MB, paused 243us total 245.445ms
07-15 01:09:49.633 17906 17920 I vision.svplaye: Background concurrent copying GC freed 206145(6MB) AllocSpace objects, 0(0B) LOS objects, 21% free, 21MB/27MB, paused 226us total 248.590ms
07-15 01:09:52.010 17906 17920 I vision.svplaye: Background concurrent copying GC freed 206432(6MB) AllocSpace objects, 0(0B) LOS objects, 22% free, 21MB/27MB, paused 187us total 241.585ms
07-15 01:09:54.382 17906 17920 I vision.svplaye: Background concurrent copying GC freed 205939(6MB) AllocSpace objects, 0(0B) LOS objects, 21% free, 21MB/27MB, paused 209us total 243.667ms
07-15 01:09:56.746 17906 17920 I vision.svplaye: Background concurrent copying GC freed 204345(6MB) AllocSpace objects, 0(0B) LOS objects, 22% free, 21MB/27MB, paused 175us total 246.895ms
07-15 01:09:59.118 17906 17920 I vision.svplaye: Background concurrent copying GC freed 205958(6MB) AllocSpace objects, 0(0B) LOS objects, 21% free, 21MB/27MB, paused 241us total 249.315ms
07-15 01:10:01.479 17906 17920 I vision.svplaye: Background concurrent copying GC freed 204832(6MB) AllocSpace objects, 0(0B) LOS objects, 21% free, 21MB/27MB, paused 198us total 238.891ms
07-15 01:10:03.842 17906 17920 I vision.svplaye: Background concurrent copying GC freed 206509(6MB) AllocSpace objects, 0(0B) LOS objects, 22% free, 21MB/27MB, paused 170us total 224.993ms
07-15 01:10:06.219 17906 17920 I vision.svplaye: Background concurrent copying GC freed 203037(6MB) AllocSpace objects, 0(0B) LOS objects, 21% free, 21MB/27MB, paused 199us total 251.368ms
07-15 01:10:08.582 17906 17920 I vision.svplaye: Background concurrent copying GC freed 206401(6MB) AllocSpace objects, 0(0B) LOS objects, 21% free, 21MB/27MB, paused 181us total 261.771ms
07-15 01:10:10.952 17906 17920 I vision.svplaye: Background concurrent copying GC freed 210301(6MB) AllocSpace objects, 0(0B) LOS objects, 22% free, 21MB/27MB, paused 159us total 229.944ms
07-15 01:10:13.353 17906 17920 I vision.svplaye: Background concurrent copying GC freed 205538(6MB) AllocSpace objects, 0(0B) LOS objects, 22% free, 21MB/27MB, paused 198us total 252.384ms
07-15 01:10:15.753 17906 17920 I vision.svplaye: Background concurrent copying GC freed 206745(6MB) AllocSpace objects, 0(0B) LOS objects, 21% free, 21MB/27MB, paused 280us total 273.445ms
07-15 01:10:18.121 17906 17920 I vision.svplaye: Background concurrent copying GC freed 209392(6MB) AllocSpace objects, 0(0B) LOS objects, 22% free, 21MB/27MB, paused 144us total 232.482ms
07-15 01:10:20.522 17906 17920 I vision.svplaye: Background concurrent copying GC freed 206396(6MB) AllocSpace objects, 0(0B) LOS objects, 21% free, 21MB/27MB, paused 200us total 258.071ms
07-15 01:10:22.911 17906 17920 I vision.svplaye: Background concurrent copying GC freed 207236(6MB) AllocSpace objects, 0(0B) LOS objects, 22% free, 21MB/27MB, paused 197us total 249.379ms
07-15 01:10:25.300 17906 17920 I vision.svplaye: Background concurrent copying GC freed 204329(6MB) AllocSpace objects, 0(0B) LOS objects, 21% free, 21MB/27MB, paused 163us total 262.060ms
07-15 01:10:27.685 17906 17920 I vision.svplaye: Background concurrent copying GC freed 208262(6MB) AllocSpace objects, 0(0B) LOS objects, 21% free, 21MB/27MB, paused 181us total 247.101ms
07-15 01:10:30.072 17906 17920 I vision.svplaye: Background concurrent copying GC freed 206373(6MB) AllocSpace objects, 0(0B) LOS objects, 21% free, 21MB/27MB, paused 295us total 253.412ms
07-15 01:10:32.457 17906 17920 I vision.svplaye: Background concurrent copying GC freed 207521(6MB) AllocSpace objects, 0(0B) LOS objects, 21% free, 21MB/27MB, paused 202us total 249.434ms
07-15 01:10:34.836 17906 17920 I vision.svplaye: Background concurrent copying GC freed 206767(6MB) AllocSpace objects, 0(0B) LOS objects, 21% free, 21MB/27MB, paused 212us total 240.408ms
07-15 01:10:37.189 17906 17920 I vision.svplaye: Background concurrent copying GC freed 205510(6MB) AllocSpace objects, 0(0B) LOS objects, 22% free, 21MB/27MB, paused 205us total 235.096ms
07-15 01:10:39.551 17906 17920 I vision.svplaye: Background concurrent copying GC freed 203083(6MB) AllocSpace objects, 0(0B) LOS objects, 21% free, 21MB/27MB, paused 494us total 246.558ms
07-15 01:10:41.954 17906 17920 I vision.svplaye: Background concurrent copying GC freed 206697(6MB) AllocSpace objects, 0(0B) LOS objects, 21% free, 21MB/27MB, paused 197us total 267.073ms
07-15 01:10:44.341 17906 17920 I vision.svplaye: Background concurrent copying GC freed 209015(6MB) AllocSpace objects, 0(0B) LOS objects, 22% free, 21MB/27MB, paused 155us total 249.055ms
07-15 01:10:46.687 17906 17920 I vision.svplaye: Background concurrent copying GC freed 203534(6MB) AllocSpace objects, 0(0B) LOS objects, 21% free, 21MB/27MB, paused 220us total 245.300ms
07-15 01:10:49.043 17906 17920 I vision.svplaye: Background concurrent copying GC freed 205789(6MB) AllocSpace objects, 0(0B) LOS objects, 22% free, 21MB/27MB, paused 308us total 243.199ms
07-15 01:10:51.438 17906 17920 I vision.svplaye: Background concurrent copying GC freed 205200(6MB) AllocSpace objects, 0(0B) LOS objects, 22% free, 21MB/27MB, paused 229us total 243.490ms
07-15 01:10:53.840 17906 17920 I vision.svplaye: Background concurrent copying GC freed 203217(6MB) AllocSpace objects, 0(0B) LOS objects, 21% free, 21MB/27MB, paused 202us total 247.474ms
07-15 01:10:56.236 17906 17920 I vision.svplaye: Background concurrent copying GC freed 207256(6MB) AllocSpace objects, 0(0B) LOS objects, 22% free, 21MB/27MB, paused 203us total 237.083ms
07-15 01:10:58.639 17906 17920 I vision.svplaye: Background concurrent copying GC freed 205244(6MB) AllocSpace objects, 0(0B) LOS objects, 22% free, 21MB/27MB, paused 179us total 241.742ms
07-15 01:11:01.049 17906 17920 I vision.svplaye: Background concurrent copying GC freed 206434(6MB) AllocSpace objects, 0(0B) LOS objects, 21% free, 21MB/27MB, paused 332us total 248.933ms
07-15 01:11:03.459 17906 17920 I vision.svplaye: Background concurrent copying GC freed 207488(6MB) AllocSpace objects, 0(0B) LOS objects, 22% free, 21MB/27MB, paused 201us total 250.776ms
07-15 01:11:05.853 17906 17920 I vision.svplaye: Background concurrent copying GC freed 205916(6MB) AllocSpace objects, 0(0B) LOS objects, 22% free, 21MB/27MB, paused 203us total 242.445ms
07-15 01:11:08.245 17906 17920 I vision.svplaye: Background concurrent copying GC freed 204053(6MB) AllocSpace objects, 0(0B) LOS objects, 22% free, 21MB/27MB, paused 277us total 257.752ms
07-15 01:11:10.655 17906 17920 I vision.svplaye: Background concurrent copying GC freed 206798(6MB) AllocSpace objects, 0(0B) LOS objects, 22% free, 21MB/27MB, paused 201us total 245.767ms
07-15 01:11:13.050 17906 17920 I vision.svplaye: Background concurrent copying GC freed 205992(6MB) AllocSpace objects, 0(0B) LOS objects, 22% free, 21MB/27MB, paused 212us total 238.008ms
07-15 01:11:15.453 17906 17920 I vision.svplaye: Background concurrent copying GC freed 205493(6MB) AllocSpace objects, 0(0B) LOS objects, 22% free, 21MB/27MB, paused 185us total 251.252ms
07-15 01:11:17.839 17906 17920 I vision.svplaye: Background concurrent copying GC freed 205295(6MB) AllocSpace objects, 0(0B) LOS objects, 21% free, 21MB/27MB, paused 163us total 242.473ms
07-15 01:11:20.247 17906 17920 I vision.svplaye: Background concurrent copying GC freed 206100(6MB) AllocSpace objects, 0(0B) LOS objects, 21% free, 21MB/27MB, paused 164us total 274.037ms
07-15 01:11:22.592 17906 17920 I vision.svplaye: Background concurrent copying GC freed 206652(6MB) AllocSpace objects, 0(0B) LOS objects, 22% free, 21MB/27MB, paused 170us total 231.966ms
07-15 01:11:24.979 17906 17920 I vision.svplaye: Background concurrent copying GC freed 204898(6MB) AllocSpace objects, 0(0B) LOS objects, 21% free, 21MB/27MB, paused 173us total 238.862ms
