--------- beginning of main
07-21 20:01:30.529 15386 15403 I chatty  : uid=10247(com.smartvision.svplayer) HeapTaskDaemon expire 10 lines
07-21 20:01:48.667 15386 15403 I chatty  : uid=10247(com.smartvision.svplayer) HeapTaskDaemon expire 10 lines
07-21 20:02:06.897 15386 15403 I chatty  : uid=10247(com.smartvision.svplayer) HeapTaskDaemon expire 11 lines
07-21 20:02:27.321 15386 15403 I chatty  : uid=10247(com.smartvision.svplayer) HeapTaskDaemon expire 10 lines
07-21 20:02:46.380 15386 15403 I chatty  : uid=10247(com.smartvision.svplayer) HeapTaskDaemon expire 6 lines
07-21 20:02:54.570 15386 15386 I chatty  : uid=10247(com.smartvision.svplayer) expire 1 line
07-21 20:02:54.837 15386 15393 I chatty  : uid=10247(com.smartvision.svplayer) Jit thread pool expire 4 lines
07-21 20:02:56.084 15386 15489 I chatty  : uid=10247(com.smartvision.svplayer) RenderThread expire 2 lines
07-21 20:02:56.105 15386 15386 I chatty  : uid=10247(com.smartvision.svplayer) expire 2 lines
07-21 20:02:56.851 15386 15403 I chatty  : uid=10247(com.smartvision.svplayer) HeapTaskDaemon expire 10 lines
07-21 20:03:07.784 15386 16435 I chatty  : uid=10247(com.smartvision.svplayer) expire 1 line
07-21 20:03:11.829 15386 15403 I chatty  : uid=10247(com.smartvision.svplayer) HeapTaskDaemon expire 3 lines
07-21 20:03:15.594 15386 15393 I chatty  : uid=10247(com.smartvision.svplayer) Jit thread pool expire 2 lines
07-21 20:03:16.510 15386 15403 I chatty  : uid=10247(com.smartvision.svplayer) HeapTaskDaemon expire 11 lines
07-21 20:03:33.386 15386 15403 I chatty  : uid=10247(com.smartvision.svplayer) HeapTaskDaemon expire 9 lines
07-21 20:03:48.029 15386 15386 I chatty  : uid=10247(com.smartvision.svplayer) expire 1 line
07-21 20:03:48.306 15386 15393 I chatty  : uid=10247(com.smartvision.svplayer) Jit thread pool expire 2 lines
07-21 20:03:48.416 15386 15403 I vision.svplaye: NativeAlloc concurrent copying GC freed 147735(4MB) AllocSpace objects, 2(104KB) LOS objects, 35% free, 11MB/17MB, paused 174us total 164.116ms
07-21 20:03:48.765 15386 15393 I vision.svplaye: JIT allocated 55KB for stack maps of void com.smartvision.svplayer.ui.movies.MoviesScreenKt.MoviesScreen(com.smartvision.svplayer.ui.i18n.SmartVisionStrings, java.lang.String, java.util.List, kotlin.jvm.functions.Function1, kotlin.jvm.functions.Function0, kotlin.jvm.functions.Function0, kotlin.jvm.functions.Function0, kotlin.jvm.functions.Function0, kotlin.jvm.functions.Function0, boolean, boolean, int, java.lang.Integer, kotlin.jvm.functions.Function0, kotlin.jvm.functions.Function1, kotlin.jvm.functions.Function1, androidx.compose.ui.Modifier, androidx.compose.runtime.Composer, int, int, int)
07-21 20:03:48.778 15386 15393 I vision.svplaye: Compiler allocated 5MB to compile void com.smartvision.svplayer.ui.movies.MoviesScreenKt.MoviesScreen(com.smartvision.svplayer.ui.i18n.SmartVisionStrings, java.lang.String, java.util.List, kotlin.jvm.functions.Function1, kotlin.jvm.functions.Function0, kotlin.jvm.functions.Function0, kotlin.jvm.functions.Function0, kotlin.jvm.functions.Function0, kotlin.jvm.functions.Function0, boolean, boolean, int, java.lang.Integer, kotlin.jvm.functions.Function0, kotlin.jvm.functions.Function1, kotlin.jvm.functions.Function1, androidx.compose.ui.Modifier, androidx.compose.runtime.Composer, int, int, int)
07-21 20:03:49.127 15386 15386 I SmartVisionAds: Statut monetisation actuel: FREE_WITH_ADS
07-21 20:03:49.814 15386 15403 I vision.svplaye: Background concurrent copying GC freed 90219(4MB) AllocSpace objects, 12(808KB) LOS objects, 31% free, 12MB/18MB, paused 2.151ms total 210.745ms
07-21 20:03:50.009 15386 15393 I vision.svplaye: JIT allocated 53KB for stack maps of void com.smartvision.svplayer.ui.movies.MoviesScreenKt.MoviesScreen(com.smartvision.svplayer.ui.i18n.SmartVisionStrings, java.lang.String, java.util.List, kotlin.jvm.functions.Function1, kotlin.jvm.functions.Function0, kotlin.jvm.functions.Function0, kotlin.jvm.functions.Function0, kotlin.jvm.functions.Function0, kotlin.jvm.functions.Function0, boolean, boolean, int, java.lang.Integer, kotlin.jvm.functions.Function0, kotlin.jvm.functions.Function1, kotlin.jvm.functions.Function1, androidx.compose.ui.Modifier, androidx.compose.runtime.Composer, int, int, int)
07-21 20:03:50.016 15386 15393 I vision.svplaye: Compiler allocated 5MB to compile void com.smartvision.svplayer.ui.movies.MoviesScreenKt.MoviesScreen(com.smartvision.svplayer.ui.i18n.SmartVisionStrings, java.lang.String, java.util.List, kotlin.jvm.functions.Function1, kotlin.jvm.functions.Function0, kotlin.jvm.functions.Function0, kotlin.jvm.functions.Function0, kotlin.jvm.functions.Function0, kotlin.jvm.functions.Function0, boolean, boolean, int, java.lang.Integer, kotlin.jvm.functions.Function0, kotlin.jvm.functions.Function1, kotlin.jvm.functions.Function1, androidx.compose.ui.Modifier, androidx.compose.runtime.Composer, int, int, int)
07-21 20:03:51.022 15386 15403 I vision.svplaye: Background concurrent copying GC freed 170168(6MB) AllocSpace objects, 18(360KB) LOS objects, 32% free, 12MB/18MB, paused 174us total 260.115ms
07-21 20:03:52.242 15386 15403 I vision.svplaye: Background concurrent copying GC freed 184475(6MB) AllocSpace objects, 0(0B) LOS objects, 32% free, 12MB/18MB, paused 195us total 217.460ms
07-21 20:03:53.908 15386 15403 I vision.svplaye: Background concurrent copying GC freed 205962(6MB) AllocSpace objects, 0(0B) LOS objects, 33% free, 11MB/17MB, paused 189us total 166.186ms
07-21 20:03:55.559 15386 15403 I vision.svplaye: Background concurrent copying GC freed 204472(6MB) AllocSpace objects, 0(0B) LOS objects, 33% free, 11MB/17MB, paused 189us total 169.113ms
07-21 20:03:57.184 15386 15403 I vision.svplaye: Background concurrent copying GC freed 198195(6MB) AllocSpace objects, 0(0B) LOS objects, 34% free, 11MB/17MB, paused 192us total 158.914ms
07-21 20:03:58.812 15386 15403 I vision.svplaye: Background concurrent copying GC freed 198256(6MB) AllocSpace objects, 0(0B) LOS objects, 33% free, 11MB/17MB, paused 166us total 161.339ms
07-21 20:04:00.508 15386 15403 I vision.svplaye: Background concurrent copying GC freed 199760(6MB) AllocSpace objects, 0(0B) LOS objects, 33% free, 11MB/17MB, paused 197us total 176.944ms
07-21 20:04:02.144 15386 15403 I vision.svplaye: Background concurrent copying GC freed 201010(6MB) AllocSpace objects, 0(0B) LOS objects, 33% free, 11MB/17MB, paused 189us total 162.546ms
07-21 20:04:03.822 15386 15403 I vision.svplaye: Background concurrent copying GC freed 198531(6MB) AllocSpace objects, 0(0B) LOS objects, 33% free, 11MB/17MB, paused 170us total 185.136ms
07-21 20:04:05.522 15386 15403 I vision.svplaye: Background concurrent copying GC freed 197461(6MB) AllocSpace objects, 1(20KB) LOS objects, 34% free, 11MB/17MB, paused 196us total 161.840ms
07-21 20:04:07.268 15386 15403 I vision.svplaye: Background concurrent copying GC freed 194382(6MB) AllocSpace objects, 0(0B) LOS objects, 33% free, 11MB/17MB, paused 174us total 190.125ms
07-21 20:04:08.978 15386 15403 I vision.svplaye: Background concurrent copying GC freed 196673(6MB) AllocSpace objects, 0(0B) LOS objects, 33% free, 11MB/17MB, paused 173us total 164.120ms
07-21 20:04:10.702 15386 15403 I vision.svplaye: Background concurrent copying GC freed 196084(6MB) AllocSpace objects, 0(0B) LOS objects, 33% free, 11MB/17MB, paused 197us total 172.105ms
07-21 20:04:12.421 15386 15403 I vision.svplaye: Background concurrent copying GC freed 196627(6MB) AllocSpace objects, 0(0B) LOS objects, 33% free, 11MB/17MB, paused 194us total 170.019ms
07-21 20:04:14.139 15386 15403 I vision.svplaye: Background concurrent copying GC freed 194785(6MB) AllocSpace objects, 0(0B) LOS objects, 33% free, 11MB/17MB, paused 169us total 164.482ms
07-21 20:04:15.826 15386 15403 I vision.svplaye: Background concurrent copying GC freed 193408(6MB) AllocSpace objects, 0(0B) LOS objects, 33% free, 11MB/17MB, paused 334us total 170.225ms
07-21 20:04:17.560 15386 15403 I vision.svplaye: Background concurrent copying GC freed 195821(6MB) AllocSpace objects, 0(0B) LOS objects, 33% free, 11MB/17MB, paused 193us total 178.565ms
07-21 20:04:19.281 15386 15403 I vision.svplaye: Background concurrent copying GC freed 197095(6MB) AllocSpace objects, 0(0B) LOS objects, 33% free, 11MB/17MB, paused 181us total 167.531ms
07-21 20:04:20.998 15386 15403 I vision.svplaye: Background concurrent copying GC freed 195462(6MB) AllocSpace objects, 0(0B) LOS objects, 33% free, 11MB/17MB, paused 178us total 165.583ms
07-21 20:04:22.719 15386 15403 I vision.svplaye: Background concurrent copying GC freed 196589(6MB) AllocSpace objects, 0(0B) LOS objects, 33% free, 11MB/17MB, paused 190us total 161.343ms
07-21 20:04:24.444 15386 15403 I vision.svplaye: Background concurrent copying GC freed 195645(6MB) AllocSpace objects, 0(0B) LOS objects, 33% free, 11MB/17MB, paused 164us total 164.890ms
07-21 20:04:26.174 15386 15403 I vision.svplaye: Background concurrent copying GC freed 197206(6MB) AllocSpace objects, 0(0B) LOS objects, 34% free, 11MB/17MB, paused 187us total 169.877ms
07-21 20:04:27.857 15386 15403 I vision.svplaye: Background concurrent copying GC freed 192495(6MB) AllocSpace objects, 0(0B) LOS objects, 33% free, 11MB/17MB, paused 164us total 169.156ms
07-21 20:04:29.583 15386 15403 I vision.svplaye: Background concurrent copying GC freed 196633(6MB) AllocSpace objects, 0(0B) LOS objects, 34% free, 11MB/17MB, paused 169us total 165.524ms
07-21 20:04:31.252 15386 15403 I vision.svplaye: Background concurrent copying GC freed 192594(6MB) AllocSpace objects, 0(0B) LOS objects, 33% free, 11MB/17MB, paused 150us total 168.635ms
07-21 20:04:32.977 15386 15403 I vision.svplaye: Background concurrent copying GC freed 195649(6MB) AllocSpace objects, 0(0B) LOS objects, 33% free, 11MB/17MB, paused 194us total 173.148ms
07-21 20:04:33.928 15386 15386 I SVStartup: state localReady=true checking=false activated=true playableSource=true route=live_tv
07-21 20:04:34.278 15386 15393 I vision.svplaye: JIT allocated 68KB for stack maps of void com.smartvision.svplayer.ui.live.LiveTvScreenKt.LiveTvScreen(com.smartvision.svplayer.ui.i18n.SmartVisionStrings, java.lang.String, java.util.List, kotlin.jvm.functions.Function1, kotlin.jvm.functions.Function0, kotlin.jvm.functions.Function0, kotlin.jvm.functions.Function0, kotlin.jvm.functions.Function0, kotlin.jvm.functions.Function0, boolean, boolean, int, java.lang.Integer, kotlin.jvm.functions.Function0, com.smartvision.svplayer.ui.player.LivePlaybackSession, kotlin.jvm.functions.Function1, androidx.compose.ui.Modifier, androidx.compose.runtime.Composer, int, int, int)
07-21 20:04:34.285 15386 15393 I vision.svplaye: Compiler allocated 6MB to compile void com.smartvision.svplayer.ui.live.LiveTvScreenKt.LiveTvScreen(com.smartvision.svplayer.ui.i18n.SmartVisionStrings, java.lang.String, java.util.List, kotlin.jvm.functions.Function1, kotlin.jvm.functions.Function0, kotlin.jvm.functions.Function0, kotlin.jvm.functions.Function0, kotlin.jvm.functions.Function0, kotlin.jvm.functions.Function0, boolean, boolean, int, java.lang.Integer, kotlin.jvm.functions.Function0, com.smartvision.svplayer.ui.player.LivePlaybackSession, kotlin.jvm.functions.Function1, androidx.compose.ui.Modifier, androidx.compose.runtime.Composer, int, int, int)
07-21 20:04:34.316 15386 15403 I vision.svplaye: NativeAlloc concurrent copying GC freed 128889(4MB) AllocSpace objects, 2(104KB) LOS objects, 32% free, 12MB/18MB, paused 191us total 181.897ms
07-21 20:04:35.080 15386 15393 I vision.svplaye: JIT allocated 68KB for stack maps of void com.smartvision.svplayer.ui.live.LiveTvScreenKt.LiveTvScreen(com.smartvision.svplayer.ui.i18n.SmartVisionStrings, java.lang.String, java.util.List, kotlin.jvm.functions.Function1, kotlin.jvm.functions.Function0, kotlin.jvm.functions.Function0, kotlin.jvm.functions.Function0, kotlin.jvm.functions.Function0, kotlin.jvm.functions.Function0, boolean, boolean, int, java.lang.Integer, kotlin.jvm.functions.Function0, com.smartvision.svplayer.ui.player.LivePlaybackSession, kotlin.jvm.functions.Function1, androidx.compose.ui.Modifier, androidx.compose.runtime.Composer, int, int, int)
07-21 20:04:35.089 15386 15393 I vision.svplaye: Compiler allocated 6MB to compile void com.smartvision.svplayer.ui.live.LiveTvScreenKt.LiveTvScreen(com.smartvision.svplayer.ui.i18n.SmartVisionStrings, java.lang.String, java.util.List, kotlin.jvm.functions.Function1, kotlin.jvm.functions.Function0, kotlin.jvm.functions.Function0, kotlin.jvm.functions.Function0, kotlin.jvm.functions.Function0, kotlin.jvm.functions.Function0, boolean, boolean, int, java.lang.Integer, kotlin.jvm.functions.Function0, com.smartvision.svplayer.ui.player.LivePlaybackSession, kotlin.jvm.functions.Function1, androidx.compose.ui.Modifier, androidx.compose.runtime.Composer, int, int, int)
07-21 20:04:35.392 15386 15403 I vision.svplaye: Background concurrent copying GC freed 88976(4MB) AllocSpace objects, 1(24KB) LOS objects, 28% free, 15MB/21MB, paused 244us total 230.870ms
07-21 20:04:35.922 15386 15403 I vision.svplaye: Background concurrent copying GC freed 79490(4MB) AllocSpace objects, 3(624KB) LOS objects, 21% free, 21MB/27MB, paused 160us total 277.628ms
07-21 20:04:36.221 15386 15386 I SmartVisionAds: Statut monetisation actuel: FREE_WITH_ADS
07-21 20:04:36.389 15386 15403 I vision.svplaye: Background concurrent copying GC freed 110212(7MB) AllocSpace objects, 1(20KB) LOS objects, 18% free, 26MB/32MB, paused 210us total 335.229ms
07-21 20:04:37.343 15386 15403 I vision.svplaye: Background concurrent copying GC freed 255235(9MB) AllocSpace objects, 1(20KB) LOS objects, 17% free, 28MB/34MB, paused 193us total 477.532ms
07-21 20:04:37.844 15386 15393 I vision.svplaye: JIT allocated 70KB for stack maps of void com.smartvision.svplayer.ui.live.LiveTvScreenKt.LiveTvScreen(com.smartvision.svplayer.ui.i18n.SmartVisionStrings, java.lang.String, java.util.List, kotlin.jvm.functions.Function1, kotlin.jvm.functions.Function0, kotlin.jvm.functions.Function0, kotlin.jvm.functions.Function0, kotlin.jvm.functions.Function0, kotlin.jvm.functions.Function0, boolean, boolean, int, java.lang.Integer, kotlin.jvm.functions.Function0, com.smartvision.svplayer.ui.player.LivePlaybackSession, kotlin.jvm.functions.Function1, androidx.compose.ui.Modifier, androidx.compose.runtime.Composer, int, int, int)
07-21 20:04:37.851 15386 15393 I vision.svplaye: Compiler allocated 6MB to compile void com.smartvision.svplayer.ui.live.LiveTvScreenKt.LiveTvScreen(com.smartvision.svplayer.ui.i18n.SmartVisionStrings, java.lang.String, java.util.List, kotlin.jvm.functions.Function1, kotlin.jvm.functions.Function0, kotlin.jvm.functions.Function0, kotlin.jvm.functions.Function0, kotlin.jvm.functions.Function0, kotlin.jvm.functions.Function0, boolean, boolean, int, java.lang.Integer, kotlin.jvm.functions.Function0, com.smartvision.svplayer.ui.player.LivePlaybackSession, kotlin.jvm.functions.Function1, androidx.compose.ui.Modifier, androidx.compose.runtime.Composer, int, int, int)
07-21 20:04:38.319 15386 15403 I vision.svplaye: Background concurrent copying GC freed 362809(10MB) AllocSpace objects, 4(80KB) LOS objects, 19% free, 24MB/30MB, paused 189us total 280.419ms
07-21 20:04:39.897 15386 15403 I vision.svplaye: Background concurrent copying GC freed 230269(7MB) AllocSpace objects, 0(0B) LOS objects, 20% free, 23MB/29MB, paused 213us total 269.177ms
07-21 20:04:41.444 15386 15403 I vision.svplaye: Background concurrent copying GC freed 215809(6MB) AllocSpace objects, 0(0B) LOS objects, 20% free, 23MB/29MB, paused 174us total 254.916ms
07-21 20:04:42.997 15386 15403 I vision.svplaye: Background concurrent copying GC freed 212816(6MB) AllocSpace objects, 0(0B) LOS objects, 20% free, 23MB/29MB, paused 185us total 266.438ms
07-21 20:04:44.564 15386 15403 I vision.svplaye: Background concurrent copying GC freed 210462(6MB) AllocSpace objects, 0(0B) LOS objects, 19% free, 24MB/30MB, paused 169us total 273.017ms
07-21 20:04:46.131 15386 15403 I vision.svplaye: Background concurrent copying GC freed 215852(6MB) AllocSpace objects, 0(0B) LOS objects, 20% free, 23MB/29MB, paused 188us total 264.044ms
07-21 20:04:47.699 15386 15403 I vision.svplaye: Background concurrent copying GC freed 213376(6MB) AllocSpace objects, 0(0B) LOS objects, 19% free, 24MB/30MB, paused 173us total 274.065ms
07-21 20:04:49.283 15386 15403 I vision.svplaye: Background concurrent copying GC freed 215769(6MB) AllocSpace objects, 0(0B) LOS objects, 19% free, 24MB/30MB, paused 167us total 286.566ms
07-21 20:04:50.909 15386 15403 I vision.svplaye: Background concurrent copying GC freed 209889(6MB) AllocSpace objects, 1(20KB) LOS objects, 19% free, 24MB/30MB, paused 175us total 262.504ms
07-21 20:04:52.564 15386 15403 I vision.svplaye: Background concurrent copying GC freed 210684(6MB) AllocSpace objects, 0(0B) LOS objects, 19% free, 24MB/30MB, paused 180us total 268.071ms
07-21 20:04:54.224 15386 15403 I vision.svplaye: Background concurrent copying GC freed 211393(6MB) AllocSpace objects, 0(0B) LOS objects, 19% free, 24MB/30MB, paused 200us total 275.009ms
07-21 20:04:55.877 15386 15403 I vision.svplaye: Background concurrent copying GC freed 213156(6MB) AllocSpace objects, 0(0B) LOS objects, 20% free, 23MB/29MB, paused 909us total 273.308ms
07-21 20:04:57.520 15386 15403 I vision.svplaye: Background concurrent copying GC freed 209960(6MB) AllocSpace objects, 0(0B) LOS objects, 19% free, 24MB/30MB, paused 183us total 268.626ms
07-21 20:04:59.170 15386 15403 I vision.svplaye: Background concurrent copying GC freed 210579(6MB) AllocSpace objects, 0(0B) LOS objects, 19% free, 24MB/30MB, paused 176us total 268.843ms
07-21 20:05:00.823 15386 15403 I vision.svplaye: Background concurrent copying GC freed 211893(6MB) AllocSpace objects, 0(0B) LOS objects, 20% free, 23MB/29MB, paused 173us total 268.224ms
07-21 20:05:02.451 15386 15403 I vision.svplaye: Background concurrent copying GC freed 208209(6MB) AllocSpace objects, 0(0B) LOS objects, 19% free, 24MB/30MB, paused 185us total 259.190ms
07-21 20:05:04.116 15386 15403 I vision.svplaye: Background concurrent copying GC freed 209923(6MB) AllocSpace objects, 0(0B) LOS objects, 19% free, 24MB/30MB, paused 157us total 281.505ms
07-21 20:05:05.765 15386 15403 I vision.svplaye: Background concurrent copying GC freed 213848(6MB) AllocSpace objects, 0(0B) LOS objects, 19% free, 24MB/30MB, paused 170us total 269.673ms
07-21 20:05:07.406 15386 15403 I vision.svplaye: Background concurrent copying GC freed 211536(6MB) AllocSpace objects, 0(0B) LOS objects, 20% free, 23MB/29MB, paused 176us total 259.017ms
07-21 20:05:09.037 15386 15403 I vision.svplaye: Background concurrent copying GC freed 207265(6MB) AllocSpace objects, 0(0B) LOS objects, 19% free, 24MB/30MB, paused 198us total 263.308ms
07-21 20:05:10.685 15386 15403 I vision.svplaye: Background concurrent copying GC freed 210032(6MB) AllocSpace objects, 0(0B) LOS objects, 20% free, 23MB/29MB, paused 214us total 259.456ms
07-21 20:05:12.338 15386 15403 I vision.svplaye: Background concurrent copying GC freed 208828(6MB) AllocSpace objects, 0(0B) LOS objects, 19% free, 24MB/30MB, paused 211us total 285.415ms
07-21 20:05:13.990 15386 15403 I vision.svplaye: Background concurrent copying GC freed 213615(6MB) AllocSpace objects, 0(0B) LOS objects, 19% free, 24MB/30MB, paused 192us total 265.061ms
07-21 20:05:15.630 15386 15403 I vision.svplaye: Background concurrent copying GC freed 210433(6MB) AllocSpace objects, 0(0B) LOS objects, 19% free, 24MB/30MB, paused 210us total 268.054ms
07-21 20:05:17.250 15386 15403 I vision.svplaye: Background concurrent copying GC freed 208158(6MB) AllocSpace objects, 0(0B) LOS objects, 20% free, 23MB/29MB, paused 187us total 269.303ms
07-21 20:05:18.836 15386 15403 I vision.svplaye: Background concurrent copying GC freed 206686(6MB) AllocSpace objects, 0(0B) LOS objects, 19% free, 24MB/30MB, paused 225us total 255.061ms
07-21 20:05:20.406 15386 15403 I vision.svplaye: Background concurrent copying GC freed 213650(6MB) AllocSpace objects, 0(0B) LOS objects, 19% free, 24MB/30MB, paused 237us total 268.361ms
07-21 20:05:21.981 15386 15403 I vision.svplaye: Background concurrent copying GC freed 216173(6MB) AllocSpace objects, 0(0B) LOS objects, 19% free, 24MB/30MB, paused 186us total 269.932ms
07-21 20:05:23.553 15386 15403 I vision.svplaye: Background concurrent copying GC freed 215730(6MB) AllocSpace objects, 0(0B) LOS objects, 20% free, 23MB/29MB, paused 178us total 262.378ms
07-21 20:05:25.117 15386 15403 I vision.svplaye: Background concurrent copying GC freed 211793(6MB) AllocSpace objects, 0(0B) LOS objects, 19% free, 24MB/30MB, paused 157us total 271.973ms
07-21 20:05:26.726 15386 15403 I vision.svplaye: Background concurrent copying GC freed 218779(6MB) AllocSpace objects, 0(0B) LOS objects, 19% free, 24MB/30MB, paused 191us total 267.634ms
07-21 20:05:28.313 15386 15403 I vision.svplaye: Background concurrent copying GC freed 214334(6MB) AllocSpace objects, 0(0B) LOS objects, 19% free, 24MB/30MB, paused 161us total 279.638ms
07-21 20:05:29.931 15386 15403 I vision.svplaye: Background concurrent copying GC freed 210263(6MB) AllocSpace objects, 1(20KB) LOS objects, 20% free, 23MB/29MB, paused 189us total 267.349ms
07-21 20:05:31.580 15386 15403 I vision.svplaye: Background concurrent copying GC freed 209781(6MB) AllocSpace objects, 0(0B) LOS objects, 19% free, 24MB/30MB, paused 206us total 270.084ms
07-21 20:05:33.233 15386 15403 I vision.svplaye: Background concurrent copying GC freed 210669(6MB) AllocSpace objects, 0(0B) LOS objects, 19% free, 24MB/30MB, paused 202us total 269.397ms
07-21 20:05:34.852 15386 15403 I vision.svplaye: Background concurrent copying GC freed 209080(6MB) AllocSpace objects, 0(0B) LOS objects, 19% free, 24MB/30MB, paused 181us total 260.513ms
07-21 20:05:36.499 15386 15403 I vision.svplaye: Background concurrent copying GC freed 208819(6MB) AllocSpace objects, 0(0B) LOS objects, 19% free, 24MB/30MB, paused 200us total 279.611ms
07-21 20:05:38.145 15386 15403 I vision.svplaye: Background concurrent copying GC freed 211916(6MB) AllocSpace objects, 0(0B) LOS objects, 19% free, 24MB/30MB, paused 187us total 275.589ms
07-21 20:05:39.789 15386 15403 I vision.svplaye: Background concurrent copying GC freed 210485(6MB) AllocSpace objects, 0(0B) LOS objects, 19% free, 24MB/30MB, paused 184us total 268.775ms
07-21 20:05:41.433 15386 15403 I vision.svplaye: Background concurrent copying GC freed 209942(6MB) AllocSpace objects, 0(0B) LOS objects, 20% free, 23MB/29MB, paused 201us total 261.660ms
07-21 20:05:43.061 15386 15403 I vision.svplaye: Background concurrent copying GC freed 209439(6MB) AllocSpace objects, 0(0B) LOS objects, 20% free, 23MB/29MB, paused 166us total 261.146ms
07-21 20:05:44.687 15386 15403 I vision.svplaye: Background concurrent copying GC freed 208869(6MB) AllocSpace objects, 0(0B) LOS objects, 20% free, 23MB/29MB, paused 166us total 255.135ms
07-21 20:05:46.311 15386 15403 I vision.svplaye: Background concurrent copying GC freed 207226(6MB) AllocSpace objects, 0(0B) LOS objects, 20% free, 23MB/29MB, paused 208us total 258.746ms
07-21 20:05:47.937 15386 15403 I vision.svplaye: Background concurrent copying GC freed 207394(6MB) AllocSpace objects, 0(0B) LOS objects, 20% free, 23MB/29MB, paused 199us total 257.753ms
07-21 20:05:49.575 15386 15403 I vision.svplaye: Background concurrent copying GC freed 208379(6MB) AllocSpace objects, 0(0B) LOS objects, 19% free, 24MB/30MB, paused 159us total 269.779ms
07-21 20:05:51.225 15386 15403 I vision.svplaye: Background concurrent copying GC freed 210634(6MB) AllocSpace objects, 0(0B) LOS objects, 19% free, 24MB/30MB, paused 169us total 269.166ms
07-21 20:05:52.886 15386 15403 I vision.svplaye: Background concurrent copying GC freed 212933(6MB) AllocSpace objects, 0(0B) LOS objects, 20% free, 23MB/29MB, paused 150us total 274.290ms
07-21 20:05:54.517 15386 15403 I vision.svplaye: Background concurrent copying GC freed 210355(6MB) AllocSpace objects, 0(0B) LOS objects, 20% free, 23MB/29MB, paused 190us total 257.169ms
07-21 20:05:56.148 15386 15403 I vision.svplaye: Background concurrent copying GC freed 209186(6MB) AllocSpace objects, 0(0B) LOS objects, 20% free, 23MB/29MB, paused 165us total 255.763ms
07-21 20:05:57.777 15386 15403 I vision.svplaye: Background concurrent copying GC freed 207233(6MB) AllocSpace objects, 0(0B) LOS objects, 19% free, 24MB/30MB, paused 166us total 263.917ms
07-21 20:05:59.429 15386 15403 I vision.svplaye: Background concurrent copying GC freed 209969(6MB) AllocSpace objects, 0(0B) LOS objects, 19% free, 24MB/30MB, paused 156us total 267.189ms
07-21 20:06:01.085 15386 15403 I vision.svplaye: Background concurrent copying GC freed 212104(6MB) AllocSpace objects, 0(0B) LOS objects, 19% free, 24MB/30MB, paused 185us total 268.894ms
07-21 20:06:02.735 15386 15403 I vision.svplaye: Background concurrent copying GC freed 211693(6MB) AllocSpace objects, 0(0B) LOS objects, 19% free, 24MB/30MB, paused 165us total 266.304ms
07-21 20:06:04.375 15386 15403 I vision.svplaye: Background concurrent copying GC freed 210470(6MB) AllocSpace objects, 0(0B) LOS objects, 20% free, 23MB/29MB, paused 166us total 255.199ms
07-21 20:06:06.004 15386 15403 I vision.svplaye: Background concurrent copying GC freed 208657(6MB) AllocSpace objects, 0(0B) LOS objects, 20% free, 23MB/29MB, paused 182us total 254.715ms
07-21 20:06:07.644 15386 15403 I vision.svplaye: Background concurrent copying GC freed 207891(6MB) AllocSpace objects, 0(0B) LOS objects, 20% free, 23MB/29MB, paused 179us total 269.512ms
07-21 20:06:09.278 15386 15403 I vision.svplaye: Background concurrent copying GC freed 209973(6MB) AllocSpace objects, 0(0B) LOS objects, 19% free, 24MB/30MB, paused 159us total 261.387ms
07-21 20:06:10.915 15386 15403 I vision.svplaye: Background concurrent copying GC freed 211611(6MB) AllocSpace objects, 0(0B) LOS objects, 20% free, 23MB/29MB, paused 161us total 256.211ms
07-21 20:06:12.546 15386 15403 I vision.svplaye: Background concurrent copying GC freed 207593(6MB) AllocSpace objects, 0(0B) LOS objects, 19% free, 24MB/30MB, paused 163us total 267.246ms
07-21 20:06:14.197 15386 15403 I vision.svplaye: Background concurrent copying GC freed 210001(6MB) AllocSpace objects, 0(0B) LOS objects, 19% free, 24MB/30MB, paused 160us total 267.381ms
07-21 20:06:15.812 15386 15415 I vision.svplaye: Waiting for a blocking GC ProfileSaver
07-21 20:06:15.853 15386 15403 I vision.svplaye: Background concurrent copying GC freed 211323(6MB) AllocSpace objects, 0(0B) LOS objects, 19% free, 24MB/30MB, paused 201us total 270.572ms
07-21 20:06:15.854 15386 15415 I vision.svplaye: WaitForGcToComplete blocked ProfileSaver on HeapTrim for 41.475ms
07-21 20:06:17.477 15386 15403 I vision.svplaye: Background concurrent copying GC freed 210037(6MB) AllocSpace objects, 0(0B) LOS objects, 20% free, 23MB/29MB, paused 175us total 266.833ms
07-21 20:06:19.104 15386 15403 I vision.svplaye: Background concurrent copying GC freed 207623(6MB) AllocSpace objects, 0(0B) LOS objects, 19% free, 24MB/30MB, paused 162us total 268.688ms
07-21 20:06:20.754 15386 15403 I vision.svplaye: Background concurrent copying GC freed 209666(6MB) AllocSpace objects, 0(0B) LOS objects, 19% free, 24MB/30MB, paused 159us total 269.718ms
07-21 20:06:22.407 15386 15403 I vision.svplaye: Background concurrent copying GC freed 212175(6MB) AllocSpace objects, 0(0B) LOS objects, 19% free, 24MB/30MB, paused 166us total 269.338ms
07-21 20:06:24.058 15386 15403 I vision.svplaye: Background concurrent copying GC freed 211813(6MB) AllocSpace objects, 0(0B) LOS objects, 19% free, 24MB/30MB, paused 170us total 268.176ms
07-21 20:06:25.702 15386 15403 I vision.svplaye: Background concurrent copying GC freed 210435(6MB) AllocSpace objects, 0(0B) LOS objects, 19% free, 24MB/30MB, paused 203us total 260.807ms
07-21 20:06:27.350 15386 15403 I vision.svplaye: Background concurrent copying GC freed 211603(6MB) AllocSpace objects, 0(0B) LOS objects, 20% free, 23MB/29MB, paused 162us total 258.777ms
07-21 20:06:28.976 15386 15403 I vision.svplaye: Background concurrent copying GC freed 210245(6MB) AllocSpace objects, 0(0B) LOS objects, 20% free, 23MB/29MB, paused 172us total 253.432ms
07-21 20:06:30.602 15386 15403 I vision.svplaye: Background concurrent copying GC freed 207285(6MB) AllocSpace objects, 0(0B) LOS objects, 20% free, 23MB/29MB, paused 165us total 254.782ms
07-21 20:06:32.228 15386 15403 I vision.svplaye: Background concurrent copying GC freed 207227(6MB) AllocSpace objects, 0(0B) LOS objects, 20% free, 23MB/29MB, paused 183us total 254.280ms
07-21 20:06:33.870 15386 15403 I vision.svplaye: Background concurrent copying GC freed 208230(6MB) AllocSpace objects, 0(0B) LOS objects, 19% free, 24MB/30MB, paused 243us total 269.559ms
07-21 20:06:35.504 15386 15403 I vision.svplaye: Background concurrent copying GC freed 211327(6MB) AllocSpace objects, 0(0B) LOS objects, 20% free, 23MB/29MB, paused 160us total 252.130ms
07-21 20:06:37.141 15386 15403 I vision.svplaye: Background concurrent copying GC freed 209449(6MB) AllocSpace objects, 0(0B) LOS objects, 20% free, 23MB/29MB, paused 155us total 261.115ms
07-21 20:06:38.783 15386 15403 I vision.svplaye: Background concurrent copying GC freed 209973(6MB) AllocSpace objects, 0(0B) LOS objects, 20% free, 23MB/29MB, paused 156us total 261.052ms
07-21 20:06:40.438 15386 15403 I vision.svplaye: Background concurrent copying GC freed 210323(6MB) AllocSpace objects, 0(0B) LOS objects, 19% free, 24MB/30MB, paused 245us total 274.442ms
07-21 20:06:42.081 15386 15403 I vision.svplaye: Background concurrent copying GC freed 211397(6MB) AllocSpace objects, 0(0B) LOS objects, 20% free, 23MB/29MB, paused 138us total 270.266ms
07-21 20:06:43.731 15386 15403 I vision.svplaye: Background concurrent copying GC freed 210155(6MB) AllocSpace objects, 0(0B) LOS objects, 19% free, 24MB/30MB, paused 170us total 271.228ms
07-21 20:06:45.371 15386 15403 I vision.svplaye: Background concurrent copying GC freed 211374(6MB) AllocSpace objects, 0(0B) LOS objects, 19% free, 24MB/30MB, paused 150us total 258.243ms
07-21 20:06:47.014 15386 15403 I vision.svplaye: Background concurrent copying GC freed 210865(6MB) AllocSpace objects, 0(0B) LOS objects, 20% free, 23MB/29MB, paused 171us total 251.428ms
07-21 20:06:48.645 15386 15403 I vision.svplaye: Background concurrent copying GC freed 209338(6MB) AllocSpace objects, 0(0B) LOS objects, 20% free, 23MB/29MB, paused 180us total 253.866ms
07-21 20:06:50.307 15386 15403 I vision.svplaye: Background concurrent copying GC freed 207256(6MB) AllocSpace objects, 0(0B) LOS objects, 20% free, 23MB/29MB, paused 247us total 291.497ms
07-21 20:06:52.008 15386 15403 I vision.svplaye: Background concurrent copying GC freed 207444(6MB) AllocSpace objects, 0(0B) LOS objects, 20% free, 23MB/29MB, paused 183us total 272.127ms
07-21 20:06:53.634 15386 15403 I vision.svplaye: Background concurrent copying GC freed 203515(6MB) AllocSpace objects, 0(0B) LOS objects, 20% free, 23MB/29MB, paused 138us total 262.200ms
07-21 20:06:55.279 15386 15403 I vision.svplaye: Background concurrent copying GC freed 209477(6MB) AllocSpace objects, 0(0B) LOS objects, 19% free, 24MB/30MB, paused 145us total 264.842ms
07-21 20:06:56.907 15386 15403 I vision.svplaye: Background concurrent copying GC freed 210698(6MB) AllocSpace objects, 0(0B) LOS objects, 20% free, 23MB/29MB, paused 173us total 257.507ms
07-21 20:06:58.536 15386 15403 I vision.svplaye: Background concurrent copying GC freed 207646(6MB) AllocSpace objects, 0(0B) LOS objects, 20% free, 23MB/29MB, paused 214us total 260.042ms
07-21 20:07:00.228 15386 15403 I vision.svplaye: Background concurrent copying GC freed 209038(6MB) AllocSpace objects, 0(0B) LOS objects, 20% free, 23MB/29MB, paused 162us total 304.279ms
07-21 20:07:01.887 15386 15403 I vision.svplaye: Background concurrent copying GC freed 206209(6MB) AllocSpace objects, 0(0B) LOS objects, 19% free, 24MB/30MB, paused 225us total 269.431ms
07-21 20:07:03.521 15386 15403 I vision.svplaye: Background concurrent copying GC freed 210619(6MB) AllocSpace objects, 0(0B) LOS objects, 20% free, 23MB/29MB, paused 166us total 254.098ms
07-21 20:07:05.156 15386 15403 I vision.svplaye: Background concurrent copying GC freed 209566(6MB) AllocSpace objects, 0(0B) LOS objects, 20% free, 23MB/29MB, paused 162us total 257.550ms
07-21 20:07:06.789 15386 15403 I vision.svplaye: Background concurrent copying GC freed 204868(6MB) AllocSpace objects, 0(0B) LOS objects, 19% free, 24MB/30MB, paused 157us total 271.481ms
07-21 20:07:08.475 15386 15403 I vision.svplaye: Background concurrent copying GC freed 212193(6MB) AllocSpace objects, 0(0B) LOS objects, 20% free, 23MB/29MB, paused 161us total 269.974ms
07-21 20:07:10.136 15386 15403 I vision.svplaye: Background concurrent copying GC freed 206800(6MB) AllocSpace objects, 0(0B) LOS objects, 19% free, 24MB/30MB, paused 205us total 259.825ms
07-21 20:07:11.794 15386 15403 I vision.svplaye: Background concurrent copying GC freed 210158(6MB) AllocSpace objects, 0(0B) LOS objects, 19% free, 24MB/30MB, paused 158us total 271.472ms
07-21 20:07:13.439 15386 15403 I vision.svplaye: Background concurrent copying GC freed 211770(6MB) AllocSpace objects, 0(0B) LOS objects, 19% free, 24MB/30MB, paused 150us total 266.853ms
07-21 20:07:15.085 15386 15403 I vision.svplaye: Background concurrent copying GC freed 211886(6MB) AllocSpace objects, 0(0B) LOS objects, 20% free, 23MB/29MB, paused 171us total 257.118ms
07-21 20:07:16.689 15386 15403 I vision.svplaye: Background concurrent copying GC freed 205103(6MB) AllocSpace objects, 0(0B) LOS objects, 19% free, 24MB/30MB, paused 137us total 265.046ms
07-21 20:07:18.335 15386 15403 I vision.svplaye: Background concurrent copying GC freed 210935(6MB) AllocSpace objects, 0(0B) LOS objects, 20% free, 23MB/29MB, paused 162us total 271.523ms
07-21 20:07:19.970 15386 15403 I vision.svplaye: Background concurrent copying GC freed 210073(6MB) AllocSpace objects, 0(0B) LOS objects, 19% free, 24MB/30MB, paused 160us total 257.675ms
07-21 20:07:21.632 15386 15403 I vision.svplaye: Background concurrent copying GC freed 209500(6MB) AllocSpace objects, 0(0B) LOS objects, 19% free, 24MB/30MB, paused 159us total 272.362ms
07-21 20:07:23.286 15386 15403 I vision.svplaye: Background concurrent copying GC freed 212723(6MB) AllocSpace objects, 0(0B) LOS objects, 19% free, 24MB/30MB, paused 157us total 271.046ms
07-21 20:07:24.936 15386 15403 I vision.svplaye: Background concurrent copying GC freed 212845(6MB) AllocSpace objects, 0(0B) LOS objects, 20% free, 23MB/29MB, paused 216us total 263.898ms
07-21 20:07:26.574 15386 15403 I vision.svplaye: Background concurrent copying GC freed 210086(6MB) AllocSpace objects, 0(0B) LOS objects, 20% free, 23MB/29MB, paused 158us total 254.776ms
07-21 20:07:28.210 15386 15403 I vision.svplaye: Background concurrent copying GC freed 208779(6MB) AllocSpace objects, 0(0B) LOS objects, 19% free, 24MB/30MB, paused 208us total 261.441ms
07-21 20:07:29.854 15386 15403 I vision.svplaye: Background concurrent copying GC freed 210561(6MB) AllocSpace objects, 0(0B) LOS objects, 20% free, 23MB/29MB, paused 224us total 256.824ms
07-21 20:07:31.497 15386 15403 I vision.svplaye: Background concurrent copying GC freed 209398(6MB) AllocSpace objects, 0(0B) LOS objects, 20% free, 23MB/29MB, paused 241us total 265.854ms
07-21 20:07:33.136 15386 15403 I vision.svplaye: Background concurrent copying GC freed 210495(6MB) AllocSpace objects, 0(0B) LOS objects, 19% free, 24MB/30MB, paused 165us total 259.976ms
07-21 20:07:34.790 15386 15403 I vision.svplaye: Background concurrent copying GC freed 209883(6MB) AllocSpace objects, 0(0B) LOS objects, 19% free, 24MB/30MB, paused 152us total 268.353ms
07-21 20:07:36.445 15386 15403 I vision.svplaye: Background concurrent copying GC freed 212577(6MB) AllocSpace objects, 0(0B) LOS objects, 19% free, 24MB/30MB, paused 166us total 266.879ms
07-21 20:07:38.096 15386 15403 I vision.svplaye: Background concurrent copying GC freed 211262(6MB) AllocSpace objects, 0(0B) LOS objects, 19% free, 24MB/30MB, paused 162us total 266.031ms
07-21 20:07:39.755 15386 15403 I vision.svplaye: Background concurrent copying GC freed 211044(6MB) AllocSpace objects, 0(0B) LOS objects, 19% free, 24MB/30MB, paused 175us total 273.381ms
07-21 20:07:41.409 15386 15403 I vision.svplaye: Background concurrent copying GC freed 212077(6MB) AllocSpace objects, 0(0B) LOS objects, 19% free, 24MB/30MB, paused 198us total 273.934ms
07-21 20:07:43.040 15386 15403 I vision.svplaye: Background concurrent copying GC freed 211177(6MB) AllocSpace objects, 0(0B) LOS objects, 20% free, 23MB/29MB, paused 159us total 252.936ms
07-21 20:07:44.671 15386 15403 I vision.svplaye: Background concurrent copying GC freed 207204(6MB) AllocSpace objects, 0(0B) LOS objects, 19% free, 24MB/30MB, paused 197us total 258.309ms
07-21 20:07:46.293 15386 15403 I vision.svplaye: Background concurrent copying GC freed 210717(6MB) AllocSpace objects, 0(0B) LOS objects, 20% free, 23MB/29MB, paused 289us total 251.454ms
07-21 20:07:47.918 15386 15403 I vision.svplaye: Background concurrent copying GC freed 206355(6MB) AllocSpace objects, 0(0B) LOS objects, 20% free, 23MB/29MB, paused 173us total 255.370ms
07-21 20:07:49.547 15386 15403 I vision.svplaye: Background concurrent copying GC freed 210068(6MB) AllocSpace objects, 0(0B) LOS objects, 20% free, 23MB/29MB, paused 161us total 251.978ms
07-21 20:07:51.173 15386 15403 I vision.svplaye: Background concurrent copying GC freed 207049(6MB) AllocSpace objects, 0(0B) LOS objects, 20% free, 23MB/29MB, paused 179us total 253.851ms
07-21 20:07:52.808 15386 15403 I vision.svplaye: Background concurrent copying GC freed 207390(6MB) AllocSpace objects, 0(0B) LOS objects, 19% free, 24MB/30MB, paused 167us total 262.082ms
07-21 20:07:54.464 15386 15403 I vision.svplaye: Background concurrent copying GC freed 210733(6MB) AllocSpace objects, 0(0B) LOS objects, 19% free, 24MB/30MB, paused 240us total 268.826ms
07-21 20:07:56.124 15386 15403 I vision.svplaye: Background concurrent copying GC freed 212122(6MB) AllocSpace objects, 0(0B) LOS objects, 19% free, 24MB/30MB, paused 175us total 274.148ms
07-21 20:07:57.767 15386 15403 I vision.svplaye: Background concurrent copying GC freed 212930(6MB) AllocSpace objects, 0(0B) LOS objects, 20% free, 23MB/29MB, paused 151us total 263.484ms
07-21 20:07:59.423 15386 15403 I vision.svplaye: Background concurrent copying GC freed 209369(6MB) AllocSpace objects, 0(0B) LOS objects, 19% free, 24MB/30MB, paused 177us total 276.746ms
07-21 20:08:01.077 15386 15403 I vision.svplaye: Background concurrent copying GC freed 213307(6MB) AllocSpace objects, 0(0B) LOS objects, 19% free, 24MB/30MB, paused 158us total 271.235ms
07-21 20:08:02.720 15386 15403 I vision.svplaye: Background concurrent copying GC freed 211677(6MB) AllocSpace objects, 0(0B) LOS objects, 20% free, 23MB/29MB, paused 134us total 258.189ms
07-21 20:08:04.338 15386 15403 I vision.svplaye: Background concurrent copying GC freed 207852(6MB) AllocSpace objects, 0(0B) LOS objects, 20% free, 23MB/29MB, paused 183us total 255.392ms
07-21 20:08:05.978 15386 15403 I vision.svplaye: Background concurrent copying GC freed 207723(6MB) AllocSpace objects, 0(0B) LOS objects, 19% free, 24MB/30MB, paused 148us total 267.131ms
07-21 20:08:07.662 15386 15403 I vision.svplaye: Background concurrent copying GC freed 208872(6MB) AllocSpace objects, 0(0B) LOS objects, 19% free, 24MB/30MB, paused 180us total 277.223ms
07-21 20:08:09.332 15386 15403 I vision.svplaye: Background concurrent copying GC freed 208230(6MB) AllocSpace objects, 0(0B) LOS objects, 19% free, 24MB/30MB, paused 215us total 296.248ms
07-21 20:08:11.035 15386 15403 I vision.svplaye: Background concurrent copying GC freed 211194(6MB) AllocSpace objects, 0(0B) LOS objects, 20% free, 23MB/29MB, paused 184us total 284.529ms
07-21 20:08:12.603 15386 15403 I vision.svplaye: Background concurrent copying GC freed 211040(6MB) AllocSpace objects, 0(0B) LOS objects, 19% free, 24MB/30MB, paused 232us total 262.260ms
07-21 20:08:14.163 15386 15403 I vision.svplaye: Background concurrent copying GC freed 214493(6MB) AllocSpace objects, 0(0B) LOS objects, 19% free, 24MB/30MB, paused 170us total 257.810ms
07-21 20:08:15.732 15386 15403 I vision.svplaye: Background concurrent copying GC freed 214616(6MB) AllocSpace objects, 0(0B) LOS objects, 19% free, 24MB/30MB, paused 196us total 265.551ms
07-21 20:08:17.263 15386 15403 I vision.svplaye: Background concurrent copying GC freed 211415(6MB) AllocSpace objects, 0(0B) LOS objects, 19% free, 24MB/30MB, paused 138us total 259.517ms
07-21 20:08:18.829 15386 15403 I vision.svplaye: Background concurrent copying GC freed 215012(6MB) AllocSpace objects, 0(0B) LOS objects, 19% free, 24MB/30MB, paused 184us total 258.189ms
07-21 20:08:20.397 15386 15403 I vision.svplaye: Background concurrent copying GC freed 214326(6MB) AllocSpace objects, 0(0B) LOS objects, 19% free, 24MB/30MB, paused 161us total 260.718ms
07-21 20:08:21.987 15386 15403 I vision.svplaye: Background concurrent copying GC freed 212737(6MB) AllocSpace objects, 0(0B) LOS objects, 19% free, 24MB/30MB, paused 210us total 270.719ms
