07-17 05:19:58.516  7151  7151 W ExoPlayer:Playb: type=1400 audit(0.0:287083): avc: denied { read } for name="u:object_r:media_prop:s0" dev="tmpfs" ino=169 scontext=u:r:untrusted_app:s0:c247,c256,c512,c768 tcontext=u:object_r:media_prop:s0 tclass=file permissive=0
07-17 05:19:58.959  7151  7161 I vision.svplaye: Background concurrent copying GC freed 119059(5MB) AllocSpace objects, 287(18MB) LOS objects, 19% free, 24MB/30MB, paused 181us total 425.553ms
07-17 05:20:01.268  7151  7161 I vision.svplaye: Background concurrent copying GC freed 250455(9MB) AllocSpace objects, 32(852KB) LOS objects, 22% free, 20MB/26MB, paused 208us total 236.040ms
07-17 05:20:03.445  7151  7161 I vision.svplaye: Background concurrent copying GC freed 225767(6MB) AllocSpace objects, 0(0B) LOS objects, 23% free, 19MB/25MB, paused 198us total 235.143ms
07-17 05:20:05.618  7151  7161 I vision.svplaye: Background concurrent copying GC freed 210948(6MB) AllocSpace objects, 0(0B) LOS objects, 23% free, 19MB/25MB, paused 207us total 225.698ms
07-17 05:20:07.799  7151  7161 I vision.svplaye: Background concurrent copying GC freed 208148(6MB) AllocSpace objects, 0(0B) LOS objects, 23% free, 19MB/25MB, paused 272us total 229.791ms
07-17 05:20:09.960  7151  7161 I vision.svplaye: Background concurrent copying GC freed 207101(6MB) AllocSpace objects, 0(0B) LOS objects, 23% free, 20MB/26MB, paused 202us total 228.755ms
07-17 05:20:10.598  7151  7151 I SVStartup: state localReady=true checking=false activated=true playableSource=true route=movies
07-17 05:20:10.818  7151  7151 I ExoPlayerImpl: Init a9d1f33 [AndroidXMedia3/1.6.1] [sheldonp, AFTSSS, Amazon, 28]
07-17 05:20:11.462  7151  7161 I vision.svplaye: Background concurrent copying GC freed 116590(4MB) AllocSpace objects, 3(128KB) LOS objects, 20% free, 23MB/29MB, paused 200us total 278.709ms
07-17 05:20:11.835  7151  8478 I OMXClient: IOmx service obtained
07-17 05:20:11.842  7151  8477 I MediaCodec: [OMX.MTK.VIDEO.DECODER.AVC] setting surface generation to 7322639
07-17 05:20:11.842  7151  8477 I MediaCodecLogger: [ASAP] HW.video.avc P2 + 23054385
07-17 05:20:11.843  7151  8477 I MediaCodecLogger: HW.video.avc Adaptive Streaming max w:1920 h:1080, screen size:FHD
07-17 05:20:11.843  7151  8478 I ACodec  : Call prepareForAdaptivePlayback. maxWidth 1920, maxHeight 1080.
07-17 05:20:11.843  7151  8478 I ACodec  : [OMX.MTK.VIDEO.DECODER.AVC] prepareForAdaptivePlayback failed w/ err -1010
07-17 05:20:11.845  7151  8478 I ACodec  : codec does not support config priority (err -1010)
07-17 05:20:11.847  7151  8477 I MediaCodecLogger: [ASAP] HW.video.avc P2 - 23054389
07-17 05:20:11.848  7151  8472 I MediaCodecLogger: [ASAP] HW.video.avc P3 + 23054391
07-17 05:20:11.866  7151  8478 W ACodec  : [OMX.MTK.VIDEO.DECODER.AVC] setting nBufferCountActual to 7 failed: -22
07-17 05:20:11.868  7151  8477 I MediaCodecLogger: [ASAP] HW.video.avc P3 - 23054411
07-17 05:20:11.874  7151  8486 I OMXClient: IOmx service obtained
07-17 05:20:11.881  7151  8486 I MediaCodecLogger: [ASAP] SW.audio.mp4a P2 + 23054424
07-17 05:20:11.882  7151  8486 I ACodec  : codec does not support config priority (err -2147483648)
07-17 05:20:11.882  7151  8486 I MediaCodecLogger: [ASAP] SW.audio.mp4a P2 - 23054425
07-17 05:20:11.889  7151  8472 I MediaCodecLogger: [ASAP] SW.audio.mp4a P3 + 23054431
07-17 05:20:11.900  7151  8486 I MediaCodecLogger: [ASAP] SW.audio.mp4a P3 - 23054443
07-17 05:20:11.905  7151  8478 W AHierarchicalStateMachine: Warning message AMessage(what = 'omxI') = {
07-17 05:20:11.905  7151  8478 W AHierarchicalStateMachine:   int32_t type = 0
07-17 05:20:11.905  7151  8478 W AHierarchicalStateMachine:   int32_t event = 3
07-17 05:20:11.905  7151  8478 W AHierarchicalStateMachine:   int32_t data1 = 1
07-17 05:20:11.905  7151  8478 W AHierarchicalStateMachine:   int32_t data2 = 117440527
07-17 05:20:11.905  7151  8478 W AHierarchicalStateMachine: } unhandled in root state.
07-17 05:20:11.910  7151  8478 W ACodec  : [OMX.MTK.VIDEO.DECODER.AVC] setting nBufferCountActual to 14 failed: -22
07-17 05:20:12.151  7151  8477 I MediaCodecLogger: [ASAP] HW.video.avc Got First Input Frame 23054693 pts:1000000046000
07-17 05:20:12.154  7151  8486 I MediaCodecLogger: [ASAP] SW.audio.mp4a Got First Input Frame 23054696 pts:1000000000000
07-17 05:20:12.201  7151  8486 I MediaCodecLogger: updatePTSTime [SW.audio.mp4a] First PTS after Flush or reset = 1000000000000
07-17 05:20:12.202  7151  8486 I MediaCodecLogger: [ASAP] SW.audio.mp4a Got First Frame Ready 23054744(48)
07-17 05:20:12.206  7151  8477 I MediaCodecLogger: updateFormatChanged width = 1920 height = 1080
07-17 05:20:12.208  7151  8472 I android.media.AudioTrack: AUDIOINFO: audio_input: format: 2 sample_rate: 44100 channels: 2 AudioAttributes: AudioAttributes: usage=USAGE_MEDIA content=CONTENT_TYPE_MUSIC flags=0x200 tags= bundle=null
07-17 05:20:12.209  7151  8477 I MediaCodecLogger: updatePTSTime [HW.video.avc] First PTS after Flush or reset = 1000000046000
07-17 05:20:12.209  7151  8477 I MediaCodecLogger: [ASAP] HW.video.avc Got First Frame Ready 23054752(59)
07-17 05:20:12.234  7151  8477 I MediaCodecLogger: Rendering first frame after starting or flushing.
07-17 05:20:12.234  7151  8477 I MediaCodecLogger: [ASAP] HW.video.avc Got First Frame Render 23054777(84)
07-17 05:20:12.234  7151  8477 I MediaCodecLogger: App sets Timestamps for render in SurfaceFlinger
07-17 05:20:12.776  7151  8477 I MediaCodecLogger: 7151.HW.video.avc Resolution change from 0x0 to 1920x1080 took = 6
07-17 05:20:12.951  7151  7161 I vision.svplaye: Background concurrent copying GC freed 177731(6MB) AllocSpace objects, 10(440KB) LOS objects, 15% free, 33MB/39MB, paused 274us total 777.996ms
07-17 05:20:13.597  7151  7161 I vision.svplaye: Background concurrent copying GC freed 101512(3MB) AllocSpace objects, 0(0B) LOS objects, 12% free, 41MB/47MB, paused 321us total 414.982ms
