07-17 03:47:25.177 30630 32331 I chatty  : uid=10247(com.smartvision.svplayer) identical 2 lines
07-17 03:47:25.209 30630 32331 E FrameEvents: updateAcquireFence: Did not find frame.
07-17 03:47:25.229 30630 30755 E libc    : Access denied finding property "vendor.dpframework.log.enable"
07-17 03:47:25.230 30630 30755 I chatty  : uid=10247(com.smartvision.svplayer) RenderThread identical 16 lines
07-17 03:47:25.230 30630 30755 E libc    : Access denied finding property "vendor.dpframework.log.enable"
07-17 03:47:25.230 30630 30755 E libc    : Access denied finding property "vendor.dpframework.dumpbuffer.checksum"
07-17 03:47:25.230 30630 30755 E libc    : Access denied finding property "vendor.dpframework.dumpbuffer.enable"
07-17 03:47:25.230 30630 32331 E FrameEvents: updateAcquireFence: Did not find frame.
07-17 03:47:25.235 30630 30755 E libc    : Access denied finding property "vendor.dpframework.log.enable"
07-17 03:47:25.236 30630 30755 I chatty  : uid=10247(com.smartvision.svplayer) RenderThread identical 16 lines
07-17 03:47:25.236 30630 30755 E libc    : Access denied finding property "vendor.dpframework.log.enable"
07-17 03:47:25.236 30630 30755 E libc    : Access denied finding property "vendor.dpframework.dumpbuffer.checksum"
07-17 03:47:25.236 30630 30755 E libc    : Access denied finding property "vendor.dpframework.dumpbuffer.enable"
07-17 03:47:25.240 30630 32331 E FrameEvents: updateAcquireFence: Did not find frame.
07-17 03:47:25.241 30630 30630 I SVHomeFocus: scroll end target=categories value=0
07-17 03:47:25.262 30630 32331 E FrameEvents: updateAcquireFence: Did not find frame.
07-17 03:47:25.272 30630 32331 E FrameEvents: updateAcquireFence: Did not find frame.
07-17 03:47:25.280 30630 30630 I SVHomeFocus: focus requested target=categories
07-17 03:47:25.292 30630 32331 E FrameEvents: updateAcquireFence: Did not find frame.
07-17 03:47:25.323 30630 32331 E FrameEvents: updateAcquireFence: Did not find frame.
07-17 03:47:25.327 30630 30755 E libc    : Access denied finding property "vendor.dpframework.log.enable"
07-17 03:47:25.328 30630 30755 I chatty  : uid=10247(com.smartvision.svplayer) RenderThread identical 16 lines
07-17 03:47:25.328 30630 30755 E libc    : Access denied finding property "vendor.dpframework.log.enable"
07-17 03:47:25.328 30630 30755 E libc    : Access denied finding property "vendor.dpframework.dumpbuffer.checksum"
07-17 03:47:25.328 30630 30755 E libc    : Access denied finding property "vendor.dpframework.dumpbuffer.enable"
07-17 03:47:25.340 30630 32326 I MediaCodecLogger: Flushing: 30630.HW.video.avc.framerate = 50.000 fps
07-17 03:47:25.346 30630 30630 I ExoPlayerImpl: Release da3579d [AndroidXMedia3/1.6.1] [sheldonp, AFTSSS, Amazon, 28] [media3.common, media3.exoplayer, media3.decoder, media3.datasource, media3.ui, media3.extractor]
07-17 03:47:25.350 30630 30640 I vision.svplaye: Background concurrent copying GC freed 74980(2MB) AllocSpace objects, 0(0B) LOS objects, 22% free, 21MB/27MB, paused 203us total 190.112ms
07-17 03:47:25.378 30630 32352 E libc    : Access denied finding property "media.metrics.enabled"
07-17 03:47:25.376 30630 30630 W ExoPlayer:Audio: type=1400 audit(0.0:115951): avc: denied { read } for name="u:object_r:media_prop:s0" dev="tmpfs" ino=169 scontext=u:r:untrusted_app:s0:c247,c256,c512,c768 tcontext=u:object_r:media_prop:s0 tclass=file permissive=0
07-17 03:47:25.397 30630 32326 I MediaCodecLogger: 30630.HW.video.avc.ASAP-P2Ms = 12
07-17 03:47:25.397 30630 32326 I MediaCodecLogger: 30630.HW.video.avc.ASAP-P3Ms = 30
07-17 03:47:25.397 30630 32326 I MediaCodecLogger: 30630.HW.video.avc.FirstFrameReadyMs = 162
07-17 03:47:25.396 30630 30630 W ExoPlayer:Playb: type=1400 audit(0.0:115952): avc: denied { read } for name="u:object_r:media_prop:s0" dev="tmpfs" ino=169 scontext=u:r:untrusted_app:s0:c247,c256,c512,c768 tcontext=u:object_r:media_prop:s0 tclass=file permissive=0
07-17 03:47:25.399 30630 32326 E libc    : Access denied finding property "media.metrics.enabled"
07-17 03:47:25.396 30630 30630 W ExoPlayer:Playb: type=1400 audit(0.0:115953): avc: denied { read } for name="u:object_r:media_prop:s0" dev="tmpfs" ino=169 scontext=u:r:untrusted_app:s0:c247,c256,c512,c768 tcontext=u:object_r:media_prop:s0 tclass=file permissive=0
07-17 03:47:25.406 30630 32326 E libc    : Access denied finding property "media.metrics.enabled"
07-17 03:47:27.141 30630 30640 I vision.svplaye: Background concurrent copying GC freed 186255(6MB) AllocSpace objects, 138(9MB) LOS objects, 33% free, 12MB/18MB, paused 167us total 191.578ms
07-17 03:47:28.930 30630 30640 I vision.svplaye: Background concurrent copying GC freed 198847(6MB) AllocSpace objects, 9(300KB) LOS objects, 34% free, 11MB/17MB, paused 194us total 167.434ms
07-17 03:47:30.733 30630 30640 I vision.svplaye: Background concurrent copying GC freed 193275(6MB) AllocSpace objects, 0(0B) LOS objects, 34% free, 11MB/17MB, paused 248us total 182.032ms
07-17 03:47:32.531 30630 30640 I vision.svplaye: Background concurrent copying GC freed 193293(6MB) AllocSpace objects, 0(0B) LOS objects, 34% free, 11MB/17MB, paused 224us total 167.897ms
07-17 03:47:34.352 30630 30640 I vision.svplaye: Background concurrent copying GC freed 192269(6MB) AllocSpace objects, 0(0B) LOS objects, 34% free, 11MB/17MB, paused 285us total 201.813ms
07-17 03:47:36.150 30630 30640 I vision.svplaye: Background concurrent copying GC freed 196503(6MB) AllocSpace objects, 0(0B) LOS objects, 34% free, 11MB/17MB, paused 162us total 172.751ms
07-17 03:47:37.915 30630 30640 I vision.svplaye: Background concurrent copying GC freed 192184(6MB) AllocSpace objects, 0(0B) LOS objects, 34% free, 11MB/17MB, paused 200us total 163.371ms
07-17 03:47:39.618 30630 30640 I vision.svplaye: Background concurrent copying GC freed 195179(6MB) AllocSpace objects, 0(0B) LOS objects, 34% free, 11MB/17MB, paused 179us total 169.549ms
07-17 03:47:41.312 30630 30640 I vision.svplaye: Background concurrent copying GC freed 195682(6MB) AllocSpace objects, 0(0B) LOS objects, 34% free, 11MB/17MB, paused 127us total 161.667ms
07-17 03:47:43.013 30630 30640 I vision.svplaye: Background concurrent copying GC freed 194391(6MB) AllocSpace objects, 0(0B) LOS objects, 34% free, 11MB/17MB, paused 243us total 168.672ms
07-17 03:47:44.731 30630 30640 I vision.svplaye: Background concurrent copying GC freed 196405(6MB) AllocSpace objects, 0(0B) LOS objects, 34% free, 11MB/17MB, paused 160us total 165.141ms
07-17 03:47:46.432 30630 30640 I vision.svplaye: Background concurrent copying GC freed 196005(6MB) AllocSpace objects, 0(0B) LOS objects, 34% free, 11MB/17MB, paused 178us total 163.605ms
07-17 03:47:48.137 30630 30640 I vision.svplaye: Background concurrent copying GC freed 191007(6MB) AllocSpace objects, 0(0B) LOS objects, 34% free, 11MB/17MB, paused 190us total 184.736ms
