--------- beginning of main
07-21 20:46:42.420 15386 22786 I CameraManagerGlobal: Connecting to camera service
07-21 20:46:42.421 15386 22786 E CameraManagerGlobal: Camera service is unavailable
07-21 20:46:43.421 15386 22786 I CameraManagerGlobal: Connecting to camera service
07-21 20:46:43.421 15386 22786 E CameraManagerGlobal: Camera service is unavailable
07-21 20:46:43.509 15386 15403 I vision.svplaye: Background concurrent copying GC freed 201653(6MB) AllocSpace objects, 0(0B) LOS objects, 20% free, 23MB/29MB, paused 233us total 258.571ms
07-21 20:46:44.422 15386 22786 I CameraManagerGlobal: Connecting to camera service
07-21 20:46:44.422 15386 22786 E CameraManagerGlobal: Camera service is unavailable
07-21 20:46:45.422 15386 22786 I CameraManagerGlobal: Connecting to camera service
07-21 20:46:45.423 15386 22786 E CameraManagerGlobal: Camera service is unavailable
07-21 20:46:45.454 15386 15403 I vision.svplaye: Background concurrent copying GC freed 203037(6MB) AllocSpace objects, 0(0B) LOS objects, 20% free, 23MB/29MB, paused 154us total 263.843ms
07-21 20:46:46.423 15386 22786 I CameraManagerGlobal: Connecting to camera service
07-21 20:46:46.423 15386 22786 E CameraManagerGlobal: Camera service is unavailable
07-21 20:46:47.401 15386 15403 I vision.svplaye: Background concurrent copying GC freed 201805(6MB) AllocSpace objects, 0(0B) LOS objects, 20% free, 23MB/29MB, paused 178us total 261.837ms
07-21 20:46:47.424 15386 22786 I CameraManagerGlobal: Connecting to camera service
07-21 20:46:47.424 15386 22786 E CameraManagerGlobal: Camera service is unavailable
07-21 20:46:48.424 15386 22786 I CameraManagerGlobal: Connecting to camera service
07-21 20:46:48.425 15386 22786 E CameraManagerGlobal: Camera service is unavailable
07-21 20:46:49.341 15386 15403 I vision.svplaye: Background concurrent copying GC freed 202081(6MB) AllocSpace objects, 0(0B) LOS objects, 20% free, 23MB/29MB, paused 195us total 262.442ms
07-21 20:46:49.425 15386 22786 I CameraManagerGlobal: Connecting to camera service
07-21 20:46:49.426 15386 22786 E CameraManagerGlobal: Camera service is unavailable
07-21 20:46:49.456 15386 15386 I SVStartup: state localReady=true checking=false activated=true playableSource=true route=profile
07-21 20:46:49.734 15386 15393 I vision.svplaye: JIT allocated 52KB for stack maps of void com.smartvision.svplayer.ui.profile.ProfileAreaScreenKt.ProfileAreaScreen(com.smartvision.svplayer.ui.i18n.SmartVisionStrings, com.smartvision.svplayer.ui.profile.ProfileAreaDestination, com.smartvision.svplayer.ui.profile.ProfileUiState, com.smartvision.svplayer.domain.model.SyncStatus, com.smartvision.svplayer.domain.model.PlayerSettings, com.smartvision.svplayer.domain.model.ParentalControlScope, java.lang.Integer, boolean, boolean, boolean, com.smartvision.svplayer.ui.profile.ParentalControlUiState, com.smartvision.svplayer.ui.profile.ParentalControlViewModel, java.lang.String, java.util.List, boolean, boolean, int, com.smartvision.svplayer.domain.access.PremiumFeatureGateResult, boolean, kotlin.jvm.functions.Function1, kotlin.jvm.functions.Function1, kotlin.jvm.functions.Function0, kotlin.jvm.functions.Function0, kotlin.jvm.functions.Function0, kotlin.jvm.functions.Function0, kotlin.jvm.functions.Function1, kotlin.jvm.functions.Function0, kotlin.jvm.functions.Fu
07-21 20:46:49.740 15386 15393 I vision.svplaye: Compiler allocated 4MB to compile void com.smartvision.svplayer.ui.profile.ProfileAreaScreenKt.ProfileAreaScreen(com.smartvision.svplayer.ui.i18n.SmartVisionStrings, com.smartvision.svplayer.ui.profile.ProfileAreaDestination, com.smartvision.svplayer.ui.profile.ProfileUiState, com.smartvision.svplayer.domain.model.SyncStatus, com.smartvision.svplayer.domain.model.PlayerSettings, com.smartvision.svplayer.domain.model.ParentalControlScope, java.lang.Integer, boolean, boolean, boolean, com.smartvision.svplayer.ui.profile.ParentalControlUiState, com.smartvision.svplayer.ui.profile.ParentalControlViewModel, java.lang.String, java.util.List, boolean, boolean, int, com.smartvision.svplayer.domain.access.PremiumFeatureGateResult, boolean, kotlin.jvm.functions.Function1, kotlin.jvm.functions.Function1, kotlin.jvm.functions.Function0, kotlin.jvm.functions.Function0, kotlin.jvm.functions.Function0, kotlin.jvm.functions.Function0, kotlin.jvm.functions.Function1, kotlin.jvm.functions.Function0, kotlin.jvm.functions.Funct
07-21 20:46:49.935 15386 15403 I vision.svplaye: NativeAlloc concurrent copying GC freed 43310(1584KB) AllocSpace objects, 2(104KB) LOS objects, 19% free, 24MB/30MB, paused 206us total 269.007ms
07-21 20:46:50.419 15386 15393 I vision.svplaye: JIT allocated 52KB for stack maps of void com.smartvision.svplayer.ui.profile.ProfileAreaScreenKt.ProfileAreaScreen(com.smartvision.svplayer.ui.i18n.SmartVisionStrings, com.smartvision.svplayer.ui.profile.ProfileAreaDestination, com.smartvision.svplayer.ui.profile.ProfileUiState, com.smartvision.svplayer.domain.model.SyncStatus, com.smartvision.svplayer.domain.model.PlayerSettings, com.smartvision.svplayer.domain.model.ParentalControlScope, java.lang.Integer, boolean, boolean, boolean, com.smartvision.svplayer.ui.profile.ParentalControlUiState, com.smartvision.svplayer.ui.profile.ParentalControlViewModel, java.lang.String, java.util.List, boolean, boolean, int, com.smartvision.svplayer.domain.access.PremiumFeatureGateResult, boolean, kotlin.jvm.functions.Function1, kotlin.jvm.functions.Function1, kotlin.jvm.functions.Function0, kotlin.jvm.functions.Function0, kotlin.jvm.functions.Function0, kotlin.jvm.functions.Function0, kotlin.jvm.functions.Function1, kotlin.jvm.functions.Function0, kotlin.jvm.functions.Fu
07-21 20:46:50.426 15386 15393 I vision.svplaye: Compiler allocated 4MB to compile void com.smartvision.svplayer.ui.profile.ProfileAreaScreenKt.ProfileAreaScreen(com.smartvision.svplayer.ui.i18n.SmartVisionStrings, com.smartvision.svplayer.ui.profile.ProfileAreaDestination, com.smartvision.svplayer.ui.profile.ProfileUiState, com.smartvision.svplayer.domain.model.SyncStatus, com.smartvision.svplayer.domain.model.PlayerSettings, com.smartvision.svplayer.domain.model.ParentalControlScope, java.lang.Integer, boolean, boolean, boolean, com.smartvision.svplayer.ui.profile.ParentalControlUiState, com.smartvision.svplayer.ui.profile.ParentalControlViewModel, java.lang.String, java.util.List, boolean, boolean, int, com.smartvision.svplayer.domain.access.PremiumFeatureGateResult, boolean, kotlin.jvm.functions.Function1, kotlin.jvm.functions.Function1, kotlin.jvm.functions.Function0, kotlin.jvm.functions.Function0, kotlin.jvm.functions.Function0, kotlin.jvm.functions.Function0, kotlin.jvm.functions.Function1, kotlin.jvm.functions.Function0, kotlin.jvm.functions.Funct
07-21 20:46:50.426 15386 22786 I CameraManagerGlobal: Connecting to camera service
07-21 20:46:50.427 15386 22786 E CameraManagerGlobal: Camera service is unavailable
07-21 20:46:51.427 15386 22786 I CameraManagerGlobal: Connecting to camera service
07-21 20:46:51.427 15386 22786 E CameraManagerGlobal: Camera service is unavailable
07-21 20:46:51.911 15386 15403 I vision.svplaye: Background concurrent copying GC freed 193875(6MB) AllocSpace objects, 1(24KB) LOS objects, 19% free, 24MB/30MB, paused 265us total 273.555ms
07-21 20:46:52.428 15386 22786 I CameraManagerGlobal: Connecting to camera service
07-21 20:46:52.428 15386 22786 E CameraManagerGlobal: Camera service is unavailable
07-21 20:46:53.428 15386 22786 I CameraManagerGlobal: Connecting to camera service
07-21 20:46:53.429 15386 22786 E CameraManagerGlobal: Camera service is unavailable
07-21 20:46:53.745 15386 15403 I vision.svplaye: Background concurrent copying GC freed 233963(6MB) AllocSpace objects, 0(0B) LOS objects, 20% free, 23MB/29MB, paused 236us total 279.382ms
07-21 20:46:54.429 15386 22786 I CameraManagerGlobal: Connecting to camera service
07-21 20:46:54.429 15386 22786 E CameraManagerGlobal: Camera service is unavailable
07-21 20:46:55.412 15386 15403 I vision.svplaye: Background concurrent copying GC freed 219326(6MB) AllocSpace objects, 0(0B) LOS objects, 20% free, 23MB/29MB, paused 206us total 254.756ms
07-21 20:46:55.430 15386 22786 I CameraManagerGlobal: Connecting to camera service
07-21 20:46:55.430 15386 22786 E CameraManagerGlobal: Camera service is unavailable
07-21 20:46:56.430 15386 22786 I CameraManagerGlobal: Connecting to camera service
07-21 20:46:56.431 15386 22786 E CameraManagerGlobal: Camera service is unavailable
07-21 20:46:57.102 15386 15403 I vision.svplaye: Background concurrent copying GC freed 216962(6MB) AllocSpace objects, 0(0B) LOS objects, 20% free, 23MB/29MB, paused 412us total 251.999ms
07-21 20:46:57.431 15386 22786 I CameraManagerGlobal: Connecting to camera service
07-21 20:46:57.431 15386 22786 E CameraManagerGlobal: Camera service is unavailable
07-21 20:46:58.432 15386 22786 I CameraManagerGlobal: Connecting to camera service
07-21 20:46:58.432 15386 22786 E CameraManagerGlobal: Camera service is unavailable
07-21 20:46:58.798 15386 15403 I vision.svplaye: Background concurrent copying GC freed 217168(6MB) AllocSpace objects, 0(0B) LOS objects, 20% free, 23MB/29MB, paused 219us total 250.360ms
07-21 20:46:59.432 15386 22786 I CameraManagerGlobal: Connecting to camera service
07-21 20:46:59.433 15386 22786 E CameraManagerGlobal: Camera service is unavailable
07-21 20:47:00.433 15386 22786 I CameraManagerGlobal: Connecting to camera service
07-21 20:47:00.434 15386 22786 E CameraManagerGlobal: Camera service is unavailable
07-21 20:47:00.596 15386 15403 I vision.svplaye: Background concurrent copying GC freed 217883(6MB) AllocSpace objects, 0(0B) LOS objects, 20% free, 23MB/29MB, paused 583us total 271.635ms
07-21 20:47:01.434 15386 22786 I CameraManagerGlobal: Connecting to camera service
07-21 20:47:01.434 15386 22786 E CameraManagerGlobal: Camera service is unavailable
07-21 20:47:02.275 15386 15403 I vision.svplaye: Background concurrent copying GC freed 220032(6MB) AllocSpace objects, 0(0B) LOS objects, 20% free, 23MB/29MB, paused 217us total 262.901ms
07-21 20:47:02.435 15386 22786 I CameraManagerGlobal: Connecting to camera service
07-21 20:47:02.436 15386 22786 E CameraManagerGlobal: Camera service is unavailable
07-21 20:47:03.436 15386 22786 I CameraManagerGlobal: Connecting to camera service
07-21 20:47:03.436 15386 22786 E CameraManagerGlobal: Camera service is unavailable
07-21 20:47:04.073 15386 15403 I vision.svplaye: Background concurrent copying GC freed 217083(6MB) AllocSpace objects, 0(0B) LOS objects, 20% free, 23MB/29MB, paused 209us total 282.497ms
07-21 20:47:04.437 15386 22786 I CameraManagerGlobal: Connecting to camera service
07-21 20:47:04.437 15386 22786 E CameraManagerGlobal: Camera service is unavailable
07-21 20:47:05.437 15386 22786 I CameraManagerGlobal: Connecting to camera service
07-21 20:47:05.437 15386 22786 E CameraManagerGlobal: Camera service is unavailable
07-21 20:47:05.869 15386 15403 I vision.svplaye: Background concurrent copying GC freed 213979(6MB) AllocSpace objects, 1(20KB) LOS objects, 20% free, 23MB/29MB, paused 208us total 271.359ms
07-21 20:47:06.438 15386 22786 I CameraManagerGlobal: Connecting to camera service
07-21 20:47:06.438 15386 22786 E CameraManagerGlobal: Camera service is unavailable
07-21 20:47:07.438 15386 22786 I CameraManagerGlobal: Connecting to camera service
07-21 20:47:07.439 15386 22786 E CameraManagerGlobal: Camera service is unavailable
07-21 20:47:07.619 15386 15403 I vision.svplaye: Background concurrent copying GC freed 217187(6MB) AllocSpace objects, 0(0B) LOS objects, 20% free, 23MB/29MB, paused 196us total 249.105ms
07-21 20:47:08.439 15386 22786 I CameraManagerGlobal: Connecting to camera service
07-21 20:47:08.440 15386 22786 E CameraManagerGlobal: Camera service is unavailable
07-21 20:47:09.424 15386 15403 I vision.svplaye: Background concurrent copying GC freed 214458(6MB) AllocSpace objects, 0(0B) LOS objects, 20% free, 23MB/29MB, paused 191us total 272.163ms
07-21 20:47:09.440 15386 22786 I CameraManagerGlobal: Connecting to camera service
07-21 20:47:09.440 15386 22786 E CameraManagerGlobal: Camera service is unavailable
07-21 20:47:10.441 15386 22786 I CameraManagerGlobal: Connecting to camera service
07-21 20:47:10.441 15386 22786 E CameraManagerGlobal: Camera service is unavailable
07-21 20:47:11.261 15386 15403 I vision.svplaye: Background concurrent copying GC freed 216303(6MB) AllocSpace objects, 0(0B) LOS objects, 20% free, 23MB/29MB, paused 194us total 251.214ms
07-21 20:47:11.441 15386 22786 I CameraManagerGlobal: Connecting to camera service
07-21 20:47:11.442 15386 22786 E CameraManagerGlobal: Camera service is unavailable
07-21 20:47:12.442 15386 22786 I CameraManagerGlobal: Connecting to camera service
07-21 20:47:12.442 15386 22786 E CameraManagerGlobal: Camera service is unavailable
07-21 20:47:13.040 15386 15403 I vision.svplaye: Background concurrent copying GC freed 213023(6MB) AllocSpace objects, 0(0B) LOS objects, 20% free, 23MB/29MB, paused 190us total 250.192ms
07-21 20:47:13.442 15386 22786 I CameraManagerGlobal: Connecting to camera service
07-21 20:47:13.443 15386 22786 E CameraManagerGlobal: Camera service is unavailable
07-21 20:47:14.443 15386 22786 I CameraManagerGlobal: Connecting to camera service
07-21 20:47:14.444 15386 22786 E CameraManagerGlobal: Camera service is unavailable
07-21 20:47:14.796 15386 15403 I vision.svplaye: Background concurrent copying GC freed 213271(6MB) AllocSpace objects, 0(0B) LOS objects, 20% free, 23MB/29MB, paused 253us total 253.657ms
07-21 20:47:15.444 15386 22786 I CameraManagerGlobal: Connecting to camera service
07-21 20:47:15.444 15386 22786 E CameraManagerGlobal: Camera service is unavailable
07-21 20:47:16.445 15386 22786 I CameraManagerGlobal: Connecting to camera service
07-21 20:47:16.445 15386 22786 E CameraManagerGlobal: Camera service is unavailable
07-21 20:47:16.556 15386 15403 I vision.svplaye: Background concurrent copying GC freed 213270(6MB) AllocSpace objects, 0(0B) LOS objects, 20% free, 23MB/29MB, paused 180us total 248.311ms
07-21 20:47:17.445 15386 22786 I CameraManagerGlobal: Connecting to camera service
07-21 20:47:17.446 15386 22786 E CameraManagerGlobal: Camera service is unavailable
07-21 20:47:18.330 15386 15403 I vision.svplaye: Background concurrent copying GC freed 215570(6MB) AllocSpace objects, 0(0B) LOS objects, 20% free, 23MB/29MB, paused 195us total 252.512ms
07-21 20:47:18.446 15386 22786 I CameraManagerGlobal: Connecting to camera service
07-21 20:47:18.447 15386 22786 E CameraManagerGlobal: Camera service is unavailable
07-21 20:47:19.447 15386 22786 I CameraManagerGlobal: Connecting to camera service
07-21 20:47:19.447 15386 22786 E CameraManagerGlobal: Camera service is unavailable
07-21 20:47:20.102 15386 15403 I vision.svplaye: Background concurrent copying GC freed 214037(6MB) AllocSpace objects, 0(0B) LOS objects, 20% free, 23MB/29MB, paused 180us total 253.271ms
07-21 20:47:20.448 15386 22786 I CameraManagerGlobal: Connecting to camera service
07-21 20:47:20.448 15386 22786 E CameraManagerGlobal: Camera service is unavailable
07-21 20:47:21.448 15386 22786 I CameraManagerGlobal: Connecting to camera service
07-21 20:47:21.449 15386 22786 E CameraManagerGlobal: Camera service is unavailable
07-21 20:47:21.874 15386 15403 I vision.svplaye: Background concurrent copying GC freed 213601(6MB) AllocSpace objects, 0(0B) LOS objects, 20% free, 23MB/29MB, paused 171us total 250.027ms
07-21 20:47:22.449 15386 22786 I CameraManagerGlobal: Connecting to camera service
07-21 20:47:22.449 15386 22786 E CameraManagerGlobal: Camera service is unavailable
07-21 20:47:23.450 15386 22786 I CameraManagerGlobal: Connecting to camera service
07-21 20:47:23.450 15386 22786 E CameraManagerGlobal: Camera service is unavailable
07-21 20:47:23.751 15386 15403 I vision.svplaye: Background concurrent copying GC freed 211509(6MB) AllocSpace objects, 0(0B) LOS objects, 20% free, 23MB/29MB, paused 191us total 270.313ms
07-21 20:47:24.451 15386 22786 I CameraManagerGlobal: Connecting to camera service
07-21 20:47:24.451 15386 22786 E CameraManagerGlobal: Camera service is unavailable
07-21 20:47:25.451 15386 22786 I CameraManagerGlobal: Connecting to camera service
07-21 20:47:25.452 15386 22786 E CameraManagerGlobal: Camera service is unavailable
07-21 20:47:25.590 15386 15403 I vision.svplaye: Background concurrent copying GC freed 215454(6MB) AllocSpace objects, 0(0B) LOS objects, 20% free, 23MB/29MB, paused 200us total 268.236ms
07-21 20:47:25.666 15386 15386 I SVStartup: state localReady=true checking=false activated=true playableSource=true route=profile/manage
07-21 20:47:25.965 15386 15403 I vision.svplaye: NativeAlloc concurrent copying GC freed 33207(1137KB) AllocSpace objects, 0(0B) LOS objects, 20% free, 23MB/29MB, paused 180us total 255.263ms
07-21 20:47:26.243 15386 15386 I Choreographer: Skipped 33 frames!  The application may be doing too much work on its main thread.
07-21 20:47:26.300 15386 15403 I vision.svplaye: NativeAlloc concurrent copying GC freed 4413(272KB) AllocSpace objects, 3(128KB) LOS objects, 20% free, 23MB/29MB, paused 185us total 298.746ms
07-21 20:47:26.452 15386 22786 I CameraManagerGlobal: Connecting to camera service
07-21 20:47:26.453 15386 22786 E CameraManagerGlobal: Camera service is unavailable
07-21 20:47:26.773 15386 15403 I vision.svplaye: NativeAlloc concurrent copying GC freed 17307(901KB) AllocSpace objects, 0(0B) LOS objects, 19% free, 24MB/30MB, paused 236us total 279.861ms
07-21 20:47:27.453 15386 22786 I CameraManagerGlobal: Connecting to camera service
07-21 20:47:27.453 15386 22786 E CameraManagerGlobal: Camera service is unavailable
07-21 20:47:28.454 15386 22786 I CameraManagerGlobal: Connecting to camera service
07-21 20:47:28.455 15386 22786 E CameraManagerGlobal: Camera service is unavailable
07-21 20:47:28.669 15386 15403 I vision.svplaye: Background concurrent copying GC freed 217709(6MB) AllocSpace objects, 0(0B) LOS objects, 20% free, 23MB/29MB, paused 509us total 282.047ms
07-21 20:47:29.455 15386 22786 I CameraManagerGlobal: Connecting to camera service
07-21 20:47:29.455 15386 22786 E CameraManagerGlobal: Camera service is unavailable
07-21 20:47:30.456 15386 22786 I CameraManagerGlobal: Connecting to camera service
07-21 20:47:30.456 15386 22786 E CameraManagerGlobal: Camera service is unavailable
07-21 20:47:30.471 15386 15403 I vision.svplaye: Background concurrent copying GC freed 214643(6MB) AllocSpace objects, 0(0B) LOS objects, 20% free, 23MB/29MB, paused 202us total 266.936ms
07-21 20:47:31.457 15386 22786 I CameraManagerGlobal: Connecting to camera service
07-21 20:47:31.457 15386 22786 E CameraManagerGlobal: Camera service is unavailable
07-21 20:47:32.134 15386 15403 I vision.svplaye: Background concurrent copying GC freed 218883(6MB) AllocSpace objects, 0(0B) LOS objects, 20% free, 23MB/29MB, paused 280us total 271.934ms
07-21 20:47:32.457 15386 22786 I CameraManagerGlobal: Connecting to camera service
07-21 20:47:32.458 15386 22786 E CameraManagerGlobal: Camera service is unavailable
07-21 20:47:33.458 15386 22786 I CameraManagerGlobal: Connecting to camera service
07-21 20:47:33.458 15386 22786 E CameraManagerGlobal: Camera service is unavailable
07-21 20:47:33.832 15386 15403 I vision.svplaye: Background concurrent copying GC freed 220992(6MB) AllocSpace objects, 0(0B) LOS objects, 20% free, 23MB/29MB, paused 196us total 268.147ms
07-21 20:47:34.459 15386 22786 I CameraManagerGlobal: Connecting to camera service
07-21 20:47:34.459 15386 22786 E CameraManagerGlobal: Camera service is unavailable
07-21 20:47:35.459 15386 22786 I CameraManagerGlobal: Connecting to camera service
07-21 20:47:35.460 15386 22786 E CameraManagerGlobal: Camera service is unavailable
07-21 20:47:35.488 15386 15403 I vision.svplaye: Background concurrent copying GC freed 219051(6MB) AllocSpace objects, 0(0B) LOS objects, 20% free, 23MB/29MB, paused 171us total 254.548ms
07-21 20:47:36.460 15386 22786 I CameraManagerGlobal: Connecting to camera service
07-21 20:47:36.460 15386 22786 E CameraManagerGlobal: Camera service is unavailable
07-21 20:47:37.158 15386 15403 I vision.svplaye: Background concurrent copying GC freed 219612(6MB) AllocSpace objects, 0(0B) LOS objects, 20% free, 23MB/29MB, paused 207us total 267.481ms
07-21 20:47:37.461 15386 22786 I CameraManagerGlobal: Connecting to camera service
07-21 20:47:37.461 15386 22786 E CameraManagerGlobal: Camera service is unavailable
07-21 20:47:38.461 15386 22786 I CameraManagerGlobal: Connecting to camera service
07-21 20:47:38.462 15386 22786 E CameraManagerGlobal: Camera service is unavailable
07-21 20:47:38.817 15386 15403 I vision.svplaye: Background concurrent copying GC freed 220042(6MB) AllocSpace objects, 0(0B) LOS objects, 20% free, 23MB/29MB, paused 192us total 263.638ms
07-21 20:47:39.462 15386 22786 I CameraManagerGlobal: Connecting to camera service
07-21 20:47:39.463 15386 22786 E CameraManagerGlobal: Camera service is unavailable
07-21 20:47:40.463 15386 22786 I CameraManagerGlobal: Connecting to camera service
07-21 20:47:40.464 15386 22786 E CameraManagerGlobal: Camera service is unavailable
07-21 20:47:40.652 15386 15403 I vision.svplaye: Background concurrent copying GC freed 215679(6MB) AllocSpace objects, 1(20KB) LOS objects, 20% free, 23MB/29MB, paused 258us total 268.961ms
07-21 20:47:41.464 15386 22786 I CameraManagerGlobal: Connecting to camera service
07-21 20:47:41.465 15386 22786 E CameraManagerGlobal: Camera service is unavailable
07-21 20:47:42.429 15386 15403 I vision.svplaye: Background concurrent copying GC freed 217371(6MB) AllocSpace objects, 0(0B) LOS objects, 20% free, 23MB/29MB, paused 175us total 270.249ms
07-21 20:47:42.465 15386 22786 I CameraManagerGlobal: Connecting to camera service
07-21 20:47:42.465 15386 22786 E CameraManagerGlobal: Camera service is unavailable
07-21 20:47:43.466 15386 22786 I CameraManagerGlobal: Connecting to camera service
07-21 20:47:43.466 15386 22786 E CameraManagerGlobal: Camera service is unavailable
07-21 20:47:44.228 15386 15403 I vision.svplaye: Background concurrent copying GC freed 215734(6MB) AllocSpace objects, 0(0B) LOS objects, 20% free, 23MB/29MB, paused 168us total 268.538ms
07-21 20:47:44.466 15386 22786 I CameraManagerGlobal: Connecting to camera service
07-21 20:47:44.467 15386 22786 E CameraManagerGlobal: Camera service is unavailable
07-21 20:47:45.468 15386 22786 I CameraManagerGlobal: Connecting to camera service
07-21 20:47:45.468 15386 22786 E CameraManagerGlobal: Camera service is unavailable
07-21 20:47:46.003 15386 15403 I vision.svplaye: Background concurrent copying GC freed 216098(6MB) AllocSpace objects, 0(0B) LOS objects, 20% free, 23MB/29MB, paused 201us total 279.991ms
07-21 20:47:46.469 15386 22786 I CameraManagerGlobal: Connecting to camera service
07-21 20:47:46.469 15386 22786 E CameraManagerGlobal: Camera service is unavailable
07-21 20:47:47.470 15386 22786 I CameraManagerGlobal: Connecting to camera service
07-21 20:47:47.470 15386 22786 E CameraManagerGlobal: Camera service is unavailable
07-21 20:47:47.769 15386 15403 I vision.svplaye: Background concurrent copying GC freed 217749(6MB) AllocSpace objects, 0(0B) LOS objects, 20% free, 23MB/29MB, paused 202us total 271.742ms
07-21 20:47:48.471 15386 22786 I CameraManagerGlobal: Connecting to camera service
07-21 20:47:48.471 15386 22786 E CameraManagerGlobal: Camera service is unavailable
07-21 20:47:49.472 15386 22786 I CameraManagerGlobal: Connecting to camera service
07-21 20:47:49.472 15386 22786 E CameraManagerGlobal: Camera service is unavailable
07-21 20:47:49.495 15386 15403 I vision.svplaye: Background concurrent copying GC freed 217635(6MB) AllocSpace objects, 0(0B) LOS objects, 20% free, 23MB/29MB, paused 209us total 269.515ms
07-21 20:47:50.473 15386 22786 I CameraManagerGlobal: Connecting to camera service
07-21 20:47:50.473 15386 22786 E CameraManagerGlobal: Camera service is unavailable
07-21 20:47:51.249 15386 15403 I vision.svplaye: Background concurrent copying GC freed 217589(6MB) AllocSpace objects, 0(0B) LOS objects, 20% free, 23MB/29MB, paused 214us total 274.280ms
07-21 20:47:51.473 15386 22786 I CameraManagerGlobal: Connecting to camera service
07-21 20:47:51.474 15386 22786 E CameraManagerGlobal: Camera service is unavailable
07-21 20:47:52.474 15386 22786 I CameraManagerGlobal: Connecting to camera service
07-21 20:47:52.475 15386 22786 E CameraManagerGlobal: Camera service is unavailable
07-21 20:47:52.999 15386 15403 I vision.svplaye: Background concurrent copying GC freed 217086(6MB) AllocSpace objects, 0(0B) LOS objects, 20% free, 23MB/29MB, paused 182us total 267.615ms
07-21 20:47:53.475 15386 22786 I CameraManagerGlobal: Connecting to camera service
07-21 20:47:53.475 15386 22786 E CameraManagerGlobal: Camera service is unavailable
07-21 20:47:54.476 15386 22786 I CameraManagerGlobal: Connecting to camera service
07-21 20:47:54.476 15386 22786 E CameraManagerGlobal: Camera service is unavailable
07-21 20:47:54.732 15386 15403 I vision.svplaye: Background concurrent copying GC freed 214625(6MB) AllocSpace objects, 0(0B) LOS objects, 20% free, 23MB/29MB, paused 207us total 274.238ms
07-21 20:47:55.476 15386 22786 I CameraManagerGlobal: Connecting to camera service
07-21 20:47:55.477 15386 22786 E CameraManagerGlobal: Camera service is unavailable
07-21 20:47:56.471 15386 15403 I vision.svplaye: Background concurrent copying GC freed 217773(6MB) AllocSpace objects, 0(0B) LOS objects, 20% free, 23MB/29MB, paused 199us total 259.085ms
07-21 20:47:56.477 15386 22786 I CameraManagerGlobal: Connecting to camera service
07-21 20:47:56.477 15386 22786 E CameraManagerGlobal: Camera service is unavailable
07-21 20:47:57.478 15386 22786 I CameraManagerGlobal: Connecting to camera service
07-21 20:47:57.479 15386 22786 E CameraManagerGlobal: Camera service is unavailable
07-21 20:47:58.264 15386 15403 I vision.svplaye: Background concurrent copying GC freed 214591(6MB) AllocSpace objects, 0(0B) LOS objects, 20% free, 23MB/29MB, paused 206us total 288.196ms
07-21 20:47:58.479 15386 22786 I CameraManagerGlobal: Connecting to camera service
07-21 20:47:58.479 15386 22786 E CameraManagerGlobal: Camera service is unavailable
07-21 20:47:59.479 15386 22786 I CameraManagerGlobal: Connecting to camera service
07-21 20:47:59.480 15386 22786 E CameraManagerGlobal: Camera service is unavailable
07-21 20:48:00.170 15386 15403 I vision.svplaye: Background concurrent copying GC freed 211255(6MB) AllocSpace objects, 0(0B) LOS objects, 20% free, 23MB/29MB, paused 1.123ms total 291.906ms
07-21 20:48:00.480 15386 22786 I CameraManagerGlobal: Connecting to camera service
07-21 20:48:00.481 15386 22786 E CameraManagerGlobal: Camera service is unavailable
07-21 20:48:01.481 15386 22786 I CameraManagerGlobal: Connecting to camera service
07-21 20:48:01.481 15386 22786 E CameraManagerGlobal: Camera service is unavailable
07-21 20:48:01.997 15386 15403 I vision.svplaye: Background concurrent copying GC freed 203823(5MB) AllocSpace objects, 0(0B) LOS objects, 20% free, 23MB/29MB, paused 196us total 267.388ms
07-21 20:48:02.481 15386 22786 I CameraManagerGlobal: Connecting to camera service
07-21 20:48:02.482 15386 22786 E CameraManagerGlobal: Camera service is unavailable
07-21 20:48:03.482 15386 22786 I CameraManagerGlobal: Connecting to camera service
07-21 20:48:03.482 15386 22786 E CameraManagerGlobal: Camera service is unavailable
07-21 20:48:03.855 15386 15403 I vision.svplaye: Background concurrent copying GC freed 216679(6MB) AllocSpace objects, 0(0B) LOS objects, 20% free, 23MB/29MB, paused 199us total 261.332ms
07-21 20:48:04.483 15386 22786 I CameraManagerGlobal: Connecting to camera service
07-21 20:48:04.483 15386 22786 E CameraManagerGlobal: Camera service is unavailable
07-21 20:48:05.483 15386 22786 I CameraManagerGlobal: Connecting to camera service
07-21 20:48:05.484 15386 22786 E CameraManagerGlobal: Camera service is unavailable
07-21 20:48:05.654 15386 15403 I vision.svplaye: Background concurrent copying GC freed 214300(6MB) AllocSpace objects, 0(0B) LOS objects, 20% free, 23MB/29MB, paused 268us total 267.735ms
07-21 20:48:06.484 15386 22786 I CameraManagerGlobal: Connecting to camera service
07-21 20:48:06.484 15386 22786 E CameraManagerGlobal: Camera service is unavailable
07-21 20:48:07.324 15386 15403 I vision.svplaye: Background concurrent copying GC freed 220247(6MB) AllocSpace objects, 0(0B) LOS objects, 20% free, 23MB/29MB, paused 214us total 265.920ms
07-21 20:48:07.485 15386 22786 I CameraManagerGlobal: Connecting to camera service
07-21 20:48:07.485 15386 22786 E CameraManagerGlobal: Camera service is unavailable
07-21 20:48:08.485 15386 22786 I CameraManagerGlobal: Connecting to camera service
07-21 20:48:08.486 15386 22786 E CameraManagerGlobal: Camera service is unavailable
07-21 20:48:08.945 15386 15403 I vision.svplaye: Background concurrent copying GC freed 220340(6MB) AllocSpace objects, 0(0B) LOS objects, 20% free, 23MB/29MB, paused 194us total 257.128ms
07-21 20:48:09.486 15386 22786 I CameraManagerGlobal: Connecting to camera service
07-21 20:48:09.487 15386 22786 E CameraManagerGlobal: Camera service is unavailable
07-21 20:48:10.487 15386 22786 I CameraManagerGlobal: Connecting to camera service
07-21 20:48:10.487 15386 22786 E CameraManagerGlobal: Camera service is unavailable
07-21 20:48:10.576 15386 15403 I vision.svplaye: Background concurrent copying GC freed 220080(6MB) AllocSpace objects, 0(0B) LOS objects, 20% free, 23MB/29MB, paused 214us total 262.525ms
07-21 20:48:11.488 15386 22786 I CameraManagerGlobal: Connecting to camera service
07-21 20:48:11.488 15386 22786 E CameraManagerGlobal: Camera service is unavailable
07-21 20:48:12.207 15386 15403 I vision.svplaye: Background concurrent copying GC freed 221908(6MB) AllocSpace objects, 0(0B) LOS objects, 20% free, 23MB/29MB, paused 209us total 257.117ms
07-21 20:48:12.488 15386 22786 I CameraManagerGlobal: Connecting to camera service
07-21 20:48:12.488 15386 22786 E CameraManagerGlobal: Camera service is unavailable
07-21 20:48:13.489 15386 22786 I CameraManagerGlobal: Connecting to camera service
07-21 20:48:13.489 15386 22786 E CameraManagerGlobal: Camera service is unavailable
07-21 20:48:14.063 15386 15403 I vision.svplaye: Background concurrent copying GC freed 219316(6MB) AllocSpace objects, 0(0B) LOS objects, 20% free, 23MB/29MB, paused 181us total 272.909ms
07-21 20:48:14.490 15386 22786 I CameraManagerGlobal: Connecting to camera service
07-21 20:48:14.490 15386 22786 E CameraManagerGlobal: Camera service is unavailable
07-21 20:48:15.490 15386 22786 I CameraManagerGlobal: Connecting to camera service
07-21 20:48:15.491 15386 22786 E CameraManagerGlobal: Camera service is unavailable
