--------- beginning of main
07-21 20:27:31.310 15386 15403 I chatty  : uid=10247(com.smartvision.svplayer) HeapTaskDaemon expire 10 lines
07-21 20:27:43.583 15386 15386 I chatty  : uid=10247(com.smartvision.svplayer) expire 10 lines
07-21 20:27:43.741 15386 22360 I chatty  : uid=10247(com.smartvision.svplayer) expire 1 line
07-21 20:27:43.869 15386 15393 I chatty  : uid=10247(com.smartvision.svplayer) Jit thread pool expire 3 lines
07-21 20:27:44.342 15386 22472 I chatty  : uid=10247(com.smartvision.svplayer) expire 1 line
07-21 20:27:44.347 15386 22470 I chatty  : uid=10247(com.smartvision.svplayer) expire 1 line
07-21 20:27:44.360 15386 22474 I chatty  : uid=10247(com.smartvision.svplayer) expire 1 line
07-21 20:27:44.396 15386 22475 I chatty  : uid=10247(com.smartvision.svplayer) expire 1 line
07-21 20:27:44.403 15386 22476 I chatty  : uid=10247(com.smartvision.svplayer) expire 1 line
07-21 20:27:49.090 15386 15403 I chatty  : uid=10247(com.smartvision.svplayer) HeapTaskDaemon expire 10 lines
07-21 20:28:00.383 15386 15403 I chatty  : uid=10247(com.smartvision.svplayer) HeapTaskDaemon expire 10 lines
07-21 20:28:11.804 15386 15403 I chatty  : uid=10247(com.smartvision.svplayer) HeapTaskDaemon expire 12 lines
07-21 20:28:15.250 15386 22487 I chatty  : uid=10247(com.smartvision.svplayer) DefaultDispatch expire 1 line
07-21 20:28:22.291 15386 15403 I chatty  : uid=10247(com.smartvision.svplayer) HeapTaskDaemon expire 14 lines
07-21 20:28:23.771 15386 16020 I chatty  : uid=10247(com.smartvision.svplayer) AmazonKeyEventL expire 1 line
07-21 20:28:31.336 15386 22484 I chatty  : uid=10247(com.smartvision.svplayer) DefaultDispatch expire 1 line
07-21 20:28:31.563 15386 22645 I chatty  : uid=10247(com.smartvision.svplayer) expire 2 lines
07-21 20:28:31.578 15386 15386 I chatty  : uid=10247(com.smartvision.svplayer) expire 465 lines
07-21 20:28:31.879 15386 22709 I chatty  : uid=10247(com.smartvision.svplayer) Chrome_ProcessL expire 1 line
07-21 20:28:32.561 15386 22733 I chatty  : uid=10247(com.smartvision.svplayer) AudioThread expire 2 lines
07-21 20:28:32.681 15386 15386 I vision.svplaye:   at java.lang.Object com.smartvision.svplayer.ui.youtube.YoutubeWebPlayerKt$$ExternalSyntheticLambda3.invoke(java.lang.Object) (D8$$SyntheticClass:0)
07-21 20:28:32.681 15386 15386 I vision.svplaye:   at void androidx.compose.ui.viewinterop.ViewFactoryHolder$updateBlock$1.invoke() (AndroidView.android.kt:361)
07-21 20:28:32.681 15386 15386 I vision.svplaye:   at java.lang.Object androidx.compose.ui.viewinterop.ViewFactoryHolder$updateBlock$1.invoke() (AndroidView.android.kt:361)
07-21 20:28:32.681 15386 15386 I vision.svplaye:   at java.lang.Object androidx.compose.runtime.snapshots.Snapshot$Companion.observe(kotlin.jvm.functions.Function1, kotlin.jvm.functions.Function1, kotlin.jvm.functions.Function0) (Snapshot.kt:2496)
07-21 20:28:32.681 15386 15386 I vision.svplaye:   at void androidx.compose.runtime.snapshots.SnapshotStateObserver$ObservedScopeMap.observe(java.lang.Object, kotlin.jvm.functions.Function1, kotlin.jvm.functions.Function0) (SnapshotStateObserver.kt:460)
07-21 20:28:32.681 15386 15386 I vision.svplaye:   at void androidx.compose.runtime.snapshots.SnapshotStateObserver.observeReads(java.lang.Object, kotlin.jvm.functions.Function1, kotlin.jvm.functions.Function0) (SnapshotStateObserver.kt:244)
07-21 20:28:32.681 15386 15386 I vision.svplaye:   at void androidx.compose.ui.node.OwnerSnapshotObserver.observeReads$ui_release(androidx.compose.ui.node.OwnerScope, kotlin.jvm.functions.Function1, kotlin.jvm.functions.Function0) (OwnerSnapshotObserver.kt:124)
07-21 20:28:32.681 15386 15386 I vision.svplaye:   at void androidx.compose.ui.viewinterop.AndroidViewHolder$runUpdate$1.invoke() (AndroidViewHolder.android.kt:211)
07-21 20:28:32.681 15386 15386 I vision.svplaye:   at java.lang.Object androidx.compose.ui.viewinterop.AndroidViewHolder$runUpdate$1.invoke() (AndroidViewHolder.android.kt:205)
07-21 20:28:32.681 15386 15386 I vision.svplaye:   at void androidx.compose.ui.viewinterop.AndroidViewHolder.onAttachedToWindow() (AndroidViewHolder.android.kt:311)
07-21 20:28:32.681 15386 15386 I vision.svplaye:   at void android.view.View.dispatchAttachedToWindow(android.view.View$AttachInfo, int) (View.java:18361)
07-21 20:28:32.681 15386 15386 I vision.svplaye:   at void android.view.ViewGroup.dispatchAttachedToWindow(android.view.View$AttachInfo, int) (ViewGroup.java:3397)
07-21 20:28:32.681 15386 15386 I vision.svplaye:   at void android.view.ViewGroup.addViewInner(android.view.View, int, android.view.ViewGroup$LayoutParams, boolean) (ViewGroup.java:5077)
07-21 20:28:32.681 15386 15386 I vision.svplaye:   at void android.view.ViewGroup.addView(android.view.View, int, android.view.ViewGroup$LayoutParams) (ViewGroup.java:4865)
07-21 20:28:32.681 15386 15386 I vision.svplaye:   at void android.view.ViewGroup.addView(android.view.View, int) (ViewGroup.java:4805)
07-21 20:28:32.681 15386 15386 I vision.svplaye:   at void android.view.ViewGroup.addView(android.view.View) (ViewGroup.java:4778)
07-21 20:28:32.681 15386 15386 I vision.svplaye:   at void androidx.compose.ui.platform.AndroidComposeView.addAndroidView(androidx.compose.ui.viewinterop.AndroidViewHolder, androidx.compose.ui.node.LayoutNode) (AndroidComposeView.android.kt:1397)
07-21 20:28:32.681 15386 15386 I vision.svplaye:   at void androidx.compose.ui.viewinterop.AndroidViewHolder$layoutNode$1$3.invoke(androidx.compose.ui.node.Owner) (AndroidViewHolder.android.kt:451)
07-21 20:28:32.681 15386 15386 I vision.svplaye:   at java.lang.Object androidx.compose.ui.viewinterop.AndroidViewHolder$layoutNode$1$3.invoke(java.lang.Object) (AndroidViewHolder.android.kt:450)
07-21 20:28:32.681 15386 15386 I vision.svplaye:   at void androidx.compose.ui.node.LayoutNode.attach$ui_release(androidx.compose.ui.node.Owner) (LayoutNode.kt:554)
07-21 20:28:32.681 15386 15386 I vision.svplaye:   at void androidx.compose.ui.node.LayoutNode.attach$ui_release(androidx.compose.ui.node.Owner) (LayoutNode.kt:545)
07-21 20:28:32.681 15386 15386 I vision.svplaye:   at void androidx.compose.ui.node.LayoutNode.insertAt$ui_release(int, androidx.compose.ui.node.LayoutNode) (LayoutNode.kt:310)
07-21 20:28:32.681 15386 15386 I vision.svplaye:   at void androidx.compose.ui.node.UiApplier.insertBottomUp(int, androidx.compose.ui.node.LayoutNode) (UiApplier.android.kt:29)
07-21 20:28:32.681 15386 15386 I vision.svplaye:   at void androidx.compose.ui.node.UiApplier.insertBottomUp(int, java.lang.Object) (UiApplier.android.kt:21)
07-21 20:28:32.681 15386 15386 I vision.svplaye:   at void androidx.compose.runtime.changelist.Operation$PostInsertNodeFixup.execute(androidx.compose.runtime.changelist.OperationArgContainer, androidx.compose.runtime.Applier, androidx.compose.runtime.SlotWriter, androidx.compose.runtime.RememberManager) (Operation.kt:746)
07-21 20:28:32.681 15386 15386 I vision.svplaye:   at void androidx.compose.runtime.changelist.Operations.executeAndFlushAllPendingOperations(androidx.compose.runtime.Applier, androidx.compose.runtime.SlotWriter, androidx.compose.runtime.RememberManager) (Operations.kt:349)
07-21 20:28:32.681 15386 15386 I vision.svplaye:   at void androidx.compose.runtime.changelist.FixupList.executeAndFlushAllPendingFixups(androidx.compose.runtime.Applier, androidx.compose.runtime.SlotWriter, androidx.compose.runtime.RememberManager) (FixupList.kt:53)
07-21 20:28:32.681 15386 15386 I vision.svplaye:   at void androidx.compose.runtime.changelist.Operation$InsertSlotsWithFixups.execute(androidx.compose.runtime.changelist.OperationArgContainer, androidx.compose.runtime.Applier, androidx.compose.runtime.SlotWriter, androidx.compose.runtime.RememberManager) (Operation.kt:665)
07-21 20:28:32.681 15386 15386 I vision.svplaye:   at void androidx.compose.runtime.changelist.Operations.executeAndFlushAllPendingOperations(androidx.compose.runtime.Applier, androidx.compose.runtime.SlotWriter, androidx.compose.runtime.RememberManager) (Operations.kt:349)
07-21 20:28:32.681 15386 15386 I vision.svplaye:   at void androidx.compose.runtime.changelist.ChangeList.executeAndFlushAllPendingChanges(androidx.compose.runtime.Applier, androidx.compose.runtime.SlotWriter, androidx.compose.runtime.RememberManager) (ChangeList.kt:88)
07-21 20:28:32.681 15386 15386 I vision.svplaye:   at void androidx.compose.runtime.CompositionImpl.applyChangesInLocked(androidx.compose.runtime.changelist.ChangeList) (Composition.kt:1036)
07-21 20:28:32.681 15386 15386 I vision.svplaye:   at void androidx.compose.runtime.CompositionImpl.applyChanges() (Composition.kt:1067)
07-21 20:28:32.681 15386 15386 I vision.svplaye:   at void androidx.compose.runtime.Recomposer$runRecomposeAndApplyChanges$2$1.invoke(long) (Recomposer.kt:684)
07-21 20:28:32.681 15386 15386 I vision.svplaye:   at java.lang.Object androidx.compose.runtime.Recomposer$runRecomposeAndApplyChanges$2$1.invoke(java.lang.Object) (Recomposer.kt:591)
07-21 20:28:32.681 15386 15386 I vision.svplaye:   at void androidx.compose.ui.platform.AndroidUiFrameClock$withFrameNanos$2$callback$1.doFrame(long) (AndroidUiFrameClock.android.kt:39)
07-21 20:28:32.681 15386 15386 I vision.svplaye:   at void androidx.compose.ui.platform.AndroidUiDispatcher.performFrameDispatch(long) (AndroidUiDispatcher.android.kt:108)
07-21 20:28:32.681 15386 15386 I vision.svplaye:   at void androidx.compose.ui.platform.AndroidUiDispatcher.access$performFrameDispatch(androidx.compose.ui.platform.AndroidUiDispatcher, long) (AndroidUiDispatcher.android.kt:41)
07-21 20:28:32.681 15386 15386 I vision.svplaye:   at void androidx.compose.ui.platform.AndroidUiDispatcher$dispatchCallback$1.doFrame(long) (AndroidUiDispatcher.android.kt:69)
07-21 20:28:32.681 15386 15386 I vision.svplaye:   at void android.view.Choreographer$CallbackRecord.run(long) (Choreographer.java:968)
07-21 20:28:32.681 15386 15386 I vision.svplaye:   at void android.view.Choreographer.doCallbacks(int, long) (Choreographer.java:781)
07-21 20:28:32.681 15386 15386 I vision.svplaye:   at void android.view.Choreographer.doFrame(long, int) (Choreographer.java:703)
07-21 20:28:32.681 15386 15386 I vision.svplaye:   at void android.view.Choreographer$FrameDisplayEventReceiver.run() (Choreographer.java:956)
07-21 20:28:32.681 15386 15386 I vision.svplaye:   at void android.os.Handler.handleCallback(android.os.Message) (Handler.java:873)
07-21 20:28:32.681 15386 15386 I vision.svplaye:   at void android.os.Handler.dispatchMessage(android.os.Message) (Handler.java:99)
07-21 20:28:32.681 15386 15386 I vision.svplaye:   at void android.os.Looper.loop() (Looper.java:211)
07-21 20:28:32.681 15386 15386 I vision.svplaye:   at void android.app.ActivityThread.main(java.lang.String[]) (ActivityThread.java:6777)
07-21 20:28:32.681 15386 15386 I vision.svplaye:   at java.lang.Object java.lang.reflect.Method.invoke(java.lang.Object, java.lang.Object[]) (Method.java:-2)
07-21 20:28:32.681 15386 15386 I vision.svplaye:   at void com.android.internal.os.RuntimeInit$MethodAndArgsCaller.run() (RuntimeInit.java:493)
07-21 20:28:32.681 15386 15386 I vision.svplaye:   at void com.android.internal.os.ZygoteInit.main(java.lang.String[]) (ZygoteInit.java:858)
07-21 20:28:32.681 15386 15386 I vision.svplaye: Caused by: java.lang.ClassNotFoundException: Didn't find class "androidx.window.extensions.core.util.function.Consumer" on path: DexPathList[[zip file "/system/priv-app/MetricsApi/MetricsApi.apk", zip file "/data/app/com.amazon.webview.chromium-KBc03qHOZbjfu3DAmaKnZA==/base.apk"],nativeLibraryDirectories=[/data/app/com.amazon.webview.chromium-KBc03qHOZbjfu3DAmaKnZA==/lib/arm, /data/app/com.amazon.webview.chromium-KBc03qHOZbjfu3DAmaKnZA==/base.apk!/lib/armeabi-v7a, /system/priv-app/MetricsApi/MetricsApi.apk!/lib/armeabi-v7a, /system/lib]]
07-21 20:28:32.681 15386 15386 I vision.svplaye:   at java.lang.Class dalvik.system.BaseDexClassLoader.findClass(java.lang.String) (BaseDexClassLoader.java:134)
07-21 20:28:32.681 15386 15386 I vision.svplaye:   at java.lang.Class java.lang.ClassLoader.loadClass(java.lang.String, boolean) (ClassLoader.java:379)
07-21 20:28:32.681 15386 15386 I vision.svplaye:   at java.lang.Class java.lang.ClassLoader.loadClass(java.lang.String) (ClassLoader.java:312)
07-21 20:28:32.681 15386 15386 I vision.svplaye:   at java.lang.Object J.N.OIIIIJJJOOOOOOOOOOZZZZZZ(int, int, int, int, long, long, long, java.lang.Object, java.lang.Object, java.lang.Object, java.lang.Object, java.lang.Object, java.lang.Object, java.lang.Object, java.lang.Object, java.lang.Object, java.lang.Object, boolean, boolean, boolean, boolean, boolean, boolean) (chromium-AmazonWebView.apk-stable-@FileArg(gen/AMAZON_VERSION.json:code):-2)
07-21 20:28:32.681 15386 15386 I vision.svplaye:   at org.chromium.content_public.browser.NavigationHandle org.chromium.content.browser.framehost.NavigationControllerImpl.loadUrl(org.chromium.content_public.browser.LoadUrlParams) (chromium-AmazonWebView.apk-stable-@FileArg(gen/AMAZON_VERSION.json:code):95)
07-21 20:28:32.681 15386 15386 I vision.svplaye:   at void org.chromium.android_webview.AwContents.loadUrl(org.chromium.content_public.browser.LoadUrlParams) (chromium-AmazonWebView.apk-stable-@FileArg(gen/AMAZON_VERSION.json:code):55)
07-21 20:28:32.681 15386 15386 I vision.svplaye:   at void org.chromium.android_webview.AwContents.loadDataWithBaseURL(java.lang.String, java.lang.String, java.lang.String, java.lang.String, java.lang.String) (chromium-AmazonWebView.apk-stable-@FileArg(gen/AMAZON_VERSION.json:code):137)
07-21 20:28:32.681 15386 15386 I vision.svplaye:   at void com.android.webview.chromium.WebViewChromium.loadDataWithBaseURLNoPost(java.lang.String, java.lang.String, java.lang.String, java.lang.String, java.lang.String) (chromium-AmazonWebView.apk-stable-@FileArg(gen/AMAZON_VERSION.json:code):24)
07-21 20:28:32.682 15386 15386 I vision.svplaye:   at void com.android.webview.chromium.WebViewChromium.loadDataWithBaseURL(java.lang.String, java.lang.String, java.lang.String, java.lang.String, java.lang.String) (chromium-AmazonWebView.apk-stable-@FileArg(gen/AMAZON_VERSION.json:code):32)
07-21 20:28:32.682 15386 15386 I vision.svplaye:   at void android.webkit.WebView.loadDataWithBaseURL(java.lang.String, java.lang.String, java.lang.String, java.lang.String, java.lang.String) (WebView.java:1091)
07-21 20:28:32.682 15386 15386 I vision.svplaye:   at kotlin.Unit com.smartvision.svplayer.ui.youtube.YoutubeWebPlayerKt.YoutubeWebPlayer$lambda$35$lambda$34(com.smartvision.svplayer.ui.youtube.YoutubePlaybackMode, java.lang.String, double, boolean, com.smartvision.svplayer.ui.youtube.YoutubePlayerCommand, int, androidx.compose.runtime.MutableIntState, com.smartvision.svplayer.ui.youtube.YoutubeTvWebView) (YoutubeWebPlayer.kt:99)
07-21 20:28:32.682 15386 15386 I vision.svplaye:   at kotlin.Unit com.smartvision.svplayer.ui.youtube.YoutubeWebPlayerKt.$r8$lambda$Ztu2XwUaPZZl2ZARxlnqTnfzA2A(com.smartvision.svplayer.ui.youtube.YoutubePlaybackMode, java.lang.String, double, boolean, com.smartvision.svplayer.ui.youtube.YoutubePlayerCommand, int, androidx.compose.runtime.MutableIntState, com.smartvision.svplayer.ui.youtube.YoutubeTvWebView) (YoutubeWebPlayer.kt:-1)
07-21 20:28:32.682 15386 15386 I vision.svplaye:   at java.lang.Object com.smartvision.svplayer.ui.youtube.YoutubeWebPlayerKt$$ExternalSyntheticLambda3.invoke(java.lang.Object) (D8$$SyntheticClass:0)
07-21 20:28:32.682 15386 15386 I vision.svplaye:   at void androidx.compose.ui.viewinterop.ViewFactoryHolder$updateBlock$1.invoke() (AndroidView.android.kt:361)
07-21 20:28:32.682 15386 15386 I vision.svplaye:   at java.lang.Object androidx.compose.ui.viewinterop.ViewFactoryHolder$updateBlock$1.invoke() (AndroidView.android.kt:361)
07-21 20:28:32.682 15386 15386 I vision.svplaye:   at java.lang.Object androidx.compose.runtime.snapshots.Snapshot$Companion.observe(kotlin.jvm.functions.Function1, kotlin.jvm.functions.Function1, kotlin.jvm.functions.Function0) (Snapshot.kt:2496)
07-21 20:28:32.682 15386 15386 I vision.svplaye:   at void androidx.compose.runtime.snapshots.SnapshotStateObserver$ObservedScopeMap.observe(java.lang.Object, kotlin.jvm.functions.Function1, kotlin.jvm.functions.Function0) (SnapshotStateObserver.kt:460)
07-21 20:28:32.682 15386 15386 I vision.svplaye:   at void androidx.compose.runtime.snapshots.SnapshotStateObserver.observeReads(java.lang.Object, kotlin.jvm.functions.Function1, kotlin.jvm.functions.Function0) (SnapshotStateObserver.kt:244)
07-21 20:28:32.682 15386 15386 I vision.svplaye:   at void androidx.compose.ui.node.OwnerSnapshotObserver.observeReads$ui_release(androidx.compose.ui.node.OwnerScope, kotlin.jvm.functions.Function1, kotlin.jvm.functions.Function0) (OwnerSnapshotObserver.kt:124)
07-21 20:28:32.682 15386 15386 I vision.svplaye:   at void androidx.compose.ui.viewinterop.AndroidViewHolder$runUpdate$1.invoke() (AndroidViewHolder.android.kt:211)
07-21 20:28:32.682 15386 15386 I vision.svplaye:   at java.lang.Object androidx.compose.ui.viewinterop.AndroidViewHolder$runUpdate$1.invoke() (AndroidViewHolder.android.kt:205)
07-21 20:28:32.682 15386 15386 I vision.svplaye:   at void androidx.compose.ui.viewinterop.AndroidViewHolder.onAttachedToWindow() (AndroidViewHolder.android.kt:311)
07-21 20:28:32.682 15386 15386 I vision.svplaye:   at void android.view.View.dispatchAttachedToWindow(android.view.View$AttachInfo, int) (View.java:18361)
07-21 20:28:32.682 15386 15386 I vision.svplaye:   at void android.view.ViewGroup.dispatchAttachedToWindow(android.view.View$AttachInfo, int) (ViewGroup.java:3397)
07-21 20:28:32.682 15386 15386 I vision.svplaye:   at void android.view.ViewGroup.addViewInner(android.view.View, int, android.view.ViewGroup$LayoutParams, boolean) (ViewGroup.java:5077)
07-21 20:28:32.682 15386 15386 I vision.svplaye:   at void android.view.ViewGroup.addView(android.view.View, int, android.view.ViewGroup$LayoutParams) (ViewGroup.java:4865)
07-21 20:28:32.682 15386 15386 I vision.svplaye:   at void android.view.ViewGroup.addView(android.view.View, int) (ViewGroup.java:4805)
07-21 20:28:32.682 15386 15386 I vision.svplaye:   at void android.view.ViewGroup.addView(android.view.View) (ViewGroup.java:4778)
07-21 20:28:32.682 15386 15386 I vision.svplaye:   at void androidx.compose.ui.platform.AndroidComposeView.addAndroidView(androidx.compose.ui.viewinterop.AndroidViewHolder, androidx.compose.ui.node.LayoutNode) (AndroidComposeView.android.kt:1397)
07-21 20:28:32.682 15386 15386 I vision.svplaye:   at void androidx.compose.ui.viewinterop.AndroidViewHolder$layoutNode$1$3.invoke(androidx.compose.ui.node.Owner) (AndroidViewHolder.android.kt:451)
07-21 20:28:32.682 15386 15386 I vision.svplaye:   at java.lang.Object androidx.compose.ui.viewinterop.AndroidViewHolder$layoutNode$1$3.invoke(java.lang.Object) (AndroidViewHolder.android.kt:450)
07-21 20:28:32.682 15386 15386 I vision.svplaye:   at void androidx.compose.ui.node.LayoutNode.attach$ui_release(androidx.compose.ui.node.Owner) (LayoutNode.kt:554)
07-21 20:28:32.682 15386 15386 I vision.svplaye:   at void androidx.compose.ui.node.LayoutNode.attach$ui_release(androidx.compose.ui.node.Owner) (LayoutNode.kt:545)
07-21 20:28:32.682 15386 15386 I vision.svplaye:   at void androidx.compose.ui.node.LayoutNode.insertAt$ui_release(int, androidx.compose.ui.node.LayoutNode) (LayoutNode.kt:310)
07-21 20:28:32.682 15386 15386 I vision.svplaye:   at void androidx.compose.ui.node.UiApplier.insertBottomUp(int, androidx.compose.ui.node.LayoutNode) (UiApplier.android.kt:29)
07-21 20:28:32.682 15386 15386 I vision.svplaye:   at void androidx.compose.ui.node.UiApplier.insertBottomUp(int, java.lang.Object) (UiApplier.android.kt:21)
07-21 20:28:32.682 15386 15386 I vision.svplaye:   at void androidx.compose.runtime.changelist.Operation$PostInsertNodeFixup.execute(androidx.compose.runtime.changelist.OperationArgContainer, androidx.compose.runtime.Applier, androidx.compose.runtime.SlotWriter, androidx.compose.runtime.RememberManager) (Operation.kt:746)
07-21 20:28:32.682 15386 15386 I vision.svplaye:   at void androidx.compose.runtime.changelist.Operations.executeAndFlushAllPendingOperations(androidx.compose.runtime.Applier, androidx.compose.runtime.SlotWriter, androidx.compose.runtime.RememberManager) (Operations.kt:349)
07-21 20:28:32.682 15386 15386 I vision.svplaye:   at void androidx.compose.runtime.changelist.FixupList.executeAndFlushAllPendingFixups(androidx.compose.runtime.Applier, androidx.compose.runtime.SlotWriter, androidx.compose.runtime.RememberManager) (FixupList.kt:53)
07-21 20:28:32.682 15386 15386 I vision.svplaye:   at void androidx.compose.runtime.changelist.Operation$InsertSlotsWithFixups.execute(androidx.compose.runtime.changelist.OperationArgContainer, androidx.compose.runtime.Applier, androidx.compose.runtime.SlotWriter, androidx.compose.runtime.RememberManager) (Operation.kt:665)
07-21 20:28:32.682 15386 15386 I vision.svplaye:   at void androidx.compose.runtime.changelist.Operations.executeAndFlushAllPendingOperations(androidx.compose.runtime.Applier, androidx.compose.runtime.SlotWriter, androidx.compose.runtime.RememberManager) (Operations.kt:349)
07-21 20:28:32.833 15386 15403 I vision.svplaye: Background concurrent copying GC freed 308132(9MB) AllocSpace objects, 6(184KB) LOS objects, 15% free, 31MB/37MB, paused 323us total 685.603ms
07-21 20:28:33.213 15386 22783 I CameraManagerGlobal: Connecting to camera service
07-21 20:28:33.293 15386 15386 I Choreographer: Skipped 132 frames!  The application may be doing too much work on its main thread.
07-21 20:28:33.314 15386 15489 I OpenGLRenderer: Davey! duration=2277ms; Flags=1, IntendedVsync=14868848013412, Vsync=14868881380112, OldestInputEvent=14868803000000, NewestInputEvent=14868803000000, HandleInputStart=14868887398807, AnimationStart=14868887418038, PerformTraversalsStart=14870752788346, DrawStart=14870894099192, SyncQueued=14870968692346, SyncStart=14870968838577, IssueDrawCommandsStart=14870974645346, SwapBuffers=14871122611961, FrameCompleted=14871125804269, DequeueBufferDuration=618000, QueueBufferDuration=2333000, 
07-21 20:28:33.337 15386 22740 I cr_VAUtil:  AWV: Skipping the restricted video decoder:OMX.MTK.VIDEO.DECODER.AWESOME.hdcp.secure
07-21 20:28:33.358 15386 22740 I chatty  : uid=10247(com.smartvision.svplayer) ThreadPoolSingl identical 5 lines
07-21 20:28:33.390 15386 15489 I chatty  : uid=10247(com.smartvision.svplayer) RenderThread expire 2 lines
07-21 20:28:33.431 15386 15386 I chatty  : uid=10247(com.smartvision.svplayer) expire 49 lines
07-21 20:28:33.695 15386 22727 I chatty  : uid=10247(com.smartvision.svplayer) ThreadPoolForeg expire 8 lines
07-21 20:28:34.222 15386 22786 I chatty  : uid=10247(com.smartvision.svplayer) pool-2-thread-1 expire 22 lines
07-21 20:28:34.227 15386 15403 I chatty  : uid=10247(com.smartvision.svplayer) HeapTaskDaemon expire 11 lines
07-21 20:28:34.897 15386 15393 I chatty  : uid=10247(com.smartvision.svplayer) Jit thread pool expire 1 line
07-21 20:28:36.709 15386 22784 I chatty  : uid=10247(com.smartvision.svplayer) ThreadPoolSingl expire 1 line
07-21 20:28:41.098 15386 22733 I chatty  : uid=10247(com.smartvision.svplayer) AudioThread expire 3 lines
07-21 20:28:41.290 15386 22728 I chatty  : uid=10247(com.smartvision.svplayer) ThreadPoolForeg expire 1 line
07-21 20:28:44.517 15386 22783 I chatty  : uid=10247(com.smartvision.svplayer) ThreadPoolSingl expire 1 line
07-21 20:28:44.652 15386 22763 I chatty  : uid=10247(com.smartvision.svplayer) Chrome_InProcGp expire 17 lines
07-21 20:28:44.643 15386 15386 I chatty  : uid=10247(com.smartvision.svplayer) expire 1 line
07-21 20:28:45.304 15386 22786 I chatty  : uid=10247(com.smartvision.svplayer) pool-2-thread-1 expire 23 lines
07-21 20:28:55.794 15386 15403 I chatty  : uid=10247(com.smartvision.svplayer) HeapTaskDaemon expire 2 lines
07-21 20:28:56.342 15386 22786 I chatty  : uid=10247(com.smartvision.svplayer) pool-2-thread-1 expire 4 lines
07-21 20:28:57.926 15386 15403 I chatty  : uid=10247(com.smartvision.svplayer) HeapTaskDaemon expire 2 lines
07-21 20:28:58.345 15386 22786 I chatty  : uid=10247(com.smartvision.svplayer) pool-2-thread-1 expire 6 lines
07-21 20:29:00.496 15386 15403 I chatty  : uid=10247(com.smartvision.svplayer) HeapTaskDaemon expire 2 lines
07-21 20:29:01.348 15386 22786 I chatty  : uid=10247(com.smartvision.svplayer) pool-2-thread-1 expire 3 lines
07-21 20:29:03.341 15386 15403 I chatty  : uid=10247(com.smartvision.svplayer) HeapTaskDaemon expire 1 line
07-21 20:29:03.359 15386 22786 I chatty  : uid=10247(com.smartvision.svplayer) pool-2-thread-1 expire 6 lines
07-21 20:29:04.936 15386 15403 I chatty  : uid=10247(com.smartvision.svplayer) HeapTaskDaemon expire 2 lines
07-21 20:29:06.377 15386 22786 I chatty  : uid=10247(com.smartvision.svplayer) pool-2-thread-1 expire 5 lines
07-21 20:29:08.381 15386 22786 E CameraManagerGlobal: Camera service is unavailable
07-21 20:29:08.447 15386 15403 I vision.svplaye: Background concurrent copying GC freed 433123(12MB) AllocSpace objects, 0(0B) LOS objects, 16% free, 30MB/36MB, paused 7.142ms total 856.774ms
07-21 20:29:09.381 15386 22786 I CameraManagerGlobal: Connecting to camera service
07-21 20:29:09.382 15386 22786 E CameraManagerGlobal: Camera service is unavailable
07-21 20:29:10.136 15386 15403 I vision.svplaye: Background concurrent copying GC freed 338381(9MB) AllocSpace objects, 0(0B) LOS objects, 16% free, 30MB/36MB, paused 6.456ms total 794.483ms
07-21 20:29:10.382 15386 22786 I CameraManagerGlobal: Connecting to camera service
07-21 20:29:10.383 15386 22786 E CameraManagerGlobal: Camera service is unavailable
07-21 20:29:11.383 15386 22786 I CameraManagerGlobal: Connecting to camera service
07-21 20:29:11.384 15386 22786 E CameraManagerGlobal: Camera service is unavailable
07-21 20:29:11.603 15386 15403 I vision.svplaye: Background concurrent copying GC freed 320344(9MB) AllocSpace objects, 0(0B) LOS objects, 15% free, 31MB/37MB, paused 236us total 762.868ms
07-21 20:29:12.384 15386 22786 I CameraManagerGlobal: Connecting to camera service
07-21 20:29:12.386 15386 22786 E CameraManagerGlobal: Camera service is unavailable
07-21 20:29:12.924 15386 15403 I vision.svplaye: Background concurrent copying GC freed 364681(10MB) AllocSpace objects, 0(0B) LOS objects, 16% free, 30MB/36MB, paused 638us total 580.717ms
07-21 20:29:13.394 15386 22786 I CameraManagerGlobal: Connecting to camera service
07-21 20:29:13.395 15386 22786 E CameraManagerGlobal: Camera service is unavailable
07-21 20:29:14.395 15386 22786 I CameraManagerGlobal: Connecting to camera service
07-21 20:29:14.396 15386 22786 E CameraManagerGlobal: Camera service is unavailable
07-21 20:29:14.665 15386 15403 I vision.svplaye: Background concurrent copying GC freed 300407(9MB) AllocSpace objects, 0(0B) LOS objects, 15% free, 32MB/38MB, paused 284us total 1.006s
07-21 20:29:15.397 15386 22786 I CameraManagerGlobal: Connecting to camera service
07-21 20:29:15.397 15386 22786 E CameraManagerGlobal: Camera service is unavailable
07-21 20:29:16.316 15386 15403 I vision.svplaye: Background concurrent copying GC freed 365931(10MB) AllocSpace objects, 0(0B) LOS objects, 16% free, 30MB/36MB, paused 218us total 803.426ms
07-21 20:29:16.397 15386 22786 I CameraManagerGlobal: Connecting to camera service
07-21 20:29:16.398 15386 22786 E CameraManagerGlobal: Camera service is unavailable
07-21 20:29:17.398 15386 22786 I CameraManagerGlobal: Connecting to camera service
07-21 20:29:17.399 15386 22786 E CameraManagerGlobal: Camera service is unavailable
07-21 20:29:17.773 15386 15403 I vision.svplaye: Background concurrent copying GC freed 286398(8MB) AllocSpace objects, 0(0B) LOS objects, 15% free, 31MB/37MB, paused 267us total 770.682ms
07-21 20:29:18.399 15386 22786 I CameraManagerGlobal: Connecting to camera service
07-21 20:29:18.400 15386 22786 E CameraManagerGlobal: Camera service is unavailable
07-21 20:29:19.040 15386 15403 I vision.svplaye: Background concurrent copying GC freed 339413(10MB) AllocSpace objects, 0(0B) LOS objects, 16% free, 30MB/36MB, paused 1.204ms total 559.561ms
07-21 20:29:19.400 15386 22786 I CameraManagerGlobal: Connecting to camera service
07-21 20:29:19.401 15386 22786 E CameraManagerGlobal: Camera service is unavailable
07-21 20:29:20.401 15386 22786 I CameraManagerGlobal: Connecting to camera service
07-21 20:29:20.402 15386 22786 E CameraManagerGlobal: Camera service is unavailable
07-21 20:29:21.044 15386 15403 I vision.svplaye: Background concurrent copying GC freed 306853(9MB) AllocSpace objects, 0(0B) LOS objects, 14% free, 34MB/40MB, paused 6.384ms total 1.434s
07-21 20:29:21.403 15386 22786 I CameraManagerGlobal: Connecting to camera service
07-21 20:29:21.403 15386 22786 E CameraManagerGlobal: Camera service is unavailable
07-21 20:29:22.171 15386 15403 I vision.svplaye: Background concurrent copying GC freed 430261(12MB) AllocSpace objects, 0(0B) LOS objects, 16% free, 30MB/36MB, paused 243us total 515.751ms
07-21 20:29:22.404 15386 22786 I CameraManagerGlobal: Connecting to camera service
07-21 20:29:22.404 15386 22786 E CameraManagerGlobal: Camera service is unavailable
07-21 20:29:23.261 15386 15403 I vision.svplaye: Background concurrent copying GC freed 310622(8MB) AllocSpace objects, 0(0B) LOS objects, 15% free, 31MB/37MB, paused 343us total 547.739ms
07-21 20:29:23.405 15386 22786 I CameraManagerGlobal: Connecting to camera service
07-21 20:29:23.405 15386 22786 E CameraManagerGlobal: Camera service is unavailable
07-21 20:29:24.406 15386 22786 I CameraManagerGlobal: Connecting to camera service
07-21 20:29:24.407 15386 22786 E CameraManagerGlobal: Camera service is unavailable
07-21 20:29:24.421 15386 15403 I vision.svplaye: Background concurrent copying GC freed 329579(9MB) AllocSpace objects, 0(0B) LOS objects, 15% free, 32MB/38MB, paused 291us total 604.466ms
07-21 20:29:25.407 15386 22786 I CameraManagerGlobal: Connecting to camera service
07-21 20:29:25.408 15386 22786 E CameraManagerGlobal: Camera service is unavailable
07-21 20:29:25.738 15386 15403 I vision.svplaye: Background concurrent copying GC freed 353359(10MB) AllocSpace objects, 0(0B) LOS objects, 15% free, 31MB/37MB, paused 238us total 616.637ms
07-21 20:29:26.409 15386 22786 I CameraManagerGlobal: Connecting to camera service
07-21 20:29:26.409 15386 22786 E CameraManagerGlobal: Camera service is unavailable
07-21 20:29:27.139 15386 15403 I vision.svplaye: Background concurrent copying GC freed 328608(9MB) AllocSpace objects, 0(0B) LOS objects, 16% free, 31MB/37MB, paused 293us total 595.378ms
07-21 20:29:27.409 15386 22786 I CameraManagerGlobal: Connecting to camera service
07-21 20:29:27.410 15386 22786 E CameraManagerGlobal: Camera service is unavailable
07-21 20:29:28.410 15386 22786 I CameraManagerGlobal: Connecting to camera service
07-21 20:29:28.411 15386 22786 E CameraManagerGlobal: Camera service is unavailable
07-21 20:29:28.579 15386 15403 I vision.svplaye: Background concurrent copying GC freed 307665(8MB) AllocSpace objects, 0(0B) LOS objects, 15% free, 33MB/39MB, paused 459us total 877.312ms
07-21 20:29:29.412 15386 22786 I CameraManagerGlobal: Connecting to camera service
07-21 20:29:29.421 15386 22786 E CameraManagerGlobal: Camera service is unavailable
07-21 20:29:30.237 15386 15403 I vision.svplaye: Background concurrent copying GC freed 395168(11MB) AllocSpace objects, 0(0B) LOS objects, 14% free, 34MB/40MB, paused 220us total 1.013s
07-21 20:29:30.422 15386 22786 I CameraManagerGlobal: Connecting to camera service
07-21 20:29:30.422 15386 22786 E CameraManagerGlobal: Camera service is unavailable
07-21 20:29:31.422 15386 22786 I CameraManagerGlobal: Connecting to camera service
07-21 20:29:31.423 15386 22786 E CameraManagerGlobal: Camera service is unavailable
07-21 20:29:31.602 15386 15403 I vision.svplaye: Background concurrent copying GC freed 403393(11MB) AllocSpace objects, 0(0B) LOS objects, 15% free, 32MB/38MB, paused 220us total 649.649ms
07-21 20:29:32.424 15386 22786 I CameraManagerGlobal: Connecting to camera service
07-21 20:29:32.424 15386 22786 E CameraManagerGlobal: Camera service is unavailable
07-21 20:29:32.861 15386 15403 I vision.svplaye: Background concurrent copying GC freed 328074(9MB) AllocSpace objects, 0(0B) LOS objects, 15% free, 33MB/39MB, paused 261us total 670.354ms
07-21 20:29:33.427 15386 22786 I CameraManagerGlobal: Connecting to camera service
07-21 20:29:33.427 15386 22786 E CameraManagerGlobal: Camera service is unavailable
07-21 20:29:34.427 15386 22786 I CameraManagerGlobal: Connecting to camera service
07-21 20:29:34.430 15386 22786 E CameraManagerGlobal: Camera service is unavailable
07-21 20:29:34.497 15386 15403 I vision.svplaye: Background concurrent copying GC freed 346970(10MB) AllocSpace objects, 0(0B) LOS objects, 15% free, 32MB/38MB, paused 228us total 1.046s
07-21 20:29:35.430 15386 22786 I CameraManagerGlobal: Connecting to camera service
07-21 20:29:35.433 15386 22786 E CameraManagerGlobal: Camera service is unavailable
07-21 20:29:36.434 15386 22786 I CameraManagerGlobal: Connecting to camera service
07-21 20:29:36.435 15386 22786 E CameraManagerGlobal: Camera service is unavailable
07-21 20:29:37.330 15386 15403 I vision.svplaye: Background concurrent copying GC freed 343998(10MB) AllocSpace objects, 0(0B) LOS objects, 13% free, 37MB/43MB, paused 241us total 1.991s
07-21 20:29:37.436 15386 22786 I CameraManagerGlobal: Connecting to camera service
07-21 20:29:37.436 15386 22786 E CameraManagerGlobal: Camera service is unavailable
07-21 20:29:38.437 15386 22786 I CameraManagerGlobal: Connecting to camera service
07-21 20:29:38.438 15386 22786 E CameraManagerGlobal: Camera service is unavailable
07-21 20:29:39.439 15386 22786 I CameraManagerGlobal: Connecting to camera service
07-21 20:29:39.439 15386 22786 E CameraManagerGlobal: Camera service is unavailable
07-21 20:29:40.440 15386 22786 I CameraManagerGlobal: Connecting to camera service
07-21 20:29:40.440 15386 22786 E CameraManagerGlobal: Camera service is unavailable
07-21 20:29:40.771 15386 15403 I vision.svplaye: Background concurrent copying GC freed 502534(14MB) AllocSpace objects, 0(0B) LOS objects, 13% free, 38MB/44MB, paused 213us total 2.604s
07-21 20:29:41.441 15386 22786 I CameraManagerGlobal: Connecting to camera service
07-21 20:29:41.443 15386 22786 E CameraManagerGlobal: Camera service is unavailable
07-21 20:29:42.443 15386 22786 I CameraManagerGlobal: Connecting to camera service
07-21 20:29:42.444 15386 22786 E CameraManagerGlobal: Camera service is unavailable
07-21 20:29:43.272 15386 15403 I vision.svplaye: Background concurrent copying GC freed 518623(15MB) AllocSpace objects, 0(0B) LOS objects, 14% free, 36MB/42MB, paused 318us total 1.589s
07-21 20:29:43.445 15386 22786 I CameraManagerGlobal: Connecting to camera service
07-21 20:29:43.445 15386 22786 E CameraManagerGlobal: Camera service is unavailable
07-21 20:29:44.445 15386 22786 I CameraManagerGlobal: Connecting to camera service
07-21 20:29:44.446 15386 22786 E CameraManagerGlobal: Camera service is unavailable
07-21 20:29:44.877 15386 15415 I vision.svplaye: Waiting for a blocking GC ProfileSaver
07-21 20:29:44.882 15386 15403 I vision.svplaye: Background concurrent copying GC freed 423229(12MB) AllocSpace objects, 0(0B) LOS objects, 14% free, 34MB/40MB, paused 280us total 878.972ms
07-21 20:29:44.883 15386 15415 I vision.svplaye: WaitForGcToComplete blocked ProfileSaver on HeapTrim for 5.834ms
07-21 20:29:45.446 15386 22786 I CameraManagerGlobal: Connecting to camera service
07-21 20:29:45.447 15386 22786 E CameraManagerGlobal: Camera service is unavailable
07-21 20:29:46.210 15386 15403 I vision.svplaye: Background concurrent copying GC freed 346835(10MB) AllocSpace objects, 2(36KB) LOS objects, 15% free, 33MB/39MB, paused 265us total 625.359ms
07-21 20:29:46.448 15386 22786 I CameraManagerGlobal: Connecting to camera service
07-21 20:29:46.448 15386 22786 E CameraManagerGlobal: Camera service is unavailable
07-21 20:29:47.449 15386 22786 I CameraManagerGlobal: Connecting to camera service
07-21 20:29:47.449 15386 22786 E CameraManagerGlobal: Camera service is unavailable
07-21 20:29:47.497 15386 15403 I vision.svplaye: Background concurrent copying GC freed 345143(9MB) AllocSpace objects, 0(0B) LOS objects, 15% free, 32MB/38MB, paused 564us total 621.350ms
07-21 20:29:48.450 15386 22786 I CameraManagerGlobal: Connecting to camera service
07-21 20:29:48.450 15386 22786 E CameraManagerGlobal: Camera service is unavailable
07-21 20:29:48.877 15386 15403 I vision.svplaye: Background concurrent copying GC freed 298711(8MB) AllocSpace objects, 0(0B) LOS objects, 15% free, 32MB/38MB, paused 274us total 528.325ms
07-21 20:29:49.452 15386 22786 I CameraManagerGlobal: Connecting to camera service
07-21 20:29:49.454 15386 22786 E CameraManagerGlobal: Camera service is unavailable
07-21 20:29:50.066 15386 15403 I vision.svplaye: Background concurrent copying GC freed 318040(9MB) AllocSpace objects, 0(0B) LOS objects, 15% free, 33MB/39MB, paused 206us total 546.954ms
07-21 20:29:50.464 15386 22786 I CameraManagerGlobal: Connecting to camera service
07-21 20:29:50.467 15386 22786 E CameraManagerGlobal: Camera service is unavailable
07-21 20:29:51.431 15386 15403 I vision.svplaye: Background concurrent copying GC freed 337925(9MB) AllocSpace objects, 0(0B) LOS objects, 14% free, 34MB/40MB, paused 755us total 719.739ms
07-21 20:29:51.467 15386 22786 I CameraManagerGlobal: Connecting to camera service
07-21 20:29:51.473 15386 22786 E CameraManagerGlobal: Camera service is unavailable
07-21 20:29:52.473 15386 22786 I CameraManagerGlobal: Connecting to camera service
07-21 20:29:52.474 15386 22786 E CameraManagerGlobal: Camera service is unavailable
07-21 20:29:52.913 15386 15403 I vision.svplaye: Background concurrent copying GC freed 343885(10MB) AllocSpace objects, 0(0B) LOS objects, 14% free, 35MB/41MB, paused 242us total 913.342ms
07-21 20:29:53.474 15386 22786 I CameraManagerGlobal: Connecting to camera service
07-21 20:29:53.475 15386 22786 E CameraManagerGlobal: Camera service is unavailable
07-21 20:29:54.141 15386 15403 I vision.svplaye: Background concurrent copying GC freed 393731(11MB) AllocSpace objects, 0(0B) LOS objects, 15% free, 33MB/39MB, paused 175us total 596.680ms
07-21 20:29:54.475 15386 22786 I CameraManagerGlobal: Connecting to camera service
07-21 20:29:54.476 15386 22786 E CameraManagerGlobal: Camera service is unavailable
07-21 20:29:55.490 15386 22786 I CameraManagerGlobal: Connecting to camera service
07-21 20:29:55.491 15386 22786 E CameraManagerGlobal: Camera service is unavailable
07-21 20:29:55.534 15386 15403 I vision.svplaye: Background concurrent copying GC freed 336307(9MB) AllocSpace objects, 0(0B) LOS objects, 15% free, 33MB/39MB, paused 214us total 689.214ms
07-21 20:29:56.492 15386 22786 I CameraManagerGlobal: Connecting to camera service
07-21 20:29:56.492 15386 22786 E CameraManagerGlobal: Camera service is unavailable
07-21 20:29:56.953 15386 15403 I vision.svplaye: Background concurrent copying GC freed 326191(9MB) AllocSpace objects, 1(20KB) LOS objects, 14% free, 34MB/40MB, paused 201us total 765.541ms
07-21 20:29:57.493 15386 22786 I CameraManagerGlobal: Connecting to camera service
07-21 20:29:57.494 15386 22786 E CameraManagerGlobal: Camera service is unavailable
07-21 20:29:57.964 15386 15403 I vision.svplaye: Background concurrent copying GC freed 356210(10MB) AllocSpace objects, 1(20KB) LOS objects, 15% free, 32MB/38MB, paused 188us total 442.570ms
07-21 20:29:58.494 15386 22786 I CameraManagerGlobal: Connecting to camera service
07-21 20:29:58.494 15386 22786 E CameraManagerGlobal: Camera service is unavailable
07-21 20:29:59.097 15386 15403 I vision.svplaye: Background concurrent copying GC freed 290370(8MB) AllocSpace objects, 0(0B) LOS objects, 15% free, 33MB/39MB, paused 231us total 482.991ms
07-21 20:29:59.495 15386 22786 I CameraManagerGlobal: Connecting to camera service
07-21 20:29:59.503 15386 22786 E CameraManagerGlobal: Camera service is unavailable
07-21 20:30:00.225 15386 15403 I vision.svplaye: Background concurrent copying GC freed 322955(9MB) AllocSpace objects, 0(0B) LOS objects, 15% free, 33MB/39MB, paused 4.721ms total 579.386ms
07-21 20:30:00.503 15386 22786 I CameraManagerGlobal: Connecting to camera service
07-21 20:30:00.504 15386 22786 E CameraManagerGlobal: Camera service is unavailable
07-21 20:30:01.301 15386 15403 I vision.svplaye: Background concurrent copying GC freed 334791(9MB) AllocSpace objects, 0(0B) LOS objects, 15% free, 32MB/38MB, paused 246us total 483.654ms
07-21 20:30:01.508 15386 22786 I CameraManagerGlobal: Connecting to camera service
07-21 20:30:01.509 15386 22786 E CameraManagerGlobal: Camera service is unavailable
07-21 20:30:02.509 15386 22786 I CameraManagerGlobal: Connecting to camera service
07-21 20:30:02.509 15386 22786 E CameraManagerGlobal: Camera service is unavailable
07-21 20:30:02.522 15386 15403 I vision.svplaye: Background concurrent copying GC freed 296303(8MB) AllocSpace objects, 0(0B) LOS objects, 14% free, 34MB/40MB, paused 275us total 639.120ms
07-21 20:30:03.510 15386 22786 I CameraManagerGlobal: Connecting to camera service
07-21 20:30:03.512 15386 22786 E CameraManagerGlobal: Camera service is unavailable
07-21 20:30:03.700 15386 15403 I vision.svplaye: Background concurrent copying GC freed 353906(10MB) AllocSpace objects, 0(0B) LOS objects, 14% free, 34MB/40MB, paused 220us total 630.856ms
07-21 20:30:04.513 15386 22786 I CameraManagerGlobal: Connecting to camera service
07-21 20:30:04.513 15386 22786 E CameraManagerGlobal: Camera service is unavailable
07-21 20:30:04.740 15386 15403 I vision.svplaye: Background concurrent copying GC freed 333856(9MB) AllocSpace objects, 0(0B) LOS objects, 15% free, 33MB/39MB, paused 268us total 469.724ms
07-21 20:30:05.514 15386 22786 I CameraManagerGlobal: Connecting to camera service
07-21 20:30:05.514 15386 22786 E CameraManagerGlobal: Camera service is unavailable
07-21 20:30:06.033 15386 15403 I vision.svplaye: Background concurrent copying GC freed 289952(8MB) AllocSpace objects, 0(0B) LOS objects, 14% free, 34MB/40MB, paused 3.229ms total 649.804ms
07-21 20:30:06.515 15386 22786 I CameraManagerGlobal: Connecting to camera service
07-21 20:30:06.515 15386 22786 E CameraManagerGlobal: Camera service is unavailable
07-21 20:30:07.332 15386 15403 I vision.svplaye: Background concurrent copying GC freed 345695(9MB) AllocSpace objects, 0(0B) LOS objects, 14% free, 35MB/41MB, paused 227us total 650.041ms
07-21 20:30:07.516 15386 22786 I CameraManagerGlobal: Connecting to camera service
07-21 20:30:07.517 15386 22786 E CameraManagerGlobal: Camera service is unavailable
07-21 20:30:08.518 15386 22786 I CameraManagerGlobal: Connecting to camera service
07-21 20:30:08.520 15386 22786 E CameraManagerGlobal: Camera service is unavailable
07-21 20:30:08.716 15386 15403 I vision.svplaye: Background concurrent copying GC freed 362223(10MB) AllocSpace objects, 0(0B) LOS objects, 14% free, 35MB/41MB, paused 356us total 705.223ms
07-21 20:30:09.520 15386 22786 I CameraManagerGlobal: Connecting to camera service
07-21 20:30:09.532 15386 22786 E CameraManagerGlobal: Camera service is unavailable
07-21 20:30:09.972 15386 15403 I vision.svplaye: Background concurrent copying GC freed 368779(10MB) AllocSpace objects, 0(0B) LOS objects, 14% free, 35MB/41MB, paused 213us total 654.712ms
07-21 20:30:10.533 15386 22786 I CameraManagerGlobal: Connecting to camera service
07-21 20:30:10.533 15386 22786 E CameraManagerGlobal: Camera service is unavailable
07-21 20:30:11.362 15386 15403 I vision.svplaye: Background concurrent copying GC freed 344527(9MB) AllocSpace objects, 0(0B) LOS objects, 14% free, 36MB/42MB, paused 1.802ms total 733.743ms
07-21 20:30:11.534 15386 22786 I CameraManagerGlobal: Connecting to camera service
07-21 20:30:11.534 15386 22786 E CameraManagerGlobal: Camera service is unavailable
07-21 20:30:12.535 15386 22786 I CameraManagerGlobal: Connecting to camera service
07-21 20:30:12.535 15386 22786 E CameraManagerGlobal: Camera service is unavailable
07-21 20:30:12.637 15386 15403 I vision.svplaye: Background concurrent copying GC freed 382613(10MB) AllocSpace objects, 0(0B) LOS objects, 14% free, 35MB/41MB, paused 512us total 650.335ms
07-21 20:30:13.536 15386 22786 I CameraManagerGlobal: Connecting to camera service
07-21 20:30:13.537 15386 22786 E CameraManagerGlobal: Camera service is unavailable
07-21 20:30:14.216 15386 15403 I vision.svplaye: Background concurrent copying GC freed 335733(9MB) AllocSpace objects, 0(0B) LOS objects, 14% free, 36MB/42MB, paused 186us total 861.378ms
07-21 20:30:14.537 15386 22786 I CameraManagerGlobal: Connecting to camera service
07-21 20:30:14.538 15386 22786 E CameraManagerGlobal: Camera service is unavailable
07-21 20:30:15.540 15386 22786 I CameraManagerGlobal: Connecting to camera service
07-21 20:30:15.540 15386 22786 E CameraManagerGlobal: Camera service is unavailable
07-21 20:30:15.905 15386 15403 I vision.svplaye: Background concurrent copying GC freed 377116(10MB) AllocSpace objects, 0(0B) LOS objects, 14% free, 36MB/42MB, paused 205us total 888.818ms
07-21 20:30:16.541 15386 22786 I CameraManagerGlobal: Connecting to camera service
07-21 20:30:16.542 15386 22786 E CameraManagerGlobal: Camera service is unavailable
07-21 20:30:17.281 15386 15403 I vision.svplaye: Background concurrent copying GC freed 379707(10MB) AllocSpace objects, 0(0B) LOS objects, 14% free, 35MB/41MB, paused 202us total 720.330ms
07-21 20:30:17.543 15386 22786 I CameraManagerGlobal: Connecting to camera service
07-21 20:30:17.552 15386 22786 E CameraManagerGlobal: Camera service is unavailable
07-21 20:30:18.552 15386 22786 I CameraManagerGlobal: Connecting to camera service
07-21 20:30:18.553 15386 22786 E CameraManagerGlobal: Camera service is unavailable
07-21 20:30:19.347 15386 15403 I vision.svplaye: Background concurrent copying GC freed 345503(10MB) AllocSpace objects, 0(0B) LOS objects, 13% free, 38MB/44MB, paused 205us total 1.355s
07-21 20:30:19.554 15386 22786 I CameraManagerGlobal: Connecting to camera service
07-21 20:30:19.554 15386 22786 E CameraManagerGlobal: Camera service is unavailable
07-21 20:30:20.556 15386 22786 I CameraManagerGlobal: Connecting to camera service
07-21 20:30:20.557 15386 22786 E CameraManagerGlobal: Camera service is unavailable
07-21 20:30:20.778 15386 15403 I vision.svplaye: Background concurrent copying GC freed 437696(13MB) AllocSpace objects, 0(0B) LOS objects, 14% free, 36MB/42MB, paused 203us total 727.803ms
07-21 20:30:21.557 15386 22786 I CameraManagerGlobal: Connecting to camera service
07-21 20:30:21.559 15386 22786 E CameraManagerGlobal: Camera service is unavailable
07-21 20:30:22.317 15386 16020 W AmazonKeyEventLogging: remote_perf key event latency detected [Source: ViewRootImpl, KeyCode: KEYCODE_XXXX, IsDown: 0, Repeat: 0, EventTime: 14979763, Latency: 345, DeviceId: -1, AppPackage: com.smartvision.svplayer]
07-21 20:30:22.562 15386 22786 I CameraManagerGlobal: Connecting to camera service
07-21 20:30:22.563 15386 22786 E CameraManagerGlobal: Camera service is unavailable
07-21 20:30:23.043 15386 15403 I vision.svplaye: Background concurrent copying GC freed 348024(10MB) AllocSpace objects, 0(0B) LOS objects, 13% free, 38MB/44MB, paused 237us total 1.341s
07-21 20:30:23.563 15386 22786 I CameraManagerGlobal: Connecting to camera service
07-21 20:30:23.563 15386 22786 E CameraManagerGlobal: Camera service is unavailable
07-21 20:30:24.565 15386 22786 I CameraManagerGlobal: Connecting to camera service
07-21 20:30:24.566 15386 22786 E CameraManagerGlobal: Camera service is unavailable
07-21 20:30:24.625 15386 15403 I vision.svplaye: Background concurrent copying GC freed 407990(12MB) AllocSpace objects, 0(0B) LOS objects, 13% free, 37MB/43MB, paused 298us total 1.021s
07-21 20:30:25.480 15386 15415 I vision.svplaye: Waiting for a blocking GC ProfileSaver
07-21 20:30:25.566 15386 22786 I CameraManagerGlobal: Connecting to camera service
07-21 20:30:25.569 15386 22786 E CameraManagerGlobal: Camera service is unavailable
07-21 20:30:25.901 15386 15403 I vision.svplaye: Background concurrent copying GC freed 395114(11MB) AllocSpace objects, 0(0B) LOS objects, 14% free, 34MB/40MB, paused 285us total 615.253ms
07-21 20:30:25.901 15386 15415 I vision.svplaye: WaitForGcToComplete blocked ProfileSaver on HeapTrim for 421.790ms
07-21 20:30:26.569 15386 22786 I CameraManagerGlobal: Connecting to camera service
07-21 20:30:26.570 15386 22786 E CameraManagerGlobal: Camera service is unavailable
07-21 20:30:27.571 15386 22786 I CameraManagerGlobal: Connecting to camera service
07-21 20:30:27.572 15386 22786 E CameraManagerGlobal: Camera service is unavailable
07-21 20:30:28.150 15386 15403 I vision.svplaye: Background concurrent copying GC freed 269294(8MB) AllocSpace objects, 0(0B) LOS objects, 13% free, 37MB/43MB, paused 776us total 1.150s
07-21 20:30:28.572 15386 22786 I CameraManagerGlobal: Connecting to camera service
07-21 20:30:28.573 15386 22786 E CameraManagerGlobal: Camera service is unavailable
07-21 20:30:29.513 15386 15403 I vision.svplaye: Background concurrent copying GC freed 376036(11MB) AllocSpace objects, 0(0B) LOS objects, 14% free, 36MB/42MB, paused 290us total 694.636ms
07-21 20:30:29.573 15386 22786 I CameraManagerGlobal: Connecting to camera service
07-21 20:30:29.574 15386 22786 E CameraManagerGlobal: Camera service is unavailable
07-21 20:30:30.549 15386 15403 I vision.svplaye: Background concurrent copying GC freed 329857(9MB) AllocSpace objects, 0(0B) LOS objects, 14% free, 35MB/41MB, paused 213us total 473.796ms
07-21 20:30:30.574 15386 22786 I CameraManagerGlobal: Connecting to camera service
07-21 20:30:30.575 15386 22786 E CameraManagerGlobal: Camera service is unavailable
07-21 20:30:31.576 15386 22786 I CameraManagerGlobal: Connecting to camera service
