--------- beginning of main
07-15 01:05:24.191 17906 17920 I vision.svplaye: Background concurrent copying GC freed 205986(6MB) AllocSpace objects, 0(0B) LOS objects, 21% free, 21MB/27MB, paused 190us total 248.275ms
07-15 01:05:26.570 17906 17920 I vision.svplaye: Background concurrent copying GC freed 207744(6MB) AllocSpace objects, 1(20KB) LOS objects, 21% free, 21MB/27MB, paused 272us total 244.503ms
07-15 01:05:28.343 17906 17920 I vision.svplaye: Background concurrent copying GC freed 149971(4MB) AllocSpace objects, 0(0B) LOS objects, 21% free, 21MB/27MB, paused 201us total 242.440ms
07-15 01:05:30.716 17906 17920 I vision.svplaye: Background concurrent copying GC freed 206567(6MB) AllocSpace objects, 0(0B) LOS objects, 21% free, 21MB/27MB, paused 213us total 243.545ms
07-15 01:05:33.093 17906 17920 I vision.svplaye: Background concurrent copying GC freed 206302(6MB) AllocSpace objects, 0(0B) LOS objects, 22% free, 21MB/27MB, paused 225us total 237.258ms
07-15 01:05:35.481 17906 17920 I vision.svplaye: Background concurrent copying GC freed 205601(6MB) AllocSpace objects, 0(0B) LOS objects, 21% free, 21MB/27MB, paused 192us total 254.100ms
07-15 01:05:37.857 17906 17920 I vision.svplaye: Background concurrent copying GC freed 207943(6MB) AllocSpace objects, 0(0B) LOS objects, 22% free, 21MB/27MB, paused 271us total 238.599ms
07-15 01:05:40.245 17906 17920 I vision.svplaye: Background concurrent copying GC freed 206092(6MB) AllocSpace objects, 0(0B) LOS objects, 21% free, 21MB/27MB, paused 208us total 251.046ms
07-15 01:05:42.637 17906 17920 I vision.svplaye: Background concurrent copying GC freed 207795(6MB) AllocSpace objects, 0(0B) LOS objects, 21% free, 21MB/27MB, paused 252us total 246.977ms
07-15 01:05:45.017 17906 17920 I vision.svplaye: Background concurrent copying GC freed 205147(6MB) AllocSpace objects, 0(0B) LOS objects, 21% free, 21MB/27MB, paused 222us total 249.516ms
07-15 01:05:47.362 17906 17920 I vision.svplaye: Background concurrent copying GC freed 204838(6MB) AllocSpace objects, 0(0B) LOS objects, 21% free, 21MB/27MB, paused 207us total 246.468ms
07-15 01:05:49.749 17906 17920 I vision.svplaye: Background concurrent copying GC freed 208141(6MB) AllocSpace objects, 0(0B) LOS objects, 21% free, 21MB/27MB, paused 184us total 244.982ms
07-15 01:05:52.124 17906 17920 I vision.svplaye: Background concurrent copying GC freed 206401(6MB) AllocSpace objects, 0(0B) LOS objects, 22% free, 21MB/27MB, paused 291us total 238.348ms
07-15 01:05:54.502 17906 17920 I vision.svplaye: Background concurrent copying GC freed 205178(6MB) AllocSpace objects, 0(0B) LOS objects, 21% free, 21MB/27MB, paused 238us total 252.320ms
07-15 01:05:56.870 17906 17920 I vision.svplaye: Background concurrent copying GC freed 206862(6MB) AllocSpace objects, 0(0B) LOS objects, 22% free, 21MB/27MB, paused 178us total 237.312ms
07-15 01:05:59.221 17906 17920 I vision.svplaye: Background concurrent copying GC freed 204326(6MB) AllocSpace objects, 0(0B) LOS objects, 22% free, 21MB/27MB, paused 160us total 239.141ms
07-15 01:06:01.592 17906 17920 I vision.svplaye: Background concurrent copying GC freed 204299(6MB) AllocSpace objects, 0(0B) LOS objects, 21% free, 21MB/27MB, paused 181us total 248.332ms
07-15 01:06:03.960 17906 17920 I vision.svplaye: Background concurrent copying GC freed 206113(6MB) AllocSpace objects, 0(0B) LOS objects, 22% free, 21MB/27MB, paused 299us total 241.294ms
07-15 01:06:06.327 17906 17920 I vision.svplaye: Background concurrent copying GC freed 204511(6MB) AllocSpace objects, 0(0B) LOS objects, 21% free, 21MB/27MB, paused 204us total 241.580ms
07-15 01:06:08.724 17906 17920 I vision.svplaye: Background concurrent copying GC freed 206611(6MB) AllocSpace objects, 0(0B) LOS objects, 21% free, 21MB/27MB, paused 207us total 259.497ms
07-15 01:06:11.108 17906 17920 I vision.svplaye: Background concurrent copying GC freed 207091(6MB) AllocSpace objects, 0(0B) LOS objects, 21% free, 21MB/27MB, paused 526us total 251.261ms
07-15 01:06:13.497 17906 17920 I vision.svplaye: Background concurrent copying GC freed 207501(6MB) AllocSpace objects, 0(0B) LOS objects, 21% free, 21MB/27MB, paused 230us total 250.490ms
07-15 01:06:15.871 17906 17920 I vision.svplaye: Background concurrent copying GC freed 207136(6MB) AllocSpace objects, 0(0B) LOS objects, 22% free, 21MB/27MB, paused 294us total 240.114ms
07-15 01:06:18.243 17906 17920 I vision.svplaye: Background concurrent copying GC freed 204972(6MB) AllocSpace objects, 0(0B) LOS objects, 21% free, 21MB/27MB, paused 184us total 245.513ms
07-15 01:06:20.611 17906 17920 I vision.svplaye: Background concurrent copying GC freed 205591(6MB) AllocSpace objects, 0(0B) LOS objects, 22% free, 21MB/27MB, paused 391us total 248.247ms
07-15 01:06:22.974 17906 17920 I vision.svplaye: Background concurrent copying GC freed 204843(6MB) AllocSpace objects, 0(0B) LOS objects, 21% free, 21MB/27MB, paused 218us total 248.611ms
07-15 01:06:25.308 17906 17920 I vision.svplaye: Background concurrent copying GC freed 204397(6MB) AllocSpace objects, 0(0B) LOS objects, 21% free, 21MB/27MB, paused 208us total 248.932ms
07-15 01:06:27.670 17906 17920 I vision.svplaye: Background concurrent copying GC freed 204460(6MB) AllocSpace objects, 0(0B) LOS objects, 22% free, 21MB/27MB, paused 266us total 249.969ms
07-15 01:06:30.027 17906 17920 I vision.svplaye: Background concurrent copying GC freed 208400(6MB) AllocSpace objects, 0(0B) LOS objects, 22% free, 21MB/27MB, paused 240us total 238.697ms
07-15 01:06:32.416 17906 17920 I vision.svplaye: Background concurrent copying GC freed 204644(6MB) AllocSpace objects, 0(0B) LOS objects, 21% free, 21MB/27MB, paused 211us total 253.252ms
07-15 01:06:34.795 17906 17920 I vision.svplaye: Background concurrent copying GC freed 208285(6MB) AllocSpace objects, 0(0B) LOS objects, 22% free, 21MB/27MB, paused 153us total 231.957ms
07-15 01:06:37.173 17906 17920 I vision.svplaye: Background concurrent copying GC freed 205645(6MB) AllocSpace objects, 0(0B) LOS objects, 22% free, 21MB/27MB, paused 204us total 234.901ms
07-15 01:06:39.583 17906 17920 I vision.svplaye: Background concurrent copying GC freed 206503(6MB) AllocSpace objects, 0(0B) LOS objects, 21% free, 21MB/27MB, paused 200us total 264.358ms
07-15 01:06:41.963 17906 17920 I vision.svplaye: Background concurrent copying GC freed 208748(6MB) AllocSpace objects, 0(0B) LOS objects, 22% free, 21MB/27MB, paused 159us total 242.248ms
07-15 01:06:44.350 17906 17920 I vision.svplaye: Background concurrent copying GC freed 207616(6MB) AllocSpace objects, 0(0B) LOS objects, 22% free, 21MB/27MB, paused 197us total 242.673ms
07-15 01:06:46.658 17906 17920 I vision.svplaye: Background concurrent copying GC freed 202665(6MB) AllocSpace objects, 0(0B) LOS objects, 21% free, 21MB/27MB, paused 318us total 246.390ms
07-15 01:06:49.042 17906 17920 I vision.svplaye: Background concurrent copying GC freed 207611(6MB) AllocSpace objects, 0(0B) LOS objects, 22% free, 21MB/27MB, paused 230us total 237.385ms
07-15 01:06:51.435 17906 17920 I vision.svplaye: Background concurrent copying GC freed 205764(6MB) AllocSpace objects, 0(0B) LOS objects, 22% free, 21MB/27MB, paused 216us total 250.923ms
07-15 01:06:53.786 17906 17920 I vision.svplaye: Background concurrent copying GC freed 207248(6MB) AllocSpace objects, 0(0B) LOS objects, 22% free, 21MB/27MB, paused 166us total 226.752ms
07-15 01:06:56.148 17906 17920 I vision.svplaye: Background concurrent copying GC freed 203433(6MB) AllocSpace objects, 0(0B) LOS objects, 22% free, 21MB/27MB, paused 175us total 238.271ms
07-15 01:06:58.512 17906 17920 I vision.svplaye: Background concurrent copying GC freed 204507(6MB) AllocSpace objects, 0(0B) LOS objects, 22% free, 21MB/27MB, paused 240us total 243.082ms
07-15 01:07:00.901 17906 17920 I vision.svplaye: Background concurrent copying GC freed 206762(6MB) AllocSpace objects, 0(0B) LOS objects, 22% free, 21MB/27MB, paused 211us total 254.126ms
07-15 01:07:03.261 17906 17920 I vision.svplaye: Background concurrent copying GC freed 206074(6MB) AllocSpace objects, 0(0B) LOS objects, 22% free, 21MB/27MB, paused 245us total 238.733ms
07-15 01:07:05.621 17906 17920 I vision.svplaye: Background concurrent copying GC freed 204851(6MB) AllocSpace objects, 0(0B) LOS objects, 22% free, 21MB/27MB, paused 203us total 236.989ms
07-15 01:07:07.985 17906 17920 I vision.svplaye: Background concurrent copying GC freed 204062(6MB) AllocSpace objects, 0(0B) LOS objects, 22% free, 21MB/27MB, paused 201us total 252.490ms
07-15 01:07:10.386 17906 17920 I vision.svplaye: Background concurrent copying GC freed 207425(6MB) AllocSpace objects, 0(0B) LOS objects, 22% free, 21MB/27MB, paused 232us total 243.316ms
07-15 01:07:12.776 17906 17920 I vision.svplaye: Background concurrent copying GC freed 203883(6MB) AllocSpace objects, 0(0B) LOS objects, 22% free, 21MB/27MB, paused 194us total 234.766ms
07-15 01:07:15.162 17906 17920 I vision.svplaye: Background concurrent copying GC freed 204822(6MB) AllocSpace objects, 0(0B) LOS objects, 22% free, 21MB/27MB, paused 221us total 237.366ms
07-15 01:07:17.565 17906 17920 I vision.svplaye: Background concurrent copying GC freed 205166(6MB) AllocSpace objects, 0(0B) LOS objects, 22% free, 21MB/27MB, paused 257us total 240.403ms
07-15 01:07:19.964 17906 17920 I vision.svplaye: Background concurrent copying GC freed 206173(6MB) AllocSpace objects, 0(0B) LOS objects, 22% free, 21MB/27MB, paused 194us total 238.786ms
07-15 01:07:22.370 17906 17920 I vision.svplaye: Background concurrent copying GC freed 205968(6MB) AllocSpace objects, 0(0B) LOS objects, 22% free, 21MB/27MB, paused 217us total 241.985ms
07-15 01:07:24.781 17906 17920 I vision.svplaye: Background concurrent copying GC freed 206212(6MB) AllocSpace objects, 0(0B) LOS objects, 21% free, 21MB/27MB, paused 200us total 249.452ms
07-15 01:07:27.191 17906 17920 I vision.svplaye: Background concurrent copying GC freed 207679(6MB) AllocSpace objects, 0(0B) LOS objects, 22% free, 21MB/27MB, paused 212us total 251.239ms
07-15 01:07:29.526 17906 17920 I vision.svplaye: Background concurrent copying GC freed 202851(6MB) AllocSpace objects, 0(0B) LOS objects, 22% free, 21MB/27MB, paused 190us total 239.625ms
07-15 01:07:31.908 17906 17920 I vision.svplaye: Background concurrent copying GC freed 205780(6MB) AllocSpace objects, 0(0B) LOS objects, 21% free, 21MB/27MB, paused 158us total 237.074ms
07-15 01:07:34.295 17906 17920 I vision.svplaye: Background concurrent copying GC freed 206184(6MB) AllocSpace objects, 0(0B) LOS objects, 22% free, 21MB/27MB, paused 225us total 248.804ms
07-15 01:07:36.663 17906 17920 I vision.svplaye: Background concurrent copying GC freed 204511(6MB) AllocSpace objects, 1(20KB) LOS objects, 21% free, 21MB/27MB, paused 194us total 238.749ms
07-15 01:07:39.040 17906 17920 I vision.svplaye: Background concurrent copying GC freed 205028(6MB) AllocSpace objects, 0(0B) LOS objects, 21% free, 21MB/27MB, paused 223us total 256.792ms
07-15 01:07:41.427 17906 17920 I vision.svplaye: Background concurrent copying GC freed 208415(6MB) AllocSpace objects, 0(0B) LOS objects, 21% free, 21MB/27MB, paused 211us total 256.087ms
07-15 01:07:43.802 17906 17920 I vision.svplaye: Background concurrent copying GC freed 206228(6MB) AllocSpace objects, 0(0B) LOS objects, 21% free, 21MB/27MB, paused 189us total 247.690ms
07-15 01:07:46.116 17906 17920 I vision.svplaye: Background concurrent copying GC freed 202560(6MB) AllocSpace objects, 0(0B) LOS objects, 22% free, 21MB/27MB, paused 204us total 242.009ms
07-15 01:07:48.493 17906 17920 I vision.svplaye: Background concurrent copying GC freed 204370(6MB) AllocSpace objects, 0(0B) LOS objects, 21% free, 21MB/27MB, paused 199us total 249.031ms
07-15 01:07:50.881 17906 17920 I vision.svplaye: Background concurrent copying GC freed 207943(6MB) AllocSpace objects, 0(0B) LOS objects, 21% free, 21MB/27MB, paused 200us total 249.858ms
07-15 01:07:53.277 17906 17920 I vision.svplaye: Background concurrent copying GC freed 207664(6MB) AllocSpace objects, 0(0B) LOS objects, 21% free, 21MB/27MB, paused 203us total 249.834ms
07-15 01:07:55.659 17906 17920 I vision.svplaye: Background concurrent copying GC freed 207540(6MB) AllocSpace objects, 0(0B) LOS objects, 21% free, 21MB/27MB, paused 217us total 243.572ms
07-15 01:07:58.038 17906 17920 I vision.svplaye: Background concurrent copying GC freed 205842(6MB) AllocSpace objects, 0(0B) LOS objects, 21% free, 21MB/27MB, paused 215us total 250.919ms
07-15 01:08:00.403 17906 17920 I vision.svplaye: Background concurrent copying GC freed 206367(6MB) AllocSpace objects, 0(0B) LOS objects, 22% free, 21MB/27MB, paused 173us total 242.637ms
07-15 01:08:02.769 17906 17920 I vision.svplaye: Background concurrent copying GC freed 205308(6MB) AllocSpace objects, 0(0B) LOS objects, 22% free, 21MB/27MB, paused 168us total 230.761ms
07-15 01:08:05.150 17906 17920 I vision.svplaye: Background concurrent copying GC freed 204661(6MB) AllocSpace objects, 0(0B) LOS objects, 21% free, 21MB/27MB, paused 308us total 245.433ms
07-15 01:08:07.536 17906 17920 I vision.svplaye: Background concurrent copying GC freed 207817(6MB) AllocSpace objects, 0(0B) LOS objects, 21% free, 21MB/27MB, paused 418us total 241.796ms
07-15 01:08:09.922 17906 17920 I vision.svplaye: Background concurrent copying GC freed 206614(6MB) AllocSpace objects, 0(0B) LOS objects, 21% free, 21MB/27MB, paused 215us total 247.783ms
07-15 01:08:12.284 17906 17920 I vision.svplaye: Background concurrent copying GC freed 205827(6MB) AllocSpace objects, 0(0B) LOS objects, 21% free, 21MB/27MB, paused 160us total 235.470ms
07-15 01:08:14.669 17906 17920 I vision.svplaye: Background concurrent copying GC freed 204912(6MB) AllocSpace objects, 0(0B) LOS objects, 21% free, 21MB/27MB, paused 196us total 249.133ms
07-15 01:08:17.056 17906 17920 I vision.svplaye: Background concurrent copying GC freed 207062(6MB) AllocSpace objects, 0(0B) LOS objects, 21% free, 21MB/27MB, paused 194us total 252.526ms
07-15 01:08:19.423 17906 17920 I vision.svplaye: Background concurrent copying GC freed 207387(6MB) AllocSpace objects, 0(0B) LOS objects, 22% free, 21MB/27MB, paused 154us total 230.530ms
07-15 01:08:21.794 17906 17920 I vision.svplaye: Background concurrent copying GC freed 204332(6MB) AllocSpace objects, 0(0B) LOS objects, 21% free, 21MB/27MB, paused 204us total 251.225ms
07-15 01:08:24.173 17906 17920 I vision.svplaye: Background concurrent copying GC freed 207154(6MB) AllocSpace objects, 0(0B) LOS objects, 21% free, 21MB/27MB, paused 190us total 240.177ms
07-15 01:08:26.565 17906 17920 I vision.svplaye: Background concurrent copying GC freed 206036(6MB) AllocSpace objects, 0(0B) LOS objects, 21% free, 21MB/27MB, paused 323us total 250.512ms
07-15 01:08:28.944 17906 17920 I vision.svplaye: Background concurrent copying GC freed 206924(6MB) AllocSpace objects, 0(0B) LOS objects, 21% free, 21MB/27MB, paused 236us total 249.576ms
07-15 01:08:31.303 17906 17920 I vision.svplaye: Background concurrent copying GC freed 206579(6MB) AllocSpace objects, 0(0B) LOS objects, 21% free, 21MB/27MB, paused 170us total 233.855ms
07-15 01:08:33.632 17906 17920 I vision.svplaye: Background concurrent copying GC freed 202568(6MB) AllocSpace objects, 0(0B) LOS objects, 21% free, 21MB/27MB, paused 183us total 242.590ms
07-15 01:08:36.019 17906 17920 I vision.svplaye: Background concurrent copying GC freed 206300(6MB) AllocSpace objects, 0(0B) LOS objects, 21% free, 21MB/27MB, paused 200us total 249.256ms
07-15 01:08:38.390 17906 17920 I vision.svplaye: Background concurrent copying GC freed 206572(6MB) AllocSpace objects, 0(0B) LOS objects, 22% free, 21MB/27MB, paused 288us total 238.644ms
07-15 01:08:40.771 17906 17920 I vision.svplaye: Background concurrent copying GC freed 206099(6MB) AllocSpace objects, 0(0B) LOS objects, 21% free, 21MB/27MB, paused 190us total 245.933ms
07-15 01:08:43.146 17906 17920 I vision.svplaye: Background concurrent copying GC freed 206501(6MB) AllocSpace objects, 0(0B) LOS objects, 21% free, 21MB/27MB, paused 262us total 242.109ms
07-15 01:08:45.501 17906 17920 I vision.svplaye: Background concurrent copying GC freed 204605(6MB) AllocSpace objects, 0(0B) LOS objects, 22% free, 21MB/27MB, paused 236us total 240.342ms
07-15 01:08:47.816 17906 17920 I vision.svplaye: Background concurrent copying GC freed 203662(6MB) AllocSpace objects, 0(0B) LOS objects, 22% free, 21MB/27MB, paused 164us total 230.805ms
07-15 01:08:50.200 17906 17920 I vision.svplaye: Background concurrent copying GC freed 204083(6MB) AllocSpace objects, 0(0B) LOS objects, 21% free, 21MB/27MB, paused 300us total 250.937ms
07-15 01:08:52.593 17906 17920 I vision.svplaye: Background concurrent copying GC freed 207457(6MB) AllocSpace objects, 0(0B) LOS objects, 21% free, 21MB/27MB, paused 222us total 253.094ms
07-15 01:08:54.963 17906 17920 I vision.svplaye: Background concurrent copying GC freed 205237(6MB) AllocSpace objects, 0(0B) LOS objects, 21% free, 21MB/27MB, paused 212us total 251.046ms
07-15 01:08:57.357 17906 17920 I vision.svplaye: Background concurrent copying GC freed 208026(6MB) AllocSpace objects, 0(0B) LOS objects, 21% free, 21MB/27MB, paused 197us total 244.343ms
07-15 01:08:59.743 17906 17920 I vision.svplaye: Background concurrent copying GC freed 208006(6MB) AllocSpace objects, 0(0B) LOS objects, 21% free, 21MB/27MB, paused 226us total 242.566ms
07-15 01:09:02.120 17906 17920 I vision.svplaye: Background concurrent copying GC freed 206314(6MB) AllocSpace objects, 0(0B) LOS objects, 21% free, 21MB/27MB, paused 242us total 243.837ms
07-15 01:09:04.495 17906 17920 I vision.svplaye: Background concurrent copying GC freed 205075(6MB) AllocSpace objects, 0(0B) LOS objects, 21% free, 21MB/27MB, paused 193us total 245.733ms
07-15 01:09:06.872 17906 17920 I vision.svplaye: Background concurrent copying GC freed 207396(6MB) AllocSpace objects, 0(0B) LOS objects, 21% free, 21MB/27MB, paused 234us total 241.537ms
07-15 01:09:09.239 17906 17920 I vision.svplaye: Background concurrent copying GC freed 206088(6MB) AllocSpace objects, 0(0B) LOS objects, 21% free, 21MB/27MB, paused 155us total 232.170ms
07-15 01:09:11.617 17906 17920 I vision.svplaye: Background concurrent copying GC freed 205457(6MB) AllocSpace objects, 0(0B) LOS objects, 22% free, 21MB/27MB, paused 265us total 237.052ms
07-15 01:09:14.008 17906 17920 I vision.svplaye: Background concurrent copying GC freed 205272(6MB) AllocSpace objects, 0(0B) LOS objects, 21% free, 21MB/27MB, paused 230us total 247.710ms
07-15 01:09:16.395 17906 17920 I vision.svplaye: Background concurrent copying GC freed 207808(6MB) AllocSpace objects, 0(0B) LOS objects, 21% free, 21MB/27MB, paused 220us total 251.929ms
07-15 01:09:18.780 17906 17920 I vision.svplaye: Background concurrent copying GC freed 206862(6MB) AllocSpace objects, 0(0B) LOS objects, 21% free, 21MB/27MB, paused 181us total 246.273ms
07-15 01:09:21.163 17906 17920 I vision.svplaye: Background concurrent copying GC freed 206030(6MB) AllocSpace objects, 0(0B) LOS objects, 21% free, 21MB/27MB, paused 207us total 247.850ms
07-15 01:09:23.531 17906 17920 I vision.svplaye: Background concurrent copying GC freed 205872(6MB) AllocSpace objects, 0(0B) LOS objects, 21% free, 21MB/27MB, paused 192us total 249.258ms
07-15 01:09:25.914 17906 17920 I vision.svplaye: Background concurrent copying GC freed 207045(6MB) AllocSpace objects, 0(0B) LOS objects, 21% free, 21MB/27MB, paused 204us total 243.443ms
07-15 01:09:28.304 17906 17920 I vision.svplaye: Background concurrent copying GC freed 206107(6MB) AllocSpace objects, 0(0B) LOS objects, 21% free, 21MB/27MB, paused 199us total 258.580ms
07-15 01:09:30.654 17906 17920 I vision.svplaye: Background concurrent copying GC freed 206800(6MB) AllocSpace objects, 0(0B) LOS objects, 22% free, 21MB/27MB, paused 164us total 225.808ms
07-15 01:09:33.025 17906 17920 I vision.svplaye: Background concurrent copying GC freed 204443(6MB) AllocSpace objects, 0(0B) LOS objects, 22% free, 21MB/27MB, paused 479us total 240.594ms
07-15 01:09:35.406 17906 17920 I vision.svplaye: Background concurrent copying GC freed 206670(6MB) AllocSpace objects, 0(0B) LOS objects, 21% free, 21MB/27MB, paused 269us total 238.854ms
07-15 01:09:37.812 17906 17920 I vision.svplaye: Background concurrent copying GC freed 206358(6MB) AllocSpace objects, 0(0B) LOS objects, 22% free, 21MB/27MB, paused 275us total 235.349ms
07-15 01:09:40.185 17906 17920 I vision.svplaye: Background concurrent copying GC freed 204913(6MB) AllocSpace objects, 0(0B) LOS objects, 22% free, 21MB/27MB, paused 209us total 240.966ms
07-15 01:09:42.542 17906 17920 I vision.svplaye: Background concurrent copying GC freed 204365(6MB) AllocSpace objects, 0(0B) LOS objects, 21% free, 21MB/27MB, paused 240us total 243.204ms
07-15 01:09:44.926 17906 17920 I vision.svplaye: Background concurrent copying GC freed 206741(6MB) AllocSpace objects, 0(0B) LOS objects, 22% free, 21MB/27MB, paused 283us total 237.912ms
07-15 01:09:47.251 17906 17920 I vision.svplaye: Background concurrent copying GC freed 203698(6MB) AllocSpace objects, 0(0B) LOS objects, 21% free, 21MB/27MB, paused 243us total 245.445ms
07-15 01:09:49.633 17906 17920 I vision.svplaye: Background concurrent copying GC freed 206145(6MB) AllocSpace objects, 0(0B) LOS objects, 21% free, 21MB/27MB, paused 226us total 248.590ms
07-15 01:09:52.010 17906 17920 I vision.svplaye: Background concurrent copying GC freed 206432(6MB) AllocSpace objects, 0(0B) LOS objects, 22% free, 21MB/27MB, paused 187us total 241.585ms
07-15 01:09:54.382 17906 17920 I vision.svplaye: Background concurrent copying GC freed 205939(6MB) AllocSpace objects, 0(0B) LOS objects, 21% free, 21MB/27MB, paused 209us total 243.667ms
07-15 01:09:56.746 17906 17920 I vision.svplaye: Background concurrent copying GC freed 204345(6MB) AllocSpace objects, 0(0B) LOS objects, 22% free, 21MB/27MB, paused 175us total 246.895ms
07-15 01:09:59.118 17906 17920 I vision.svplaye: Background concurrent copying GC freed 205958(6MB) AllocSpace objects, 0(0B) LOS objects, 21% free, 21MB/27MB, paused 241us total 249.315ms
07-15 01:10:01.479 17906 17920 I vision.svplaye: Background concurrent copying GC freed 204832(6MB) AllocSpace objects, 0(0B) LOS objects, 21% free, 21MB/27MB, paused 198us total 238.891ms
07-15 01:10:03.842 17906 17920 I vision.svplaye: Background concurrent copying GC freed 206509(6MB) AllocSpace objects, 0(0B) LOS objects, 22% free, 21MB/27MB, paused 170us total 224.993ms
07-15 01:10:06.219 17906 17920 I vision.svplaye: Background concurrent copying GC freed 203037(6MB) AllocSpace objects, 0(0B) LOS objects, 21% free, 21MB/27MB, paused 199us total 251.368ms
07-15 01:10:08.582 17906 17920 I vision.svplaye: Background concurrent copying GC freed 206401(6MB) AllocSpace objects, 0(0B) LOS objects, 21% free, 21MB/27MB, paused 181us total 261.771ms
07-15 01:10:10.952 17906 17920 I vision.svplaye: Background concurrent copying GC freed 210301(6MB) AllocSpace objects, 0(0B) LOS objects, 22% free, 21MB/27MB, paused 159us total 229.944ms
07-15 01:10:13.353 17906 17920 I vision.svplaye: Background concurrent copying GC freed 205538(6MB) AllocSpace objects, 0(0B) LOS objects, 22% free, 21MB/27MB, paused 198us total 252.384ms
07-15 01:10:15.753 17906 17920 I vision.svplaye: Background concurrent copying GC freed 206745(6MB) AllocSpace objects, 0(0B) LOS objects, 21% free, 21MB/27MB, paused 280us total 273.445ms
07-15 01:10:18.121 17906 17920 I vision.svplaye: Background concurrent copying GC freed 209392(6MB) AllocSpace objects, 0(0B) LOS objects, 22% free, 21MB/27MB, paused 144us total 232.482ms
07-15 01:10:20.522 17906 17920 I vision.svplaye: Background concurrent copying GC freed 206396(6MB) AllocSpace objects, 0(0B) LOS objects, 21% free, 21MB/27MB, paused 200us total 258.071ms
07-15 01:10:22.911 17906 17920 I vision.svplaye: Background concurrent copying GC freed 207236(6MB) AllocSpace objects, 0(0B) LOS objects, 22% free, 21MB/27MB, paused 197us total 249.379ms
07-15 01:10:25.300 17906 17920 I vision.svplaye: Background concurrent copying GC freed 204329(6MB) AllocSpace objects, 0(0B) LOS objects, 21% free, 21MB/27MB, paused 163us total 262.060ms
07-15 01:10:27.685 17906 17920 I vision.svplaye: Background concurrent copying GC freed 208262(6MB) AllocSpace objects, 0(0B) LOS objects, 21% free, 21MB/27MB, paused 181us total 247.101ms
07-15 01:10:30.072 17906 17920 I vision.svplaye: Background concurrent copying GC freed 206373(6MB) AllocSpace objects, 0(0B) LOS objects, 21% free, 21MB/27MB, paused 295us total 253.412ms
07-15 01:10:32.457 17906 17920 I vision.svplaye: Background concurrent copying GC freed 207521(6MB) AllocSpace objects, 0(0B) LOS objects, 21% free, 21MB/27MB, paused 202us total 249.434ms
07-15 01:10:34.836 17906 17920 I vision.svplaye: Background concurrent copying GC freed 206767(6MB) AllocSpace objects, 0(0B) LOS objects, 21% free, 21MB/27MB, paused 212us total 240.408ms
07-15 01:10:37.189 17906 17920 I vision.svplaye: Background concurrent copying GC freed 205510(6MB) AllocSpace objects, 0(0B) LOS objects, 22% free, 21MB/27MB, paused 205us total 235.096ms
07-15 01:10:39.551 17906 17920 I vision.svplaye: Background concurrent copying GC freed 203083(6MB) AllocSpace objects, 0(0B) LOS objects, 21% free, 21MB/27MB, paused 494us total 246.558ms
07-15 01:10:41.954 17906 17920 I vision.svplaye: Background concurrent copying GC freed 206697(6MB) AllocSpace objects, 0(0B) LOS objects, 21% free, 21MB/27MB, paused 197us total 267.073ms
07-15 01:10:44.341 17906 17920 I vision.svplaye: Background concurrent copying GC freed 209015(6MB) AllocSpace objects, 0(0B) LOS objects, 22% free, 21MB/27MB, paused 155us total 249.055ms
07-15 01:10:46.687 17906 17920 I vision.svplaye: Background concurrent copying GC freed 203534(6MB) AllocSpace objects, 0(0B) LOS objects, 21% free, 21MB/27MB, paused 220us total 245.300ms
07-15 01:10:49.043 17906 17920 I vision.svplaye: Background concurrent copying GC freed 205789(6MB) AllocSpace objects, 0(0B) LOS objects, 22% free, 21MB/27MB, paused 308us total 243.199ms
07-15 01:10:51.438 17906 17920 I vision.svplaye: Background concurrent copying GC freed 205200(6MB) AllocSpace objects, 0(0B) LOS objects, 22% free, 21MB/27MB, paused 229us total 243.490ms
07-15 01:10:53.840 17906 17920 I vision.svplaye: Background concurrent copying GC freed 203217(6MB) AllocSpace objects, 0(0B) LOS objects, 21% free, 21MB/27MB, paused 202us total 247.474ms
07-15 01:10:56.236 17906 17920 I vision.svplaye: Background concurrent copying GC freed 207256(6MB) AllocSpace objects, 0(0B) LOS objects, 22% free, 21MB/27MB, paused 203us total 237.083ms
07-15 01:10:58.639 17906 17920 I vision.svplaye: Background concurrent copying GC freed 205244(6MB) AllocSpace objects, 0(0B) LOS objects, 22% free, 21MB/27MB, paused 179us total 241.742ms
07-15 01:11:01.049 17906 17920 I vision.svplaye: Background concurrent copying GC freed 206434(6MB) AllocSpace objects, 0(0B) LOS objects, 21% free, 21MB/27MB, paused 332us total 248.933ms
07-15 01:11:03.459 17906 17920 I vision.svplaye: Background concurrent copying GC freed 207488(6MB) AllocSpace objects, 0(0B) LOS objects, 22% free, 21MB/27MB, paused 201us total 250.776ms
07-15 01:11:05.853 17906 17920 I vision.svplaye: Background concurrent copying GC freed 205916(6MB) AllocSpace objects, 0(0B) LOS objects, 22% free, 21MB/27MB, paused 203us total 242.445ms
07-15 01:11:08.245 17906 17920 I vision.svplaye: Background concurrent copying GC freed 204053(6MB) AllocSpace objects, 0(0B) LOS objects, 22% free, 21MB/27MB, paused 277us total 257.752ms
07-15 01:11:10.655 17906 17920 I vision.svplaye: Background concurrent copying GC freed 206798(6MB) AllocSpace objects, 0(0B) LOS objects, 22% free, 21MB/27MB, paused 201us total 245.767ms
07-15 01:11:13.050 17906 17920 I vision.svplaye: Background concurrent copying GC freed 205992(6MB) AllocSpace objects, 0(0B) LOS objects, 22% free, 21MB/27MB, paused 212us total 238.008ms
07-15 01:11:15.453 17906 17920 I vision.svplaye: Background concurrent copying GC freed 205493(6MB) AllocSpace objects, 0(0B) LOS objects, 22% free, 21MB/27MB, paused 185us total 251.252ms
07-15 01:11:17.839 17906 17920 I vision.svplaye: Background concurrent copying GC freed 205295(6MB) AllocSpace objects, 0(0B) LOS objects, 21% free, 21MB/27MB, paused 163us total 242.473ms
07-15 01:11:20.247 17906 17920 I vision.svplaye: Background concurrent copying GC freed 206100(6MB) AllocSpace objects, 0(0B) LOS objects, 21% free, 21MB/27MB, paused 164us total 274.037ms
07-15 01:11:22.592 17906 17920 I vision.svplaye: Background concurrent copying GC freed 206652(6MB) AllocSpace objects, 0(0B) LOS objects, 22% free, 21MB/27MB, paused 170us total 231.966ms
07-15 01:11:24.979 17906 17920 I vision.svplaye: Background concurrent copying GC freed 204898(6MB) AllocSpace objects, 0(0B) LOS objects, 21% free, 21MB/27MB, paused 173us total 238.862ms
07-15 01:11:27.345 17906 17920 I vision.svplaye: Background concurrent copying GC freed 205538(6MB) AllocSpace objects, 1(20KB) LOS objects, 21% free, 21MB/27MB, paused 273us total 248.902ms
07-15 01:11:29.737 17906 17920 I vision.svplaye: Background concurrent copying GC freed 206691(6MB) AllocSpace objects, 0(0B) LOS objects, 21% free, 21MB/27MB, paused 257us total 255.788ms
07-15 01:11:32.107 17906 17920 I vision.svplaye: Background concurrent copying GC freed 207479(6MB) AllocSpace objects, 0(0B) LOS objects, 22% free, 21MB/27MB, paused 220us total 237.753ms
07-15 01:11:34.480 17906 17920 I vision.svplaye: Background concurrent copying GC freed 205598(6MB) AllocSpace objects, 0(0B) LOS objects, 22% free, 21MB/27MB, paused 187us total 242.885ms
07-15 01:11:36.847 17906 17920 I vision.svplaye: Background concurrent copying GC freed 204679(6MB) AllocSpace objects, 0(0B) LOS objects, 22% free, 21MB/27MB, paused 201us total 244.041ms
07-15 01:11:39.203 17906 17920 I vision.svplaye: Background concurrent copying GC freed 205296(6MB) AllocSpace objects, 0(0B) LOS objects, 21% free, 21MB/27MB, paused 214us total 240.875ms
07-15 01:11:41.592 17906 17920 I vision.svplaye: Background concurrent copying GC freed 206226(6MB) AllocSpace objects, 0(0B) LOS objects, 21% free, 21MB/27MB, paused 239us total 254.876ms
07-15 01:11:43.971 17906 17920 I vision.svplaye: Background concurrent copying GC freed 206424(6MB) AllocSpace objects, 0(0B) LOS objects, 22% free, 21MB/27MB, paused 194us total 237.509ms
07-15 01:11:46.342 17906 17920 I vision.svplaye: Background concurrent copying GC freed 205469(6MB) AllocSpace objects, 0(0B) LOS objects, 21% free, 21MB/27MB, paused 217us total 242.657ms
07-15 01:11:48.697 17906 17920 I vision.svplaye: Background concurrent copying GC freed 204971(6MB) AllocSpace objects, 0(0B) LOS objects, 21% free, 21MB/27MB, paused 277us total 256.650ms
07-15 01:11:51.090 17906 17920 I vision.svplaye: Background concurrent copying GC freed 206966(6MB) AllocSpace objects, 0(0B) LOS objects, 21% free, 21MB/27MB, paused 195us total 250.574ms
07-15 01:11:53.461 17906 17920 I vision.svplaye: Background concurrent copying GC freed 208103(6MB) AllocSpace objects, 0(0B) LOS objects, 21% free, 21MB/27MB, paused 192us total 237.503ms
07-15 01:11:55.860 17906 17920 I vision.svplaye: Background concurrent copying GC freed 206323(6MB) AllocSpace objects, 0(0B) LOS objects, 21% free, 21MB/27MB, paused 242us total 258.923ms
07-15 01:11:58.270 17906 17920 I vision.svplaye: Background concurrent copying GC freed 208529(6MB) AllocSpace objects, 0(0B) LOS objects, 21% free, 21MB/27MB, paused 243us total 266.028ms
07-15 01:12:00.634 17906 17920 I vision.svplaye: Background concurrent copying GC freed 208619(6MB) AllocSpace objects, 0(0B) LOS objects, 22% free, 21MB/27MB, paused 147us total 225.385ms
07-15 01:12:03.018 17906 17920 I vision.svplaye: Background concurrent copying GC freed 203943(6MB) AllocSpace objects, 0(0B) LOS objects, 21% free, 21MB/27MB, paused 236us total 252.841ms
07-15 01:12:05.403 17906 17920 I vision.svplaye: Background concurrent copying GC freed 207947(6MB) AllocSpace objects, 0(0B) LOS objects, 21% free, 21MB/27MB, paused 240us total 242.233ms
07-15 01:12:07.774 17906 17920 I vision.svplaye: Background concurrent copying GC freed 205354(6MB) AllocSpace objects, 0(0B) LOS objects, 21% free, 21MB/27MB, paused 164us total 237.342ms
07-15 01:12:10.157 17906 17920 I vision.svplaye: Background concurrent copying GC freed 206949(6MB) AllocSpace objects, 0(0B) LOS objects, 22% free, 21MB/27MB, paused 257us total 241.224ms
07-15 01:12:12.540 17906 17920 I vision.svplaye: Background concurrent copying GC freed 205431(6MB) AllocSpace objects, 0(0B) LOS objects, 21% free, 21MB/27MB, paused 207us total 250.895ms
07-15 01:12:14.921 17906 17920 I vision.svplaye: Background concurrent copying GC freed 207395(6MB) AllocSpace objects, 0(0B) LOS objects, 21% free, 21MB/27MB, paused 239us total 250.338ms
07-15 01:12:17.294 17906 17920 I vision.svplaye: Background concurrent copying GC freed 206122(6MB) AllocSpace objects, 0(0B) LOS objects, 21% free, 21MB/27MB, paused 213us total 243.910ms
07-15 01:12:19.680 17906 17920 I vision.svplaye: Background concurrent copying GC freed 206478(6MB) AllocSpace objects, 0(0B) LOS objects, 22% free, 21MB/27MB, paused 290us total 245.679ms
07-15 01:12:22.045 17906 17920 I vision.svplaye: Background concurrent copying GC freed 205042(6MB) AllocSpace objects, 0(0B) LOS objects, 22% free, 21MB/27MB, paused 224us total 243.306ms
07-15 01:12:24.448 17906 17920 I vision.svplaye: Background concurrent copying GC freed 205761(6MB) AllocSpace objects, 0(0B) LOS objects, 21% free, 21MB/27MB, paused 227us total 270.848ms
07-15 01:12:26.832 17906 17920 I vision.svplaye: Background concurrent copying GC freed 209435(6MB) AllocSpace objects, 0(0B) LOS objects, 22% free, 21MB/27MB, paused 258us total 250.904ms
07-15 01:12:29.209 17906 17920 I vision.svplaye: Background concurrent copying GC freed 206472(6MB) AllocSpace objects, 0(0B) LOS objects, 22% free, 21MB/27MB, paused 211us total 247.148ms
07-15 01:12:31.582 17906 17920 I vision.svplaye: Background concurrent copying GC freed 204891(6MB) AllocSpace objects, 0(0B) LOS objects, 21% free, 21MB/27MB, paused 200us total 251.350ms
07-15 01:12:33.967 17906 17920 I vision.svplaye: Background concurrent copying GC freed 206733(6MB) AllocSpace objects, 0(0B) LOS objects, 21% free, 21MB/27MB, paused 295us total 252.338ms
07-15 01:12:36.334 17906 17920 I vision.svplaye: Background concurrent copying GC freed 206555(6MB) AllocSpace objects, 0(0B) LOS objects, 22% free, 21MB/27MB, paused 229us total 240.030ms
07-15 01:12:38.704 17906 17920 I vision.svplaye: Background concurrent copying GC freed 205520(6MB) AllocSpace objects, 0(0B) LOS objects, 22% free, 21MB/27MB, paused 172us total 239.936ms
07-15 01:12:41.096 17906 17920 I vision.svplaye: Background concurrent copying GC freed 205259(6MB) AllocSpace objects, 0(0B) LOS objects, 21% free, 21MB/27MB, paused 396us total 271.808ms
07-15 01:12:43.475 17906 17920 I vision.svplaye: Background concurrent copying GC freed 206992(6MB) AllocSpace objects, 0(0B) LOS objects, 21% free, 21MB/27MB, paused 202us total 254.993ms
07-15 01:12:45.865 17906 17920 I vision.svplaye: Background concurrent copying GC freed 207773(6MB) AllocSpace objects, 0(0B) LOS objects, 21% free, 21MB/27MB, paused 193us total 256.164ms
07-15 01:12:48.209 17906 17920 I vision.svplaye: Background concurrent copying GC freed 204230(6MB) AllocSpace objects, 0(0B) LOS objects, 21% free, 21MB/27MB, paused 418us total 259.434ms
07-15 01:12:50.596 17906 17920 I vision.svplaye: Background concurrent copying GC freed 207658(6MB) AllocSpace objects, 0(0B) LOS objects, 21% free, 21MB/27MB, paused 194us total 247.350ms
07-15 01:12:52.970 17906 17920 I vision.svplaye: Background concurrent copying GC freed 206896(6MB) AllocSpace objects, 0(0B) LOS objects, 21% free, 21MB/27MB, paused 226us total 237.292ms
07-15 01:12:55.353 17906 17920 I vision.svplaye: Background concurrent copying GC freed 205662(6MB) AllocSpace objects, 0(0B) LOS objects, 21% free, 21MB/27MB, paused 214us total 248.723ms
07-15 01:12:57.739 17906 17920 I vision.svplaye: Background concurrent copying GC freed 206865(6MB) AllocSpace objects, 0(0B) LOS objects, 21% free, 21MB/27MB, paused 218us total 251.320ms
07-15 01:13:00.130 17906 17920 I vision.svplaye: Background concurrent copying GC freed 206992(6MB) AllocSpace objects, 0(0B) LOS objects, 21% free, 21MB/27MB, paused 188us total 255.926ms
07-15 01:13:02.201 17906 17906 I SVStartup: state localReady=true checking=false activated=true playableSource=true route=home
07-15 01:13:02.442 17906 17920 I vision.svplaye: Background concurrent copying GC freed 204933(6MB) AllocSpace objects, 0(0B) LOS objects, 22% free, 21MB/27MB, paused 187us total 233.784ms
07-15 01:13:02.494 17906 17932 I vision.svplaye: Waiting for a blocking GC ProfileSaver
07-15 01:13:02.716 17906 17920 I vision.svplaye: NativeAlloc concurrent copying GC freed 2820(178KB) AllocSpace objects, 2(104KB) LOS objects, 20% free, 22MB/28MB, paused 152us total 228.300ms
07-15 01:13:02.716 17906 17932 I vision.svplaye: WaitForGcToComplete blocked ProfileSaver on HeapTrim for 221.956ms
07-15 01:13:02.956 17906 17957 I OpenGLRenderer: Davey! duration=774ms; Flags=0, IntendedVsync=16827075654650, Vsync=16827092338000, OldestInputEvent=9223372036854775807, NewestInputEvent=0, HandleInputStart=16827098208387, AnimationStart=16827098245695, PerformTraversalsStart=16827416010695, DrawStart=16827416226925, SyncQueued=16827841318618, SyncStart=16827841439618, IssueDrawCommandsStart=16827842342925, SwapBuffers=16827848637925, FrameCompleted=16827850119925, DequeueBufferDuration=352000, QueueBufferDuration=464000, 
07-15 01:13:02.973 17906 17906 I Choreographer: Skipped 45 frames!  The application may be doing too much work on its main thread.
07-15 01:13:03.045 17906 17957 I OpenGLRenderer: Davey! duration=830ms; Flags=0, IntendedVsync=16827109036090, Vsync=16827859786840, OldestInputEvent=9223372036854775807, NewestInputEvent=0, HandleInputStart=16827867300618, AnimationStart=16827867335771, PerformTraversalsStart=16827877960541, DrawStart=16827878213618, SyncQueued=16827889759541, SyncStart=16827889957387, IssueDrawCommandsStart=16827890725310, SwapBuffers=16827938725233, FrameCompleted=16827939716695, DequeueBufferDuration=263000, QueueBufferDuration=393000, 
07-15 01:13:04.259 17906 17920 I vision.svplaye: Background concurrent copying GC freed 153041(5MB) AllocSpace objects, 1(24KB) LOS objects, 20% free, 23MB/29MB, paused 172us total 301.187ms
07-15 01:13:05.856 17906 17920 I vision.svplaye: Background concurrent copying GC freed 217685(6MB) AllocSpace objects, 0(0B) LOS objects, 20% free, 23MB/29MB, paused 216us total 261.775ms
07-15 01:13:07.450 17906 17920 I vision.svplaye: Background concurrent copying GC freed 202570(6MB) AllocSpace objects, 0(0B) LOS objects, 20% free, 23MB/29MB, paused 160us total 269.798ms
07-15 01:13:09.053 17906 17920 I vision.svplaye: Background concurrent copying GC freed 207232(6MB) AllocSpace objects, 0(0B) LOS objects, 20% free, 23MB/29MB, paused 261us total 273.985ms
07-15 01:13:10.660 17906 17920 I vision.svplaye: Background concurrent copying GC freed 207491(6MB) AllocSpace objects, 0(0B) LOS objects, 20% free, 23MB/29MB, paused 155us total 256.631ms
07-15 01:13:12.277 17906 17920 I vision.svplaye: Background concurrent copying GC freed 206498(6MB) AllocSpace objects, 0(0B) LOS objects, 20% free, 23MB/29MB, paused 174us total 264.618ms
07-15 01:13:13.882 17906 17920 I vision.svplaye: Background concurrent copying GC freed 208214(6MB) AllocSpace objects, 0(0B) LOS objects, 20% free, 23MB/29MB, paused 204us total 259.057ms
07-15 01:13:15.467 17906 17920 I vision.svplaye: Background concurrent copying GC freed 204583(6MB) AllocSpace objects, 0(0B) LOS objects, 20% free, 23MB/29MB, paused 136us total 256.442ms
07-15 01:13:17.078 17906 17920 I vision.svplaye: Background concurrent copying GC freed 207293(6MB) AllocSpace objects, 0(0B) LOS objects, 20% free, 23MB/29MB, paused 246us total 267.231ms
