--------- beginning of main
07-17 05:05:41.400  7151  7151 E vision.svplaye: Not starting debugger since process cannot load the jdwp agent.
07-17 05:05:41.400  7151  7157 I vision.svplaye: Bumping SignalCatcher priority from 5 to 10
07-17 05:05:41.558  7151  7151 W vision.svplaye: Accessing hidden method Landroid/media/MediaFormat;->getInteger(Ljava/lang/String;I)I (dark greylist, linking)
07-17 05:05:41.803  7151  7151 I SVStartup: onCreate: MainActivity launcher with system splash theme
07-17 05:05:41.839  7151  7151 I PerfStatsManager: start attempting to update service remote
07-17 05:05:42.051  7151  7151 W vision.svplaye: Accessing hidden method Landroid/graphics/Canvas;->drawPatch(Landroid/graphics/NinePatch;Landroid/graphics/Rect;Landroid/graphics/Paint;)V (dark greylist, linking)
07-17 05:05:42.051  7151  7151 W vision.svplaye: Accessing hidden method Landroid/graphics/Canvas;->drawPatch(Landroid/graphics/NinePatch;Landroid/graphics/RectF;Landroid/graphics/Paint;)V (dark greylist, linking)
07-17 05:05:42.053  7151  7151 W vision.svplaye: Accessing hidden method Landroid/graphics/Paint;->getTextBounds(Ljava/lang/CharSequence;IILandroid/graphics/Rect;)V (dark greylist, linking)
07-17 05:05:42.434  7151  7151 W vision.svplaye: Accessing hidden method Landroid/view/RenderNode;->getScaleX()F (dark greylist, linking)
07-17 05:05:42.435  7151  7151 W vision.svplaye: Accessing hidden method Landroid/view/RenderNode;->setClipToOutline(Z)Z (dark greylist, linking)
07-17 05:05:42.435  7151  7151 W vision.svplaye: Accessing hidden method Landroid/view/RenderNode;->setClipToOutline(Z)Z (dark greylist, linking)
07-17 05:05:42.435  7151  7151 W vision.svplaye: Accessing hidden method Landroid/view/RenderNode;->setLayerType(I)Z (dark greylist, linking)
07-17 05:05:42.436  7151  7151 I chatty  : uid=10247(com.smartvision.svplayer) identical 20 lines
07-17 05:05:42.465  7151  7175 I chatty  : uid=10247(com.smartvision.svplayer) RenderThread expire 9 lines
07-17 05:05:43.344  7151  7193 I chatty  : uid=10247(com.smartvision.svplayer) expire 132 lines
07-17 05:05:43.403  7151  7151 I chatty  : uid=10247(com.smartvision.svplayer) expire 10 lines
07-17 05:05:43.516  7151  7200 I chatty  : uid=10247(com.smartvision.svplayer) expire 1 line
07-17 05:05:43.517  7151  7199 I chatty  : uid=10247(com.smartvision.svplayer) expire 1 line
07-17 05:05:44.368  7151  7175 I chatty  : uid=10247(com.smartvision.svplayer) RenderThread expire 2 lines
07-17 05:06:24.653  7151  7156 I chatty  : uid=10247(com.smartvision.svplayer) Jit thread pool expire 2 lines
07-17 05:06:26.276  7151  7161 I chatty  : uid=10247(com.smartvision.svplayer) HeapTaskDaemon expire 1 line
07-17 05:06:26.792  7151  7175 I chatty  : uid=10247(com.smartvision.svplayer) RenderThread expire 4 lines
07-17 05:06:28.235  7151  7161 I chatty  : uid=10247(com.smartvision.svplayer) HeapTaskDaemon expire 9 lines
07-17 05:06:28.572  7151  7381 I chatty  : uid=10247(com.smartvision.svplayer) expire 1 line
07-17 05:06:28.947  7151  7151 I chatty  : uid=10247(com.smartvision.svplayer) expire 2 lines
07-17 05:06:30.063  7151  7159 I chatty  : uid=10247(com.smartvision.svplayer) FinalizerDaemon expire 1 line
07-17 05:06:30.456  7151  7411 I chatty  : uid=10247(com.smartvision.svplayer) expire 1 line
07-17 05:06:41.500  7151  7161 I chatty  : uid=10247(com.smartvision.svplayer) HeapTaskDaemon expire 11 lines
07-17 05:07:01.559  7151  7161 I chatty  : uid=10247(com.smartvision.svplayer) HeapTaskDaemon expire 11 lines
07-17 05:07:21.786  7151  7161 I chatty  : uid=10247(com.smartvision.svplayer) HeapTaskDaemon expire 11 lines
07-17 05:07:41.378  7151  7161 I chatty  : uid=10247(com.smartvision.svplayer) HeapTaskDaemon expire 10 lines
07-17 05:07:56.704  7151  7151 I chatty  : uid=10247(com.smartvision.svplayer) expire 49 lines
07-17 05:07:58.105  7151  7161 I chatty  : uid=10247(com.smartvision.svplayer) HeapTaskDaemon expire 2 lines
07-17 05:07:58.474  7151  7634 I chatty  : uid=10247(com.smartvision.svplayer) ExoPlayer:Playb expire 9 lines
07-17 05:07:58.556  7151  7641 I chatty  : uid=10247(com.smartvision.svplayer) JNISurfaceTextu expire 64 lines
07-17 05:07:58.590  7151  7640 I chatty  : uid=10247(com.smartvision.svplayer) MediaCodec_loop expire 14 lines
07-17 05:07:58.699  7151  7650 I chatty  : uid=10247(com.smartvision.svplayer) MediaCodec_loop expire 9 lines
07-17 05:07:59.091  7151  7175 I chatty  : uid=10247(com.smartvision.svplayer) RenderThread expire 1082 lines
07-17 05:07:59.904  7151  7641 I chatty  : uid=10247(com.smartvision.svplayer) JNISurfaceTextu expire 101 lines
07-17 05:07:59.945  7151  7161 I chatty  : uid=10247(com.smartvision.svplayer) HeapTaskDaemon expire 2 lines
07-17 05:08:00.126  7151  7151 I chatty  : uid=10247(com.smartvision.svplayer) expire 24 lines
07-17 05:08:01.937  7151  7175 I chatty  : uid=10247(com.smartvision.svplayer) RenderThread expire 663 lines
07-17 05:08:01.944  7151  7641 I chatty  : uid=10247(com.smartvision.svplayer) JNISurfaceTextu expire 117 lines
07-17 05:08:02.246  7151  7161 I chatty  : uid=10247(com.smartvision.svplayer) HeapTaskDaemon expire 1 line
07-17 05:08:03.735  7151  7650 I chatty  : uid=10247(com.smartvision.svplayer) MediaCodec_loop expire 1 line
07-17 05:08:03.785  7151  7640 I chatty  : uid=10247(com.smartvision.svplayer) MediaCodec_loop expire 1 line
07-17 05:08:04.276  7151  7151 W RenderThread: type=1400 audit(0.0:251054): avc: denied { open } for path="/dev/__properties__/u:object_r:vendor_default_prop:s0" dev="tmpfs" ino=355 scontext=u:r:untrusted_app:s0:c247,c256,c512,c768 tcontext=u:object_r:vendor_default_prop:s0 tclass=file permissive=0
07-17 05:08:04.284  7151  7641 E FrameEvents: updateAcquireFence: Did not find frame.
07-17 05:08:04.285  7151  7175 E libc    : Access denied finding property "vendor.dpframework.log.enable"
07-17 05:08:04.286  7151  7175 I chatty  : uid=10247(com.smartvision.svplayer) RenderThread identical 16 lines
07-17 05:08:04.286  7151  7175 E libc    : Access denied finding property "vendor.dpframework.log.enable"
07-17 05:08:04.286  7151  7175 E libc    : Access denied finding property "vendor.dpframework.dumpbuffer.checksum"
07-17 05:08:04.286  7151  7175 E libc    : Access denied finding property "vendor.dpframework.dumpbuffer.enable"
07-17 05:08:04.295  7151  7641 E FrameEvents: updateAcquireFence: Did not find frame.
07-17 05:08:04.376  7151  7641 I chatty  : uid=10247(com.smartvision.svplayer) JNISurfaceTextu identical 4 lines
07-17 05:08:04.395  7151  7641 E FrameEvents: updateAcquireFence: Did not find frame.
07-17 05:08:04.408  7151  7175 E libc    : Access denied finding property "vendor.dpframework.log.enable"
07-17 05:08:04.410  7151  7175 I chatty  : uid=10247(com.smartvision.svplayer) RenderThread identical 16 lines
07-17 05:08:04.410  7151  7175 E libc    : Access denied finding property "vendor.dpframework.log.enable"
07-17 05:08:04.410  7151  7175 E libc    : Access denied finding property "vendor.dpframework.dumpbuffer.checksum"
07-17 05:08:04.410  7151  7175 E libc    : Access denied finding property "vendor.dpframework.dumpbuffer.enable"
07-17 05:08:04.416  7151  7641 E FrameEvents: updateAcquireFence: Did not find frame.
07-17 05:08:04.467  7151  7641 I chatty  : uid=10247(com.smartvision.svplayer) JNISurfaceTextu identical 2 lines
07-17 05:08:04.478  7151  7641 E FrameEvents: updateAcquireFence: Did not find frame.
07-17 05:08:04.499  7151  7641 E FrameEvents: updateAcquireFence: Did not find frame.
07-17 05:08:04.508  7151  7641 I chatty  : uid=10247(com.smartvision.svplayer) JNISurfaceTextu identical 1 line
07-17 05:08:04.528  7151  7641 E FrameEvents: updateAcquireFence: Did not find frame.
07-17 05:08:04.537  7151  7175 E libc    : Access denied finding property "vendor.dpframework.log.enable"
07-17 05:08:04.540  7151  7175 I chatty  : uid=10247(com.smartvision.svplayer) RenderThread identical 16 lines
07-17 05:08:04.541  7151  7175 E libc    : Access denied finding property "vendor.dpframework.log.enable"
07-17 05:08:04.541  7151  7175 E libc    : Access denied finding property "vendor.dpframework.dumpbuffer.checksum"
07-17 05:08:04.541  7151  7175 E libc    : Access denied finding property "vendor.dpframework.dumpbuffer.enable"
07-17 05:08:04.560  7151  7641 E FrameEvents: updateAcquireFence: Did not find frame.
07-17 05:08:04.579  7151  7641 I chatty  : uid=10247(com.smartvision.svplayer) JNISurfaceTextu identical 1 line
07-17 05:08:04.600  7151  7641 E FrameEvents: updateAcquireFence: Did not find frame.
07-17 05:08:04.604  7151  7161 I vision.svplaye: Background concurrent copying GC freed 161292(5MB) AllocSpace objects, 0(0B) LOS objects, 21% free, 22MB/28MB, paused 181us total 237.516ms
07-17 05:08:04.611  7151  7641 E FrameEvents: updateAcquireFence: Did not find frame.
07-17 05:08:04.632  7151  7641 I chatty  : uid=10247(com.smartvision.svplayer) JNISurfaceTextu identical 1 line
07-17 05:08:04.662  7151  7641 E FrameEvents: updateAcquireFence: Did not find frame.
07-17 05:08:04.665  7151  7175 E libc    : Access denied finding property "vendor.dpframework.log.enable"
07-17 05:08:04.667  7151  7175 I chatty  : uid=10247(com.smartvision.svplayer) RenderThread identical 16 lines
07-17 05:08:04.668  7151  7175 E libc    : Access denied finding property "vendor.dpframework.log.enable"
07-17 05:08:04.668  7151  7175 E libc    : Access denied finding property "vendor.dpframework.dumpbuffer.checksum"
07-17 05:08:04.668  7151  7175 E libc    : Access denied finding property "vendor.dpframework.dumpbuffer.enable"
07-17 05:08:04.682  7151  7641 E FrameEvents: updateAcquireFence: Did not find frame.
07-17 05:08:04.763  7151  7641 I chatty  : uid=10247(com.smartvision.svplayer) JNISurfaceTextu identical 4 lines
07-17 05:08:04.783  7151  7641 E FrameEvents: updateAcquireFence: Did not find frame.
07-17 05:08:04.793  7151  7175 E libc    : Access denied finding property "vendor.dpframework.log.enable"
07-17 05:08:04.793  7151  7175 I chatty  : uid=10247(com.smartvision.svplayer) RenderThread identical 3 lines
07-17 05:08:04.793  7151  7175 E libc    : Access denied finding property "vendor.dpframework.log.enable"
07-17 05:08:04.793  7151  7641 E FrameEvents: updateAcquireFence: Did not find frame.
07-17 05:08:04.793  7151  7175 E libc    : Access denied finding property "vendor.dpframework.log.enable"
07-17 05:08:04.794  7151  7175 I chatty  : uid=10247(com.smartvision.svplayer) RenderThread identical 11 lines
07-17 05:08:04.794  7151  7175 E libc    : Access denied finding property "vendor.dpframework.log.enable"
07-17 05:08:04.794  7151  7175 E libc    : Access denied finding property "vendor.dpframework.dumpbuffer.checksum"
07-17 05:08:04.794  7151  7175 E libc    : Access denied finding property "vendor.dpframework.dumpbuffer.enable"
07-17 05:08:04.798  7151  7175 E libc    : Access denied finding property "vendor.dpframework.log.enable"
07-17 05:08:04.799  7151  7175 I chatty  : uid=10247(com.smartvision.svplayer) RenderThread identical 16 lines
07-17 05:08:04.799  7151  7175 E libc    : Access denied finding property "vendor.dpframework.log.enable"
07-17 05:08:04.799  7151  7175 E libc    : Access denied finding property "vendor.dpframework.dumpbuffer.checksum"
07-17 05:08:04.800  7151  7175 E libc    : Access denied finding property "vendor.dpframework.dumpbuffer.enable"
07-17 05:08:04.815  7151  7641 E FrameEvents: updateAcquireFence: Did not find frame.
07-17 05:08:04.896  7151  7641 I chatty  : uid=10247(com.smartvision.svplayer) JNISurfaceTextu identical 4 lines
07-17 05:08:04.916  7151  7641 E FrameEvents: updateAcquireFence: Did not find frame.
07-17 05:08:04.921  7151  7175 E libc    : Access denied finding property "vendor.dpframework.log.enable"
07-17 05:08:04.922  7151  7175 I chatty  : uid=10247(com.smartvision.svplayer) RenderThread identical 16 lines
07-17 05:08:04.922  7151  7175 E libc    : Access denied finding property "vendor.dpframework.log.enable"
07-17 05:08:04.922  7151  7175 E libc    : Access denied finding property "vendor.dpframework.dumpbuffer.checksum"
07-17 05:08:04.923  7151  7175 E libc    : Access denied finding property "vendor.dpframework.dumpbuffer.enable"
07-17 05:08:04.926  7151  7175 E libc    : Access denied finding property "vendor.dpframework.log.enable"
07-17 05:08:04.926  7151  7175 E libc    : Access denied finding property "vendor.dpframework.log.enable"
07-17 05:08:04.926  7151  7641 E FrameEvents: updateAcquireFence: Did not find frame.
07-17 05:08:04.926  7151  7175 E libc    : Access denied finding property "vendor.dpframework.log.enable"
07-17 05:08:04.927  7151  7175 I chatty  : uid=10247(com.smartvision.svplayer) RenderThread identical 14 lines
07-17 05:08:04.928  7151  7175 E libc    : Access denied finding property "vendor.dpframework.log.enable"
07-17 05:08:04.928  7151  7175 E libc    : Access denied finding property "vendor.dpframework.dumpbuffer.checksum"
07-17 05:08:04.928  7151  7175 E libc    : Access denied finding property "vendor.dpframework.dumpbuffer.enable"
07-17 05:08:04.968  7151  7641 E FrameEvents: updateAcquireFence: Did not find frame.
07-17 05:08:05.017  7151  7641 I chatty  : uid=10247(com.smartvision.svplayer) JNISurfaceTextu identical 3 lines
07-17 05:08:05.028  7151  7641 E FrameEvents: updateAcquireFence: Did not find frame.
07-17 05:08:05.048  7151  7175 E libc    : Access denied finding property "vendor.dpframework.log.enable"
07-17 05:08:05.049  7151  7175 I chatty  : uid=10247(com.smartvision.svplayer) RenderThread identical 16 lines
07-17 05:08:05.050  7151  7175 E libc    : Access denied finding property "vendor.dpframework.log.enable"
07-17 05:08:05.050  7151  7175 E libc    : Access denied finding property "vendor.dpframework.dumpbuffer.checksum"
07-17 05:08:05.050  7151  7175 E libc    : Access denied finding property "vendor.dpframework.dumpbuffer.enable"
07-17 05:08:05.070  7151  7641 E FrameEvents: updateAcquireFence: Did not find frame.
07-17 05:08:05.078  7151  7641 I chatty  : uid=10247(com.smartvision.svplayer) JNISurfaceTextu identical 1 line
07-17 05:08:05.098  7151  7641 E FrameEvents: updateAcquireFence: Did not find frame.
07-17 05:08:05.111  7151  7175 E libc    : Access denied finding property "vendor.dpframework.log.enable"
07-17 05:08:05.112  7151  7175 I chatty  : uid=10247(com.smartvision.svplayer) RenderThread identical 16 lines
07-17 05:08:05.112  7151  7175 E libc    : Access denied finding property "vendor.dpframework.log.enable"
07-17 05:08:05.112  7151  7175 E libc    : Access denied finding property "vendor.dpframework.dumpbuffer.checksum"
07-17 05:08:05.112  7151  7175 E libc    : Access denied finding property "vendor.dpframework.dumpbuffer.enable"
07-17 05:08:05.119  7151  7641 E FrameEvents: updateAcquireFence: Did not find frame.
07-17 05:08:05.131  7151  7641 I chatty  : uid=10247(com.smartvision.svplayer) JNISurfaceTextu identical 1 line
07-17 05:08:05.162  7151  7641 E FrameEvents: updateAcquireFence: Did not find frame.
07-17 05:08:05.173  7151  7175 E libc    : Access denied finding property "vendor.dpframework.log.enable"
07-17 05:08:05.175  7151  7175 I chatty  : uid=10247(com.smartvision.svplayer) RenderThread identical 16 lines
07-17 05:08:05.176  7151  7175 E libc    : Access denied finding property "vendor.dpframework.log.enable"
07-17 05:08:05.176  7151  7175 E libc    : Access denied finding property "vendor.dpframework.dumpbuffer.checksum"
07-17 05:08:05.176  7151  7175 E libc    : Access denied finding property "vendor.dpframework.dumpbuffer.enable"
07-17 05:08:05.183  7151  7641 E FrameEvents: updateAcquireFence: Did not find frame.
07-17 05:08:05.215  7151  7641 I chatty  : uid=10247(com.smartvision.svplayer) JNISurfaceTextu identical 2 lines
07-17 05:08:05.226  7151  7641 E FrameEvents: updateAcquireFence: Did not find frame.
07-17 05:08:05.236  7151  7175 E libc    : Access denied finding property "vendor.dpframework.log.enable"
07-17 05:08:05.237  7151  7175 I chatty  : uid=10247(com.smartvision.svplayer) RenderThread identical 16 lines
07-17 05:08:05.237  7151  7175 E libc    : Access denied finding property "vendor.dpframework.log.enable"
07-17 05:08:05.238  7151  7175 E libc    : Access denied finding property "vendor.dpframework.dumpbuffer.checksum"
07-17 05:08:05.238  7151  7175 E libc    : Access denied finding property "vendor.dpframework.dumpbuffer.enable"
07-17 05:08:05.266  7151  7641 E FrameEvents: updateAcquireFence: Did not find frame.
07-17 05:08:05.276  7151  7641 I chatty  : uid=10247(com.smartvision.svplayer) JNISurfaceTextu identical 1 line
07-17 05:08:05.296  7151  7641 E FrameEvents: updateAcquireFence: Did not find frame.
07-17 05:08:05.296  7151  7151 W RenderThread: type=1400 audit(0.0:251310): avc: denied { open } for path="/dev/__properties__/u:object_r:vendor_default_prop:s0" dev="tmpfs" ino=355 scontext=u:r:untrusted_app:s0:c247,c256,c512,c768 tcontext=u:object_r:vendor_default_prop:s0 tclass=file permissive=0
07-17 05:08:05.299  7151  7175 E libc    : Access denied finding property "vendor.dpframework.log.enable"
07-17 05:08:05.300  7151  7175 I chatty  : uid=10247(com.smartvision.svplayer) RenderThread identical 4 lines
07-17 05:08:05.300  7151  7175 E libc    : Access denied finding property "vendor.dpframework.log.enable"
07-17 05:08:05.296  7151  7151 W RenderThread: type=1400 audit(0.0:251311): avc: denied { open } for path="/dev/__properties__/u:object_r:vendor_default_prop:s0" dev="tmpfs" ino=355 scontext=u:r:untrusted_app:s0:c247,c256,c512,c768 tcontext=u:object_r:vendor_default_prop:s0 tclass=file permissive=0
07-17 05:08:05.300  7151  7175 E libc    : Access denied finding property "vendor.dpframework.log.enable"
07-17 05:08:05.300  7151  7175 E libc    : Access denied finding property "vendor.dpframework.log.enable"
07-17 05:08:05.296  7151  7151 W RenderThread: type=1400 audit(0.0:251312): avc: denied { open } for path="/dev/__properties__/u:object_r:vendor_default_prop:s0" dev="tmpfs" ino=355 scontext=u:r:untrusted_app:s0:c247,c256,c512,c768 tcontext=u:object_r:vendor_default_prop:s0 tclass=file permissive=0
07-17 05:08:05.300  7151  7175 E libc    : Access denied finding property "vendor.dpframework.log.enable"
07-17 05:08:05.296  7151  7151 W RenderThread: type=1400 audit(0.0:251313): avc: denied { open } for path="/dev/__properties__/u:object_r:vendor_default_prop:s0" dev="tmpfs" ino=355 scontext=u:r:untrusted_app:s0:c247,c256,c512,c768 tcontext=u:object_r:vendor_default_prop:s0 tclass=file permissive=0
07-17 05:08:05.300  7151  7175 E libc    : Access denied finding property "vendor.dpframework.log.enable"
07-17 05:08:05.300  7151  7175 E libc    : Access denied finding property "vendor.dpframework.log.enable"
07-17 05:08:05.296  7151  7151 W RenderThread: type=1400 audit(0.0:251314): avc: denied { open } for path="/dev/__properties__/u:object_r:vendor_default_prop:s0" dev="tmpfs" ino=355 scontext=u:r:untrusted_app:s0:c247,c256,c512,c768 tcontext=u:object_r:vendor_default_prop:s0 tclass=file permissive=0
07-17 05:08:05.300  7151  7175 E libc    : Access denied finding property "vendor.dpframework.log.enable"
07-17 05:08:05.300  7151  7175 I chatty  : uid=10247(com.smartvision.svplayer) RenderThread identical 5 lines
07-17 05:08:05.301  7151  7175 E libc    : Access denied finding property "vendor.dpframework.log.enable"
07-17 05:08:05.301  7151  7175 E libc    : Access denied finding property "vendor.dpframework.dumpbuffer.checksum"
07-17 05:08:05.301  7151  7175 E libc    : Access denied finding property "vendor.dpframework.dumpbuffer.enable"
07-17 05:08:05.317  7151  7641 E FrameEvents: updateAcquireFence: Did not find frame.
07-17 05:08:05.398  7151  7641 I chatty  : uid=10247(com.smartvision.svplayer) JNISurfaceTextu identical 4 lines
07-17 05:08:05.419  7151  7641 E FrameEvents: updateAcquireFence: Did not find frame.
07-17 05:08:05.424  7151  7175 E libc    : Access denied finding property "vendor.dpframework.log.enable"
07-17 05:08:05.425  7151  7175 I chatty  : uid=10247(com.smartvision.svplayer) RenderThread identical 16 lines
07-17 05:08:05.425  7151  7175 E libc    : Access denied finding property "vendor.dpframework.log.enable"
07-17 05:08:05.426  7151  7175 E libc    : Access denied finding property "vendor.dpframework.dumpbuffer.checksum"
07-17 05:08:05.426  7151  7175 E libc    : Access denied finding property "vendor.dpframework.dumpbuffer.enable"
07-17 05:08:05.430  7151  7641 E FrameEvents: updateAcquireFence: Did not find frame.
07-17 05:08:05.512  7151  7641 I chatty  : uid=10247(com.smartvision.svplayer) JNISurfaceTextu identical 4 lines
07-17 05:08:05.532  7151  7641 E FrameEvents: updateAcquireFence: Did not find frame.
07-17 05:08:05.549  7151  7175 E libc    : Access denied finding property "vendor.dpframework.log.enable"
07-17 05:08:05.551  7151  7175 I chatty  : uid=10247(com.smartvision.svplayer) RenderThread identical 16 lines
07-17 05:08:05.551  7151  7175 E libc    : Access denied finding property "vendor.dpframework.log.enable"
07-17 05:08:05.551  7151  7175 E libc    : Access denied finding property "vendor.dpframework.dumpbuffer.checksum"
07-17 05:08:05.551  7151  7175 E libc    : Access denied finding property "vendor.dpframework.dumpbuffer.enable"
07-17 05:08:05.562  7151  7641 E FrameEvents: updateAcquireFence: Did not find frame.
07-17 05:08:05.632  7151  7641 I chatty  : uid=10247(com.smartvision.svplayer) JNISurfaceTextu identical 4 lines
07-17 05:08:05.652  7151  7641 E FrameEvents: updateAcquireFence: Did not find frame.
07-17 05:08:05.675  7151  7175 E libc    : Access denied finding property "vendor.dpframework.log.enable"
07-17 05:08:05.677  7151  7175 I chatty  : uid=10247(com.smartvision.svplayer) RenderThread identical 16 lines
07-17 05:08:05.679  7151  7175 E libc    : Access denied finding property "vendor.dpframework.log.enable"
07-17 05:08:05.679  7151  7175 E libc    : Access denied finding property "vendor.dpframework.dumpbuffer.checksum"
07-17 05:08:05.679  7151  7175 E libc    : Access denied finding property "vendor.dpframework.dumpbuffer.enable"
07-17 05:08:05.683  7151  7641 E FrameEvents: updateAcquireFence: Did not find frame.
07-17 05:08:05.784  7151  7641 I chatty  : uid=10247(com.smartvision.svplayer) JNISurfaceTextu identical 5 lines
07-17 05:08:05.794  7151  7641 E FrameEvents: updateAcquireFence: Did not find frame.
07-17 05:08:05.801  7151  7175 E libc    : Access denied finding property "vendor.dpframework.log.enable"
07-17 05:08:05.802  7151  7175 I chatty  : uid=10247(com.smartvision.svplayer) RenderThread identical 16 lines
07-17 05:08:05.803  7151  7175 E libc    : Access denied finding property "vendor.dpframework.log.enable"
07-17 05:08:05.803  7151  7175 E libc    : Access denied finding property "vendor.dpframework.dumpbuffer.checksum"
07-17 05:08:05.803  7151  7175 E libc    : Access denied finding property "vendor.dpframework.dumpbuffer.enable"
07-17 05:08:05.815  7151  7641 E FrameEvents: updateAcquireFence: Did not find frame.
07-17 05:08:05.835  7151  7641 E FrameEvents: updateAcquireFence: Did not find frame.
07-17 05:08:05.845  7151  7641 E FrameEvents: updateAcquireFence: Did not find frame.
07-17 05:08:05.895  7151  7641 I chatty  : uid=10247(com.smartvision.svplayer) JNISurfaceTextu identical 2 lines
07-17 05:08:05.915  7151  7641 E FrameEvents: updateAcquireFence: Did not find frame.
07-17 05:08:05.928  7151  7175 E libc    : Access denied finding property "vendor.dpframework.log.enable"
07-17 05:08:05.929  7151  7175 I chatty  : uid=10247(com.smartvision.svplayer) RenderThread identical 16 lines
07-17 05:08:05.929  7151  7175 E libc    : Access denied finding property "vendor.dpframework.log.enable"
07-17 05:08:05.929  7151  7175 E libc    : Access denied finding property "vendor.dpframework.dumpbuffer.checksum"
07-17 05:08:05.930  7151  7175 E libc    : Access denied finding property "vendor.dpframework.dumpbuffer.enable"
07-17 05:08:05.936  7151  7641 E FrameEvents: updateAcquireFence: Did not find frame.
07-17 05:08:06.026  7151  7641 I chatty  : uid=10247(com.smartvision.svplayer) JNISurfaceTextu identical 5 lines
07-17 05:08:06.046  7151  7641 E FrameEvents: updateAcquireFence: Did not find frame.
07-17 05:08:06.053  7151  7175 E libc    : Access denied finding property "vendor.dpframework.log.enable"
07-17 05:08:06.054  7151  7175 I chatty  : uid=10247(com.smartvision.svplayer) RenderThread identical 7 lines
07-17 05:08:06.054  7151  7175 E libc    : Access denied finding property "vendor.dpframework.log.enable"
07-17 05:08:06.054  7151  7175 E libc    : Access denied finding property "vendor.dpframework.log.enable"
07-17 05:08:06.055  7151  7175 I chatty  : uid=10247(com.smartvision.svplayer) RenderThread identical 7 lines
07-17 05:08:06.055  7151  7175 E libc    : Access denied finding property "vendor.dpframework.log.enable"
07-17 05:08:06.055  7151  7175 E libc    : Access denied finding property "vendor.dpframework.dumpbuffer.checksum"
07-17 05:08:06.055  7151  7175 E libc    : Access denied finding property "vendor.dpframework.dumpbuffer.enable"
07-17 05:08:06.077  7151  7641 E FrameEvents: updateAcquireFence: Did not find frame.
07-17 05:08:06.210  7151  7641 I chatty  : uid=10247(com.smartvision.svplayer) JNISurfaceTextu identical 7 lines
07-17 05:08:06.230  7151  7641 E FrameEvents: updateAcquireFence: Did not find frame.
07-17 05:08:06.243  7151  7175 E libc    : Access denied finding property "vendor.dpframework.log.enable"
07-17 05:08:06.244  7151  7175 I chatty  : uid=10247(com.smartvision.svplayer) RenderThread identical 16 lines
07-17 05:08:06.244  7151  7175 E libc    : Access denied finding property "vendor.dpframework.log.enable"
07-17 05:08:06.244  7151  7175 E libc    : Access denied finding property "vendor.dpframework.dumpbuffer.checksum"
07-17 05:08:06.244  7151  7175 E libc    : Access denied finding property "vendor.dpframework.dumpbuffer.enable"
07-17 05:08:06.250  7151  7641 E FrameEvents: updateAcquireFence: Did not find frame.
07-17 05:08:06.280  7151  7641 E FrameEvents: updateAcquireFence: Did not find frame.
07-17 05:08:06.301  7151  7641 E FrameEvents: updateAcquireFence: Did not find frame.
07-17 05:08:06.332  7151  7641 I chatty  : uid=10247(com.smartvision.svplayer) JNISurfaceTextu identical 2 lines
07-17 05:08:06.352  7151  7641 E FrameEvents: updateAcquireFence: Did not find frame.
07-17 05:08:06.368  7151  7175 E libc    : Access denied finding property "vendor.dpframework.log.enable"
07-17 05:08:06.368  7151  7175 I chatty  : uid=10247(com.smartvision.svplayer) RenderThread identical 3 lines
07-17 05:08:06.368  7151  7175 E libc    : Access denied finding property "vendor.dpframework.log.enable"
07-17 05:08:06.366  7151  7151 W RenderThread: type=1400 audit(0.0:251470): avc: denied { open } for path="/dev/__properties__/u:object_r:vendor_default_prop:s0" dev="tmpfs" ino=355 scontext=u:r:untrusted_app:s0:c247,c256,c512,c768 tcontext=u:object_r:vendor_default_prop:s0 tclass=file permissive=0
07-17 05:08:06.368  7151  7175 E libc    : Access denied finding property "vendor.dpframework.log.enable"
07-17 05:08:06.368  7151  7175 E libc    : Access denied finding property "vendor.dpframework.log.enable"
07-17 05:08:06.366  7151  7151 W RenderThread: type=1400 audit(0.0:251471): avc: denied { open } for path="/dev/__properties__/u:object_r:vendor_default_prop:s0" dev="tmpfs" ino=355 scontext=u:r:untrusted_app:s0:c247,c256,c512,c768 tcontext=u:object_r:vendor_default_prop:s0 tclass=file permissive=0
07-17 05:08:06.368  7151  7175 E libc    : Access denied finding property "vendor.dpframework.log.enable"
07-17 05:08:06.368  7151  7175 I chatty  : uid=10247(com.smartvision.svplayer) RenderThread identical 2 lines
07-17 05:08:06.368  7151  7175 E libc    : Access denied finding property "vendor.dpframework.log.enable"
07-17 05:08:06.366  7151  7151 W RenderThread: type=1400 audit(0.0:251472): avc: denied { open } for path="/dev/__properties__/u:object_r:vendor_default_prop:s0" dev="tmpfs" ino=355 scontext=u:r:untrusted_app:s0:c247,c256,c512,c768 tcontext=u:object_r:vendor_default_prop:s0 tclass=file permissive=0
07-17 05:08:06.368  7151  7175 E libc    : Access denied finding property "vendor.dpframework.log.enable"
07-17 05:08:06.369  7151  7175 I chatty  : uid=10247(com.smartvision.svplayer) RenderThread identical 2 lines
07-17 05:08:06.369  7151  7175 E libc    : Access denied finding property "vendor.dpframework.log.enable"
07-17 05:08:06.366  7151  7151 W RenderThread: type=1400 audit(0.0:251473): avc: denied { open } for path="/dev/__properties__/u:object_r:vendor_default_prop:s0" dev="tmpfs" ino=355 scontext=u:r:untrusted_app:s0:c247,c256,c512,c768 tcontext=u:object_r:vendor_default_prop:s0 tclass=file permissive=0
07-17 05:08:06.369  7151  7175 E libc    : Access denied finding property "vendor.dpframework.log.enable"
07-17 05:08:06.369  7151  7175 I chatty  : uid=10247(com.smartvision.svplayer) RenderThread identical 1 line
07-17 05:08:06.369  7151  7175 E libc    : Access denied finding property "vendor.dpframework.log.enable"
07-17 05:08:06.369  7151  7175 E libc    : Access denied finding property "vendor.dpframework.dumpbuffer.checksum"
07-17 05:08:06.369  7151  7175 E libc    : Access denied finding property "vendor.dpframework.dumpbuffer.enable"
07-17 05:08:06.366  7151  7151 W RenderThread: type=1400 audit(0.0:251474): avc: denied { open } for path="/dev/__properties__/u:object_r:vendor_default_prop:s0" dev="tmpfs" ino=355 scontext=u:r:untrusted_app:s0:c247,c256,c512,c768 tcontext=u:object_r:vendor_default_prop:s0 tclass=file permissive=0
07-17 05:08:06.382  7151  7641 E FrameEvents: updateAcquireFence: Did not find frame.
07-17 05:08:06.401  7151  7641 I chatty  : uid=10247(com.smartvision.svplayer) JNISurfaceTextu identical 1 line
07-17 05:08:06.411  7151  7641 E FrameEvents: updateAcquireFence: Did not find frame.
07-17 05:08:06.432  7151  7641 E FrameEvents: updateAcquireFence: Did not find frame.
07-17 05:08:06.452  7151  7641 I chatty  : uid=10247(com.smartvision.svplayer) JNISurfaceTextu identical 1 line
07-17 05:08:06.484  7151  7641 E FrameEvents: updateAcquireFence: Did not find frame.
07-17 05:08:06.493  7151  7175 E libc    : Access denied finding property "vendor.dpframework.log.enable"
07-17 05:08:06.495  7151  7175 I chatty  : uid=10247(com.smartvision.svplayer) RenderThread identical 15 lines
07-17 05:08:06.495  7151  7175 E libc    : Access denied finding property "vendor.dpframework.log.enable"
07-17 05:08:06.495  7151  7641 E FrameEvents: updateAcquireFence: Did not find frame.
07-17 05:08:06.495  7151  7175 E libc    : Access denied finding property "vendor.dpframework.log.enable"
07-17 05:08:06.495  7151  7175 E libc    : Access denied finding property "vendor.dpframework.dumpbuffer.checksum"
07-17 05:08:06.495  7151  7175 E libc    : Access denied finding property "vendor.dpframework.dumpbuffer.enable"
07-17 05:08:06.499  7151  7175 E libc    : Access denied finding property "vendor.dpframework.log.enable"
07-17 05:08:06.500  7151  7175 I chatty  : uid=10247(com.smartvision.svplayer) RenderThread identical 16 lines
07-17 05:08:06.500  7151  7175 E libc    : Access denied finding property "vendor.dpframework.log.enable"
07-17 05:08:06.500  7151  7175 E libc    : Access denied finding property "vendor.dpframework.dumpbuffer.checksum"
07-17 05:08:06.500  7151  7175 E libc    : Access denied finding property "vendor.dpframework.dumpbuffer.enable"
07-17 05:08:06.514  7151  7641 E FrameEvents: updateAcquireFence: Did not find frame.
07-17 05:08:06.597  7151  7641 I chatty  : uid=10247(com.smartvision.svplayer) JNISurfaceTextu identical 4 lines
07-17 05:08:06.617  7151  7641 E FrameEvents: updateAcquireFence: Did not find frame.
07-17 05:08:06.618  7151  7175 E libc    : Access denied finding property "vendor.dpframework.log.enable"
07-17 05:08:06.619  7151  7175 I chatty  : uid=10247(com.smartvision.svplayer) RenderThread identical 16 lines
07-17 05:08:06.619  7151  7175 E libc    : Access denied finding property "vendor.dpframework.log.enable"
07-17 05:08:06.620  7151  7175 E libc    : Access denied finding property "vendor.dpframework.dumpbuffer.checksum"
07-17 05:08:06.620  7151  7175 E libc    : Access denied finding property "vendor.dpframework.dumpbuffer.enable"
07-17 05:08:06.627  7151  7641 E FrameEvents: updateAcquireFence: Did not find frame.
07-17 05:08:06.718  7151  7641 I chatty  : uid=10247(com.smartvision.svplayer) JNISurfaceTextu identical 4 lines
07-17 05:08:06.728  7151  7641 E FrameEvents: updateAcquireFence: Did not find frame.
07-17 05:08:06.743  7151  7175 E libc    : Access denied finding property "vendor.dpframework.log.enable"
07-17 05:08:06.744  7151  7175 I chatty  : uid=10247(com.smartvision.svplayer) RenderThread identical 16 lines
07-17 05:08:06.744  7151  7175 E libc    : Access denied finding property "vendor.dpframework.log.enable"
07-17 05:08:06.744  7151  7175 E libc    : Access denied finding property "vendor.dpframework.dumpbuffer.checksum"
07-17 05:08:06.745  7151  7175 E libc    : Access denied finding property "vendor.dpframework.dumpbuffer.enable"
07-17 05:08:06.749  7151  7641 E FrameEvents: updateAcquireFence: Did not find frame.
07-17 05:08:06.831  7151  7641 I chatty  : uid=10247(com.smartvision.svplayer) JNISurfaceTextu identical 4 lines
07-17 05:08:06.851  7151  7641 E FrameEvents: updateAcquireFence: Did not find frame.
07-17 05:08:06.869  7151  7175 E libc    : Access denied finding property "vendor.dpframework.log.enable"
07-17 05:08:06.870  7151  7175 I chatty  : uid=10247(com.smartvision.svplayer) RenderThread identical 16 lines
07-17 05:08:06.870  7151  7175 E libc    : Access denied finding property "vendor.dpframework.log.enable"
07-17 05:08:06.870  7151  7175 E libc    : Access denied finding property "vendor.dpframework.dumpbuffer.checksum"
07-17 05:08:06.870  7151  7175 E libc    : Access denied finding property "vendor.dpframework.dumpbuffer.enable"
07-17 05:08:06.883  7151  7641 E FrameEvents: updateAcquireFence: Did not find frame.
07-17 05:08:06.912  7151  7641 I chatty  : uid=10247(com.smartvision.svplayer) JNISurfaceTextu identical 2 lines
07-17 05:08:06.932  7151  7641 E FrameEvents: updateAcquireFence: Did not find frame.
07-17 05:08:06.950  7151  7161 I vision.svplaye: Background concurrent copying GC freed 179066(6MB) AllocSpace objects, 0(0B) LOS objects, 21% free, 22MB/28MB, paused 323us total 140.989ms
07-17 05:08:06.953  7151  7641 E FrameEvents: updateAcquireFence: Did not find frame.
07-17 05:08:06.983  7151  7641 E FrameEvents: updateAcquireFence: Did not find frame.
07-17 05:08:06.995  7151  7175 E libc    : Access denied finding property "vendor.dpframework.log.enable"
07-17 05:08:06.996  7151  7175 I chatty  : uid=10247(com.smartvision.svplayer) RenderThread identical 16 lines
07-17 05:08:06.996  7151  7175 E libc    : Access denied finding property "vendor.dpframework.log.enable"
07-17 05:08:06.996  7151  7175 E libc    : Access denied finding property "vendor.dpframework.dumpbuffer.checksum"
07-17 05:08:06.996  7151  7175 E libc    : Access denied finding property "vendor.dpframework.dumpbuffer.enable"
07-17 05:08:07.003  7151  7641 E FrameEvents: updateAcquireFence: Did not find frame.
07-17 05:08:07.094  7151  7641 I chatty  : uid=10247(com.smartvision.svplayer) JNISurfaceTextu identical 5 lines
07-17 05:08:07.114  7151  7641 E FrameEvents: updateAcquireFence: Did not find frame.
07-17 05:08:07.121  7151  7175 E libc    : Access denied finding property "vendor.dpframework.log.enable"
07-17 05:08:07.122  7151  7175 I chatty  : uid=10247(com.smartvision.svplayer) RenderThread identical 16 lines
07-17 05:08:07.122  7151  7175 E libc    : Access denied finding property "vendor.dpframework.log.enable"
07-17 05:08:07.122  7151  7175 E libc    : Access denied finding property "vendor.dpframework.dumpbuffer.checksum"
07-17 05:08:07.122  7151  7175 E libc    : Access denied finding property "vendor.dpframework.dumpbuffer.enable"
07-17 05:08:07.134  7151  7641 E FrameEvents: updateAcquireFence: Did not find frame.
07-17 05:08:07.234  7151  7641 I chatty  : uid=10247(com.smartvision.svplayer) JNISurfaceTextu identical 5 lines
07-17 05:08:07.244  7151  7641 E FrameEvents: updateAcquireFence: Did not find frame.
07-17 05:08:07.247  7151  7175 E libc    : Access denied finding property "vendor.dpframework.log.enable"
07-17 05:08:07.248  7151  7175 I chatty  : uid=10247(com.smartvision.svplayer) RenderThread identical 16 lines
07-17 05:08:07.248  7151  7175 E libc    : Access denied finding property "vendor.dpframework.log.enable"
07-17 05:08:07.249  7151  7175 E libc    : Access denied finding property "vendor.dpframework.dumpbuffer.checksum"
07-17 05:08:07.249  7151  7175 E libc    : Access denied finding property "vendor.dpframework.dumpbuffer.enable"
07-17 05:08:07.286  7151  7641 E FrameEvents: updateAcquireFence: Did not find frame.
07-17 05:08:07.397  7151  7641 I chatty  : uid=10247(com.smartvision.svplayer) JNISurfaceTextu identical 6 lines
07-17 05:08:07.417  7151  7641 E FrameEvents: updateAcquireFence: Did not find frame.
07-17 05:08:07.434  7151  7175 E libc    : Access denied finding property "vendor.dpframework.log.enable"
07-17 05:08:07.434  7151  7175 I chatty  : uid=10247(com.smartvision.svplayer) RenderThread identical 3 lines
07-17 05:08:07.434  7151  7175 E libc    : Access denied finding property "vendor.dpframework.log.enable"
07-17 05:08:07.426  7151  7151 W RenderThread: type=1400 audit(0.0:251650): avc: denied { open } for path="/dev/__properties__/u:object_r:vendor_default_prop:s0" dev="tmpfs" ino=355 scontext=u:r:untrusted_app:s0:c247,c256,c512,c768 tcontext=u:object_r:vendor_default_prop:s0 tclass=file permissive=0
07-17 05:08:07.434  7151  7175 E libc    : Access denied finding property "vendor.dpframework.log.enable"
07-17 05:08:07.435  7151  7175 I chatty  : uid=10247(com.smartvision.svplayer) RenderThread identical 4 lines
07-17 05:08:07.435  7151  7175 E libc    : Access denied finding property "vendor.dpframework.log.enable"
07-17 05:08:07.426  7151  7151 W RenderThread: type=1400 audit(0.0:251651): avc: denied { open } for path="/dev/__properties__/u:object_r:vendor_default_prop:s0" dev="tmpfs" ino=355 scontext=u:r:untrusted_app:s0:c247,c256,c512,c768 tcontext=u:object_r:vendor_default_prop:s0 tclass=file permissive=0
07-17 05:08:07.435  7151  7175 E libc    : Access denied finding property "vendor.dpframework.log.enable"
07-17 05:08:07.426  7151  7151 W RenderThread: type=1400 audit(0.0:251652): avc: denied { open } for path="/dev/__properties__/u:object_r:vendor_default_prop:s0" dev="tmpfs" ino=355 scontext=u:r:untrusted_app:s0:c247,c256,c512,c768 tcontext=u:object_r:vendor_default_prop:s0 tclass=file permissive=0
07-17 05:08:07.435  7151  7175 E libc    : Access denied finding property "vendor.dpframework.log.enable"
07-17 05:08:07.435  7151  7175 E libc    : Access denied finding property "vendor.dpframework.log.enable"
07-17 05:08:07.426  7151  7151 W RenderThread: type=1400 audit(0.0:251653): avc: denied { open } for path="/dev/__properties__/u:object_r:vendor_default_prop:s0" dev="tmpfs" ino=355 scontext=u:r:untrusted_app:s0:c247,c256,c512,c768 tcontext=u:object_r:vendor_default_prop:s0 tclass=file permissive=0
07-17 05:08:07.426  7151  7151 W RenderThread: type=1400 audit(0.0:251654): avc: denied { open } for path="/dev/__properties__/u:object_r:vendor_default_prop:s0" dev="tmpfs" ino=355 scontext=u:r:untrusted_app:s0:c247,c256,c512,c768 tcontext=u:object_r:vendor_default_prop:s0 tclass=file permissive=0
07-17 05:08:07.435  7151  7175 E libc    : Access denied finding property "vendor.dpframework.log.enable"
07-17 05:08:07.435  7151  7175 I chatty  : uid=10247(com.smartvision.svplayer) RenderThread identical 2 lines
07-17 05:08:07.435  7151  7175 E libc    : Access denied finding property "vendor.dpframework.log.enable"
07-17 05:08:07.435  7151  7175 E libc    : Access denied finding property "vendor.dpframework.dumpbuffer.checksum"
07-17 05:08:07.435  7151  7175 E libc    : Access denied finding property "vendor.dpframework.dumpbuffer.enable"
07-17 05:08:07.438  7151  7641 E FrameEvents: updateAcquireFence: Did not find frame.
07-17 05:08:07.439  7151  7175 E libc    : Access denied finding property "vendor.dpframework.log.enable"
07-17 05:08:07.440  7151  7175 I chatty  : uid=10247(com.smartvision.svplayer) RenderThread identical 16 lines
07-17 05:08:07.440  7151  7175 E libc    : Access denied finding property "vendor.dpframework.log.enable"
07-17 05:08:07.440  7151  7175 E libc    : Access denied finding property "vendor.dpframework.dumpbuffer.checksum"
07-17 05:08:07.441  7151  7175 E libc    : Access denied finding property "vendor.dpframework.dumpbuffer.enable"
07-17 05:08:07.448  7151  7641 E FrameEvents: updateAcquireFence: Did not find frame.
07-17 05:08:07.532  7151  7641 I chatty  : uid=10247(com.smartvision.svplayer) JNISurfaceTextu identical 4 lines
07-17 05:08:07.553  7151  7641 E FrameEvents: updateAcquireFence: Did not find frame.
07-17 05:08:07.559  7151  7175 E libc    : Access denied finding property "vendor.dpframework.log.enable"
07-17 05:08:07.560  7151  7175 I chatty  : uid=10247(com.smartvision.svplayer) RenderThread identical 16 lines
07-17 05:08:07.561  7151  7175 E libc    : Access denied finding property "vendor.dpframework.log.enable"
07-17 05:08:07.561  7151  7175 E libc    : Access denied finding property "vendor.dpframework.dumpbuffer.checksum"
07-17 05:08:07.561  7151  7175 E libc    : Access denied finding property "vendor.dpframework.dumpbuffer.enable"
07-17 05:08:07.583  7151  7641 E FrameEvents: updateAcquireFence: Did not find frame.
07-17 05:08:07.736  7151  7641 I chatty  : uid=10247(com.smartvision.svplayer) JNISurfaceTextu identical 8 lines
07-17 05:08:07.746  7151  7641 E FrameEvents: updateAcquireFence: Did not find frame.
07-17 05:08:07.747  7151  7175 E libc    : Access denied finding property "vendor.dpframework.log.enable"
07-17 05:08:07.748  7151  7175 I chatty  : uid=10247(com.smartvision.svplayer) RenderThread identical 16 lines
07-17 05:08:07.748  7151  7175 E libc    : Access denied finding property "vendor.dpframework.log.enable"
07-17 05:08:07.749  7151  7175 E libc    : Access denied finding property "vendor.dpframework.dumpbuffer.checksum"
07-17 05:08:07.749  7151  7175 E libc    : Access denied finding property "vendor.dpframework.dumpbuffer.enable"
07-17 05:08:07.787  7151  7641 E FrameEvents: updateAcquireFence: Did not find frame.
07-17 05:08:07.896  7151  7641 I chatty  : uid=10247(com.smartvision.svplayer) JNISurfaceTextu identical 6 lines
07-17 05:08:07.917  7151  7641 E FrameEvents: updateAcquireFence: Did not find frame.
07-17 05:08:07.934  7151  7175 E libc    : Access denied finding property "vendor.dpframework.log.enable"
07-17 05:08:07.935  7151  7175 I chatty  : uid=10247(com.smartvision.svplayer) RenderThread identical 16 lines
07-17 05:08:07.935  7151  7175 E libc    : Access denied finding property "vendor.dpframework.log.enable"
07-17 05:08:07.936  7151  7175 E libc    : Access denied finding property "vendor.dpframework.dumpbuffer.checksum"
07-17 05:08:07.936  7151  7175 E libc    : Access denied finding property "vendor.dpframework.dumpbuffer.enable"
07-17 05:08:07.939  7151  7641 E FrameEvents: updateAcquireFence: Did not find frame.
07-17 05:08:07.939  7151  7175 E libc    : Access denied finding property "vendor.dpframework.log.enable"
07-17 05:08:07.941  7151  7175 I chatty  : uid=10247(com.smartvision.svplayer) RenderThread identical 16 lines
07-17 05:08:07.941  7151  7175 E libc    : Access denied finding property "vendor.dpframework.log.enable"
07-17 05:08:07.941  7151  7175 E libc    : Access denied finding property "vendor.dpframework.dumpbuffer.checksum"
07-17 05:08:07.941  7151  7175 E libc    : Access denied finding property "vendor.dpframework.dumpbuffer.enable"
07-17 05:08:07.948  7151  7641 E FrameEvents: updateAcquireFence: Did not find frame.
07-17 05:08:08.029  7151  7641 I chatty  : uid=10247(com.smartvision.svplayer) JNISurfaceTextu identical 4 lines
07-17 05:08:08.049  7151  7641 E FrameEvents: updateAcquireFence: Did not find frame.
07-17 05:08:08.060  7151  7175 E libc    : Access denied finding property "vendor.dpframework.log.enable"
07-17 05:08:08.061  7151  7175 I chatty  : uid=10247(com.smartvision.svplayer) RenderThread identical 16 lines
07-17 05:08:08.061  7151  7175 E libc    : Access denied finding property "vendor.dpframework.log.enable"
07-17 05:08:08.061  7151  7175 E libc    : Access denied finding property "vendor.dpframework.dumpbuffer.checksum"
07-17 05:08:08.061  7151  7175 E libc    : Access denied finding property "vendor.dpframework.dumpbuffer.enable"
07-17 05:08:08.082  7151  7641 E FrameEvents: updateAcquireFence: Did not find frame.
07-17 05:08:08.235  7151  7641 I chatty  : uid=10247(com.smartvision.svplayer) JNISurfaceTextu identical 8 lines
07-17 05:08:08.245  7151  7641 E FrameEvents: updateAcquireFence: Did not find frame.
07-17 05:08:08.248  7151  7175 E libc    : Access denied finding property "vendor.dpframework.log.enable"
07-17 05:08:08.249  7151  7175 I chatty  : uid=10247(com.smartvision.svplayer) RenderThread identical 16 lines
07-17 05:08:08.250  7151  7175 E libc    : Access denied finding property "vendor.dpframework.log.enable"
07-17 05:08:08.250  7151  7175 E libc    : Access denied finding property "vendor.dpframework.dumpbuffer.checksum"
07-17 05:08:08.250  7151  7175 E libc    : Access denied finding property "vendor.dpframework.dumpbuffer.enable"
07-17 05:08:08.286  7151  7641 E FrameEvents: updateAcquireFence: Did not find frame.
07-17 05:08:08.397  7151  7641 I chatty  : uid=10247(com.smartvision.svplayer) JNISurfaceTextu identical 6 lines
07-17 05:08:08.416  7151  7641 E FrameEvents: updateAcquireFence: Did not find frame.
07-17 05:08:08.435  7151  7175 E libc    : Access denied finding property "vendor.dpframework.log.enable"
07-17 05:08:08.436  7151  7175 I chatty  : uid=10247(com.smartvision.svplayer) RenderThread identical 16 lines
07-17 05:08:08.436  7151  7175 E libc    : Access denied finding property "vendor.dpframework.log.enable"
07-17 05:08:08.436  7151  7175 E libc    : Access denied finding property "vendor.dpframework.dumpbuffer.checksum"
07-17 05:08:08.436  7151  7175 E libc    : Access denied finding property "vendor.dpframework.dumpbuffer.enable"
07-17 05:08:08.438  7151  7641 E FrameEvents: updateAcquireFence: Did not find frame.
07-17 05:08:08.440  7151  7175 E libc    : Access denied finding property "vendor.dpframework.log.enable"
07-17 05:08:08.436  7151  7151 W RenderThread: type=1400 audit(0.0:251830): avc: denied { open } for path="/dev/__properties__/u:object_r:vendor_default_prop:s0" dev="tmpfs" ino=355 scontext=u:r:untrusted_app:s0:c247,c256,c512,c768 tcontext=u:object_r:vendor_default_prop:s0 tclass=file permissive=0
07-17 05:08:08.440  7151  7175 E libc    : Access denied finding property "vendor.dpframework.log.enable"
07-17 05:08:08.440  7151  7175 E libc    : Access denied finding property "vendor.dpframework.log.enable"
07-17 05:08:08.436  7151  7151 W RenderThread: type=1400 audit(0.0:251831): avc: denied { open } for path="/dev/__properties__/u:object_r:vendor_default_prop:s0" dev="tmpfs" ino=355 scontext=u:r:untrusted_app:s0:c247,c256,c512,c768 tcontext=u:object_r:vendor_default_prop:s0 tclass=file permissive=0
07-17 05:08:08.440  7151  7175 E libc    : Access denied finding property "vendor.dpframework.log.enable"
07-17 05:08:08.436  7151  7151 W RenderThread: type=1400 audit(0.0:251832): avc: denied { open } for path="/dev/__properties__/u:object_r:vendor_default_prop:s0" dev="tmpfs" ino=355 scontext=u:r:untrusted_app:s0:c247,c256,c512,c768 tcontext=u:object_r:vendor_default_prop:s0 tclass=file permissive=0
07-17 05:08:08.440  7151  7175 E libc    : Access denied finding property "vendor.dpframework.log.enable"
07-17 05:08:08.436  7151  7151 W RenderThread: type=1400 audit(0.0:251833): avc: denied { open } for path="/dev/__properties__/u:object_r:vendor_default_prop:s0" dev="tmpfs" ino=355 scontext=u:r:untrusted_app:s0:c247,c256,c512,c768 tcontext=u:object_r:vendor_default_prop:s0 tclass=file permissive=0
07-17 05:08:08.440  7151  7175 E libc    : Access denied finding property "vendor.dpframework.log.enable"
07-17 05:08:08.436  7151  7151 W RenderThread: type=1400 audit(0.0:251834): avc: denied { open } for path="/dev/__properties__/u:object_r:vendor_default_prop:s0" dev="tmpfs" ino=355 scontext=u:r:untrusted_app:s0:c247,c256,c512,c768 tcontext=u:object_r:vendor_default_prop:s0 tclass=file permissive=0
07-17 05:08:08.440  7151  7175 E libc    : Access denied finding property "vendor.dpframework.log.enable"
07-17 05:08:08.441  7151  7175 I chatty  : uid=10247(com.smartvision.svplayer) RenderThread identical 10 lines
07-17 05:08:08.441  7151  7175 E libc    : Access denied finding property "vendor.dpframework.log.enable"
07-17 05:08:08.441  7151  7175 E libc    : Access denied finding property "vendor.dpframework.dumpbuffer.checksum"
07-17 05:08:08.441  7151  7175 E libc    : Access denied finding property "vendor.dpframework.dumpbuffer.enable"
07-17 05:08:08.448  7151  7641 E FrameEvents: updateAcquireFence: Did not find frame.
07-17 05:08:08.529  7151  7641 I chatty  : uid=10247(com.smartvision.svplayer) JNISurfaceTextu identical 4 lines
07-17 05:08:08.549  7151  7641 E FrameEvents: updateAcquireFence: Did not find frame.
07-17 05:08:08.560  7151  7175 E libc    : Access denied finding property "vendor.dpframework.log.enable"
07-17 05:08:08.561  7151  7175 I chatty  : uid=10247(com.smartvision.svplayer) RenderThread identical 16 lines
07-17 05:08:08.562  7151  7175 E libc    : Access denied finding property "vendor.dpframework.log.enable"
07-17 05:08:08.562  7151  7175 E libc    : Access denied finding property "vendor.dpframework.dumpbuffer.checksum"
