--------- beginning of main
07-15 00:50:08.305 17906 17957 E libc    : Access denied finding property "vendor.dpframework.log.enable"
07-15 00:50:08.305 17906 17957 E libc    : Access denied finding property "vendor.dpframework.dumpbuffer.checksum"
07-15 00:50:08.305 17906 17957 E libc    : Access denied finding property "vendor.dpframework.dumpbuffer.enable"
07-15 00:50:08.315 17906 24091 E FrameEvents: updateAcquireFence: Did not find frame.
07-15 00:50:08.334 17906 24091 E FrameEvents: updateAcquireFence: Did not find frame.
07-15 00:50:08.356 17906 17957 E libc    : Access denied finding property "vendor.dpframework.log.enable"
07-15 00:50:08.358 17906 17957 I chatty  : uid=10247(com.smartvision.svplayer) RenderThread identical 16 lines
07-15 00:50:08.358 17906 17957 E libc    : Access denied finding property "vendor.dpframework.log.enable"
07-15 00:50:08.358 17906 17957 E libc    : Access denied finding property "vendor.dpframework.dumpbuffer.checksum"
07-15 00:50:08.358 17906 17957 E libc    : Access denied finding property "vendor.dpframework.dumpbuffer.enable"
07-15 00:50:08.365 17906 24091 E FrameEvents: updateAcquireFence: Did not find frame.
07-15 00:50:08.385 17906 24091 E FrameEvents: updateAcquireFence: Did not find frame.
07-15 00:50:08.410 17906 17957 E libc    : Access denied finding property "vendor.dpframework.log.enable"
07-15 00:50:08.412 17906 17957 I chatty  : uid=10247(com.smartvision.svplayer) RenderThread identical 16 lines
07-15 00:50:08.412 17906 17957 E libc    : Access denied finding property "vendor.dpframework.log.enable"
07-15 00:50:08.412 17906 17957 E libc    : Access denied finding property "vendor.dpframework.dumpbuffer.checksum"
07-15 00:50:08.413 17906 17957 E libc    : Access denied finding property "vendor.dpframework.dumpbuffer.enable"
07-15 00:50:08.415 17906 17957 E libc    : Access denied finding property "vendor.dpframework.log.enable"
07-15 00:50:08.415 17906 24091 E FrameEvents: updateAcquireFence: Did not find frame.
07-15 00:50:08.415 17906 17957 E libc    : Access denied finding property "vendor.dpframework.log.enable"
07-15 00:50:08.416 17906 17957 I chatty  : uid=10247(com.smartvision.svplayer) RenderThread identical 15 lines
07-15 00:50:08.416 17906 17957 E libc    : Access denied finding property "vendor.dpframework.log.enable"
07-15 00:50:08.416 17906 17957 E libc    : Access denied finding property "vendor.dpframework.dumpbuffer.checksum"
07-15 00:50:08.416 17906 17957 E libc    : Access denied finding property "vendor.dpframework.dumpbuffer.enable"
07-15 00:50:08.435 17906 24091 E FrameEvents: updateAcquireFence: Did not find frame.
07-15 00:50:08.464 17906 17957 E libc    : Access denied finding property "vendor.dpframework.log.enable"
07-15 00:50:08.466 17906 17957 I chatty  : uid=10247(com.smartvision.svplayer) RenderThread identical 16 lines
07-15 00:50:08.466 17906 17957 E libc    : Access denied finding property "vendor.dpframework.log.enable"
07-15 00:50:08.466 17906 17957 E libc    : Access denied finding property "vendor.dpframework.dumpbuffer.checksum"
07-15 00:50:08.466 17906 17957 E libc    : Access denied finding property "vendor.dpframework.dumpbuffer.enable"
07-15 00:50:08.466 17906 24091 E FrameEvents: updateAcquireFence: Did not find frame.
07-15 00:50:08.468 17906 17957 E libc    : Access denied finding property "vendor.dpframework.log.enable"
07-15 00:50:08.470 17906 17957 I chatty  : uid=10247(com.smartvision.svplayer) RenderThread identical 16 lines
07-15 00:50:08.470 17906 17957 E libc    : Access denied finding property "vendor.dpframework.log.enable"
07-15 00:50:08.470 17906 17957 E libc    : Access denied finding property "vendor.dpframework.dumpbuffer.checksum"
07-15 00:50:08.470 17906 17957 E libc    : Access denied finding property "vendor.dpframework.dumpbuffer.enable"
07-15 00:50:08.486 17906 24091 E FrameEvents: updateAcquireFence: Did not find frame.
07-15 00:50:08.516 17906 24091 E FrameEvents: updateAcquireFence: Did not find frame.
07-15 00:50:08.519 17906 17957 E libc    : Access denied finding property "vendor.dpframework.log.enable"
07-15 00:50:08.520 17906 17957 I chatty  : uid=10247(com.smartvision.svplayer) RenderThread identical 16 lines
07-15 00:50:08.521 17906 17957 E libc    : Access denied finding property "vendor.dpframework.log.enable"
07-15 00:50:08.521 17906 17957 E libc    : Access denied finding property "vendor.dpframework.dumpbuffer.checksum"
07-15 00:50:08.521 17906 17957 E libc    : Access denied finding property "vendor.dpframework.dumpbuffer.enable"
07-15 00:50:08.537 17906 24091 E FrameEvents: updateAcquireFence: Did not find frame.
07-15 00:50:08.566 17906 24091 E FrameEvents: updateAcquireFence: Did not find frame.
07-15 00:50:08.573 17906 17957 E libc    : Access denied finding property "vendor.dpframework.log.enable"
07-15 00:50:08.575 17906 17957 I chatty  : uid=10247(com.smartvision.svplayer) RenderThread identical 16 lines
07-15 00:50:08.576 17906 17957 E libc    : Access denied finding property "vendor.dpframework.log.enable"
07-15 00:50:08.576 17906 17957 E libc    : Access denied finding property "vendor.dpframework.dumpbuffer.checksum"
07-15 00:50:08.576 17906 17957 E libc    : Access denied finding property "vendor.dpframework.dumpbuffer.enable"
07-15 00:50:08.586 17906 24091 E FrameEvents: updateAcquireFence: Did not find frame.
07-15 00:50:08.616 17906 24091 E FrameEvents: updateAcquireFence: Did not find frame.
07-15 00:50:08.628 17906 17957 E libc    : Access denied finding property "vendor.dpframework.log.enable"
07-15 00:50:08.630 17906 17957 I chatty  : uid=10247(com.smartvision.svplayer) RenderThread identical 16 lines
07-15 00:50:08.630 17906 17957 E libc    : Access denied finding property "vendor.dpframework.log.enable"
07-15 00:50:08.630 17906 17957 E libc    : Access denied finding property "vendor.dpframework.dumpbuffer.checksum"
07-15 00:50:08.630 17906 17957 E libc    : Access denied finding property "vendor.dpframework.dumpbuffer.enable"
07-15 00:50:08.635 17906 17920 I vision.svplaye: Background concurrent copying GC freed 175812(6MB) AllocSpace objects, 0(0B) LOS objects, 22% free, 20MB/26MB, paused 509us total 219.893ms
07-15 00:50:08.639 17906 24091 E FrameEvents: updateAcquireFence: Did not find frame.
07-15 00:50:08.665 17906 24091 E FrameEvents: updateAcquireFence: Did not find frame.
07-15 00:50:08.681 17906 17957 E libc    : Access denied finding property "vendor.dpframework.log.enable"
07-15 00:50:08.682 17906 17957 I chatty  : uid=10247(com.smartvision.svplayer) RenderThread identical 16 lines
07-15 00:50:08.683 17906 17957 E libc    : Access denied finding property "vendor.dpframework.log.enable"
07-15 00:50:08.683 17906 17957 E libc    : Access denied finding property "vendor.dpframework.dumpbuffer.checksum"
07-15 00:50:08.683 17906 17957 E libc    : Access denied finding property "vendor.dpframework.dumpbuffer.enable"
07-15 00:50:08.686 17906 24091 E FrameEvents: updateAcquireFence: Did not find frame.
07-15 00:50:08.706 17906 24091 E FrameEvents: updateAcquireFence: Did not find frame.
07-15 00:50:08.734 17906 17957 E libc    : Access denied finding property "vendor.dpframework.log.enable"
07-15 00:50:08.736 17906 17957 I chatty  : uid=10247(com.smartvision.svplayer) RenderThread identical 16 lines
07-15 00:50:08.736 17906 17957 E libc    : Access denied finding property "vendor.dpframework.log.enable"
07-15 00:50:08.736 17906 17957 E libc    : Access denied finding property "vendor.dpframework.dumpbuffer.checksum"
07-15 00:50:08.736 17906 17957 E libc    : Access denied finding property "vendor.dpframework.dumpbuffer.enable"
07-15 00:50:08.737 17906 24091 E FrameEvents: updateAcquireFence: Did not find frame.
07-15 00:50:08.739 17906 17957 E libc    : Access denied finding property "vendor.dpframework.log.enable"
07-15 00:50:08.740 17906 17957 I chatty  : uid=10247(com.smartvision.svplayer) RenderThread identical 16 lines
07-15 00:50:08.740 17906 17957 E libc    : Access denied finding property "vendor.dpframework.log.enable"
07-15 00:50:08.740 17906 17957 E libc    : Access denied finding property "vendor.dpframework.dumpbuffer.checksum"
07-15 00:50:08.740 17906 17957 E libc    : Access denied finding property "vendor.dpframework.dumpbuffer.enable"
07-15 00:50:08.757 17906 24091 E FrameEvents: updateAcquireFence: Did not find frame.
07-15 00:50:08.787 17906 24091 E FrameEvents: updateAcquireFence: Did not find frame.
07-15 00:50:08.788 17906 17957 E libc    : Access denied finding property "vendor.dpframework.log.enable"
07-15 00:50:08.789 17906 17957 I chatty  : uid=10247(com.smartvision.svplayer) RenderThread identical 16 lines
07-15 00:50:08.790 17906 17957 E libc    : Access denied finding property "vendor.dpframework.log.enable"
07-15 00:50:08.790 17906 17957 E libc    : Access denied finding property "vendor.dpframework.dumpbuffer.checksum"
07-15 00:50:08.790 17906 17957 E libc    : Access denied finding property "vendor.dpframework.dumpbuffer.enable"
07-15 00:50:08.807 17906 24091 E FrameEvents: updateAcquireFence: Did not find frame.
07-15 00:50:08.838 17906 24091 E FrameEvents: updateAcquireFence: Did not find frame.
07-15 00:50:08.842 17906 17957 E libc    : Access denied finding property "vendor.dpframework.log.enable"
07-15 00:50:08.844 17906 17957 I chatty  : uid=10247(com.smartvision.svplayer) RenderThread identical 16 lines
07-15 00:50:08.844 17906 17957 E libc    : Access denied finding property "vendor.dpframework.log.enable"
07-15 00:50:08.844 17906 17957 E libc    : Access denied finding property "vendor.dpframework.dumpbuffer.checksum"
07-15 00:50:08.844 17906 17957 E libc    : Access denied finding property "vendor.dpframework.dumpbuffer.enable"
07-15 00:50:08.849 17906 24091 E FrameEvents: updateAcquireFence: Did not find frame.
07-15 00:50:08.889 17906 24091 E FrameEvents: updateAcquireFence: Did not find frame.
07-15 00:50:08.896 17906 17957 E libc    : Access denied finding property "vendor.dpframework.log.enable"
07-15 00:50:08.897 17906 17957 I chatty  : uid=10247(com.smartvision.svplayer) RenderThread identical 16 lines
07-15 00:50:08.897 17906 17957 E libc    : Access denied finding property "vendor.dpframework.log.enable"
07-15 00:50:08.898 17906 17957 E libc    : Access denied finding property "vendor.dpframework.dumpbuffer.checksum"
07-15 00:50:08.898 17906 17957 E libc    : Access denied finding property "vendor.dpframework.dumpbuffer.enable"
07-15 00:50:08.900 17906 24091 E FrameEvents: updateAcquireFence: Did not find frame.
07-15 00:50:08.900 17906 17957 E libc    : Access denied finding property "vendor.dpframework.log.enable"
07-15 00:50:08.901 17906 17957 I chatty  : uid=10247(com.smartvision.svplayer) RenderThread identical 16 lines
07-15 00:50:08.901 17906 17957 E libc    : Access denied finding property "vendor.dpframework.log.enable"
07-15 00:50:08.901 17906 17957 E libc    : Access denied finding property "vendor.dpframework.dumpbuffer.checksum"
07-15 00:50:08.901 17906 17957 E libc    : Access denied finding property "vendor.dpframework.dumpbuffer.enable"
07-15 00:50:08.941 17906 24091 E FrameEvents: updateAcquireFence: Did not find frame.
07-15 00:50:08.950 17906 17957 E libc    : Access denied finding property "vendor.dpframework.log.enable"
07-15 00:50:08.951 17906 17957 I chatty  : uid=10247(com.smartvision.svplayer) RenderThread identical 1 line
07-15 00:50:08.951 17906 17957 E libc    : Access denied finding property "vendor.dpframework.log.enable"
07-15 00:50:08.951 17906 24091 E FrameEvents: updateAcquireFence: Did not find frame.
07-15 00:50:08.951 17906 17957 E libc    : Access denied finding property "vendor.dpframework.log.enable"
07-15 00:50:08.954 17906 17957 I chatty  : uid=10247(com.smartvision.svplayer) RenderThread identical 13 lines
07-15 00:50:08.954 17906 17957 E libc    : Access denied finding property "vendor.dpframework.log.enable"
07-15 00:50:08.954 17906 17957 E libc    : Access denied finding property "vendor.dpframework.dumpbuffer.checksum"
07-15 00:50:08.954 17906 17957 E libc    : Access denied finding property "vendor.dpframework.dumpbuffer.enable"
07-15 00:50:08.956 17906 17957 E libc    : Access denied finding property "vendor.dpframework.log.enable"
07-15 00:50:08.958 17906 17957 I chatty  : uid=10247(com.smartvision.svplayer) RenderThread identical 16 lines
07-15 00:50:08.958 17906 17957 E libc    : Access denied finding property "vendor.dpframework.log.enable"
07-15 00:50:08.958 17906 17957 E libc    : Access denied finding property "vendor.dpframework.dumpbuffer.checksum"
07-15 00:50:08.958 17906 17957 E libc    : Access denied finding property "vendor.dpframework.dumpbuffer.enable"
07-15 00:50:08.992 17906 24091 E FrameEvents: updateAcquireFence: Did not find frame.
07-15 00:50:09.001 17906 24091 E FrameEvents: updateAcquireFence: Did not find frame.
07-15 00:50:09.005 17906 17957 E libc    : Access denied finding property "vendor.dpframework.log.enable"
07-15 00:50:09.006 17906 17957 I chatty  : uid=10247(com.smartvision.svplayer) RenderThread identical 16 lines
07-15 00:50:09.006 17906 17957 E libc    : Access denied finding property "vendor.dpframework.log.enable"
07-15 00:50:09.006 17906 17957 E libc    : Access denied finding property "vendor.dpframework.dumpbuffer.checksum"
07-15 00:50:09.006 17906 17957 E libc    : Access denied finding property "vendor.dpframework.dumpbuffer.enable"
07-15 00:50:09.033 17906 24091 E FrameEvents: updateAcquireFence: Did not find frame.
07-15 00:50:09.052 17906 24090 I MediaCodecLogger: 17906.HW.video.avc Dropped 40 frames
07-15 00:50:09.053 17906 24091 E FrameEvents: updateAcquireFence: Did not find frame.
07-15 00:50:09.058 17906 17957 E libc    : Access denied finding property "vendor.dpframework.log.enable"
07-15 00:50:09.060 17906 17957 I chatty  : uid=10247(com.smartvision.svplayer) RenderThread identical 16 lines
07-15 00:50:09.060 17906 17957 E libc    : Access denied finding property "vendor.dpframework.log.enable"
07-15 00:50:09.060 17906 17957 E libc    : Access denied finding property "vendor.dpframework.dumpbuffer.checksum"
07-15 00:50:09.060 17906 17957 E libc    : Access denied finding property "vendor.dpframework.dumpbuffer.enable"
07-15 00:50:09.084 17906 24091 E FrameEvents: updateAcquireFence: Did not find frame.
07-15 00:50:09.104 17906 24091 E FrameEvents: updateAcquireFence: Did not find frame.
07-15 00:50:09.113 17906 17957 E libc    : Access denied finding property "vendor.dpframework.log.enable"
07-15 00:50:09.115 17906 17957 I chatty  : uid=10247(com.smartvision.svplayer) RenderThread identical 16 lines
07-15 00:50:09.115 17906 17957 E libc    : Access denied finding property "vendor.dpframework.log.enable"
07-15 00:50:09.116 17906 17957 E libc    : Access denied finding property "vendor.dpframework.dumpbuffer.checksum"
07-15 00:50:09.116 17906 17957 E libc    : Access denied finding property "vendor.dpframework.dumpbuffer.enable"
07-15 00:50:09.134 17906 24091 E FrameEvents: updateAcquireFence: Did not find frame.
07-15 00:50:09.153 17906 24091 E FrameEvents: updateAcquireFence: Did not find frame.
07-15 00:50:09.163 17906 17906 W RenderThread: type=1400 audit(0.0:57798): avc: denied { open } for path="/dev/__properties__/u:object_r:vendor_default_prop:s0" dev="tmpfs" ino=10686 scontext=u:r:untrusted_app:s0:c247,c256,c512,c768 tcontext=u:object_r:vendor_default_prop:s0 tclass=file permissive=0
07-15 00:50:09.166 17906 17957 E libc    : Access denied finding property "vendor.dpframework.log.enable"
07-15 00:50:09.168 17906 17957 I chatty  : uid=10247(com.smartvision.svplayer) RenderThread identical 16 lines
07-15 00:50:09.168 17906 17957 E libc    : Access denied finding property "vendor.dpframework.log.enable"
07-15 00:50:09.168 17906 17957 E libc    : Access denied finding property "vendor.dpframework.dumpbuffer.checksum"
07-15 00:50:09.163 17906 17906 W RenderThread: type=1400 audit(0.0:57799): avc: denied { open } for path="/dev/__properties__/u:object_r:vendor_default_prop:s0" dev="tmpfs" ino=10686 scontext=u:r:untrusted_app:s0:c247,c256,c512,c768 tcontext=u:object_r:vendor_default_prop:s0 tclass=file permissive=0
07-15 00:50:09.168 17906 17957 E libc    : Access denied finding property "vendor.dpframework.dumpbuffer.enable"
07-15 00:50:09.163 17906 17906 W RenderThread: type=1400 audit(0.0:57800): avc: denied { open } for path="/dev/__properties__/u:object_r:vendor_default_prop:s0" dev="tmpfs" ino=10686 scontext=u:r:untrusted_app:s0:c247,c256,c512,c768 tcontext=u:object_r:vendor_default_prop:s0 tclass=file permissive=0
07-15 00:50:09.163 17906 17906 I chatty  : uid=10247(com.smartvision.svplayer) identical 1 line
07-15 00:50:09.163 17906 17906 W RenderThread: type=1400 audit(0.0:57802): avc: denied { open } for path="/dev/__properties__/u:object_r:vendor_default_prop:s0" dev="tmpfs" ino=10686 scontext=u:r:untrusted_app:s0:c247,c256,c512,c768 tcontext=u:object_r:vendor_default_prop:s0 tclass=file permissive=0
07-15 00:50:09.184 17906 24091 E FrameEvents: updateAcquireFence: Did not find frame.
07-15 00:50:09.204 17906 24091 E FrameEvents: updateAcquireFence: Did not find frame.
07-15 00:50:09.220 17906 17957 E libc    : Access denied finding property "vendor.dpframework.log.enable"
07-15 00:50:09.222 17906 17957 I chatty  : uid=10247(com.smartvision.svplayer) RenderThread identical 16 lines
07-15 00:50:09.222 17906 17957 E libc    : Access denied finding property "vendor.dpframework.log.enable"
07-15 00:50:09.222 17906 17957 E libc    : Access denied finding property "vendor.dpframework.dumpbuffer.checksum"
07-15 00:50:09.222 17906 17957 E libc    : Access denied finding property "vendor.dpframework.dumpbuffer.enable"
07-15 00:50:09.236 17906 24091 E FrameEvents: updateAcquireFence: Did not find frame.
07-15 00:50:09.255 17906 24091 E FrameEvents: updateAcquireFence: Did not find frame.
07-15 00:50:09.274 17906 17957 E libc    : Access denied finding property "vendor.dpframework.log.enable"
07-15 00:50:09.277 17906 17957 I chatty  : uid=10247(com.smartvision.svplayer) RenderThread identical 16 lines
07-15 00:50:09.277 17906 17957 E libc    : Access denied finding property "vendor.dpframework.log.enable"
07-15 00:50:09.277 17906 17957 E libc    : Access denied finding property "vendor.dpframework.dumpbuffer.checksum"
07-15 00:50:09.277 17906 17957 E libc    : Access denied finding property "vendor.dpframework.dumpbuffer.enable"
07-15 00:50:09.286 17906 24091 E FrameEvents: updateAcquireFence: Did not find frame.
07-15 00:50:09.305 17906 24091 E FrameEvents: updateAcquireFence: Did not find frame.
07-15 00:50:09.328 17906 17957 E libc    : Access denied finding property "vendor.dpframework.log.enable"
07-15 00:50:09.329 17906 17957 I chatty  : uid=10247(com.smartvision.svplayer) RenderThread identical 16 lines
07-15 00:50:09.329 17906 17957 E libc    : Access denied finding property "vendor.dpframework.log.enable"
07-15 00:50:09.329 17906 17957 E libc    : Access denied finding property "vendor.dpframework.dumpbuffer.checksum"
07-15 00:50:09.329 17906 17957 E libc    : Access denied finding property "vendor.dpframework.dumpbuffer.enable"
07-15 00:50:09.336 17906 24091 E FrameEvents: updateAcquireFence: Did not find frame.
07-15 00:50:09.358 17906 24091 E FrameEvents: updateAcquireFence: Did not find frame.
07-15 00:50:09.382 17906 17957 E libc    : Access denied finding property "vendor.dpframework.log.enable"
07-15 00:50:09.383 17906 17957 I chatty  : uid=10247(com.smartvision.svplayer) RenderThread identical 16 lines
07-15 00:50:09.383 17906 17957 E libc    : Access denied finding property "vendor.dpframework.log.enable"
07-15 00:50:09.383 17906 17957 E libc    : Access denied finding property "vendor.dpframework.dumpbuffer.checksum"
07-15 00:50:09.383 17906 17957 E libc    : Access denied finding property "vendor.dpframework.dumpbuffer.enable"
07-15 00:50:09.390 17906 24091 E FrameEvents: updateAcquireFence: Did not find frame.
07-15 00:50:09.400 17906 24091 E FrameEvents: updateAcquireFence: Did not find frame.
07-15 00:50:09.435 17906 17957 E libc    : Access denied finding property "vendor.dpframework.log.enable"
07-15 00:50:09.437 17906 17957 I chatty  : uid=10247(com.smartvision.svplayer) RenderThread identical 16 lines
07-15 00:50:09.437 17906 17957 E libc    : Access denied finding property "vendor.dpframework.log.enable"
07-15 00:50:09.437 17906 17957 E libc    : Access denied finding property "vendor.dpframework.dumpbuffer.checksum"
07-15 00:50:09.438 17906 17957 E libc    : Access denied finding property "vendor.dpframework.dumpbuffer.enable"
07-15 00:50:09.440 17906 24091 E FrameEvents: updateAcquireFence: Did not find frame.
07-15 00:50:09.449 17906 24091 E FrameEvents: updateAcquireFence: Did not find frame.
07-15 00:50:09.489 17906 17957 E libc    : Access denied finding property "vendor.dpframework.log.enable"
07-15 00:50:09.490 17906 17957 I chatty  : uid=10247(com.smartvision.svplayer) RenderThread identical 11 lines
07-15 00:50:09.490 17906 17957 E libc    : Access denied finding property "vendor.dpframework.log.enable"
07-15 00:50:09.490 17906 24091 E FrameEvents: updateAcquireFence: Did not find frame.
07-15 00:50:09.490 17906 17957 E libc    : Access denied finding property "vendor.dpframework.log.enable"
07-15 00:50:09.490 17906 17957 I chatty  : uid=10247(com.smartvision.svplayer) RenderThread identical 3 lines
07-15 00:50:09.490 17906 17957 E libc    : Access denied finding property "vendor.dpframework.log.enable"
07-15 00:50:09.490 17906 17957 E libc    : Access denied finding property "vendor.dpframework.dumpbuffer.checksum"
07-15 00:50:09.490 17906 17957 E libc    : Access denied finding property "vendor.dpframework.dumpbuffer.enable"
07-15 00:50:09.492 17906 17957 E libc    : Access denied finding property "vendor.dpframework.log.enable"
07-15 00:50:09.494 17906 17957 I chatty  : uid=10247(com.smartvision.svplayer) RenderThread identical 16 lines
07-15 00:50:09.494 17906 17957 E libc    : Access denied finding property "vendor.dpframework.log.enable"
07-15 00:50:09.494 17906 17957 E libc    : Access denied finding property "vendor.dpframework.dumpbuffer.checksum"
07-15 00:50:09.495 17906 17957 E libc    : Access denied finding property "vendor.dpframework.dumpbuffer.enable"
07-15 00:50:09.500 17906 24091 E FrameEvents: updateAcquireFence: Did not find frame.
07-15 00:50:09.541 17906 24091 E FrameEvents: updateAcquireFence: Did not find frame.
07-15 00:50:09.544 17906 17957 E libc    : Access denied finding property "vendor.dpframework.log.enable"
07-15 00:50:09.545 17906 17957 I chatty  : uid=10247(com.smartvision.svplayer) RenderThread identical 16 lines
07-15 00:50:09.546 17906 17957 E libc    : Access denied finding property "vendor.dpframework.log.enable"
07-15 00:50:09.546 17906 17957 E libc    : Access denied finding property "vendor.dpframework.dumpbuffer.checksum"
07-15 00:50:09.546 17906 17957 E libc    : Access denied finding property "vendor.dpframework.dumpbuffer.enable"
07-15 00:50:09.551 17906 24091 E FrameEvents: updateAcquireFence: Did not find frame.
07-15 00:50:09.590 17906 24091 E FrameEvents: updateAcquireFence: Did not find frame.
07-15 00:50:09.598 17906 17957 E libc    : Access denied finding property "vendor.dpframework.log.enable"
07-15 00:50:09.599 17906 17957 I chatty  : uid=10247(com.smartvision.svplayer) RenderThread identical 16 lines
07-15 00:50:09.600 17906 17957 E libc    : Access denied finding property "vendor.dpframework.log.enable"
07-15 00:50:09.600 17906 17957 E libc    : Access denied finding property "vendor.dpframework.dumpbuffer.checksum"
07-15 00:50:09.600 17906 17957 E libc    : Access denied finding property "vendor.dpframework.dumpbuffer.enable"
07-15 00:50:09.602 17906 24091 E FrameEvents: updateAcquireFence: Did not find frame.
07-15 00:50:09.602 17906 17957 E libc    : Access denied finding property "vendor.dpframework.log.enable"
07-15 00:50:09.603 17906 17957 I chatty  : uid=10247(com.smartvision.svplayer) RenderThread identical 16 lines
07-15 00:50:09.604 17906 17957 E libc    : Access denied finding property "vendor.dpframework.log.enable"
07-15 00:50:09.604 17906 17957 E libc    : Access denied finding property "vendor.dpframework.dumpbuffer.checksum"
07-15 00:50:09.604 17906 17957 E libc    : Access denied finding property "vendor.dpframework.dumpbuffer.enable"
07-15 00:50:09.641 17906 24091 E FrameEvents: updateAcquireFence: Did not find frame.
07-15 00:50:09.651 17906 24091 E FrameEvents: updateAcquireFence: Did not find frame.
07-15 00:50:09.652 17906 17957 E libc    : Access denied finding property "vendor.dpframework.log.enable"
07-15 00:50:09.654 17906 17957 I chatty  : uid=10247(com.smartvision.svplayer) RenderThread identical 16 lines
07-15 00:50:09.654 17906 17957 E libc    : Access denied finding property "vendor.dpframework.log.enable"
07-15 00:50:09.654 17906 17957 E libc    : Access denied finding property "vendor.dpframework.dumpbuffer.checksum"
07-15 00:50:09.654 17906 17957 E libc    : Access denied finding property "vendor.dpframework.dumpbuffer.enable"
07-15 00:50:09.691 17906 24091 E FrameEvents: updateAcquireFence: Did not find frame.
07-15 00:50:09.701 17906 24091 E FrameEvents: updateAcquireFence: Did not find frame.
07-15 00:50:09.707 17906 17957 E libc    : Access denied finding property "vendor.dpframework.log.enable"
07-15 00:50:09.708 17906 17957 I chatty  : uid=10247(com.smartvision.svplayer) RenderThread identical 16 lines
07-15 00:50:09.709 17906 17957 E libc    : Access denied finding property "vendor.dpframework.log.enable"
07-15 00:50:09.709 17906 17957 E libc    : Access denied finding property "vendor.dpframework.dumpbuffer.checksum"
07-15 00:50:09.709 17906 17957 E libc    : Access denied finding property "vendor.dpframework.dumpbuffer.enable"
07-15 00:50:09.742 17906 24091 E FrameEvents: updateAcquireFence: Did not find frame.
07-15 00:50:09.752 17906 24091 E FrameEvents: updateAcquireFence: Did not find frame.
07-15 00:50:09.762 17906 17957 E libc    : Access denied finding property "vendor.dpframework.log.enable"
07-15 00:50:09.763 17906 17957 I chatty  : uid=10247(com.smartvision.svplayer) RenderThread identical 16 lines
07-15 00:50:09.763 17906 17957 E libc    : Access denied finding property "vendor.dpframework.log.enable"
07-15 00:50:09.763 17906 17957 E libc    : Access denied finding property "vendor.dpframework.dumpbuffer.checksum"
07-15 00:50:09.764 17906 17957 E libc    : Access denied finding property "vendor.dpframework.dumpbuffer.enable"
07-15 00:50:09.792 17906 24091 E FrameEvents: updateAcquireFence: Did not find frame.
07-15 00:50:09.801 17906 24091 E FrameEvents: updateAcquireFence: Did not find frame.
07-15 00:50:09.815 17906 17957 E libc    : Access denied finding property "vendor.dpframework.log.enable"
07-15 00:50:09.816 17906 17957 I chatty  : uid=10247(com.smartvision.svplayer) RenderThread identical 9 lines
07-15 00:50:09.816 17906 17957 E libc    : Access denied finding property "vendor.dpframework.log.enable"
07-15 00:50:09.816 17906 17957 E libc    : Access denied finding property "vendor.dpframework.log.enable"
07-15 00:50:09.817 17906 17957 I chatty  : uid=10247(com.smartvision.svplayer) RenderThread identical 5 lines
07-15 00:50:09.817 17906 17957 E libc    : Access denied finding property "vendor.dpframework.log.enable"
07-15 00:50:09.817 17906 17957 E libc    : Access denied finding property "vendor.dpframework.dumpbuffer.checksum"
07-15 00:50:09.817 17906 17957 E libc    : Access denied finding property "vendor.dpframework.dumpbuffer.enable"
07-15 00:50:09.833 17906 24091 E FrameEvents: updateAcquireFence: Did not find frame.
07-15 00:50:09.853 17906 24091 E FrameEvents: updateAcquireFence: Did not find frame.
07-15 00:50:09.869 17906 17957 E libc    : Access denied finding property "vendor.dpframework.log.enable"
07-15 00:50:09.870 17906 17957 I chatty  : uid=10247(com.smartvision.svplayer) RenderThread identical 16 lines
07-15 00:50:09.870 17906 17957 E libc    : Access denied finding property "vendor.dpframework.log.enable"
07-15 00:50:09.871 17906 17957 E libc    : Access denied finding property "vendor.dpframework.dumpbuffer.checksum"
07-15 00:50:09.871 17906 17957 E libc    : Access denied finding property "vendor.dpframework.dumpbuffer.enable"
07-15 00:50:09.877 17906 17906 I SVHomeFocus: scroll start target=categories from=427 to=0 max=752
07-15 00:50:09.883 17906 24091 E FrameEvents: updateAcquireFence: Did not find frame.
07-15 00:50:09.902 17906 24091 E FrameEvents: updateAcquireFence: Did not find frame.
07-15 00:50:09.923 17906 17957 E libc    : Access denied finding property "vendor.dpframework.log.enable"
07-15 00:50:09.925 17906 17957 I chatty  : uid=10247(com.smartvision.svplayer) RenderThread identical 16 lines
07-15 00:50:09.925 17906 17957 E libc    : Access denied finding property "vendor.dpframework.log.enable"
07-15 00:50:09.925 17906 17957 E libc    : Access denied finding property "vendor.dpframework.dumpbuffer.checksum"
07-15 00:50:09.925 17906 17957 E libc    : Access denied finding property "vendor.dpframework.dumpbuffer.enable"
07-15 00:50:09.933 17906 24091 E FrameEvents: updateAcquireFence: Did not find frame.
07-15 00:50:09.952 17906 24091 E FrameEvents: updateAcquireFence: Did not find frame.
07-15 00:50:09.977 17906 17957 E libc    : Access denied finding property "vendor.dpframework.log.enable"
07-15 00:50:09.979 17906 17957 I chatty  : uid=10247(com.smartvision.svplayer) RenderThread identical 16 lines
07-15 00:50:09.979 17906 17957 E libc    : Access denied finding property "vendor.dpframework.log.enable"
07-15 00:50:09.979 17906 17957 E libc    : Access denied finding property "vendor.dpframework.dumpbuffer.checksum"
07-15 00:50:09.980 17906 17957 E libc    : Access denied finding property "vendor.dpframework.dumpbuffer.enable"
07-15 00:50:09.983 17906 24091 E FrameEvents: updateAcquireFence: Did not find frame.
07-15 00:50:10.003 17906 24091 E FrameEvents: updateAcquireFence: Did not find frame.
07-15 00:50:10.031 17906 17957 E libc    : Access denied finding property "vendor.dpframework.log.enable"
07-15 00:50:10.032 17906 17957 I chatty  : uid=10247(com.smartvision.svplayer) RenderThread identical 16 lines
07-15 00:50:10.032 17906 17957 E libc    : Access denied finding property "vendor.dpframework.log.enable"
07-15 00:50:10.032 17906 17957 E libc    : Access denied finding property "vendor.dpframework.dumpbuffer.checksum"
07-15 00:50:10.032 17906 17957 E libc    : Access denied finding property "vendor.dpframework.dumpbuffer.enable"
07-15 00:50:10.034 17906 24091 E FrameEvents: updateAcquireFence: Did not find frame.
07-15 00:50:10.035 17906 17957 E libc    : Access denied finding property "vendor.dpframework.log.enable"
07-15 00:50:10.036 17906 17957 I chatty  : uid=10247(com.smartvision.svplayer) RenderThread identical 16 lines
07-15 00:50:10.037 17906 17957 E libc    : Access denied finding property "vendor.dpframework.log.enable"
07-15 00:50:10.037 17906 17957 E libc    : Access denied finding property "vendor.dpframework.dumpbuffer.checksum"
07-15 00:50:10.037 17906 17957 E libc    : Access denied finding property "vendor.dpframework.dumpbuffer.enable"
07-15 00:50:10.053 17906 24090 I MediaCodecLogger: 17906.HW.video.avc Dropped 50 frames
07-15 00:50:10.054 17906 24091 E FrameEvents: updateAcquireFence: Did not find frame.
07-15 00:50:10.077 17906 17957 E libc    : Access denied finding property "vendor.dpframework.log.enable"
07-15 00:50:10.078 17906 17957 I chatty  : uid=10247(com.smartvision.svplayer) RenderThread identical 16 lines
07-15 00:50:10.078 17906 17957 E libc    : Access denied finding property "vendor.dpframework.log.enable"
07-15 00:50:10.078 17906 17957 E libc    : Access denied finding property "vendor.dpframework.dumpbuffer.checksum"
07-15 00:50:10.079 17906 17957 E libc    : Access denied finding property "vendor.dpframework.dumpbuffer.enable"
07-15 00:50:10.084 17906 24091 E FrameEvents: updateAcquireFence: Did not find frame.
07-15 00:50:10.104 17906 24091 E FrameEvents: updateAcquireFence: Did not find frame.
07-15 00:50:10.122 17906 17957 E libc    : Access denied finding property "vendor.dpframework.log.enable"
07-15 00:50:10.124 17906 17957 I chatty  : uid=10247(com.smartvision.svplayer) RenderThread identical 16 lines
07-15 00:50:10.124 17906 17957 E libc    : Access denied finding property "vendor.dpframework.log.enable"
07-15 00:50:10.124 17906 17957 E libc    : Access denied finding property "vendor.dpframework.dumpbuffer.checksum"
07-15 00:50:10.124 17906 17957 E libc    : Access denied finding property "vendor.dpframework.dumpbuffer.enable"
07-15 00:50:10.134 17906 24091 E FrameEvents: updateAcquireFence: Did not find frame.
07-15 00:50:10.154 17906 24091 E FrameEvents: updateAcquireFence: Did not find frame.
07-15 00:50:10.168 17906 17957 E libc    : Access denied finding property "vendor.dpframework.log.enable"
07-15 00:50:10.170 17906 17957 I chatty  : uid=10247(com.smartvision.svplayer) RenderThread identical 16 lines
07-15 00:50:10.170 17906 17957 E libc    : Access denied finding property "vendor.dpframework.log.enable"
07-15 00:50:10.170 17906 17957 E libc    : Access denied finding property "vendor.dpframework.dumpbuffer.checksum"
07-15 00:50:10.170 17906 17957 E libc    : Access denied finding property "vendor.dpframework.dumpbuffer.enable"
07-15 00:50:10.184 17906 24091 E FrameEvents: updateAcquireFence: Did not find frame.
07-15 00:50:10.203 17906 24091 E FrameEvents: updateAcquireFence: Did not find frame.
07-15 00:50:10.214 17906 17957 E libc    : Access denied finding property "vendor.dpframework.log.enable"
07-15 00:50:10.203 17906 17906 W RenderThread: type=1400 audit(0.0:58258): avc: denied { open } for path="/dev/__properties__/u:object_r:vendor_default_prop:s0" dev="tmpfs" ino=10686 scontext=u:r:untrusted_app:s0:c247,c256,c512,c768 tcontext=u:object_r:vendor_default_prop:s0 tclass=file permissive=0
07-15 00:50:10.203 17906 17906 I chatty  : uid=10247(com.smartvision.svplayer) identical 2 lines
07-15 00:50:10.203 17906 17906 W RenderThread: type=1400 audit(0.0:58261): avc: denied { open } for path="/dev/__properties__/u:object_r:vendor_default_prop:s0" dev="tmpfs" ino=10686 scontext=u:r:untrusted_app:s0:c247,c256,c512,c768 tcontext=u:object_r:vendor_default_prop:s0 tclass=file permissive=0
07-15 00:50:10.214 17906 17957 E libc    : Access denied finding property "vendor.dpframework.log.enable"
07-15 00:50:10.215 17906 17957 I chatty  : uid=10247(com.smartvision.svplayer) RenderThread identical 7 lines
07-15 00:50:10.215 17906 17957 E libc    : Access denied finding property "vendor.dpframework.log.enable"
07-15 00:50:10.203 17906 17906 W RenderThread: type=1400 audit(0.0:58262): avc: denied { open } for path="/dev/__properties__/u:object_r:vendor_default_prop:s0" dev="tmpfs" ino=10686 scontext=u:r:untrusted_app:s0:c247,c256,c512,c768 tcontext=u:object_r:vendor_default_prop:s0 tclass=file permissive=0
07-15 00:50:10.215 17906 17957 E libc    : Access denied finding property "vendor.dpframework.log.enable"
07-15 00:50:10.215 17906 17957 I chatty  : uid=10247(com.smartvision.svplayer) RenderThread identical 6 lines
07-15 00:50:10.216 17906 17957 E libc    : Access denied finding property "vendor.dpframework.log.enable"
07-15 00:50:10.216 17906 17957 E libc    : Access denied finding property "vendor.dpframework.dumpbuffer.checksum"
07-15 00:50:10.216 17906 17957 E libc    : Access denied finding property "vendor.dpframework.dumpbuffer.enable"
07-15 00:50:10.236 17906 24091 E FrameEvents: updateAcquireFence: Did not find frame.
07-15 00:50:10.256 17906 24091 E FrameEvents: updateAcquireFence: Did not find frame.
07-15 00:50:10.262 17906 17906 I SVHomeFocus: scroll end target=categories value=0
07-15 00:50:10.286 17906 24091 E FrameEvents: updateAcquireFence: Did not find frame.
07-15 00:50:10.306 17906 24091 E FrameEvents: updateAcquireFence: Did not find frame.
07-15 00:50:10.308 17906 17957 E libc    : Access denied finding property "vendor.dpframework.log.enable"
07-15 00:50:10.310 17906 17957 I chatty  : uid=10247(com.smartvision.svplayer) RenderThread identical 16 lines
07-15 00:50:10.310 17906 17957 E libc    : Access denied finding property "vendor.dpframework.log.enable"
07-15 00:50:10.310 17906 17957 E libc    : Access denied finding property "vendor.dpframework.dumpbuffer.checksum"
07-15 00:50:10.310 17906 17957 E libc    : Access denied finding property "vendor.dpframework.dumpbuffer.enable"
07-15 00:50:10.315 17906 17906 I SVHomeFocus: focus requested target=categories
07-15 00:50:10.337 17906 24091 E FrameEvents: updateAcquireFence: Did not find frame.
07-15 00:50:10.357 17906 24091 E FrameEvents: updateAcquireFence: Did not find frame.
07-15 00:50:10.367 17906 17957 E libc    : Access denied finding property "vendor.dpframework.log.enable"
07-15 00:50:10.368 17906 17957 I chatty  : uid=10247(com.smartvision.svplayer) RenderThread identical 16 lines
07-15 00:50:10.368 17906 17957 E libc    : Access denied finding property "vendor.dpframework.log.enable"
07-15 00:50:10.368 17906 17957 E libc    : Access denied finding property "vendor.dpframework.dumpbuffer.checksum"
07-15 00:50:10.368 17906 17957 E libc    : Access denied finding property "vendor.dpframework.dumpbuffer.enable"
07-15 00:50:10.375 17906 24086 I MediaCodecLogger: Flushing: 17906.HW.video.avc.framerate = 50.000 fps
07-15 00:50:10.381 17906 17906 I ExoPlayerImpl: Release 9a025ec [AndroidXMedia3/1.6.1] [sheldonp, AFTSSS, Amazon, 28] [media3.common, media3.exoplayer, media3.decoder, media3.ui, media3.datasource, media3.extractor]
07-15 00:50:10.415 17906 24129 E libc    : Access denied finding property "media.metrics.enabled"
07-15 00:50:10.436 17906 24086 I MediaCodecLogger: 17906.HW.video.avc.TotalVideoPlaybackTimeMs = 12900
07-15 00:50:10.436 17906 24086 I MediaCodecLogger: 17906.HW.video.avc.StreamAvgFramerate = 50.000
07-15 00:50:10.436 17906 24086 I MediaCodecLogger: 17906.HW.video.avc.videoResolution.HD = 12900
07-15 00:50:10.436 17906 24086 I MediaCodecLogger: 17906.HW.video.avc.StreamFramerate = 49.896
07-15 00:50:10.436 17906 24086 I MediaCodecLogger: 17906.HW.video.avc.AspectRatio = 1.778
07-15 00:50:10.436 17906 24086 I MediaCodecLogger: 17906.HW.video.avc.OneConsecutiveFramesDropped = 53
07-15 00:50:10.436 17906 24086 I MediaCodecLogger: 17906.HW.video.avc.TotalFramesDropped = 53
07-15 00:50:10.437 17906 24086 I MediaCodecLogger: 17906.HW.video.avc.MaxConsecutiveFramesDropped = 1
07-15 00:50:10.437 17906 24086 I MediaCodecLogger: 17906.HW.video.avc.ASAP-P5Ms = 94
07-15 00:50:10.437 17906 24086 I MediaCodecLogger: 17906.HW.video.avc.ASAP-P2Ms = 7
07-15 00:50:10.437 17906 24086 I MediaCodecLogger: 17906.HW.video.avc.ASAP-P3Ms = 36
07-15 00:50:10.437 17906 24086 I MediaCodecLogger: 17906.HW.video.avc.FirstFrameReadyMs = 91
07-15 00:50:10.437 17906 24086 I MediaCodecLogger: 17906.HW.video.avc.StreamAvgBitrateInKbps = 141
07-15 00:50:10.439 17906 24086 E libc    : Access denied finding property "media.metrics.enabled"
07-15 00:50:10.447 17906 24086 I MediaCodecLogger: 17906.SW.audio.mp4a.TotalAudioPlaybackTimeMs = 13098
07-15 00:50:10.447 17906 24086 I MediaCodecLogger: 17906.SW.audio.mp4a.StreamAvgBitrateInKbps = 125
07-15 00:50:10.451 17906 24086 E libc    : Access denied finding property "media.metrics.enabled"
07-15 00:50:10.498 17906 17920 I vision.svplaye: Background concurrent copying GC freed 173693(6MB) AllocSpace objects, 0(0B) LOS objects, 22% free, 20MB/26MB, paused 365us total 225.481ms
07-15 00:50:12.068 17906 17920 I vision.svplaye: Background concurrent copying GC freed 187381(6MB) AllocSpace objects, 13(884KB) LOS objects, 23% free, 19MB/25MB, paused 145us total 213.813ms
07-15 00:50:13.660 17906 17920 I vision.svplaye: Background concurrent copying GC freed 204439(6MB) AllocSpace objects, 0(0B) LOS objects, 23% free, 19MB/25MB, paused 208us total 222.715ms
07-15 00:50:15.238 17906 17920 I vision.svplaye: Background concurrent copying GC freed 200908(6MB) AllocSpace objects, 0(0B) LOS objects, 23% free, 19MB/25MB, paused 186us total 209.719ms
07-15 00:50:16.827 17906 17920 I vision.svplaye: Background concurrent copying GC freed 198351(6MB) AllocSpace objects, 9(300KB) LOS objects, 23% free, 19MB/25MB, paused 173us total 225.897ms
07-15 00:50:18.406 17906 17920 I vision.svplaye: Background concurrent copying GC freed 201035(6MB) AllocSpace objects, 0(0B) LOS objects, 23% free, 19MB/25MB, paused 171us total 208.127ms
07-15 00:50:19.992 17906 17920 I vision.svplaye: Background concurrent copying GC freed 197898(6MB) AllocSpace objects, 0(0B) LOS objects, 23% free, 19MB/25MB, paused 175us total 221.344ms
07-15 00:50:21.577 17906 17920 I vision.svplaye: Background concurrent copying GC freed 200877(6MB) AllocSpace objects, 0(0B) LOS objects, 23% free, 19MB/25MB, paused 187us total 211.258ms
07-15 00:50:23.141 17906 17920 I vision.svplaye: Background concurrent copying GC freed 199371(6MB) AllocSpace objects, 1(20KB) LOS objects, 23% free, 19MB/25MB, paused 210us total 209.206ms
07-15 00:50:24.732 17906 17920 I vision.svplaye: Background concurrent copying GC freed 198896(6MB) AllocSpace objects, 0(0B) LOS objects, 23% free, 19MB/25MB, paused 157us total 216.409ms
07-15 00:50:26.329 17906 17920 I vision.svplaye: Background concurrent copying GC freed 202741(6MB) AllocSpace objects, 0(0B) LOS objects, 23% free, 19MB/25MB, paused 175us total 209.828ms
07-15 00:50:27.939 17906 17920 I vision.svplaye: Background concurrent copying GC freed 202420(6MB) AllocSpace objects, 0(0B) LOS objects, 23% free, 19MB/25MB, paused 245us total 225.119ms
07-15 00:50:29.522 17906 17920 I vision.svplaye: Background concurrent copying GC freed 199245(6MB) AllocSpace objects, 0(0B) LOS objects, 23% free, 19MB/25MB, paused 148us total 208.995ms
07-15 00:50:31.134 17906 17920 I vision.svplaye: Background concurrent copying GC freed 202831(6MB) AllocSpace objects, 0(0B) LOS objects, 23% free, 19MB/25MB, paused 147us total 222.794ms
07-15 00:50:32.694 17906 17920 I vision.svplaye: Background concurrent copying GC freed 201264(6MB) AllocSpace objects, 0(0B) LOS objects, 23% free, 19MB/25MB, paused 237us total 207.441ms
07-15 00:50:34.279 17906 17920 I vision.svplaye: Background concurrent copying GC freed 198472(6MB) AllocSpace objects, 0(0B) LOS objects, 23% free, 19MB/25MB, paused 175us total 206.511ms
07-15 00:50:35.855 17906 17920 I vision.svplaye: Background concurrent copying GC freed 198989(6MB) AllocSpace objects, 0(0B) LOS objects, 23% free, 19MB/25MB, paused 212us total 212.490ms
07-15 00:50:37.446 17906 17920 I vision.svplaye: Background concurrent copying GC freed 198648(6MB) AllocSpace objects, 0(0B) LOS objects, 23% free, 19MB/25MB, paused 145us total 215.540ms
07-15 00:50:39.037 17906 17920 I vision.svplaye: Background concurrent copying GC freed 202765(6MB) AllocSpace objects, 0(0B) LOS objects, 23% free, 19MB/25MB, paused 236us total 206.954ms
07-15 00:50:40.416 17906 17932 I vision.svplaye: Waiting for a blocking GC ProfileSaver
07-15 00:50:40.631 17906 17920 I vision.svplaye: Background concurrent copying GC freed 197444(6MB) AllocSpace objects, 0(0B) LOS objects, 23% free, 19MB/25MB, paused 167us total 230.842ms
07-15 00:50:40.631 17906 17932 I vision.svplaye: WaitForGcToComplete blocked ProfileSaver on HeapTrim for 214.855ms
07-15 00:50:42.241 17906 17920 I vision.svplaye: Background concurrent copying GC freed 204990(6MB) AllocSpace objects, 0(0B) LOS objects, 23% free, 19MB/25MB, paused 164us total 232.499ms
07-15 00:50:43.806 17906 17920 I vision.svplaye: Background concurrent copying GC freed 200783(6MB) AllocSpace objects, 1(20KB) LOS objects, 23% free, 19MB/25MB, paused 194us total 204.171ms
07-15 00:50:45.409 17906 17920 I vision.svplaye: Background concurrent copying GC freed 200914(6MB) AllocSpace objects, 0(0B) LOS objects, 23% free, 19MB/25MB, paused 144us total 214.533ms
07-15 00:50:47.005 17906 17920 I vision.svplaye: Background concurrent copying GC freed 203390(6MB) AllocSpace objects, 0(0B) LOS objects, 23% free, 19MB/25MB, paused 166us total 207.231ms
07-15 00:50:48.598 17906 17920 I vision.svplaye: Background concurrent copying GC freed 200786(6MB) AllocSpace objects, 0(0B) LOS objects, 23% free, 19MB/25MB, paused 146us total 205.713ms
07-15 00:50:50.166 17906 17920 I vision.svplaye: Background concurrent copying GC freed 199039(6MB) AllocSpace objects, 0(0B) LOS objects, 23% free, 19MB/25MB, paused 210us total 203.796ms
07-15 00:50:51.764 17906 17920 I vision.svplaye: Background concurrent copying GC freed 199671(6MB) AllocSpace objects, 0(0B) LOS objects, 23% free, 19MB/25MB, paused 144us total 212.201ms
07-15 00:50:53.358 17906 17920 I vision.svplaye: Background concurrent copying GC freed 202696(6MB) AllocSpace objects, 0(0B) LOS objects, 23% free, 19MB/25MB, paused 156us total 206.810ms
07-15 00:50:54.928 17906 17920 I vision.svplaye: Background concurrent copying GC freed 198387(6MB) AllocSpace objects, 0(0B) LOS objects, 23% free, 19MB/25MB, paused 192us total 210.365ms
07-15 00:50:56.502 17906 17920 I vision.svplaye: Background concurrent copying GC freed 199326(6MB) AllocSpace objects, 0(0B) LOS objects, 23% free, 19MB/25MB, paused 154us total 214.600ms
07-15 00:50:58.097 17906 17920 I vision.svplaye: Background concurrent copying GC freed 199609(6MB) AllocSpace objects, 0(0B) LOS objects, 23% free, 19MB/25MB, paused 309us total 220.997ms
07-15 00:50:59.700 17906 17920 I vision.svplaye: Background concurrent copying GC freed 200878(6MB) AllocSpace objects, 0(0B) LOS objects, 23% free, 19MB/25MB, paused 166us total 225.642ms
07-15 00:51:01.287 17906 17920 I vision.svplaye: Background concurrent copying GC freed 202836(6MB) AllocSpace objects, 0(0B) LOS objects, 23% free, 19MB/25MB, paused 173us total 211.402ms
07-15 00:51:02.883 17906 17920 I vision.svplaye: Background concurrent copying GC freed 200395(6MB) AllocSpace objects, 0(0B) LOS objects, 23% free, 19MB/25MB, paused 158us total 214.334ms
07-15 00:51:04.482 17906 17920 I vision.svplaye: Background concurrent copying GC freed 203050(6MB) AllocSpace objects, 0(0B) LOS objects, 23% free, 19MB/25MB, paused 224us total 209.793ms
07-15 00:51:06.080 17906 17920 I vision.svplaye: Background concurrent copying GC freed 201160(6MB) AllocSpace objects, 0(0B) LOS objects, 23% free, 19MB/25MB, paused 156us total 213.040ms
07-15 00:51:07.685 17906 17920 I vision.svplaye: Background concurrent copying GC freed 202050(6MB) AllocSpace objects, 0(0B) LOS objects, 23% free, 19MB/25MB, paused 151us total 218.945ms
07-15 00:51:09.290 17906 17920 I vision.svplaye: Background concurrent copying GC freed 201782(6MB) AllocSpace objects, 0(0B) LOS objects, 23% free, 19MB/25MB, paused 1.058ms total 218.748ms
07-15 00:51:10.895 17906 17920 I vision.svplaye: Background concurrent copying GC freed 201994(6MB) AllocSpace objects, 0(0B) LOS objects, 23% free, 19MB/25MB, paused 149us total 223.451ms
07-15 00:51:12.453 17906 17920 I vision.svplaye: Background concurrent copying GC freed 201615(6MB) AllocSpace objects, 1(20KB) LOS objects, 23% free, 19MB/25MB, paused 175us total 208.682ms
07-15 00:51:14.024 17906 17920 I vision.svplaye: Background concurrent copying GC freed 197031(6MB) AllocSpace objects, 0(0B) LOS objects, 23% free, 19MB/25MB, paused 219us total 213.841ms
07-15 00:51:15.604 17906 17920 I vision.svplaye: Background concurrent copying GC freed 198763(6MB) AllocSpace objects, 0(0B) LOS objects, 23% free, 19MB/25MB, paused 197us total 205.875ms
07-15 00:51:17.185 17906 17920 I vision.svplaye: Background concurrent copying GC freed 199680(6MB) AllocSpace objects, 0(0B) LOS objects, 23% free, 19MB/25MB, paused 246us total 217.966ms
07-15 00:51:18.771 17906 17920 I vision.svplaye: Background concurrent copying GC freed 200677(6MB) AllocSpace objects, 0(0B) LOS objects, 23% free, 19MB/25MB, paused 176us total 212.310ms
07-15 00:51:20.362 17906 17920 I vision.svplaye: Background concurrent copying GC freed 198714(6MB) AllocSpace objects, 0(0B) LOS objects, 23% free, 19MB/25MB, paused 265us total 211.805ms
07-15 00:51:21.973 17906 17920 I vision.svplaye: Background concurrent copying GC freed 203403(6MB) AllocSpace objects, 0(0B) LOS objects, 23% free, 19MB/25MB, paused 225us total 221.413ms
07-15 00:51:23.559 17906 17920 I vision.svplaye: Background concurrent copying GC freed 201590(6MB) AllocSpace objects, 0(0B) LOS objects, 23% free, 19MB/25MB, paused 149us total 210.007ms
07-15 00:51:25.122 17906 17920 I vision.svplaye: Background concurrent copying GC freed 198846(6MB) AllocSpace objects, 0(0B) LOS objects, 23% free, 19MB/25MB, paused 185us total 206.089ms
07-15 00:51:26.687 17906 17920 I vision.svplaye: Background concurrent copying GC freed 196308(6MB) AllocSpace objects, 0(0B) LOS objects, 23% free, 19MB/25MB, paused 196us total 206.559ms
07-15 00:51:28.254 17906 17920 I vision.svplaye: Background concurrent copying GC freed 199052(6MB) AllocSpace objects, 0(0B) LOS objects, 23% free, 19MB/25MB, paused 140us total 204.881ms
07-15 00:51:29.821 17906 17920 I vision.svplaye: Background concurrent copying GC freed 198232(6MB) AllocSpace objects, 0(0B) LOS objects, 23% free, 19MB/25MB, paused 187us total 213.100ms
07-15 00:51:31.411 17906 17920 I vision.svplaye: Background concurrent copying GC freed 198921(6MB) AllocSpace objects, 0(0B) LOS objects, 23% free, 19MB/25MB, paused 196us total 211.142ms
07-15 00:51:32.979 17906 17920 I vision.svplaye: Background concurrent copying GC freed 199121(6MB) AllocSpace objects, 0(0B) LOS objects, 23% free, 19MB/25MB, paused 248us total 215.591ms
07-15 00:51:34.569 17906 17920 I vision.svplaye: Background concurrent copying GC freed 199314(6MB) AllocSpace objects, 0(0B) LOS objects, 23% free, 19MB/25MB, paused 227us total 214.071ms
07-15 00:51:36.163 17906 17920 I vision.svplaye: Background concurrent copying GC freed 201224(6MB) AllocSpace objects, 0(0B) LOS objects, 23% free, 19MB/25MB, paused 166us total 213.863ms
