--------- beginning of main
07-15 01:47:41.986 17906 17920 I vision.svplaye: Background concurrent copying GC freed 204884(6MB) AllocSpace objects, 0(0B) LOS objects, 21% free, 22MB/28MB, paused 172us total 258.855ms
07-15 01:47:43.396 17906 17932 I vision.svplaye: Waiting for a blocking GC ProfileSaver
07-15 01:47:43.599 17906 17920 I vision.svplaye: Background concurrent copying GC freed 204339(6MB) AllocSpace objects, 1(20KB) LOS objects, 20% free, 22MB/28MB, paused 177us total 275.724ms
07-15 01:47:43.599 17906 17932 I vision.svplaye: WaitForGcToComplete blocked ProfileSaver on HeapTrim for 203.541ms
07-15 01:47:45.192 17906 17920 I vision.svplaye: Background concurrent copying GC freed 210205(6MB) AllocSpace objects, 0(0B) LOS objects, 20% free, 22MB/28MB, paused 227us total 258.889ms
07-15 01:47:46.774 17906 17920 I vision.svplaye: Background concurrent copying GC freed 207045(6MB) AllocSpace objects, 0(0B) LOS objects, 21% free, 22MB/28MB, paused 175us total 256.975ms
07-15 01:47:48.403 17906 17920 I vision.svplaye: Background concurrent copying GC freed 204441(6MB) AllocSpace objects, 0(0B) LOS objects, 20% free, 22MB/28MB, paused 153us total 273.480ms
07-15 01:47:50.001 17906 17920 I vision.svplaye: Background concurrent copying GC freed 207184(6MB) AllocSpace objects, 0(0B) LOS objects, 21% free, 22MB/28MB, paused 207us total 259.160ms
07-15 01:47:51.255 17906 17906 I SVHomeFocus: scroll start target=continue_watching from=13 to=296 max=752
07-15 01:47:51.256 17906 17906 I SVHomeFocus: requestRowFocus target=continue_watching rowAlreadyAtFirst
07-15 01:47:51.256 17906 17906 I SVHomeFocus: requestRowFocus target=continue_watching rowScrolledToFirst
07-15 01:47:51.602 17906 17920 I vision.svplaye: Background concurrent copying GC freed 203033(6MB) AllocSpace objects, 0(0B) LOS objects, 21% free, 22MB/28MB, paused 177us total 253.958ms
07-15 01:47:51.644 17906 17906 I SVHomeFocus: scroll end target=continue_watching value=296
07-15 01:47:51.686 17906 17906 I SVHomeFocus: focus requested target=continue_watching
07-15 01:47:51.730 17906 17906 I SVHomeFocus: focused row=Continue watching index=0 id=live:1389624
07-15 01:47:52.372 17906 17906 I ExoPlayerImpl: Init 88f4e1f [AndroidXMedia3/1.6.1] [sheldonp, AFTSSS, Amazon, 28]
07-15 01:47:52.908 17906 26864 I OMXClient: IOmx service obtained
07-15 01:47:52.993 17906 26863 I MediaCodec: [OMX.MTK.VIDEO.DECODER.AVC] setting surface generation to 18335777
07-15 01:47:52.993 17906 26863 I MediaCodecLogger: [ASAP] HW.video.avc P2 + 18917887
07-15 01:47:52.996 17906 26863 I MediaCodecLogger: HW.video.avc Adaptive Streaming max w:1280 h:720, screen size:FHD
07-15 01:47:52.997 17906 26864 I ACodec  : Call prepareForAdaptivePlayback. maxWidth 1280, maxHeight 720.
07-15 01:47:52.997 17906 26864 I ACodec  : [OMX.MTK.VIDEO.DECODER.AVC] prepareForAdaptivePlayback failed w/ err -1010
07-15 01:47:52.999 17906 26864 I ACodec  : codec does not support config priority (err -1010)
07-15 01:47:53.007 17906 26863 I MediaCodecLogger: [ASAP] HW.video.avc P2 - 18917901
07-15 01:47:53.011 17906 26851 I MediaCodecLogger: [ASAP] HW.video.avc P3 + 18917905
07-15 01:47:53.042 17906 17906 I ExoPlayerImpl: Release 88f4e1f [AndroidXMedia3/1.6.1] [sheldonp, AFTSSS, Amazon, 28] [media3.common, media3.exoplayer, media3.decoder, media3.ui, media3.datasource, media3.extractor]
07-15 01:47:53.052 17906 26864 W ACodec  : [OMX.MTK.VIDEO.DECODER.AVC] setting nBufferCountActual to 8 failed: -22
07-15 01:47:53.052 17906 26864 W ACodec  : [OMX.MTK.VIDEO.DECODER.AVC] setting nBufferCountActual to 7 failed: -22
07-15 01:47:53.054 17906 26863 I MediaCodecLogger: [ASAP] HW.video.avc P3 - 18917948
07-15 01:47:53.055 17906 26864 W MapperHal: buffer descriptor with invalid usage bits 0x2000
07-15 01:47:53.057 17906 26863 I MediaCodecLogger: [ASAP] HW.video.avc Got First Input Frame 18917951 pts:1000000000000
07-15 01:47:53.060 17906 26864 W MapperHal: buffer descriptor with invalid usage bits 0x2000
07-15 01:47:53.064 17906 26864 W MapperHal: buffer descriptor with invalid usage bits 0x2000
07-15 01:47:53.065 17906 26873 I OMXClient: IOmx service obtained
07-15 01:47:53.079 17906 26873 I MediaCodecLogger: [ASAP] SW.audio.mp4a P2 + 18917973
07-15 01:47:53.080 17906 26873 I ACodec  : codec does not support config priority (err -2147483648)
07-15 01:47:53.080 17906 26873 I ACodec  : codec does not support config operating rate (err -2147483648)
07-15 01:47:53.081 17906 26873 I MediaCodecLogger: [ASAP] SW.audio.mp4a P2 - 18917975
07-15 01:47:53.082 17906 26851 I MediaCodecLogger: [ASAP] SW.audio.mp4a P3 + 18917976
07-15 01:47:53.114 17906 26873 I MediaCodecLogger: [ASAP] SW.audio.mp4a P3 - 18918008
07-15 01:47:53.117 17906 26873 I MediaCodecLogger: [ASAP] SW.audio.mp4a Got First Input Frame 18918011 pts:1000000009333
07-15 01:47:53.118 17906 26864 W AHierarchicalStateMachine: Warning message AMessage(what = 'omxI') = {
07-15 01:47:53.118 17906 26864 W AHierarchicalStateMachine:   int32_t type = 0
07-15 01:47:53.118 17906 26864 W AHierarchicalStateMachine:   int32_t event = 3
07-15 01:47:53.118 17906 26864 W AHierarchicalStateMachine:   int32_t data1 = 1
07-15 01:47:53.118 17906 26864 W AHierarchicalStateMachine:   int32_t data2 = 117440527
07-15 01:47:53.118 17906 26864 W AHierarchicalStateMachine: } unhandled in root state.
07-15 01:47:53.123 17906 26864 W ACodec  : [OMX.MTK.VIDEO.DECODER.AVC] setting nBufferCountActual to 15 failed: -22
07-15 01:47:53.123 17906 26864 W ACodec  : [OMX.MTK.VIDEO.DECODER.AVC] setting nBufferCountActual to 14 failed: -22
07-15 01:47:53.127 17906 26864 W MapperHal: buffer descriptor with invalid usage bits 0x2000
07-15 01:47:53.131 17906 26864 I chatty  : uid=10247(com.smartvision.svplayer) identical 1 line
07-15 01:47:53.135 17906 26864 W MapperHal: buffer descriptor with invalid usage bits 0x2000
07-15 01:47:53.139 17906 26873 I MediaCodecLogger: updatePTSTime [SW.audio.mp4a] First PTS after Flush or reset = 1000000009333
07-15 01:47:53.139 17906 26864 W MapperHal: buffer descriptor with invalid usage bits 0x2000
07-15 01:47:53.141 17906 26873 I MediaCodecLogger: [ASAP] SW.audio.mp4a Got First Frame Ready 18918033(22)
07-15 01:47:53.144 17906 26864 W MapperHal: buffer descriptor with invalid usage bits 0x2000
07-15 01:47:53.150 17906 26864 I chatty  : uid=10247(com.smartvision.svplayer) identical 2 lines
07-15 01:47:53.167 17906 26864 W MapperHal: buffer descriptor with invalid usage bits 0x2000
07-15 01:47:53.185 17906 26851 I android.media.AudioTrack: AUDIOINFO: audio_input: format: 2 sample_rate: 48000 channels: 2 AudioAttributes: AudioAttributes: usage=USAGE_MEDIA content=CONTENT_TYPE_MUSIC flags=0x200 tags= bundle=null
07-15 01:47:53.190 17906 26863 I MediaCodecLogger: updateFormatChanged width = 1280 height = 720
07-15 01:47:53.191 17906 26863 I MediaCodecLogger: updatePTSTime [HW.video.avc] First PTS after Flush or reset = 1000000000000
07-15 01:47:53.192 17906 26863 I MediaCodecLogger: [ASAP] HW.video.avc Got First Frame Ready 18918085(134)
07-15 01:47:53.208 17906 17920 I vision.svplaye: Background concurrent copying GC freed 191300(6MB) AllocSpace objects, 2(56KB) LOS objects, 20% free, 23MB/29MB, paused 414us total 419.157ms
07-15 01:47:53.235 17906 26851 I MediaCodecLogger: Flushing: 17906.HW.video.avc.framerate = 44.444 fps
07-15 01:47:53.238 17906 26864 W MapperHal: buffer descriptor with invalid usage bits 0x2000
07-15 01:47:53.242 17906 26864 W MapperHal: buffer descriptor with invalid usage bits 0x2000
07-15 01:47:53.263 17906 17906 W ExoPlayer:Audio: type=1400 audit(0.0:58577): avc: denied { read } for name="u:object_r:media_prop:s0" dev="tmpfs" ino=10500 scontext=u:r:untrusted_app:s0:c247,c256,c512,c768 tcontext=u:object_r:media_prop:s0 tclass=file permissive=0
07-15 01:47:53.269 17906 26880 E libc    : Access denied finding property "media.metrics.enabled"
07-15 01:47:53.306 17906 26851 I MediaCodecLogger: 17906.HW.video.avc.ASAP-P2Ms = 14
07-15 01:47:53.306 17906 26851 I MediaCodecLogger: 17906.HW.video.avc.ASAP-P3Ms = 43
07-15 01:47:53.306 17906 26851 I MediaCodecLogger: 17906.HW.video.avc.FirstFrameReadyMs = 134
07-15 01:47:53.303 17906 17906 W ExoPlayer:Playb: type=1400 audit(0.0:58578): avc: denied { read } for name="u:object_r:media_prop:s0" dev="tmpfs" ino=10500 scontext=u:r:untrusted_app:s0:c247,c256,c512,c768 tcontext=u:object_r:media_prop:s0 tclass=file permissive=0
07-15 01:47:53.308 17906 26851 E libc    : Access denied finding property "media.metrics.enabled"
07-15 01:47:53.321 17906 26851 E libc    : Access denied finding property "media.metrics.enabled"
07-15 01:47:53.313 17906 17906 W ExoPlayer:Playb: type=1400 audit(0.0:58579): avc: denied { read } for name="u:object_r:media_prop:s0" dev="tmpfs" ino=10500 scontext=u:r:untrusted_app:s0:c247,c256,c512,c768 tcontext=u:object_r:media_prop:s0 tclass=file permissive=0
07-15 01:47:53.339 17906 17906 I SVHomeFocus: focused row=Continue watching index=1 id=episode:1397289
07-15 01:47:54.711 17906 17906 I SVHomeFocus: focused row=Continue watching index=0 id=live:1389624
07-15 01:47:54.838 17906 17920 I vision.svplaye: Background concurrent copying GC freed 194607(6MB) AllocSpace objects, 8(544KB) LOS objects, 20% free, 22MB/28MB, paused 215us total 277.399ms
07-15 01:47:55.362 17906 17906 I ExoPlayerImpl: Init 38afde8 [AndroidXMedia3/1.6.1] [sheldonp, AFTSSS, Amazon, 28]
07-15 01:47:55.580 17906 26898 I OMXClient: IOmx service obtained
07-15 01:47:55.590 17906 26897 I MediaCodec: [OMX.MTK.VIDEO.DECODER.AVC] setting surface generation to 18335778
07-15 01:47:55.590 17906 26897 I MediaCodecLogger: [ASAP] HW.video.avc P2 + 18920484
07-15 01:47:55.591 17906 26897 I MediaCodecLogger: HW.video.avc Adaptive Streaming max w:1280 h:720, screen size:FHD
07-15 01:47:55.594 17906 26898 I ACodec  : Call prepareForAdaptivePlayback. maxWidth 1280, maxHeight 720.
07-15 01:47:55.594 17906 26898 I ACodec  : [OMX.MTK.VIDEO.DECODER.AVC] prepareForAdaptivePlayback failed w/ err -1010
07-15 01:47:55.597 17906 26898 I ACodec  : codec does not support config priority (err -1010)
07-15 01:47:55.599 17906 26897 I MediaCodecLogger: [ASAP] HW.video.avc P2 - 18920493
07-15 01:47:55.602 17906 26893 I MediaCodecLogger: [ASAP] HW.video.avc P3 + 18920496
07-15 01:47:55.637 17906 26898 W ACodec  : [OMX.MTK.VIDEO.DECODER.AVC] setting nBufferCountActual to 8 failed: -22
07-15 01:47:55.637 17906 26898 W ACodec  : [OMX.MTK.VIDEO.DECODER.AVC] setting nBufferCountActual to 7 failed: -22
07-15 01:47:55.645 17906 26897 I MediaCodecLogger: [ASAP] HW.video.avc P3 - 18920539
07-15 01:47:55.645 17906 26898 W MapperHal: buffer descriptor with invalid usage bits 0x2000
07-15 01:47:55.648 17906 26897 I MediaCodecLogger: [ASAP] HW.video.avc Got First Input Frame 18920542 pts:1000000000000
07-15 01:47:55.648 17906 26898 W MapperHal: buffer descriptor with invalid usage bits 0x2000
07-15 01:47:55.652 17906 26898 W MapperHal: buffer descriptor with invalid usage bits 0x2000
07-15 01:47:55.662 17906 26906 I OMXClient: IOmx service obtained
07-15 01:47:55.665 17906 26906 I MediaCodecLogger: [ASAP] SW.audio.mp4a P2 + 18920559
07-15 01:47:55.667 17906 26906 I ACodec  : codec does not support config priority (err -2147483648)
07-15 01:47:55.667 17906 26906 I ACodec  : codec does not support config operating rate (err -2147483648)
07-15 01:47:55.668 17906 26906 I MediaCodecLogger: [ASAP] SW.audio.mp4a P2 - 18920562
07-15 01:47:55.669 17906 26893 I MediaCodecLogger: [ASAP] SW.audio.mp4a P3 + 18920563
07-15 01:47:55.676 17906 26906 I MediaCodecLogger: [ASAP] SW.audio.mp4a P3 - 18920570
07-15 01:47:55.678 17906 26906 I MediaCodecLogger: [ASAP] SW.audio.mp4a Got First Input Frame 18920572 pts:1000000009333
07-15 01:47:55.691 17906 26906 I MediaCodecLogger: updatePTSTime [SW.audio.mp4a] First PTS after Flush or reset = 1000000009333
07-15 01:47:55.692 17906 26906 I MediaCodecLogger: [ASAP] SW.audio.mp4a Got First Frame Ready 18920585(13)
07-15 01:47:55.700 17906 26893 I android.media.AudioTrack: AUDIOINFO: audio_input: format: 2 sample_rate: 48000 channels: 2 AudioAttributes: AudioAttributes: usage=USAGE_MEDIA content=CONTENT_TYPE_MUSIC flags=0x200 tags= bundle=null
07-15 01:47:55.743 17906 26898 W AHierarchicalStateMachine: Warning message AMessage(what = 'omxI') = {
07-15 01:47:55.743 17906 26898 W AHierarchicalStateMachine:   int32_t type = 0
07-15 01:47:55.743 17906 26898 W AHierarchicalStateMachine:   int32_t event = 3
07-15 01:47:55.743 17906 26898 W AHierarchicalStateMachine:   int32_t data1 = 1
07-15 01:47:55.743 17906 26898 W AHierarchicalStateMachine:   int32_t data2 = 117440527
07-15 01:47:55.743 17906 26898 W AHierarchicalStateMachine: } unhandled in root state.
07-15 01:47:55.749 17906 26898 W ACodec  : [OMX.MTK.VIDEO.DECODER.AVC] setting nBufferCountActual to 15 failed: -22
07-15 01:47:55.749 17906 26898 W ACodec  : [OMX.MTK.VIDEO.DECODER.AVC] setting nBufferCountActual to 14 failed: -22
07-15 01:47:55.758 17906 26898 W MapperHal: buffer descriptor with invalid usage bits 0x2000
07-15 01:47:55.784 17906 26898 I chatty  : uid=10247(com.smartvision.svplayer) identical 8 lines
07-15 01:47:55.788 17906 26898 W MapperHal: buffer descriptor with invalid usage bits 0x2000
07-15 01:47:55.819 17906 26897 I MediaCodecLogger: updateFormatChanged width = 1280 height = 720
07-15 01:47:55.819 17906 26897 I MediaCodecLogger: updatePTSTime [HW.video.avc] First PTS after Flush or reset = 1000000000000
07-15 01:47:55.820 17906 26897 I MediaCodecLogger: [ASAP] HW.video.avc Got First Frame Ready 18920713(171)
07-15 01:47:56.175 17906 17920 I vision.svplaye: Background concurrent copying GC freed 171782(5MB) AllocSpace objects, 2(56KB) LOS objects, 20% free, 23MB/29MB, paused 214us total 273.645ms
07-15 01:47:56.486 17906 17906 I SVHomeFocus: scroll start target=trending_movies from=431 to=632 max=752
07-15 01:47:56.486 17906 17906 I SVHomeFocus: requestRowFocus target=trending_movies rowAlreadyAtFirst
07-15 01:47:56.486 17906 17906 I SVHomeFocus: requestRowFocus target=trending_movies rowScrolledToFirst
07-15 01:47:56.881 17906 17906 I SVHomeFocus: scroll end target=trending_movies value=632
07-15 01:47:56.943 17906 17906 I SVHomeFocus: focus requested target=trending_movies
07-15 01:47:57.006 17906 26893 I MediaCodecLogger: Flushing: 17906.HW.video.avc.framerate = 50.000 fps
07-15 01:47:57.007 17906 17906 I ExoPlayerImpl: Release 38afde8 [AndroidXMedia3/1.6.1] [sheldonp, AFTSSS, Amazon, 28] [media3.common, media3.exoplayer, media3.decoder, media3.ui, media3.datasource, media3.extractor]
07-15 01:47:57.038 17906 26921 E libc    : Access denied finding property "media.metrics.enabled"
07-15 01:47:57.033 17906 17906 W ExoPlayer:Audio: type=1400 audit(0.0:58581): avc: denied { read } for name="u:object_r:media_prop:s0" dev="tmpfs" ino=10500 scontext=u:r:untrusted_app:s0:c247,c256,c512,c768 tcontext=u:object_r:media_prop:s0 tclass=file permissive=0
07-15 01:47:57.065 17906 26893 I MediaCodecLogger: 17906.HW.video.avc.ASAP-P2Ms = 9
07-15 01:47:57.065 17906 26893 I MediaCodecLogger: 17906.HW.video.avc.ASAP-P3Ms = 43
07-15 01:47:57.066 17906 26893 I MediaCodecLogger: 17906.HW.video.avc.FirstFrameReadyMs = 171
07-15 01:47:57.063 17906 17906 W ExoPlayer:Playb: type=1400 audit(0.0:58582): avc: denied { read } for name="u:object_r:media_prop:s0" dev="tmpfs" ino=10500 scontext=u:r:untrusted_app:s0:c247,c256,c512,c768 tcontext=u:object_r:media_prop:s0 tclass=file permissive=0
07-15 01:47:57.067 17906 26893 E libc    : Access denied finding property "media.metrics.enabled"
07-15 01:47:57.063 17906 17906 W ExoPlayer:Playb: type=1400 audit(0.0:58583): avc: denied { read } for name="u:object_r:media_prop:s0" dev="tmpfs" ino=10500 scontext=u:r:untrusted_app:s0:c247,c256,c512,c768 tcontext=u:object_r:media_prop:s0 tclass=file permissive=0
07-15 01:47:57.074 17906 26893 E libc    : Access denied finding property "media.metrics.enabled"
07-15 01:47:57.943 17906 17920 I vision.svplaye: Background concurrent copying GC freed 195641(6MB) AllocSpace objects, 14(952KB) LOS objects, 20% free, 22MB/28MB, paused 561us total 280.062ms
07-15 01:47:59.288 17906 17920 I vision.svplaye: Background concurrent copying GC freed 204436(6MB) AllocSpace objects, 0(0B) LOS objects, 20% free, 22MB/28MB, paused 213us total 279.837ms
07-15 01:48:00.623 17906 17920 I vision.svplaye: Background concurrent copying GC freed 207855(6MB) AllocSpace objects, 0(0B) LOS objects, 20% free, 22MB/28MB, paused 189us total 269.874ms
07-15 01:48:01.537 17906 17906 I SVHomeFocus: scroll start target=trending_series from=752 to=752 max=752
07-15 01:48:01.537 17906 17906 I SVHomeFocus: requestRowFocus target=trending_series rowAlreadyAtFirst
07-15 01:48:01.538 17906 17906 I SVHomeFocus: requestRowFocus target=trending_series rowScrolledToFirst
07-15 01:48:01.562 17906 17906 I SVHomeFocus: scroll end target=trending_series value=752
07-15 01:48:01.596 17906 17906 I SVHomeFocus: focus requested target=trending_series
07-15 01:48:01.955 17906 17920 I vision.svplaye: Background concurrent copying GC freed 208951(6MB) AllocSpace objects, 0(0B) LOS objects, 20% free, 22MB/28MB, paused 180us total 266.624ms
07-15 01:48:03.317 17906 17920 I vision.svplaye: Background concurrent copying GC freed 209564(6MB) AllocSpace objects, 0(0B) LOS objects, 20% free, 22MB/28MB, paused 254us total 284.316ms
07-15 01:48:04.669 17906 17920 I vision.svplaye: Background concurrent copying GC freed 206567(6MB) AllocSpace objects, 0(0B) LOS objects, 20% free, 22MB/28MB, paused 245us total 285.491ms
07-15 01:48:06.018 17906 17920 I vision.svplaye: Background concurrent copying GC freed 207272(6MB) AllocSpace objects, 0(0B) LOS objects, 20% free, 22MB/28MB, paused 186us total 286.004ms
07-15 01:48:06.573 17906 17906 I SVHomeFocus: scroll start target=trending_movies from=752 to=632 max=752
07-15 01:48:06.574 17906 17906 I SVHomeFocus: requestRowFocus target=trending_movies rowAlreadyAtFirst
07-15 01:48:06.574 17906 17906 I SVHomeFocus: requestRowFocus target=trending_movies rowScrolledToFirst
07-15 01:48:06.915 17906 17906 I SVHomeFocus: scroll end target=trending_movies value=632
07-15 01:48:06.948 17906 17906 I SVHomeFocus: focus requested target=trending_movies
07-15 01:48:07.374 17906 17920 I vision.svplaye: Background concurrent copying GC freed 208278(6MB) AllocSpace objects, 0(0B) LOS objects, 20% free, 22MB/28MB, paused 222us total 287.887ms
07-15 01:48:08.233 17906 17906 I SVHomeFocus: scroll start target=continue_watching from=752 to=296 max=752
07-15 01:48:08.233 17906 17906 I SVHomeFocus: requestRowFocus target=continue_watching rowAlreadyAtFirst
07-15 01:48:08.234 17906 17906 I SVHomeFocus: requestRowFocus target=continue_watching rowScrolledToFirst
07-15 01:48:08.621 17906 17906 I SVHomeFocus: scroll end target=continue_watching value=296
07-15 01:48:08.662 17906 17906 I SVHomeFocus: focus requested target=continue_watching
07-15 01:48:08.702 17906 17920 I vision.svplaye: Background concurrent copying GC freed 210565(6MB) AllocSpace objects, 0(0B) LOS objects, 21% free, 22MB/28MB, paused 161us total 266.903ms
07-15 01:48:08.715 17906 17906 I SVHomeFocus: focused row=Continue watching index=0 id=live:1389624
07-15 01:48:09.339 17906 17906 I ExoPlayerImpl: Init 9347d41 [AndroidXMedia3/1.6.1] [sheldonp, AFTSSS, Amazon, 28]
07-15 01:48:09.764 17906 27005 I OMXClient: IOmx service obtained
07-15 01:48:09.786 17906 27004 I MediaCodec: [OMX.MTK.VIDEO.DECODER.AVC] setting surface generation to 18335779
07-15 01:48:09.786 17906 27004 I MediaCodecLogger: [ASAP] HW.video.avc P2 + 18934680
07-15 01:48:09.787 17906 27004 I MediaCodecLogger: HW.video.avc Adaptive Streaming max w:1280 h:720, screen size:FHD
07-15 01:48:09.788 17906 27005 I ACodec  : Call prepareForAdaptivePlayback. maxWidth 1280, maxHeight 720.
07-15 01:48:09.788 17906 27005 I ACodec  : [OMX.MTK.VIDEO.DECODER.AVC] prepareForAdaptivePlayback failed w/ err -1010
07-15 01:48:09.790 17906 27005 I ACodec  : codec does not support config priority (err -1010)
07-15 01:48:09.792 17906 27004 I MediaCodecLogger: [ASAP] HW.video.avc P2 - 18934686
07-15 01:48:09.794 17906 26995 I MediaCodecLogger: [ASAP] HW.video.avc P3 + 18934688
07-15 01:48:09.819 17906 27005 W ACodec  : [OMX.MTK.VIDEO.DECODER.AVC] setting nBufferCountActual to 8 failed: -22
07-15 01:48:09.820 17906 27005 W ACodec  : [OMX.MTK.VIDEO.DECODER.AVC] setting nBufferCountActual to 7 failed: -22
07-15 01:48:09.822 17906 27004 I MediaCodecLogger: [ASAP] HW.video.avc P3 - 18934716
07-15 01:48:09.830 17906 27005 W MapperHal: buffer descriptor with invalid usage bits 0x2000
07-15 01:48:09.833 17906 27005 W MapperHal: buffer descriptor with invalid usage bits 0x2000
07-15 01:48:09.835 17906 27013 I OMXClient: IOmx service obtained
07-15 01:48:09.838 17906 27013 I MediaCodecLogger: [ASAP] SW.audio.mp4a P2 + 18934732
07-15 01:48:09.839 17906 27013 I ACodec  : codec does not support config priority (err -2147483648)
07-15 01:48:09.839 17906 27013 I ACodec  : codec does not support config operating rate (err -2147483648)
07-15 01:48:09.840 17906 27013 I MediaCodecLogger: [ASAP] SW.audio.mp4a P2 - 18934733
07-15 01:48:09.841 17906 26995 I MediaCodecLogger: [ASAP] SW.audio.mp4a P3 + 18934735
07-15 01:48:09.850 17906 27013 I MediaCodecLogger: [ASAP] SW.audio.mp4a P3 - 18934744
07-15 01:48:09.855 17906 27004 I MediaCodecLogger: [ASAP] HW.video.avc Got First Input Frame 18934749 pts:1000000000000
07-15 01:48:09.855 17906 27005 W MapperHal: buffer descriptor with invalid usage bits 0x2000
07-15 01:48:09.865 17906 27013 I MediaCodecLogger: [ASAP] SW.audio.mp4a Got First Input Frame 18934759 pts:1000000014666
07-15 01:48:09.881 17906 27013 I MediaCodecLogger: updatePTSTime [SW.audio.mp4a] First PTS after Flush or reset = 1000000014666
07-15 01:48:09.881 17906 27013 I MediaCodecLogger: [ASAP] SW.audio.mp4a Got First Frame Ready 18934775(16)
07-15 01:48:09.885 17906 27005 W AHierarchicalStateMachine: Warning message AMessage(what = 'omxI') = {
07-15 01:48:09.885 17906 27005 W AHierarchicalStateMachine:   int32_t type = 0
07-15 01:48:09.885 17906 27005 W AHierarchicalStateMachine:   int32_t event = 3
07-15 01:48:09.885 17906 27005 W AHierarchicalStateMachine:   int32_t data1 = 1
07-15 01:48:09.885 17906 27005 W AHierarchicalStateMachine:   int32_t data2 = 117440527
07-15 01:48:09.885 17906 27005 W AHierarchicalStateMachine: } unhandled in root state.
07-15 01:48:09.890 17906 27005 W ACodec  : [OMX.MTK.VIDEO.DECODER.AVC] setting nBufferCountActual to 15 failed: -22
07-15 01:48:09.890 17906 27005 W ACodec  : [OMX.MTK.VIDEO.DECODER.AVC] setting nBufferCountActual to 14 failed: -22
07-15 01:48:09.893 17906 27005 W MapperHal: buffer descriptor with invalid usage bits 0x2000
07-15 01:48:09.897 17906 26995 I android.media.AudioTrack: AUDIOINFO: audio_input: format: 2 sample_rate: 48000 channels: 2 AudioAttributes: AudioAttributes: usage=USAGE_MEDIA content=CONTENT_TYPE_MUSIC flags=0x200 tags= bundle=null
07-15 01:48:09.897 17906 27005 W MapperHal: buffer descriptor with invalid usage bits 0x2000
07-15 01:48:09.899 17906 27005 W MapperHal: buffer descriptor with invalid usage bits 0x2000
07-15 01:48:09.905 17906 27005 W MapperHal: buffer descriptor with invalid usage bits 0x2000
07-15 01:48:09.913 17906 27005 I chatty  : uid=10247(com.smartvision.svplayer) identical 3 lines
07-15 01:48:09.915 17906 27005 W MapperHal: buffer descriptor with invalid usage bits 0x2000
07-15 01:48:09.935 17906 17906 I SVHomeFocus: scroll start target=categories from=427 to=0 max=752
07-15 01:48:09.940 17906 27005 W MapperHal: buffer descriptor with invalid usage bits 0x2000
07-15 01:48:09.942 17906 27005 W MapperHal: buffer descriptor with invalid usage bits 0x2000
07-15 01:48:09.956 17906 27004 I MediaCodecLogger: updateFormatChanged width = 1280 height = 720
07-15 01:48:09.957 17906 27004 I MediaCodecLogger: updatePTSTime [HW.video.avc] First PTS after Flush or reset = 1000000000000
07-15 01:48:09.957 17906 27004 I MediaCodecLogger: [ASAP] HW.video.avc Got First Frame Ready 18934851(102)
07-15 01:48:10.239 17906 17920 I vision.svplaye: Background concurrent copying GC freed 183742(5MB) AllocSpace objects, 2(56KB) LOS objects, 19% free, 24MB/30MB, paused 4.737ms total 434.495ms
07-15 01:48:10.337 17906 17906 I SVHomeFocus: scroll end target=categories value=0
07-15 01:48:10.383 17906 17906 I SVHomeFocus: focus requested target=categories
07-15 01:48:10.433 17906 17906 I ExoPlayerImpl: Release 9347d41 [AndroidXMedia3/1.6.1] [sheldonp, AFTSSS, Amazon, 28] [media3.common, media3.exoplayer, media3.decoder, media3.ui, media3.datasource, media3.extractor]
07-15 01:48:10.435 17906 26995 I MediaCodecLogger: Flushing: 17906.HW.video.avc.framerate = 49.123 fps
07-15 01:48:10.463 17906 17906 W ExoPlayer:Audio: type=1400 audit(0.0:58585): avc: denied { read } for name="u:object_r:media_prop:s0" dev="tmpfs" ino=10500 scontext=u:r:untrusted_app:s0:c247,c256,c512,c768 tcontext=u:object_r:media_prop:s0 tclass=file permissive=0
07-15 01:48:10.472 17906 27021 E libc    : Access denied finding property "media.metrics.enabled"
07-15 01:48:10.498 17906 26995 I MediaCodecLogger: 17906.HW.video.avc.ASAP-P2Ms = 6
07-15 01:48:10.498 17906 26995 I MediaCodecLogger: 17906.HW.video.avc.ASAP-P3Ms = 28
07-15 01:48:10.498 17906 26995 I MediaCodecLogger: 17906.HW.video.avc.FirstFrameReadyMs = 102
07-15 01:48:10.493 17906 17906 W ExoPlayer:Playb: type=1400 audit(0.0:58586): avc: denied { read } for name="u:object_r:media_prop:s0" dev="tmpfs" ino=10500 scontext=u:r:untrusted_app:s0:c247,c256,c512,c768 tcontext=u:object_r:media_prop:s0 tclass=file permissive=0
07-15 01:48:10.499 17906 26995 E libc    : Access denied finding property "media.metrics.enabled"
07-15 01:48:10.507 17906 26995 E libc    : Access denied finding property "media.metrics.enabled"
07-15 01:48:10.503 17906 17906 W ExoPlayer:Playb: type=1400 audit(0.0:58587): avc: denied { read } for name="u:object_r:media_prop:s0" dev="tmpfs" ino=10500 scontext=u:r:untrusted_app:s0:c247,c256,c512,c768 tcontext=u:object_r:media_prop:s0 tclass=file permissive=0
07-15 01:48:11.922 17906 17920 I vision.svplaye: Background concurrent copying GC freed 213213(6MB) AllocSpace objects, 11(748KB) LOS objects, 20% free, 23MB/29MB, paused 194us total 267.424ms
07-15 01:48:13.534 17906 17920 I vision.svplaye: Background concurrent copying GC freed 208907(6MB) AllocSpace objects, 9(300KB) LOS objects, 20% free, 22MB/28MB, paused 175us total 274.655ms
07-15 01:48:15.108 17906 17920 I vision.svplaye: Background concurrent copying GC freed 205511(6MB) AllocSpace objects, 2(40KB) LOS objects, 20% free, 22MB/28MB, paused 150us total 268.833ms
07-15 01:48:16.711 17906 17920 I vision.svplaye: Background concurrent copying GC freed 207355(6MB) AllocSpace objects, 0(0B) LOS objects, 20% free, 22MB/28MB, paused 210us total 263.268ms
07-15 01:48:18.300 17906 17920 I vision.svplaye: Background concurrent copying GC freed 206937(6MB) AllocSpace objects, 0(0B) LOS objects, 21% free, 22MB/28MB, paused 328us total 249.886ms
07-15 01:48:19.901 17906 17920 I vision.svplaye: Background concurrent copying GC freed 202748(6MB) AllocSpace objects, 0(0B) LOS objects, 20% free, 22MB/28MB, paused 188us total 269.013ms
07-15 01:48:21.502 17906 17920 I vision.svplaye: Background concurrent copying GC freed 207349(6MB) AllocSpace objects, 0(0B) LOS objects, 20% free, 22MB/28MB, paused 188us total 260.713ms
07-15 01:48:23.093 17906 17920 I vision.svplaye: Background concurrent copying GC freed 206560(6MB) AllocSpace objects, 0(0B) LOS objects, 21% free, 22MB/28MB, paused 183us total 249.930ms
07-15 01:48:24.672 17906 17920 I vision.svplaye: Background concurrent copying GC freed 206065(6MB) AllocSpace objects, 0(0B) LOS objects, 21% free, 22MB/28MB, paused 170us total 250.517ms
07-15 01:48:26.265 17906 17920 I vision.svplaye: Background concurrent copying GC freed 203598(6MB) AllocSpace objects, 0(0B) LOS objects, 21% free, 22MB/28MB, paused 198us total 249.201ms
07-15 01:48:27.853 17906 17920 I vision.svplaye: Background concurrent copying GC freed 205006(6MB) AllocSpace objects, 0(0B) LOS objects, 21% free, 22MB/28MB, paused 135us total 255.848ms
07-15 01:48:29.446 17906 17920 I vision.svplaye: Background concurrent copying GC freed 204019(6MB) AllocSpace objects, 0(0B) LOS objects, 20% free, 22MB/28MB, paused 222us total 260.723ms
07-15 01:48:31.049 17906 17920 I vision.svplaye: Background concurrent copying GC freed 206281(6MB) AllocSpace objects, 0(0B) LOS objects, 20% free, 22MB/28MB, paused 200us total 260.070ms
07-15 01:48:32.652 17906 17920 I vision.svplaye: Background concurrent copying GC freed 207569(6MB) AllocSpace objects, 0(0B) LOS objects, 20% free, 22MB/28MB, paused 219us total 257.911ms
07-15 01:48:34.227 17906 17920 I vision.svplaye: Background concurrent copying GC freed 204819(6MB) AllocSpace objects, 0(0B) LOS objects, 21% free, 22MB/28MB, paused 166us total 253.928ms
07-15 01:48:35.823 17906 17920 I vision.svplaye: Background concurrent copying GC freed 203875(6MB) AllocSpace objects, 0(0B) LOS objects, 20% free, 22MB/28MB, paused 170us total 260.834ms
07-15 01:48:37.425 17906 17920 I vision.svplaye: Background concurrent copying GC freed 206195(6MB) AllocSpace objects, 0(0B) LOS objects, 20% free, 22MB/28MB, paused 151us total 261.946ms
07-15 01:48:39.024 17906 17920 I vision.svplaye: Background concurrent copying GC freed 206823(6MB) AllocSpace objects, 0(0B) LOS objects, 20% free, 22MB/28MB, paused 144us total 257.173ms
07-15 01:48:40.662 17906 17920 I vision.svplaye: Background concurrent copying GC freed 206910(6MB) AllocSpace objects, 0(0B) LOS objects, 20% free, 22MB/28MB, paused 228us total 289.260ms
07-15 01:48:42.247 17906 17920 I vision.svplaye: Background concurrent copying GC freed 211052(6MB) AllocSpace objects, 0(0B) LOS objects, 21% free, 22MB/28MB, paused 166us total 252.528ms
07-15 01:48:43.840 17906 17920 I vision.svplaye: Background concurrent copying GC freed 203372(6MB) AllocSpace objects, 0(0B) LOS objects, 21% free, 22MB/28MB, paused 211us total 259.501ms
07-15 01:48:45.413 17906 17920 I vision.svplaye: Background concurrent copying GC freed 205545(6MB) AllocSpace objects, 0(0B) LOS objects, 21% free, 22MB/28MB, paused 299us total 251.782ms
07-15 01:48:47.008 17906 17920 I vision.svplaye: Background concurrent copying GC freed 203378(6MB) AllocSpace objects, 0(0B) LOS objects, 20% free, 22MB/28MB, paused 249us total 254.785ms
07-15 01:48:48.585 17906 17920 I vision.svplaye: Background concurrent copying GC freed 205358(6MB) AllocSpace objects, 0(0B) LOS objects, 21% free, 22MB/28MB, paused 177us total 251.214ms
07-15 01:48:50.179 17906 17920 I vision.svplaye: Background concurrent copying GC freed 203805(6MB) AllocSpace objects, 0(0B) LOS objects, 20% free, 22MB/28MB, paused 197us total 255.529ms
07-15 01:48:51.782 17906 17920 I vision.svplaye: Background concurrent copying GC freed 206186(6MB) AllocSpace objects, 0(0B) LOS objects, 20% free, 22MB/28MB, paused 167us total 256.259ms
07-15 01:48:53.368 17906 17920 I vision.svplaye: Background concurrent copying GC freed 205979(6MB) AllocSpace objects, 0(0B) LOS objects, 20% free, 22MB/28MB, paused 247us total 260.541ms
07-15 01:48:54.957 17906 17920 I vision.svplaye: Background concurrent copying GC freed 206209(6MB) AllocSpace objects, 0(0B) LOS objects, 21% free, 22MB/28MB, paused 490us total 251.168ms
